[[1;34mINFO[m] Scanning for projects...
[[1;33mWARNING[m] 
[[1;33mWARNING[m] Some problems were encountered while building the effective model for io.perfana:gatling-afterburner:jar:1.0-SNAPSHOT
[[1;33mWARNING[m] 'build.plugins.plugin.version' for io.perfana:perfana-gatling-maven-plugin is missing. @ line 119, column 21
[[1;33mWARNING[m] 
[[1;33mWARNING[m] It is highly recommended to fix these problems because they threaten the stability of your build.
[[1;33mWARNING[m] 
[[1;33mWARNING[m] For this reason, future Maven versions might no longer support building such malformed projects.
[[1;33mWARNING[m] 
Downloading from Backbase Artifactory Repository: https://artifacts.backbase.com/repo/io/perfana/perfana-gatling-maven-plugin/maven-metadata.xml
Progress (1): 843 B
                   
Downloaded from Backbase Artifactory Repository: https://artifacts.backbase.com/repo/io/perfana/perfana-gatling-maven-plugin/maven-metadata.xml (843 B at 643 B/s)
[[1;34mINFO[m] 
[[1;34mINFO[m] [1m-------------------< [0;36mio.perfana:gatling-afterburner[0;1m >-------------------[m
[[1;34mINFO[m] [1mBuilding gatling-afterburner 1.0-SNAPSHOT[m
[[1;34mINFO[m] [1m--------------------------------[ jar ]---------------------------------[m
[[1;34mINFO[m] 
[[1;34mINFO[m] [1m--- [0;32mmaven-clean-plugin:2.5:clean[m [1m(default-clean)[m @ [36mgatling-afterburner[0;1m ---[m
[[1;34mINFO[m] Deleting /home/daniel/workspace/perfana-gatling-afterburner/target
[[1;34mINFO[m] 
[[1;34mINFO[m] [1m--- [0;32mperfana-gatling-maven-plugin:3.2.9:test[m [1m(default-cli)[m @ [36mgatling-afterburner[0;1m ---[m
[[1;34mINFO[m] create default Perfana event broadcaster
[[1;34mINFO[m] Perfana start session
[[1;34mINFO[m] broadcast before test event
[[1;34mINFO[m] calling Perfana (http://perfana.perfana.78.46.170.171.xip.io) keep alive every PT30S
[[1;34mINFO[m] create new thread: Perfana-Keep-Alive-Thread
[[1;34mINFO[m] no custom Perfana schedule events found
[[1;34mINFO[m] add Perfana event: Test start
21:59:58,116 |-INFO in ch.qos.logback.classic.LoggerContext[default] - Could NOT find resource [logback-test.xml]
21:59:58,117 |-INFO in ch.qos.logback.classic.LoggerContext[default] - Could NOT find resource [logback.groovy]
21:59:58,117 |-INFO in ch.qos.logback.classic.LoggerContext[default] - Found resource [logback.xml] at [file:/home/daniel/workspace/perfana-gatling-afterburner/src/test/resources/logback.xml]
21:59:58,186 |-INFO in ch.qos.logback.classic.joran.action.ConfigurationAction - debug attribute not set
21:59:58,187 |-INFO in ch.qos.logback.core.joran.action.AppenderAction - About to instantiate appender of type [ch.qos.logback.core.ConsoleAppender]
21:59:58,191 |-INFO in ch.qos.logback.core.joran.action.AppenderAction - Naming appender as [CONSOLE]
21:59:58,195 |-INFO in ch.qos.logback.core.joran.action.NestedComplexPropertyIA - Assuming default type [ch.qos.logback.classic.encoder.PatternLayoutEncoder] for [encoder] property
21:59:58,199 |-WARN in ch.qos.logback.classic.encoder.PatternLayoutEncoder@17c386de - As of version 1.2.0 "immediateFlush" property should be set within the enclosing Appender.
21:59:58,199 |-WARN in ch.qos.logback.classic.encoder.PatternLayoutEncoder@17c386de - Please move "immediateFlush" property into the enclosing appender.
21:59:58,242 |-WARN in ch.qos.logback.classic.encoder.PatternLayoutEncoder@17c386de - Setting the "immediateFlush" property of the enclosing appender to false
21:59:58,243 |-INFO in ch.qos.logback.classic.joran.action.LoggerAction - Setting level of logger [io.gatling.http] to TRACE
21:59:58,243 |-INFO in ch.qos.logback.classic.joran.action.RootLoggerAction - Setting level of ROOT logger to TRACE
21:59:58,243 |-INFO in ch.qos.logback.core.joran.action.AppenderRefAction - Attaching appender named [CONSOLE] to Logger[ROOT]
21:59:58,243 |-INFO in ch.qos.logback.classic.joran.action.ConfigurationAction - End of configuration.
21:59:58,244 |-INFO in ch.qos.logback.classic.joran.JoranConfigurator@5af97850 - Registering current configuration as safe fallback point

21:59:59.151 [DEBUG] i.g.c.ZincCompiler$ - Full compilation, no sources in previous analysis.
21:59:59.152 [DEBUG] i.g.c.ZincCompiler$ - All sources are invalidated.
21:59:59.159 [DEBUG] i.g.c.ZincCompiler$ - Recompiling all 9 sources: invalidated sources (9) exceeded 50.0% of all sources
21:59:59.163 [INFO ] i.g.c.ZincCompiler$ - Compiling 9 Scala sources to /home/daniel/workspace/perfana-gatling-afterburner/target/test-classes ...
21:59:59.167 [DEBUG] i.g.c.ZincCompiler$ - Returning already retrieved and compiled bridge: /home/daniel/.m2/repository/org/scala-sbt/compiler-bridge_2.12/1.2.5/compiler-bridge_2.12-1.2.5.jar.
21:59:59.474 [DEBUG] i.g.c.ZincCompiler$ - Returning already retrieved and compiled bridge: /home/daniel/.m2/repository/org/scala-sbt/compiler-bridge_2.12/1.2.5/compiler-bridge_2.12-1.2.5.jar.
21:59:59.475 [DEBUG] i.g.c.ZincCompiler$ - [zinc] Running cached compiler 4784013e for Scala compiler version 2.12.8
21:59:59.476 [DEBUG] i.g.c.ZincCompiler$ - [zinc] The Scala compiler is invoked with:
	-encoding
	utf-8
	-target:jvm-1.8
	-deprecation
	-feature
	-unchecked
	-language:implicitConversions
	-language:postfixOps
	
	-bootclasspath
	/home/daniel/.m2/repository/org/scala-lang/scala-library/2.12.8/scala-library-2.12.8.jar
	-classpath
	/home/daniel/.m2/repository/io/perfana/perfana-gatling-maven-plugin/3.2.9/perfana-gatling-maven-plugin-3.2.9.jar:/home/daniel/.m2/repository/org/apache/commons/commons-exec/1.3/commons-exec-1.3.jar:/home/daniel/.m2/repository/io/perfana/perfana-java-client/1.3.7/perfana-java-client-1.3.7.jar:/home/daniel/.m2/repository/com/squareup/okhttp3/okhttp/3.8.1/okhttp-3.8.1.jar:/home/daniel/.m2/repository/com/squareup/okio/okio/1.13.0/okio-1.13.0.jar:/home/daniel/.m2/repository/com/jayway/jsonpath/json-path/2.4.0/json-path-2.4.0.jar:/home/daniel/.m2/repository/net/minidev/json-smart/2.3/json-smart-2.3.jar:/home/daniel/.m2/repository/net/minidev/accessors-smart/1.2/accessors-smart-1.2.jar:/home/daniel/.m2/repository/org/ow2/asm/asm/5.0.4/asm-5.0.4.jar:/home/daniel/.m2/repository/org/slf4j/slf4j-api/1.7.25/slf4j-api-1.7.25.jar:/home/daniel/.m2/repository/io/gatling/gatling-compiler/3.1.1/gatling-compiler-3.1.1.jar:/home/daniel/.m2/repository/org/scala-lang/scala-compiler/2.12.8/scala-compiler-2.12.8.jar:/home/daniel/.m2/repository/org/scala-lang/scala-reflect/2.12.8/scala-reflect-2.12.8.jar:/home/daniel/.m2/repository/org/scala-lang/modules/scala-xml_2.12/1.0.6/scala-xml_2.12-1.0.6.jar:/home/daniel/.m2/repository/com/typesafe/config/1.3.3/config-1.3.3.jar:/home/daniel/.m2/repository/org/slf4j/slf4j-api/1.7.26/slf4j-api-1.7.26.jar:/home/daniel/.m2/repository/ch/qos/logback/logback-classic/1.2.3/logback-classic-1.2.3.jar:/home/daniel/.m2/repository/ch/qos/logback/logback-core/1.2.3/logback-core-1.2.3.jar:/home/daniel/.m2/repository/org/scala-sbt/zinc_2.12/1.2.5/zinc_2.12-1.2.5.jar:/home/daniel/.m2/repository/org/scala-sbt/zinc-core_2.12/1.2.5/zinc-core_2.12-1.2.5.jar:/home/daniel/.m2/repository/org/scala-sbt/zinc-apiinfo_2.12/1.2.5/zinc-apiinfo_2.12-1.2.5.jar:/home/daniel/.m2/repository/org/scala-sbt/compiler-interface/1.2.5/compiler-interface-1.2.5.jar:/home/daniel/.m2/repository/org/scala-sbt/util-interface/1.2.2/util-interface-1.2.2.jar:/home/daniel/.m2/repository/org/scala-sbt/compiler-bridge_2.12/1.2.5/compiler-bridge_2.12-1.2.5.jar:/home/daniel/.m2/repository/org/scala-sbt/zinc-classfile_2.12/1.2.5/zinc-classfile_2.12-1.2.5.jar:/home/daniel/.m2/repository/org/scala-sbt/io_2.12/1.2.0/io_2.12-1.2.0.jar:/home/daniel/.m2/repository/com/swoval/apple-file-events/1.3.2/apple-file-events-1.3.2.jar:/home/daniel/.m2/repository/net/java/dev/jna/jna/4.5.0/jna-4.5.0.jar:/home/daniel/.m2/repository/net/java/dev/jna/jna-platform/4.5.0/jna-platform-4.5.0.jar:/home/daniel/.m2/repository/org/scala-sbt/util-logging_2.12/1.2.2/util-logging_2.12-1.2.2.jar:/home/daniel/.m2/repository/org/scala-sbt/zinc-classpath_2.12/1.2.5/zinc-classpath_2.12-1.2.5.jar:/home/daniel/.m2/repository/org/scala-sbt/util-relation_2.12/1.2.2/util-relation_2.12-1.2.2.jar:/home/daniel/.m2/repository/org/scala-sbt/zinc-persist_2.12/1.2.5/zinc-persist_2.12-1.2.5.jar:/home/daniel/.m2/repository/com/trueaccord/scalapb/scalapb-runtime_2.12/0.6.0/scalapb-runtime_2.12-0.6.0.jar:/home/daniel/.m2/repository/com/trueaccord/lenses/lenses_2.12/0.4.12/lenses_2.12-0.4.12.jar:/home/daniel/.m2/repository/com/google/protobuf/protobuf-java/3.3.1/protobuf-java-3.3.1.jar:/home/daniel/.m2/repository/org/scala-sbt/zinc-compile-core_2.12/1.2.5/zinc-compile-core_2.12-1.2.5.jar:/home/daniel/.m2/repository/org/scala-sbt/util-control_2.12/1.2.2/util-control_2.12-1.2.2.jar:/home/daniel/.m2/repository/com/github/scopt/scopt_2.12/3.7.1/scopt_2.12-3.7.1.jar:/home/daniel/.m2/repository/io/perfana/perfana-gatling-maven-plugin/3.2.9/perfana-gatling-maven-plugin-3.2.9.jar:/home/daniel/workspace/perfana-gatling-afterburner/src/test/resources:/home/daniel/workspace/perfana-gatling-afterburner/target/test-classes:/home/daniel/workspace/perfana-gatling-afterburner/target/classes:/home/daniel/.m2/repository/io/gatling/highcharts/gatling-charts-highcharts/3.1.1/gatling-charts-highcharts-3.1.1.jar:/home/daniel/.m2/repository/io/gatling/gatling-charts/3.1.1/gatling-charts-3.1.1.jar:/home/daniel/.m2/repository/io/gatling/gatling-core/3.1.1/gatling-core-3.1.1.jar:/home/daniel/.m2/repository/com/typesafe/akka/akka-slf4j_2.12/2.5.22/akka-slf4j_2.12-2.5.22.jar:/home/daniel/.m2/repository/org/simpleflatmapper/lightning-csv/6.6.2/lightning-csv-6.6.2.jar:/home/daniel/.m2/repository/org/simpleflatmapper/sfm-util/6.6.2/sfm-util-6.6.2-jdk9.jar:/home/daniel/.m2/repository/org/simpleflatmapper/sfm-util/6.6.2/sfm-util-6.6.2.jar:/home/daniel/.m2/repository/com/github/ben-manes/caffeine/caffeine/2.7.0/caffeine-2.7.0.jar:/home/daniel/.m2/repository/org/checkerframework/checker-qual/2.6.0/checker-qual-2.6.0.jar:/home/daniel/.m2/repository/com/google/errorprone/error_prone_annotations/2.3.3/error_prone_annotations-2.3.3.jar:/home/daniel/.m2/repository/io/pebbletemplates/pebble/3.0.8/pebble-3.0.8.jar:/home/daniel/.m2/repository/org/unbescape/unbescape/1.1.6.RELEASE/unbescape-1.1.6.RELEASE.jar:/home/daniel/.m2/repository/org/scala-lang/modules/scala-parser-combinators_2.12/1.1.2/scala-parser-combinators_2.12-1.1.2.jar:/home/daniel/.m2/repository/com/github/scopt/scopt_2.12/3.7.1/scopt_2.12-3.7.1.jar:/home/daniel/.m2/repository/io/gatling/jsonpath_2.12/0.6.14/jsonpath_2.12-0.6.14.jar:/home/daniel/.m2/repository/org/jodd/jodd-json/5.0.12/jodd-json-5.0.12.jar:/home/daniel/.m2/repository/org/jodd/jodd-bean/5.0.12/jodd-bean-5.0.12.jar:/home/daniel/.m2/repository/org/jodd/jodd-core/5.0.12/jodd-core-5.0.12.jar:/home/daniel/.m2/repository/net/sf/saxon/Saxon-HE/9.9.1-2/Saxon-HE-9.9.1-2.jar:/home/daniel/.m2/repository/com/ibm/icu/icu4j/63.1/icu4j-63.1.jar:/home/daniel/.m2/repository/org/jodd/jodd-lagarto/5.0.12/jodd-lagarto-5.0.12.jar:/home/daniel/.m2/repository/org/jodd/jodd-log/5.0.12/jodd-log-5.0.12.jar:/home/daniel/.m2/repository/com/tdunning/t-digest/3.1/t-digest-3.1.jar:/home/daniel/.m2/repository/io/gatling/gatling-app/3.1.1/gatling-app-3.1.1.jar:/home/daniel/.m2/repository/io/gatling/gatling-http/3.1.1/gatling-http-3.1.1.jar:/home/daniel/.m2/repository/org/scala-lang/modules/scala-xml_2.12/1.2.0/scala-xml_2.12-1.2.0.jar:/home/daniel/.m2/repository/io/gatling/gatling-jms/3.1.1/gatling-jms-3.1.1.jar:/home/daniel/.m2/repository/org/apache/geronimo/specs/geronimo-jms_1.1_spec/1.1.1/geronimo-jms_1.1_spec-1.1.1.jar:/home/daniel/.m2/repository/io/gatling/gatling-jdbc/3.1.1/gatling-jdbc-3.1.1.jar:/home/daniel/.m2/repository/io/gatling/gatling-redis/3.1.1/gatling-redis-3.1.1.jar:/home/daniel/.m2/repository/net/debasishg/redisclient_2.12/3.9/redisclient_2.12-3.9.jar:/home/daniel/.m2/repository/org/apache/commons/commons-pool2/2.6.0/commons-pool2-2.6.0.jar:/home/daniel/.m2/repository/io/gatling/gatling-graphite/3.1.1/gatling-graphite-3.1.1.jar:/home/daniel/.m2/repository/org/hdrhistogram/HdrHistogram/2.1.11/HdrHistogram-2.1.11.jar:/home/daniel/.m2/repository/io/gatling/gatling-recorder/3.1.1/gatling-recorder-3.1.1.jar:/home/daniel/.m2/repository/org/scala-lang/modules/scala-swing_2.12/2.1.0/scala-swing_2.12-2.1.0.jar:/home/daniel/.m2/repository/com/fasterxml/jackson/core/jackson-databind/2.9.8/jackson-databind-2.9.8.jar:/home/daniel/.m2/repository/com/fasterxml/jackson/core/jackson-annotations/2.9.0/jackson-annotations-2.9.0.jar:/home/daniel/.m2/repository/com/fasterxml/jackson/core/jackson-core/2.9.8/jackson-core-2.9.8.jar:/home/daniel/.m2/repository/org/json4s/json4s-jackson_2.12/3.6.5/json4s-jackson_2.12-3.6.5.jar:/home/daniel/.m2/repository/org/json4s/json4s-core_2.12/3.6.5/json4s-core_2.12-3.6.5.jar:/home/daniel/.m2/repository/org/json4s/json4s-ast_2.12/3.6.5/json4s-ast_2.12-3.6.5.jar:/home/daniel/.m2/repository/org/json4s/json4s-scalap_2.12/3.6.5/json4s-scalap_2.12-3.6.5.jar:/home/daniel/.m2/repository/com/thoughtworks/paranamer/paranamer/2.8/paranamer-2.8.jar:/home/daniel/.m2/repository/org/bouncycastle/bcpkix-jdk15on/1.61/bcpkix-jdk15on-1.61.jar:/home/daniel/.m2/repository/org/bouncycastle/bcprov-jdk15on/1.61/bcprov-jdk15on-1.61.jar:/home/daniel/.m2/repository/io/netty/netty-codec-http/4.1.34.Final/netty-codec-http-4.1.34.Final.jar:/home/daniel/.m2/repository/io/netty/netty-common/4.1.34.Final/netty-common-4.1.34.Final.jar:/home/daniel/.m2/repository/io/netty/netty-transport/4.1.34.Final/netty-transport-4.1.34.Final.jar:/home/daniel/.m2/repository/io/netty/netty-codec/4.1.34.Final/netty-codec-4.1.34.Final.jar:/home/daniel/.m2/repository/com/typesafe/akka/akka-actor_2.12/2.5.22/akka-actor_2.12-2.5.22.jar:/home/daniel/.m2/repository/io/gatling/gatling-http-client/3.1.1/gatling-http-client-3.1.1.jar:/home/daniel/.m2/repository/io/gatling/gatling-netty-util/3.1.1/gatling-netty-util-3.1.1.jar:/home/daniel/.m2/repository/io/netty/netty-buffer/4.1.34.Final/netty-buffer-4.1.34.Final.jar:/home/daniel/.m2/repository/io/netty/netty-handler/4.1.34.Final/netty-handler-4.1.34.Final.jar:/home/daniel/.m2/repository/io/netty/netty-handler-proxy/4.1.34.Final/netty-handler-proxy-4.1.34.Final.jar:/home/daniel/.m2/repository/io/netty/netty-codec-socks/4.1.34.Final/netty-codec-socks-4.1.34.Final.jar:/home/daniel/.m2/repository/io/netty/netty-resolver-dns/4.1.34.Final/netty-resolver-dns-4.1.34.Final.jar:/home/daniel/.m2/repository/io/netty/netty-resolver/4.1.34.Final/netty-resolver-4.1.34.Final.jar:/home/daniel/.m2/repository/io/netty/netty-codec-dns/4.1.34.Final/netty-codec-dns-4.1.34.Final.jar:/home/daniel/.m2/repository/io/netty/netty-transport-native-epoll/4.1.34.Final/netty-transport-native-epoll-4.1.34.Final-linux-x86_64.jar:/home/daniel/.m2/repository/io/netty/netty-transport-native-unix-common/4.1.34.Final/netty-transport-native-unix-common-4.1.34.Final.jar:/home/daniel/.m2/repository/io/netty/netty-codec-http2/4.1.34.Final/netty-codec-http2-4.1.34.Final.jar:/home/daniel/.m2/repository/io/netty/netty-tcnative-boringssl-static/2.0.22.Final/netty-tcnative-boringssl-static-2.0.22.Final.jar:/home/daniel/.m2/repository/com/sun/activation/javax.activation/1.2.0/javax.activation-1.2.0.jar:/home/daniel/.m2/repository/org/slf4j/slf4j-api/1.7.26/slf4j-api-1.7.26.jar:/home/daniel/.m2/repository/com/typesafe/scala-logging/scala-logging_2.12/3.9.2/scala-logging_2.12-3.9.2.jar:/home/daniel/.m2/repository/ch/qos/logback/logback-classic/1.2.3/logback-classic-1.2.3.jar:/home/daniel/.m2/repository/ch/qos/logback/logback-core/1.2.3/logback-core-1.2.3.jar:/home/daniel/.m2/repository/io/gatling/gatling-commons/3.1.1/gatling-commons-3.1.1.jar:/home/daniel/.m2/repository/org/scala-lang/scala-reflect/2.12.8/scala-reflect-2.12.8.jar:/home/daniel/.m2/repository/com/typesafe/config/1.3.3/config-1.3.3.jar:/home/daniel/.m2/repository/com/dongxiguo/fastring_2.12/1.0.0/fastring_2.12-1.0.0.jar:/home/daniel/.m2/repository/io/suzaku/boopickle_2.12/1.3.0/boopickle_2.12-1.3.0.jar:/home/daniel/.m2/repository/org/typelevel/spire-macros_2.12/0.16.1/spire-macros_2.12-0.16.1.jar:/home/daniel/.m2/repository/org/scala-lang/modules/scala-collection-compat_2.12/0.3.0/scala-collection-compat_2.12-0.3.0.jar:/home/daniel/.m2/repository/com/softwaremill/quicklens/quicklens_2.12/1.4.12/quicklens_2.12-1.4.12.jar:/home/daniel/.m2/repository/org/scala-lang/modules/scala-java8-compat_2.12/0.9.0/scala-java8-compat_2.12-0.9.0.jar:/home/daniel/.m2/repository/com/eatthepath/fast-uuid/0.1/fast-uuid-0.1.jar:/home/daniel/.m2/repository/io/perfana/perfana-gatling-maven-plugin/3.2.9/perfana-gatling-maven-plugin-3.2.9.jar:/home/daniel/workspace/perfana-gatling-afterburner/target/test-classes:/home/daniel/.m2/repository/org/scala-lang/scala-compiler/2.12.8/scala-compiler-2.12.8.jar:/home/daniel/.m2/repository/org/scala-lang/scala-reflect/2.12.8/scala-reflect-2.12.8.jar
22:00:02.553 [DEBUG] i.g.c.ZincCompiler$ - Scala compilation took 3.385906143 s
22:00:02.553 [INFO ] i.g.c.ZincCompiler$ - Done compiling.
22:00:02.768 [DEBUG] i.g.c.ZincCompiler$ - Compilation successful
22:00:03,074 |-INFO in ch.qos.logback.classic.LoggerContext[default] - Could NOT find resource [logback-test.xml]
22:00:03,074 |-INFO in ch.qos.logback.classic.LoggerContext[default] - Could NOT find resource [logback.groovy]
22:00:03,075 |-INFO in ch.qos.logback.classic.LoggerContext[default] - Found resource [logback.xml] at [file:/home/daniel/workspace/perfana-gatling-afterburner/src/test/resources/logback.xml]
22:00:03,149 |-INFO in ch.qos.logback.classic.joran.action.ConfigurationAction - debug attribute not set
22:00:03,150 |-INFO in ch.qos.logback.core.joran.action.AppenderAction - About to instantiate appender of type [ch.qos.logback.core.ConsoleAppender]
22:00:03,154 |-INFO in ch.qos.logback.core.joran.action.AppenderAction - Naming appender as [CONSOLE]
22:00:03,158 |-INFO in ch.qos.logback.core.joran.action.NestedComplexPropertyIA - Assuming default type [ch.qos.logback.classic.encoder.PatternLayoutEncoder] for [encoder] property
22:00:03,161 |-WARN in ch.qos.logback.classic.encoder.PatternLayoutEncoder@1b26f7b2 - As of version 1.2.0 "immediateFlush" property should be set within the enclosing Appender.
22:00:03,161 |-WARN in ch.qos.logback.classic.encoder.PatternLayoutEncoder@1b26f7b2 - Please move "immediateFlush" property into the enclosing appender.
22:00:03,193 |-WARN in ch.qos.logback.classic.encoder.PatternLayoutEncoder@1b26f7b2 - Setting the "immediateFlush" property of the enclosing appender to false
22:00:03,194 |-INFO in ch.qos.logback.classic.joran.action.LoggerAction - Setting level of logger [io.gatling.http] to TRACE
22:00:03,194 |-INFO in ch.qos.logback.classic.joran.action.RootLoggerAction - Setting level of ROOT logger to TRACE
22:00:03,194 |-INFO in ch.qos.logback.core.joran.action.AppenderRefAction - Attaching appender named [CONSOLE] to Logger[ROOT]
22:00:03,194 |-INFO in ch.qos.logback.classic.joran.action.ConfigurationAction - End of configuration.
22:00:03,195 |-INFO in ch.qos.logback.classic.joran.JoranConfigurator@491cc5c9 - Registering current configuration as safe fallback point

22:00:03.390 [TRACE] i.g.a.Gatling$ - Starting
22:00:03.392 [INFO ] i.g.c.c.GatlingConfiguration$ - Gatling will try to use 'gatling.conf' as custom config file.
22:00:03.484 [WARN ] i.g.c.c.GatlingConfiguration$ - Your Gatling configuration options are outdated, some properties have been renamed or removed.
Please update (check gatling.conf in Gatling bundle, or gatling-defaults.conf in gatling-core jar).
Enabled obsolete properties:
'gatling.http.ahc.keepAlive' was removed, dropped, control keep-alive with Connection request header.
'gatling.http.ahc.httpClientCodecInitialBufferSize' was removed, dropped.
'gatling.http.ahc.soLinger' was removed, dropped.
'gatling.http.ahc.webSocketMaxFrameSize' was removed, dropped, serves as a security that doesn't make sense for Gatling.
'gatling.http.ahc.soSndBuf' was removed, dropped.
'gatling.jms.acknowledgedMessagesBufferSize' was removed, dropped.
'gatling.http.ahc.httpClientCodecMaxChunkSize' was removed, dropped.
'gatling.http.ahc.soRcvBuf' was removed, dropped.
'gatling.http.ahc.httpClientCodecMaxHeaderSize' was removed, dropped, serves as a security that doesn't make sense for Gatling.
'gatling.http.ahc.readTimeout' was removed, dropped.
'gatling.http.ahc.disableHttpsEndpointIdentificationAlgorithm' was renamed into gatling.http.ahc.enableHostnameVerification.
22:00:03.539 [TRACE] i.g.a.Gatling$ - Configuration loaded
22:00:03.745 [INFO ] a.e.s.Slf4jLogger - Slf4jLogger started
22:00:03.963 [TRACE] i.g.a.Gatling$ - ActorSystem instantiated
22:00:03.965 [TRACE] i.g.a.Gatling$ - Runner instantiated
22:00:03.975 [TRACE] i.g.app.Runner - Running
Script settings:
useProxy: false
graphitePrefix: gatling2.BurnAfter.acc
debug: false
targetBaseUrl: http://localhost:8080
testRunId: BurnAfter-1.0-loadTest-acc-2020-01-29T20:59:55Z
initialUsersPerSecond: 1.0
targetUsersPerSecond: 2.0
rampupTimeInSeconds: (60,SECONDS)
constantLoadTimeInSeconds: (300,SECONDS)
22:00:04.077 [DEBUG] i.n.u.i.l.InternalLoggerFactory - Using SLF4J as the default logging framework
22:00:04.079 [DEBUG] i.n.u.i.PlatformDependent0 - -Dio.netty.noUnsafe: false
22:00:04.079 [DEBUG] i.n.u.i.PlatformDependent0 - Java version: 11
22:00:04.079 [DEBUG] i.n.u.i.PlatformDependent0 - sun.misc.Unsafe.theUnsafe: available
22:00:04.080 [DEBUG] i.n.u.i.PlatformDependent0 - sun.misc.Unsafe.copyMemory: available
22:00:04.080 [DEBUG] i.n.u.i.PlatformDependent0 - java.nio.Buffer.address: available
22:00:04.082 [DEBUG] i.n.u.i.PlatformDependent0 - direct buffer constructor: unavailable
java.lang.UnsupportedOperationException: Reflective setAccessible(true) disabled
	at io.netty.util.internal.ReflectionUtil.trySetAccessible(ReflectionUtil.java:31)
	at io.netty.util.internal.PlatformDependent0$4.run(PlatformDependent0.java:224)
	at java.base/java.security.AccessController.doPrivileged(Native Method)
	at io.netty.util.internal.PlatformDependent0.<clinit>(PlatformDependent0.java:218)
	at io.netty.util.internal.PlatformDependent.isAndroid(PlatformDependent.java:213)
	at io.netty.util.internal.PlatformDependent.<clinit>(PlatformDependent.java:81)
	at io.netty.util.AsciiString.<init>(AsciiString.java:222)
	at io.netty.util.AsciiString.<init>(AsciiString.java:209)
	at io.netty.util.AsciiString.cached(AsciiString.java:1401)
	at io.netty.util.AsciiString.<clinit>(AsciiString.java:47)
	at io.netty.handler.codec.http.HttpMethod.<init>(HttpMethod.java:135)
	at io.netty.handler.codec.http.HttpMethod.<clinit>(HttpMethod.java:36)
	at io.gatling.http.request.builder.Http.get(Http.scala:29)
	at io.perfana.afterburner.gatling.useCases.SimpleCpuBurn$.<init>(SimpleCpuBurn.scala:12)
	at io.perfana.afterburner.gatling.useCases.SimpleCpuBurn$.<clinit>(SimpleCpuBurn.scala)
	at io.perfana.afterburner.gatling.setup.Scenarios$.<init>(Scenarios.scala:20)
	at io.perfana.afterburner.gatling.setup.Scenarios$.<clinit>(Scenarios.scala)
	at io.perfana.afterburner.gatling.configuration.Configuration$.<init>(Configuration.scala:56)
	at io.perfana.afterburner.gatling.configuration.Configuration$.<clinit>(Configuration.scala)
	at io.perfana.afterburner.gatling.setup.Afterburner.<init>(Afterburner.scala:23)
	at java.base/jdk.internal.reflect.NativeConstructorAccessorImpl.newInstance0(Native Method)
	at java.base/jdk.internal.reflect.NativeConstructorAccessorImpl.newInstance(NativeConstructorAccessorImpl.java:62)
	at java.base/jdk.internal.reflect.DelegatingConstructorAccessorImpl.newInstance(DelegatingConstructorAccessorImpl.java:45)
	at java.base/java.lang.reflect.Constructor.newInstance(Constructor.java:490)
	at io.gatling.app.Runner.run0(Runner.scala:74)
	at io.gatling.app.Runner.run(Runner.scala:60)
	at io.gatling.app.Gatling$.start(Gatling.scala:73)
	at io.gatling.app.Gatling$.fromArgs(Gatling.scala:46)
	at io.gatling.app.Gatling$.main(Gatling.scala:38)
	at io.gatling.app.Gatling.main(Gatling.scala)
	at java.base/jdk.internal.reflect.NativeMethodAccessorImpl.invoke0(Native Method)
	at java.base/jdk.internal.reflect.NativeMethodAccessorImpl.invoke(NativeMethodAccessorImpl.java:62)
	at java.base/jdk.internal.reflect.DelegatingMethodAccessorImpl.invoke(DelegatingMethodAccessorImpl.java:43)
	at java.base/java.lang.reflect.Method.invoke(Method.java:566)
	at io.gatling.mojo.MainWithArgsInFile.runMain(MainWithArgsInFile.java:50)
	at io.gatling.mojo.MainWithArgsInFile.main(MainWithArgsInFile.java:33)
22:00:04.082 [DEBUG] i.n.u.i.PlatformDependent0 - java.nio.Bits.unaligned: available, true
22:00:04.083 [DEBUG] i.n.u.i.PlatformDependent0 - jdk.internal.misc.Unsafe.allocateUninitializedArray(int): unavailable
java.lang.IllegalAccessException: class io.netty.util.internal.PlatformDependent0$6 cannot access class jdk.internal.misc.Unsafe (in module java.base) because module java.base does not export jdk.internal.misc to unnamed module @3d1cfad4
	at java.base/jdk.internal.reflect.Reflection.newIllegalAccessException(Reflection.java:361)
	at java.base/java.lang.reflect.AccessibleObject.checkAccess(AccessibleObject.java:591)
	at java.base/java.lang.reflect.Method.invoke(Method.java:558)
	at io.netty.util.internal.PlatformDependent0$6.run(PlatformDependent0.java:334)
	at java.base/java.security.AccessController.doPrivileged(Native Method)
	at io.netty.util.internal.PlatformDependent0.<clinit>(PlatformDependent0.java:325)
	at io.netty.util.internal.PlatformDependent.isAndroid(PlatformDependent.java:213)
	at io.netty.util.internal.PlatformDependent.<clinit>(PlatformDependent.java:81)
	at io.netty.util.AsciiString.<init>(AsciiString.java:222)
	at io.netty.util.AsciiString.<init>(AsciiString.java:209)
	at io.netty.util.AsciiString.cached(AsciiString.java:1401)
	at io.netty.util.AsciiString.<clinit>(AsciiString.java:47)
	at io.netty.handler.codec.http.HttpMethod.<init>(HttpMethod.java:135)
	at io.netty.handler.codec.http.HttpMethod.<clinit>(HttpMethod.java:36)
	at io.gatling.http.request.builder.Http.get(Http.scala:29)
	at io.perfana.afterburner.gatling.useCases.SimpleCpuBurn$.<init>(SimpleCpuBurn.scala:12)
	at io.perfana.afterburner.gatling.useCases.SimpleCpuBurn$.<clinit>(SimpleCpuBurn.scala)
	at io.perfana.afterburner.gatling.setup.Scenarios$.<init>(Scenarios.scala:20)
	at io.perfana.afterburner.gatling.setup.Scenarios$.<clinit>(Scenarios.scala)
	at io.perfana.afterburner.gatling.configuration.Configuration$.<init>(Configuration.scala:56)
	at io.perfana.afterburner.gatling.configuration.Configuration$.<clinit>(Configuration.scala)
	at io.perfana.afterburner.gatling.setup.Afterburner.<init>(Afterburner.scala:23)
	at java.base/jdk.internal.reflect.NativeConstructorAccessorImpl.newInstance0(Native Method)
	at java.base/jdk.internal.reflect.NativeConstructorAccessorImpl.newInstance(NativeConstructorAccessorImpl.java:62)
	at java.base/jdk.internal.reflect.DelegatingConstructorAccessorImpl.newInstance(DelegatingConstructorAccessorImpl.java:45)
	at java.base/java.lang.reflect.Constructor.newInstance(Constructor.java:490)
	at io.gatling.app.Runner.run0(Runner.scala:74)
	at io.gatling.app.Runner.run(Runner.scala:60)
	at io.gatling.app.Gatling$.start(Gatling.scala:73)
	at io.gatling.app.Gatling$.fromArgs(Gatling.scala:46)
	at io.gatling.app.Gatling$.main(Gatling.scala:38)
	at io.gatling.app.Gatling.main(Gatling.scala)
	at java.base/jdk.internal.reflect.NativeMethodAccessorImpl.invoke0(Native Method)
	at java.base/jdk.internal.reflect.NativeMethodAccessorImpl.invoke(NativeMethodAccessorImpl.java:62)
	at java.base/jdk.internal.reflect.DelegatingMethodAccessorImpl.invoke(DelegatingMethodAccessorImpl.java:43)
	at java.base/java.lang.reflect.Method.invoke(Method.java:566)
	at io.gatling.mojo.MainWithArgsInFile.runMain(MainWithArgsInFile.java:50)
	at io.gatling.mojo.MainWithArgsInFile.main(MainWithArgsInFile.java:33)
22:00:04.083 [DEBUG] i.n.u.i.PlatformDependent0 - java.nio.DirectByteBuffer.<init>(long, int): unavailable
22:00:04.083 [DEBUG] i.n.u.i.PlatformDependent - sun.misc.Unsafe: available
22:00:04.090 [DEBUG] i.n.u.i.PlatformDependent - maxDirectMemory: 4294967296 bytes (maybe)
22:00:04.090 [DEBUG] i.n.u.i.PlatformDependent - -Dio.netty.tmpdir: /tmp (java.io.tmpdir)
22:00:04.090 [DEBUG] i.n.u.i.PlatformDependent - -Dio.netty.bitMode: 64 (sun.arch.data.model)
22:00:04.091 [DEBUG] i.n.u.i.PlatformDependent - -Dio.netty.maxDirectMemory: -1 bytes
22:00:04.091 [DEBUG] i.n.u.i.PlatformDependent - -Dio.netty.uninitializedArrayAllocationThreshold: -1
22:00:04.091 [DEBUG] i.n.u.i.CleanerJava9 - java.nio.ByteBuffer.cleaner(): available
22:00:04.091 [DEBUG] i.n.u.i.PlatformDependent - -Dio.netty.noPreferDirect: false
22:00:04.127 [TRACE] i.g.app.Runner - Simulation instantiated
22:00:04.133 [TRACE] i.g.app.Runner - Simulation params built
22:00:04.133 [TRACE] i.g.app.Runner - Before hooks executed
22:00:04.149 [INFO ] i.g.g.GraphiteDataWriter - Initializing
22:00:04.149 [INFO ] i.g.c.s.w.ConsoleDataWriter - Initializing
22:00:04.149 [INFO ] i.g.c.s.w.LogFileDataWriter - Initializing
22:00:04.153 [INFO ] i.g.c.s.w.ConsoleDataWriter - Initialized
22:00:04.156 [INFO ] i.g.c.s.w.LogFileDataWriter - Initialized
22:00:04.158 [INFO ] i.g.g.GraphiteDataWriter - Initialized
22:00:04.168 [TRACE] i.g.app.Runner - CoreComponents instantiated
22:00:04.191 [DEBUG] i.n.h.s.JdkSslContext - Default protocols (JDK): [TLSv1.2, TLSv1.1, TLSv1] 
22:00:04.192 [DEBUG] i.n.h.s.JdkSslContext - Default cipher suites (JDK): [TLS_ECDHE_ECDSA_WITH_AES_256_GCM_SHA384, TLS_ECDHE_ECDSA_WITH_AES_128_GCM_SHA256, TLS_ECDHE_RSA_WITH_AES_128_GCM_SHA256, TLS_ECDHE_RSA_WITH_AES_128_CBC_SHA, TLS_ECDHE_RSA_WITH_AES_256_CBC_SHA, TLS_RSA_WITH_AES_128_GCM_SHA256, TLS_RSA_WITH_AES_128_CBC_SHA, TLS_RSA_WITH_AES_256_CBC_SHA, TLS_AES_128_GCM_SHA256, TLS_AES_256_GCM_SHA384]
22:00:04.202 [DEBUG] i.n.c.MultithreadEventLoopGroup - -Dio.netty.eventLoopThreads: 24
22:00:04.213 [DEBUG] i.n.c.n.NioEventLoop - -Dio.netty.noKeySetOptimization: false
22:00:04.213 [DEBUG] i.n.c.n.NioEventLoop - -Dio.netty.selectorAutoRebuildThreshold: 512
22:00:04.217 [DEBUG] i.n.u.i.PlatformDependent - org.jctools-core.MpscChunkedArrayQueue: available
22:00:04.220 [TRACE] i.n.c.n.NioEventLoop - instrumented a special java.util.Set into: sun.nio.ch.EPollSelectorImpl@73d69c0f
22:00:04.220 [TRACE] i.n.c.n.NioEventLoop - instrumented a special java.util.Set into: sun.nio.ch.EPollSelectorImpl@22101c80
22:00:04.220 [TRACE] i.n.c.n.NioEventLoop - instrumented a special java.util.Set into: sun.nio.ch.EPollSelectorImpl@31ff1390
22:00:04.220 [TRACE] i.n.c.n.NioEventLoop - instrumented a special java.util.Set into: sun.nio.ch.EPollSelectorImpl@759d81f3
22:00:04.220 [TRACE] i.n.c.n.NioEventLoop - instrumented a special java.util.Set into: sun.nio.ch.EPollSelectorImpl@781a9412
22:00:04.220 [TRACE] i.n.c.n.NioEventLoop - instrumented a special java.util.Set into: sun.nio.ch.EPollSelectorImpl@5a4c638d
22:00:04.221 [TRACE] i.n.c.n.NioEventLoop - instrumented a special java.util.Set into: sun.nio.ch.EPollSelectorImpl@13e698c7
22:00:04.221 [TRACE] i.n.c.n.NioEventLoop - instrumented a special java.util.Set into: sun.nio.ch.EPollSelectorImpl@aed0151
22:00:04.221 [TRACE] i.n.c.n.NioEventLoop - instrumented a special java.util.Set into: sun.nio.ch.EPollSelectorImpl@267bbe1a
22:00:04.221 [TRACE] i.n.c.n.NioEventLoop - instrumented a special java.util.Set into: sun.nio.ch.EPollSelectorImpl@1f12e153
22:00:04.238 [TRACE] i.n.c.n.NioEventLoop - instrumented a special java.util.Set into: sun.nio.ch.EPollSelectorImpl@389562d6
22:00:04.238 [TRACE] i.n.c.n.NioEventLoop - instrumented a special java.util.Set into: sun.nio.ch.EPollSelectorImpl@5a101b1c
22:00:04.238 [TRACE] i.n.c.n.NioEventLoop - instrumented a special java.util.Set into: sun.nio.ch.EPollSelectorImpl@2160e52a
22:00:04.238 [TRACE] i.n.c.n.NioEventLoop - instrumented a special java.util.Set into: sun.nio.ch.EPollSelectorImpl@29f0802c
22:00:04.238 [TRACE] i.n.c.n.NioEventLoop - instrumented a special java.util.Set into: sun.nio.ch.EPollSelectorImpl@3a60c416
22:00:04.239 [TRACE] i.n.c.n.NioEventLoop - instrumented a special java.util.Set into: sun.nio.ch.EPollSelectorImpl@60f2e0bd
22:00:04.239 [TRACE] i.n.c.n.NioEventLoop - instrumented a special java.util.Set into: sun.nio.ch.EPollSelectorImpl@469d003c
22:00:04.239 [TRACE] i.n.c.n.NioEventLoop - instrumented a special java.util.Set into: sun.nio.ch.EPollSelectorImpl@6b410923
22:00:04.239 [TRACE] i.n.c.n.NioEventLoop - instrumented a special java.util.Set into: sun.nio.ch.EPollSelectorImpl@57bd2029
22:00:04.239 [TRACE] i.n.c.n.NioEventLoop - instrumented a special java.util.Set into: sun.nio.ch.EPollSelectorImpl@203dd56b
22:00:04.239 [TRACE] i.n.c.n.NioEventLoop - instrumented a special java.util.Set into: sun.nio.ch.EPollSelectorImpl@e8fadb0
22:00:04.239 [TRACE] i.n.c.n.NioEventLoop - instrumented a special java.util.Set into: sun.nio.ch.EPollSelectorImpl@6d64b553
22:00:04.240 [TRACE] i.n.c.n.NioEventLoop - instrumented a special java.util.Set into: sun.nio.ch.EPollSelectorImpl@53667cbe
22:00:04.240 [TRACE] i.n.c.n.NioEventLoop - instrumented a special java.util.Set into: sun.nio.ch.EPollSelectorImpl@1d3e6d34
22:00:04.243 [TRACE] i.n.c.n.NioEventLoop - instrumented a special java.util.Set into: sun.nio.ch.EPollSelectorImpl@6a933be2
22:00:04.244 [TRACE] i.n.c.n.NioEventLoop - instrumented a special java.util.Set into: sun.nio.ch.EPollSelectorImpl@5f78de22
22:00:04.244 [TRACE] i.n.c.n.NioEventLoop - instrumented a special java.util.Set into: sun.nio.ch.EPollSelectorImpl@516ebdf8
22:00:04.244 [TRACE] i.n.c.n.NioEventLoop - instrumented a special java.util.Set into: sun.nio.ch.EPollSelectorImpl@4d8539de
22:00:04.244 [TRACE] i.n.c.n.NioEventLoop - instrumented a special java.util.Set into: sun.nio.ch.EPollSelectorImpl@3eba57a7
22:00:04.244 [TRACE] i.n.c.n.NioEventLoop - instrumented a special java.util.Set into: sun.nio.ch.EPollSelectorImpl@272a179c
22:00:04.244 [TRACE] i.n.c.n.NioEventLoop - instrumented a special java.util.Set into: sun.nio.ch.EPollSelectorImpl@30feffc
22:00:04.244 [TRACE] i.n.c.n.NioEventLoop - instrumented a special java.util.Set into: sun.nio.ch.EPollSelectorImpl@67207d8a
22:00:04.244 [TRACE] i.n.c.n.NioEventLoop - instrumented a special java.util.Set into: sun.nio.ch.EPollSelectorImpl@bcb09a6
22:00:04.244 [TRACE] i.n.c.n.NioEventLoop - instrumented a special java.util.Set into: sun.nio.ch.EPollSelectorImpl@7c2a69b4
22:00:04.244 [TRACE] i.n.c.n.NioEventLoop - instrumented a special java.util.Set into: sun.nio.ch.EPollSelectorImpl@a619c2
22:00:04.245 [TRACE] i.n.c.n.NioEventLoop - instrumented a special java.util.Set into: sun.nio.ch.EPollSelectorImpl@648ee871
22:00:04.245 [TRACE] i.n.c.n.NioEventLoop - instrumented a special java.util.Set into: sun.nio.ch.EPollSelectorImpl@375b5b7f
22:00:04.245 [TRACE] i.n.c.n.NioEventLoop - instrumented a special java.util.Set into: sun.nio.ch.EPollSelectorImpl@1813f3e9
22:00:04.245 [TRACE] i.n.c.n.NioEventLoop - instrumented a special java.util.Set into: sun.nio.ch.EPollSelectorImpl@28cb9120
22:00:04.245 [TRACE] i.n.c.n.NioEventLoop - instrumented a special java.util.Set into: sun.nio.ch.EPollSelectorImpl@3b152928
22:00:04.245 [TRACE] i.n.c.n.NioEventLoop - instrumented a special java.util.Set into: sun.nio.ch.EPollSelectorImpl@56781d96
22:00:04.245 [TRACE] i.n.c.n.NioEventLoop - instrumented a special java.util.Set into: sun.nio.ch.EPollSelectorImpl@5173200b
22:00:04.246 [TRACE] i.n.c.n.NioEventLoop - instrumented a special java.util.Set into: sun.nio.ch.EPollSelectorImpl@25c5e994
22:00:04.246 [INFO ] i.g.g.s.TcpSender - Failed to connect to Graphite server located at: influxdb.perfana.78.46.170.171.xip.io/78.46.170.171:2003
22:00:04.246 [TRACE] i.n.c.n.NioEventLoop - instrumented a special java.util.Set into: sun.nio.ch.EPollSelectorImpl@378bd86d
22:00:04.246 [TRACE] i.n.c.n.NioEventLoop - instrumented a special java.util.Set into: sun.nio.ch.EPollSelectorImpl@2189e7a7
22:00:04.246 [TRACE] i.n.c.n.NioEventLoop - instrumented a special java.util.Set into: sun.nio.ch.EPollSelectorImpl@69b2f8e5
22:00:04.246 [TRACE] i.n.c.n.NioEventLoop - instrumented a special java.util.Set into: sun.nio.ch.EPollSelectorImpl@6331250e
22:00:04.246 [TRACE] i.n.c.n.NioEventLoop - instrumented a special java.util.Set into: sun.nio.ch.EPollSelectorImpl@a10c1b5
22:00:04.276 [INFO ] i.g.h.e.HttpEngine - Start warm up
22:00:04.279 [DEBUG] i.n.u.i.InternalThreadLocalMap - -Dio.netty.threadLocalMap.stringBuilder.initialSize: 1024
22:00:04.280 [DEBUG] i.n.u.i.InternalThreadLocalMap - -Dio.netty.threadLocalMap.stringBuilder.maxSize: 4096
22:00:04.310 [DEBUG] i.n.c.DefaultChannelId - -Dio.netty.processId: 6499 (auto-detected)
22:00:04.312 [DEBUG] i.n.u.NetUtil - -Djava.net.preferIPv4Stack: false
22:00:04.312 [DEBUG] i.n.u.NetUtil - -Djava.net.preferIPv6Addresses: false
22:00:04.312 [DEBUG] i.n.u.NetUtil - Loopback interface: lo (lo, 0:0:0:0:0:0:0:1%lo)
22:00:04.313 [DEBUG] i.n.u.NetUtil - /proc/sys/net/core/somaxconn: 128
22:00:04.314 [DEBUG] i.n.c.DefaultChannelId - -Dio.netty.machineId: 90:78:41:ff:fe:5a:d5:98 (auto-detected)
22:00:04.320 [DEBUG] i.n.u.ResourceLeakDetector - -Dio.netty.leakDetection.level: simple
22:00:04.321 [DEBUG] i.n.u.ResourceLeakDetector - -Dio.netty.leakDetection.targetRecords: 4
22:00:04.333 [DEBUG] i.n.b.PooledByteBufAllocator - -Dio.netty.allocator.numHeapArenas: 24
22:00:04.333 [DEBUG] i.n.b.PooledByteBufAllocator - -Dio.netty.allocator.numDirectArenas: 24
22:00:04.333 [DEBUG] i.n.b.PooledByteBufAllocator - -Dio.netty.allocator.pageSize: 8192
22:00:04.334 [DEBUG] i.n.b.PooledByteBufAllocator - -Dio.netty.allocator.maxOrder: 11
22:00:04.334 [DEBUG] i.n.b.PooledByteBufAllocator - -Dio.netty.allocator.chunkSize: 16777216
22:00:04.334 [DEBUG] i.n.b.PooledByteBufAllocator - -Dio.netty.allocator.tinyCacheSize: 512
22:00:04.334 [DEBUG] i.n.b.PooledByteBufAllocator - -Dio.netty.allocator.smallCacheSize: 256
22:00:04.334 [DEBUG] i.n.b.PooledByteBufAllocator - -Dio.netty.allocator.normalCacheSize: 64
22:00:04.334 [DEBUG] i.n.b.PooledByteBufAllocator - -Dio.netty.allocator.maxCachedBufferCapacity: 32768
22:00:04.334 [DEBUG] i.n.b.PooledByteBufAllocator - -Dio.netty.allocator.cacheTrimInterval: 8192
22:00:04.334 [DEBUG] i.n.b.PooledByteBufAllocator - -Dio.netty.allocator.useCacheForAllThreads: true
22:00:04.334 [DEBUG] i.n.b.PooledByteBufAllocator - -Dio.netty.allocator.maxCachedByteBuffersPerChunk: 1023
22:00:04.338 [DEBUG] i.n.b.ByteBufUtil - -Dio.netty.allocator.type: pooled
22:00:04.339 [DEBUG] i.n.b.ByteBufUtil - -Dio.netty.threadLocalDirectBufferSize: 0
22:00:04.339 [DEBUG] i.n.b.ByteBufUtil - -Dio.netty.maxThreadLocalCharBufferSize: 200000
22:00:04.357 [DEBUG] i.n.b.AbstractByteBuf - -Dio.netty.buffer.checkAccessible: true
22:00:04.357 [DEBUG] i.n.b.AbstractByteBuf - -Dio.netty.buffer.checkBounds: true
22:00:04.358 [DEBUG] i.n.u.ResourceLeakDetectorFactory - Loaded default ResourceLeakDetector: io.netty.util.ResourceLeakDetector@2d527083
22:00:04.449 [DEBUG] i.g.h.c.i.HttpAppHandler - Write request WritableRequest{request=DefaultFullHttpRequest(decodeResult: success, version: HTTP/1.1, content: UnpooledByteBufAllocator$InstrumentedUnpooledUnsafeHeapByteBuf(ridx: 0, widx: 0, cap: 0))
GET / HTTP/1.1
Accept: text/html,application/xhtml+xml,application/xml;q=0.9,*/*;q=0.8
Accept-Language: en-US,en;q=0.5
Connection: close
User-Agent: Mozilla/5.0 (Macintosh; Intel Mac OS X 10.8; rv:16.0) Gecko/20100101 Firefox/16.0
accept-encoding: gzip
host: gatling.io, content=null}
22:00:04.454 [DEBUG] i.n.u.Recycler - -Dio.netty.recycler.maxCapacityPerThread: 4096
22:00:04.454 [DEBUG] i.n.u.Recycler - -Dio.netty.recycler.maxSharedCapacityFactor: 2
22:00:04.454 [DEBUG] i.n.u.Recycler - -Dio.netty.recycler.linkCapacity: 16
22:00:04.454 [DEBUG] i.n.u.Recycler - -Dio.netty.recycler.ratio: 8
22:00:04.491 [DEBUG] i.g.h.c.i.HttpAppHandler - Read msg='DefaultHttpResponse(decodeResult: success, version: HTTP/1.1)
HTTP/1.1 301 Moved Permanently
Server: nginx/1.14.2
Date: Wed, 29 Jan 2020 21:00:04 GMT
Content-Type: text/html
Content-Length: 185
Connection: close
Location: https://gatling.io/'
22:00:04.493 [DEBUG] i.g.h.c.i.HttpAppHandler - Read msg='DefaultLastHttpContent(data: PooledSlicedByteBuf(ridx: 0, widx: 185, cap: 185/185, unwrapped: PooledUnsafeDirectByteBuf(ridx: 374, widx: 374, cap: 1024)), decoderResult: success)'
22:00:04.494 [DEBUG] i.g.h.e.HttpEngine - Warm up request http://gatling.io successful
22:00:04.495 [INFO ] i.g.h.e.HttpEngine - Warm up done
22:00:04.519 [DEBUG] i.g.h.c.HttpCaches - HTTP/2 disabled
Simulation io.perfana.afterburner.gatling.setup.Afterburner started...
22:00:04.521 [TRACE] i.g.app.Runner - Asking Controller to start
22:00:04.523 [DEBUG] i.g.c.c.Controller - Setting up max duration
22:00:04.540 [DEBUG] i.g.c.c.i.o.OpenWorkload - Injecting 3 users in scenario Acceptance test, continue=true
22:00:04.562 [DEBUG] i.g.h.e.t.HttpTxExecutor - Sending request=simple_cpu_burn uri=http://localhost:8080/cpu/magic-identity-check?matrixSize=133: scenario=Acceptance test, userId=1
22:00:04.565 [DEBUG] i.g.c.c.i.o.OpenWorkload - Start user #1
22:00:04.567 [DEBUG] i.g.h.c.i.HttpAppHandler - Write request WritableRequest{request=DefaultFullHttpRequest(decodeResult: success, version: HTTP/1.1, content: UnpooledByteBufAllocator$InstrumentedUnpooledUnsafeHeapByteBuf(ridx: 0, widx: 0, cap: 0))
GET /cpu/magic-identity-check?matrixSize=133 HTTP/1.1
Accept: */*
Content-Type: application/json;charset=UTF-8
Accept-Language: en-US,en;q=0.8,nl;q=0.6
User-Agent: Mozilla/5.0 (Windows NT 6.1; WOW64) AppleWebKit/537.36 (KHTML, like Gecko) Chrome/38.0.2125.111 Safari/537.36
accept-encoding: gzip,deflate,sdch
host: localhost:8080, content=null}
22:00:04.577 [DEBUG] i.g.h.c.i.HttpAppHandler - Read msg='DefaultHttpResponse(decodeResult: success, version: HTTP/1.1)
HTTP/1.1 200 
Content-Type: application/json;charset=UTF-8
Transfer-Encoding: chunked
Date: Wed, 29 Jan 2020 21:00:04 GMT'
22:00:04.578 [DEBUG] i.g.h.c.i.HttpAppHandler - Read msg='DefaultHttpContent(data: PooledSlicedByteBuf(ridx: 0, widx: 170, cap: 170/170, unwrapped: PooledUnsafeDirectByteBuf(ridx: 304, widx: 309, cap: 1024)), decoderResult: success)'
22:00:04.578 [DEBUG] i.g.h.c.i.HttpAppHandler - Read msg='EmptyLastHttpContent'
22:00:04.592 [TRACE] i.g.h.e.r.DefaultStatsProcessor - 
>>>>>>>>>>>>>>>>>>>>>>>>>>
Request:
simple_cpu_burn: OK 
=========================
Session:
Session(Acceptance test,1,1580331604537,Map(gatling.http.ssl.sslContexts -> SslContexts(io.netty.handler.ssl.JdkSslContext@21b9787d,None), gatling.http.cache.dns -> io.gatling.http.cache.DnsCacheSupport$$anon$1@5898ac4b, gatling.http.cache.baseUrl -> http://localhost:8080),0,OK,List(),io.gatling.core.protocol.ProtocolComponentsRegistry$$Lambda$598/0x000000084055d840@452b12e)
=========================
HTTP request:
GET http://localhost:8080/cpu/magic-identity-check?matrixSize=133
headers=
Accept: */*
Content-Type: application/json;charset=UTF-8
Accept-Language: en-US,en;q=0.8,nl;q=0.6
User-Agent: Mozilla/5.0 (Windows NT 6.1; WOW64) AppleWebKit/537.36 (KHTML, like Gecko) Chrome/38.0.2125.111 Safari/537.36
accept-encoding: gzip,deflate,sdch
host: localhost:8080
=========================
HTTP response:
status=
200 
headers= 
Content-Type: application/json;charset=UTF-8
Transfer-Encoding: chunked
Date: Wed, 29 Jan 2020 21:00:04 GMT

body=
{"message":"A simple magic square multiplied by an identity square of size [133] [is equal] to the magic square.","name":"Simple-PropertiesFileName","durationInMillis":2}
<<<<<<<<<<<<<<<<<<<<<<<<<
22:00:04.594 [DEBUG] i.g.c.a.Pause - Pausing for 4207ms (real=4193ms)
22:00:05.306 [INFO ] i.g.g.s.TcpSender - Failed to connect to Graphite server located at: influxdb.perfana.78.46.170.171.xip.io/78.46.170.171:2003
22:00:05.541 [DEBUG] i.g.h.e.t.HttpTxExecutor - Sending request=simple_cpu_burn uri=http://localhost:8080/cpu/magic-identity-check?matrixSize=133: scenario=Acceptance test, userId=2
22:00:05.542 [DEBUG] i.g.c.c.i.o.OpenWorkload - Start user #2
22:00:05.543 [DEBUG] i.g.h.c.i.HttpAppHandler - Write request WritableRequest{request=DefaultFullHttpRequest(decodeResult: success, version: HTTP/1.1, content: UnpooledByteBufAllocator$InstrumentedUnpooledUnsafeHeapByteBuf(ridx: 0, widx: 0, cap: 0))
GET /cpu/magic-identity-check?matrixSize=133 HTTP/1.1
Accept: */*
Content-Type: application/json;charset=UTF-8
Accept-Language: en-US,en;q=0.8,nl;q=0.6
User-Agent: Mozilla/5.0 (Windows NT 6.1; WOW64) AppleWebKit/537.36 (KHTML, like Gecko) Chrome/38.0.2125.111 Safari/537.36
accept-encoding: gzip,deflate,sdch
host: localhost:8080, content=null}
22:00:05.552 [DEBUG] i.g.c.c.i.o.OpenWorkload - Injecting 0 users in scenario Acceptance test, continue=true
22:00:05.559 [DEBUG] i.g.h.c.i.HttpAppHandler - Read msg='DefaultHttpResponse(decodeResult: success, version: HTTP/1.1)
HTTP/1.1 200 
Content-Type: application/json;charset=UTF-8
Transfer-Encoding: chunked
Date: Wed, 29 Jan 2020 21:00:04 GMT'
22:00:05.560 [DEBUG] i.g.h.c.i.HttpAppHandler - Read msg='DefaultHttpContent(data: PooledSlicedByteBuf(ridx: 0, widx: 170, cap: 170/170, unwrapped: PooledUnsafeDirectByteBuf(ridx: 304, widx: 309, cap: 1024)), decoderResult: success)'
22:00:05.560 [DEBUG] i.g.h.c.i.HttpAppHandler - Read msg='EmptyLastHttpContent'
22:00:05.561 [TRACE] i.g.h.e.r.DefaultStatsProcessor - 
>>>>>>>>>>>>>>>>>>>>>>>>>>
Request:
simple_cpu_burn: OK 
=========================
Session:
Session(Acceptance test,2,1580331605541,Map(gatling.http.ssl.sslContexts -> SslContexts(io.netty.handler.ssl.JdkSslContext@71cda059,None), gatling.http.cache.dns -> io.gatling.http.cache.DnsCacheSupport$$anon$1@5898ac4b, gatling.http.cache.baseUrl -> http://localhost:8080),0,OK,List(),io.gatling.core.protocol.ProtocolComponentsRegistry$$Lambda$598/0x000000084055d840@452b12e)
=========================
HTTP request:
GET http://localhost:8080/cpu/magic-identity-check?matrixSize=133
headers=
Accept: */*
Content-Type: application/json;charset=UTF-8
Accept-Language: en-US,en;q=0.8,nl;q=0.6
User-Agent: Mozilla/5.0 (Windows NT 6.1; WOW64) AppleWebKit/537.36 (KHTML, like Gecko) Chrome/38.0.2125.111 Safari/537.36
accept-encoding: gzip,deflate,sdch
host: localhost:8080
=========================
HTTP response:
status=
200 
headers= 
Content-Type: application/json;charset=UTF-8
Transfer-Encoding: chunked
Date: Wed, 29 Jan 2020 21:00:04 GMT

body=
{"message":"A simple magic square multiplied by an identity square of size [133] [is equal] to the magic square.","name":"Simple-PropertiesFileName","durationInMillis":3}
<<<<<<<<<<<<<<<<<<<<<<<<<
22:00:05.561 [DEBUG] i.g.c.a.Pause - Pausing for 2860ms (real=2859ms)
22:00:06.372 [INFO ] i.g.g.s.TcpSender - Failed to connect to Graphite server located at: influxdb.perfana.78.46.170.171.xip.io/78.46.170.171:2003
22:00:06.543 [DEBUG] i.g.h.e.t.HttpTxExecutor - Sending request=simple_cpu_burn uri=http://localhost:8080/cpu/magic-identity-check?matrixSize=133: scenario=Acceptance test, userId=3
22:00:06.543 [DEBUG] i.g.c.c.i.o.OpenWorkload - Start user #3
22:00:06.544 [DEBUG] i.g.h.c.i.HttpAppHandler - Write request WritableRequest{request=DefaultFullHttpRequest(decodeResult: success, version: HTTP/1.1, content: UnpooledByteBufAllocator$InstrumentedUnpooledUnsafeHeapByteBuf(ridx: 0, widx: 0, cap: 0))
GET /cpu/magic-identity-check?matrixSize=133 HTTP/1.1
Accept: */*
Content-Type: application/json;charset=UTF-8
Accept-Language: en-US,en;q=0.8,nl;q=0.6
User-Agent: Mozilla/5.0 (Windows NT 6.1; WOW64) AppleWebKit/537.36 (KHTML, like Gecko) Chrome/38.0.2125.111 Safari/537.36
accept-encoding: gzip,deflate,sdch
host: localhost:8080, content=null}
22:00:06.552 [DEBUG] i.g.c.c.i.o.OpenWorkload - Injecting 1 users in scenario Acceptance test, continue=true
22:00:06.555 [DEBUG] i.g.h.c.i.HttpAppHandler - Read msg='DefaultHttpResponse(decodeResult: success, version: HTTP/1.1)
HTTP/1.1 200 
Content-Type: application/json;charset=UTF-8
Transfer-Encoding: chunked
Date: Wed, 29 Jan 2020 21:00:06 GMT'
22:00:06.555 [DEBUG] i.g.h.c.i.HttpAppHandler - Read msg='DefaultHttpContent(data: PooledSlicedByteBuf(ridx: 0, widx: 170, cap: 170/170, unwrapped: PooledUnsafeDirectByteBuf(ridx: 304, widx: 309, cap: 1024)), decoderResult: success)'
22:00:06.556 [DEBUG] i.g.h.c.i.HttpAppHandler - Read msg='EmptyLastHttpContent'
22:00:06.556 [TRACE] i.g.h.e.r.DefaultStatsProcessor - 
>>>>>>>>>>>>>>>>>>>>>>>>>>
Request:
simple_cpu_burn: OK 
=========================
Session:
Session(Acceptance test,3,1580331606542,Map(gatling.http.ssl.sslContexts -> SslContexts(io.netty.handler.ssl.JdkSslContext@20df5ac6,None), gatling.http.cache.dns -> io.gatling.http.cache.DnsCacheSupport$$anon$1@5898ac4b, gatling.http.cache.baseUrl -> http://localhost:8080),0,OK,List(),io.gatling.core.protocol.ProtocolComponentsRegistry$$Lambda$598/0x000000084055d840@452b12e)
=========================
HTTP request:
GET http://localhost:8080/cpu/magic-identity-check?matrixSize=133
headers=
Accept: */*
Content-Type: application/json;charset=UTF-8
Accept-Language: en-US,en;q=0.8,nl;q=0.6
User-Agent: Mozilla/5.0 (Windows NT 6.1; WOW64) AppleWebKit/537.36 (KHTML, like Gecko) Chrome/38.0.2125.111 Safari/537.36
accept-encoding: gzip,deflate,sdch
host: localhost:8080
=========================
HTTP response:
status=
200 
headers= 
Content-Type: application/json;charset=UTF-8
Transfer-Encoding: chunked
Date: Wed, 29 Jan 2020 21:00:06 GMT

body=
{"message":"A simple magic square multiplied by an identity square of size [133] [is equal] to the magic square.","name":"Simple-PropertiesFileName","durationInMillis":3}
<<<<<<<<<<<<<<<<<<<<<<<<<
22:00:06.557 [DEBUG] i.g.c.a.Pause - Pausing for 7579ms (real=7579ms)
22:00:07.434 [INFO ] i.g.g.s.TcpSender - Failed to connect to Graphite server located at: influxdb.perfana.78.46.170.171.xip.io/78.46.170.171:2003
22:00:07.553 [DEBUG] i.g.h.e.t.HttpTxExecutor - Sending request=simple_cpu_burn uri=http://localhost:8080/cpu/magic-identity-check?matrixSize=133: scenario=Acceptance test, userId=4
22:00:07.554 [DEBUG] i.g.c.c.i.o.OpenWorkload - Injecting 1 users in scenario Acceptance test, continue=true
22:00:07.554 [DEBUG] i.g.c.c.i.o.OpenWorkload - Start user #4
22:00:07.557 [DEBUG] i.g.h.c.i.HttpAppHandler - Write request WritableRequest{request=DefaultFullHttpRequest(decodeResult: success, version: HTTP/1.1, content: UnpooledByteBufAllocator$InstrumentedUnpooledUnsafeHeapByteBuf(ridx: 0, widx: 0, cap: 0))
GET /cpu/magic-identity-check?matrixSize=133 HTTP/1.1
Accept: */*
Content-Type: application/json;charset=UTF-8
Accept-Language: en-US,en;q=0.8,nl;q=0.6
User-Agent: Mozilla/5.0 (Windows NT 6.1; WOW64) AppleWebKit/537.36 (KHTML, like Gecko) Chrome/38.0.2125.111 Safari/537.36
accept-encoding: gzip,deflate,sdch
host: localhost:8080, content=null}
22:00:07.585 [DEBUG] i.g.h.c.i.HttpAppHandler - Read msg='DefaultHttpResponse(decodeResult: success, version: HTTP/1.1)
HTTP/1.1 200 
Content-Type: application/json;charset=UTF-8
Transfer-Encoding: chunked
Date: Wed, 29 Jan 2020 21:00:07 GMT'
22:00:07.585 [DEBUG] i.g.h.c.i.HttpAppHandler - Read msg='DefaultHttpContent(data: PooledSlicedByteBuf(ridx: 0, widx: 170, cap: 170/170, unwrapped: PooledUnsafeDirectByteBuf(ridx: 304, widx: 309, cap: 1024)), decoderResult: success)'
22:00:07.586 [DEBUG] i.g.h.c.i.HttpAppHandler - Read msg='EmptyLastHttpContent'
22:00:07.587 [TRACE] i.g.h.e.r.DefaultStatsProcessor - 
>>>>>>>>>>>>>>>>>>>>>>>>>>
Request:
simple_cpu_burn: OK 
=========================
Session:
Session(Acceptance test,4,1580331607552,Map(gatling.http.ssl.sslContexts -> SslContexts(io.netty.handler.ssl.JdkSslContext@7f16ddd3,None), gatling.http.cache.dns -> io.gatling.http.cache.DnsCacheSupport$$anon$1@5898ac4b, gatling.http.cache.baseUrl -> http://localhost:8080),0,OK,List(),io.gatling.core.protocol.ProtocolComponentsRegistry$$Lambda$598/0x000000084055d840@452b12e)
=========================
HTTP request:
GET http://localhost:8080/cpu/magic-identity-check?matrixSize=133
headers=
Accept: */*
Content-Type: application/json;charset=UTF-8
Accept-Language: en-US,en;q=0.8,nl;q=0.6
User-Agent: Mozilla/5.0 (Windows NT 6.1; WOW64) AppleWebKit/537.36 (KHTML, like Gecko) Chrome/38.0.2125.111 Safari/537.36
accept-encoding: gzip,deflate,sdch
host: localhost:8080
=========================
HTTP response:
status=
200 
headers= 
Content-Type: application/json;charset=UTF-8
Transfer-Encoding: chunked
Date: Wed, 29 Jan 2020 21:00:07 GMT

body=
{"message":"A simple magic square multiplied by an identity square of size [133] [is equal] to the magic square.","name":"Simple-PropertiesFileName","durationInMillis":5}
<<<<<<<<<<<<<<<<<<<<<<<<<
22:00:07.587 [DEBUG] i.g.c.a.Pause - Pausing for 1019ms (real=1018ms)
22:00:08.432 [DEBUG] i.g.h.e.t.HttpTxExecutor - Sending request=simple_delay uri=http://localhost:8080/delay?duration=555: scenario=Acceptance test, userId=2
22:00:08.432 [DEBUG] i.g.h.c.i.HttpAppHandler - Write request WritableRequest{request=DefaultFullHttpRequest(decodeResult: success, version: HTTP/1.1, content: UnpooledByteBufAllocator$InstrumentedUnpooledUnsafeHeapByteBuf(ridx: 0, widx: 0, cap: 0))
GET /delay?duration=555 HTTP/1.1
Accept: */*
Content-Type: application/json;charset=UTF-8
Accept-Language: en-US,en;q=0.8,nl;q=0.6
User-Agent: Mozilla/5.0 (Windows NT 6.1; WOW64) AppleWebKit/537.36 (KHTML, like Gecko) Chrome/38.0.2125.111 Safari/537.36
accept-encoding: gzip,deflate,sdch
host: localhost:8080, content=null}
22:00:08.497 [INFO ] i.g.g.s.TcpSender - Failed to connect to Graphite server located at: influxemotedb.perfana.78.46.170.171.xip.io/78.46.170.171:2003
22:00:08.552 [DEBUG] i.g.h.e.t.HttpTxExecutor - Sending request=simple_cpu_burn uri=http://localhost:8080/cpu/magic-identity-check?matrixSize=133: scenario=Acceptance test, userId=5
22:00:08.552 [DEBUG] i.g.c.c.i.o.OpenWorkload - Injecting 1 users in scenario Acceptance test, continue=true
22:00:08.553 [DEBUG] i.g.c.c.i.o.OpenWorkload - Start user #5
22:00:08.554 [DEBUG] i.g.h.c.i.HttpAppHandler - Write request WritableRequest{request=DefaultFullHttpRequest(decodeResult: success, version: HTTP/1.1, content: UnpooledByteBufAllocator$InstrumentedUnpooledUnsafeHeapByteBuf(ridx: 0, widx: 0, cap: 0))
GET /cpu/magic-identity-check?matrixSize=133 HTTP/1.1
Accept: */*
Content-Type: application/json;charset=UTF-8
Accept-Language: en-US,en;q=0.8,nl;q=0.6
User-Agent: Mozilla/5.0 (Windows NT 6.1; WOW64) AppleWebKit/537.36 (KHTML, like Gecko) Chrome/38.0.2125.111 Safari/537.36
accept-encoding: gzip,deflate,sdch
host: localhost:8080, content=null}
22:00:08.565 [DEBUG] i.g.h.c.i.HttpAppHandler - Read msg='DefaultHttpResponse(decodeResult: success, version: HTTP/1.1)
HTTP/1.1 200 
Content-Type: application/json;charset=UTF-8
Transfer-Encoding: chunked
Date: Wed, 29 Jan 2020 21:00:07 GMT'
22:00:08.565 [DEBUG] i.g.h.c.i.HttpAppHandler - Read msg='DefaultHttpContent(data: PooledSlicedByteBuf(ridx: 0, widx: 170, cap: 170/170, unwrapped: PooledUnsafeDirectByteBuf(ridx: 304, widx: 309, cap: 1024)), decoderResult: success)'
22:00:08.565 [DEBUG] i.g.h.c.i.HttpAppHandler - Read msg='EmptyLastHttpContent'
22:00:08.566 [TRACE] i.g.h.e.r.DefaultStatsProcessor - 
>>>>>>>>>>>>>>>>>>>>>>>>>>
Request:
simple_cpu_burn: OK 
=========================
Session:
Session(Acceptance test,5,1580331608552,Map(gatling.http.ssl.sslContexts -> SslContexts(io.netty.handler.ssl.JdkSslContext@1ae03be2,None), gatling.http.cache.dns -> io.gatling.http.cache.DnsCacheSupport$$anon$1@5898ac4b, gatling.http.cache.baseUrl -> http://localhost:8080),0,OK,List(),io.gatling.core.protocol.ProtocolComponentsRegistry$$Lambda$598/0x000000084055d840@452b12e)
=========================
HTTP request:
GET http://localhost:8080/cpu/magic-identity-check?matrixSize=133
headers=
Accept: */*
Content-Type: application/json;charset=UTF-8
Accept-Language: en-US,en;q=0.8,nl;q=0.6
User-Agent: Mozilla/5.0 (Windows NT 6.1; WOW64) AppleWebKit/537.36 (KHTML, like Gecko) Chrome/38.0.2125.111 Safari/537.36
accept-encoding: gzip,deflate,sdch
host: localhost:8080
=========================
HTTP response:
status=
200 
headers= 
Content-Type: application/json;charset=UTF-8
Transfer-Encoding: chunked
Date: Wed, 29 Jan 2020 21:00:07 GMT

body=
{"message":"A simple magic square multiplied by an identity square of size [133] [is equal] to the magic square.","name":"Simple-PropertiesFileName","durationInMillis":2}
<<<<<<<<<<<<<<<<<<<<<<<<<
22:00:08.566 [DEBUG] i.g.c.a.Pause - Pausing for 1938ms (real=1937ms)
22:00:08.622 [DEBUG] i.g.h.e.t.HttpTxExecutor - Sending request=simple_delay uri=http://localhost:8080/delay?duration=555: scenario=Acceptance test, userId=4
22:00:08.622 [DEBUG] i.g.h.c.i.HttpAppHandler - Write request WritableRequest{request=DefaultFullHttpRequest(decodeResult: success, version: HTTP/1.1, content: UnpooledByteBufAllocator$InstrumentedUnpooledUnsafeHeapByteBuf(ridx: 0, widx: 0, cap: 0))
GET /delay?duration=555 HTTP/1.1
Accept: */*
Content-Type: application/json;charset=UTF-8
Accept-Language: en-US,en;q=0.8,nl;q=0.6
User-Agent: Mozilla/5.0 (Windows NT 6.1; WOW64) AppleWebKit/537.36 (KHTML, like Gecko) Chrome/38.0.2125.111 Safari/537.36
accept-encoding: gzip,deflate,sdch
host: localhost:8080, content=null}
22:00:08.812 [DEBUG] i.g.h.e.t.HttpTxExecutor - Sending request=simple_delay uri=http://localhost:8080/delay?duration=555: scenario=Acceptance test, userId=1
22:00:08.813 [DEBUG] i.g.h.c.i.HttpAppHandler - Write request WritableRequest{request=DefaultFullHttpRequest(decodeResult: success, version: HTTP/1.1, content: UnpooledByteBufAllocator$InstrumentedUnpooledUnsafeHeapByteBuf(ridx: 0, widx: 0, cap: 0))
GET /delay?duration=555 HTTP/1.1
Accept: */*
Content-Type: application/json;charset=UTF-8
Accept-Language: en-US,en;q=0.8,nl;q=0.6
User-Agent: Mozilla/5.0 (Windows NT 6.1; WOW64) AppleWebKit/537.36 (KHTML, like Gecko) Chrome/38.0.2125.111 Safari/537.36
accept-encoding: gzip,deflate,sdch
host: localhost:8080, content=null}
22:00:08.990 [DEBUG] i.g.h.c.i.HttpAppHandler - Read msg='DefaultHttpResponse(decodeResult: success, version: HTTP/1.1)
HTTP/1.1 200 
Content-Type: application/json;charset=UTF-8
Transfer-Encoding: chunked
Date: Wed, 29 Jan 2020 21:00:08 GMT'
22:00:08.991 [DEBUG] i.g.h.c.i.HttpAppHandler - Read msg='DefaultHttpContent(data: PooledSlicedByteBuf(ridx: 0, widx: 95, cap: 95/95, unwrapped: PooledUnsafeDirectByteBuf(ridx: 229, widx: 234, cap: 1024)), decoderResult: success)'
22:00:08.991 [DEBUG] i.g.h.c.i.HttpAppHandler - Read msg='EmptyLastHttpContent'
22:00:08.994 [TRACE] i.g.h.e.r.DefaultStatsProcessor - 
>>>>>>>>>>>>>>>>>>>>>>>>>>
Request:
simple_delay: OK 
=========================
Session:
Session(Acceptance test,2,1580331605541,Map(gatling.http.ssl.sslContexts -> SslContexts(io.netty.handler.ssl.JdkSslContext@71cda059,None), gatling.http.cache.dns -> io.gatling.http.cache.DnsCacheSupport$$anon$1@5898ac4b, gatling.http.cache.baseUrl -> http://localhost:8080),11,OK,List(),io.gatling.core.protocol.ProtocolComponentsRegistry$$Lambda$598/0x000000084055d840@452b12e)
=========================
HTTP request:
GET http://localhost:8080/delay?duration=555
headers=
Accept: */*
Content-Type: application/json;charset=UTF-8
Accept-Language: en-US,en;q=0.8,nl;q=0.6
User-Agent: Mozilla/5.0 (Windows NT 6.1; WOW64) AppleWebKit/537.36 (KHTML, like Gecko) Chrome/38.0.2125.111 Safari/537.36
accept-encoding: gzip,deflate,sdch
host: localhost:8080
=========================
HTTP response:
status=
200 
headers= 
Content-Type: application/json;charset=UTF-8
Transfer-Encoding: chunked
Date: Wed, 29 Jan 2020 21:00:08 GMT

body=
{"message":"This was a delay of 555","name":"Simple-PropertiesFileName","durationInMillis":555}
<<<<<<<<<<<<<<<<<<<<<<<<<
22:00:08.994 [DEBUG] i.g.c.a.Pause - Pausing for 438ms (real=424ms)
22:00:09.179 [DEBUG] i.g.h.c.i.HttpAppHandler - Read msg='DefaultHttpResponse(decodeResult: success, version: HTTP/1.1)
HTTP/1.1 200 
Content-Type: application/json;charset=UTF-8
Transfer-Encoding: chunked
Date: Wed, 29 Jan 2020 21:00:08 GMT'
22:00:09.179 [DEBUG] i.g.h.c.i.HttpAppHandler - Read msg='DefaultHttpContent(data: PooledSlicedByteBuf(ridx: 0, widx: 95, cap: 95/95, unwrapped: PooledUnsafeDirectByteBuf(ridx: 229, widx: 234, cap: 1024)), decoderResult: success)'
22:00:09.180 [DEBUG] i.g.h.c.i.HttpAppHandler - Read msg='EmptyLastHttpContent'
22:00:09.180 [TRACE] i.g.h.e.r.DefaultStatsProcessor - 
>>>>>>>>>>>>>>>>>>>>>>>>>>
Request:
simple_delay: OK 
=========================
Session:
Session(Acceptance test,4,1580331607552,Map(gatling.http.ssl.sslContexts -> SslContexts(io.netty.handler.ssl.JdkSslContext@7f16ddd3,None), gatling.http.cache.dns -> io.gatling.http.cache.DnsCacheSupport$$anon$1@5898ac4b, gatling.http.cache.baseUrl -> http://localhost:8080),16,OK,List(),io.gatling.core.protocol.ProtocolComponentsRegistry$$Lambda$598/0x000000084055d840@452b12e)
=========================
HTTP request:
GET http://localhost:8080/delay?duration=555
headers=
Accept: */*
Content-Type: application/json;charset=UTF-8
Accept-Language: en-US,en;q=0.8,nl;q=0.6
User-Agent: Mozilla/5.0 (Windows NT 6.1; WOW64) AppleWebKit/537.36 (KHTML, like Gecko) Chrome/38.0.2125.111 Safari/537.36
accept-encoding: gzip,deflate,sdch
host: localhost:8080
=========================
HTTP response:
status=
200 
headers= 
Content-Type: application/json;charset=UTF-8
Transfer-Encoding: chunked
Date: Wed, 29 Jan 2020 21:00:08 GMT

body=
{"message":"This was a delay of 555","name":"Simple-PropertiesFileName","durationInMillis":555}
<<<<<<<<<<<<<<<<<<<<<<<<<
22:00:09.180 [DEBUG] i.g.c.a.Pause - Pausing for 657ms (real=641ms)

================================================================================
2020-01-29 22:00:09                                           5s elapsed
---- Requests ------------------------------------------------------------------
> Global                                                   (OK=6      KO=0     )
> simple_cpu_burn                                          (OK=5      KO=0     )
> simple_delay                                             (OK=1      KO=0     )

---- Acceptance test -----------------------------------------------------------
[-                                                                         ]  0%
          waiting: 685    / active: 5      / done: 0     
================================================================================

22:00:09.371 [DEBUG] i.g.h.c.i.HttpAppHandler - Read msg='DefaultHttpResponse(decodeResult: success, version: HTTP/1.1)
HTTP/1.1 200 
Content-Type: application/json;charset=UTF-8
Transfer-Encoding: chunked
Date: Wed, 29 Jan 2020 21:00:08 GMT'
22:00:09.372 [DEBUG] i.g.h.c.i.HttpAppHandler - Read msg='DefaultHttpContent(data: PooledSlicedByteBuf(ridx: 0, widx: 95, cap: 95/95, unwrapped: PooledUnsafeDirectByteBuf(ridx: 229, widx: 234, cap: 1024)), decoderResult: success)'
22:00:09.372 [DEBUG] i.g.h.c.i.HttpAppHandler - Read msg='EmptyLastHttpContent'
22:00:09.374 [TRACE] i.g.h.e.r.DefaultStatsProcessor - 
>>>>>>>>>>>>>>>>>>>>>>>>>>
Request:
simple_delay: OK 
=========================
Session:
Session(Acceptance test,1,1580331604537,Map(gatling.http.ssl.sslContexts -> SslContexts(io.netty.handler.ssl.JdkSslContext@21b9787d,None), gatling.http.cache.dns -> io.gatling.http.cache.DnsCacheSupport$$anon$1@5898ac4b, gatling.http.cache.baseUrl -> http://localhost:8080),25,OK,List(),io.gatling.core.protocol.ProtocolComponentsRegistry$$Lambda$598/0x000000084055d840@452b12e)
=========================
HTTP request:
GET http://localhost:8080/delay?duration=555
headers=
Accept: */*
Content-Type: application/json;charset=UTF-8
Accept-Language: en-US,en;q=0.8,nl;q=0.6
User-Agent: Mozilla/5.0 (Windows NT 6.1; WOW64) AppleWebKit/537.36 (KHTML, like Gecko) Chrome/38.0.2125.111 Safari/537.36
accept-encoding: gzip,deflate,sdch
host: localhost:8080
=========================
HTTP response:
status=
200 
headers= 
Content-Type: application/json;charset=UTF-8
Transfer-Encoding: chunked
Date: Wed, 29 Jan 2020 21:00:08 GMT

body=
{"message":"This was a delay of 555","name":"Simple-PropertiesFileName","durationInMillis":555}
<<<<<<<<<<<<<<<<<<<<<<<<<
22:00:09.374 [DEBUG] i.g.c.a.Pause - Pausing for 4167ms (real=4140ms)
22:00:09.442 [DEBUG] i.g.h.e.t.HttpTxExecutor - Sending request=simple_mini_leak uri=http://localhost:8080/memory/grow?objects=8&items=54: scenario=Acceptance test, userId=2
22:00:09.443 [DEBUG] i.g.h.c.i.HttpAppHandler - Write request WritableRequest{request=DefaultFullHttpRequest(decodeResult: success, version: HTTP/1.1, content: UnpooledByteBufAllocator$InstrumentedUnpooledUnsafeHeapByteBuf(ridx: 0, widx: 0, cap: 0))
GET /memory/grow?objects=8&items=54 HTTP/1.1
Accept: */*
Content-Type: application/json;charset=UTF-8
Accept-Language: en-US,en;q=0.8,nl;q=0.6
User-Agent: Mozilla/5.0 (Windows NT 6.1; WOW64) AppleWebKit/537.36 (KHTML, like Gecko) Chrome/38.0.2125.111 Safari/537.36
accept-encoding: gzip,deflate,sdch
host: localhost:8080, content=null}
22:00:09.452 [DEBUG] i.g.h.c.i.HttpAppHandler - Read msg='DefaultHttpResponse(decodeResult: success, version: HTTP/1.1)
HTTP/1.1 200 
Content-Type: application/json;charset=UTF-8
Transfer-Encoding: chunked
Date: Wed, 29 Jan 2020 21:00:08 GMT'
22:00:09.452 [DEBUG] i.g.h.c.i.HttpAppHandler - Read msg='DefaultHttpContent(data: PooledSlicedByteBuf(ridx: 0, widx: 144, cap: 144/144, unwrapped: PooledUnsafeDirectByteBuf(ridx: 278, widx: 283, cap: 512)), decoderResult: success)'
22:00:09.453 [DEBUG] i.g.h.c.i.HttpAppHandler - Read msg='EmptyLastHttpContent'
22:00:09.455 [TRACE] i.g.h.e.r.DefaultStatsProcessor - 
>>>>>>>>>>>>>>>>>>>>>>>>>>
Request:
simple_mini_leak: OK 
=========================
Session:
Session(Acceptance test,2,1580331605541,Map(gatling.http.ssl.sslContexts -> SslContexts(io.netty.handler.ssl.JdkSslContext@71cda059,None), gatling.http.cache.dns -> io.gatling.http.cache.DnsCacheSupport$$anon$1@5898ac4b, gatling.http.cache.baseUrl -> http://localhost:8080),23,OK,List(),io.gatling.core.protocol.ProtocolComponentsRegistry$$Lambda$598/0x000000084055d840@452b12e)
=========================
HTTP request:
GET http://localhost:8080/memory/grow?objects=8&items=54
headers=
Accept: */*
Content-Type: application/json;charset=UTF-8
Accept-Language: en-US,en;q=0.8,nl;q=0.6
User-Agent: Mozilla/5.0 (Windows NT 6.1; WOW64) AppleWebKit/537.36 (KHTML, like Gecko) Chrome/38.0.2125.111 Safari/537.36
accept-encoding: gzip,deflate,sdch
host: localhost:8080
=========================
HTTP response:
status=
200 
headers= 
Content-Type: application/json;charset=UTF-8
Transfer-Encoding: chunked
Date: Wed, 29 Jan 2020 21:00:08 GMT

body=
{"message":"Size of BigFatBastard list is now 11032 objects. It contains 595728 items.","name":"Simple-PropertiesFileName","durationInMillis":5}
<<<<<<<<<<<<<<<<<<<<<<<<<
22:00:09.455 [DEBUG] i.g.c.a.Pause - Pausing for 4345ms (real=4320ms)
22:00:09.551 [DEBUG] i.g.h.e.t.HttpTxExecutor - Sending request=simple_cpu_burn uri=http://localhost:8080/cpu/magic-identity-check?matrixSize=133: scenario=Acceptance test, userId=6
22:00:09.551 [DEBUG] i.g.c.c.i.o.OpenWorkload - Injecting 1 users in scenario Acceptance test, continue=true
22:00:09.552 [DEBUG] i.g.c.c.i.o.OpenWorkload - Start user #6
22:00:09.553 [DEBUG] i.g.h.c.i.HttpAppHandler - Write request WritableRequest{request=DefaultFullHttpRequest(decodeResult: success, version: HTTP/1.1, content: UnpooledByteBufAllocator$InstrumentedUnpooledUnsafeHeapByteBuf(ridx: 0, widx: 0, cap: 0))
GET /cpu/magic-identity-check?matrixSize=133 HTTP/1.1
Accept: */*
Content-Type: application/json;charset=UTF-8
Accept-Language: en-US,en;q=0.8,nl;q=0.6
User-Agent: Mozilla/5.0 (Windows NT 6.1; WOW64) AppleWebKit/537.36 (KHTML, like Gecko) Chrome/38.0.2125.111 Safari/537.36
accept-encoding: gzip,deflate,sdch
host: localhost:8080, content=null}
22:00:09.562 [DEBUG] i.g.g.s.TcpSender - All connection/sending retries have been exhausted, ignore further messages
22:00:09.562 [DEBUG] i.g.h.c.i.HttpAppHandler - Read msg='DefaultHttpResponse(decodeResult: success, version: HTTP/1.1)
HTTP/1.1 200 
Content-Type: application/json;charset=UTF-8
Transfer-Encoding: chunked
Date: Wed, 29 Jan 2020 21:00:08 GMT'
22:00:09.563 [DEBUG] i.g.h.c.i.HttpAppHandler - Read msg='DefaultHttpContent(data: PooledSlicedByteBuf(ridx: 0, widx: 170, cap: 170/170, unwrapped: PooledUnsafeDirectByteBuf(ridx: 304, widx: 304, cap: 1024)), decoderResult: success)'
22:00:09.563 [DEBUG] i.g.h.c.i.HttpAppHandler - Read msg='EmptyLastHttpContent'
22:00:09.564 [TRACE] i.g.h.e.r.DefaultStatsProcessor - 
>>>>>>>>>>>>>>>>>>>>>>>>>>
Request:
simple_cpu_burn: OK 
=========================
Session:
Session(Acceptance test,6,1580331609551,Map(gatling.http.ssl.sslContexts -> SslContexts(io.netty.handler.ssl.JdkSslContext@15cbd4ae,None), gatling.http.cache.dns -> io.gatling.http.cache.DnsCacheSupport$$anon$1@5898ac4b, gatling.http.cache.baseUrl -> http://localhost:8080),0,OK,List(),io.gatling.core.protocol.ProtocolComponentsRegistry$$Lambda$598/0x000000084055d840@452b12e)
=========================
HTTP request:
GET http://localhost:8080/cpu/magic-identity-check?matrixSize=133
headers=
Accept: */*
Content-Type: application/json;charset=UTF-8
Accept-Language: en-US,en;q=0.8,nl;q=0.6
User-Agent: Mozilla/5.0 (Windows NT 6.1; WOW64) AppleWebKit/537.36 (KHTML, like Gecko) Chrome/38.0.2125.111 Safari/537.36
accept-encoding: gzip,deflate,sdch
host: localhost:8080
=========================
HTTP response:
status=
200 
headers= 
Content-Type: application/json;charset=UTF-8
Transfer-Encoding: chunked
Date: Wed, 29 Jan 2020 21:00:08 GMT

body=
{"message":"A simple magic square multiplied by an identity square of size [133] [is equal] to the magic square.","name":"Simple-PropertiesFileName","durationInMillis":2}
<<<<<<<<<<<<<<<<<<<<<<<<<
22:00:09.564 [DEBUG] i.g.c.a.Pause - Pausing for 5850ms (real=5849ms)
22:00:09.842 [DEBUG] i.g.h.e.t.HttpTxExecutor - Sending request=simple_mini_leak uri=http://localhost:8080/memory/grow?objects=8&items=54: scenario=Acceptance test, userId=4
22:00:09.843 [DEBUG] i.g.h.c.i.HttpAppHandler - Write request WritableRequest{request=DefaultFullHttpRequest(decodeResult: success, version: HTTP/1.1, content: UnpooledByteBufAllocator$InstrumentedUnpooledUnsafeHeapByteBuf(ridx: 0, widx: 0, cap: 0))
GET /memory/grow?objects=8&items=54 HTTP/1.1
Accept: */*
Content-Type: application/json;charset=UTF-8
Accept-Language: en-US,en;q=0.8,nl;q=0.6
User-Agent: Mozilla/5.0 (Windows NT 6.1; WOW64) AppleWebKit/537.36 (KHTML, like Gecko) Chrome/38.0.2125.111 Safari/537.36
accept-encoding: gzip,deflate,sdch
host: localhost:8080, content=null}
22:00:09.852 [DEBUG] i.g.h.c.i.HttpAppHandler - Read msg='DefaultHttpResponse(decodeResult: success, version: HTTP/1.1)
HTTP/1.1 200 
Content-Type: application/json;charset=UTF-8
Transfer-Encoding: chunked
Date: Wed, 29 Jan 2020 21:00:08 GMT'
22:00:09.853 [DEBUG] i.g.h.c.i.HttpAppHandler - Read msg='DefaultHttpContent(data: PooledSlicedByteBuf(ridx: 0, widx: 144, cap: 144/144, unwrapped: PooledUnsafeDirectByteBuf(ridx: 278, widx: 278, cap: 512)), decoderResult: success)'
22:00:09.853 [DEBUG] i.g.h.c.i.HttpAppHandler - Read msg='EmptyLastHttpContent'
22:00:09.855 [TRACE] i.g.h.e.r.DefaultStatsProcessor - 
>>>>>>>>>>>>>>>>>>>>>>>>>>
Request:
simple_mini_leak: OK 
=========================
Session:
Session(Acceptance test,4,1580331607552,Map(gatling.http.ssl.sslContexts -> SslContexts(io.netty.handler.ssl.JdkSslContext@7f16ddd3,None), gatling.http.cache.dns -> io.gatling.http.cache.DnsCacheSupport$$anon$1@5898ac4b, gatling.http.cache.baseUrl -> http://localhost:8080),20,OK,List(),io.gatling.core.protocol.ProtocolComponentsRegistry$$Lambda$598/0x000000084055d840@452b12e)
=========================
HTTP request:
GET http://localhost:8080/memory/grow?objects=8&items=54
headers=
Accept: */*
Content-Type: application/json;charset=UTF-8
Accept-Language: en-US,en;q=0.8,nl;q=0.6
User-Agent: Mozilla/5.0 (Windows NT 6.1; WOW64) AppleWebKit/537.36 (KHTML, like Gecko) Chrome/38.0.2125.111 Safari/537.36
accept-encoding: gzip,deflate,sdch
host: localhost:8080
=========================
HTTP response:
status=
200 
headers= 
Content-Type: application/json;charset=UTF-8
Transfer-Encoding: chunked
Date: Wed, 29 Jan 2020 21:00:08 GMT

body=
{"message":"Size of BigFatBastard list is now 11040 objects. It contains 596160 items.","name":"Simple-PropertiesFileName","durationInMillis":5}
<<<<<<<<<<<<<<<<<<<<<<<<<
22:00:09.856 [DEBUG] i.g.c.a.Pause - Pausing for 464ms (real=442ms)
22:00:10.368 [DEBUG] i.g.h.e.t.HttpTxExecutor - Sending request=upload-file uri=http://localhost:8080/files/upload: scenario=Acceptance test, userId=4
22:00:10.370 [DEBUG] i.g.h.c.i.HttpAppHandler - Write request WritableRequest{request=DefaultHttpRequest(decodeResult: success, version: HTTP/1.1)
POST /files/upload HTTP/1.1
Accept: */*
Accept-Language: en-US,en;q=0.8,nl;q=0.6
User-Agent: Mozilla/5.0 (Windows NT 6.1; WOW64) AppleWebKit/537.36 (KHTML, like Gecko) Chrome/38.0.2125.111 Safari/537.36
accept-encoding: gzip,deflate,sdch
host: localhost:8080
content-type: multipart/form-data; boundary=MZU45k4W_g4-LkOT1vo9p05QuB2PImSOCTq
content-length: 220, content=io.gatling.http.client.body.multipart.impl.MultipartFileRegion@1874106c}
22:00:10.374 [DEBUG] i.g.h.c.i.HttpAppHandler - Read msg='DefaultHttpResponse(decodeResult: success, version: HTTP/1.1)
HTTP/1.1 200 
Content-Type: text/plain;charset=UTF-8
Content-Length: 62
Date: Wed, 29 Jan 2020 21:00:10 GMT'
22:00:10.374 [DEBUG] i.g.h.c.i.HttpAppHandler - Read msg='DefaultLastHttpContent(data: PooledSlicedByteBuf(ridx: 0, widx: 62, cap: 62/62, unwrapped: PooledUnsafeDirectByteBuf(ridx: 176, widx: 176, cap: 496)), decoderResult: success)'
22:00:10.377 [TRACE] i.g.h.e.r.DefaultStatsProcessor - 
>>>>>>>>>>>>>>>>>>>>>>>>>>
Request:
upload-file: OK 
=========================
Session:
Session(Acceptance test,4,1580331607552,Map(gatling.http.ssl.sslContexts -> SslContexts(io.netty.handler.ssl.JdkSslContext@7f16ddd3,None), gatling.http.cache.dns -> io.gatling.http.cache.DnsCacheSupport$$anon$1@5898ac4b, gatling.http.cache.baseUrl -> http://localhost:8080),24,OK,List(),io.gatling.core.protocol.ProtocolComponentsRegistry$$Lambda$598/0x000000084055d840@452b12e)
=========================
HTTP request:
POST http://localhost:8080/files/upload
headers=
Accept: */*
Accept-Language: en-US,en;q=0.8,nl;q=0.6
User-Agent: Mozilla/5.0 (Windows NT 6.1; WOW64) AppleWebKit/537.36 (KHTML, like Gecko) Chrome/38.0.2125.111 Safari/537.36
accept-encoding: gzip,deflate,sdch
host: localhost:8080
content-type: multipart/form-data; boundary=MZU45k4W_g4-LkOT1vo9p05QuB2PImSOCTq
content-length: 220
multipartBody=
ByteArrayPart: name=upload contentType=text/plain dispositionType=null charset=UTF-8 transferEncoding=null contentId=null filename=gatling-upload.txt
=========================
HTTP response:
status=
200 
headers= 
Content-Type: text/plain;charset=UTF-8
Content-Length: 62
Date: Wed, 29 Jan 2020 21:00:10 GMT

body=
File upload succeeded [gatling-upload.txt] of size [17] bytes.
<<<<<<<<<<<<<<<<<<<<<<<<<
22:00:10.377 [DEBUG] i.g.c.a.Exit - End user #4
22:00:10.379 [DEBUG] i.g.c.c.i.Injector - End user #4
22:00:10.522 [DEBUG] i.g.h.e.t.HttpTxExecutor - Sending request=simple_delay uri=http://localhost:8080/delay?duration=555: scenario=Acceptance test, userId=5
22:00:10.522 [DEBUG] i.g.h.c.i.HttpAppHandler - Write request WritableRequest{request=DefaultFullHttpRequest(decodeResult: success, version: HTTP/1.1, content: UnpooledByteBufAllocator$InstrumentedUnpooledUnsafeHeapByteBuf(ridx: 0, widx: 0, cap: 0))
GET /delay?duration=555 HTTP/1.1
Accept: */*
Content-Type: application/json;charset=UTF-8
Accept-Language: en-US,en;q=0.8,nl;q=0.6
User-Agent: Mozilla/5.0 (Windows NT 6.1; WOW64) AppleWebKit/537.36 (KHTML, like Gecko) Chrome/38.0.2125.111 Safari/537.36
accept-encoding: gzip,deflate,sdch
host: localhost:8080, content=null}
22:00:10.552 [DEBUG] i.g.c.c.i.o.OpenWorkload - Injecting 1 users in scenario Acceptance test, continue=true
22:00:10.552 [DEBUG] i.g.h.e.t.HttpTxExecutor - Sending request=simple_cpu_burn uri=http://localhost:8080/cpu/magic-identity-check?matrixSize=133: scenario=Acceptance test, userId=7
22:00:10.553 [DEBUG] i.g.c.c.i.o.OpenWorkload - Start user #7
22:00:10.555 [DEBUG] i.g.h.c.i.HttpAppHandler - Write request WritableRequest{request=DefaultFullHttpRequest(decodeResult: success, version: HTTP/1.1, content: UnpooledByteBufAllocator$InstrumentedUnpooledUnsafeHeapByteBuf(ridx: 0, widx: 0, cap: 0))
GET /cpu/magic-identity-check?matrixSize=133 HTTP/1.1
Accept: */*
Content-Type: application/json;charset=UTF-8
Accept-Language: en-US,en;q=0.8,nl;q=0.6
User-Agent: Mozilla/5.0 (Windows NT 6.1; WOW64) AppleWebKit/537.36 (KHTML, like Gecko) Chrome/38.0.2125.111 Safari/537.36
accept-encoding: gzip,deflate,sdch
host: localhost:8080, content=null}
22:00:10.569 [DEBUG] i.g.h.c.i.HttpAppHandler - Read msg='DefaultHttpResponse(decodeResult: success, version: HTTP/1.1)
HTTP/1.1 200 
Content-Type: application/json;charset=UTF-8
Transfer-Encoding: chunked
Date: Wed, 29 Jan 2020 21:00:10 GMT'
22:00:10.569 [DEBUG] i.g.h.c.i.HttpAppHandler - Read msg='DefaultHttpContent(data: PooledSlicedByteBuf(ridx: 0, widx: 170, cap: 170/170, unwrapped: PooledUnsafeDirectByteBuf(ridx: 304, widx: 309, cap: 1024)), decoderResult: success)'
22:00:10.569 [DEBUG] i.g.h.c.i.HttpAppHandler - Read msg='EmptyLastHttpContent'
22:00:10.570 [TRACE] i.g.h.e.r.DefaultStatsProcessor - 
>>>>>>>>>>>>>>>>>>>>>>>>>>
Request:
simple_cpu_burn: OK 
=========================
Session:
Session(Acceptance test,7,1580331610551,Map(gatling.http.ssl.sslContexts -> SslContexts(io.netty.handler.ssl.JdkSslContext@1b4ac8a7,None), gatling.http.cache.dns -> io.gatling.http.cache.DnsCacheSupport$$anon$1@5898ac4b, gatling.http.cache.baseUrl -> http://localhost:8080),0,OK,List(),io.gatling.core.protocol.ProtocolComponentsRegistry$$Lambda$598/0x000000084055d840@452b12e)
=========================
HTTP request:
GET http://localhost:8080/cpu/magic-identity-check?matrixSize=133
headers=
Accept: */*
Content-Type: application/json;charset=UTF-8
Accept-Language: en-US,en;q=0.8,nl;q=0.6
User-Agent: Mozilla/5.0 (Windows NT 6.1; WOW64) AppleWebKit/537.36 (KHTML, like Gecko) Chrome/38.0.2125.111 Safari/537.36
accept-encoding: gzip,deflate,sdch
host: localhost:8080
=========================
HTTP response:
status=
200 
headers= 
Content-Type: application/json;charset=UTF-8
Transfer-Encoding: chunked
Date: Wed, 29 Jan 2020 21:00:10 GMT

body=
{"message":"A simple magic square multiplied by an identity square of size [133] [is equal] to the magic square.","name":"Simple-PropertiesFileName","durationInMillis":3}
<<<<<<<<<<<<<<<<<<<<<<<<<
22:00:10.571 [DEBUG] i.g.c.a.Pause - Pausing for 1914ms (real=1913ms)
22:00:11.080 [DEBUG] i.g.h.c.i.HttpAppHandler - Read msg='DefaultHttpResponse(decodeResult: success, version: HTTP/1.1)
HTTP/1.1 200 
Content-Type: application/json;charset=UTF-8
Transfer-Encoding: chunked
Date: Wed, 29 Jan 2020 21:00:10 GMT'
22:00:11.081 [DEBUG] i.g.h.c.i.HttpAppHandler - Read msg='DefaultHttpContent(data: PooledSlicedByteBuf(ridx: 0, widx: 95, cap: 95/95, unwrapped: PooledUnsafeDirectByteBuf(ridx: 229, widx: 234, cap: 1024)), decoderResult: success)'
22:00:11.081 [DEBUG] i.g.h.c.i.HttpAppHandler - Read msg='EmptyLastHttpContent'
22:00:11.084 [TRACE] i.g.h.e.r.DefaultStatsProcessor - 
>>>>>>>>>>>>>>>>>>>>>>>>>>
Request:
simple_delay: OK 
=========================
Session:
Session(Acceptance test,5,1580331608552,Map(gatling.http.ssl.sslContexts -> SslContexts(io.netty.handler.ssl.JdkSslContext@1ae03be2,None), gatling.http.cache.dns -> io.gatling.http.cache.DnsCacheSupport$$anon$1@5898ac4b, gatling.http.cache.baseUrl -> http://localhost:8080),18,OK,List(),io.gatling.core.protocol.ProtocolComponentsRegistry$$Lambda$598/0x000000084055d840@452b12e)
=========================
HTTP request:
GET http://localhost:8080/delay?duration=555
headers=
Accept: */*
Content-Type: application/json;charset=UTF-8
Accept-Language: en-US,en;q=0.8,nl;q=0.6
User-Agent: Mozilla/5.0 (Windows NT 6.1; WOW64) AppleWebKit/537.36 (KHTML, like Gecko) Chrome/38.0.2125.111 Safari/537.36
accept-encoding: gzip,deflate,sdch
host: localhost:8080
=========================
HTTP response:
status=
200 
headers= 
Content-Type: application/json;charset=UTF-8
Transfer-Encoding: chunked
Date: Wed, 29 Jan 2020 21:00:10 GMT

body=
{"message":"This was a delay of 555","name":"Simple-PropertiesFileName","durationInMillis":555}
<<<<<<<<<<<<<<<<<<<<<<<<<
22:00:11.084 [DEBUG] i.g.c.a.Pause - Pausing for 1807ms (real=1787ms)
22:00:11.553 [DEBUG] i.g.c.c.i.o.OpenWorkload - Injecting 1 users in scenario Acceptance test, continue=true
22:00:11.553 [DEBUG] i.g.h.e.t.HttpTxExecutor - Sending request=simple_cpu_burn uri=http://localhost:8080/cpu/magic-identity-check?matrixSize=133: scenario=Acceptance test, userId=8
22:00:11.554 [DEBUG] i.g.c.c.i.o.OpenWorkload - Start user #8
22:00:11.556 [DEBUG] i.g.h.c.i.HttpAppHandler - Write request WritableRequest{request=DefaultFullHttpRequest(decodeResult: success, version: HTTP/1.1, content: UnpooledByteBufAllocator$InstrumentedUnpooledUnsafeHeapByteBuf(ridx: 0, widx: 0, cap: 0))
GET /cpu/magic-identity-check?matrixSize=133 HTTP/1.1
Accept: */*
Content-Type: application/json;charset=UTF-8
Accept-Language: en-US,en;q=0.8,nl;q=0.6
User-Agent: Mozilla/5.0 (Windows NT 6.1; WOW64) AppleWebKit/537.36 (KHTML, like Gecko) Chrome/38.0.2125.111 Safari/537.36
accept-encoding: gzip,deflate,sdch
host: localhost:8080, content=null}
22:00:11.570 [DEBUG] i.g.h.c.i.HttpAppHandler - Read msg='DefaultHttpResponse(decodeResult: success, version: HTTP/1.1)
HTTP/1.1 200 
Content-Type: application/json;charset=UTF-8
Transfer-Encoding: chunked
Date: Wed, 29 Jan 2020 21:00:11 GMT'
22:00:11.570 [DEBUG] i.g.h.c.i.HttpAppHandler - Read msg='DefaultHttpContent(data: PooledSlicedByteBuf(ridx: 0, widx: 170, cap: 170/170, unwrapped: PooledUnsafeDirectByteBuf(ridx: 304, widx: 309, cap: 1024)), decoderResult: success)'
22:00:11.570 [DEBUG] i.g.h.c.i.HttpAppHandler - Read msg='EmptyLastHttpContent'
22:00:11.571 [TRACE] i.g.h.e.r.DefaultStatsProcessor - 
>>>>>>>>>>>>>>>>>>>>>>>>>>
Request:
simple_cpu_burn: OK 
=========================
Session:
Session(Acceptance test,8,1580331611552,Map(gatling.http.ssl.sslContexts -> SslContexts(io.netty.handler.ssl.JdkSslContext@631eb57b,None), gatling.http.cache.dns -> io.gatling.http.cache.DnsCacheSupport$$anon$1@5898ac4b, gatling.http.cache.baseUrl -> http://localhost:8080),0,OK,List(),io.gatling.core.protocol.ProtocolComponentsRegistry$$Lambda$598/0x000000084055d840@452b12e)
=========================
HTTP request:
GET http://localhost:8080/cpu/magic-identity-check?matrixSize=133
headers=
Accept: */*
Content-Type: application/json;charset=UTF-8
Accept-Language: en-US,en;q=0.8,nl;q=0.6
User-Agent: Mozilla/5.0 (Windows NT 6.1; WOW64) AppleWebKit/537.36 (KHTML, like Gecko) Chrome/38.0.2125.111 Safari/537.36
accept-encoding: gzip,deflate,sdch
host: localhost:8080
=========================
HTTP response:
status=
200 
headers= 
Content-Type: application/json;charset=UTF-8
Transfer-Encoding: chunked
Date: Wed, 29 Jan 2020 21:00:11 GMT

body=
{"message":"A simple magic square multiplied by an identity square of size [133] [is equal] to the magic square.","name":"Simple-PropertiesFileName","durationInMillis":2}
<<<<<<<<<<<<<<<<<<<<<<<<<
22:00:11.572 [DEBUG] i.g.c.a.Pause - Pausing for 2862ms (real=2860ms)
22:00:12.502 [DEBUG] i.g.h.e.t.HttpTxExecutor - Sending request=simple_delay uri=http://localhost:8080/delay?duration=555: scenario=Acceptance test, userId=7
22:00:12.503 [DEBUG] i.g.h.c.i.HttpAppHandler - Write request WritableRequest{request=DefaultFullHttpRequest(decodeResult: success, version: HTTP/1.1, content: UnpooledByteBufAllocator$InstrumentedUnpooledUnsafeHeapByteBuf(ridx: 0, widx: 0, cap: 0))
GET /delay?duration=555 HTTP/1.1
Accept: */*
Content-Type: application/json;charset=UTF-8
Accept-Language: en-US,en;q=0.8,nl;q=0.6
User-Agent: Mozilla/5.0 (Windows NT 6.1; WOW64) AppleWebKit/537.36 (KHTML, like Gecko) Chrome/38.0.2125.111 Safari/537.36
accept-encoding: gzip,deflate,sdch
host: localhost:8080, content=null}
22:00:12.551 [DEBUG] i.g.c.c.i.o.OpenWorkload - Injecting 1 users in scenario Acceptance test, continue=true
22:00:12.552 [DEBUG] i.g.h.e.t.HttpTxExecutor - Sending request=simple_cpu_burn uri=http://localhost:8080/cpu/magic-identity-check?matrixSize=133: scenario=Acceptance test, userId=9
22:00:12.552 [DEBUG] i.g.c.c.i.o.OpenWorkload - Start user #9
22:00:12.553 [DEBUG] i.g.h.c.i.HttpAppHandler - Write request WritableRequest{request=DefaultFullHttpRequest(decodeResult: success, version: HTTP/1.1, content: UnpooledByteBufAllocator$InstrumentedUnpooledUnsafeHeapByteBuf(ridx: 0, widx: 0, cap: 0))
GET /cpu/magic-identity-check?matrixSize=133 HTTP/1.1
Accept: */*
Content-Type: application/json;charset=UTF-8
Accept-Language: en-US,en;q=0.8,nl;q=0.6
User-Agent: Mozilla/5.0 (Windows NT 6.1; WOW64) AppleWebKit/537.36 (KHTML, like Gecko) Chrome/38.0.2125.111 Safari/537.36
accept-encoding: gzip,deflate,sdch
host: localhost:8080, content=null}
22:00:12.565 [DEBUG] i.g.h.c.i.HttpAppHandler - Read msg='DefaultHttpResponse(decodeResult: success, version: HTTP/1.1)
HTTP/1.1 200 
Content-Type: application/json;charset=UTF-8
Transfer-Encoding: chunked
Date: Wed, 29 Jan 2020 21:00:11 GMT'
22:00:12.565 [DEBUG] i.g.h.c.i.HttpAppHandler - Read msg='DefaultHttpContent(data: PooledSlicedByteBuf(ridx: 0, widx: 170, cap: 170/170, unwrapped: PooledUnsafeDirectByteBuf(ridx: 304, widx: 309, cap: 1024)), decoderResult: success)'
22:00:12.565 [DEBUG] i.g.h.c.i.HttpAppHandler - Read msg='EmptyLastHttpContent'
22:00:12.566 [TRACE] i.g.h.e.r.DefaultStatsProcessor - 
>>>>>>>>>>>>>>>>>>>>>>>>>>
Request:
simple_cpu_burn: OK 
=========================
Session:
Session(Acceptance test,9,1580331612551,Map(gatling.http.ssl.sslContexts -> SslContexts(io.netty.handler.ssl.JdkSslContext@3b6a040d,None), gatling.http.cache.dns -> io.gatling.http.cache.DnsCacheSupport$$anon$1@5898ac4b, gatling.http.cache.baseUrl -> http://localhost:8080),0,OK,List(),io.gatling.core.protocol.ProtocolComponentsRegistry$$Lambda$598/0x000000084055d840@452b12e)
=========================
HTTP request:
GET http://localhost:8080/cpu/magic-identity-check?matrixSize=133
headers=
Accept: */*
Content-Type: application/json;charset=UTF-8
Accept-Language: en-US,en;q=0.8,nl;q=0.6
User-Agent: Mozilla/5.0 (Windows NT 6.1; WOW64) AppleWebKit/537.36 (KHTML, like Gecko) Chrome/38.0.2125.111 Safari/537.36
accept-encoding: gzip,deflate,sdch
host: localhost:8080
=========================
HTTP response:
status=
200 
headers= 
Content-Type: application/json;charset=UTF-8
Transfer-Encoding: chunked
Date: Wed, 29 Jan 2020 21:00:11 GMT

body=
{"message":"A simple magic square multiplied by an identity square of size [133] [is equal] to the magic square.","name":"Simple-PropertiesFileName","durationInMillis":2}
<<<<<<<<<<<<<<<<<<<<<<<<<
22:00:12.566 [DEBUG] i.g.c.a.Pause - Pausing for 4209ms (real=4208ms)
22:00:12.892 [DEBUG] i.g.h.e.t.HttpTxExecutor - Sending request=simple_mini_leak uri=http://localhost:8080/memory/grow?objects=8&items=54: scenario=Acceptance test, userId=5
22:00:12.893 [DEBUG] i.g.h.c.i.HttpAppHandler - Write request WritableRequest{request=DefaultFullHttpRequest(decodeResult: success, version: HTTP/1.1, content: UnpooledByteBufAllocator$InstrumentedUnpooledUnsafeHeapByteBuf(ridx: 0, widx: 0, cap: 0))
GET /memory/grow?objects=8&items=54 HTTP/1.1
Accept: */*
Content-Type: application/json;charset=UTF-8
Accept-Language: en-US,en;q=0.8,nl;q=0.6
User-Agent: Mozilla/5.0 (Windows NT 6.1; WOW64) AppleWebKit/537.36 (KHTML, like Gecko) Chrome/38.0.2125.111 Safari/537.36
accept-encoding: gzip,deflate,sdch
host: localhost:8080, content=null}
22:00:12.900 [DEBUG] i.g.h.c.i.HttpAppHandler - Read msg='DefaultHttpResponse(decodeResult: success, version: HTTP/1.1)
HTTP/1.1 200 
Content-Type: application/json;charset=UTF-8
Transfer-Encoding: chunked
Date: Wed, 29 Jan 2020 21:00:12 GMT'
22:00:12.901 [DEBUG] i.g.h.c.i.HttpAppHandler - Read msg='DefaultHttpContent(data: PooledSlicedByteBuf(ridx: 0, widx: 144, cap: 144/144, unwrapped: PooledUnsafeDirectByteBuf(ridx: 278, widx: 283, cap: 512)), decoderResult: success)'
22:00:12.901 [DEBUG] i.g.h.c.i.HttpAppHandler - Read msg='EmptyLastHttpContent'
22:00:12.901 [TRACE] i.g.h.e.r.DefaultStatsProcessor - 
>>>>>>>>>>>>>>>>>>>>>>>>>>
Request:
simple_mini_leak: OK 
=========================
Session:
Session(Acceptance test,5,1580331608552,Map(gatling.http.ssl.sslContexts -> SslContexts(io.netty.handler.ssl.JdkSslContext@1ae03be2,None), gatling.http.cache.dns -> io.gatling.http.cache.DnsCacheSupport$$anon$1@5898ac4b, gatling.http.cache.baseUrl -> http://localhost:8080),21,OK,List(),io.gatling.core.protocol.ProtocolComponentsRegistry$$Lambda$598/0x000000084055d840@452b12e)
=========================
HTTP request:
GET http://localhost:8080/memory/grow?objects=8&items=54
headers=
Accept: */*
Content-Type: application/json;charset=UTF-8
Accept-Language: en-US,en;q=0.8,nl;q=0.6
User-Agent: Mozilla/5.0 (Windows NT 6.1; WOW64) AppleWebKit/537.36 (KHTML, like Gecko) Chrome/38.0.2125.111 Safari/537.36
accept-encoding: gzip,deflate,sdch
host: localhost:8080
=========================
HTTP response:
status=
200 
headers= 
Content-Type: application/json;charset=UTF-8
Transfer-Encoding: chunked
Date: Wed, 29 Jan 2020 21:00:12 GMT

body=
{"message":"Size of BigFatBastard list is now 11048 objects. It contains 596592 items.","name":"Simple-PropertiesFileName","durationInMillis":5}
<<<<<<<<<<<<<<<<<<<<<<<<<
22:00:12.902 [DEBUG] i.g.c.a.Pause - Pausing for 2990ms (real=2968ms)
22:00:13.062 [DEBUG] i.g.h.c.i.HttpAppHandler - Read msg='DefaultHttpResponse(decodeResult: success, version: HTTP/1.1)
HTTP/1.1 200 
Content-Type: application/json;charset=UTF-8
Transfer-Encoding: chunked
Date: Wed, 29 Jan 2020 21:00:12 GMT'
22:00:13.062 [DEBUG] i.g.h.c.i.HttpAppHandler - Read msg='DefaultHttpContent(data: PooledSlicedByteBuf(ridx: 0, widx: 95, cap: 95/95, unwrapped: PooledUnsafeDirectByteBuf(ridx: 229, widx: 229, cap: 1024)), decoderResult: success)'
22:00:13.063 [DEBUG] i.g.h.c.i.HttpAppHandler - Read msg='EmptyLastHttpContent'
22:00:13.064 [TRACE] i.g.h.e.r.DefaultStatsProcessor - 
>>>>>>>>>>>>>>>>>>>>>>>>>>
Request:
simple_delay: OK 
=========================
Session:
Session(Acceptance test,7,1580331610551,Map(gatling.http.ssl.sslContexts -> SslContexts(io.netty.handler.ssl.JdkSslContext@1b4ac8a7,None), gatling.http.cache.dns -> io.gatling.http.cache.DnsCacheSupport$$anon$1@5898ac4b, gatling.http.cache.baseUrl -> http://localhost:8080),17,OK,List(),io.gatling.core.protocol.ProtocolComponentsRegistry$$Lambda$598/0x000000084055d840@452b12e)
=========================
HTTP request:
GET http://localhost:8080/delay?duration=555
headers=
Accept: */*
Content-Type: application/json;charset=UTF-8
Accept-Language: en-US,en;q=0.8,nl;q=0.6
User-Agent: Mozilla/5.0 (Windows NT 6.1; WOW64) AppleWebKit/537.36 (KHTML, like Gecko) Chrome/38.0.2125.111 Safari/537.36
accept-encoding: gzip,deflate,sdch
host: localhost:8080
=========================
HTTP response:
status=
200 
headers= 
Content-Type: application/json;charset=UTF-8
Transfer-Encoding: chunked
Date: Wed, 29 Jan 2020 21:00:12 GMT

body=
{"message":"This was a delay of 555","name":"Simple-PropertiesFileName","durationInMillis":555}
<<<<<<<<<<<<<<<<<<<<<<<<<
22:00:13.065 [DEBUG] i.g.c.a.Pause - Pausing for 7651ms (real=7632ms)
22:00:13.533 [DEBUG] i.g.h.e.t.HttpTxExecutor - Sending request=simple_mini_leak uri=http://localhost:8080/memory/grow?objects=8&items=54: scenario=Acceptance test, userId=1
22:00:13.534 [DEBUG] i.g.h.c.i.HttpAppHandler - Write request WritableRequest{request=DefaultFullHttpRequest(decodeResult: success, version: HTTP/1.1, content: UnpooledByteBufAllocator$InstrumentedUnpooledUnsafeHeapByteBuf(ridx: 0, widx: 0, cap: 0))
GET /memory/grow?objects=8&items=54 HTTP/1.1
Accept: */*
Content-Type: application/json;charset=UTF-8
Accept-Language: en-US,en;q=0.8,nl;q=0.6
User-Agent: Mozilla/5.0 (Windows NT 6.1; WOW64) AppleWebKit/537.36 (KHTML, like Gecko) Chrome/38.0.2125.111 Safari/537.36
accept-encoding: gzip,deflate,sdch
host: localhost:8080, content=null}
22:00:13.540 [DEBUG] i.g.h.c.i.HttpAppHandler - Read msg='DefaultHttpResponse(decodeResult: success, version: HTTP/1.1)
HTTP/1.1 200 
Content-Type: application/json;charset=UTF-8
Transfer-Encoding: chunked
Date: Wed, 29 Jan 2020 21:00:12 GMT'
22:00:13.541 [DEBUG] i.g.h.c.i.HttpAppHandler - Read msg='DefaultHttpContent(data: PooledSlicedByteBuf(ridx: 0, widx: 144, cap: 144/144, unwrapped: PooledUnsafeDirectByteBuf(ridx: 278, widx: 278, cap: 512)), decoderResult: success)'
22:00:13.541 [DEBUG] i.g.h.c.i.HttpAppHandler - Read msg='EmptyLastHttpContent'
22:00:13.542 [TRACE] i.g.h.e.r.DefaultStatsProcessor - 
>>>>>>>>>>>>>>>>>>>>>>>>>>
Request:
simple_mini_leak: OK 
=========================
Session:
Session(Acceptance test,1,1580331604537,Map(gatling.http.ssl.sslContexts -> SslContexts(io.netty.handler.ssl.JdkSslContext@21b9787d,None), gatling.http.cache.dns -> io.gatling.http.cache.DnsCacheSupport$$anon$1@5898ac4b, gatling.http.cache.baseUrl -> http://localhost:8080),17,OK,List(),io.gatling.core.protocol.ProtocolComponentsRegistry$$Lambda$598/0x000000084055d840@452b12e)
=========================
HTTP request:
GET http://localhost:8080/memory/grow?objects=8&items=54
headers=
Accept: */*
Content-Type: application/json;charset=UTF-8
Accept-Language: en-US,en;q=0.8,nl;q=0.6
User-Agent: Mozilla/5.0 (Windows NT 6.1; WOW64) AppleWebKit/537.36 (KHTML, like Gecko) Chrome/38.0.2125.111 Safari/537.36
accept-encoding: gzip,deflate,sdch
host: localhost:8080
=========================
HTTP response:
status=
200 
headers= 
Content-Type: application/json;charset=UTF-8
Transfer-Encoding: chunked
Date: Wed, 29 Jan 2020 21:00:12 GMT

body=
{"message":"Size of BigFatBastard list is now 11056 objects. It contains 597024 items.","name":"Simple-PropertiesFileName","durationInMillis":4}
<<<<<<<<<<<<<<<<<<<<<<<<<
22:00:13.542 [DEBUG] i.g.c.a.Pause - Pausing for 620ms (real=602ms)
22:00:13.552 [DEBUG] i.g.c.c.i.o.OpenWorkload - Injecting 1 users in scenario Acceptance test, continue=true
22:00:13.552 [DEBUG] i.g.h.e.t.HttpTxExecutor - Sending request=simple_cpu_burn uri=http://localhost:8080/cpu/magic-identity-check?matrixSize=133: scenario=Acceptance test, userId=10
22:00:13.552 [DEBUG] i.g.c.c.i.o.OpenWorkload - Start user #10
22:00:13.553 [DEBUG] i.g.h.c.i.HttpAppHandler - Write request WritableRequest{request=DefaultFullHttpRequest(decodeResult: success, version: HTTP/1.1, content: UnpooledByteBufAllocator$InstrumentedUnpooledUnsafeHeapByteBuf(ridx: 0, widx: 0, cap: 0))
GET /cpu/magic-identity-check?matrixSize=133 HTTP/1.1
Accept: */*
Content-Type: application/json;charset=UTF-8
Accept-Language: en-US,en;q=0.8,nl;q=0.6
User-Agent: Mozilla/5.0 (Windows NT 6.1; WOW64) AppleWebKit/537.36 (KHTML, like Gecko) Chrome/38.0.2125.111 Safari/537.36
accept-encoding: gzip,deflate,sdch
host: localhost:8080, content=null}
22:00:13.563 [DEBUG] i.g.h.c.i.HttpAppHandler - Read msg='DefaultHttpResponse(decodeResult: success, version: HTTP/1.1)
HTTP/1.1 200 
Content-Type: application/json;charset=UTF-8
Transfer-Encoding: chunked
Date: Wed, 29 Jan 2020 21:00:12 GMT'
22:00:13.564 [DEBUG] i.g.h.c.i.HttpAppHandler - Read msg='DefaultHttpContent(data: PooledSlicedByteBuf(ridx: 0, widx: 170, cap: 170/170, unwrapped: PooledUnsafeDirectByteBuf(ridx: 304, widx: 309, cap: 1024)), decoderResult: success)'
22:00:13.564 [DEBUG] i.g.h.c.i.HttpAppHandler - Read msg='EmptyLastHttpContent'
22:00:13.565 [TRACE] i.g.h.e.r.DefaultStatsProcessor - 
>>>>>>>>>>>>>>>>>>>>>>>>>>
Request:
simple_cpu_burn: OK 
=========================
Session:
Session(Acceptance test,10,1580331613551,Map(gatling.http.ssl.sslContexts -> SslContexts(io.netty.handler.ssl.JdkSslContext@37a84fb8,None), gatling.http.cache.dns -> io.gatling.http.cache.DnsCacheSupport$$anon$1@5898ac4b, gatling.http.cache.baseUrl -> http://localhost:8080),0,OK,List(),io.gatling.core.protocol.ProtocolComponentsRegistry$$Lambda$598/0x000000084055d840@452b12e)
=========================
HTTP request:
GET http://localhost:8080/cpu/magic-identity-check?matrixSize=133
headers=
Accept: */*
Content-Type: application/json;charset=UTF-8
Accept-Language: en-US,en;q=0.8,nl;q=0.6
User-Agent: Mozilla/5.0 (Windows NT 6.1; WOW64) AppleWebKit/537.36 (KHTML, like Gecko) Chrome/38.0.2125.111 Safari/537.36
accept-encoding: gzip,deflate,sdch
host: localhost:8080
=========================
HTTP response:
status=
200 
headers= 
Content-Type: application/json;charset=UTF-8
Transfer-Encoding: chunked
Date: Wed, 29 Jan 2020 21:00:12 GMT

body=
{"message":"A simple magic square multiplied by an identity square of size [133] [is equal] to the magic square.","name":"Simple-PropertiesFileName","durationInMillis":3}
<<<<<<<<<<<<<<<<<<<<<<<<<
22:00:13.565 [DEBUG] i.g.c.a.Pause - Pausing for 4199ms (real=4198ms)
22:00:13.793 [DEBUG] i.g.h.e.t.HttpTxExecutor - Sending request=upload-file uri=http://localhost:8080/files/upload: scenario=Acceptance test, userId=2
22:00:13.794 [DEBUG] i.g.h.c.i.HttpAppHandler - Write request WritableRequest{request=DefaultHttpRequest(decodeResult: success, version: HTTP/1.1)
POST /files/upload HTTP/1.1
Accept: */*
Accept-Language: en-US,en;q=0.8,nl;q=0.6
User-Agent: Mozilla/5.0 (Windows NT 6.1; WOW64) AppleWebKit/537.36 (KHTML, like Gecko) Chrome/38.0.2125.111 Safari/537.36
accept-encoding: gzip,deflate,sdch
host: localhost:8080
content-type: multipart/form-data; boundary=YudZE9sfijE6O8GCD76-lDzwm738CvMEoUi
content-length: 220, content=io.gatling.http.client.body.multipart.impl.MultipartFileRegion@34cf2004}
22:00:13.796 [DEBUG] i.g.h.c.i.HttpAppHandler - Read msg='DefaultHttpResponse(decodeResult: success, version: HTTP/1.1)
HTTP/1.1 200 
Content-Type: text/plain;charset=UTF-8
Content-Length: 62
Date: Wed, 29 Jan 2020 21:00:12 GMT'
22:00:13.796 [DEBUG] i.g.h.c.i.HttpAppHandler - Read msg='DefaultLastHttpContent(data: PooledSlicedByteBuf(ridx: 0, widx: 62, cap: 62/62, unwrapped: PooledUnsafeDirectByteBuf(ridx: 176, widx: 176, cap: 512)), decoderResult: success)'
22:00:13.797 [TRACE] i.g.h.e.r.DefaultStatsProcessor - 
>>>>>>>>>>>>>>>>>>>>>>>>>>
Request:
upload-file: OK 
=========================
Session:
Session(Acceptance test,2,1580331605541,Map(gatling.http.ssl.sslContexts -> SslContexts(io.netty.handler.ssl.JdkSslContext@71cda059,None), gatling.http.cache.dns -> io.gatling.http.cache.DnsCacheSupport$$anon$1@5898ac4b, gatling.http.cache.baseUrl -> http://localhost:8080),17,OK,List(),io.gatling.core.protocol.ProtocolComponentsRegistry$$Lambda$598/0x000000084055d840@452b12e)
=========================
HTTP request:
POST http://localhost:8080/files/upload
headers=
Accept: */*
Accept-Language: en-US,en;q=0.8,nl;q=0.6
User-Agent: Mozilla/5.0 (Windows NT 6.1; WOW64) AppleWebKit/537.36 (KHTML, like Gecko) Chrome/38.0.2125.111 Safari/537.36
accept-encoding: gzip,deflate,sdch
host: localhost:8080
content-type: multipart/form-data; boundary=YudZE9sfijE6O8GCD76-lDzwm738CvMEoUi
content-length: 220
multipartBody=
ByteArrayPart: name=upload contentType=text/plain dispositionType=null charset=UTF-8 transferEncoding=null contentId=null filename=gatling-upload.txt
=========================
HTTP response:
status=
200 
headers= 
Content-Type: text/plain;charset=UTF-8
Content-Length: 62
Date: Wed, 29 Jan 2020 21:00:12 GMT

body=
File upload succeeded [gatling-upload.txt] of size [17] bytes.
<<<<<<<<<<<<<<<<<<<<<<<<<
22:00:13.797 [DEBUG] i.g.c.a.Exit - End user #2
22:00:13.798 [DEBUG] i.g.c.c.i.Injector - End user #2
22:00:14.152 [DEBUG] i.g.h.e.t.HttpTxExecutor - Sending request=simple_delay uri=http://localhost:8080/delay?duration=555: scenario=Acceptance test, userId=3
22:00:14.153 [DEBUG] i.g.h.c.i.HttpAppHandler - Write request WritableRequest{request=DefaultFullHttpRequest(decodeResult: success, version: HTTP/1.1, content: UnpooledByteBufAllocator$InstrumentedUnpooledUnsafeHeapByteBuf(ridx: 0, widx: 0, cap: 0))
GET /delay?duration=555 HTTP/1.1
Accept: */*
Content-Type: application/json;charset=UTF-8
Accept-Language: en-US,en;q=0.8,nl;q=0.6
User-Agent: Mozilla/5.0 (Windows NT 6.1; WOW64) AppleWebKit/537.36 (KHTML, like Gecko) Chrome/38.0.2125.111 Safari/537.36
accept-encoding: gzip,deflate,sdch
host: localhost:8080, content=null}
22:00:14.172 [DEBUG] i.g.h.e.t.HttpTxExecutor - Sending request=upload-file uri=http://localhost:8080/files/upload: scenario=Acceptance test, userId=1

================================================================================
2020-01-29 22:00:14                                          10s elapsed
---- Requests ------------------------------------------------------------------
> Global                                                   (OK=21     KO=0     )
> simple_cpu_burn                                          (OK=10     KO=0     )
> simple_delay                                             (OK=5      KO=0     )
> simple_mini_leak                                         (OK=4      KO=0     )
> upload-file                                              (OK=2      KO=0     )

---- Acceptance test -----------------------------------------------------------
[-                                                                         ]  0%
          waiting: 680    / active: 8      / done: 2     
================================================================================

22:00:14.173 [DEBUG] i.g.h.c.i.HttpAppHandler - Write request WritableRequest{request=DefaultHttpRequest(decodeResult: success, version: HTTP/1.1)
POST /files/upload HTTP/1.1
Accept: */*
Accept-Language: en-US,en;q=0.8,nl;q=0.6
User-Agent: Mozilla/5.0 (Windows NT 6.1; WOW64) AppleWebKit/537.36 (KHTML, like Gecko) Chrome/38.0.2125.111 Safari/537.36
accept-encoding: gzip,deflate,sdch
host: localhost:8080
content-type: multipart/form-data; boundary=VzFGYTB5Y65CCYlkpsZqh8hhRGZS2fpL0oL
content-length: 220, content=io.gatling.http.client.body.multipart.impl.MultipartFileRegion@7fdce1b0}
22:00:14.178 [DEBUG] i.g.h.c.i.HttpAppHandler - Read msg='DefaultHttpResponse(decodeResult: success, version: HTTP/1.1)
HTTP/1.1 200 
Content-Type: text/plain;charset=UTF-8
Content-Length: 62
Date: Wed, 29 Jan 2020 21:00:14 GMT'
22:00:14.178 [DEBUG] i.g.h.c.i.HttpAppHandler - Read msg='DefaultLastHttpContent(data: PooledSlicedByteBuf(ridx: 0, widx: 62, cap: 62/62, unwrapped: PooledUnsafeDirectByteBuf(ridx: 176, widx: 176, cap: 496)), decoderResult: success)'
22:00:14.181 [TRACE] i.g.h.e.r.DefaultStatsProcessor - 
>>>>>>>>>>>>>>>>>>>>>>>>>>
Request:
upload-file: OK 
=========================
Session:
Session(Acceptance test,1,1580331604537,Map(gatling.http.ssl.sslContexts -> SslContexts(io.netty.handler.ssl.JdkSslContext@21b9787d,None), gatling.http.cache.dns -> io.gatling.http.cache.DnsCacheSupport$$anon$1@5898ac4b, gatling.http.cache.baseUrl -> http://localhost:8080),27,OK,List(),io.gatling.core.protocol.ProtocolComponentsRegistry$$Lambda$598/0x000000084055d840@452b12e)
=========================
HTTP request:
POST http://localhost:8080/files/upload
headers=
Accept: */*
Accept-Language: en-US,en;q=0.8,nl;q=0.6
User-Agent: Mozilla/5.0 (Windows NT 6.1; WOW64) AppleWebKit/537.36 (KHTML, like Gecko) Chrome/38.0.2125.111 Safari/537.36
accept-encoding: gzip,deflate,sdch
host: localhost:8080
content-type: multipart/form-data; boundary=VzFGYTB5Y65CCYlkpsZqh8hhRGZS2fpL0oL
content-length: 220
multipartBody=
ByteArrayPart: name=upload contentType=text/plain dispositionType=null charset=UTF-8 transferEncoding=null contentId=null filename=gatling-upload.txt
=========================
HTTP response:
status=
200 
headers= 
Content-Type: text/plain;charset=UTF-8
Content-Length: 62
Date: Wed, 29 Jan 2020 21:00:14 GMT

body=
File upload succeeded [gatling-upload.txt] of size [17] bytes.
<<<<<<<<<<<<<<<<<<<<<<<<<
22:00:14.182 [DEBUG] i.g.c.a.Exit - End user #1
22:00:14.183 [DEBUG] i.g.c.c.i.Injector - End user #1
22:00:14.209 [DEBUG] i.g.g.m.GraphiteMetrics$ - GraphiteMetrics=gatling2.BurnAfter.acc.afterburner.users.allUsers.active 10 1580331614
gatling2.BurnAfter.acc.afterburner.users.allUsers.waiting 680 1580331614
gatling2.BurnAfter.acc.afterburner.users.allUsers.done 2 1580331614
gatling2.BurnAfter.acc.afterburner.users.Acceptance_test.active 10 1580331614
gatling2.BurnAfter.acc.afterburner.users.Acceptance_test.waiting 680 1580331614
gatling2.BurnAfter.acc.afterburner.users.Acceptance_test.done 2 1580331614
gatling2.BurnAfter.acc.afterburner.simple_delay.ok.count 5 1580331614
gatling2.BurnAfter.acc.afterburner.simple_delay.ok.min 556 1580331614
gatling2.BurnAfter.acc.afterburner.simple_delay.ok.max 563 1580331614
gatling2.BurnAfter.acc.afterburner.simple_delay.ok.mean 559 1580331614
gatling2.BurnAfter.acc.afterburner.simple_delay.ok.stdDev 1 1580331614
gatling2.BurnAfter.acc.afterburner.simple_delay.ok.percentiles50 559 1580331614
gatling2.BurnAfter.acc.afterburner.simple_delay.ok.percentiles75 563 1580331614
gatling2.BurnAfter.acc.afterburner.simple_delay.ok.percentiles95 563 1580331614
gatling2.BurnAfter.acc.afterburner.simple_delay.ok.percentiles99 563 1580331614
gatling2.BurnAfter.acc.afterburner.simple_delay.ko.count 0 1580331614
gatling2.BurnAfter.acc.afterburner.simple_delay.all.count 5 1580331614
gatling2.BurnAfter.acc.afterburner.simple_delay.all.min 556 1580331614
gatling2.BurnAfter.acc.afterburner.simple_delay.all.max 563 1580331614
gatling2.BurnAfter.acc.afterburner.simple_delay.all.mean 559 1580331614
gatling2.BurnAfter.acc.afterburner.simple_delay.all.stdDev 1 1580331614
gatling2.BurnAfter.acc.afterburner.simple_delay.all.percentiles50 559 1580331614
gatling2.BurnAfter.acc.afterburner.simple_delay.all.percentiles75 563 1580331614
gatling2.BurnAfter.acc.afterburner.simple_delay.all.percentiles95 563 1580331614
gatling2.BurnAfter.acc.afterburner.simple_delay.all.percentiles99 563 1580331614
gatling2.BurnAfter.acc.afterburner.upload-file.ok.count 2 1580331614
gatling2.BurnAfter.acc.afterburner.upload-file.ok.min 3 1580331614
gatling2.BurnAfter.acc.afterburner.upload-file.ok.max 6 1580331614
gatling2.BurnAfter.acc.afterburner.upload-file.ok.mean 4 1580331614
gatling2.BurnAfter.acc.afterburner.upload-file.ok.stdDev 1 1580331614
gatling2.BurnAfter.acc.afterburner.upload-file.ok.percentiles50 3 1580331614
gatling2.BurnAfter.acc.afterburner.upload-file.ok.percentiles75 6 1580331614
gatling2.BurnAfter.acc.afterburner.upload-file.ok.percentiles95 6 1580331614
gatling2.BurnAfter.acc.afterburner.upload-file.ok.percentiles99 6 1580331614
gatling2.BurnAfter.acc.afterburner.upload-file.ko.count 0 1580331614
gatling2.BurnAfter.acc.afterburner.upload-file.all.count 2 1580331614
gatling2.BurnAfter.acc.afterburner.upload-file.all.min 3 1580331614
gatling2.BurnAfter.acc.afterburner.upload-file.all.max 6 1580331614
gatling2.BurnAfter.acc.afterburner.upload-file.all.mean 4 1580331614
gatling2.BurnAfter.acc.afterburner.upload-file.all.stdDev 1 1580331614
gatling2.BurnAfter.acc.afterburner.upload-file.all.percentiles50 3 1580331614
gatling2.BurnAfter.acc.afterburner.upload-file.all.percentiles75 6 1580331614
gatling2.BurnAfter.acc.afterburner.upload-file.all.percentiles95 6 1580331614
gatling2.BurnAfter.acc.afterburner.upload-file.all.percentiles99 6 1580331614
gatling2.BurnAfter.acc.afterburner.simple_mini_leak.ok.count 4 1580331614
gatling2.BurnAfter.acc.afterburner.simple_mini_leak.ok.min 7 1580331614
gatling2.BurnAfter.acc.afterburner.simple_mini_leak.ok.max 11 1580331614
gatling2.BurnAfter.acc.afterburner.simple_mini_leak.ok.mean 9 1580331614
gatling2.BurnAfter.acc.afterburner.simple_mini_leak.ok.stdDev 1 1580331614
gatling2.BurnAfter.acc.afterburner.simple_mini_leak.ok.percentiles50 8 1580331614
gatling2.BurnAfter.acc.afterburner.simple_mini_leak.ok.percentiles75 10 1580331614
gatling2.BurnAfter.acc.afterburner.simple_mini_leak.ok.percentiles95 11 1580331614
gatling2.BurnAfter.acc.afterburner.simple_mini_leak.ok.percentiles99 11 1580331614
gatling2.BurnAfter.acc.afterburner.simple_mini_leak.ko.count 0 1580331614
gatling2.BurnAfter.acc.afterburner.simple_mini_leak.all.count 4 1580331614
gatling2.BurnAfter.acc.afterburner.simple_mini_leak.all.min 7 1580331614
gatling2.BurnAfter.acc.afterburner.simple_mini_leak.all.max 11 1580331614
gatling2.BurnAfter.acc.afterburner.simple_mini_leak.all.mean 9 1580331614
gatling2.BurnAfter.acc.afterburner.simple_mini_leak.all.stdDev 1 1580331614
gatling2.BurnAfter.acc.afterburner.simple_mini_leak.all.percentiles50 8 1580331614
gatling2.BurnAfter.acc.afterburner.simple_mini_leak.all.percentiles75 10 1580331614
gatling2.BurnAfter.acc.afterburner.simple_mini_leak.all.percentiles95 11 1580331614
gatling2.BurnAfter.acc.afterburner.simple_mini_leak.all.percentiles99 11 1580331614
gatling2.BurnAfter.acc.afterburner.simple_cpu_burn.ok.count 10 1580331614
gatling2.BurnAfter.acc.afterburner.simple_cpu_burn.ok.min 11 1580331614
gatling2.BurnAfter.acc.afterburner.simple_cpu_burn.ok.max 33 1580331614
gatling2.BurnAfter.acc.afterburner.simple_cpu_burn.ok.mean 16 1580331614
gatling2.BurnAfter.acc.afterburner.simple_cpu_burn.ok.stdDev 6 1580331614
gatling2.BurnAfter.acc.afterburner.simple_cpu_burn.ok.percentiles50 13 1580331614
gatling2.BurnAfter.acc.afterburner.simple_cpu_burn.ok.percentiles75 17 1580331614
gatling2.BurnAfter.acc.afterburner.simple_cpu_burn.ok.percentiles95 33 1580331614
gatling2.BurnAfter.acc.afterburner.simple_cpu_burn.ok.percentiles99 33 1580331614
gatling2.BurnAfter.acc.afterburner.simple_cpu_burn.ko.count 0 1580331614
gatling2.BurnAfter.acc.afterburner.simple_cpu_burn.all.count 10 1580331614
gatling2.BurnAfter.acc.afterburner.simple_cpu_burn.all.min 11 1580331614
gatling2.BurnAfter.acc.afterburner.simple_cpu_burn.all.max 33 1580331614
gatling2.BurnAfter.acc.afterburner.simple_cpu_burn.all.mean 16 1580331614
gatling2.BurnAfter.acc.afterburner.simple_cpu_burn.all.stdDev 6 1580331614
gatling2.BurnAfter.acc.afterburner.simple_cpu_burn.all.percentiles50 13 1580331614
gatling2.BurnAfter.acc.afterburner.simple_cpu_burn.all.percentiles75 17 1580331614
gatling2.BurnAfter.acc.afterburner.simple_cpu_burn.all.percentiles95 33 1580331614
gatling2.BurnAfter.acc.afterburner.simple_cpu_burn.all.percentiles99 33 1580331614
gatling2.BurnAfter.acc.afterburner.allRequests.ok.count 21 1580331614
gatling2.BurnAfter.acc.afterburner.allRequests.ok.min 3 1580331614
gatling2.BurnAfter.acc.afterburner.allRequests.ok.max 563 1580331614
gatling2.BurnAfter.acc.afterburner.allRequests.ok.mean 143 1580331614
gatling2.BurnAfter.acc.afterburner.allRequests.ok.stdDev 232 1580331614
gatling2.BurnAfter.acc.afterburner.allRequests.ok.percentiles50 13 1580331614
gatling2.BurnAfter.acc.afterburner.allRequests.ok.percentiles75 33 1580331614
gatling2.BurnAfter.acc.afterburner.allRequests.ok.percentiles95 563 1580331614
gatling2.BurnAfter.acc.afterburner.allRequests.ok.percentiles99 563 1580331614
gatling2.BurnAfter.acc.afterburner.allRequests.ko.count 0 1580331614
gatling2.BurnAfter.acc.afterburner.allRequests.all.count 21 1580331614
gatling2.BurnAfter.acc.afterburner.allRequests.all.min 3 1580331614
gatling2.BurnAfter.acc.afterburner.allRequests.all.max 563 1580331614
gatling2.BurnAfter.acc.afterburner.allRequests.all.mean 143 1580331614
gatling2.BurnAfter.acc.afterburner.allRequests.all.stdDev 232 1580331614
gatling2.BurnAfter.acc.afterburner.allRequests.all.percentiles50 13 1580331614
gatling2.BurnAfter.acc.afterburner.allRequests.all.percentiles75 33 1580331614
gatling2.BurnAfter.acc.afterburner.allRequests.all.percentiles95 563 1580331614
gatling2.BurnAfter.acc.afterburner.allRequests.all.percentiles99 563 1580331614

22:00:14.220 [DEBUG] i.g.g.s.TcpSender - All connection/sending retries have been exhausted, ignore further messages
22:00:14.452 [DEBUG] i.g.h.e.t.HttpTxExecutor - Sending request=simple_delay uri=http://localhost:8080/delay?duration=555: scenario=Acceptance test, userId=8
22:00:14.452 [DEBUG] i.g.h.c.i.HttpAppHandler - Write request WritableRequest{request=DefaultFullHttpRequest(decodeResult: success, version: HTTP/1.1, content: UnpooledByteBufAllocator$InstrumentedUnpooledUnsafeHeapByteBuf(ridx: 0, widx: 0, cap: 0))
GET /delay?duration=555 HTTP/1.1
Accept: */*
Content-Type: application/json;charset=UTF-8
Accept-Language: en-US,en;q=0.8,nl;q=0.6
User-Agent: Mozilla/5.0 (Windows NT 6.1; WOW64) AppleWebKit/537.36 (KHTML, like Gecko) Chrome/38.0.2125.111 Safari/537.36
accept-encoding: gzip,deflate,sdch
host: localhost:8080, content=null}
22:00:14.553 [DEBUG] i.g.h.e.t.HttpTxExecutor - Sending request=simple_cpu_burn uri=http://localhost:8080/cpu/magic-identity-check?matrixSize=133: scenario=Acceptance test, userId=11
22:00:14.553 [DEBUG] i.g.c.c.i.o.OpenWorkload - Start user #11
22:00:14.553 [DEBUG] i.g.c.c.i.o.OpenWorkload - Injecting 2 users in scenario Acceptance test, continue=true
22:00:14.555 [DEBUG] i.g.h.c.i.HttpAppHandler - Write request WritableRequest{request=DefaultFullHttpRequest(decodeResult: success, version: HTTP/1.1, content: UnpooledByteBufAllocator$InstrumentedUnpooledUnsafeHeapByteBuf(ridx: 0, widx: 0, cap: 0))
GET /cpu/magic-identity-check?matrixSize=133 HTTP/1.1
Accept: */*
Content-Type: application/json;charset=UTF-8
Accept-Language: en-US,en;q=0.8,nl;q=0.6
User-Agent: Mozilla/5.0 (Windows NT 6.1; WOW64) AppleWebKit/537.36 (KHTML, like Gecko) Chrome/38.0.2125.111 Safari/537.36
accept-encoding: gzip,deflate,sdch
host: localhost:8080, content=null}
22:00:14.587 [DEBUG] i.g.h.c.i.HttpAppHandler - Read msg='DefaultHttpResponse(decodeResult: success, version: HTTP/1.1)
HTTP/1.1 200 
Content-Type: application/json;charset=UTF-8
Transfer-Encoding: chunked
Date: Wed, 29 Jan 2020 21:00:14 GMT'
22:00:14.587 [DEBUG] i.g.h.c.i.HttpAppHandler - Read msg='DefaultHttpContent(data: PooledSlicedByteBuf(ridx: 0, widx: 171, cap: 171/171, unwrapped: PooledUnsafeDirectByteBuf(ridx: 305, widx: 305, cap: 1024)), decoderResult: success)'
22:00:14.587 [DEBUG] i.g.h.c.i.HttpAppHandler - Read msg='EmptyLastHttpContent'
22:00:14.588 [TRACE] i.g.h.e.r.DefaultStatsProcessor - 
>>>>>>>>>>>>>>>>>>>>>>>>>>
Request:
simple_cpu_burn: OK 
=========================
Session:
Session(Acceptance test,11,1580331614552,Map(gatling.http.ssl.sslContexts -> SslContexts(io.netty.handler.ssl.JdkSslContext@456c9a16,None), gatling.http.cache.dns -> io.gatling.http.cache.DnsCacheSupport$$anon$1@5898ac4b, gatling.http.cache.baseUrl -> http://localhost:8080),0,OK,List(),io.gatling.core.protocol.ProtocolComponentsRegistry$$Lambda$598/0x000000084055d840@452b12e)
=========================
HTTP request:
GET http://localhost:8080/cpu/magic-identity-check?matrixSize=133
headers=
Accept: */*
Content-Type: application/json;charset=UTF-8
Accept-Language: en-US,en;q=0.8,nl;q=0.6
User-Agent: Mozilla/5.0 (Windows NT 6.1; WOW64) AppleWebKit/537.36 (KHTML, like Gecko) Chrome/38.0.2125.111 Safari/537.36
accept-encoding: gzip,deflate,sdch
host: localhost:8080
=========================
HTTP response:
status=
200 
headers= 
Content-Type: application/json;charset=UTF-8
Transfer-Encoding: chunked
Date: Wed, 29 Jan 2020 21:00:14 GMT

body=
{"message":"A simple magic square multiplied by an identity square of size [133] [is equal] to the magic square.","name":"Simple-PropertiesFileName","durationInMillis":12}
<<<<<<<<<<<<<<<<<<<<<<<<<
22:00:14.588 [DEBUG] i.g.c.a.Pause - Pausing for 838ms (real=837ms)
22:00:14.712 [DEBUG] i.g.h.c.i.HttpAppHandler - Read msg='DefaultHttpResponse(decodeResult: success, version: HTTP/1.1)
HTTP/1.1 200 
Content-Type: application/json;charset=UTF-8
Transfer-Encoding: chunked
Date: Wed, 29 Jan 2020 21:00:14 GMT'
22:00:14.712 [DEBUG] i.g.h.c.i.HttpAppHandler - Read msg='DefaultHttpContent(data: PooledSlicedByteBuf(ridx: 0, widx: 95, cap: 95/95, unwrapped: PooledUnsafeDirectByteBuf(ridx: 229, widx: 234, cap: 1024)), decoderResult: success)'
22:00:14.712 [DEBUG] i.g.h.c.i.HttpAppHandler - Read msg='EmptyLastHttpContent'
22:00:14.714 [TRACE] i.g.h.e.r.DefaultStatsProcessor - 
>>>>>>>>>>>>>>>>>>>>>>>>>>
Request:
simple_delay: OK 
=========================
Session:
Session(Acceptance test,3,1580331606542,Map(gatling.http.ssl.sslContexts -> SslContexts(io.netty.handler.ssl.JdkSslContext@20df5ac6,None), gatling.http.cache.dns -> io.gatling.http.cache.DnsCacheSupport$$anon$1@5898ac4b, gatling.http.cache.baseUrl -> http://localhost:8080),16,OK,List(),io.gatling.core.protocol.ProtocolComponentsRegistry$$Lambda$598/0x000000084055d840@452b12e)
=========================
HTTP request:
GET http://localhost:8080/delay?duration=555
headers=
Accept: */*
Content-Type: application/json;charset=UTF-8
Accept-Language: en-US,en;q=0.8,nl;q=0.6
User-Agent: Mozilla/5.0 (Windows NT 6.1; WOW64) AppleWebKit/537.36 (KHTML, like Gecko) Chrome/38.0.2125.111 Safari/537.36
accept-encoding: gzip,deflate,sdch
host: localhost:8080
=========================
HTTP response:
status=
200 
headers= 
Content-Type: application/json;charset=UTF-8
Transfer-Encoding: chunked
Date: Wed, 29 Jan 2020 21:00:14 GMT

body=
{"message":"This was a delay of 555","name":"Simple-PropertiesFileName","durationInMillis":555}
<<<<<<<<<<<<<<<<<<<<<<<<<
22:00:14.714 [DEBUG] i.g.c.a.Pause - Pausing for 730ms (real=713ms)
22:00:15.010 [DEBUG] i.g.h.c.i.HttpAppHandler - Read msg='DefaultHttpResponse(decodeResult: success, version: HTTP/1.1)
HTTP/1.1 200 
Content-Type: application/json;charset=UTF-8
Transfer-Encoding: chunked
Date: Wed, 29 Jan 2020 21:00:14 GMT'
22:00:15.010 [DEBUG] i.g.h.c.i.HttpAppHandler - Read msg='DefaultHttpContent(data: PooledSlicedByteBuf(ridx: 0, widx: 95, cap: 95/95, unwrapped: PooledUnsafeDirectByteBuf(ridx: 229, widx: 234, cap: 1024)), decoderResult: success)'
22:00:15.011 [DEBUG] i.g.h.c.i.HttpAppHandler - Read msg='EmptyLastHttpContent'
22:00:15.012 [TRACE] i.g.h.e.r.DefaultStatsProcessor - 
>>>>>>>>>>>>>>>>>>>>>>>>>>
Request:
simple_delay: OK 
=========================
Session:
Session(Acceptance test,8,1580331611552,Map(gatling.http.ssl.sslContexts -> SslContexts(io.netty.handler.ssl.JdkSslContext@631eb57b,None), gatling.http.cache.dns -> io.gatling.http.cache.DnsCacheSupport$$anon$1@5898ac4b, gatling.http.cache.baseUrl -> http://localhost:8080),20,OK,List(),io.gatling.core.protocol.ProtocolComponentsRegistry$$Lambda$598/0x000000084055d840@452b12e)
=========================
HTTP request:
GET http://localhost:8080/delay?duration=555
headers=
Accept: */*
Content-Type: application/json;charset=UTF-8
Accept-Language: en-US,en;q=0.8,nl;q=0.6
User-Agent: Mozilla/5.0 (Windows NT 6.1; WOW64) AppleWebKit/537.36 (KHTML, like Gecko) Chrome/38.0.2125.111 Safari/537.36
accept-encoding: gzip,deflate,sdch
host: localhost:8080
=========================
HTTP response:
status=
200 
headers= 
Content-Type: application/json;charset=UTF-8
Transfer-Encoding: chunked
Date: Wed, 29 Jan 2020 21:00:14 GMT

body=
{"message":"This was a delay of 555","name":"Simple-PropertiesFileName","durationInMillis":555}
<<<<<<<<<<<<<<<<<<<<<<<<<
22:00:15.013 [DEBUG] i.g.c.a.Pause - Pausing for 443ms (real=421ms)
22:00:15.052 [DEBUG] i.g.h.e.t.HttpTxExecutor - Sending request=simple_cpu_burn uri=http://localhost:8080/cpu/magic-identity-check?matrixSize=133: scenario=Acceptance test, userId=12
22:00:15.053 [DEBUG] i.g.c.c.i.o.OpenWorkload - Start user #12
22:00:15.056 [DEBUG] i.g.h.c.i.HttpAppHandler - Write request WritableRequest{request=DefaultFullHttpRequest(decodeResult: success, version: HTTP/1.1, content: UnpooledByteBufAllocator$InstrumentedUnpooledUnsafeHeapByteBuf(ridx: 0, widx: 0, cap: 0))
GET /cpu/magic-identity-check?matrixSize=133 HTTP/1.1
Accept: */*
Content-Type: application/json;charset=UTF-8
Accept-Language: en-US,en;q=0.8,nl;q=0.6
User-Agent: Mozilla/5.0 (Windows NT 6.1; WOW64) AppleWebKit/537.36 (KHTML, like Gecko) Chrome/38.0.2125.111 Safari/537.36
accept-encoding: gzip,deflate,sdch
host: localhost:8080, content=null}
22:00:15.086 [DEBUG] i.g.h.c.i.HttpAppHandler - Read msg='DefaultHttpResponse(decodeResult: success, version: HTTP/1.1)
HTTP/1.1 200 
Content-Type: application/json;charset=UTF-8
Transfer-Encoding: chunked
Date: Wed, 29 Jan 2020 21:00:14 GMT'
22:00:15.086 [DEBUG] i.g.h.c.i.HttpAppHandler - Read msg='DefaultHttpContent(data: PooledSlicedByteBuf(ridx: 0, widx: 170, cap: 170/170, unwrapped: PooledUnsafeDirectByteBuf(ridx: 304, widx: 309, cap: 1024)), decoderResult: success)'
22:00:15.087 [DEBUG] i.g.h.c.i.HttpAppHandler - Read msg='EmptyLastHttpContent'
22:00:15.088 [TRACE] i.g.h.e.r.DefaultStatsProcessor - 
>>>>>>>>>>>>>>>>>>>>>>>>>>
Request:
simple_cpu_burn: OK 
=========================
Session:
Session(Acceptance test,12,1580331615051,Map(gatling.http.ssl.sslContexts -> SslContexts(io.netty.handler.ssl.JdkSslContext@16c3cc9e,None), gatling.http.cache.dns -> io.gatling.http.cache.DnsCacheSupport$$anon$1@5898ac4b, gatling.http.cache.baseUrl -> http://localhost:8080),0,OK,List(),io.gatling.core.protocol.ProtocolComponentsRegistry$$Lambda$598/0x000000084055d840@452b12e)
=========================
HTTP request:
GET http://localhost:8080/cpu/magic-identity-check?matrixSize=133
headers=
Accept: */*
Content-Type: application/json;charset=UTF-8
Accept-Language: en-US,en;q=0.8,nl;q=0.6
User-Agent: Mozilla/5.0 (Windows NT 6.1; WOW64) AppleWebKit/537.36 (KHTML, like Gecko) Chrome/38.0.2125.111 Safari/537.36
accept-encoding: gzip,deflate,sdch
host: localhost:8080
=========================
HTTP response:
status=
200 
headers= 
Content-Type: application/json;charset=UTF-8
Transfer-Encoding: chunked
Date: Wed, 29 Jan 2020 21:00:14 GMT

body=
{"message":"A simple magic square multiplied by an identity square of size [133] [is equal] to the magic square.","name":"Simple-PropertiesFileName","durationInMillis":7}
<<<<<<<<<<<<<<<<<<<<<<<<<
22:00:15.088 [DEBUG] i.g.c.a.Pause - Pausing for 1350ms (real=1349ms)
22:00:15.432 [DEBUG] i.g.h.e.t.HttpTxExecutor - Sending request=simple_delay uri=http://localhost:8080/delay?duration=555: scenario=Acceptance test, userId=6
22:00:15.433 [DEBUG] i.g.h.c.i.HttpAppHandler - Write request WritableRequest{request=DefaultFullHttpRequest(decodeResult: success, version: HTTP/1.1, content: UnpooledByteBufAllocator$InstrumentedUnpooledUnsafeHeapByteBuf(ridx: 0, widx: 0, cap: 0))
GET /delay?duration=555 HTTP/1.1
Accept: */*
Content-Type: application/json;charset=UTF-8
Accept-Language: en-US,en;q=0.8,nl;q=0.6
User-Agent: Mozilla/5.0 (Windows NT 6.1; WOW64) AppleWebKit/537.36 (KHTML, like Gecko) Chrome/38.0.2125.111 Safari/537.36
accept-encoding: gzip,deflate,sdch
host: localhost:8080, content=null}
22:00:15.442 [DEBUG] i.g.h.e.t.HttpTxExecutor - Sending request=simple_delay uri=http://localhost:8080/delay?duration=555: scenario=Acceptance test, userId=11
22:00:15.443 [DEBUG] i.g.h.c.i.HttpAppHandler - Write request WritableRequest{request=DefaultFullHttpRequest(decodeResult: success, version: HTTP/1.1, content: UnpooledByteBufAllocator$InstrumentedUnpooledUnsafeHeapByteBuf(ridx: 0, widx: 0, cap: 0))
GET /delay?duration=555 HTTP/1.1
Accept: */*
Content-Type: application/json;charset=UTF-8
Accept-Language: en-US,en;q=0.8,nl;q=0.6
User-Agent: Mozilla/5.0 (Windows NT 6.1; WOW64) AppleWebKit/537.36 (KHTML, like Gecko) Chrome/38.0.2125.111 Safari/537.36
accept-encoding: gzip,deflate,sdch
host: localhost:8080, content=null}
22:00:15.452 [DEBUG] i.g.h.e.t.HttpTxExecutor - Sending request=simple_mini_leak uri=http://localhost:8080/memory/grow?objects=8&items=54: scenario=Acceptance test, userId=3
22:00:15.453 [DEBUG] i.g.h.c.i.HttpAppHandler - Write request WritableRequest{request=DefaultFullHttpRequest(decodeResult: success, version: HTTP/1.1, content: UnpooledByteBufAllocator$InstrumentedUnpooledUnsafeHeapByteBuf(ridx: 0, widx: 0, cap: 0))
GET /memory/grow?objects=8&items=54 HTTP/1.1
Accept: */*
Content-Type: application/json;charset=UTF-8
Accept-Language: en-US,en;q=0.8,nl;q=0.6
User-Agent: Mozilla/5.0 (Windows NT 6.1; WOW64) AppleWebKit/537.36 (KHTML, like Gecko) Chrome/38.0.2125.111 Safari/537.36
accept-encoding: gzip,deflate,sdch
host: localhost:8080, content=null}
22:00:15.460 [DEBUG] i.g.h.c.i.HttpAppHandler - Read msg='DefaultHttpResponse(decodeResult: success, version: HTTP/1.1)
HTTP/1.1 200 
Content-Type: application/json;charset=UTF-8
Transfer-Encoding: chunked
Date: Wed, 29 Jan 2020 21:00:15 GMT'
22:00:15.460 [DEBUG] i.g.h.c.i.HttpAppHandler - Read msg='DefaultHttpContent(data: PooledSlicedByteBuf(ridx: 0, widx: 144, cap: 144/144, unwrapped: PooledUnsafeDirectByteBuf(ridx: 278, widx: 278, cap: 512)), decoderResult: success)'
22:00:15.461 [DEBUG] i.g.h.c.i.HttpAppHandler - Read msg='EmptyLastHttpContent'
22:00:15.462 [TRACE] i.g.h.e.r.DefaultStatsProcessor - 
>>>>>>>>>>>>>>>>>>>>>>>>>>
Request:
simple_mini_leak: OK 
=========================
Session:
Session(Acceptance test,3,1580331606542,Map(gatling.http.ssl.sslContexts -> SslContexts(io.netty.handler.ssl.JdkSslContext@20df5ac6,None), gatling.http.cache.dns -> io.gatling.http.cache.DnsCacheSupport$$anon$1@5898ac4b, gatling.http.cache.baseUrl -> http://localhost:8080),24,OK,List(),io.gatling.core.protocol.ProtocolComponentsRegistry$$Lambda$598/0x000000084055d840@452b12e)
=========================
HTTP request:
GET http://localhost:8080/memory/grow?objects=8&items=54
headers=
Accept: */*
Content-Type: application/json;charset=UTF-8
Accept-Language: en-US,en;q=0.8,nl;q=0.6
User-Agent: Mozilla/5.0 (Windows NT 6.1; WOW64) AppleWebKit/537.36 (KHTML, like Gecko) Chrome/38.0.2125.111 Safari/537.36
accept-encoding: gzip,deflate,sdch
host: localhost:8080
=========================
HTTP response:
status=
200 
headers= 
Content-Type: application/json;charset=UTF-8
Transfer-Encoding: chunked
Date: Wed, 29 Jan 2020 21:00:15 GMT

body=
{"message":"Size of BigFatBastard list is now 11064 objects. It contains 597456 items.","name":"Simple-PropertiesFileName","durationInMillis":5}
<<<<<<<<<<<<<<<<<<<<<<<<<
22:00:15.462 [DEBUG] i.g.h.e.t.HttpTxExecutor - Sending request=simple_mini_leak uri=http://localhost:8080/memory/grow?objects=8&items=54: scenario=Acceptance test, userId=8
22:00:15.462 [DEBUG] i.g.c.a.Pause - Pausing for 2416ms (real=2391ms)
22:00:15.462 [DEBUG] i.g.h.c.i.HttpAppHandler - Write request WritableRequest{request=DefaultFullHttpRequest(decodeResult: success, version: HTTP/1.1, content: UnpooledByteBufAllocator$InstrumentedUnpooledUnsafeHeapByteBuf(ridx: 0, widx: 0, cap: 0))
GET /memory/grow?objects=8&items=54 HTTP/1.1
Accept: */*
Content-Type: application/json;charset=UTF-8
Accept-Language: en-US,en;q=0.8,nl;q=0.6
User-Agent: Mozilla/5.0 (Windows NT 6.1; WOW64) AppleWebKit/537.36 (KHTML, like Gecko) Chrome/38.0.2125.111 Safari/537.36
accept-encoding: gzip,deflate,sdch
host: localhost:8080, content=null}
22:00:15.465 [DEBUG] i.g.h.c.i.HttpAppHandler - Read msg='DefaultHttpResponse(decodeResult: success, version: HTTP/1.1)
HTTP/1.1 200 
Content-Type: application/json;charset=UTF-8
Transfer-Encoding: chunked
Date: Wed, 29 Jan 2020 21:00:15 GMT'
22:00:15.465 [DEBUG] i.g.h.c.i.HttpAppHandler - Read msg='DefaultHttpContent(data: PooledSlicedByteBuf(ridx: 0, widx: 144, cap: 144/144, unwrapped: PooledUnsafeDirectByteBuf(ridx: 278, widx: 283, cap: 512)), decoderResult: success)'
22:00:15.465 [DEBUG] i.g.h.c.i.HttpAppHandler - Read msg='EmptyLastHttpContent'
22:00:15.465 [TRACE] i.g.h.e.r.DefaultStatsProcessor - 
>>>>>>>>>>>>>>>>>>>>>>>>>>
Request:
simple_mini_leak: OK 
=========================
Session:
Session(Acceptance test,8,1580331611552,Map(gatling.http.ssl.sslContexts -> SslContexts(io.netty.handler.ssl.JdkSslContext@631eb57b,None), gatling.http.cache.dns -> io.gatling.http.cache.DnsCacheSupport$$anon$1@5898ac4b, gatling.http.cache.baseUrl -> http://localhost:8080),27,OK,List(),io.gatling.core.protocol.ProtocolComponentsRegistry$$Lambda$598/0x000000084055d840@452b12e)
=========================
HTTP request:
GET http://localhost:8080/memory/grow?objects=8&items=54
headers=
Accept: */*
Content-Type: application/json;charset=UTF-8
Accept-Language: en-US,en;q=0.8,nl;q=0.6
User-Agent: Mozilla/5.0 (Windows NT 6.1; WOW64) AppleWebKit/537.36 (KHTML, like Gecko) Chrome/38.0.2125.111 Safari/537.36
accept-encoding: gzip,deflate,sdch
host: localhost:8080
=========================
HTTP response:
status=
200 
headers= 
Content-Type: application/json;charset=UTF-8
Transfer-Encoding: chunked
Date: Wed, 29 Jan 2020 21:00:15 GMT

body=
{"message":"Size of BigFatBastard list is now 11072 objects. It contains 597888 items.","name":"Simple-PropertiesFileName","durationInMillis":1}
<<<<<<<<<<<<<<<<<<<<<<<<<
22:00:15.466 [DEBUG] i.g.c.a.Pause - Pausing for 571ms (real=543ms)
22:00:15.552 [DEBUG] i.g.c.c.i.o.OpenWorkload - Injecting 1 users in scenario Acceptance test, continue=true
22:00:15.553 [DEBUG] i.g.h.e.t.HttpTxExecutor - Sending request=simple_cpu_burn uri=http://localhost:8080/cpu/magic-identity-check?matrixSize=133: scenario=Acceptance test, userId=13
22:00:15.554 [DEBUG] i.g.c.c.i.o.OpenWorkload - Start user #13
22:00:15.556 [DEBUG] i.g.h.c.i.HttpAppHandler - Write request WritableRequest{request=DefaultFullHttpRequest(decodeResult: success, version: HTTP/1.1, content: UnpooledByteBufAllocator$InstrumentedUnpooledUnsafeHeapByteBuf(ridx: 0, widx: 0, cap: 0))
GET /cpu/magic-identity-check?matrixSize=133 HTTP/1.1
Accept: */*
Content-Type: application/json;charset=UTF-8
Accept-Language: en-US,en;q=0.8,nl;q=0.6
User-Agent: Mozilla/5.0 (Windows NT 6.1; WOW64) AppleWebKit/537.36 (KHTML, like Gecko) Chrome/38.0.2125.111 Safari/537.36
accept-encoding: gzip,deflate,sdch
host: localhost:8080, content=null}
22:00:15.587 [DEBUG] i.g.h.c.i.HttpAppHandler - Read msg='DefaultHttpResponse(decodeResult: success, version: HTTP/1.1)
HTTP/1.1 200 
Content-Type: application/json;charset=UTF-8
Transfer-Encoding: chunked
Date: Wed, 29 Jan 2020 21:00:15 GMT'
22:00:15.587 [DEBUG] i.g.h.c.i.HttpAppHandler - Read msg='DefaultHttpContent(data: PooledSlicedByteBuf(ridx: 0, widx: 170, cap: 170/170, unwrapped: PooledUnsafeDirectByteBuf(ridx: 304, widx: 309, cap: 1024)), decoderResult: success)'
22:00:15.588 [DEBUG] i.g.h.c.i.HttpAppHandler - Read msg='EmptyLastHttpContent'
22:00:15.589 [TRACE] i.g.h.e.r.DefaultStatsProcessor - 
>>>>>>>>>>>>>>>>>>>>>>>>>>
Request:
simple_cpu_burn: OK 
=========================
Session:
Session(Acceptance test,13,1580331615551,Map(gatling.http.ssl.sslContexts -> SslContexts(io.netty.handler.ssl.JdkSslContext@6bf71afb,None), gatling.http.cache.dns -> io.gatling.http.cache.DnsCacheSupport$$anon$1@5898ac4b, gatling.http.cache.baseUrl -> http://localhost:8080),0,OK,List(),io.gatling.core.protocol.ProtocolComponentsRegistry$$Lambda$598/0x000000084055d840@452b12e)
=========================
HTTP request:
GET http://localhost:8080/cpu/magic-identity-check?matrixSize=133
headers=
Accept: */*
Content-Type: application/json;charset=UTF-8
Accept-Language: en-US,en;q=0.8,nl;q=0.6
User-Agent: Mozilla/5.0 (Windows NT 6.1; WOW64) AppleWebKit/537.36 (KHTML, like Gecko) Chrome/38.0.2125.111 Safari/537.36
accept-encoding: gzip,deflate,sdch
host: localhost:8080
=========================
HTTP response:
status=
200 
headers= 
Content-Type: application/json;charset=UTF-8
Transfer-Encoding: chunked
Date: Wed, 29 Jan 2020 21:00:15 GMT

body=
{"message":"A simple magic square multiplied by an identity square of size [133] [is equal] to the magic square.","name":"Simple-PropertiesFileName","durationInMillis":6}
<<<<<<<<<<<<<<<<<<<<<<<<<
22:00:15.589 [DEBUG] i.g.c.a.Pause - Pausing for 2602ms (real=2601ms)
22:00:15.893 [DEBUG] i.g.h.e.t.HttpTxExecutor - Sending request=upload-file uri=http://localhost:8080/files/upload: scenario=Acceptance test, userId=5
22:00:15.894 [DEBUG] i.g.h.c.i.HttpAppHandler - Write request WritableRequest{request=DefaultHttpRequest(decodeResult: success, version: HTTP/1.1)
POST /files/upload HTTP/1.1
Accept: */*
Accept-Language: en-US,en;q=0.8,nl;q=0.6
User-Agent: Mozilla/5.0 (Windows NT 6.1; WOW64) AppleWebKit/537.36 (KHTML, like Gecko) Chrome/38.0.2125.111 Safari/537.36
accept-encoding: gzip,deflate,sdch
host: localhost:8080
content-type: multipart/form-data; boundary=z86npEw_8sKjVQnUS6LhcitlVqmtfayx-on
content-length: 220, content=io.gatling.http.client.body.multipart.impl.MultipartFileRegion@5fe2b6da}
22:00:15.899 [DEBUG] i.g.h.c.i.HttpAppHandler - Read msg='DefaultHttpResponse(decodeResult: success, version: HTTP/1.1)
HTTP/1.1 200 
Content-Type: text/plain;charset=UTF-8
Content-Length: 62
Date: Wed, 29 Jan 2020 21:00:15 GMT'
22:00:15.899 [DEBUG] i.g.h.c.i.HttpAppHandler - Read msg='DefaultLastHttpContent(data: PooledSlicedByteBuf(ridx: 0, widx: 62, cap: 62/62, unwrapped: PooledUnsafeDirectByteBuf(ridx: 176, widx: 176, cap: 512)), decoderResult: success)'
22:00:15.901 [TRACE] i.g.h.e.r.DefaultStatsProcessor - 
>>>>>>>>>>>>>>>>>>>>>>>>>>
Request:
upload-file: OK 
=========================
Session:
Session(Acceptance test,5,1580331608552,Map(gatling.http.ssl.sslContexts -> SslContexts(io.netty.handler.ssl.JdkSslContext@1ae03be2,None), gatling.http.cache.dns -> io.gatling.http.cache.DnsCacheSupport$$anon$1@5898ac4b, gatling.http.cache.baseUrl -> http://localhost:8080),22,OK,List(),io.gatling.core.protocol.ProtocolComponentsRegistry$$Lambda$598/0x000000084055d840@452b12e)
=========================
HTTP request:
POST http://localhost:8080/files/upload
headers=
Accept: */*
Accept-Language: en-US,en;q=0.8,nl;q=0.6
User-Agent: Mozilla/5.0 (Windows NT 6.1; WOW64) AppleWebKit/537.36 (KHTML, like Gecko) Chrome/38.0.2125.111 Safari/537.36
accept-encoding: gzip,deflate,sdch
host: localhost:8080
content-type: multipart/form-data; boundary=z86npEw_8sKjVQnUS6LhcitlVqmtfayx-on
content-length: 220
multipartBody=
ByteArrayPart: name=upload contentType=text/plain dispositionType=null charset=UTF-8 transferEncoding=null contentId=null filename=gatling-upload.txt
=========================
HTTP response:
status=
200 
headers= 
Content-Type: text/plain;charset=UTF-8
Content-Length: 62
Date: Wed, 29 Jan 2020 21:00:15 GMT

body=
File upload succeeded [gatling-upload.txt] of size [17] bytes.
<<<<<<<<<<<<<<<<<<<<<<<<<
22:00:15.902 [DEBUG] i.g.c.a.Exit - End user #5
22:00:15.903 [DEBUG] i.g.c.c.i.Injector - End user #5
22:00:15.990 [DEBUG] i.g.h.c.i.HttpAppHandler - Read msg='DefaultHttpResponse(decodeResult: success, version: HTTP/1.1)
HTTP/1.1 200 
Content-Type: application/json;charset=UTF-8
Transfer-Encoding: chunked
Date: Wed, 29 Jan 2020 21:00:15 GMT'
22:00:15.991 [DEBUG] i.g.h.c.i.HttpAppHandler - Read msg='DefaultHttpContent(data: PooledSlicedByteBuf(ridx: 0, widx: 95, cap: 95/95, unwrapped: PooledUnsafeDirectByteBuf(ridx: 229, widx: 234, cap: 512)), decoderResult: success)'
22:00:15.991 [DEBUG] i.g.h.c.i.HttpAppHandler - Read msg='EmptyLastHttpContent'
22:00:15.992 [TRACE] i.g.h.e.r.DefaultStatsProcessor - 
>>>>>>>>>>>>>>>>>>>>>>>>>>
Request:
simple_delay: OK 
=========================
Session:
Session(Acceptance test,6,1580331609551,Map(gatling.http.ssl.sslContexts -> SslContexts(io.netty.handler.ssl.JdkSslContext@15cbd4ae,None), gatling.http.cache.dns -> io.gatling.http.cache.DnsCacheSupport$$anon$1@5898ac4b, gatling.http.cache.baseUrl -> http://localhost:8080),18,OK,List(),io.gatling.core.protocol.ProtocolComponentsRegistry$$Lambda$598/0x000000084055d840@452b12e)
=========================
HTTP request:
GET http://localhost:8080/delay?duration=555
headers=
Accept: */*
Content-Type: application/json;charset=UTF-8
Accept-Language: en-US,en;q=0.8,nl;q=0.6
User-Agent: Mozilla/5.0 (Windows NT 6.1; WOW64) AppleWebKit/537.36 (KHTML, like Gecko) Chrome/38.0.2125.111 Safari/537.36
accept-encoding: gzip,deflate,sdch
host: localhost:8080
=========================
HTTP response:
status=
200 
headers= 
Content-Type: application/json;charset=UTF-8
Transfer-Encoding: chunked
Date: Wed, 29 Jan 2020 21:00:15 GMT

body=
{"message":"This was a delay of 555","name":"Simple-PropertiesFileName","durationInMillis":555}
<<<<<<<<<<<<<<<<<<<<<<<<<
22:00:15.992 [DEBUG] i.g.c.a.Pause - Pausing for 112ms (real=93ms)
22:00:16.000 [DEBUG] i.g.h.c.i.HttpAppHandler - Read msg='DefaultHttpResponse(decodeResult: success, version: HTTP/1.1)
HTTP/1.1 200 
Content-Type: application/json;charset=UTF-8
Transfer-Encoding: chunked
Date: Wed, 29 Jan 2020 21:00:15 GMT'
22:00:16.001 [DEBUG] i.g.h.c.i.HttpAppHandler - Read msg='DefaultHttpContent(data: PooledSlicedByteBuf(ridx: 0, widx: 95, cap: 95/95, unwrapped: PooledUnsafeDirectByteBuf(ridx: 229, widx: 234, cap: 512)), decoderResult: success)'
22:00:16.001 [DEBUG] i.g.h.c.i.HttpAppHandler - Read msg='EmptyLastHttpContent'
22:00:16.001 [TRACE] i.g.h.e.r.DefaultStatsProcessor - 
>>>>>>>>>>>>>>>>>>>>>>>>>>
Request:
simple_delay: OK 
=========================
Session:
Session(Acceptance test,11,1580331614552,Map(gatling.http.ssl.sslContexts -> SslContexts(io.netty.handler.ssl.JdkSslContext@456c9a16,None), gatling.http.cache.dns -> io.gatling.http.cache.DnsCacheSupport$$anon$1@5898ac4b, gatling.http.cache.baseUrl -> http://localhost:8080),17,OK,List(),io.gatling.core.protocol.ProtocolComponentsRegistry$$Lambda$598/0x000000084055d840@452b12e)
=========================
HTTP request:
GET http://localhost:8080/delay?duration=555
headers=
Accept: */*
Content-Type: application/json;charset=UTF-8
Accept-Language: en-US,en;q=0.8,nl;q=0.6
User-Agent: Mozilla/5.0 (Windows NT 6.1; WOW64) AppleWebKit/537.36 (KHTML, like Gecko) Chrome/38.0.2125.111 Safari/537.36
accept-encoding: gzip,deflate,sdch
host: localhost:8080
=========================
HTTP response:
status=
200 
headers= 
Content-Type: application/json;charset=UTF-8
Transfer-Encoding: chunked
Date: Wed, 29 Jan 2020 21:00:15 GMT

body=
{"message":"This was a delay of 555","name":"Simple-PropertiesFileName","durationInMillis":555}
<<<<<<<<<<<<<<<<<<<<<<<<<
22:00:16.002 [DEBUG] i.g.c.a.Pause - Pausing for 2210ms (real=2193ms)
22:00:16.032 [DEBUG] i.g.h.e.t.HttpTxExecutor - Sending request=upload-file uri=http://localhost:8080/files/upload: scenario=Acceptance test, userId=8
22:00:16.032 [DEBUG] i.g.h.c.i.HttpAppHandler - Write request WritableRequest{request=DefaultHttpRequest(decodeResult: success, version: HTTP/1.1)
POST /files/upload HTTP/1.1
Accept: */*
Accept-Language: en-US,en;q=0.8,nl;q=0.6
User-Agent: Mozilla/5.0 (Windows NT 6.1; WOW64) AppleWebKit/537.36 (KHTML, like Gecko) Chrome/38.0.2125.111 Safari/537.36
accept-encoding: gzip,deflate,sdch
host: localhost:8080
content-type: multipart/form-data; boundary=CHkBvUWDCBXydYzO-7C5pMu6J7g_R1_KzQV
content-length: 220, content=io.gatling.http.client.body.multipart.impl.MultipartFileRegion@261c377c}
22:00:16.034 [DEBUG] i.g.h.c.i.HttpAppHandler - Read msg='DefaultHttpResponse(decodeResult: success, version: HTTP/1.1)
HTTP/1.1 200 
Content-Type: text/plain;charset=UTF-8
Content-Length: 62
Date: Wed, 29 Jan 2020 21:00:15 GMT'
22:00:16.034 [DEBUG] i.g.h.c.i.HttpAppHandler - Read msg='DefaultLastHttpContent(data: PooledSlicedByteBuf(ridx: 0, widx: 62, cap: 62/62, unwrapped: PooledUnsafeDirectByteBuf(ridx: 176, widx: 176, cap: 512)), decoderResult: success)'
22:00:16.035 [TRACE] i.g.h.e.r.DefaultStatsProcessor - 
>>>>>>>>>>>>>>>>>>>>>>>>>>
Request:
upload-file: OK 
=========================
Session:
Session(Acceptance test,8,1580331611552,Map(gatling.http.ssl.sslContexts -> SslContexts(io.netty.handler.ssl.JdkSslContext@631eb57b,None), gatling.http.cache.dns -> io.gatling.http.cache.DnsCacheSupport$$anon$1@5898ac4b, gatling.http.cache.baseUrl -> http://localhost:8080),23,OK,List(),io.gatling.core.protocol.ProtocolComponentsRegistry$$Lambda$598/0x000000084055d840@452b12e)
=========================
HTTP request:
POST http://localhost:8080/files/upload
headers=
Accept: */*
Accept-Language: en-US,en;q=0.8,nl;q=0.6
User-Agent: Mozilla/5.0 (Windows NT 6.1; WOW64) AppleWebKit/537.36 (KHTML, like Gecko) Chrome/38.0.2125.111 Safari/537.36
accept-encoding: gzip,deflate,sdch
host: localhost:8080
content-type: multipart/form-data; boundary=CHkBvUWDCBXydYzO-7C5pMu6J7g_R1_KzQV
content-length: 220
multipartBody=
ByteArrayPart: name=upload contentType=text/plain dispositionType=null charset=UTF-8 transferEncoding=null contentId=null filename=gatling-upload.txt
=========================
HTTP response:
status=
200 
headers= 
Content-Type: text/plain;charset=UTF-8
Content-Length: 62
Date: Wed, 29 Jan 2020 21:00:15 GMT

body=
File upload succeeded [gatling-upload.txt] of size [17] bytes.
<<<<<<<<<<<<<<<<<<<<<<<<<
22:00:16.035 [DEBUG] i.g.c.a.Exit - End user #8
22:00:16.035 [DEBUG] i.g.c.c.i.Injector - End user #8
22:00:16.112 [DEBUG] i.g.h.e.t.HttpTxExecutor - Sending request=simple_mini_leak uri=http://localhost:8080/memory/grow?objects=8&items=54: scenario=Acceptance test, userId=6
22:00:16.113 [DEBUG] i.g.h.c.i.HttpAppHandler - Write request WritableRequest{request=DefaultFullHttpRequest(decodeResult: success, version: HTTP/1.1, content: UnpooledByteBufAllocator$InstrumentedUnpooledUnsafeHeapByteBuf(ridx: 0, widx: 0, cap: 0))
GET /memory/grow?objects=8&items=54 HTTP/1.1
Accept: */*
Content-Type: application/json;charset=UTF-8
Accept-Language: en-US,en;q=0.8,nl;q=0.6
User-Agent: Mozilla/5.0 (Windows NT 6.1; WOW64) AppleWebKit/537.36 (KHTML, like Gecko) Chrome/38.0.2125.111 Safari/537.36
accept-encoding: gzip,deflate,sdch
host: localhost:8080, content=null}
22:00:16.124 [DEBUG] i.g.h.c.i.HttpAppHandler - Read msg='DefaultHttpResponse(decodeResult: success, version: HTTP/1.1)
HTTP/1.1 200 
Content-Type: application/json;charset=UTF-8
Transfer-Encoding: chunked
Date: Wed, 29 Jan 2020 21:00:15 GMT'
22:00:16.124 [DEBUG] i.g.h.c.i.HttpAppHandler - Read msg='DefaultHttpContent(data: PooledSlicedByteBuf(ridx: 0, widx: 144, cap: 144/144, unwrapped: PooledUnsafeDirectByteBuf(ridx: 278, widx: 283, cap: 512)), decoderResult: success)'
22:00:16.125 [DEBUG] i.g.h.c.i.HttpAppHandler - Read msg='EmptyLastHttpContent'
22:00:16.126 [TRACE] i.g.h.e.r.DefaultStatsProcessor - 
>>>>>>>>>>>>>>>>>>>>>>>>>>
Request:
simple_mini_leak: OK 
=========================
Session:
Session(Acceptance test,6,1580331609551,Map(gatling.http.ssl.sslContexts -> SslContexts(io.netty.handler.ssl.JdkSslContext@15cbd4ae,None), gatling.http.cache.dns -> io.gatling.http.cache.DnsCacheSupport$$anon$1@5898ac4b, gatling.http.cache.baseUrl -> http://localhost:8080),27,OK,List(),io.gatling.core.protocol.ProtocolComponentsRegistry$$Lambda$598/0x000000084055d840@452b12e)
=========================
HTTP request:
GET http://localhost:8080/memory/grow?objects=8&items=54
headers=
Accept: */*
Content-Type: application/json;charset=UTF-8
Accept-Language: en-US,en;q=0.8,nl;q=0.6
User-Agent: Mozilla/5.0 (Windows NT 6.1; WOW64) AppleWebKit/537.36 (KHTML, like Gecko) Chrome/38.0.2125.111 Safari/537.36
accept-encoding: gzip,deflate,sdch
host: localhost:8080
=========================
HTTP response:
status=
200 
headers= 
Content-Type: application/json;charset=UTF-8
Transfer-Encoding: chunked
Date: Wed, 29 Jan 2020 21:00:15 GMT

body=
{"message":"Size of BigFatBastard list is now 11080 objects. It contains 598320 items.","name":"Simple-PropertiesFileName","durationInMillis":5}
<<<<<<<<<<<<<<<<<<<<<<<<<
22:00:16.126 [DEBUG] i.g.c.a.Pause - Pausing for 1187ms (real=1159ms)
22:00:16.452 [DEBUG] i.g.h.e.t.HttpTxExecutor - Sending request=simple_delay uri=http://localhost:8080/delay?duration=555: scenario=Acceptance test, userId=12
22:00:16.453 [DEBUG] i.g.h.c.i.HttpAppHandler - Write request WritableRequest{request=DefaultFullHttpRequest(decodeResult: success, version: HTTP/1.1, content: UnpooledByteBufAllocator$InstrumentedUnpooledUnsafeHeapByteBuf(ridx: 0, widx: 0, cap: 0))
GET /delay?duration=555 HTTP/1.1
Accept: */*
Content-Type: application/json;charset=UTF-8
Accept-Language: en-US,en;q=0.8,nl;q=0.6
User-Agent: Mozilla/5.0 (Windows NT 6.1; WOW64) AppleWebKit/537.36 (KHTML, like Gecko) Chrome/38.0.2125.111 Safari/537.36
accept-encoding: gzip,deflate,sdch
host: localhost:8080, content=null}
22:00:16.553 [DEBUG] i.g.c.c.i.o.OpenWorkload - Injecting 1 users in scenario Acceptance test, continue=true
22:00:16.553 [DEBUG] i.g.h.e.t.HttpTxExecutor - Sending request=simple_cpu_burn uri=http://localhost:8080/cpu/magic-identity-check?matrixSize=133: scenario=Acceptance test, userId=14
22:00:16.554 [DEBUG] i.g.c.c.i.o.OpenWorkload - Start user #14
22:00:16.557 [DEBUG] i.g.h.c.i.HttpAppHandler - Write request WritableRequest{request=DefaultFullHttpRequest(decodeResult: success, version: HTTP/1.1, content: UnpooledByteBufAllocator$InstrumentedUnpooledUnsafeHeapByteBuf(ridx: 0, widx: 0, cap: 0))
GET /cpu/magic-identity-check?matrixSize=133 HTTP/1.1
Accept: */*
Content-Type: application/json;charset=UTF-8
Accept-Language: en-US,en;q=0.8,nl;q=0.6
User-Agent: Mozilla/5.0 (Windows NT 6.1; WOW64) AppleWebKit/537.36 (KHTML, like Gecko) Chrome/38.0.2125.111 Safari/537.36
accept-encoding: gzip,deflate,sdch
host: localhost:8080, content=null}
22:00:16.590 [DEBUG] i.g.h.c.i.HttpAppHandler - Read msg='DefaultHttpResponse(decodeResult: success, version: HTTP/1.1)
HTTP/1.1 200 
Content-Type: application/json;charset=UTF-8
Transfer-Encoding: chunked
Date: Wed, 29 Jan 2020 21:00:16 GMT'
22:00:16.591 [DEBUG] i.g.h.c.i.HttpAppHandler - Read msg='DefaultHttpContent(data: PooledSlicedByteBuf(ridx: 0, widx: 170, cap: 170/170, unwrapped: PooledUnsafeDirectByteBuf(ridx: 304, widx: 309, cap: 1024)), decoderResult: success)'
22:00:16.591 [DEBUG] i.g.h.c.i.HttpAppHandler - Read msg='EmptyLastHttpContent'
22:00:16.592 [TRACE] i.g.h.e.r.DefaultStatsProcessor - 
>>>>>>>>>>>>>>>>>>>>>>>>>>
Request:
simple_cpu_burn: OK 
=========================
Session:
Session(Acceptance test,14,1580331616551,Map(gatling.http.ssl.sslContexts -> SslContexts(io.netty.handler.ssl.JdkSslContext@27913dd1,None), gatling.http.cache.dns -> io.gatling.http.cache.DnsCacheSupport$$anon$1@5898ac4b, gatling.http.cache.baseUrl -> http://localhost:8080),0,OK,List(),io.gatling.core.protocol.ProtocolComponentsRegistry$$Lambda$598/0x000000084055d840@452b12e)
=========================
HTTP request:
GET http://localhost:8080/cpu/magic-identity-check?matrixSize=133
headers=
Accept: */*
Content-Type: application/json;charset=UTF-8
Accept-Language: en-US,en;q=0.8,nl;q=0.6
User-Agent: Mozilla/5.0 (Windows NT 6.1; WOW64) AppleWebKit/537.36 (KHTML, like Gecko) Chrome/38.0.2125.111 Safari/537.36
accept-encoding: gzip,deflate,sdch
host: localhost:8080
=========================
HTTP response:
status=
200 
headers= 
Content-Type: application/json;charset=UTF-8
Transfer-Encoding: chunked
Date: Wed, 29 Jan 2020 21:00:16 GMT

body=
{"message":"A simple magic square multiplied by an identity square of size [133] [is equal] to the magic square.","name":"Simple-PropertiesFileName","durationInMillis":8}
<<<<<<<<<<<<<<<<<<<<<<<<<
22:00:16.593 [DEBUG] i.g.c.a.Pause - Pausing for 7405ms (real=7403ms)
22:00:16.792 [DEBUG] i.g.h.e.t.HttpTxExecutor - Sending request=simple_delay uri=http://localhost:8080/delay?duration=555: scenario=Acceptance test, userId=9
22:00:16.793 [DEBUG] i.g.h.c.i.HttpAppHandler - Write request WritableRequest{request=DefaultFullHttpRequest(decodeResult: success, version: HTTP/1.1, content: UnpooledByteBufAllocator$InstrumentedUnpooledUnsafeHeapByteBuf(ridx: 0, widx: 0, cap: 0))
GET /delay?duration=555 HTTP/1.1
Accept: */*
Content-Type: application/json;charset=UTF-8
Accept-Language: en-US,en;q=0.8,nl;q=0.6
User-Agent: Mozilla/5.0 (Windows NT 6.1; WOW64) AppleWebKit/537.36 (KHTML, like Gecko) Chrome/38.0.2125.111 Safari/537.36
accept-encoding: gzip,deflate,sdch
host: localhost:8080, content=null}
22:00:17.011 [DEBUG] i.g.h.c.i.HttpAppHandler - Read msg='DefaultHttpResponse(decodeResult: success, version: HTTP/1.1)
HTTP/1.1 200 
Content-Type: application/json;charset=UTF-8
Transfer-Encoding: chunked
Date: Wed, 29 Jan 2020 21:00:16 GMT'
22:00:17.012 [DEBUG] i.g.h.c.i.HttpAppHandler - Read msg='DefaultHttpContent(data: PooledSlicedByteBuf(ridx: 0, widx: 95, cap: 95/95, unwrapped: PooledUnsafeDirectByteBuf(ridx: 229, widx: 234, cap: 1024)), decoderResult: success)'
22:00:17.012 [DEBUG] i.g.h.c.i.HttpAppHandler - Read msg='EmptyLastHttpContent'
22:00:17.013 [TRACE] i.g.h.e.r.DefaultStatsProcessor - 
>>>>>>>>>>>>>>>>>>>>>>>>>>
Request:
simple_delay: OK 
=========================
Session:
Session(Acceptance test,12,1580331615051,Map(gatling.http.ssl.sslContexts -> SslContexts(io.netty.handler.ssl.JdkSslContext@16c3cc9e,None), gatling.http.cache.dns -> io.gatling.http.cache.DnsCacheSupport$$anon$1@5898ac4b, gatling.http.cache.baseUrl -> http://localhost:8080),15,OK,List(),io.gatling.core.protocol.ProtocolComponentsRegistry$$Lambda$598/0x000000084055d840@452b12e)
=========================
HTTP request:
GET http://localhost:8080/delay?duration=555
headers=
Accept: */*
Content-Type: application/json;charset=UTF-8
Accept-Language: en-US,en;q=0.8,nl;q=0.6
User-Agent: Mozilla/5.0 (Windows NT 6.1; WOW64) AppleWebKit/537.36 (KHTML, like Gecko) Chrome/38.0.2125.111 Safari/537.36
accept-encoding: gzip,deflate,sdch
host: localhost:8080
=========================
HTTP response:
status=
200 
headers= 
Content-Type: application/json;charset=UTF-8
Transfer-Encoding: chunked
Date: Wed, 29 Jan 2020 21:00:16 GMT

body=
{"message":"This was a delay of 555","name":"Simple-PropertiesFileName","durationInMillis":555}
<<<<<<<<<<<<<<<<<<<<<<<<<
22:00:17.014 [DEBUG] i.g.c.a.Pause - Pausing for 140ms (real=123ms)
22:00:17.162 [DEBUG] i.g.h.e.t.HttpTxExecutor - Sending request=simple_mini_leak uri=http://localhost:8080/memory/grow?objects=8&items=54: scenario=Acceptance test, userId=12
22:00:17.163 [DEBUG] i.g.h.c.i.HttpAppHandler - Write request WritableRequest{request=DefaultFullHttpRequest(decodeResult: success, version: HTTP/1.1, content: UnpooledByteBufAllocator$InstrumentedUnpooledUnsafeHeapByteBuf(ridx: 0, widx: 0, cap: 0))
GET /memory/grow?objects=8&items=54 HTTP/1.1
Accept: */*
Content-Type: application/json;charset=UTF-8
Accept-Language: en-US,en;q=0.8,nl;q=0.6
User-Agent: Mozilla/5.0 (Windows NT 6.1; WOW64) AppleWebKit/537.36 (KHTML, like Gecko) Chrome/38.0.2125.111 Safari/537.36
accept-encoding: gzip,deflate,sdch
host: localhost:8080, content=null}
22:00:17.171 [DEBUG] i.g.h.c.i.HttpAppHandler - Read msg='DefaultHttpResponse(decodeResult: success, version: HTTP/1.1)
HTTP/1.1 200 
Content-Type: application/json;charset=UTF-8
Transfer-Encoding: chunked
Date: Wed, 29 Jan 2020 21:00:16 GMT'
22:00:17.171 [DEBUG] i.g.h.c.i.HttpAppHandler - Read msg='DefaultHttpContent(data: PooledSlicedByteBuf(ridx: 0, widx: 144, cap: 144/144, unwrapped: PooledUnsafeDirectByteBuf(ridx: 278, widx: 283, cap: 512)), decoderResult: success)'
22:00:17.171 [DEBUG] i.g.h.c.i.HttpAppHandler - Read msg='EmptyLastHttpContent'
22:00:17.173 [TRACE] i.g.h.e.r.DefaultStatsProcessor - 
>>>>>>>>>>>>>>>>>>>>>>>>>>
Request:
simple_mini_leak: OK 
=========================
Session:
Session(Acceptance test,12,1580331615051,Map(gatling.http.ssl.sslContexts -> SslContexts(io.netty.handler.ssl.JdkSslContext@16c3cc9e,None), gatling.http.cache.dns -> io.gatling.http.cache.DnsCacheSupport$$anon$1@5898ac4b, gatling.http.cache.baseUrl -> http://localhost:8080),25,OK,List(),io.gatling.core.protocol.ProtocolComponentsRegistry$$Lambda$598/0x000000084055d840@452b12e)
=========================
HTTP request:
GET http://localhost:8080/memory/grow?objects=8&items=54
headers=
Accept: */*
Content-Type: application/json;charset=UTF-8
Accept-Language: en-US,en;q=0.8,nl;q=0.6
User-Agent: Mozilla/5.0 (Windows NT 6.1; WOW64) AppleWebKit/537.36 (KHTML, like Gecko) Chrome/38.0.2125.111 Safari/537.36
accept-encoding: gzip,deflate,sdch
host: localhost:8080
=========================
HTTP response:
status=
200 
headers= 
Content-Type: application/json;charset=UTF-8
Transfer-Encoding: chunked
Date: Wed, 29 Jan 2020 21:00:16 GMT

body=
{"message":"Size of BigFatBastard list is now 11088 objects. It contains 598752 items.","name":"Simple-PropertiesFileName","durationInMillis":5}
<<<<<<<<<<<<<<<<<<<<<<<<<
22:00:17.173 [DEBUG] i.g.c.a.Pause - Pausing for 655ms (real=628ms)
22:00:17.303 [DEBUG] i.g.h.e.t.HttpTxExecutor - Sending request=upload-file uri=http://localhost:8080/files/upload: scenario=Acceptance test, userId=6
22:00:17.304 [DEBUG] i.g.h.c.i.HttpAppHandler - Write request WritableRequest{request=DefaultHttpRequest(decodeResult: success, version: HTTP/1.1)
POST /files/upload HTTP/1.1
Accept: */*
Accept-Language: en-US,en;q=0.8,nl;q=0.6
User-Agent: Mozilla/5.0 (Windows NT 6.1; WOW64) AppleWebKit/537.36 (KHTML, like Gecko) Chrome/38.0.2125.111 Safari/537.36
accept-encoding: gzip,deflate,sdch
host: localhost:8080
content-type: multipart/form-data; boundary=wGgbFLBJKrG9172ESRJeN6GS8-dnlMn7jHw
content-length: 220, content=io.gatling.http.client.body.multipart.impl.MultipartFileRegion@e579793}
22:00:17.307 [DEBUG] i.g.h.c.i.HttpAppHandler - Read msg='DefaultHttpResponse(decodeResult: success, version: HTTP/1.1)
HTTP/1.1 200 
Content-Type: text/plain;charset=UTF-8
Content-Length: 62
Date: Wed, 29 Jan 2020 21:00:16 GMT'
22:00:17.308 [DEBUG] i.g.h.c.i.HttpAppHandler - Read msg='DefaultLastHttpContent(data: PooledSlicedByteBuf(ridx: 0, widx: 62, cap: 62/62, unwrapped: PooledUnsafeDirectByteBuf(ridx: 176, widx: 176, cap: 496)), decoderResult: success)'
22:00:17.309 [TRACE] i.g.h.e.r.DefaultStatsProcessor - 
>>>>>>>>>>>>>>>>>>>>>>>>>>
Request:
upload-file: OK 
=========================
Session:
Session(Acceptance test,6,1580331609551,Map(gatling.http.ssl.sslContexts -> SslContexts(io.netty.handler.ssl.JdkSslContext@15cbd4ae,None), gatling.http.cache.dns -> io.gatling.http.cache.DnsCacheSupport$$anon$1@5898ac4b, gatling.http.cache.baseUrl -> http://localhost:8080),16,OK,List(),io.gatling.core.protocol.ProtocolComponentsRegistry$$Lambda$598/0x000000084055d840@452b12e)
=========================
HTTP request:
POST http://localhost:8080/files/upload
headers=
Accept: */*
Accept-Language: en-US,en;q=0.8,nl;q=0.6
User-Agent: Mozilla/5.0 (Windows NT 6.1; WOW64) AppleWebKit/537.36 (KHTML, like Gecko) Chrome/38.0.2125.111 Safari/537.36
accept-encoding: gzip,deflate,sdch
host: localhost:8080
content-type: multipart/form-data; boundary=wGgbFLBJKrG9172ESRJeN6GS8-dnlMn7jHw
content-length: 220
multipartBody=
ByteArrayPart: name=upload contentType=text/plain dispositionType=null charset=UTF-8 transferEncoding=null contentId=null filename=gatling-upload.txt
=========================
HTTP response:
status=
200 
headers= 
Content-Type: text/plain;charset=UTF-8
Content-Length: 62
Date: Wed, 29 Jan 2020 21:00:16 GMT

body=
File upload succeeded [gatling-upload.txt] of size [17] bytes.
<<<<<<<<<<<<<<<<<<<<<<<<<
22:00:17.310 [DEBUG] i.g.c.a.Exit - End user #6
22:00:17.311 [DEBUG] i.g.c.c.i.Injector - End user #6
22:00:17.351 [DEBUG] i.g.h.c.i.HttpAppHandler - Read msg='DefaultHttpResponse(decodeResult: success, version: HTTP/1.1)
HTTP/1.1 200 
Content-Type: application/json;charset=UTF-8
Transfer-Encoding: chunked
Date: Wed, 29 Jan 2020 21:00:16 GMT'
22:00:17.351 [DEBUG] i.g.h.c.i.HttpAppHandler - Read msg='DefaultHttpContent(data: PooledSlicedByteBuf(ridx: 0, widx: 95, cap: 95/95, unwrapped: PooledUnsafeDirectByteBuf(ridx: 229, widx: 234, cap: 1024)), decoderResult: success)'
22:00:17.351 [DEBUG] i.g.h.c.i.HttpAppHandler - Read msg='EmptyLastHttpContent'
22:00:17.353 [TRACE] i.g.h.e.r.DefaultStatsProcessor - 
>>>>>>>>>>>>>>>>>>>>>>>>>>
Request:
simple_delay: OK 
=========================
Session:
Session(Acceptance test,9,1580331612551,Map(gatling.http.ssl.sslContexts -> SslContexts(io.netty.handler.ssl.JdkSslContext@3b6a040d,None), gatling.http.cache.dns -> io.gatling.http.cache.DnsCacheSupport$$anon$1@5898ac4b, gatling.http.cache.baseUrl -> http://localhost:8080),18,OK,List(),io.gatling.core.protocol.ProtocolComponentsRegistry$$Lambda$598/0x000000084055d840@452b12e)
=========================
HTTP request:
GET http://localhost:8080/delay?duration=555
headers=
Accept: */*
Content-Type: application/json;charset=UTF-8
Accept-Language: en-US,en;q=0.8,nl;q=0.6
User-Agent: Mozilla/5.0 (Windows NT 6.1; WOW64) AppleWebKit/537.36 (KHTML, like Gecko) Chrome/38.0.2125.111 Safari/537.36
accept-encoding: gzip,deflate,sdch
host: localhost:8080
=========================
HTTP response:
status=
200 
headers= 
Content-Type: application/json;charset=UTF-8
Transfer-Encoding: chunked
Date: Wed, 29 Jan 2020 21:00:16 GMT

body=
{"message":"This was a delay of 555","name":"Simple-PropertiesFileName","durationInMillis":555}
<<<<<<<<<<<<<<<<<<<<<<<<<
22:00:17.353 [DEBUG] i.g.c.a.Pause - Pausing for 2908ms (real=2888ms)
22:00:17.552 [DEBUG] i.g.c.c.i.o.OpenWorkload - Injecting 1 users in scenario Acceptance test, continue=true
22:00:17.552 [DEBUG] i.g.h.e.t.HttpTxExecutor - Sending request=simple_cpu_burn uri=http://localhost:8080/cpu/magic-identity-check?matrixSize=133: scenario=Acceptance test, userId=15
22:00:17.553 [DEBUG] i.g.c.c.i.o.OpenWorkload - Start user #15
22:00:17.556 [DEBUG] i.g.h.c.i.HttpAppHandler - Write request WritableRequest{request=DefaultFullHttpRequest(decodeResult: success, version: HTTP/1.1, content: UnpooledByteBufAllocator$InstrumentedUnpooledUnsafeHeapByteBuf(ridx: 0, widx: 0, cap: 0))
GET /cpu/magic-identity-check?matrixSize=133 HTTP/1.1
Accept: */*
Content-Type: application/json;charset=UTF-8
Accept-Language: en-US,en;q=0.8,nl;q=0.6
User-Agent: Mozilla/5.0 (Windows NT 6.1; WOW64) AppleWebKit/537.36 (KHTML, like Gecko) Chrome/38.0.2125.111 Safari/537.36
accept-encoding: gzip,deflate,sdch
host: localhost:8080, content=null}
22:00:17.590 [DEBUG] i.g.h.c.i.HttpAppHandler - Read msg='DefaultHttpResponse(decodeResult: success, version: HTTP/1.1)
HTTP/1.1 200 
Content-Type: application/json;charset=UTF-8
Transfer-Encoding: chunked
Date: Wed, 29 Jan 2020 21:00:16 GMT'
22:00:17.590 [DEBUG] i.g.h.c.i.HttpAppHandler - Read msg='DefaultHttpContent(data: PooledSlicedByteBuf(ridx: 0, widx: 170, cap: 170/170, unwrapped: PooledUnsafeDirectByteBuf(ridx: 304, widx: 309, cap: 1024)), decoderResult: success)'
22:00:17.591 [DEBUG] i.g.h.c.i.HttpAppHandler - Read msg='EmptyLastHttpContent'
22:00:17.593 [TRACE] i.g.h.e.r.DefaultStatsProcessor - 
>>>>>>>>>>>>>>>>>>>>>>>>>>
Request:
simple_cpu_burn: OK 
=========================
Session:
Session(Acceptance test,15,1580331617551,Map(gatling.http.ssl.sslContexts -> SslContexts(io.netty.handler.ssl.JdkSslContext@2f5808a,None), gatling.http.cache.dns -> io.gatling.http.cache.DnsCacheSupport$$anon$1@5898ac4b, gatling.http.cache.baseUrl -> http://localhost:8080),0,OK,List(),io.gatling.core.protocol.ProtocolComponentsRegistry$$Lambda$598/0x000000084055d840@452b12e)
=========================
HTTP request:
GET http://localhost:8080/cpu/magic-identity-check?matrixSize=133
headers=
Accept: */*
Content-Type: application/json;charset=UTF-8
Accept-Language: en-US,en;q=0.8,nl;q=0.6
User-Agent: Mozilla/5.0 (Windows NT 6.1; WOW64) AppleWebKit/537.36 (KHTML, like Gecko) Chrome/38.0.2125.111 Safari/537.36
accept-encoding: gzip,deflate,sdch
host: localhost:8080
=========================
HTTP response:
status=
200 
headers= 
Content-Type: application/json;charset=UTF-8
Transfer-Encoding: chunked
Date: Wed, 29 Jan 2020 21:00:16 GMT

body=
{"message":"A simple magic square multiplied by an identity square of size [133] [is equal] to the magic square.","name":"Simple-PropertiesFileName","durationInMillis":9}
<<<<<<<<<<<<<<<<<<<<<<<<<
22:00:17.593 [DEBUG] i.g.c.a.Pause - Pausing for 117ms (real=115ms)
22:00:17.732 [DEBUG] i.g.h.e.t.HttpTxExecutor - Sending request=simple_delay uri=http://localhost:8080/delay?duration=555: scenario=Acceptance test, userId=15
22:00:17.733 [DEBUG] i.g.h.c.i.HttpAppHandler - Write request WritableRequest{request=DefaultFullHttpRequest(decodeResult: success, version: HTTP/1.1, content: UnpooledByteBufAllocator$InstrumentedUnpooledUnsafeHeapByteBuf(ridx: 0, widx: 0, cap: 0))
GET /delay?duration=555 HTTP/1.1
Accept: */*
Content-Type: application/json;charset=UTF-8
Accept-Language: en-US,en;q=0.8,nl;q=0.6
User-Agent: Mozilla/5.0 (Windows NT 6.1; WOW64) AppleWebKit/537.36 (KHTML, like Gecko) Chrome/38.0.2125.111 Safari/537.36
accept-encoding: gzip,deflate,sdch
host: localhost:8080, content=null}
22:00:17.782 [DEBUG] i.g.h.e.t.HttpTxExecutor - Sending request=simple_delay uri=http://localhost:8080/delay?duration=555: scenario=Acceptance test, userId=10
22:00:17.783 [DEBUG] i.g.h.c.i.HttpAppHandler - Write request WritableRequest{request=DefaultFullHttpRequest(decodeResult: success, version: HTTP/1.1, content: UnpooledByteBufAllocator$InstrumentedUnpooledUnsafeHeapByteBuf(ridx: 0, widx: 0, cap: 0))
GET /delay?duration=555 HTTP/1.1
Accept: */*
Content-Type: application/json;charset=UTF-8
Accept-Language: en-US,en;q=0.8,nl;q=0.6
User-Agent: Mozilla/5.0 (Windows NT 6.1; WOW64) AppleWebKit/537.36 (KHTML, like Gecko) Chrome/38.0.2125.111 Safari/537.36
accept-encoding: gzip,deflate,sdch
host: localhost:8080, content=null}
22:00:17.822 [DEBUG] i.g.h.e.t.HttpTxExecutor - Sending request=upload-file uri=http://localhost:8080/files/upload: scenario=Acceptance test, userId=12
22:00:17.823 [DEBUG] i.g.h.c.i.HttpAppHandler - Write request WritableRequest{request=DefaultHttpRequest(decodeResult: success, version: HTTP/1.1)
POST /files/upload HTTP/1.1
Accept: */*
Accept-Language: en-US,en;q=0.8,nl;q=0.6
User-Agent: Mozilla/5.0 (Windows NT 6.1; WOW64) AppleWebKit/537.36 (KHTML, like Gecko) Chrome/38.0.2125.111 Safari/537.36
accept-encoding: gzip,deflate,sdch
host: localhost:8080
content-type: multipart/form-data; boundary=LQMFBblgZrIPDJx3VsV_R996tx0ugs4N4ue
content-length: 220, content=io.gatling.http.client.body.multipart.impl.MultipartFileRegion@53c14022}
22:00:17.827 [DEBUG] i.g.h.c.i.HttpAppHandler - Read msg='DefaultHttpResponse(decodeResult: success, version: HTTP/1.1)
HTTP/1.1 200 
Content-Type: text/plain;charset=UTF-8
Content-Length: 62
Date: Wed, 29 Jan 2020 21:00:17 GMT'
22:00:17.827 [DEBUG] i.g.h.c.i.HttpAppHandler - Read msg='DefaultLastHttpContent(data: PooledSlicedByteBuf(ridx: 0, widx: 62, cap: 62/62, unwrapped: PooledUnsafeDirectByteBuf(ridx: 176, widx: 176, cap: 512)), decoderResult: success)'
22:00:17.828 [TRACE] i.g.h.e.r.DefaultStatsProcessor - 
>>>>>>>>>>>>>>>>>>>>>>>>>>
Request:
upload-file: OK 
=========================
Session:
Session(Acceptance test,12,1580331615051,Map(gatling.http.ssl.sslContexts -> SslContexts(io.netty.handler.ssl.JdkSslContext@16c3cc9e,None), gatling.http.cache.dns -> io.gatling.http.cache.DnsCacheSupport$$anon$1@5898ac4b, gatling.http.cache.baseUrl -> http://localhost:8080),20,OK,List(),io.gatling.core.protocol.ProtocolComponentsRegistry$$Lambda$598/0x000000084055d840@452b12e)
=========================
HTTP request:
POST http://localhost:8080/files/upload
headers=
Accept: */*
Accept-Language: en-US,en;q=0.8,nl;q=0.6
User-Agent: Mozilla/5.0 (Windows NT 6.1; WOW64) AppleWebKit/537.36 (KHTML, like Gecko) Chrome/38.0.2125.111 Safari/537.36
accept-encoding: gzip,deflate,sdch
host: localhost:8080
content-type: multipart/form-data; boundary=LQMFBblgZrIPDJx3VsV_R996tx0ugs4N4ue
content-length: 220
multipartBody=
ByteArrayPart: name=upload contentType=text/plain dispositionType=null charset=UTF-8 transferEncoding=null contentId=null filename=gatling-upload.txt
=========================
HTTP response:
status=
200 
headers= 
Content-Type: text/plain;charset=UTF-8
Content-Length: 62
Date: Wed, 29 Jan 2020 21:00:17 GMT

body=
File upload succeeded [gatling-upload.txt] of size [17] bytes.
<<<<<<<<<<<<<<<<<<<<<<<<<
22:00:17.828 [DEBUG] i.g.c.a.Exit - End user #12
22:00:17.829 [DEBUG] i.g.c.c.i.Injector - End user #12
22:00:17.882 [DEBUG] i.g.h.e.t.HttpTxExecutor - Sending request=upload-file uri=http://localhost:8080/files/upload: scenario=Acceptance test, userId=3
22:00:17.883 [DEBUG] i.g.h.c.i.HttpAppHandler - Write request WritableRequest{request=DefaultHttpRequest(decodeResult: success, version: HTTP/1.1)
POST /files/upload HTTP/1.1
Accept: */*
Accept-Language: en-US,en;q=0.8,nl;q=0.6
User-Agent: Mozilla/5.0 (Windows NT 6.1; WOW64) AppleWebKit/537.36 (KHTML, like Gecko) Chrome/38.0.2125.111 Safari/537.36
accept-encoding: gzip,deflate,sdch
host: localhost:8080
content-type: multipart/form-data; boundary=JQeoyc4dNddmyrQB24rAVdihCrg2xvrraRz
content-length: 220, content=io.gatling.http.client.body.multipart.impl.MultipartFileRegion@65ddd0b9}
22:00:17.886 [DEBUG] i.g.h.c.i.HttpAppHandler - Read msg='DefaultHttpResponse(decodeResult: success, version: HTTP/1.1)
HTTP/1.1 200 
Content-Type: text/plain;charset=UTF-8
Content-Length: 62
Date: Wed, 29 Jan 2020 21:00:17 GMT'
22:00:17.887 [DEBUG] i.g.h.c.i.HttpAppHandler - Read msg='DefaultLastHttpContent(data: PooledSlicedByteBuf(ridx: 0, widx: 62, cap: 62/62, unwrapped: PooledUnsafeDirectByteBuf(ridx: 176, widx: 176, cap: 496)), decoderResult: success)'
22:00:17.888 [TRACE] i.g.h.e.r.DefaultStatsProcessor - 
>>>>>>>>>>>>>>>>>>>>>>>>>>
Request:
upload-file: OK 
=========================
Session:
Session(Acceptance test,3,1580331606542,Map(gatling.http.ssl.sslContexts -> SslContexts(io.netty.handler.ssl.JdkSslContext@20df5ac6,None), gatling.http.cache.dns -> io.gatling.http.cache.DnsCacheSupport$$anon$1@5898ac4b, gatling.http.cache.baseUrl -> http://localhost:8080),28,OK,List(),io.gatling.core.protocol.ProtocolComponentsRegistry$$Lambda$598/0x000000084055d840@452b12e)
=========================
HTTP request:
POST http://localhost:8080/files/upload
headers=
Accept: */*
Accept-Language: en-US,en;q=0.8,nl;q=0.6
User-Agent: Mozilla/5.0 (Windows NT 6.1; WOW64) AppleWebKit/537.36 (KHTML, like Gecko) Chrome/38.0.2125.111 Safari/537.36
accept-encoding: gzip,deflate,sdch
host: localhost:8080
content-type: multipart/form-data; boundary=JQeoyc4dNddmyrQB24rAVdihCrg2xvrraRz
content-length: 220
multipartBody=
ByteArrayPart: name=upload contentType=text/plain dispositionType=null charset=UTF-8 transferEncoding=null contentId=null filename=gatling-upload.txt
=========================
HTTP response:
status=
200 
headers= 
Content-Type: text/plain;charset=UTF-8
Content-Length: 62
Date: Wed, 29 Jan 2020 21:00:17 GMT

body=
File upload succeeded [gatling-upload.txt] of size [17] bytes.
<<<<<<<<<<<<<<<<<<<<<<<<<
22:00:17.888 [DEBUG] i.g.c.a.Exit - End user #3
22:00:17.889 [DEBUG] i.g.c.c.i.Injector - End user #3
22:00:18.212 [DEBUG] i.g.h.e.t.HttpTxExecutor - Sending request=simple_delay uri=http://localhost:8080/delay?duration=555: scenario=Acceptance test, userId=13
22:00:18.213 [DEBUG] i.g.h.c.i.HttpAppHandler - Write request WritableRequest{request=DefaultFullHttpRequest(decodeResult: success, version: HTTP/1.1, content: UnpooledByteBufAllocator$InstrumentedUnpooledUnsafeHeapByteBuf(ridx: 0, widx: 0, cap: 0))
GET /delay?duration=555 HTTP/1.1
Accept: */*
Content-Type: application/json;charset=UTF-8
Accept-Language: en-US,en;q=0.8,nl;q=0.6
User-Agent: Mozilla/5.0 (Windows NT 6.1; WOW64) AppleWebKit/537.36 (KHTML, like Gecko) Chrome/38.0.2125.111 Safari/537.36
accept-encoding: gzip,deflate,sdch
host: localhost:8080, content=null}
22:00:18.222 [DEBUG] i.g.h.e.t.HttpTxExecutor - Sending request=simple_mini_leak uri=http://localhost:8080/memory/grow?objects=8&items=54: scenario=Acceptance test, userId=11
22:00:18.223 [DEBUG] i.g.h.c.i.HttpAppHandler - Write request WritableRequest{request=DefaultFullHttpRequest(decodeResult: success, version: HTTP/1.1, content: UnpooledByteBufAllocator$InstrumentedUnpooledUnsafeHeapByteBuf(ridx: 0, widx: 0, cap: 0))
GET /memory/grow?objects=8&items=54 HTTP/1.1
Accept: */*
Content-Type: application/json;charset=UTF-8
Accept-Language: en-US,en;q=0.8,nl;q=0.6
User-Agent: Mozilla/5.0 (Windows NT 6.1; WOW64) AppleWebKit/537.36 (KHTML, like Gecko) Chrome/38.0.2125.111 Safari/537.36
accept-encoding: gzip,deflate,sdch
host: localhost:8080, content=null}
22:00:18.230 [DEBUG] i.g.h.c.i.HttpAppHandler - Read msg='DefaultHttpResponse(decodeResult: success, version: HTTP/1.1)
HTTP/1.1 200 
Content-Type: application/json;charset=UTF-8
Transfer-Encoding: chunked
Date: Wed, 29 Jan 2020 21:00:17 GMT'
22:00:18.231 [DEBUG] i.g.h.c.i.HttpAppHandler - Read msg='DefaultHttpContent(data: PooledSlicedByteBuf(ridx: 0, widx: 144, cap: 144/144, unwrapped: PooledUnsafeDirectByteBuf(ridx: 278, widx: 283, cap: 512)), decoderResult: success)'
22:00:18.231 [DEBUG] i.g.h.c.i.HttpAppHandler - Read msg='EmptyLastHttpContent'
22:00:18.232 [TRACE] i.g.h.e.r.DefaultStatsProcessor - 
>>>>>>>>>>>>>>>>>>>>>>>>>>
Request:
simple_mini_leak: OK 
=========================
Session:
Session(Acceptance test,11,1580331614552,Map(gatling.http.ssl.sslContexts -> SslContexts(io.netty.handler.ssl.JdkSslContext@456c9a16,None), gatling.http.cache.dns -> io.gatling.http.cache.DnsCacheSupport$$anon$1@5898ac4b, gatling.http.cache.baseUrl -> http://localhost:8080),27,OK,List(),io.gatling.core.protocol.ProtocolComponentsRegistry$$Lambda$598/0x000000084055d840@452b12e)
=========================
HTTP request:
GET http://localhost:8080/memory/grow?objects=8&items=54
headers=
Accept: */*
Content-Type: application/json;charset=UTF-8
Accept-Language: en-US,en;q=0.8,nl;q=0.6
User-Agent: Mozilla/5.0 (Windows NT 6.1; WOW64) AppleWebKit/537.36 (KHTML, like Gecko) Chrome/38.0.2125.111 Safari/537.36
accept-encoding: gzip,deflate,sdch
host: localhost:8080
=========================
HTTP response:
status=
200 
headers= 
Content-Type: application/json;charset=UTF-8
Transfer-Encoding: chunked
Date: Wed, 29 Jan 2020 21:00:17 GMT

body=
{"message":"Size of BigFatBastard list is now 11096 objects. It contains 599184 items.","name":"Simple-PropertiesFileName","durationInMillis":5}
<<<<<<<<<<<<<<<<<<<<<<<<<
22:00:18.232 [DEBUG] i.g.c.a.Pause - Pausing for 262ms (real=234ms)
22:00:18.291 [DEBUG] i.g.h.c.i.HttpAppHandler - Read msg='DefaultHttpResponse(decodeResult: success, version: HTTP/1.1)
HTTP/1.1 200 
Content-Type: application/json;charset=UTF-8
Transfer-Encoding: chunked
Date: Wed, 29 Jan 2020 21:00:17 GMT'
22:00:18.291 [DEBUG] i.g.h.c.i.HttpAppHandler - Read msg='DefaultHttpContent(data: PooledSlicedByteBuf(ridx: 0, widx: 95, cap: 95/95, unwrapped: PooledUnsafeDirectByteBuf(ridx: 229, widx: 234, cap: 1024)), decoderResult: success)'
22:00:18.291 [DEBUG] i.g.h.c.i.HttpAppHandler - Read msg='EmptyLastHttpContent'
22:00:18.292 [TRACE] i.g.h.e.r.DefaultStatsProcessor - 
>>>>>>>>>>>>>>>>>>>>>>>>>>
Request:
simple_delay: OK 
=========================
Session:
Session(Acceptance test,15,1580331617551,Map(gatling.http.ssl.sslContexts -> SslContexts(io.netty.handler.ssl.JdkSslContext@2f5808a,None), gatling.http.cache.dns -> io.gatling.http.cache.DnsCacheSupport$$anon$1@5898ac4b, gatling.http.cache.baseUrl -> http://localhost:8080),24,OK,List(),io.gatling.core.protocol.ProtocolComponentsRegistry$$Lambda$598/0x000000084055d840@452b12e)
=========================
HTTP request:
GET http://localhost:8080/delay?duration=555
headers=
Accept: */*
Content-Type: application/json;charset=UTF-8
Accept-Language: en-US,en;q=0.8,nl;q=0.6
User-Agent: Mozilla/5.0 (Windows NT 6.1; WOW64) AppleWebKit/537.36 (KHTML, like Gecko) Chrome/38.0.2125.111 Safari/537.36
accept-encoding: gzip,deflate,sdch
host: localhost:8080
=========================
HTTP response:
status=
200 
headers= 
Content-Type: application/json;charset=UTF-8
Transfer-Encoding: chunked
Date: Wed, 29 Jan 2020 21:00:17 GMT

body=
{"message":"This was a delay of 555","name":"Simple-PropertiesFileName","durationInMillis":555}
<<<<<<<<<<<<<<<<<<<<<<<<<
22:00:18.293 [DEBUG] i.g.c.a.Pause - Pausing for 3226ms (real=3201ms)
22:00:18.341 [DEBUG] i.g.h.c.i.HttpAppHandler - Read msg='DefaultHttpResponse(decodeResult: success, version: HTTP/1.1)
HTTP/1.1 200 
Content-Type: application/json;charset=UTF-8
Transfer-Encoding: chunked
Date: Wed, 29 Jan 2020 21:00:17 GMT'
22:00:18.341 [DEBUG] i.g.h.c.i.HttpAppHandler - Read msg='DefaultHttpContent(data: PooledSlicedByteBuf(ridx: 0, widx: 95, cap: 95/95, unwrapped: PooledUnsafeDirectByteBuf(ridx: 229, widx: 234, cap: 1024)), decoderResult: success)'
22:00:18.341 [DEBUG] i.g.h.c.i.HttpAppHandler - Read msg='EmptyLastHttpContent'
22:00:18.343 [TRACE] i.g.h.e.r.DefaultStatsProcessor - 
>>>>>>>>>>>>>>>>>>>>>>>>>>
Request:
simple_delay: OK 
=========================
Session:
Session(Acceptance test,10,1580331613551,Map(gatling.http.ssl.sslContexts -> SslContexts(io.netty.handler.ssl.JdkSslContext@37a84fb8,None), gatling.http.cache.dns -> io.gatling.http.cache.DnsCacheSupport$$anon$1@5898ac4b, gatling.http.cache.baseUrl -> http://localhost:8080),19,OK,List(),io.gatling.core.protocol.ProtocolComponentsRegistry$$Lambda$598/0x000000084055d840@452b12e)
=========================
HTTP request:
GET http://localhost:8080/delay?duration=555
headers=
Accept: */*
Content-Type: application/json;charset=UTF-8
Accept-Language: en-US,en;q=0.8,nl;q=0.6
User-Agent: Mozilla/5.0 (Windows NT 6.1; WOW64) AppleWebKit/537.36 (KHTML, like Gecko) Chrome/38.0.2125.111 Safari/537.36
accept-encoding: gzip,deflate,sdch
host: localhost:8080
=========================
HTTP response:
status=
200 
headers= 
Content-Type: application/json;charset=UTF-8
Transfer-Encoding: chunked
Date: Wed, 29 Jan 2020 21:00:17 GMT

body=
{"message":"This was a delay of 555","name":"Simple-PropertiesFileName","durationInMillis":555}
<<<<<<<<<<<<<<<<<<<<<<<<<
22:00:18.343 [DEBUG] i.g.c.a.Pause - Pausing for 4202ms (real=4181ms)
22:00:18.492 [DEBUG] i.g.h.e.t.HttpTxExecutor - Sending request=upload-file uri=http://localhost:8080/files/upload: scenario=Acceptance test, userId=11
22:00:18.492 [DEBUG] i.g.h.c.i.HttpAppHandler - Write request WritableRequest{request=DefaultHttpRequest(decodeResult: success, version: HTTP/1.1)
POST /files/upload HTTP/1.1
Accept: */*
Accept-Language: en-US,en;q=0.8,nl;q=0.6
User-Agent: Mozilla/5.0 (Windows NT 6.1; WOW64) AppleWebKit/537.36 (KHTML, like Gecko) Chrome/38.0.2125.111 Safari/537.36
accept-encoding: gzip,deflate,sdch
host: localhost:8080
content-type: multipart/form-data; boundary=2gg0yCAmji7ABvfy0tBUa_gkxFKtT0fEP-z
content-length: 220, content=io.gatling.http.client.body.multipart.impl.MultipartFileRegion@6e1cdf}
22:00:18.493 [DEBUG] i.g.h.c.i.HttpAppHandler - Read msg='DefaultHttpResponse(decodeResult: success, version: HTTP/1.1)
HTTP/1.1 200 
Content-Type: text/plain;charset=UTF-8
Content-Length: 62
Date: Wed, 29 Jan 2020 21:00:17 GMT'
22:00:18.493 [DEBUG] i.g.h.c.i.HttpAppHandler - Read msg='DefaultLastHttpContent(data: PooledSlicedByteBuf(ridx: 0, widx: 62, cap: 62/62, unwrapped: PooledUnsafeDirectByteBuf(ridx: 176, widx: 176, cap: 496)), decoderResult: success)'
22:00:18.494 [TRACE] i.g.h.e.r.DefaultStatsProcessor - 
>>>>>>>>>>>>>>>>>>>>>>>>>>
Request:
upload-file: OK 
=========================
Session:
Session(Acceptance test,11,1580331614552,Map(gatling.http.ssl.sslContexts -> SslContexts(io.netty.handler.ssl.JdkSslContext@456c9a16,None), gatling.http.cache.dns -> io.gatling.http.cache.DnsCacheSupport$$anon$1@5898ac4b, gatling.http.cache.baseUrl -> http://localhost:8080),25,OK,List(),io.gatling.core.protocol.ProtocolComponentsRegistry$$Lambda$598/0x000000084055d840@452b12e)
=========================
HTTP request:
POST http://localhost:8080/files/upload
headers=
Accept: */*
Accept-Language: en-US,en;q=0.8,nl;q=0.6
User-Agent: Mozilla/5.0 (Windows NT 6.1; WOW64) AppleWebKit/537.36 (KHTML, like Gecko) Chrome/38.0.2125.111 Safari/537.36
accept-encoding: gzip,deflate,sdch
host: localhost:8080
content-type: multipart/form-data; boundary=2gg0yCAmji7ABvfy0tBUa_gkxFKtT0fEP-z
content-length: 220
multipartBody=
ByteArrayPart: name=upload contentType=text/plain dispositionType=null charset=UTF-8 transferEncoding=null contentId=null filename=gatling-upload.txt
=========================
HTTP response:
status=
200 
headers= 
Content-Type: text/plain;charset=UTF-8
Content-Length: 62
Date: Wed, 29 Jan 2020 21:00:17 GMT

body=
File upload succeeded [gatling-upload.txt] of size [17] bytes.
<<<<<<<<<<<<<<<<<<<<<<<<<
22:00:18.494 [DEBUG] i.g.c.a.Exit - End user #11
22:00:18.494 [DEBUG] i.g.c.c.i.Injector - End user #11
22:00:18.552 [DEBUG] i.g.c.c.i.o.OpenWorkload - Injecting 1 users in scenario Acceptance test, continue=true
22:00:18.552 [DEBUG] i.g.h.e.t.HttpTxExecutor - Sending request=simple_cpu_burn uri=http://localhost:8080/cpu/magic-identity-check?matrixSize=133: scenario=Acceptance test, userId=16
22:00:18.553 [DEBUG] i.g.c.c.i.o.OpenWorkload - Start user #16
22:00:18.556 [DEBUG] i.g.h.c.i.HttpAppHandler - Write request WritableRequest{request=DefaultFullHttpRequest(decodeResult: success, version: HTTP/1.1, content: UnpooledByteBufAllocator$InstrumentedUnpooledUnsafeHeapByteBuf(ridx: 0, widx: 0, cap: 0))
GET /cpu/magic-identity-check?matrixSize=133 HTTP/1.1
Accept: */*
Content-Type: application/json;charset=UTF-8
Accept-Language: en-US,en;q=0.8,nl;q=0.6
User-Agent: Mozilla/5.0 (Windows NT 6.1; WOW64) AppleWebKit/537.36 (KHTML, like Gecko) Chrome/38.0.2125.111 Safari/537.36
accept-encoding: gzip,deflate,sdch
host: localhost:8080, content=null}
22:00:18.589 [DEBUG] i.g.h.c.i.HttpAppHandler - Read msg='DefaultHttpResponse(decodeResult: success, version: HTTP/1.1)
HTTP/1.1 200 
Content-Type: application/json;charset=UTF-8
Transfer-Encoding: chunked
Date: Wed, 29 Jan 2020 21:00:17 GMT'
22:00:18.590 [DEBUG] i.g.h.c.i.HttpAppHandler - Read msg='DefaultHttpContent(data: PooledSlicedByteBuf(ridx: 0, widx: 170, cap: 170/170, unwrapped: PooledUnsafeDirectByteBuf(ridx: 304, widx: 309, cap: 1024)), decoderResult: success)'
22:00:18.590 [DEBUG] i.g.h.c.i.HttpAppHandler - Read msg='EmptyLastHttpContent'
22:00:18.591 [TRACE] i.g.h.e.r.DefaultStatsProcessor - 
>>>>>>>>>>>>>>>>>>>>>>>>>>
Request:
simple_cpu_burn: OK 
=========================
Session:
Session(Acceptance test,16,1580331618551,Map(gatling.http.ssl.sslContexts -> SslContexts(io.netty.handler.ssl.JdkSslContext@324922b,None), gatling.http.cache.dns -> io.gatling.http.cache.DnsCacheSupport$$anon$1@5898ac4b, gatling.http.cache.baseUrl -> http://localhost:8080),0,OK,List(),io.gatling.core.protocol.ProtocolComponentsRegistry$$Lambda$598/0x000000084055d840@452b12e)
=========================
HTTP request:
GET http://localhost:8080/cpu/magic-identity-check?matrixSize=133
headers=
Accept: */*
Content-Type: application/json;charset=UTF-8
Accept-Language: en-US,en;q=0.8,nl;q=0.6
User-Agent: Mozilla/5.0 (Windows NT 6.1; WOW64) AppleWebKit/537.36 (KHTML, like Gecko) Chrome/38.0.2125.111 Safari/537.36
accept-encoding: gzip,deflate,sdch
host: localhost:8080
=========================
HTTP response:
status=
200 
headers= 
Content-Type: application/json;charset=UTF-8
Transfer-Encoding: chunked
Date: Wed, 29 Jan 2020 21:00:17 GMT

body=
{"message":"A simple magic square multiplied by an identity square of size [133] [is equal] to the magic square.","name":"Simple-PropertiesFileName","durationInMillis":8}
<<<<<<<<<<<<<<<<<<<<<<<<<
22:00:18.592 [DEBUG] i.g.c.a.Pause - Pausing for 208ms (real=207ms)
22:00:18.771 [DEBUG] i.g.h.c.i.HttpAppHandler - Read msg='DefaultHttpResponse(decodeResult: success, version: HTTP/1.1)
HTTP/1.1 200 
Content-Type: application/json;charset=UTF-8
Transfer-Encoding: chunked
Date: Wed, 29 Jan 2020 21:00:17 GMT'
22:00:18.771 [DEBUG] i.g.h.c.i.HttpAppHandler - Read msg='DefaultHttpContent(data: PooledSlicedByteBuf(ridx: 0, widx: 95, cap: 95/95, unwrapped: PooledUnsafeDirectByteBuf(ridx: 229, widx: 234, cap: 1024)), decoderResult: success)'
22:00:18.771 [DEBUG] i.g.h.c.i.HttpAppHandler - Read msg='EmptyLastHttpContent'
22:00:18.772 [TRACE] i.g.h.e.r.DefaultStatsProcessor - 
>>>>>>>>>>>>>>>>>>>>>>>>>>
Request:
simple_delay: OK 
=========================
Session:
Session(Acceptance test,13,1580331615551,Map(gatling.http.ssl.sslContexts -> SslContexts(io.netty.handler.ssl.JdkSslContext@6bf71afb,None), gatling.http.cache.dns -> io.gatling.http.cache.DnsCacheSupport$$anon$1@5898ac4b, gatling.http.cache.baseUrl -> http://localhost:8080),22,OK,List(),io.gatling.core.protocol.ProtocolComponentsRegistry$$Lambda$598/0x000000084055d840@452b12e)
=========================
HTTP request:
GET http://localhost:8080/delay?duration=555
headers=
Accept: */*
Content-Type: application/json;charset=UTF-8
Accept-Language: en-US,en;q=0.8,nl;q=0.6
User-Agent: Mozilla/5.0 (Windows NT 6.1; WOW64) AppleWebKit/537.36 (KHTML, like Gecko) Chrome/38.0.2125.111 Safari/537.36
accept-encoding: gzip,deflate,sdch
host: localhost:8080
=========================
HTTP response:
status=
200 
headers= 
Content-Type: application/json;charset=UTF-8
Transfer-Encoding: chunked
Date: Wed, 29 Jan 2020 21:00:17 GMT

body=
{"message":"This was a delay of 555","name":"Simple-PropertiesFileName","durationInMillis":555}
<<<<<<<<<<<<<<<<<<<<<<<<<
22:00:18.773 [DEBUG] i.g.c.a.Pause - Pausing for 1501ms (real=1477ms)
22:00:18.822 [DEBUG] i.g.h.e.t.HttpTxExecutor - Sending request=simple_delay uri=http://localhost:8080/delay?duration=555: scenario=Acceptance test, userId=16
22:00:18.822 [DEBUG] i.g.h.c.i.HttpAppHandler - Write request WritableRequest{request=DefaultFullHttpRequest(decodeResult: success, version: HTTP/1.1, content: UnpooledByteBufAllocator$InstrumentedUnpooledUnsafeHeapByteBuf(ridx: 0, widx: 0, cap: 0))
GET /delay?duration=555 HTTP/1.1
Accept: */*
Content-Type: application/json;charset=UTF-8
Accept-Language: en-US,en;q=0.8,nl;q=0.6
User-Agent: Mozilla/5.0 (Windows NT 6.1; WOW64) AppleWebKit/537.36 (KHTML, like Gecko) Chrome/38.0.2125.111 Safari/537.36
accept-encoding: gzip,deflate,sdch
host: localhost:8080, content=null}

================================================================================
2020-01-29 22:00:19                                          15s elapsed
---- Requests ------------------------------------------------------------------
> Global                                                   (OK=48     KO=0     )
> simple_cpu_burn                                          (OK=16     KO=0     )
> simple_delay                                             (OK=14     KO=0     )
> simple_mini_leak                                         (OK=9      KO=0     )
> upload-file                                              (OK=9      KO=0     )

---- Acceptance test -----------------------------------------------------------
[-                                                                         ]  1%
          waiting: 674    / active: 7      / done: 9     
================================================================================

22:00:19.380 [DEBUG] i.g.h.c.i.HttpAppHandler - Read msg='DefaultHttpResponse(decodeResult: success, version: HTTP/1.1)
HTTP/1.1 200 
Content-Type: application/json;charset=UTF-8
Transfer-Encoding: chunked
Date: Wed, 29 Jan 2020 21:00:19 GMT'
22:00:19.380 [DEBUG] i.g.h.c.i.HttpAppHandler - Read msg='DefaultHttpContent(data: PooledSlicedByteBuf(ridx: 0, widx: 95, cap: 95/95, unwrapped: PooledUnsafeDirectByteBuf(ridx: 229, widx: 234, cap: 1024)), decoderResult: success)'
22:00:19.381 [DEBUG] i.g.h.c.i.HttpAppHandler - Read msg='EmptyLastHttpContent'
22:00:19.382 [TRACE] i.g.h.e.r.DefaultStatsProcessor - 
>>>>>>>>>>>>>>>>>>>>>>>>>>
Request:
simple_delay: OK 
=========================
Session:
Session(Acceptance test,16,1580331618551,Map(gatling.http.ssl.sslContexts -> SslContexts(io.netty.handler.ssl.JdkSslContext@324922b,None), gatling.http.cache.dns -> io.gatling.http.cache.DnsCacheSupport$$anon$1@5898ac4b, gatling.http.cache.baseUrl -> http://localhost:8080),22,OK,List(),io.gatling.core.protocol.ProtocolComponentsRegistry$$Lambda$598/0x000000084055d840@452b12e)
=========================
HTTP request:
GET http://localhost:8080/delay?duration=555
headers=
Accept: */*
Content-Type: application/json;charset=UTF-8
Accept-Language: en-US,en;q=0.8,nl;q=0.6
User-Agent: Mozilla/5.0 (Windows NT 6.1; WOW64) AppleWebKit/537.36 (KHTML, like Gecko) Chrome/38.0.2125.111 Safari/537.36
accept-encoding: gzip,deflate,sdch
host: localhost:8080
=========================
HTTP response:
status=
200 
headers= 
Content-Type: application/json;charset=UTF-8
Transfer-Encoding: chunked
Date: Wed, 29 Jan 2020 21:00:19 GMT

body=
{"message":"This was a delay of 555","name":"Simple-PropertiesFileName","durationInMillis":555}
<<<<<<<<<<<<<<<<<<<<<<<<<
22:00:19.382 [DEBUG] i.g.c.a.Pause - Pausing for 1224ms (real=1201ms)
22:00:19.552 [DEBUG] i.g.h.e.t.HttpTxExecutor - Sending request=simple_cpu_burn uri=http://localhost:8080/cpu/magic-identity-check?matrixSize=133: scenario=Acceptance test, userId=17
22:00:19.553 [DEBUG] i.g.c.c.i.o.OpenWorkload - Injecting 2 users in scenario Acceptance test, continue=true
22:00:19.553 [DEBUG] i.g.c.c.i.o.OpenWorkload - Start user #17
22:00:19.556 [DEBUG] i.g.h.c.i.HttpAppHandler - Write request WritableRequest{request=DefaultFullHttpRequest(decodeResult: success, version: HTTP/1.1, content: UnpooledByteBufAllocator$InstrumentedUnpooledUnsafeHeapByteBuf(ridx: 0, widx: 0, cap: 0))
GET /cpu/magic-identity-check?matrixSize=133 HTTP/1.1
Accept: */*
Content-Type: application/json;charset=UTF-8
Accept-Language: en-US,en;q=0.8,nl;q=0.6
User-Agent: Mozilla/5.0 (Windows NT 6.1; WOW64) AppleWebKit/537.36 (KHTML, like Gecko) Chrome/38.0.2125.111 Safari/537.36
accept-encoding: gzip,deflate,sdch
host: localhost:8080, content=null}
22:00:19.588 [DEBUG] i.g.h.c.i.HttpAppHandler - Read msg='DefaultHttpResponse(decodeResult: success, version: HTTP/1.1)
HTTP/1.1 200 
Content-Type: application/json;charset=UTF-8
Transfer-Encoding: chunked
Date: Wed, 29 Jan 2020 21:00:19 GMT'
22:00:19.589 [DEBUG] i.g.h.c.i.HttpAppHandler - Read msg='DefaultHttpContent(data: PooledSlicedByteBuf(ridx: 0, widx: 170, cap: 170/170, unwrapped: PooledUnsafeDirectByteBuf(ridx: 304, widx: 309, cap: 1024)), decoderResult: success)'
22:00:19.589 [DEBUG] i.g.h.c.i.HttpAppHandler - Read msg='EmptyLastHttpContent'
22:00:19.590 [TRACE] i.g.h.e.r.DefaultStatsProcessor - 
>>>>>>>>>>>>>>>>>>>>>>>>>>
Request:
simple_cpu_burn: OK 
=========================
Session:
Session(Acceptance test,17,1580331619551,Map(gatling.http.ssl.sslContexts -> SslContexts(io.netty.handler.ssl.JdkSslContext@5131c08f,None), gatling.http.cache.dns -> io.gatling.http.cache.DnsCacheSupport$$anon$1@5898ac4b, gatling.http.cache.baseUrl -> http://localhost:8080),0,OK,List(),io.gatling.core.protocol.ProtocolComponentsRegistry$$Lambda$598/0x000000084055d840@452b12e)
=========================
HTTP request:
GET http://localhost:8080/cpu/magic-identity-check?matrixSize=133
headers=
Accept: */*
Content-Type: application/json;charset=UTF-8
Accept-Language: en-US,en;q=0.8,nl;q=0.6
User-Agent: Mozilla/5.0 (Windows NT 6.1; WOW64) AppleWebKit/537.36 (KHTML, like Gecko) Chrome/38.0.2125.111 Safari/537.36
accept-encoding: gzip,deflate,sdch
host: localhost:8080
=========================
HTTP response:
status=
200 
headers= 
Content-Type: application/json;charset=UTF-8
Transfer-Encoding: chunked
Date: Wed, 29 Jan 2020 21:00:19 GMT

body=
{"message":"A simple magic square multiplied by an identity square of size [133] [is equal] to the magic square.","name":"Simple-PropertiesFileName","durationInMillis":7}
<<<<<<<<<<<<<<<<<<<<<<<<<
22:00:19.590 [DEBUG] i.g.c.a.Pause - Pausing for 1708ms (real=1707ms)
22:00:20.053 [DEBUG] i.g.h.e.t.HttpTxExecutor - Sending request=simple_cpu_burn uri=http://localhost:8080/cpu/magic-identity-check?matrixSize=133: scenario=Acceptance test, userId=18
22:00:20.054 [DEBUG] i.g.c.c.i.o.OpenWorkload - Start user #18
22:00:20.056 [DEBUG] i.g.h.c.i.HttpAppHandler - Write request WritableRequest{request=DefaultFullHttpRequest(decodeResult: success, version: HTTP/1.1, content: UnpooledByteBufAllocator$InstrumentedUnpooledUnsafeHeapByteBuf(ridx: 0, widx: 0, cap: 0))
GET /cpu/magic-identity-check?matrixSize=133 HTTP/1.1
Accept: */*
Content-Type: application/json;charset=UTF-8
Accept-Language: en-US,en;q=0.8,nl;q=0.6
User-Agent: Mozilla/5.0 (Windows NT 6.1; WOW64) AppleWebKit/537.36 (KHTML, like Gecko) Chrome/38.0.2125.111 Safari/537.36
accept-encoding: gzip,deflate,sdch
host: localhost:8080, content=null}
22:00:20.084 [DEBUG] i.g.h.c.i.HttpAppHandler - Read msg='DefaultHttpResponse(decodeResult: success, version: HTTP/1.1)
HTTP/1.1 200 
Content-Type: application/json;charset=UTF-8
Transfer-Encoding: chunked
Date: Wed, 29 Jan 2020 21:00:19 GMT'
22:00:20.084 [DEBUG] i.g.h.c.i.HttpAppHandler - Read msg='DefaultHttpContent(data: PooledSlicedByteBuf(ridx: 0, widx: 170, cap: 170/170, unwrapped: PooledUnsafeDirectByteBuf(ridx: 304, widx: 309, cap: 1024)), decoderResult: success)'
22:00:20.084 [DEBUG] i.g.h.c.i.HttpAppHandler - Read msg='EmptyLastHttpContent'
22:00:20.084 [TRACE] i.g.h.e.r.DefaultStatsProcessor - 
>>>>>>>>>>>>>>>>>>>>>>>>>>
Request:
simple_cpu_burn: OK 
=========================
Session:
Session(Acceptance test,18,1580331620052,Map(gatling.http.ssl.sslContexts -> SslContexts(io.netty.handler.ssl.JdkSslContext@1fbec659,None), gatling.http.cache.dns -> io.gatling.http.cache.DnsCacheSupport$$anon$1@5898ac4b, gatling.http.cache.baseUrl -> http://localhost:8080),0,OK,List(),io.gatling.core.protocol.ProtocolComponentsRegistry$$Lambda$598/0x000000084055d840@452b12e)
=========================
HTTP request:
GET http://localhost:8080/cpu/magic-identity-check?matrixSize=133
headers=
Accept: */*
Content-Type: application/json;charset=UTF-8
Accept-Language: en-US,en;q=0.8,nl;q=0.6
User-Agent: Mozilla/5.0 (Windows NT 6.1; WOW64) AppleWebKit/537.36 (KHTML, like Gecko) Chrome/38.0.2125.111 Safari/537.36
accept-encoding: gzip,deflate,sdch
host: localhost:8080
=========================
HTTP response:
status=
200 
headers= 
Content-Type: application/json;charset=UTF-8
Transfer-Encoding: chunked
Date: Wed, 29 Jan 2020 21:00:19 GMT

body=
{"message":"A simple magic square multiplied by an identity square of size [133] [is equal] to the magic square.","name":"Simple-PropertiesFileName","durationInMillis":5}
<<<<<<<<<<<<<<<<<<<<<<<<<
22:00:20.084 [DEBUG] i.g.c.a.Pause - Pausing for 2478ms (real=2478ms)
22:00:20.262 [DEBUG] i.g.h.e.t.HttpTxExecutor - Sending request=simple_mini_leak uri=http://localhost:8080/memory/grow?objects=8&items=54: scenario=Acceptance test, userId=9
22:00:20.263 [DEBUG] i.g.h.c.i.HttpAppHandler - Write request WritableRequest{request=DefaultFullHttpRequest(decodeResult: success, version: HTTP/1.1, content: UnpooledByteBufAllocator$InstrumentedUnpooledUnsafeHeapByteBuf(ridx: 0, widx: 0, cap: 0))
GET /memory/grow?objects=8&items=54 HTTP/1.1
Accept: */*
Content-Type: application/json;charset=UTF-8
Accept-Language: en-US,en;q=0.8,nl;q=0.6
User-Agent: Mozilla/5.0 (Windows NT 6.1; WOW64) AppleWebKit/537.36 (KHTML, like Gecko) Chrome/38.0.2125.111 Safari/537.36
accept-encoding: gzip,deflate,sdch
host: localhost:8080, content=null}
22:00:20.269 [DEBUG] i.g.h.c.i.HttpAppHandler - Read msg='DefaultHttpResponse(decodeResult: success, version: HTTP/1.1)
HTTP/1.1 200 
Content-Type: application/json;charset=UTF-8
Transfer-Encoding: chunked
Date: Wed, 29 Jan 2020 21:00:19 GMT'
22:00:20.269 [DEBUG] i.g.h.c.i.HttpAppHandler - Read msg='DefaultHttpContent(data: PooledSlicedByteBuf(ridx: 0, widx: 144, cap: 144/144, unwrapped: PooledUnsafeDirectByteBuf(ridx: 278, widx: 283, cap: 512)), decoderResult: success)'
22:00:20.269 [DEBUG] i.g.h.c.i.HttpAppHandler - Read msg='EmptyLastHttpContent'
22:00:20.270 [TRACE] i.g.h.e.r.DefaultStatsProcessor - 
>>>>>>>>>>>>>>>>>>>>>>>>>>
Request:
simple_mini_leak: OK 
=========================
Session:
Session(Acceptance test,9,1580331612551,Map(gatling.http.ssl.sslContexts -> SslContexts(io.netty.handler.ssl.JdkSslContext@3b6a040d,None), gatling.http.cache.dns -> io.gatling.http.cache.DnsCacheSupport$$anon$1@5898ac4b, gatling.http.cache.baseUrl -> http://localhost:8080),21,OK,List(),io.gatling.core.protocol.ProtocolComponentsRegistry$$Lambda$598/0x000000084055d840@452b12e)
=========================
HTTP request:
GET http://localhost:8080/memory/grow?objects=8&items=54
headers=
Accept: */*
Content-Type: application/json;charset=UTF-8
Accept-Language: en-US,en;q=0.8,nl;q=0.6
User-Agent: Mozilla/5.0 (Windows NT 6.1; WOW64) AppleWebKit/537.36 (KHTML, like Gecko) Chrome/38.0.2125.111 Safari/537.36
accept-encoding: gzip,deflate,sdch
host: localhost:8080
=========================
HTTP response:
status=
200 
headers= 
Content-Type: application/json;charset=UTF-8
Transfer-Encoding: chunked
Date: Wed, 29 Jan 2020 21:00:19 GMT

body=
{"message":"Size of BigFatBastard list is now 11104 objects. It contains 599616 items.","name":"Simple-PropertiesFileName","durationInMillis":5}
<<<<<<<<<<<<<<<<<<<<<<<<<
22:00:20.270 [DEBUG] i.g.c.a.Pause - Pausing for 7755ms (real=7733ms)
22:00:20.272 [DEBUG] i.g.h.e.t.HttpTxExecutor - Sending request=simple_mini_leak uri=http://localhost:8080/memory/grow?objects=8&items=54: scenario=Acceptance test, userId=13
22:00:20.272 [DEBUG] i.g.h.c.i.HttpAppHandler - Write request WritableRequest{request=DefaultFullHttpRequest(decodeResult: success, version: HTTP/1.1, content: UnpooledByteBufAllocator$InstrumentedUnpooledUnsafeHeapByteBuf(ridx: 0, widx: 0, cap: 0))
GET /memory/grow?objects=8&items=54 HTTP/1.1
Accept: */*
Content-Type: application/json;charset=UTF-8
Accept-Language: en-US,en;q=0.8,nl;q=0.6
User-Agent: Mozilla/5.0 (Windows NT 6.1; WOW64) AppleWebKit/537.36 (KHTML, like Gecko) Chrome/38.0.2125.111 Safari/537.36
accept-encoding: gzip,deflate,sdch
host: localhost:8080, content=null}
22:00:20.275 [DEBUG] i.g.h.c.i.HttpAppHandler - Read msg='DefaultHttpResponse(decodeResult: success, version: HTTP/1.1)
HTTP/1.1 200 
Content-Type: application/json;charset=UTF-8
Transfer-Encoding: chunked
Date: Wed, 29 Jan 2020 21:00:19 GMT'
22:00:20.275 [DEBUG] i.g.h.c.i.HttpAppHandler - Read msg='DefaultHttpContent(data: PooledSlicedByteBuf(ridx: 0, widx: 144, cap: 144/144, unwrapped: PooledUnsafeDirectByteBuf(ridx: 278, widx: 283, cap: 512)), decoderResult: success)'
22:00:20.275 [DEBUG] i.g.h.c.i.HttpAppHandler - Read msg='EmptyLastHttpContent'
22:00:20.275 [TRACE] i.g.h.e.r.DefaultStatsProcessor - 
>>>>>>>>>>>>>>>>>>>>>>>>>>
Request:
simple_mini_leak: OK 
=========================
Session:
Session(Acceptance test,13,1580331615551,Map(gatling.http.ssl.sslContexts -> SslContexts(io.netty.handler.ssl.JdkSslContext@6bf71afb,None), gatling.http.cache.dns -> io.gatling.http.cache.DnsCacheSupport$$anon$1@5898ac4b, gatling.http.cache.baseUrl -> http://localhost:8080),22,OK,List(),io.gatling.core.protocol.ProtocolComponentsRegistry$$Lambda$598/0x000000084055d840@452b12e)
=========================
HTTP request:
GET http://localhost:8080/memory/grow?objects=8&items=54
headers=
Accept: */*
Content-Type: application/json;charset=UTF-8
Accept-Language: en-US,en;q=0.8,nl;q=0.6
User-Agent: Mozilla/5.0 (Windows NT 6.1; WOW64) AppleWebKit/537.36 (KHTML, like Gecko) Chrome/38.0.2125.111 Safari/537.36
accept-encoding: gzip,deflate,sdch
host: localhost:8080
=========================
HTTP response:
status=
200 
headers= 
Content-Type: application/json;charset=UTF-8
Transfer-Encoding: chunked
Date: Wed, 29 Jan 2020 21:00:19 GMT

body=
{"message":"Size of BigFatBastard list is now 11112 objects. It contains 600048 items.","name":"Simple-PropertiesFileName","durationInMillis":1}
<<<<<<<<<<<<<<<<<<<<<<<<<
22:00:20.275 [DEBUG] i.g.c.a.Pause - Pausing for 7209ms (real=7187ms)
22:00:20.552 [DEBUG] i.g.c.c.i.o.OpenWorkload - Injecting 1 users in scenario Acceptance test, continue=true
22:00:20.552 [DEBUG] i.g.h.e.t.HttpTxExecutor - Sending request=simple_cpu_burn uri=http://localhost:8080/cpu/magic-identity-check?matrixSize=133: scenario=Acceptance test, userId=19
22:00:20.553 [DEBUG] i.g.c.c.i.o.OpenWorkload - Start user #19
22:00:20.556 [DEBUG] i.g.h.c.i.HttpAppHandler - Write request WritableRequest{request=DefaultFullHttpRequest(decodeResult: success, version: HTTP/1.1, content: UnpooledByteBufAllocator$InstrumentedUnpooledUnsafeHeapByteBuf(ridx: 0, widx: 0, cap: 0))
GET /cpu/magic-identity-check?matrixSize=133 HTTP/1.1
Accept: */*
Content-Type: application/json;charset=UTF-8
Accept-Language: en-US,en;q=0.8,nl;q=0.6
User-Agent: Mozilla/5.0 (Windows NT 6.1; WOW64) AppleWebKit/537.36 (KHTML, like Gecko) Chrome/38.0.2125.111 Safari/537.36
accept-encoding: gzip,deflate,sdch
host: localhost:8080, content=null}
22:00:20.567 [DEBUG] i.g.h.c.i.HttpAppHandler - Read msg='DefaultHttpResponse(decodeResult: success, version: HTTP/1.1)
HTTP/1.1 200 
Content-Type: application/json;charset=UTF-8
Transfer-Encoding: chunked
Date: Wed, 29 Jan 2020 21:00:20 GMT'
22:00:20.567 [DEBUG] i.g.h.c.i.HttpAppHandler - Read msg='DefaultHttpContent(data: PooledSlicedByteBuf(ridx: 0, widx: 170, cap: 170/170, unwrapped: PooledUnsafeDirectByteBuf(ridx: 304, widx: 309, cap: 1024)), decoderResult: success)'
22:00:20.568 [DEBUG] i.g.h.c.i.HttpAppHandler - Read msg='EmptyLastHttpContent'
22:00:20.568 [TRACE] i.g.h.e.r.DefaultStatsProcessor - 
>>>>>>>>>>>>>>>>>>>>>>>>>>
Request:
simple_cpu_burn: OK 
=========================
Session:
Session(Acceptance test,19,1580331620552,Map(gatling.http.ssl.sslContexts -> SslContexts(io.netty.handler.ssl.JdkSslContext@67697589,None), gatling.http.cache.dns -> io.gatling.http.cache.DnsCacheSupport$$anon$1@5898ac4b, gatling.http.cache.baseUrl -> http://localhost:8080),0,OK,List(),io.gatling.core.protocol.ProtocolComponentsRegistry$$Lambda$598/0x000000084055d840@452b12e)
=========================
HTTP request:
GET http://localhost:8080/cpu/magic-identity-check?matrixSize=133
headers=
Accept: */*
Content-Type: application/json;charset=UTF-8
Accept-Language: en-US,en;q=0.8,nl;q=0.6
User-Agent: Mozilla/5.0 (Windows NT 6.1; WOW64) AppleWebKit/537.36 (KHTML, like Gecko) Chrome/38.0.2125.111 Safari/537.36
accept-encoding: gzip,deflate,sdch
host: localhost:8080
=========================
HTTP response:
status=
200 
headers= 
Content-Type: application/json;charset=UTF-8
Transfer-Encoding: chunked
Date: Wed, 29 Jan 2020 21:00:20 GMT

body=
{"message":"A simple magic square multiplied by an identity square of size [133] [is equal] to the magic square.","name":"Simple-PropertiesFileName","durationInMillis":2}
<<<<<<<<<<<<<<<<<<<<<<<<<
22:00:20.568 [DEBUG] i.g.c.a.Pause - Pausing for 1297ms (real=1297ms)
22:00:20.612 [DEBUG] i.g.h.e.t.HttpTxExecutor - Sending request=simple_mini_leak uri=http://localhost:8080/memory/grow?objects=8&items=54: scenario=Acceptance test, userId=16
22:00:20.613 [DEBUG] i.g.h.c.i.HttpAppHandler - Write request WritableRequest{request=DefaultFullHttpRequest(decodeResult: success, version: HTTP/1.1, content: UnpooledByteBufAllocator$InstrumentedUnpooledUnsafeHeapByteBuf(ridx: 0, widx: 0, cap: 0))
GET /memory/grow?objects=8&items=54 HTTP/1.1
Accept: */*
Content-Type: application/json;charset=UTF-8
Accept-Language: en-US,en;q=0.8,nl;q=0.6
User-Agent: Mozilla/5.0 (Windows NT 6.1; WOW64) AppleWebKit/537.36 (KHTML, like Gecko) Chrome/38.0.2125.111 Safari/537.36
accept-encoding: gzip,deflate,sdch
host: localhost:8080, content=null}
22:00:20.620 [DEBUG] i.g.h.c.i.HttpAppHandler - Read msg='DefaultHttpResponse(decodeResult: success, version: HTTP/1.1)
HTTP/1.1 200 
Content-Type: application/json;charset=UTF-8
Transfer-Encoding: chunked
Date: Wed, 29 Jan 2020 21:00:20 GMT'
22:00:20.620 [DEBUG] i.g.h.c.i.HttpAppHandler - Read msg='DefaultHttpContent(data: PooledSlicedByteBuf(ridx: 0, widx: 144, cap: 144/144, unwrapped: PooledUnsafeDirectByteBuf(ridx: 278, widx: 283, cap: 512)), decoderResult: success)'
22:00:20.620 [DEBUG] i.g.h.c.i.HttpAppHandler - Read msg='EmptyLastHttpContent'
22:00:20.620 [TRACE] i.g.h.e.r.DefaultStatsProcessor - 
>>>>>>>>>>>>>>>>>>>>>>>>>>
Request:
simple_mini_leak: OK 
=========================
Session:
Session(Acceptance test,16,1580331618551,Map(gatling.http.ssl.sslContexts -> SslContexts(io.netty.handler.ssl.JdkSslContext@324922b,None), gatling.http.cache.dns -> io.gatling.http.cache.DnsCacheSupport$$anon$1@5898ac4b, gatling.http.cache.baseUrl -> http://localhost:8080),28,OK,List(),io.gatling.core.protocol.ProtocolComponentsRegistry$$Lambda$598/0x000000084055d840@452b12e)
=========================
HTTP request:
GET http://localhost:8080/memory/grow?objects=8&items=54
headers=
Accept: */*
Content-Type: application/json;charset=UTF-8
Accept-Language: en-US,en;q=0.8,nl;q=0.6
User-Agent: Mozilla/5.0 (Windows NT 6.1; WOW64) AppleWebKit/537.36 (KHTML, like Gecko) Chrome/38.0.2125.111 Safari/537.36
accept-encoding: gzip,deflate,sdch
host: localhost:8080
=========================
HTTP response:
status=
200 
headers= 
Content-Type: application/json;charset=UTF-8
Transfer-Encoding: chunked
Date: Wed, 29 Jan 2020 21:00:20 GMT

body=
{"message":"Size of BigFatBastard list is now 11120 objects. It contains 600480 items.","name":"Simple-PropertiesFileName","durationInMillis":5}
<<<<<<<<<<<<<<<<<<<<<<<<<
22:00:20.621 [DEBUG] i.g.c.a.Pause - Pausing for 2418ms (real=2390ms)
22:00:20.722 [DEBUG] i.g.h.e.t.HttpTxExecutor - Sending request=simple_mini_leak uri=http://localhost:8080/memory/grow?objects=8&items=54: scenario=Acceptance test, userId=7
22:00:20.722 [DEBUG] i.g.h.c.i.HttpAppHandler - Write request WritableRequest{request=DefaultFullHttpRequest(decodeResult: success, version: HTTP/1.1, content: UnpooledByteBufAllocator$InstrumentedUnpooledUnsafeHeapByteBuf(ridx: 0, widx: 0, cap: 0))
GET /memory/grow?objects=8&items=54 HTTP/1.1
Accept: */*
Content-Type: application/json;charset=UTF-8
Accept-Language: en-US,en;q=0.8,nl;q=0.6
User-Agent: Mozilla/5.0 (Windows NT 6.1; WOW64) AppleWebKit/537.36 (KHTML, like Gecko) Chrome/38.0.2125.111 Safari/537.36
accept-encoding: gzip,deflate,sdch
host: localhost:8080, content=null}
22:00:20.730 [DEBUG] i.g.h.c.i.HttpAppHandler - Read msg='DefaultHttpResponse(decodeResult: success, version: HTTP/1.1)
HTTP/1.1 200 
Content-Type: application/json;charset=UTF-8
Transfer-Encoding: chunked
Date: Wed, 29 Jan 2020 21:00:20 GMT'
22:00:20.730 [DEBUG] i.g.h.c.i.HttpAppHandler - Read msg='DefaultHttpContent(data: PooledSlicedByteBuf(ridx: 0, widx: 144, cap: 144/144, unwrapped: PooledUnsafeDirectByteBuf(ridx: 278, widx: 283, cap: 512)), decoderResult: success)'
22:00:20.730 [DEBUG] i.g.h.c.i.HttpAppHandler - Read msg='EmptyLastHttpContent'
22:00:20.731 [TRACE] i.g.h.e.r.DefaultStatsProcessor - 
>>>>>>>>>>>>>>>>>>>>>>>>>>
Request:
simple_mini_leak: OK 
=========================
Session:
Session(Acceptance test,7,1580331610551,Map(gatling.http.ssl.sslContexts -> SslContexts(io.netty.handler.ssl.JdkSslContext@1b4ac8a7,None), gatling.http.cache.dns -> io.gatling.http.cache.DnsCacheSupport$$anon$1@5898ac4b, gatling.http.cache.baseUrl -> http://localhost:8080),24,OK,List(),io.gatling.core.protocol.ProtocolComponentsRegistry$$Lambda$598/0x000000084055d840@452b12e)
=========================
HTTP request:
GET http://localhost:8080/memory/grow?objects=8&items=54
headers=
Accept: */*
Content-Type: application/json;charset=UTF-8
Accept-Language: en-US,en;q=0.8,nl;q=0.6
User-Agent: Mozilla/5.0 (Windows NT 6.1; WOW64) AppleWebKit/537.36 (KHTML, like Gecko) Chrome/38.0.2125.111 Safari/537.36
accept-encoding: gzip,deflate,sdch
host: localhost:8080
=========================
HTTP response:
status=
200 
headers= 
Content-Type: application/json;charset=UTF-8
Transfer-Encoding: chunked
Date: Wed, 29 Jan 2020 21:00:20 GMT

body=
{"message":"Size of BigFatBastard list is now 11128 objects. It contains 600912 items.","name":"Simple-PropertiesFileName","durationInMillis":5}
<<<<<<<<<<<<<<<<<<<<<<<<<
22:00:20.731 [DEBUG] i.g.c.a.Pause - Pausing for 2132ms (real=2107ms)
22:00:21.312 [DEBUG] i.g.h.e.t.HttpTxExecutor - Sending request=simple_delay uri=http://localhost:8080/delay?duration=555: scenario=Acceptance test, userId=17
22:00:21.313 [DEBUG] i.g.h.c.i.HttpAppHandler - Write request WritableRequest{request=DefaultFullHttpRequest(decodeResult: success, version: HTTP/1.1, content: UnpooledByteBufAllocator$InstrumentedUnpooledUnsafeHeapByteBuf(ridx: 0, widx: 0, cap: 0))
GET /delay?duration=555 HTTP/1.1
Accept: */*
Content-Type: application/json;charset=UTF-8
Accept-Language: en-US,en;q=0.8,nl;q=0.6
User-Agent: Mozilla/5.0 (Windows NT 6.1; WOW64) AppleWebKit/537.36 (KHTML, like Gecko) Chrome/38.0.2125.111 Safari/537.36
accept-encoding: gzip,deflate,sdch
host: localhost:8080, content=null}
22:00:21.522 [DEBUG] i.g.h.e.t.HttpTxExecutor - Sending request=simple_mini_leak uri=http://localhost:8080/memory/grow?objects=8&items=54: scenario=Acceptance test, userId=15
22:00:21.523 [DEBUG] i.g.h.c.i.HttpAppHandler - Write request WritableRequest{request=DefaultFullHttpRequest(decodeResult: success, version: HTTP/1.1, content: UnpooledByteBufAllocator$InstrumentedUnpooledUnsafeHeapByteBuf(ridx: 0, widx: 0, cap: 0))
GET /memory/grow?objects=8&items=54 HTTP/1.1
Accept: */*
Content-Type: application/json;charset=UTF-8
Accept-Language: en-US,en;q=0.8,nl;q=0.6
User-Agent: Mozilla/5.0 (Windows NT 6.1; WOW64) AppleWebKit/537.36 (KHTML, like Gecko) Chrome/38.0.2125.111 Safari/537.36
accept-encoding: gzip,deflate,sdch
host: localhost:8080, content=null}
22:00:21.529 [DEBUG] i.g.h.c.i.HttpAppHandler - Read msg='DefaultHttpResponse(decodeResult: success, version: HTTP/1.1)
HTTP/1.1 200 
Content-Type: application/json;charset=UTF-8
Transfer-Encoding: chunked
Date: Wed, 29 Jan 2020 21:00:20 GMT'
22:00:21.529 [DEBUG] i.g.h.c.i.HttpAppHandler - Read msg='DefaultHttpContent(data: PooledSlicedByteBuf(ridx: 0, widx: 144, cap: 144/144, unwrapped: PooledUnsafeDirectByteBuf(ridx: 278, widx: 283, cap: 512)), decoderResult: success)'
22:00:21.529 [DEBUG] i.g.h.c.i.HttpAppHandler - Read msg='EmptyLastHttpContent'
22:00:21.530 [TRACE] i.g.h.e.r.DefaultStatsProcessor - 
>>>>>>>>>>>>>>>>>>>>>>>>>>
Request:
simple_mini_leak: OK 
=========================
Session:
Session(Acceptance test,15,1580331617551,Map(gatling.http.ssl.sslContexts -> SslContexts(io.netty.handler.ssl.JdkSslContext@2f5808a,None), gatling.http.cache.dns -> io.gatling.http.cache.DnsCacheSupport$$anon$1@5898ac4b, gatling.http.cache.baseUrl -> http://localhost:8080),28,OK,List(),io.gatling.core.protocol.ProtocolComponentsRegistry$$Lambda$598/0x000000084055d840@452b12e)
=========================
HTTP request:
GET http://localhost:8080/memory/grow?objects=8&items=54
headers=
Accept: */*
Content-Type: application/json;charset=UTF-8
Accept-Language: en-US,en;q=0.8,nl;q=0.6
User-Agent: Mozilla/5.0 (Windows NT 6.1; WOW64) AppleWebKit/537.36 (KHTML, like Gecko) Chrome/38.0.2125.111 Safari/537.36
accept-encoding: gzip,deflate,sdch
host: localhost:8080
=========================
HTTP response:
status=
200 
headers= 
Content-Type: application/json;charset=UTF-8
Transfer-Encoding: chunked
Date: Wed, 29 Jan 2020 21:00:20 GMT

body=
{"message":"Size of BigFatBastard list is now 11136 objects. It contains 601344 items.","name":"Simple-PropertiesFileName","durationInMillis":5}
<<<<<<<<<<<<<<<<<<<<<<<<<
22:00:21.530 [DEBUG] i.g.c.a.Pause - Pausing for 1877ms (real=1848ms)
22:00:21.551 [DEBUG] i.g.c.c.i.o.OpenWorkload - Injecting 1 users in scenario Acceptance test, continue=true
22:00:21.552 [DEBUG] i.g.h.e.t.HttpTxExecutor - Sending request=simple_cpu_burn uri=http://localhost:8080/cpu/magic-identity-check?matrixSize=133: scenario=Acceptance test, userId=20
22:00:21.552 [DEBUG] i.g.c.c.i.o.OpenWorkload - Start user #20
22:00:21.553 [DEBUG] i.g.h.c.i.HttpAppHandler - Write request WritableRequest{request=DefaultFullHttpRequest(decodeResult: success, version: HTTP/1.1, content: UnpooledByteBufAllocator$InstrumentedUnpooledUnsafeHeapByteBuf(ridx: 0, widx: 0, cap: 0))
GET /cpu/magic-identity-check?matrixSize=133 HTTP/1.1
Accept: */*
Content-Type: application/json;charset=UTF-8
Accept-Language: en-US,en;q=0.8,nl;q=0.6
User-Agent: Mozilla/5.0 (Windows NT 6.1; WOW64) AppleWebKit/537.36 (KHTML, like Gecko) Chrome/38.0.2125.111 Safari/537.36
accept-encoding: gzip,deflate,sdch
host: localhost:8080, content=null}
22:00:21.564 [DEBUG] i.g.h.c.i.HttpAppHandler - Read msg='DefaultHttpResponse(decodeResult: success, version: HTTP/1.1)
HTTP/1.1 200 
Content-Type: application/json;charset=UTF-8
Transfer-Encoding: chunked
Date: Wed, 29 Jan 2020 21:00:20 GMT'
22:00:21.565 [DEBUG] i.g.h.c.i.HttpAppHandler - Read msg='DefaultHttpContent(data: PooledSlicedByteBuf(ridx: 0, widx: 170, cap: 170/170, unwrapped: PooledUnsafeDirectByteBuf(ridx: 304, widx: 309, cap: 1024)), decoderResult: success)'
22:00:21.565 [DEBUG] i.g.h.c.i.HttpAppHandler - Read msg='EmptyLastHttpContent'
22:00:21.565 [TRACE] i.g.h.e.r.DefaultStatsProcessor - 
>>>>>>>>>>>>>>>>>>>>>>>>>>
Request:
simple_cpu_burn: OK 
=========================
Session:
Session(Acceptance test,20,1580331621551,Map(gatling.http.ssl.sslContexts -> SslContexts(io.netty.handler.ssl.JdkSslContext@7d5eff1a,None), gatling.http.cache.dns -> io.gatling.http.cache.DnsCacheSupport$$anon$1@5898ac4b, gatling.http.cache.baseUrl -> http://localhost:8080),0,OK,List(),io.gatling.core.protocol.ProtocolComponentsRegistry$$Lambda$598/0x000000084055d840@452b12e)
=========================
HTTP request:
GET http://localhost:8080/cpu/magic-identity-check?matrixSize=133
headers=
Accept: */*
Content-Type: application/json;charset=UTF-8
Accept-Language: en-US,en;q=0.8,nl;q=0.6
User-Agent: Mozilla/5.0 (Windows NT 6.1; WOW64) AppleWebKit/537.36 (KHTML, like Gecko) Chrome/38.0.2125.111 Safari/537.36
accept-encoding: gzip,deflate,sdch
host: localhost:8080
=========================
HTTP response:
status=
200 
headers= 
Content-Type: application/json;charset=UTF-8
Transfer-Encoding: chunked
Date: Wed, 29 Jan 2020 21:00:20 GMT

body=
{"message":"A simple magic square multiplied by an identity square of size [133] [is equal] to the magic square.","name":"Simple-PropertiesFileName","durationInMillis":2}
<<<<<<<<<<<<<<<<<<<<<<<<<
22:00:21.565 [DEBUG] i.g.c.a.Pause - Pausing for 1430ms (real=1430ms)
22:00:21.871 [DEBUG] i.g.h.c.i.HttpAppHandler - Read msg='DefaultHttpResponse(decodeResult: success, version: HTTP/1.1)
HTTP/1.1 200 
Content-Type: application/json;charset=UTF-8
Transfer-Encoding: chunked
Date: Wed, 29 Jan 2020 21:00:21 GMT'
22:00:21.871 [DEBUG] i.g.h.c.i.HttpAppHandler - Read msg='DefaultHttpContent(data: PooledSlicedByteBuf(ridx: 0, widx: 95, cap: 95/95, unwrapped: PooledUnsafeDirectByteBuf(ridx: 229, widx: 234, cap: 1024)), decoderResult: success)'
22:00:21.871 [DEBUG] i.g.h.c.i.HttpAppHandler - Read msg='EmptyLastHttpContent'
22:00:21.872 [TRACE] i.g.h.e.r.DefaultStatsProcessor - 
>>>>>>>>>>>>>>>>>>>>>>>>>>
Request:
simple_delay: OK 
=========================
Session:
Session(Acceptance test,17,1580331619551,Map(gatling.http.ssl.sslContexts -> SslContexts(io.netty.handler.ssl.JdkSslContext@5131c08f,None), gatling.http.cache.dns -> io.gatling.http.cache.DnsCacheSupport$$anon$1@5898ac4b, gatling.http.cache.baseUrl -> http://localhost:8080),15,OK,List(),io.gatling.core.protocol.ProtocolComponentsRegistry$$Lambda$598/0x000000084055d840@452b12e)
=========================
HTTP request:
GET http://localhost:8080/delay?duration=555
headers=
Accept: */*
Content-Type: application/json;charset=UTF-8
Accept-Language: en-US,en;q=0.8,nl;q=0.6
User-Agent: Mozilla/5.0 (Windows NT 6.1; WOW64) AppleWebKit/537.36 (KHTML, like Gecko) Chrome/38.0.2125.111 Safari/537.36
accept-encoding: gzip,deflate,sdch
host: localhost:8080
=========================
HTTP response:
status=
200 
headers= 
Content-Type: application/json;charset=UTF-8
Transfer-Encoding: chunked
Date: Wed, 29 Jan 2020 21:00:21 GMT

body=
{"message":"This was a delay of 555","name":"Simple-PropertiesFileName","durationInMillis":555}
<<<<<<<<<<<<<<<<<<<<<<<<<
22:00:21.872 [DEBUG] i.g.c.a.Pause - Pausing for 6451ms (real=6435ms)
22:00:21.882 [DEBUG] i.g.h.e.t.HttpTxExecutor - Sending request=simple_delay uri=http://localhost:8080/delay?duration=555: scenario=Acceptance test, userId=19
22:00:21.883 [DEBUG] i.g.h.c.i.HttpAppHandler - Write request WritableRequest{request=DefaultFullHttpRequest(decodeResult: success, version: HTTP/1.1, content: UnpooledByteBufAllocator$InstrumentedUnpooledUnsafeHeapByteBuf(ridx: 0, widx: 0, cap: 0))
GET /delay?duration=555 HTTP/1.1
Accept: */*
Content-Type: application/json;charset=UTF-8
Accept-Language: en-US,en;q=0.8,nl;q=0.6
User-Agent: Mozilla/5.0 (Windows NT 6.1; WOW64) AppleWebKit/537.36 (KHTML, like Gecko) Chrome/38.0.2125.111 Safari/537.36
accept-encoding: gzip,deflate,sdch
host: localhost:8080, content=null}
22:00:22.440 [DEBUG] i.g.h.c.i.HttpAppHandler - Read msg='DefaultHttpResponse(decodeResult: success, version: HTTP/1.1)
HTTP/1.1 200 
Content-Type: application/json;charset=UTF-8
Transfer-Encoding: chunked
Date: Wed, 29 Jan 2020 21:00:21 GMT'
22:00:22.441 [DEBUG] i.g.h.c.i.HttpAppHandler - Read msg='DefaultHttpContent(data: PooledSlicedByteBuf(ridx: 0, widx: 95, cap: 95/95, unwrapped: PooledUnsafeDirectByteBuf(ridx: 229, widx: 234, cap: 1024)), decoderResult: success)'
22:00:22.441 [DEBUG] i.g.h.c.i.HttpAppHandler - Read msg='EmptyLastHttpContent'
22:00:22.442 [TRACE] i.g.h.e.r.DefaultStatsProcessor - 
>>>>>>>>>>>>>>>>>>>>>>>>>>
Request:
simple_delay: OK 
=========================
Session:
Session(Acceptance test,19,1580331620552,Map(gatling.http.ssl.sslContexts -> SslContexts(io.netty.handler.ssl.JdkSslContext@67697589,None), gatling.http.cache.dns -> io.gatling.http.cache.DnsCacheSupport$$anon$1@5898ac4b, gatling.http.cache.baseUrl -> http://localhost:8080),17,OK,List(),io.gatling.core.protocol.ProtocolComponentsRegistry$$Lambda$598/0x000000084055d840@452b12e)
=========================
HTTP request:
GET http://localhost:8080/delay?duration=555
headers=
Accept: */*
Content-Type: application/json;charset=UTF-8
Accept-Language: en-US,en;q=0.8,nl;q=0.6
User-Agent: Mozilla/5.0 (Windows NT 6.1; WOW64) AppleWebKit/537.36 (KHTML, like Gecko) Chrome/38.0.2125.111 Safari/537.36
accept-encoding: gzip,deflate,sdch
host: localhost:8080
=========================
HTTP response:
status=
200 
headers= 
Content-Type: application/json;charset=UTF-8
Transfer-Encoding: chunked
Date: Wed, 29 Jan 2020 21:00:21 GMT

body=
{"message":"This was a delay of 555","name":"Simple-PropertiesFileName","durationInMillis":555}
<<<<<<<<<<<<<<<<<<<<<<<<<
22:00:22.442 [DEBUG] i.g.c.a.Pause - Pausing for 23ms (real=5ms)
22:00:22.472 [DEBUG] i.g.h.e.t.HttpTxExecutor - Sending request=simple_mini_leak uri=http://localhost:8080/memory/grow?objects=8&items=54: scenario=Acceptance test, userId=19
22:00:22.472 [DEBUG] i.g.h.c.i.HttpAppHandler - Write request WritableRequest{request=DefaultFullHttpRequest(decodeResult: success, version: HTTP/1.1, content: UnpooledByteBufAllocator$InstrumentedUnpooledUnsafeHeapByteBuf(ridx: 0, widx: 0, cap: 0))
GET /memory/grow?objects=8&items=54 HTTP/1.1
Accept: */*
Content-Type: application/json;charset=UTF-8
Accept-Language: en-US,en;q=0.8,nl;q=0.6
User-Agent: Mozilla/5.0 (Windows NT 6.1; WOW64) AppleWebKit/537.36 (KHTML, like Gecko) Chrome/38.0.2125.111 Safari/537.36
accept-encoding: gzip,deflate,sdch
host: localhost:8080, content=null}
22:00:22.480 [DEBUG] i.g.h.c.i.HttpAppHandler - Read msg='DefaultHttpResponse(decodeResult: success, version: HTTP/1.1)
HTTP/1.1 200 
Content-Type: application/json;charset=UTF-8
Transfer-Encoding: chunked
Date: Wed, 29 Jan 2020 21:00:21 GMT'
22:00:22.480 [DEBUG] i.g.h.c.i.HttpAppHandler - Read msg='DefaultHttpContent(data: PooledSlicedByteBuf(ridx: 0, widx: 144, cap: 144/144, unwrapped: PooledUnsafeDirectByteBuf(ridx: 278, widx: 283, cap: 512)), decoderResult: success)'
22:00:22.480 [DEBUG] i.g.h.c.i.HttpAppHandler - Read msg='EmptyLastHttpContent'
22:00:22.481 [TRACE] i.g.h.e.r.DefaultStatsProcessor - 
>>>>>>>>>>>>>>>>>>>>>>>>>>
Request:
simple_mini_leak: OK 
=========================
Session:
Session(Acceptance test,19,1580331620552,Map(gatling.http.ssl.sslContexts -> SslContexts(io.netty.handler.ssl.JdkSslContext@67697589,None), gatling.http.cache.dns -> io.gatling.http.cache.DnsCacheSupport$$anon$1@5898ac4b, gatling.http.cache.baseUrl -> http://localhost:8080),24,OK,List(),io.gatling.core.protocol.ProtocolComponentsRegistry$$Lambda$598/0x000000084055d840@452b12e)
=========================
HTTP request:
GET http://localhost:8080/memory/grow?objects=8&items=54
headers=
Accept: */*
Content-Type: application/json;charset=UTF-8
Accept-Language: en-US,en;q=0.8,nl;q=0.6
User-Agent: Mozilla/5.0 (Windows NT 6.1; WOW64) AppleWebKit/537.36 (KHTML, like Gecko) Chrome/38.0.2125.111 Safari/537.36
accept-encoding: gzip,deflate,sdch
host: localhost:8080
=========================
HTTP response:
status=
200 
headers= 
Content-Type: application/json;charset=UTF-8
Transfer-Encoding: chunked
Date: Wed, 29 Jan 2020 21:00:21 GMT

body=
{"message":"Size of BigFatBastard list is now 11144 objects. It contains 601776 items.","name":"Simple-PropertiesFileName","durationInMillis":5}
<<<<<<<<<<<<<<<<<<<<<<<<<
22:00:22.481 [DEBUG] i.g.c.a.Pause - Pausing for 799ms (real=774ms)
22:00:22.552 [DEBUG] i.g.h.e.t.HttpTxExecutor - Sending request=simple_mini_leak uri=http://localhost:8080/memory/grow?objects=8&items=54: scenario=Acceptance test, userId=10
22:00:22.552 [DEBUG] i.g.h.e.t.HttpTxExecutor - Sending request=simple_cpu_burn uri=http://localhost:8080/cpu/magic-identity-check?matrixSize=133: scenario=Acceptance test, userId=21
22:00:22.553 [DEBUG] i.g.h.c.i.HttpAppHandler - Write request WritableRequest{request=DefaultFullHttpRequest(decodeResult: success, version: HTTP/1.1, content: UnpooledByteBufAllocator$InstrumentedUnpooledUnsafeHeapByteBuf(ridx: 0, widx: 0, cap: 0))
GET /memory/grow?objects=8&items=54 HTTP/1.1
Accept: */*
Content-Type: application/json;charset=UTF-8
Accept-Language: en-US,en;q=0.8,nl;q=0.6
User-Agent: Mozilla/5.0 (Windows NT 6.1; WOW64) AppleWebKit/537.36 (KHTML, like Gecko) Chrome/38.0.2125.111 Safari/537.36
accept-encoding: gzip,deflate,sdch
host: localhost:8080, content=null}
22:00:22.553 [DEBUG] i.g.c.c.i.o.OpenWorkload - Start user #21
22:00:22.553 [DEBUG] i.g.c.c.i.o.OpenWorkload - Injecting 2 users in scenario Acceptance test, continue=true
22:00:22.556 [DEBUG] i.g.h.c.i.HttpAppHandler - Write request WritableRequest{request=DefaultFullHttpRequest(decodeResult: success, version: HTTP/1.1, content: UnpooledByteBufAllocator$InstrumentedUnpooledUnsafeHeapByteBuf(ridx: 0, widx: 0, cap: 0))
GET /cpu/magic-identity-check?matrixSize=133 HTTP/1.1
Accept: */*
Content-Type: application/json;charset=UTF-8
Accept-Language: en-US,en;q=0.8,nl;q=0.6
User-Agent: Mozilla/5.0 (Windows NT 6.1; WOW64) AppleWebKit/537.36 (KHTML, like Gecko) Chrome/38.0.2125.111 Safari/537.36
accept-encoding: gzip,deflate,sdch
host: localhost:8080, content=null}
22:00:22.560 [DEBUG] i.g.h.c.i.HttpAppHandler - Read msg='DefaultHttpResponse(decodeResult: success, version: HTTP/1.1)
HTTP/1.1 200 
Content-Type: application/json;charset=UTF-8
Transfer-Encoding: chunked
Date: Wed, 29 Jan 2020 21:00:21 GMT'
22:00:22.561 [DEBUG] i.g.h.c.i.HttpAppHandler - Read msg='DefaultHttpContent(data: PooledSlicedByteBuf(ridx: 0, widx: 144, cap: 144/144, unwrapped: PooledUnsafeDirectByteBuf(ridx: 278, widx: 283, cap: 512)), decoderResult: success)'
22:00:22.561 [DEBUG] i.g.h.c.i.HttpAppHandler - Read msg='EmptyLastHttpContent'
22:00:22.561 [TRACE] i.g.h.e.r.DefaultStatsProcessor - 
>>>>>>>>>>>>>>>>>>>>>>>>>>
Request:
simple_mini_leak: OK 
=========================
Session:
Session(Acceptance test,10,1580331613551,Map(gatling.http.ssl.sslContexts -> SslContexts(io.netty.handler.ssl.JdkSslContext@37a84fb8,None), gatling.http.cache.dns -> io.gatling.http.cache.DnsCacheSupport$$anon$1@5898ac4b, gatling.http.cache.baseUrl -> http://localhost:8080),28,OK,List(),io.gatling.core.protocol.ProtocolComponentsRegistry$$Lambda$598/0x000000084055d840@452b12e)
=========================
HTTP request:
GET http://localhost:8080/memory/grow?objects=8&items=54
headers=
Accept: */*
Content-Type: application/json;charset=UTF-8
Accept-Language: en-US,en;q=0.8,nl;q=0.6
User-Agent: Mozilla/5.0 (Windows NT 6.1; WOW64) AppleWebKit/537.36 (KHTML, like Gecko) Chrome/38.0.2125.111 Safari/537.36
accept-encoding: gzip,deflate,sdch
host: localhost:8080
=========================
HTTP response:
status=
200 
headers= 
Content-Type: application/json;charset=UTF-8
Transfer-Encoding: chunked
Date: Wed, 29 Jan 2020 21:00:21 GMT

body=
{"message":"Size of BigFatBastard list is now 11152 objects. It contains 602208 items.","name":"Simple-PropertiesFileName","durationInMillis":5}
<<<<<<<<<<<<<<<<<<<<<<<<<
22:00:22.561 [DEBUG] i.g.c.a.Pause - Pausing for 1452ms (real=1424ms)
22:00:22.568 [DEBUG] i.g.h.c.i.HttpAppHandler - Read msg='DefaultHttpResponse(decodeResult: success, version: HTTP/1.1)
HTTP/1.1 200 
Content-Type: application/json;charset=UTF-8
Transfer-Encoding: chunked
Date: Wed, 29 Jan 2020 21:00:21 GMT'
22:00:22.568 [DEBUG] i.g.h.c.i.HttpAppHandler - Read msg='DefaultHttpContent(data: PooledSlicedByteBuf(ridx: 0, widx: 170, cap: 170/170, unwrapped: PooledUnsafeDirectByteBuf(ridx: 304, widx: 309, cap: 1024)), decoderResult: success)'
22:00:22.568 [DEBUG] i.g.h.c.i.HttpAppHandler - Read msg='EmptyLastHttpContent'
22:00:22.568 [TRACE] i.g.h.e.r.DefaultStatsProcessor - 
>>>>>>>>>>>>>>>>>>>>>>>>>>
Request:
simple_cpu_burn: OK 
=========================
Session:
Session(Acceptance test,21,1580331622552,Map(gatling.http.ssl.sslContexts -> SslContexts(io.netty.handler.ssl.JdkSslContext@7c0246d8,None), gatling.http.cache.dns -> io.gatling.http.cache.DnsCacheSupport$$anon$1@5898ac4b, gatling.http.cache.baseUrl -> http://localhost:8080),0,OK,List(),io.gatling.core.protocol.ProtocolComponentsRegistry$$Lambda$598/0x000000084055d840@452b12e)
=========================
HTTP request:
GET http://localhost:8080/cpu/magic-identity-check?matrixSize=133
headers=
Accept: */*
Content-Type: application/json;charset=UTF-8
Accept-Language: en-US,en;q=0.8,nl;q=0.6
User-Agent: Mozilla/5.0 (Windows NT 6.1; WOW64) AppleWebKit/537.36 (KHTML, like Gecko) Chrome/38.0.2125.111 Safari/537.36
accept-encoding: gzip,deflate,sdch
host: localhost:8080
=========================
HTTP response:
status=
200 
headers= 
Content-Type: application/json;charset=UTF-8
Transfer-Encoding: chunked
Date: Wed, 29 Jan 2020 21:00:21 GMT

body=
{"message":"A simple magic square multiplied by an identity square of size [133] [is equal] to the magic square.","name":"Simple-PropertiesFileName","durationInMillis":2}
<<<<<<<<<<<<<<<<<<<<<<<<<
22:00:22.568 [DEBUG] i.g.c.a.Pause - Pausing for 1236ms (real=1236ms)
22:00:22.582 [DEBUG] i.g.h.e.t.HttpTxExecutor - Sending request=simple_delay uri=http://localhost:8080/delay?duration=555: scenario=Acceptance test, userId=18
22:00:22.582 [DEBUG] i.g.h.c.i.HttpAppHandler - Write request WritableRequest{request=DefaultFullHttpRequest(decodeResult: success, version: HTTP/1.1, content: UnpooledByteBufAllocator$InstrumentedUnpooledUnsafeHeapByteBuf(ridx: 0, widx: 0, cap: 0))
GET /delay?duration=555 HTTP/1.1
Accept: */*
Content-Type: application/json;charset=UTF-8
Accept-Language: en-US,en;q=0.8,nl;q=0.6
User-Agent: Mozilla/5.0 (Windows NT 6.1; WOW64) AppleWebKit/537.36 (KHTML, like Gecko) Chrome/38.0.2125.111 Safari/537.36
accept-encoding: gzip,deflate,sdch
host: localhost:8080, content=null}
22:00:22.863 [DEBUG] i.g.h.e.t.HttpTxExecutor - Sending request=upload-file uri=http://localhost:8080/files/upload: scenario=Acceptance test, userId=7
22:00:22.863 [DEBUG] i.g.h.c.i.HttpAppHandler - Write request WritableRequest{request=DefaultHttpRequest(decodeResult: success, version: HTTP/1.1)
POST /files/upload HTTP/1.1
Accept: */*
Accept-Language: en-US,en;q=0.8,nl;q=0.6
User-Agent: Mozilla/5.0 (Windows NT 6.1; WOW64) AppleWebKit/537.36 (KHTML, like Gecko) Chrome/38.0.2125.111 Safari/537.36
accept-encoding: gzip,deflate,sdch
host: localhost:8080
content-type: multipart/form-data; boundary=5352FZzJ-dFOm-ALPamRZKtw-0OoCw3cXl8
content-length: 220, content=io.gatling.http.client.body.multipart.impl.MultipartFileRegion@5e4845aa}
22:00:22.867 [DEBUG] i.g.h.c.i.HttpAppHandler - Read msg='DefaultHttpResponse(decodeResult: success, version: HTTP/1.1)
HTTP/1.1 200 
Content-Type: text/plain;charset=UTF-8
Content-Length: 62
Date: Wed, 29 Jan 2020 21:00:21 GMT'
22:00:22.867 [DEBUG] i.g.h.c.i.HttpAppHandler - Read msg='DefaultLastHttpContent(data: PooledSlicedByteBuf(ridx: 0, widx: 62, cap: 62/62, unwrapped: PooledUnsafeDirectByteBuf(ridx: 176, widx: 176, cap: 496)), decoderResult: success)'
22:00:22.868 [TRACE] i.g.h.e.r.DefaultStatsProcessor - 
>>>>>>>>>>>>>>>>>>>>>>>>>>
Request:
upload-file: OK 
=========================
Session:
Session(Acceptance test,7,1580331610551,Map(gatling.http.ssl.sslContexts -> SslContexts(io.netty.handler.ssl.JdkSslContext@1b4ac8a7,None), gatling.http.cache.dns -> io.gatling.http.cache.DnsCacheSupport$$anon$1@5898ac4b, gatling.http.cache.baseUrl -> http://localhost:8080),23,OK,List(),io.gatling.core.protocol.ProtocolComponentsRegistry$$Lambda$598/0x000000084055d840@452b12e)
=========================
HTTP request:
POST http://localhost:8080/files/upload
headers=
Accept: */*
Accept-Language: en-US,en;q=0.8,nl;q=0.6
User-Agent: Mozilla/5.0 (Windows NT 6.1; WOW64) AppleWebKit/537.36 (KHTML, like Gecko) Chrome/38.0.2125.111 Safari/537.36
accept-encoding: gzip,deflate,sdch
host: localhost:8080
content-type: multipart/form-data; boundary=5352FZzJ-dFOm-ALPamRZKtw-0OoCw3cXl8
content-length: 220
multipartBody=
ByteArrayPart: name=upload contentType=text/plain dispositionType=null charset=UTF-8 transferEncoding=null contentId=null filename=gatling-upload.txt
=========================
HTTP response:
status=
200 
headers= 
Content-Type: text/plain;charset=UTF-8
Content-Length: 62
Date: Wed, 29 Jan 2020 21:00:21 GMT

body=
File upload succeeded [gatling-upload.txt] of size [17] bytes.
<<<<<<<<<<<<<<<<<<<<<<<<<
22:00:22.868 [DEBUG] i.g.c.a.Exit - End user #7
22:00:22.869 [DEBUG] i.g.c.c.i.Injector - End user #7
22:00:23.012 [DEBUG] i.g.h.e.t.HttpTxExecutor - Sending request=simple_delay uri=http://localhost:8080/delay?duration=555: scenario=Acceptance test, userId=20
22:00:23.013 [DEBUG] i.g.h.c.i.HttpAppHandler - Write request WritableRequest{request=DefaultFullHttpRequest(decodeResult: success, version: HTTP/1.1, content: UnpooledByteBufAllocator$InstrumentedUnpooledUnsafeHeapByteBuf(ridx: 0, widx: 0, cap: 0))
GET /delay?duration=555 HTTP/1.1
Accept: */*
Content-Type: application/json;charset=UTF-8
Accept-Language: en-US,en;q=0.8,nl;q=0.6
User-Agent: Mozilla/5.0 (Windows NT 6.1; WOW64) AppleWebKit/537.36 (KHTML, like Gecko) Chrome/38.0.2125.111 Safari/537.36
accept-encoding: gzip,deflate,sdch
host: localhost:8080, content=null}
22:00:23.023 [DEBUG] i.g.h.e.t.HttpTxExecutor - Sending request=upload-file uri=http://localhost:8080/files/upload: scenario=Acceptance test, userId=16
22:00:23.023 [DEBUG] i.g.h.c.i.HttpAppHandler - Write request WritableRequest{request=DefaultHttpRequest(decodeResult: success, version: HTTP/1.1)
POST /files/upload HTTP/1.1
Accept: */*
Accept-Language: en-US,en;q=0.8,nl;q=0.6
User-Agent: Mozilla/5.0 (Windows NT 6.1; WOW64) AppleWebKit/537.36 (KHTML, like Gecko) Chrome/38.0.2125.111 Safari/537.36
accept-encoding: gzip,deflate,sdch
host: localhost:8080
content-type: multipart/form-data; boundary=HxVuGmzU4kDQuiAD0baDRicBYuSRnJjM1Tm
content-length: 220, content=io.gatling.http.client.body.multipart.impl.MultipartFileRegion@46260c2b}
22:00:23.027 [DEBUG] i.g.h.c.i.HttpAppHandler - Read msg='DefaultHttpResponse(decodeResult: success, version: HTTP/1.1)
HTTP/1.1 200 
Content-Type: text/plain;charset=UTF-8
Content-Length: 62
Date: Wed, 29 Jan 2020 21:00:23 GMT'
22:00:23.027 [DEBUG] i.g.h.c.i.HttpAppHandler - Read msg='DefaultLastHttpContent(data: PooledSlicedByteBuf(ridx: 0, widx: 62, cap: 62/62, unwrapped: PooledUnsafeDirectByteBuf(ridx: 176, widx: 176, cap: 512)), decoderResult: success)'
22:00:23.028 [TRACE] i.g.h.e.r.DefaultStatsProcessor - 
>>>>>>>>>>>>>>>>>>>>>>>>>>
Request:
upload-file: OK 
=========================
Session:
Session(Acceptance test,16,1580331618551,Map(gatling.http.ssl.sslContexts -> SslContexts(io.netty.handler.ssl.JdkSslContext@324922b,None), gatling.http.cache.dns -> io.gatling.http.cache.DnsCacheSupport$$anon$1@5898ac4b, gatling.http.cache.baseUrl -> http://localhost:8080),11,OK,List(),io.gatling.core.protocol.ProtocolComponentsRegistry$$Lambda$598/0x000000084055d840@452b12e)
=========================
HTTP request:
POST http://localhost:8080/files/upload
headers=
Accept: */*
Accept-Language: en-US,en;q=0.8,nl;q=0.6
User-Agent: Mozilla/5.0 (Windows NT 6.1; WOW64) AppleWebKit/537.36 (KHTML, like Gecko) Chrome/38.0.2125.111 Safari/537.36
accept-encoding: gzip,deflate,sdch
host: localhost:8080
content-type: multipart/form-data; boundary=HxVuGmzU4kDQuiAD0baDRicBYuSRnJjM1Tm
content-length: 220
multipartBody=
ByteArrayPart: name=upload contentType=text/plain dispositionType=null charset=UTF-8 transferEncoding=null contentId=null filename=gatling-upload.txt
=========================
HTTP response:
status=
200 
headers= 
Content-Type: text/plain;charset=UTF-8
Content-Length: 62
Date: Wed, 29 Jan 2020 21:00:23 GMT

body=
File upload succeeded [gatling-upload.txt] of size [17] bytes.
<<<<<<<<<<<<<<<<<<<<<<<<<
22:00:23.028 [DEBUG] i.g.c.a.Exit - End user #16
22:00:23.029 [DEBUG] i.g.c.c.i.Injector - End user #16
22:00:23.052 [DEBUG] i.g.h.e.t.HttpTxExecutor - Sending request=simple_cpu_burn uri=http://localhost:8080/cpu/magic-identity-check?matrixSize=133: scenario=Acceptance test, userId=22
22:00:23.053 [DEBUG] i.g.c.c.i.o.OpenWorkload - Start user #22
22:00:23.055 [DEBUG] i.g.h.c.i.HttpAppHandler - Write request WritableRequest{request=DefaultFullHttpRequest(decodeResult: success, version: HTTP/1.1, content: UnpooledByteBufAllocator$InstrumentedUnpooledUnsafeHeapByteBuf(ridx: 0, widx: 0, cap: 0))
GET /cpu/magic-identity-check?matrixSize=133 HTTP/1.1
Accept: */*
Content-Type: application/json;charset=UTF-8
Accept-Language: en-US,en;q=0.8,nl;q=0.6
User-Agent: Mozilla/5.0 (Windows NT 6.1; WOW64) AppleWebKit/537.36 (KHTML, like Gecko) Chrome/38.0.2125.111 Safari/537.36
accept-encoding: gzip,deflate,sdch
host: localhost:8080, content=null}
22:00:23.088 [DEBUG] i.g.h.c.i.HttpAppHandler - Read msg='DefaultHttpResponse(decodeResult: success, version: HTTP/1.1)
HTTP/1.1 200 
Content-Type: application/json;charset=UTF-8
Transfer-Encoding: chunked
Date: Wed, 29 Jan 2020 21:00:23 GMT'
22:00:23.088 [DEBUG] i.g.h.c.i.HttpAppHandler - Read msg='DefaultHttpContent(data: PooledSlicedByteBuf(ridx: 0, widx: 170, cap: 170/170, unwrapped: PooledUnsafeDirectByteBuf(ridx: 304, widx: 309, cap: 1024)), decoderResult: success)'
22:00:23.088 [DEBUG] i.g.h.c.i.HttpAppHandler - Read msg='EmptyLastHttpContent'
22:00:23.089 [TRACE] i.g.h.e.r.DefaultStatsProcessor - 
>>>>>>>>>>>>>>>>>>>>>>>>>>
Request:
simple_cpu_burn: OK 
=========================
Session:
Session(Acceptance test,22,1580331623051,Map(gatling.http.ssl.sslContexts -> SslContexts(io.netty.handler.ssl.JdkSslContext@179471b6,None), gatling.http.cache.dns -> io.gatling.http.cache.DnsCacheSupport$$anon$1@5898ac4b, gatling.http.cache.baseUrl -> http://localhost:8080),0,OK,List(),io.gatling.core.protocol.ProtocolComponentsRegistry$$Lambda$598/0x000000084055d840@452b12e)
=========================
HTTP request:
GET http://localhost:8080/cpu/magic-identity-check?matrixSize=133
headers=
Accept: */*
Content-Type: application/json;charset=UTF-8
Accept-Language: en-US,en;q=0.8,nl;q=0.6
User-Agent: Mozilla/5.0 (Windows NT 6.1; WOW64) AppleWebKit/537.36 (KHTML, like Gecko) Chrome/38.0.2125.111 Safari/537.36
accept-encoding: gzip,deflate,sdch
host: localhost:8080
=========================
HTTP response:
status=
200 
headers= 
Content-Type: application/json;charset=UTF-8
Transfer-Encoding: chunked
Date: Wed, 29 Jan 2020 21:00:23 GMT

body=
{"message":"A simple magic square multiplied by an identity square of size [133] [is equal] to the magic square.","name":"Simple-PropertiesFileName","durationInMillis":8}
<<<<<<<<<<<<<<<<<<<<<<<<<
22:00:23.089 [DEBUG] i.g.c.a.Pause - Pausing for 4183ms (real=4182ms)
22:00:23.139 [DEBUG] i.g.h.c.i.HttpAppHandler - Read msg='DefaultHttpResponse(decodeResult: success, version: HTTP/1.1)
HTTP/1.1 200 
Content-Type: application/json;charset=UTF-8
Transfer-Encoding: chunked
Date: Wed, 29 Jan 2020 21:00:23 GMT'
22:00:23.139 [DEBUG] i.g.h.c.i.HttpAppHandler - Read msg='DefaultHttpContent(data: PooledSlicedByteBuf(ridx: 0, widx: 95, cap: 95/95, unwrapped: PooledUnsafeDirectByteBuf(ridx: 229, widx: 234, cap: 1024)), decoderResult: success)'
22:00:23.139 [DEBUG] i.g.h.c.i.HttpAppHandler - Read msg='EmptyLastHttpContent'
22:00:23.140 [TRACE] i.g.h.e.r.DefaultStatsProcessor - 
>>>>>>>>>>>>>>>>>>>>>>>>>>
Request:
simple_delay: OK 
=========================
Session:
Session(Acceptance test,18,1580331620052,Map(gatling.http.ssl.sslContexts -> SslContexts(io.netty.handler.ssl.JdkSslContext@1fbec659,None), gatling.http.cache.dns -> io.gatling.http.cache.DnsCacheSupport$$anon$1@5898ac4b, gatling.http.cache.baseUrl -> http://localhost:8080),20,OK,List(),io.gatling.core.protocol.ProtocolComponentsRegistry$$Lambda$598/0x000000084055d840@452b12e)
=========================
HTTP request:
GET http://localhost:8080/delay?duration=555
headers=
Accept: */*
Content-Type: application/json;charset=UTF-8
Accept-Language: en-US,en;q=0.8,nl;q=0.6
User-Agent: Mozilla/5.0 (Windows NT 6.1; WOW64) AppleWebKit/537.36 (KHTML, like Gecko) Chrome/38.0.2125.111 Safari/537.36
accept-encoding: gzip,deflate,sdch
host: localhost:8080
=========================
HTTP response:
status=
200 
headers= 
Content-Type: application/json;charset=UTF-8
Transfer-Encoding: chunked
Date: Wed, 29 Jan 2020 21:00:23 GMT

body=
{"message":"This was a delay of 555","name":"Simple-PropertiesFileName","durationInMillis":555}
<<<<<<<<<<<<<<<<<<<<<<<<<
22:00:23.140 [DEBUG] i.g.c.a.Pause - Pausing for 2497ms (real=2476ms)
22:00:23.282 [DEBUG] i.g.h.e.t.HttpTxExecutor - Sending request=upload-file uri=http://localhost:8080/files/upload: scenario=Acceptance test, userId=19
22:00:23.283 [DEBUG] i.g.h.c.i.HttpAppHandler - Write request WritableRequest{request=DefaultHttpRequest(decodeResult: success, version: HTTP/1.1)
POST /files/upload HTTP/1.1
Accept: */*
Accept-Language: en-US,en;q=0.8,nl;q=0.6
User-Agent: Mozilla/5.0 (Windows NT 6.1; WOW64) AppleWebKit/537.36 (KHTML, like Gecko) Chrome/38.0.2125.111 Safari/537.36
accept-encoding: gzip,deflate,sdch
host: localhost:8080
content-type: multipart/form-data; boundary=11JoS4mw9GxPnOs99ht12MqlP-GV9t649v4
content-length: 220, content=io.gatling.http.client.body.multipart.impl.MultipartFileRegion@226bf700}
22:00:23.286 [DEBUG] i.g.h.c.i.HttpAppHandler - Read msg='DefaultHttpResponse(decodeResult: success, version: HTTP/1.1)
HTTP/1.1 200 
Content-Type: text/plain;charset=UTF-8
Content-Length: 62
Date: Wed, 29 Jan 2020 21:00:23 GMT'
22:00:23.286 [DEBUG] i.g.h.c.i.HttpAppHandler - Read msg='DefaultLastHttpContent(data: PooledSlicedByteBuf(ridx: 0, widx: 62, cap: 62/62, unwrapped: PooledUnsafeDirectByteBuf(ridx: 176, widx: 176, cap: 512)), decoderResult: success)'
22:00:23.287 [TRACE] i.g.h.e.r.DefaultStatsProcessor - 
>>>>>>>>>>>>>>>>>>>>>>>>>>
Request:
upload-file: OK 
=========================
Session:
Session(Acceptance test,19,1580331620552,Map(gatling.http.ssl.sslContexts -> SslContexts(io.netty.handler.ssl.JdkSslContext@67697589,None), gatling.http.cache.dns -> io.gatling.http.cache.DnsCacheSupport$$anon$1@5898ac4b, gatling.http.cache.baseUrl -> http://localhost:8080),25,OK,List(),io.gatling.core.protocol.ProtocolComponentsRegistry$$Lambda$598/0x000000084055d840@452b12e)
=========================
HTTP request:
POST http://localhost:8080/files/upload
headers=
Accept: */*
Accept-Language: en-US,en;q=0.8,nl;q=0.6
User-Agent: Mozilla/5.0 (Windows NT 6.1; WOW64) AppleWebKit/537.36 (KHTML, like Gecko) Chrome/38.0.2125.111 Safari/537.36
accept-encoding: gzip,deflate,sdch
host: localhost:8080
content-type: multipart/form-data; boundary=11JoS4mw9GxPnOs99ht12MqlP-GV9t649v4
content-length: 220
multipartBody=
ByteArrayPart: name=upload contentType=text/plain dispositionType=null charset=UTF-8 transferEncoding=null contentId=null filename=gatling-upload.txt
=========================
HTTP response:
status=
200 
headers= 
Content-Type: text/plain;charset=UTF-8
Content-Length: 62
Date: Wed, 29 Jan 2020 21:00:23 GMT

body=
File upload succeeded [gatling-upload.txt] of size [17] bytes.
<<<<<<<<<<<<<<<<<<<<<<<<<
22:00:23.288 [DEBUG] i.g.c.a.Exit - End user #19
22:00:23.288 [DEBUG] i.g.c.c.i.Injector - End user #19
22:00:23.393 [DEBUG] i.g.h.e.t.HttpTxExecutor - Sending request=upload-file uri=http://localhost:8080/files/upload: scenario=Acceptance test, userId=15
22:00:23.394 [DEBUG] i.g.h.c.i.HttpAppHandler - Write request WritableRequest{request=DefaultHttpRequest(decodeResult: success, version: HTTP/1.1)
POST /files/upload HTTP/1.1
Accept: */*
Accept-Language: en-US,en;q=0.8,nl;q=0.6
User-Agent: Mozilla/5.0 (Windows NT 6.1; WOW64) AppleWebKit/537.36 (KHTML, like Gecko) Chrome/38.0.2125.111 Safari/537.36
accept-encoding: gzip,deflate,sdch
host: localhost:8080
content-type: multipart/form-data; boundary=FEHf6KfB2LK40YYs0sSfkaG_kD75ZlXqZUu
content-length: 220, content=io.gatling.http.client.body.multipart.impl.MultipartFileRegion@47f71eb0}
22:00:23.397 [DEBUG] i.g.h.c.i.HttpAppHandler - Read msg='DefaultHttpResponse(decodeResult: success, version: HTTP/1.1)
HTTP/1.1 200 
Content-Type: text/plain;charset=UTF-8
Content-Length: 62
Date: Wed, 29 Jan 2020 21:00:23 GMT'
22:00:23.398 [DEBUG] i.g.h.c.i.HttpAppHandler - Read msg='DefaultLastHttpContent(data: PooledSlicedByteBuf(ridx: 0, widx: 62, cap: 62/62, unwrapped: PooledUnsafeDirectByteBuf(ridx: 176, widx: 176, cap: 512)), decoderResult: success)'
22:00:23.399 [TRACE] i.g.h.e.r.DefaultStatsProcessor - 
>>>>>>>>>>>>>>>>>>>>>>>>>>
Request:
upload-file: OK 
=========================
Session:
Session(Acceptance test,15,1580331617551,Map(gatling.http.ssl.sslContexts -> SslContexts(io.netty.handler.ssl.JdkSslContext@2f5808a,None), gatling.http.cache.dns -> io.gatling.http.cache.DnsCacheSupport$$anon$1@5898ac4b, gatling.http.cache.baseUrl -> http://localhost:8080),14,OK,List(),io.gatling.core.protocol.ProtocolComponentsRegistry$$Lambda$598/0x000000084055d840@452b12e)
=========================
HTTP request:
POST http://localhost:8080/files/upload
headers=
Accept: */*
Accept-Language: en-US,en;q=0.8,nl;q=0.6
User-Agent: Mozilla/5.0 (Windows NT 6.1; WOW64) AppleWebKit/537.36 (KHTML, like Gecko) Chrome/38.0.2125.111 Safari/537.36
accept-encoding: gzip,deflate,sdch
host: localhost:8080
content-type: multipart/form-data; boundary=FEHf6KfB2LK40YYs0sSfkaG_kD75ZlXqZUu
content-length: 220
multipartBody=
ByteArrayPart: name=upload contentType=text/plain dispositionType=null charset=UTF-8 transferEncoding=null contentId=null filename=gatling-upload.txt
=========================
HTTP response:
status=
200 
headers= 
Content-Type: text/plain;charset=UTF-8
Content-Length: 62
Date: Wed, 29 Jan 2020 21:00:23 GMT

body=
File upload succeeded [gatling-upload.txt] of size [17] bytes.
<<<<<<<<<<<<<<<<<<<<<<<<<
22:00:23.399 [DEBUG] i.g.c.a.Exit - End user #15
22:00:23.399 [DEBUG] i.g.c.c.i.Injector - End user #15
22:00:23.552 [DEBUG] i.g.c.c.i.o.OpenWorkload - Injecting 1 users in scenario Acceptance test, continue=true
22:00:23.552 [DEBUG] i.g.h.e.t.HttpTxExecutor - Sending request=simple_cpu_burn uri=http://localhost:8080/cpu/magic-identity-check?matrixSize=133: scenario=Acceptance test, userId=23
22:00:23.553 [DEBUG] i.g.c.c.i.o.OpenWorkload - Start user #23
22:00:23.555 [DEBUG] i.g.h.c.i.HttpAppHandler - Write request WritableRequest{request=DefaultFullHttpRequest(decodeResult: success, version: HTTP/1.1, content: UnpooledByteBufAllocator$InstrumentedUnpooledUnsafeHeapByteBuf(ridx: 0, widx: 0, cap: 0))
GET /cpu/magic-identity-check?matrixSize=133 HTTP/1.1
Accept: */*
Content-Type: application/json;charset=UTF-8
Accept-Language: en-US,en;q=0.8,nl;q=0.6
User-Agent: Mozilla/5.0 (Windows NT 6.1; WOW64) AppleWebKit/537.36 (KHTML, like Gecko) Chrome/38.0.2125.111 Safari/537.36
accept-encoding: gzip,deflate,sdch
host: localhost:8080, content=null}
22:00:23.578 [DEBUG] i.g.h.c.i.HttpAppHandler - Read msg='DefaultHttpResponse(decodeResult: success, version: HTTP/1.1)
HTTP/1.1 200 
Content-Type: application/json;charset=UTF-8
Transfer-Encoding: chunked
Date: Wed, 29 Jan 2020 21:00:23 GMT'
22:00:23.579 [DEBUG] i.g.h.c.i.HttpAppHandler - Read msg='DefaultHttpContent(data: PooledSlicedByteBuf(ridx: 0, widx: 95, cap: 95/95, unwrapped: PooledUnsafeDirectByteBuf(ridx: 229, widx: 234, cap: 1024)), decoderResult: success)'
22:00:23.579 [DEBUG] i.g.h.c.i.HttpAppHandler - Read msg='EmptyLastHttpContent'
22:00:23.580 [TRACE] i.g.h.e.r.DefaultStatsProcessor - 
>>>>>>>>>>>>>>>>>>>>>>>>>>
Request:
simple_delay: OK 
=========================
Session:
Session(Acceptance test,20,1580331621551,Map(gatling.http.ssl.sslContexts -> SslContexts(io.netty.handler.ssl.JdkSslContext@7d5eff1a,None), gatling.http.cache.dns -> io.gatling.http.cache.DnsCacheSupport$$anon$1@5898ac4b, gatling.http.cache.baseUrl -> http://localhost:8080),17,OK,List(),io.gatling.core.protocol.ProtocolComponentsRegistry$$Lambda$598/0x000000084055d840@452b12e)
=========================
HTTP request:
GET http://localhost:8080/delay?duration=555
headers=
Accept: */*
Content-Type: application/json;charset=UTF-8
Accept-Language: en-US,en;q=0.8,nl;q=0.6
User-Agent: Mozilla/5.0 (Windows NT 6.1; WOW64) AppleWebKit/537.36 (KHTML, like Gecko) Chrome/38.0.2125.111 Safari/537.36
accept-encoding: gzip,deflate,sdch
host: localhost:8080
=========================
HTTP response:
status=
200 
headers= 
Content-Type: application/json;charset=UTF-8
Transfer-Encoding: chunked
Date: Wed, 29 Jan 2020 21:00:23 GMT

body=
{"message":"This was a delay of 555","name":"Simple-PropertiesFileName","durationInMillis":555}
<<<<<<<<<<<<<<<<<<<<<<<<<
22:00:23.580 [DEBUG] i.g.c.a.Pause - Pausing for 4479ms (real=4461ms)
22:00:23.589 [DEBUG] i.g.h.c.i.HttpAppHandler - Read msg='DefaultHttpResponse(decodeResult: success, version: HTTP/1.1)
HTTP/1.1 200 
Content-Type: application/json;charset=UTF-8
Transfer-Encoding: chunked
Date: Wed, 29 Jan 2020 21:00:23 GMT'
22:00:23.590 [DEBUG] i.g.h.c.i.HttpAppHandler - Read msg='DefaultHttpContent(data: PooledSlicedByteBuf(ridx: 0, widx: 170, cap: 170/170, unwrapped: PooledUnsafeDirectByteBuf(ridx: 304, widx: 309, cap: 1024)), decoderResult: success)'
22:00:23.590 [DEBUG] i.g.h.c.i.HttpAppHandler - Read msg='EmptyLastHttpContent'
22:00:23.591 [TRACE] i.g.h.e.r.DefaultStatsProcessor - 
>>>>>>>>>>>>>>>>>>>>>>>>>>
Request:
simple_cpu_burn: OK 
=========================
Session:
Session(Acceptance test,23,1580331623551,Map(gatling.http.ssl.sslContexts -> SslContexts(io.netty.handler.ssl.JdkSslContext@2e662254,None), gatling.http.cache.dns -> io.gatling.http.cache.DnsCacheSupport$$anon$1@5898ac4b, gatling.http.cache.baseUrl -> http://localhost:8080),0,OK,List(),io.gatling.core.protocol.ProtocolComponentsRegistry$$Lambda$598/0x000000084055d840@452b12e)
=========================
HTTP request:
GET http://localhost:8080/cpu/magic-identity-check?matrixSize=133
headers=
Accept: */*
Content-Type: application/json;charset=UTF-8
Accept-Language: en-US,en;q=0.8,nl;q=0.6
User-Agent: Mozilla/5.0 (Windows NT 6.1; WOW64) AppleWebKit/537.36 (KHTML, like Gecko) Chrome/38.0.2125.111 Safari/537.36
accept-encoding: gzip,deflate,sdch
host: localhost:8080
=========================
HTTP response:
status=
200 
headers= 
Content-Type: application/json;charset=UTF-8
Transfer-Encoding: chunked
Date: Wed, 29 Jan 2020 21:00:23 GMT

body=
{"message":"A simple magic square multiplied by an identity square of size [133] [is equal] to the magic square.","name":"Simple-PropertiesFileName","durationInMillis":8}
<<<<<<<<<<<<<<<<<<<<<<<<<
22:00:23.591 [DEBUG] i.g.c.a.Pause - Pausing for 3063ms (real=3062ms)
22:00:23.822 [DEBUG] i.g.h.e.t.HttpTxExecutor - Sending request=simple_delay uri=http://localhost:8080/delay?duration=555: scenario=Acceptance test, userId=21
22:00:23.823 [DEBUG] i.g.h.c.i.HttpAppHandler - Write request WritableRequest{request=DefaultFullHttpRequest(decodeResult: success, version: HTTP/1.1, content: UnpooledByteBufAllocator$InstrumentedUnpooledUnsafeHeapByteBuf(ridx: 0, widx: 0, cap: 0))
GET /delay?duration=555 HTTP/1.1
Accept: */*
Content-Type: application/json;charset=UTF-8
Accept-Language: en-US,en;q=0.8,nl;q=0.6
User-Agent: Mozilla/5.0 (Windows NT 6.1; WOW64) AppleWebKit/537.36 (KHTML, like Gecko) Chrome/38.0.2125.111 Safari/537.36
accept-encoding: gzip,deflate,sdch
host: localhost:8080, content=null}
22:00:24.012 [DEBUG] i.g.h.e.t.HttpTxExecutor - Sending request=upload-file uri=http://localhost:8080/files/upload: scenario=Acceptance test, userId=10
22:00:24.013 [DEBUG] i.g.h.c.i.HttpAppHandler - Write request WritableRequest{request=DefaultHttpRequest(decodeResult: success, version: HTTP/1.1)
POST /files/upload HTTP/1.1
Accept: */*
Accept-Language: en-US,en;q=0.8,nl;q=0.6
User-Agent: Mozilla/5.0 (Windows NT 6.1; WOW64) AppleWebKit/537.36 (KHTML, like Gecko) Chrome/38.0.2125.111 Safari/537.36
accept-encoding: gzip,deflate,sdch
host: localhost:8080
content-type: multipart/form-data; boundary=S_hwbGIO_9pqWVcPtuWghbhwh_K-DWuW9rx
content-length: 220, content=io.gatling.http.client.body.multipart.impl.MultipartFileRegion@72aac729}
22:00:24.016 [DEBUG] i.g.h.c.i.HttpAppHandler - Read msg='DefaultHttpResponse(decodeResult: success, version: HTTP/1.1)
HTTP/1.1 200 
Content-Type: text/plain;charset=UTF-8
Content-Length: 62
Date: Wed, 29 Jan 2020 21:00:23 GMT'
22:00:24.016 [DEBUG] i.g.h.c.i.HttpAppHandler - Read msg='DefaultLastHttpContent(data: PooledSlicedByteBuf(ridx: 0, widx: 62, cap: 62/62, unwrapped: PooledUnsafeDirectByteBuf(ridx: 176, widx: 176, cap: 512)), decoderResult: success)'
22:00:24.017 [TRACE] i.g.h.e.r.DefaultStatsProcessor - 
>>>>>>>>>>>>>>>>>>>>>>>>>>
Request:
upload-file: OK 
=========================
Session:
Session(Acceptance test,10,1580331613551,Map(gatling.http.ssl.sslContexts -> SslContexts(io.netty.handler.ssl.JdkSslContext@37a84fb8,None), gatling.http.cache.dns -> io.gatling.http.cache.DnsCacheSupport$$anon$1@5898ac4b, gatling.http.cache.baseUrl -> http://localhost:8080),26,OK,List(),io.gatling.core.protocol.ProtocolComponentsRegistry$$Lambda$598/0x000000084055d840@452b12e)
=========================
HTTP request:
POST http://localhost:8080/files/upload
headers=
Accept: */*
Accept-Language: en-US,en;q=0.8,nl;q=0.6
User-Agent: Mozilla/5.0 (Windows NT 6.1; WOW64) AppleWebKit/537.36 (KHTML, like Gecko) Chrome/38.0.2125.111 Safari/537.36
accept-encoding: gzip,deflate,sdch
host: localhost:8080
content-type: multipart/form-data; boundary=S_hwbGIO_9pqWVcPtuWghbhwh_K-DWuW9rx
content-length: 220
multipartBody=
ByteArrayPart: name=upload contentType=text/plain dispositionType=null charset=UTF-8 transferEncoding=null contentId=null filename=gatling-upload.txt
=========================
HTTP response:
status=
200 
headers= 
Content-Type: text/plain;charset=UTF-8
Content-Length: 62
Date: Wed, 29 Jan 2020 21:00:23 GMT

body=
File upload succeeded [gatling-upload.txt] of size [17] bytes.
<<<<<<<<<<<<<<<<<<<<<<<<<
22:00:24.017 [DEBUG] i.g.c.a.Exit - End user #10
22:00:24.018 [DEBUG] i.g.c.c.i.Injector - End user #10
22:00:24.022 [DEBUG] i.g.h.e.t.HttpTxExecutor - Sending request=simple_delay uri=http://localhost:8080/delay?duration=555: scenario=Acceptance test, userId=14
22:00:24.023 [DEBUG] i.g.h.c.i.HttpAppHandler - Write request WritableRequest{request=DefaultFullHttpRequest(decodeResult: success, version: HTTP/1.1, content: UnpooledByteBufAllocator$InstrumentedUnpooledUnsafeHeapByteBuf(ridx: 0, widx: 0, cap: 0))
GET /delay?duration=555 HTTP/1.1
Accept: */*
Content-Type: application/json;charset=UTF-8
Accept-Language: en-US,en;q=0.8,nl;q=0.6
User-Agent: Mozilla/5.0 (Windows NT 6.1; WOW64) AppleWebKit/537.36 (KHTML, like Gecko) Chrome/38.0.2125.111 Safari/537.36
accept-encoding: gzip,deflate,sdch
host: localhost:8080, content=null}

================================================================================
2020-01-29 22:00:24                                          20s elapsed
---- Requests ------------------------------------------------------------------
> Global                                                   (OK=72     KO=0     )
> simple_cpu_burn                                          (OK=23     KO=0     )
> simple_delay                                             (OK=19     KO=0     )
> simple_mini_leak                                         (OK=16     KO=0     )
> upload-file                                              (OK=14     KO=0     )

---- Acceptance test -----------------------------------------------------------
[#-                                                                        ]  2%
          waiting: 667    / active: 9      / done: 14    
================================================================================

22:00:24.180 [DEBUG] i.g.g.m.GraphiteMetrics$ - GraphiteMetrics=gatling2.BurnAfter.acc.afterburner.users.allUsers.active 21 1580331624
gatling2.BurnAfter.acc.afterburner.users.allUsers.waiting 667 1580331624
gatling2.BurnAfter.acc.afterburner.users.allUsers.done 14 1580331624
gatling2.BurnAfter.acc.afterburner.users.Acceptance_test.active 21 1580331624
gatling2.BurnAfter.acc.afterburner.users.Acceptance_test.waiting 667 1580331624
gatling2.BurnAfter.acc.afterburner.users.Acceptance_test.done 14 1580331624
gatling2.BurnAfter.acc.afterburner.simple_delay.ok.count 14 1580331624
gatling2.BurnAfter.acc.afterburner.simple_delay.ok.min 556 1580331624
gatling2.BurnAfter.acc.afterburner.simple_delay.ok.max 567 1580331624
gatling2.BurnAfter.acc.afterburner.simple_delay.ok.mean 558 1580331624
gatling2.BurnAfter.acc.afterburner.simple_delay.ok.stdDev 2 1580331624
gatling2.BurnAfter.acc.afterburner.simple_delay.ok.percentiles50 559 1580331624
gatling2.BurnAfter.acc.afterburner.simple_delay.ok.percentiles75 559 1580331624
gatling2.BurnAfter.acc.afterburner.simple_delay.ok.percentiles95 567 1580331624
gatling2.BurnAfter.acc.afterburner.simple_delay.ok.percentiles99 567 1580331624
gatling2.BurnAfter.acc.afterburner.simple_delay.ko.count 0 1580331624
gatling2.BurnAfter.acc.afterburner.simple_delay.all.count 14 1580331624
gatling2.BurnAfter.acc.afterburner.simple_delay.all.min 556 1580331624
gatling2.BurnAfter.acc.afterburner.simple_delay.all.max 567 1580331624
gatling2.BurnAfter.acc.afterburner.simple_delay.all.mean 558 1580331624
gatling2.BurnAfter.acc.afterburner.simple_delay.all.stdDev 2 1580331624
gatling2.BurnAfter.acc.afterburner.simple_delay.all.percentiles50 559 1580331624
gatling2.BurnAfter.acc.afterburner.simple_delay.all.percentiles75 559 1580331624
gatling2.BurnAfter.acc.afterburner.simple_delay.all.percentiles95 567 1580331624
gatling2.BurnAfter.acc.afterburner.simple_delay.all.percentiles99 567 1580331624
gatling2.BurnAfter.acc.afterburner.upload-file.ok.count 12 1580331624
gatling2.BurnAfter.acc.afterburner.upload-file.ok.min 1 1580331624
gatling2.BurnAfter.acc.afterburner.upload-file.ok.max 6 1580331624
gatling2.BurnAfter.acc.afterburner.upload-file.ok.mean 4 1580331624
gatling2.BurnAfter.acc.afterburner.upload-file.ok.stdDev 1 1580331624
gatling2.BurnAfter.acc.afterburner.upload-file.ok.percentiles50 4 1580331624
gatling2.BurnAfter.acc.afterburner.upload-file.ok.percentiles75 5 1580331624
gatling2.BurnAfter.acc.afterburner.upload-file.ok.percentiles95 6 1580331624
gatling2.BurnAfter.acc.afterburner.upload-file.ok.percentiles99 6 1580331624
gatling2.BurnAfter.acc.afterburner.upload-file.ko.count 0 1580331624
gatling2.BurnAfter.acc.afterburner.upload-file.all.count 12 1580331624
gatling2.BurnAfter.acc.afterburner.upload-file.all.min 1 1580331624
gatling2.BurnAfter.acc.afterburner.upload-file.all.max 6 1580331624
gatling2.BurnAfter.acc.afterburner.upload-file.all.mean 4 1580331624
gatling2.BurnAfter.acc.afterburner.upload-file.all.stdDev 1 1580331624
gatling2.BurnAfter.acc.afterburner.upload-file.all.percentiles50 4 1580331624
gatling2.BurnAfter.acc.afterburner.upload-file.all.percentiles75 5 1580331624
gatling2.BurnAfter.acc.afterburner.upload-file.all.percentiles95 6 1580331624
gatling2.BurnAfter.acc.afterburner.upload-file.all.percentiles99 6 1580331624
gatling2.BurnAfter.acc.afterburner.simple_mini_leak.ok.count 12 1580331624
gatling2.BurnAfter.acc.afterburner.simple_mini_leak.ok.min 3 1580331624
gatling2.BurnAfter.acc.afterburner.simple_mini_leak.ok.max 12 1580331624
gatling2.BurnAfter.acc.afterburner.simple_mini_leak.ok.mean 7 1580331624
gatling2.BurnAfter.acc.afterburner.simple_mini_leak.ok.stdDev 2 1580331624
gatling2.BurnAfter.acc.afterburner.simple_mini_leak.ok.percentiles50 8 1580331624
gatling2.BurnAfter.acc.afterburner.simple_mini_leak.ok.percentiles75 8 1580331624
gatling2.BurnAfter.acc.afterburner.simple_mini_leak.ok.percentiles95 12 1580331624
gatling2.BurnAfter.acc.afterburner.simple_mini_leak.ok.percentiles99 12 1580331624
gatling2.BurnAfter.acc.afterburner.simple_mini_leak.ko.count 0 1580331624
gatling2.BurnAfter.acc.afterburner.simple_mini_leak.all.count 12 1580331624
gatling2.BurnAfter.acc.afterburner.simple_mini_leak.all.min 3 1580331624
gatling2.BurnAfter.acc.afterburner.simple_mini_leak.all.max 12 1580331624
gatling2.BurnAfter.acc.afterburner.simple_mini_leak.all.mean 7 1580331624
gatling2.BurnAfter.acc.afterburner.simple_mini_leak.all.stdDev 2 1580331624
gatling2.BurnAfter.acc.afterburner.simple_mini_leak.all.percentiles50 8 1580331624
gatling2.BurnAfter.acc.afterburner.simple_mini_leak.all.percentiles75 8 1580331624
gatling2.BurnAfter.acc.afterburner.simple_mini_leak.all.percentiles95 12 1580331624
gatling2.BurnAfter.acc.afterburner.simple_mini_leak.all.percentiles99 12 1580331624
gatling2.BurnAfter.acc.afterburner.simple_cpu_burn.ok.count 13 1580331624
gatling2.BurnAfter.acc.afterburner.simple_cpu_burn.ok.min 13 1580331624
gatling2.BurnAfter.acc.afterburner.simple_cpu_burn.ok.max 38 1580331624
gatling2.BurnAfter.acc.afterburner.simple_cpu_burn.ok.mean 30 1580331624
gatling2.BurnAfter.acc.afterburner.simple_cpu_burn.ok.stdDev 9 1580331624
gatling2.BurnAfter.acc.afterburner.simple_cpu_burn.ok.percentiles50 35 1580331624
gatling2.BurnAfter.acc.afterburner.simple_cpu_burn.ok.percentiles75 37 1580331624
gatling2.BurnAfter.acc.afterburner.simple_cpu_burn.ok.percentiles95 38 1580331624
gatling2.BurnAfter.acc.afterburner.simple_cpu_burn.ok.percentiles99 38 1580331624
gatling2.BurnAfter.acc.afterburner.simple_cpu_burn.ko.count 0 1580331624
gatling2.BurnAfter.acc.afterburner.simple_cpu_burn.all.count 13 1580331624
gatling2.BurnAfter.acc.afterburner.simple_cpu_burn.all.min 13 1580331624
gatling2.BurnAfter.acc.afterburner.simple_cpu_burn.all.max 38 1580331624
gatling2.BurnAfter.acc.afterburner.simple_cpu_burn.all.mean 30 1580331624
gatling2.BurnAfter.acc.afterburner.simple_cpu_burn.all.stdDev 9 1580331624
gatling2.BurnAfter.acc.afterburner.simple_cpu_burn.all.percentiles50 35 1580331624
gatling2.BurnAfter.acc.afterburner.simple_cpu_burn.all.percentiles75 37 1580331624
gatling2.BurnAfter.acc.afterburner.simple_cpu_burn.all.percentiles95 38 1580331624
gatling2.BurnAfter.acc.afterburner.simple_cpu_burn.all.percentiles99 38 1580331624
gatling2.BurnAfter.acc.afterburner.allRequests.ok.count 51 1580331624
gatling2.BurnAfter.acc.afterburner.allRequests.ok.min 1 1580331624
gatling2.BurnAfter.acc.afterburner.allRequests.ok.max 567 1580331624
gatling2.BurnAfter.acc.afterburner.allRequests.ok.mean 164 1580331624
gatling2.BurnAfter.acc.afterburner.allRequests.ok.stdDev 243 1580331624
gatling2.BurnAfter.acc.afterburner.allRequests.ok.percentiles50 15 1580331624
gatling2.BurnAfter.acc.afterburner.allRequests.ok.percentiles75 559 1580331624
gatling2.BurnAfter.acc.afterburner.allRequests.ok.percentiles95 559 1580331624
gatling2.BurnAfter.acc.afterburner.allRequests.ok.percentiles99 567 1580331624
gatling2.BurnAfter.acc.afterburner.allRequests.ko.count 0 1580331624
gatling2.BurnAfter.acc.afterburner.allRequests.all.count 51 1580331624
gatling2.BurnAfter.acc.afterburner.allRequests.all.min 1 1580331624
gatling2.BurnAfter.acc.afterburner.allRequests.all.max 567 1580331624
gatling2.BurnAfter.acc.afterburner.allRequests.all.mean 164 1580331624
gatling2.BurnAfter.acc.afterburner.allRequests.all.stdDev 243 1580331624
gatling2.BurnAfter.acc.afterburner.allRequests.all.percentiles50 15 1580331624
gatling2.BurnAfter.acc.afterburner.allRequests.all.percentiles75 559 1580331624
gatling2.BurnAfter.acc.afterburner.allRequests.all.percentiles95 559 1580331624
gatling2.BurnAfter.acc.afterburner.allRequests.all.percentiles99 567 1580331624

22:00:24.180 [DEBUG] i.g.g.s.TcpSender - All connection/sending retries have been exhausted, ignore further messages
22:00:24.380 [DEBUG] i.g.h.c.i.HttpAppHandler - Read msg='DefaultHttpResponse(decodeResult: success, version: HTTP/1.1)
HTTP/1.1 200 
Content-Type: application/json;charset=UTF-8
Transfer-Encoding: chunked
Date: Wed, 29 Jan 2020 21:00:24 GMT'
22:00:24.381 [DEBUG] i.g.h.c.i.HttpAppHandler - Read msg='DefaultHttpContent(data: PooledSlicedByteBuf(ridx: 0, widx: 95, cap: 95/95, unwrapped: PooledUnsafeDirectByteBuf(ridx: 229, widx: 234, cap: 1024)), decoderResult: success)'
22:00:24.381 [DEBUG] i.g.h.c.i.HttpAppHandler - Read msg='EmptyLastHttpContent'
22:00:24.382 [TRACE] i.g.h.e.r.DefaultStatsProcessor - 
>>>>>>>>>>>>>>>>>>>>>>>>>>
Request:
simple_delay: OK 
=========================
Session:
Session(Acceptance test,21,1580331622552,Map(gatling.http.ssl.sslContexts -> SslContexts(io.netty.handler.ssl.JdkSslContext@7c0246d8,None), gatling.http.cache.dns -> io.gatling.http.cache.DnsCacheSupport$$anon$1@5898ac4b, gatling.http.cache.baseUrl -> http://localhost:8080),18,OK,List(),io.gatling.core.protocol.ProtocolComponentsRegistry$$Lambda$598/0x000000084055d840@452b12e)
=========================
HTTP request:
GET http://localhost:8080/delay?duration=555
headers=
Accept: */*
Content-Type: application/json;charset=UTF-8
Accept-Language: en-US,en;q=0.8,nl;q=0.6
User-Agent: Mozilla/5.0 (Windows NT 6.1; WOW64) AppleWebKit/537.36 (KHTML, like Gecko) Chrome/38.0.2125.111 Safari/537.36
accept-encoding: gzip,deflate,sdch
host: localhost:8080
=========================
HTTP response:
status=
200 
headers= 
Content-Type: application/json;charset=UTF-8
Transfer-Encoding: chunked
Date: Wed, 29 Jan 2020 21:00:24 GMT

body=
{"message":"This was a delay of 555","name":"Simple-PropertiesFileName","durationInMillis":555}
<<<<<<<<<<<<<<<<<<<<<<<<<
22:00:24.382 [DEBUG] i.g.c.a.Pause - Pausing for 1028ms (real=1009ms)
22:00:24.553 [DEBUG] i.g.c.c.i.o.OpenWorkload - Injecting 1 users in scenario Acceptance test, continue=true
22:00:24.553 [DEBUG] i.g.h.e.t.HttpTxExecutor - Sending request=simple_cpu_burn uri=http://localhost:8080/cpu/magic-identity-check?matrixSize=133: scenario=Acceptance test, userId=24
22:00:24.553 [DEBUG] i.g.c.c.i.o.OpenWorkload - Start user #24
22:00:24.555 [DEBUG] i.g.h.c.i.HttpAppHandler - Write request WritableRequest{request=DefaultFullHttpRequest(decodeResult: success, version: HTTP/1.1, content: UnpooledByteBufAllocator$InstrumentedUnpooledUnsafeHeapByteBuf(ridx: 0, widx: 0, cap: 0))
GET /cpu/magic-identity-check?matrixSize=133 HTTP/1.1
Accept: */*
Content-Type: application/json;charset=UTF-8
Accept-Language: en-US,en;q=0.8,nl;q=0.6
User-Agent: Mozilla/5.0 (Windows NT 6.1; WOW64) AppleWebKit/537.36 (KHTML, like Gecko) Chrome/38.0.2125.111 Safari/537.36
accept-encoding: gzip,deflate,sdch
host: localhost:8080, content=null}
22:00:24.566 [DEBUG] i.g.h.c.i.HttpAppHandler - Read msg='DefaultHttpResponse(decodeResult: success, version: HTTP/1.1)
HTTP/1.1 200 
Content-Type: application/json;charset=UTF-8
Transfer-Encoding: chunked
Date: Wed, 29 Jan 2020 21:00:24 GMT'
22:00:24.567 [DEBUG] i.g.h.c.i.HttpAppHandler - Read msg='DefaultHttpContent(data: PooledSlicedByteBuf(ridx: 0, widx: 170, cap: 170/170, unwrapped: PooledUnsafeDirectByteBuf(ridx: 304, widx: 309, cap: 1024)), decoderResult: success)'
22:00:24.567 [DEBUG] i.g.h.c.i.HttpAppHandler - Read msg='EmptyLastHttpContent'
22:00:24.568 [TRACE] i.g.h.e.r.DefaultStatsProcessor - 
>>>>>>>>>>>>>>>>>>>>>>>>>>
Request:
simple_cpu_burn: OK 
=========================
Session:
Session(Acceptance test,24,1580331624552,Map(gatling.http.ssl.sslContexts -> SslContexts(io.netty.handler.ssl.JdkSslContext@1ec5d73,None), gatling.http.cache.dns -> io.gatling.http.cache.DnsCacheSupport$$anon$1@5898ac4b, gatling.http.cache.baseUrl -> http://localhost:8080),0,OK,List(),io.gatling.core.protocol.ProtocolComponentsRegistry$$Lambda$598/0x000000084055d840@452b12e)
=========================
HTTP request:
GET http://localhost:8080/cpu/magic-identity-check?matrixSize=133
headers=
Accept: */*
Content-Type: application/json;charset=UTF-8
Accept-Language: en-US,en;q=0.8,nl;q=0.6
User-Agent: Mozilla/5.0 (Windows NT 6.1; WOW64) AppleWebKit/537.36 (KHTML, like Gecko) Chrome/38.0.2125.111 Safari/537.36
accept-encoding: gzip,deflate,sdch
host: localhost:8080
=========================
HTTP response:
status=
200 
headers= 
Content-Type: application/json;charset=UTF-8
Transfer-Encoding: chunked
Date: Wed, 29 Jan 2020 21:00:24 GMT

body=
{"message":"A simple magic square multiplied by an identity square of size [133] [is equal] to the magic square.","name":"Simple-PropertiesFileName","durationInMillis":8}
<<<<<<<<<<<<<<<<<<<<<<<<<
22:00:24.568 [DEBUG] i.g.c.a.Pause - Pausing for 826ms (real=825ms)
22:00:24.580 [DEBUG] i.g.h.c.i.HttpAppHandler - Read msg='DefaultHttpResponse(decodeResult: success, version: HTTP/1.1)
HTTP/1.1 200 
Content-Type: application/json;charset=UTF-8
Transfer-Encoding: chunked
Date: Wed, 29 Jan 2020 21:00:24 GMT'
22:00:24.580 [DEBUG] i.g.h.c.i.HttpAppHandler - Read msg='DefaultHttpContent(data: PooledSlicedByteBuf(ridx: 0, widx: 95, cap: 95/95, unwrapped: PooledUnsafeDirectByteBuf(ridx: 229, widx: 234, cap: 1024)), decoderResult: success)'
22:00:24.580 [DEBUG] i.g.h.c.i.HttpAppHandler - Read msg='EmptyLastHttpContent'
22:00:24.581 [TRACE] i.g.h.e.r.DefaultStatsProcessor - 
>>>>>>>>>>>>>>>>>>>>>>>>>>
Request:
simple_delay: OK 
=========================
Session:
Session(Acceptance test,14,1580331616551,Map(gatling.http.ssl.sslContexts -> SslContexts(io.netty.handler.ssl.JdkSslContext@27913dd1,None), gatling.http.cache.dns -> io.gatling.http.cache.DnsCacheSupport$$anon$1@5898ac4b, gatling.http.cache.baseUrl -> http://localhost:8080),26,OK,List(),io.gatling.core.protocol.ProtocolComponentsRegistry$$Lambda$598/0x000000084055d840@452b12e)
=========================
HTTP request:
GET http://localhost:8080/delay?duration=555
headers=
Accept: */*
Content-Type: application/json;charset=UTF-8
Accept-Language: en-US,en;q=0.8,nl;q=0.6
User-Agent: Mozilla/5.0 (Windows NT 6.1; WOW64) AppleWebKit/537.36 (KHTML, like Gecko) Chrome/38.0.2125.111 Safari/537.36
accept-encoding: gzip,deflate,sdch
host: localhost:8080
=========================
HTTP response:
status=
200 
headers= 
Content-Type: application/json;charset=UTF-8
Transfer-Encoding: chunked
Date: Wed, 29 Jan 2020 21:00:24 GMT

body=
{"message":"This was a delay of 555","name":"Simple-PropertiesFileName","durationInMillis":555}
<<<<<<<<<<<<<<<<<<<<<<<<<
22:00:24.581 [DEBUG] i.g.c.a.Pause - Pausing for 1141ms (real=1114ms)
22:00:25.412 [DEBUG] i.g.h.e.t.HttpTxExecutor - Sending request=simple_delay uri=http://localhost:8080/delay?duration=555: scenario=Acceptance test, userId=24
22:00:25.412 [DEBUG] i.g.h.e.t.HttpTxExecutor - Sending request=simple_mini_leak uri=http://localhost:8080/memory/grow?objects=8&items=54: scenario=Acceptance test, userId=21
22:00:25.413 [DEBUG] i.g.h.c.i.HttpAppHandler - Write request WritableRequest{request=DefaultFullHttpRequest(decodeResult: success, version: HTTP/1.1, content: UnpooledByteBufAllocator$InstrumentedUnpooledUnsafeHeapByteBuf(ridx: 0, widx: 0, cap: 0))
GET /delay?duration=555 HTTP/1.1
Accept: */*
Content-Type: application/json;charset=UTF-8
Accept-Language: en-US,en;q=0.8,nl;q=0.6
User-Agent: Mozilla/5.0 (Windows NT 6.1; WOW64) AppleWebKit/537.36 (KHTML, like Gecko) Chrome/38.0.2125.111 Safari/537.36
accept-encoding: gzip,deflate,sdch
host: localhost:8080, content=null}
22:00:25.413 [DEBUG] i.g.h.c.i.HttpAppHandler - Write request WritableRequest{request=DefaultFullHttpRequest(decodeResult: success, version: HTTP/1.1, content: UnpooledByteBufAllocator$InstrumentedUnpooledUnsafeHeapByteBuf(ridx: 0, widx: 0, cap: 0))
GET /memory/grow?objects=8&items=54 HTTP/1.1
Accept: */*
Content-Type: application/json;charset=UTF-8
Accept-Language: en-US,en;q=0.8,nl;q=0.6
User-Agent: Mozilla/5.0 (Windows NT 6.1; WOW64) AppleWebKit/537.36 (KHTML, like Gecko) Chrome/38.0.2125.111 Safari/537.36
accept-encoding: gzip,deflate,sdch
host: localhost:8080, content=null}
22:00:25.420 [DEBUG] i.g.h.c.i.HttpAppHandler - Read msg='DefaultHttpResponse(decodeResult: success, version: HTTP/1.1)
HTTP/1.1 200 
Content-Type: application/json;charset=UTF-8
Transfer-Encoding: chunked
Date: Wed, 29 Jan 2020 21:00:25 GMT'
22:00:25.421 [DEBUG] i.g.h.c.i.HttpAppHandler - Read msg='DefaultHttpContent(data: PooledSlicedByteBuf(ridx: 0, widx: 144, cap: 144/144, unwrapped: PooledUnsafeDirectByteBuf(ridx: 278, widx: 283, cap: 512)), decoderResult: success)'
22:00:25.421 [DEBUG] i.g.h.c.i.HttpAppHandler - Read msg='EmptyLastHttpContent'
22:00:25.421 [TRACE] i.g.h.e.r.DefaultStatsProcessor - 
>>>>>>>>>>>>>>>>>>>>>>>>>>
Request:
simple_mini_leak: OK 
=========================
Session:
Session(Acceptance test,21,1580331622552,Map(gatling.http.ssl.sslContexts -> SslContexts(io.netty.handler.ssl.JdkSslContext@7c0246d8,None), gatling.http.cache.dns -> io.gatling.http.cache.DnsCacheSupport$$anon$1@5898ac4b, gatling.http.cache.baseUrl -> http://localhost:8080),20,OK,List(),io.gatling.core.protocol.ProtocolComponentsRegistry$$Lambda$598/0x000000084055d840@452b12e)
=========================
HTTP request:
GET http://localhost:8080/memory/grow?objects=8&items=54
headers=
Accept: */*
Content-Type: application/json;charset=UTF-8
Accept-Language: en-US,en;q=0.8,nl;q=0.6
User-Agent: Mozilla/5.0 (Windows NT 6.1; WOW64) AppleWebKit/537.36 (KHTML, like Gecko) Chrome/38.0.2125.111 Safari/537.36
accept-encoding: gzip,deflate,sdch
host: localhost:8080
=========================
HTTP response:
status=
200 
headers= 
Content-Type: application/json;charset=UTF-8
Transfer-Encoding: chunked
Date: Wed, 29 Jan 2020 21:00:25 GMT

body=
{"message":"Size of BigFatBastard list is now 11160 objects. It contains 602640 items.","name":"Simple-PropertiesFileName","durationInMillis":5}
<<<<<<<<<<<<<<<<<<<<<<<<<
22:00:25.422 [DEBUG] i.g.c.a.Pause - Pausing for 8348ms (real=8327ms)
22:00:25.553 [DEBUG] i.g.h.e.t.HttpTxExecutor - Sending request=simple_cpu_burn uri=http://localhost:8080/cpu/magic-identity-check?matrixSize=133: scenario=Acceptance test, userId=25
22:00:25.553 [DEBUG] i.g.c.c.i.o.OpenWorkload - Injecting 2 users in scenario Acceptance test, continue=true
22:00:25.553 [DEBUG] i.g.c.c.i.o.OpenWorkload - Start user #25
22:00:25.555 [DEBUG] i.g.h.c.i.HttpAppHandler - Write request WritableRequest{request=DefaultFullHttpRequest(decodeResult: success, version: HTTP/1.1, content: UnpooledByteBufAllocator$InstrumentedUnpooledUnsafeHeapByteBuf(ridx: 0, widx: 0, cap: 0))
GET /cpu/magic-identity-check?matrixSize=133 HTTP/1.1
Accept: */*
Content-Type: application/json;charset=UTF-8
Accept-Language: en-US,en;q=0.8,nl;q=0.6
User-Agent: Mozilla/5.0 (Windows NT 6.1; WOW64) AppleWebKit/537.36 (KHTML, like Gecko) Chrome/38.0.2125.111 Safari/537.36
accept-encoding: gzip,deflate,sdch
host: localhost:8080, content=null}
22:00:25.566 [DEBUG] i.g.h.c.i.HttpAppHandler - Read msg='DefaultHttpResponse(decodeResult: success, version: HTTP/1.1)
HTTP/1.1 200 
Content-Type: application/json;charset=UTF-8
Transfer-Encoding: chunked
Date: Wed, 29 Jan 2020 21:00:25 GMT'
22:00:25.566 [DEBUG] i.g.h.c.i.HttpAppHandler - Read msg='DefaultHttpContent(data: PooledSlicedByteBuf(ridx: 0, widx: 170, cap: 170/170, unwrapped: PooledUnsafeDirectByteBuf(ridx: 304, widx: 309, cap: 1024)), decoderResult: success)'
22:00:25.566 [DEBUG] i.g.h.c.i.HttpAppHandler - Read msg='EmptyLastHttpContent'
22:00:25.567 [TRACE] i.g.h.e.r.DefaultStatsProcessor - 
>>>>>>>>>>>>>>>>>>>>>>>>>>
Request:
simple_cpu_burn: OK 
=========================
Session:
Session(Acceptance test,25,1580331625551,Map(gatling.http.ssl.sslContexts -> SslContexts(io.netty.handler.ssl.JdkSslContext@5d8156f,None), gatling.http.cache.dns -> io.gatling.http.cache.DnsCacheSupport$$anon$1@5898ac4b, gatling.http.cache.baseUrl -> http://localhost:8080),0,OK,List(),io.gatling.core.protocol.ProtocolComponentsRegistry$$Lambda$598/0x000000084055d840@452b12e)
=========================
HTTP request:
GET http://localhost:8080/cpu/magic-identity-check?matrixSize=133
headers=
Accept: */*
Content-Type: application/json;charset=UTF-8
Accept-Language: en-US,en;q=0.8,nl;q=0.6
User-Agent: Mozilla/5.0 (Windows NT 6.1; WOW64) AppleWebKit/537.36 (KHTML, like Gecko) Chrome/38.0.2125.111 Safari/537.36
accept-encoding: gzip,deflate,sdch
host: localhost:8080
=========================
HTTP response:
status=
200 
headers= 
Content-Type: application/json;charset=UTF-8
Transfer-Encoding: chunked
Date: Wed, 29 Jan 2020 21:00:25 GMT

body=
{"message":"A simple magic square multiplied by an identity square of size [133] [is equal] to the magic square.","name":"Simple-PropertiesFileName","durationInMillis":8}
<<<<<<<<<<<<<<<<<<<<<<<<<
22:00:25.568 [DEBUG] i.g.c.a.Pause - Pausing for 1418ms (real=1417ms)
22:00:25.632 [DEBUG] i.g.h.e.t.HttpTxExecutor - Sending request=simple_mini_leak uri=http://localhost:8080/memory/grow?objects=8&items=54: scenario=Acceptance test, userId=18
22:00:25.633 [DEBUG] i.g.h.c.i.HttpAppHandler - Write request WritableRequest{request=DefaultFullHttpRequest(decodeResult: success, version: HTTP/1.1, content: UnpooledByteBufAllocator$InstrumentedUnpooledUnsafeHeapByteBuf(ridx: 0, widx: 0, cap: 0))
GET /memory/grow?objects=8&items=54 HTTP/1.1
Accept: */*
Content-Type: application/json;charset=UTF-8
Accept-Language: en-US,en;q=0.8,nl;q=0.6
User-Agent: Mozilla/5.0 (Windows NT 6.1; WOW64) AppleWebKit/537.36 (KHTML, like Gecko) Chrome/38.0.2125.111 Safari/537.36
accept-encoding: gzip,deflate,sdch
host: localhost:8080, content=null}
22:00:25.640 [DEBUG] i.g.h.c.i.HttpAppHandler - Read msg='DefaultHttpResponse(decodeResult: success, version: HTTP/1.1)
HTTP/1.1 200 
Content-Type: application/json;charset=UTF-8
Transfer-Encoding: chunked
Date: Wed, 29 Jan 2020 21:00:25 GMT'
22:00:25.640 [DEBUG] i.g.h.c.i.HttpAppHandler - Read msg='DefaultHttpContent(data: PooledSlicedByteBuf(ridx: 0, widx: 144, cap: 144/144, unwrapped: PooledUnsafeDirectByteBuf(ridx: 278, widx: 283, cap: 512)), decoderResult: success)'
22:00:25.640 [DEBUG] i.g.h.c.i.HttpAppHandler - Read msg='EmptyLastHttpContent'
22:00:25.641 [TRACE] i.g.h.e.r.DefaultStatsProcessor - 
>>>>>>>>>>>>>>>>>>>>>>>>>>
Request:
simple_mini_leak: OK 
=========================
Session:
Session(Acceptance test,18,1580331620052,Map(gatling.http.ssl.sslContexts -> SslContexts(io.netty.handler.ssl.JdkSslContext@1fbec659,None), gatling.http.cache.dns -> io.gatling.http.cache.DnsCacheSupport$$anon$1@5898ac4b, gatling.http.cache.baseUrl -> http://localhost:8080),16,OK,List(),io.gatling.core.protocol.ProtocolComponentsRegistry$$Lambda$598/0x000000084055d840@452b12e)
=========================
HTTP request:
GET http://localhost:8080/memory/grow?objects=8&items=54
headers=
Accept: */*
Content-Type: application/json;charset=UTF-8
Accept-Language: en-US,en;q=0.8,nl;q=0.6
User-Agent: Mozilla/5.0 (Windows NT 6.1; WOW64) AppleWebKit/537.36 (KHTML, like Gecko) Chrome/38.0.2125.111 Safari/537.36
accept-encoding: gzip,deflate,sdch
host: localhost:8080
=========================
HTTP response:
status=
200 
headers= 
Content-Type: application/json;charset=UTF-8
Transfer-Encoding: chunked
Date: Wed, 29 Jan 2020 21:00:25 GMT

body=
{"message":"Size of BigFatBastard list is now 11168 objects. It contains 603072 items.","name":"Simple-PropertiesFileName","durationInMillis":5}
<<<<<<<<<<<<<<<<<<<<<<<<<
22:00:25.641 [DEBUG] i.g.c.a.Pause - Pausing for 1872ms (real=1855ms)
22:00:25.721 [DEBUG] i.g.h.e.t.HttpTxExecutor - Sending request=simple_mini_leak uri=http://localhost:8080/memory/grow?objects=8&items=54: scenario=Acceptance test, userId=14
22:00:25.722 [DEBUG] i.g.h.c.i.HttpAppHandler - Write request WritableRequest{request=DefaultFullHttpRequest(decodeResult: success, version: HTTP/1.1, content: UnpooledByteBufAllocator$InstrumentedUnpooledUnsafeHeapByteBuf(ridx: 0, widx: 0, cap: 0))
GET /memory/grow?objects=8&items=54 HTTP/1.1
Accept: */*
Content-Type: application/json;charset=UTF-8
Accept-Language: en-US,en;q=0.8,nl;q=0.6
User-Agent: Mozilla/5.0 (Windows NT 6.1; WOW64) AppleWebKit/537.36 (KHTML, like Gecko) Chrome/38.0.2125.111 Safari/537.36
accept-encoding: gzip,deflate,sdch
host: localhost:8080, content=null}
22:00:25.731 [DEBUG] i.g.h.c.i.HttpAppHandler - Read msg='DefaultHttpResponse(decodeResult: success, version: HTTP/1.1)
HTTP/1.1 200 
Content-Type: application/json;charset=UTF-8
Transfer-Encoding: chunked
Date: Wed, 29 Jan 2020 21:00:25 GMT'
22:00:25.731 [DEBUG] i.g.h.c.i.HttpAppHandler - Read msg='DefaultHttpContent(data: PooledSlicedByteBuf(ridx: 0, widx: 144, cap: 144/144, unwrapped: PooledUnsafeDirectByteBuf(ridx: 278, widx: 283, cap: 512)), decoderResult: success)'
22:00:25.731 [DEBUG] i.g.h.c.i.HttpAppHandler - Read msg='EmptyLastHttpContent'
22:00:25.732 [TRACE] i.g.h.e.r.DefaultStatsProcessor - 
>>>>>>>>>>>>>>>>>>>>>>>>>>
Request:
simple_mini_leak: OK 
=========================
Session:
Session(Acceptance test,14,1580331616551,Map(gatling.http.ssl.sslContexts -> SslContexts(io.netty.handler.ssl.JdkSslContext@27913dd1,None), gatling.http.cache.dns -> io.gatling.http.cache.DnsCacheSupport$$anon$1@5898ac4b, gatling.http.cache.baseUrl -> http://localhost:8080),26,OK,List(),io.gatling.core.protocol.ProtocolComponentsRegistry$$Lambda$598/0x000000084055d840@452b12e)
=========================
HTTP request:
GET http://localhost:8080/memory/grow?objects=8&items=54
headers=
Accept: */*
Content-Type: application/json;charset=UTF-8
Accept-Language: en-US,en;q=0.8,nl;q=0.6
User-Agent: Mozilla/5.0 (Windows NT 6.1; WOW64) AppleWebKit/537.36 (KHTML, like Gecko) Chrome/38.0.2125.111 Safari/537.36
accept-encoding: gzip,deflate,sdch
host: localhost:8080
=========================
HTTP response:
status=
200 
headers= 
Content-Type: application/json;charset=UTF-8
Transfer-Encoding: chunked
Date: Wed, 29 Jan 2020 21:00:25 GMT

body=
{"message":"Size of BigFatBastard list is now 11176 objects. It contains 603504 items.","name":"Simple-PropertiesFileName","durationInMillis":6}
<<<<<<<<<<<<<<<<<<<<<<<<<
22:00:25.732 [DEBUG] i.g.c.a.Pause - Pausing for 737ms (real=710ms)
22:00:25.971 [DEBUG] i.g.h.c.i.HttpAppHandler - Read msg='DefaultHttpResponse(decodeResult: success, version: HTTP/1.1)
HTTP/1.1 200 
Content-Type: application/json;charset=UTF-8
Transfer-Encoding: chunked
Date: Wed, 29 Jan 2020 21:00:25 GMT'
22:00:25.971 [DEBUG] i.g.h.c.i.HttpAppHandler - Read msg='DefaultHttpContent(data: PooledSlicedByteBuf(ridx: 0, widx: 95, cap: 95/95, unwrapped: PooledUnsafeDirectByteBuf(ridx: 229, widx: 234, cap: 1024)), decoderResult: success)'
22:00:25.971 [DEBUG] i.g.h.c.i.HttpAppHandler - Read msg='EmptyLastHttpContent'
22:00:25.972 [TRACE] i.g.h.e.r.DefaultStatsProcessor - 
>>>>>>>>>>>>>>>>>>>>>>>>>>
Request:
simple_delay: OK 
=========================
Session:
Session(Acceptance test,24,1580331624552,Map(gatling.http.ssl.sslContexts -> SslContexts(io.netty.handler.ssl.JdkSslContext@1ec5d73,None), gatling.http.cache.dns -> io.gatling.http.cache.DnsCacheSupport$$anon$1@5898ac4b, gatling.http.cache.baseUrl -> http://localhost:8080),18,OK,List(),io.gatling.core.protocol.ProtocolComponentsRegistry$$Lambda$598/0x000000084055d840@452b12e)
=========================
HTTP request:
GET http://localhost:8080/delay?duration=555
headers=
Accept: */*
Content-Type: application/json;charset=UTF-8
Accept-Language: en-US,en;q=0.8,nl;q=0.6
User-Agent: Mozilla/5.0 (Windows NT 6.1; WOW64) AppleWebKit/537.36 (KHTML, like Gecko) Chrome/38.0.2125.111 Safari/537.36
accept-encoding: gzip,deflate,sdch
host: localhost:8080
=========================
HTTP response:
status=
200 
headers= 
Content-Type: application/json;charset=UTF-8
Transfer-Encoding: chunked
Date: Wed, 29 Jan 2020 21:00:25 GMT

body=
{"message":"This was a delay of 555","name":"Simple-PropertiesFileName","durationInMillis":555}
<<<<<<<<<<<<<<<<<<<<<<<<<
22:00:25.973 [DEBUG] i.g.c.a.Pause - Pausing for 5150ms (real=5131ms)
22:00:26.052 [DEBUG] i.g.h.e.t.HttpTxExecutor - Sending request=simple_cpu_burn uri=http://localhost:8080/cpu/magic-identity-check?matrixSize=133: scenario=Acceptance test, userId=26
22:00:26.052 [DEBUG] i.g.c.c.i.o.OpenWorkload - Start user #26
22:00:26.054 [DEBUG] i.g.h.c.i.HttpAppHandler - Write request WritableRequest{request=DefaultFullHttpRequest(decodeResult: success, version: HTTP/1.1, content: UnpooledByteBufAllocator$InstrumentedUnpooledUnsafeHeapByteBuf(ridx: 0, widx: 0, cap: 0))
GET /cpu/magic-identity-check?matrixSize=133 HTTP/1.1
Accept: */*
Content-Type: application/json;charset=UTF-8
Accept-Language: en-US,en;q=0.8,nl;q=0.6
User-Agent: Mozilla/5.0 (Windows NT 6.1; WOW64) AppleWebKit/537.36 (KHTML, like Gecko) Chrome/38.0.2125.111 Safari/537.36
accept-encoding: gzip,deflate,sdch
host: localhost:8080, content=null}
22:00:26.060 [DEBUG] i.g.h.c.i.HttpAppHandler - Read msg='DefaultHttpResponse(decodeResult: success, version: HTTP/1.1)
HTTP/1.1 200 
Content-Type: application/json;charset=UTF-8
Transfer-Encoding: chunked
Date: Wed, 29 Jan 2020 21:00:25 GMT'
22:00:26.060 [DEBUG] i.g.h.c.i.HttpAppHandler - Read msg='DefaultHttpContent(data: PooledSlicedByteBuf(ridx: 0, widx: 170, cap: 170/170, unwrapped: PooledUnsafeDirectByteBuf(ridx: 304, widx: 309, cap: 1024)), decoderResult: success)'
22:00:26.060 [DEBUG] i.g.h.c.i.HttpAppHandler - Read msg='EmptyLastHttpContent'
22:00:26.060 [TRACE] i.g.h.e.r.DefaultStatsProcessor - 
>>>>>>>>>>>>>>>>>>>>>>>>>>
Request:
simple_cpu_burn: OK 
=========================
Session:
Session(Acceptance test,26,1580331626051,Map(gatling.http.ssl.sslContexts -> SslContexts(io.netty.handler.ssl.JdkSslContext@19620363,None), gatling.http.cache.dns -> io.gatling.http.cache.DnsCacheSupport$$anon$1@5898ac4b, gatling.http.cache.baseUrl -> http://localhost:8080),0,OK,List(),io.gatling.core.protocol.ProtocolComponentsRegistry$$Lambda$598/0x000000084055d840@452b12e)
=========================
HTTP request:
GET http://localhost:8080/cpu/magic-identity-check?matrixSize=133
headers=
Accept: */*
Content-Type: application/json;charset=UTF-8
Accept-Language: en-US,en;q=0.8,nl;q=0.6
User-Agent: Mozilla/5.0 (Windows NT 6.1; WOW64) AppleWebKit/537.36 (KHTML, like Gecko) Chrome/38.0.2125.111 Safari/537.36
accept-encoding: gzip,deflate,sdch
host: localhost:8080
=========================
HTTP response:
status=
200 
headers= 
Content-Type: application/json;charset=UTF-8
Transfer-Encoding: chunked
Date: Wed, 29 Jan 2020 21:00:25 GMT

body=
{"message":"A simple magic square multiplied by an identity square of size [133] [is equal] to the magic square.","name":"Simple-PropertiesFileName","durationInMillis":4}
<<<<<<<<<<<<<<<<<<<<<<<<<
22:00:26.060 [DEBUG] i.g.c.a.Pause - Pausing for 4375ms (real=4375ms)
22:00:26.463 [DEBUG] i.g.h.e.t.HttpTxExecutor - Sending request=upload-file uri=http://localhost:8080/files/upload: scenario=Acceptance test, userId=14
22:00:26.463 [DEBUG] i.g.h.c.i.HttpAppHandler - Write request WritableRequest{request=DefaultHttpRequest(decodeResult: success, version: HTTP/1.1)
POST /files/upload HTTP/1.1
Accept: */*
Accept-Language: en-US,en;q=0.8,nl;q=0.6
User-Agent: Mozilla/5.0 (Windows NT 6.1; WOW64) AppleWebKit/537.36 (KHTML, like Gecko) Chrome/38.0.2125.111 Safari/537.36
accept-encoding: gzip,deflate,sdch
host: localhost:8080
content-type: multipart/form-data; boundary=TJSb5NvT47laAIHbBMqu53KvzoJrNcXgcsa
content-length: 220, content=io.gatling.http.client.body.multipart.impl.MultipartFileRegion@6293a747}
22:00:26.467 [DEBUG] i.g.h.c.i.HttpAppHandler - Read msg='DefaultHttpResponse(decodeResult: success, version: HTTP/1.1)
HTTP/1.1 200 
Content-Type: text/plain;charset=UTF-8
Content-Length: 62
Date: Wed, 29 Jan 2020 21:00:26 GMT'
22:00:26.467 [DEBUG] i.g.h.c.i.HttpAppHandler - Read msg='DefaultLastHttpContent(data: PooledSlicedByteBuf(ridx: 0, widx: 62, cap: 62/62, unwrapped: PooledUnsafeDirectByteBuf(ridx: 176, widx: 176, cap: 512)), decoderResult: success)'
22:00:26.468 [TRACE] i.g.h.e.r.DefaultStatsProcessor - 
>>>>>>>>>>>>>>>>>>>>>>>>>>
Request:
upload-file: OK 
=========================
Session:
Session(Acceptance test,14,1580331616551,Map(gatling.http.ssl.sslContexts -> SslContexts(io.netty.handler.ssl.JdkSslContext@27913dd1,None), gatling.http.cache.dns -> io.gatling.http.cache.DnsCacheSupport$$anon$1@5898ac4b, gatling.http.cache.baseUrl -> http://localhost:8080),20,OK,List(),io.gatling.core.protocol.ProtocolComponentsRegistry$$Lambda$598/0x000000084055d840@452b12e)
=========================
HTTP request:
POST http://localhost:8080/files/upload
headers=
Accept: */*
Accept-Language: en-US,en;q=0.8,nl;q=0.6
User-Agent: Mozilla/5.0 (Windows NT 6.1; WOW64) AppleWebKit/537.36 (KHTML, like Gecko) Chrome/38.0.2125.111 Safari/537.36
accept-encoding: gzip,deflate,sdch
host: localhost:8080
content-type: multipart/form-data; boundary=TJSb5NvT47laAIHbBMqu53KvzoJrNcXgcsa
content-length: 220
multipartBody=
ByteArrayPart: name=upload contentType=text/plain dispositionType=null charset=UTF-8 transferEncoding=null contentId=null filename=gatling-upload.txt
=========================
HTTP response:
status=
200 
headers= 
Content-Type: text/plain;charset=UTF-8
Content-Length: 62
Date: Wed, 29 Jan 2020 21:00:26 GMT

body=
File upload succeeded [gatling-upload.txt] of size [17] bytes.
<<<<<<<<<<<<<<<<<<<<<<<<<
22:00:26.468 [DEBUG] i.g.c.a.Exit - End user #14
22:00:26.469 [DEBUG] i.g.c.c.i.Injector - End user #14
22:00:26.552 [DEBUG] i.g.c.c.i.o.OpenWorkload - Injecting 1 users in scenario Acceptance test, continue=true
22:00:26.553 [DEBUG] i.g.h.e.t.HttpTxExecutor - Sending request=simple_cpu_burn uri=http://localhost:8080/cpu/magic-identity-check?matrixSize=133: scenario=Acceptance test, userId=27
22:00:26.553 [DEBUG] i.g.c.c.i.o.OpenWorkload - Start user #27
22:00:26.555 [DEBUG] i.g.h.c.i.HttpAppHandler - Write request WritableRequest{request=DefaultFullHttpRequest(decodeResult: success, version: HTTP/1.1, content: UnpooledByteBufAllocator$InstrumentedUnpooledUnsafeHeapByteBuf(ridx: 0, widx: 0, cap: 0))
GET /cpu/magic-identity-check?matrixSize=133 HTTP/1.1
Accept: */*
Content-Type: application/json;charset=UTF-8
Accept-Language: en-US,en;q=0.8,nl;q=0.6
User-Agent: Mozilla/5.0 (Windows NT 6.1; WOW64) AppleWebKit/537.36 (KHTML, like Gecko) Chrome/38.0.2125.111 Safari/537.36
accept-encoding: gzip,deflate,sdch
host: localhost:8080, content=null}
22:00:26.566 [DEBUG] i.g.h.c.i.HttpAppHandler - Read msg='DefaultHttpResponse(decodeResult: success, version: HTTP/1.1)
HTTP/1.1 200 
Content-Type: application/json;charset=UTF-8
Transfer-Encoding: chunked
Date: Wed, 29 Jan 2020 21:00:26 GMT'
22:00:26.567 [DEBUG] i.g.h.c.i.HttpAppHandler - Read msg='DefaultHttpContent(data: PooledSlicedByteBuf(ridx: 0, widx: 170, cap: 170/170, unwrapped: PooledUnsafeDirectByteBuf(ridx: 304, widx: 309, cap: 1024)), decoderResult: success)'
22:00:26.567 [DEBUG] i.g.h.c.i.HttpAppHandler - Read msg='EmptyLastHttpContent'
22:00:26.568 [TRACE] i.g.h.e.r.DefaultStatsProcessor - 
>>>>>>>>>>>>>>>>>>>>>>>>>>
Request:
simple_cpu_burn: OK 
=========================
Session:
Session(Acceptance test,27,1580331626552,Map(gatling.http.ssl.sslContexts -> SslContexts(io.netty.handler.ssl.JdkSslContext@e216e93,None), gatling.http.cache.dns -> io.gatling.http.cache.DnsCacheSupport$$anon$1@5898ac4b, gatling.http.cache.baseUrl -> http://localhost:8080),0,OK,List(),io.gatling.core.protocol.ProtocolComponentsRegistry$$Lambda$598/0x000000084055d840@452b12e)
=========================
HTTP request:
GET http://localhost:8080/cpu/magic-identity-check?matrixSize=133
headers=
Accept: */*
Content-Type: application/json;charset=UTF-8
Accept-Language: en-US,en;q=0.8,nl;q=0.6
User-Agent: Mozilla/5.0 (Windows NT 6.1; WOW64) AppleWebKit/537.36 (KHTML, like Gecko) Chrome/38.0.2125.111 Safari/537.36
accept-encoding: gzip,deflate,sdch
host: localhost:8080
=========================
HTTP response:
status=
200 
headers= 
Content-Type: application/json;charset=UTF-8
Transfer-Encoding: chunked
Date: Wed, 29 Jan 2020 21:00:26 GMT

body=
{"message":"A simple magic square multiplied by an identity square of size [133] [is equal] to the magic square.","name":"Simple-PropertiesFileName","durationInMillis":9}
<<<<<<<<<<<<<<<<<<<<<<<<<
22:00:26.568 [DEBUG] i.g.c.a.Pause - Pausing for 784ms (real=783ms)
22:00:26.672 [DEBUG] i.g.h.e.t.HttpTxExecutor - Sending request=simple_delay uri=http://localhost:8080/delay?duration=555: scenario=Acceptance test, userId=23
22:00:26.672 [DEBUG] i.g.h.c.i.HttpAppHandler - Write request WritableRequest{request=DefaultFullHttpRequest(decodeResult: success, version: HTTP/1.1, content: UnpooledByteBufAllocator$InstrumentedUnpooledUnsafeHeapByteBuf(ridx: 0, widx: 0, cap: 0))
GET /delay?duration=555 HTTP/1.1
Accept: */*
Content-Type: application/json;charset=UTF-8
Accept-Language: en-US,en;q=0.8,nl;q=0.6
User-Agent: Mozilla/5.0 (Windows NT 6.1; WOW64) AppleWebKit/537.36 (KHTML, like Gecko) Chrome/38.0.2125.111 Safari/537.36
accept-encoding: gzip,deflate,sdch
host: localhost:8080, content=null}
22:00:27.002 [DEBUG] i.g.h.e.t.HttpTxExecutor - Sending request=simple_delay uri=http://localhost:8080/delay?duration=555: scenario=Acceptance test, userId=25
22:00:27.002 [DEBUG] i.g.h.c.i.HttpAppHandler - Write request WritableRequest{request=DefaultFullHttpRequest(decodeResult: success, version: HTTP/1.1, content: UnpooledByteBufAllocator$InstrumentedUnpooledUnsafeHeapByteBuf(ridx: 0, widx: 0, cap: 0))
GET /delay?duration=555 HTTP/1.1
Accept: */*
Content-Type: application/json;charset=UTF-8
Accept-Language: en-US,en;q=0.8,nl;q=0.6
User-Agent: Mozilla/5.0 (Windows NT 6.1; WOW64) AppleWebKit/537.36 (KHTML, like Gecko) Chrome/38.0.2125.111 Safari/537.36
accept-encoding: gzip,deflate,sdch
host: localhost:8080, content=null}
22:00:27.230 [DEBUG] i.g.h.c.i.HttpAppHandler - Read msg='DefaultHttpResponse(decodeResult: success, version: HTTP/1.1)
HTTP/1.1 200 
Content-Type: application/json;charset=UTF-8
Transfer-Encoding: chunked
Date: Wed, 29 Jan 2020 21:00:26 GMT'
22:00:27.230 [DEBUG] i.g.h.c.i.HttpAppHandler - Read msg='DefaultHttpContent(data: PooledSlicedByteBuf(ridx: 0, widx: 95, cap: 95/95, unwrapped: PooledUnsafeDirectByteBuf(ridx: 229, widx: 234, cap: 1024)), decoderResult: success)'
22:00:27.230 [DEBUG] i.g.h.c.i.HttpAppHandler - Read msg='EmptyLastHttpContent'
22:00:27.231 [TRACE] i.g.h.e.r.DefaultStatsProcessor - 
>>>>>>>>>>>>>>>>>>>>>>>>>>
Request:
simple_delay: OK 
=========================
Session:
Session(Acceptance test,23,1580331623551,Map(gatling.http.ssl.sslContexts -> SslContexts(io.netty.handler.ssl.JdkSslContext@2e662254,None), gatling.http.cache.dns -> io.gatling.http.cache.DnsCacheSupport$$anon$1@5898ac4b, gatling.http.cache.baseUrl -> http://localhost:8080),18,OK,List(),io.gatling.core.protocol.ProtocolComponentsRegistry$$Lambda$598/0x000000084055d840@452b12e)
=========================
HTTP request:
GET http://localhost:8080/delay?duration=555
headers=
Accept: */*
Content-Type: application/json;charset=UTF-8
Accept-Language: en-US,en;q=0.8,nl;q=0.6
User-Agent: Mozilla/5.0 (Windows NT 6.1; WOW64) AppleWebKit/537.36 (KHTML, like Gecko) Chrome/38.0.2125.111 Safari/537.36
accept-encoding: gzip,deflate,sdch
host: localhost:8080
=========================
HTTP response:
status=
200 
headers= 
Content-Type: application/json;charset=UTF-8
Transfer-Encoding: chunked
Date: Wed, 29 Jan 2020 21:00:26 GMT

body=
{"message":"This was a delay of 555","name":"Simple-PropertiesFileName","durationInMillis":555}
<<<<<<<<<<<<<<<<<<<<<<<<<
22:00:27.232 [DEBUG] i.g.c.a.Pause - Pausing for 169ms (real=150ms)
22:00:27.292 [DEBUG] i.g.h.e.t.HttpTxExecutor - Sending request=simple_delay uri=http://localhost:8080/delay?duration=555: scenario=Acceptance test, userId=22
22:00:27.293 [DEBUG] i.g.h.c.i.HttpAppHandler - Write request WritableRequest{request=DefaultFullHttpRequest(decodeResult: success, version: HTTP/1.1, content: UnpooledByteBufAllocator$InstrumentedUnpooledUnsafeHeapByteBuf(ridx: 0, widx: 0, cap: 0))
GET /delay?duration=555 HTTP/1.1
Accept: */*
Content-Type: application/json;charset=UTF-8
Accept-Language: en-US,en;q=0.8,nl;q=0.6
User-Agent: Mozilla/5.0 (Windows NT 6.1; WOW64) AppleWebKit/537.36 (KHTML, like Gecko) Chrome/38.0.2125.111 Safari/537.36
accept-encoding: gzip,deflate,sdch
host: localhost:8080, content=null}
22:00:27.372 [DEBUG] i.g.h.e.t.HttpTxExecutor - Sending request=simple_delay uri=http://localhost:8080/delay?duration=555: scenario=Acceptance test, userId=27
22:00:27.372 [DEBUG] i.g.h.c.i.HttpAppHandler - Write request WritableRequest{request=DefaultFullHttpRequest(decodeResult: success, version: HTTP/1.1, content: UnpooledByteBufAllocator$InstrumentedUnpooledUnsafeHeapByteBuf(ridx: 0, widx: 0, cap: 0))
GET /delay?duration=555 HTTP/1.1
Accept: */*
Content-Type: application/json;charset=UTF-8
Accept-Language: en-US,en;q=0.8,nl;q=0.6
User-Agent: Mozilla/5.0 (Windows NT 6.1; WOW64) AppleWebKit/537.36 (KHTML, like Gecko) Chrome/38.0.2125.111 Safari/537.36
accept-encoding: gzip,deflate,sdch
host: localhost:8080, content=null}
22:00:27.402 [DEBUG] i.g.h.e.t.HttpTxExecutor - Sending request=simple_mini_leak uri=http://localhost:8080/memory/grow?objects=8&items=54: scenario=Acceptance test, userId=23
22:00:27.403 [DEBUG] i.g.h.c.i.HttpAppHandler - Write request WritableRequest{request=DefaultFullHttpRequest(decodeResult: success, version: HTTP/1.1, content: UnpooledByteBufAllocator$InstrumentedUnpooledUnsafeHeapByteBuf(ridx: 0, widx: 0, cap: 0))
GET /memory/grow?objects=8&items=54 HTTP/1.1
Accept: */*
Content-Type: application/json;charset=UTF-8
Accept-Language: en-US,en;q=0.8,nl;q=0.6
User-Agent: Mozilla/5.0 (Windows NT 6.1; WOW64) AppleWebKit/537.36 (KHTML, like Gecko) Chrome/38.0.2125.111 Safari/537.36
accept-encoding: gzip,deflate,sdch
host: localhost:8080, content=null}
22:00:27.410 [DEBUG] i.g.h.c.i.HttpAppHandler - Read msg='DefaultHttpResponse(decodeResult: success, version: HTTP/1.1)
HTTP/1.1 200 
Content-Type: application/json;charset=UTF-8
Transfer-Encoding: chunked
Date: Wed, 29 Jan 2020 21:00:26 GMT'
22:00:27.410 [DEBUG] i.g.h.c.i.HttpAppHandler - Read msg='DefaultHttpContent(data: PooledSlicedByteBuf(ridx: 0, widx: 144, cap: 144/144, unwrapped: PooledUnsafeDirectByteBuf(ridx: 278, widx: 283, cap: 512)), decoderResult: success)'
22:00:27.411 [DEBUG] i.g.h.c.i.HttpAppHandler - Read msg='EmptyLastHttpContent'
22:00:27.412 [TRACE] i.g.h.e.r.DefaultStatsProcessor - 
>>>>>>>>>>>>>>>>>>>>>>>>>>
Request:
simple_mini_leak: OK 
=========================
Session:
Session(Acceptance test,23,1580331623551,Map(gatling.http.ssl.sslContexts -> SslContexts(io.netty.handler.ssl.JdkSslContext@2e662254,None), gatling.http.cache.dns -> io.gatling.http.cache.DnsCacheSupport$$anon$1@5898ac4b, gatling.http.cache.baseUrl -> http://localhost:8080),20,OK,List(),io.gatling.core.protocol.ProtocolComponentsRegistry$$Lambda$598/0x000000084055d840@452b12e)
=========================
HTTP request:
GET http://localhost:8080/memory/grow?objects=8&items=54
headers=
Accept: */*
Content-Type: application/json;charset=UTF-8
Accept-Language: en-US,en;q=0.8,nl;q=0.6
User-Agent: Mozilla/5.0 (Windows NT 6.1; WOW64) AppleWebKit/537.36 (KHTML, like Gecko) Chrome/38.0.2125.111 Safari/537.36
accept-encoding: gzip,deflate,sdch
host: localhost:8080
=========================
HTTP response:
status=
200 
headers= 
Content-Type: application/json;charset=UTF-8
Transfer-Encoding: chunked
Date: Wed, 29 Jan 2020 21:00:26 GMT

body=
{"message":"Size of BigFatBastard list is now 11184 objects. It contains 603936 items.","name":"Simple-PropertiesFileName","durationInMillis":5}
<<<<<<<<<<<<<<<<<<<<<<<<<
22:00:27.412 [DEBUG] i.g.c.a.Pause - Pausing for 13110ms (real=13089ms)
22:00:27.483 [DEBUG] i.g.h.e.t.HttpTxExecutor - Sending request=upload-file uri=http://localhost:8080/files/upload: scenario=Acceptance test, userId=13
22:00:27.484 [DEBUG] i.g.h.c.i.HttpAppHandler - Write request WritableRequest{request=DefaultHttpRequest(decodeResult: success, version: HTTP/1.1)
POST /files/upload HTTP/1.1
Accept: */*
Accept-Language: en-US,en;q=0.8,nl;q=0.6
User-Agent: Mozilla/5.0 (Windows NT 6.1; WOW64) AppleWebKit/537.36 (KHTML, like Gecko) Chrome/38.0.2125.111 Safari/537.36
accept-encoding: gzip,deflate,sdch
host: localhost:8080
content-type: multipart/form-data; boundary=CRhY257d-TG_Zq9JZjk4dDpj-QBWN7AV0-K
content-length: 220, content=io.gatling.http.client.body.multipart.impl.MultipartFileRegion@1f11a599}
22:00:27.487 [DEBUG] i.g.h.c.i.HttpAppHandler - Read msg='DefaultHttpResponse(decodeResult: success, version: HTTP/1.1)
HTTP/1.1 200 
Content-Type: text/plain;charset=UTF-8
Content-Length: 62
Date: Wed, 29 Jan 2020 21:00:27 GMT'
22:00:27.487 [DEBUG] i.g.h.c.i.HttpAppHandler - Read msg='DefaultLastHttpContent(data: PooledSlicedByteBuf(ridx: 0, widx: 62, cap: 62/62, unwrapped: PooledUnsafeDirectByteBuf(ridx: 176, widx: 176, cap: 512)), decoderResult: success)'
22:00:27.488 [TRACE] i.g.h.e.r.DefaultStatsProcessor - 
>>>>>>>>>>>>>>>>>>>>>>>>>>
Request:
upload-file: OK 
=========================
Session:
Session(Acceptance test,13,1580331615551,Map(gatling.http.ssl.sslContexts -> SslContexts(io.netty.handler.ssl.JdkSslContext@6bf71afb,None), gatling.http.cache.dns -> io.gatling.http.cache.DnsCacheSupport$$anon$1@5898ac4b, gatling.http.cache.baseUrl -> http://localhost:8080),20,OK,List(),io.gatling.core.protocol.ProtocolComponentsRegistry$$Lambda$598/0x000000084055d840@452b12e)
=========================
HTTP request:
POST http://localhost:8080/files/upload
headers=
Accept: */*
Accept-Language: en-US,en;q=0.8,nl;q=0.6
User-Agent: Mozilla/5.0 (Windows NT 6.1; WOW64) AppleWebKit/537.36 (KHTML, like Gecko) Chrome/38.0.2125.111 Safari/537.36
accept-encoding: gzip,deflate,sdch
host: localhost:8080
content-type: multipart/form-data; boundary=CRhY257d-TG_Zq9JZjk4dDpj-QBWN7AV0-K
content-length: 220
multipartBody=
ByteArrayPart: name=upload contentType=text/plain dispositionType=null charset=UTF-8 transferEncoding=null contentId=null filename=gatling-upload.txt
=========================
HTTP response:
status=
200 
headers= 
Content-Type: text/plain;charset=UTF-8
Content-Length: 62
Date: Wed, 29 Jan 2020 21:00:27 GMT

body=
File upload succeeded [gatling-upload.txt] of size [17] bytes.
<<<<<<<<<<<<<<<<<<<<<<<<<
22:00:27.488 [DEBUG] i.g.c.a.Exit - End user #13
22:00:27.489 [DEBUG] i.g.c.c.i.Injector - End user #13
22:00:27.512 [DEBUG] i.g.h.e.t.HttpTxExecutor - Sending request=upload-file uri=http://localhost:8080/files/upload: scenario=Acceptance test, userId=18
22:00:27.513 [DEBUG] i.g.h.c.i.HttpAppHandler - Write request WritableRequest{request=DefaultHttpRequest(decodeResult: success, version: HTTP/1.1)
POST /files/upload HTTP/1.1
Accept: */*
Accept-Language: en-US,en;q=0.8,nl;q=0.6
User-Agent: Mozilla/5.0 (Windows NT 6.1; WOW64) AppleWebKit/537.36 (KHTML, like Gecko) Chrome/38.0.2125.111 Safari/537.36
accept-encoding: gzip,deflate,sdch
host: localhost:8080
content-type: multipart/form-data; boundary=WxCZlGGH8pViOmHX_B-SnyqEoSzjNDf29d1
content-length: 220, content=io.gatling.http.client.body.multipart.impl.MultipartFileRegion@5abc4bca}
22:00:27.517 [DEBUG] i.g.h.c.i.HttpAppHandler - Read msg='DefaultHttpResponse(decodeResult: success, version: HTTP/1.1)
HTTP/1.1 200 
Content-Type: text/plain;charset=UTF-8
Content-Length: 62
Date: Wed, 29 Jan 2020 21:00:27 GMT'
22:00:27.517 [DEBUG] i.g.h.c.i.HttpAppHandler - Read msg='DefaultLastHttpContent(data: PooledSlicedByteBuf(ridx: 0, widx: 62, cap: 62/62, unwrapped: PooledUnsafeDirectByteBuf(ridx: 176, widx: 176, cap: 512)), decoderResult: success)'
22:00:27.518 [TRACE] i.g.h.e.r.DefaultStatsProcessor - 
>>>>>>>>>>>>>>>>>>>>>>>>>>
Request:
upload-file: OK 
=========================
Session:
Session(Acceptance test,18,1580331620052,Map(gatling.http.ssl.sslContexts -> SslContexts(io.netty.handler.ssl.JdkSslContext@1fbec659,None), gatling.http.cache.dns -> io.gatling.http.cache.DnsCacheSupport$$anon$1@5898ac4b, gatling.http.cache.baseUrl -> http://localhost:8080),14,OK,List(),io.gatling.core.protocol.ProtocolComponentsRegistry$$Lambda$598/0x000000084055d840@452b12e)
=========================
HTTP request:
POST http://localhost:8080/files/upload
headers=
Accept: */*
Accept-Language: en-US,en;q=0.8,nl;q=0.6
User-Agent: Mozilla/5.0 (Windows NT 6.1; WOW64) AppleWebKit/537.36 (KHTML, like Gecko) Chrome/38.0.2125.111 Safari/537.36
accept-encoding: gzip,deflate,sdch
host: localhost:8080
content-type: multipart/form-data; boundary=WxCZlGGH8pViOmHX_B-SnyqEoSzjNDf29d1
content-length: 220
multipartBody=
ByteArrayPart: name=upload contentType=text/plain dispositionType=null charset=UTF-8 transferEncoding=null contentId=null filename=gatling-upload.txt
=========================
HTTP response:
status=
200 
headers= 
Content-Type: text/plain;charset=UTF-8
Content-Length: 62
Date: Wed, 29 Jan 2020 21:00:27 GMT

body=
File upload succeeded [gatling-upload.txt] of size [17] bytes.
<<<<<<<<<<<<<<<<<<<<<<<<<
22:00:27.518 [DEBUG] i.g.c.a.Exit - End user #18
22:00:27.518 [DEBUG] i.g.c.c.i.Injector - End user #18
22:00:27.552 [DEBUG] i.g.c.c.i.o.OpenWorkload - Injecting 1 users in scenario Acceptance test, continue=true
22:00:27.552 [DEBUG] i.g.h.e.t.HttpTxExecutor - Sending request=simple_cpu_burn uri=http://localhost:8080/cpu/magic-identity-check?matrixSize=133: scenario=Acceptance test, userId=28
22:00:27.553 [DEBUG] i.g.c.c.i.o.OpenWorkload - Start user #28
22:00:27.555 [DEBUG] i.g.h.c.i.HttpAppHandler - Write request WritableRequest{request=DefaultFullHttpRequest(decodeResult: success, version: HTTP/1.1, content: UnpooledByteBufAllocator$InstrumentedUnpooledUnsafeHeapByteBuf(ridx: 0, widx: 0, cap: 0))
GET /cpu/magic-identity-check?matrixSize=133 HTTP/1.1
Accept: */*
Content-Type: application/json;charset=UTF-8
Accept-Language: en-US,en;q=0.8,nl;q=0.6
User-Agent: Mozilla/5.0 (Windows NT 6.1; WOW64) AppleWebKit/537.36 (KHTML, like Gecko) Chrome/38.0.2125.111 Safari/537.36
accept-encoding: gzip,deflate,sdch
host: localhost:8080, content=null}
22:00:27.560 [DEBUG] i.g.h.c.i.HttpAppHandler - Read msg='DefaultHttpResponse(decodeResult: success, version: HTTP/1.1)
HTTP/1.1 200 
Content-Type: application/json;charset=UTF-8
Transfer-Encoding: chunked
Date: Wed, 29 Jan 2020 21:00:27 GMT'
22:00:27.560 [DEBUG] i.g.h.c.i.HttpAppHandler - Read msg='DefaultHttpContent(data: PooledSlicedByteBuf(ridx: 0, widx: 95, cap: 95/95, unwrapped: PooledUnsafeDirectByteBuf(ridx: 229, widx: 234, cap: 1024)), decoderResult: success)'
22:00:27.560 [DEBUG] i.g.h.c.i.HttpAppHandler - Read msg='EmptyLastHttpContent'
22:00:27.561 [TRACE] i.g.h.e.r.DefaultStatsProcessor - 
>>>>>>>>>>>>>>>>>>>>>>>>>>
Request:
simple_delay: OK 
=========================
Session:
Session(Acceptance test,25,1580331625551,Map(gatling.http.ssl.sslContexts -> SslContexts(io.netty.handler.ssl.JdkSslContext@5d8156f,None), gatling.http.cache.dns -> io.gatling.http.cache.DnsCacheSupport$$anon$1@5898ac4b, gatling.http.cache.baseUrl -> http://localhost:8080),16,OK,List(),io.gatling.core.protocol.ProtocolComponentsRegistry$$Lambda$598/0x000000084055d840@452b12e)
=========================
HTTP request:
GET http://localhost:8080/delay?duration=555
headers=
Accept: */*
Content-Type: application/json;charset=UTF-8
Accept-Language: en-US,en;q=0.8,nl;q=0.6
User-Agent: Mozilla/5.0 (Windows NT 6.1; WOW64) AppleWebKit/537.36 (KHTML, like Gecko) Chrome/38.0.2125.111 Safari/537.36
accept-encoding: gzip,deflate,sdch
host: localhost:8080
=========================
HTTP response:
status=
200 
headers= 
Content-Type: application/json;charset=UTF-8
Transfer-Encoding: chunked
Date: Wed, 29 Jan 2020 21:00:27 GMT

body=
{"message":"This was a delay of 555","name":"Simple-PropertiesFileName","durationInMillis":555}
<<<<<<<<<<<<<<<<<<<<<<<<<
22:00:27.561 [DEBUG] i.g.c.a.Pause - Pausing for 6134ms (real=6117ms)
22:00:27.566 [DEBUG] i.g.h.c.i.HttpAppHandler - Read msg='DefaultHttpResponse(decodeResult: success, version: HTTP/1.1)
HTTP/1.1 200 
Content-Type: application/json;charset=UTF-8
Transfer-Encoding: chunked
Date: Wed, 29 Jan 2020 21:00:27 GMT'
22:00:27.566 [DEBUG] i.g.h.c.i.HttpAppHandler - Read msg='DefaultHttpContent(data: PooledSlicedByteBuf(ridx: 0, widx: 170, cap: 170/170, unwrapped: PooledUnsafeDirectByteBuf(ridx: 304, widx: 309, cap: 1024)), decoderResult: success)'
22:00:27.566 [DEBUG] i.g.h.c.i.HttpAppHandler - Read msg='EmptyLastHttpContent'
22:00:27.567 [TRACE] i.g.h.e.r.DefaultStatsProcessor - 
>>>>>>>>>>>>>>>>>>>>>>>>>>
Request:
simple_cpu_burn: OK 
=========================
Session:
Session(Acceptance test,28,1580331627551,Map(gatling.http.ssl.sslContexts -> SslContexts(io.netty.handler.ssl.JdkSslContext@49329adc,None), gatling.http.cache.dns -> io.gatling.http.cache.DnsCacheSupport$$anon$1@5898ac4b, gatling.http.cache.baseUrl -> http://localhost:8080),0,OK,List(),io.gatling.core.protocol.ProtocolComponentsRegistry$$Lambda$598/0x000000084055d840@452b12e)
=========================
HTTP request:
GET http://localhost:8080/cpu/magic-identity-check?matrixSize=133
headers=
Accept: */*
Content-Type: application/json;charset=UTF-8
Accept-Language: en-US,en;q=0.8,nl;q=0.6
User-Agent: Mozilla/5.0 (Windows NT 6.1; WOW64) AppleWebKit/537.36 (KHTML, like Gecko) Chrome/38.0.2125.111 Safari/537.36
accept-encoding: gzip,deflate,sdch
host: localhost:8080
=========================
HTTP response:
status=
200 
headers= 
Content-Type: application/json;charset=UTF-8
Transfer-Encoding: chunked
Date: Wed, 29 Jan 2020 21:00:27 GMT

body=
{"message":"A simple magic square multiplied by an identity square of size [133] [is equal] to the magic square.","name":"Simple-PropertiesFileName","durationInMillis":8}
<<<<<<<<<<<<<<<<<<<<<<<<<
22:00:27.567 [DEBUG] i.g.c.a.Pause - Pausing for 1203ms (real=1202ms)
22:00:27.850 [DEBUG] i.g.h.c.i.HttpAppHandler - Read msg='DefaultHttpResponse(decodeResult: success, version: HTTP/1.1)
HTTP/1.1 200 
Content-Type: application/json;charset=UTF-8
Transfer-Encoding: chunked
Date: Wed, 29 Jan 2020 21:00:27 GMT'
22:00:27.850 [DEBUG] i.g.h.c.i.HttpAppHandler - Read msg='DefaultHttpContent(data: PooledSlicedByteBuf(ridx: 0, widx: 95, cap: 95/95, unwrapped: PooledUnsafeDirectByteBuf(ridx: 229, widx: 234, cap: 1024)), decoderResult: success)'
22:00:27.850 [DEBUG] i.g.h.c.i.HttpAppHandler - Read msg='EmptyLastHttpContent'
22:00:27.850 [TRACE] i.g.h.e.r.DefaultStatsProcessor - 
>>>>>>>>>>>>>>>>>>>>>>>>>>
Request:
simple_delay: OK 
=========================
Session:
Session(Acceptance test,22,1580331623051,Map(gatling.http.ssl.sslContexts -> SslContexts(io.netty.handler.ssl.JdkSslContext@179471b6,None), gatling.http.cache.dns -> io.gatling.http.cache.DnsCacheSupport$$anon$1@5898ac4b, gatling.http.cache.baseUrl -> http://localhost:8080),20,OK,List(),io.gatling.core.protocol.ProtocolComponentsRegistry$$Lambda$598/0x000000084055d840@452b12e)
=========================
HTTP request:
GET http://localhost:8080/delay?duration=555
headers=
Accept: */*
Content-Type: application/json;charset=UTF-8
Accept-Language: en-US,en;q=0.8,nl;q=0.6
User-Agent: Mozilla/5.0 (Windows NT 6.1; WOW64) AppleWebKit/537.36 (KHTML, like Gecko) Chrome/38.0.2125.111 Safari/537.36
accept-encoding: gzip,deflate,sdch
host: localhost:8080
=========================
HTTP response:
status=
200 
headers= 
Content-Type: application/json;charset=UTF-8
Transfer-Encoding: chunked
Date: Wed, 29 Jan 2020 21:00:27 GMT

body=
{"message":"This was a delay of 555","name":"Simple-PropertiesFileName","durationInMillis":555}
<<<<<<<<<<<<<<<<<<<<<<<<<
22:00:27.851 [DEBUG] i.g.c.a.Pause - Pausing for 2421ms (real=2401ms)
22:00:27.930 [DEBUG] i.g.h.c.i.HttpAppHandler - Read msg='DefaultHttpResponse(decodeResult: success, version: HTTP/1.1)
HTTP/1.1 200 
Content-Type: application/json;charset=UTF-8
Transfer-Encoding: chunked
Date: Wed, 29 Jan 2020 21:00:27 GMT'
22:00:27.930 [DEBUG] i.g.h.c.i.HttpAppHandler - Read msg='DefaultHttpContent(data: PooledSlicedByteBuf(ridx: 0, widx: 95, cap: 95/95, unwrapped: PooledUnsafeDirectByteBuf(ridx: 229, widx: 234, cap: 1024)), decoderResult: success)'
22:00:27.931 [DEBUG] i.g.h.c.i.HttpAppHandler - Read msg='EmptyLastHttpContent'
22:00:27.931 [TRACE] i.g.h.e.r.DefaultStatsProcessor - 
>>>>>>>>>>>>>>>>>>>>>>>>>>
Request:
simple_delay: OK 
=========================
Session:
Session(Acceptance test,27,1580331626552,Map(gatling.http.ssl.sslContexts -> SslContexts(io.netty.handler.ssl.JdkSslContext@e216e93,None), gatling.http.cache.dns -> io.gatling.http.cache.DnsCacheSupport$$anon$1@5898ac4b, gatling.http.cache.baseUrl -> http://localhost:8080),20,OK,List(),io.gatling.core.protocol.ProtocolComponentsRegistry$$Lambda$598/0x000000084055d840@452b12e)
=========================
HTTP request:
GET http://localhost:8080/delay?duration=555
headers=
Accept: */*
Content-Type: application/json;charset=UTF-8
Accept-Language: en-US,en;q=0.8,nl;q=0.6
User-Agent: Mozilla/5.0 (Windows NT 6.1; WOW64) AppleWebKit/537.36 (KHTML, like Gecko) Chrome/38.0.2125.111 Safari/537.36
accept-encoding: gzip,deflate,sdch
host: localhost:8080
=========================
HTTP response:
status=
200 
headers= 
Content-Type: application/json;charset=UTF-8
Transfer-Encoding: chunked
Date: Wed, 29 Jan 2020 21:00:27 GMT

body=
{"message":"This was a delay of 555","name":"Simple-PropertiesFileName","durationInMillis":555}
<<<<<<<<<<<<<<<<<<<<<<<<<
22:00:27.932 [DEBUG] i.g.c.a.Pause - Pausing for 1675ms (real=1655ms)
22:00:28.023 [DEBUG] i.g.h.e.t.HttpTxExecutor - Sending request=upload-file uri=http://localhost:8080/files/upload: scenario=Acceptance test, userId=9
22:00:28.023 [DEBUG] i.g.h.c.i.HttpAppHandler - Write request WritableRequest{request=DefaultHttpRequest(decodeResult: success, version: HTTP/1.1)
POST /files/upload HTTP/1.1
Accept: */*
Accept-Language: en-US,en;q=0.8,nl;q=0.6
User-Agent: Mozilla/5.0 (Windows NT 6.1; WOW64) AppleWebKit/537.36 (KHTML, like Gecko) Chrome/38.0.2125.111 Safari/537.36
accept-encoding: gzip,deflate,sdch
host: localhost:8080
content-type: multipart/form-data; boundary=U__XV07cRjAnzQ24U_0MM7ww_ItUWOz7d1Q
content-length: 220, content=io.gatling.http.client.body.multipart.impl.MultipartFileRegion@7e688d04}
22:00:28.026 [DEBUG] i.g.h.c.i.HttpAppHandler - Read msg='DefaultHttpResponse(decodeResult: success, version: HTTP/1.1)
HTTP/1.1 200 
Content-Type: text/plain;charset=UTF-8
Content-Length: 62
Date: Wed, 29 Jan 2020 21:00:27 GMT'
22:00:28.027 [DEBUG] i.g.h.c.i.HttpAppHandler - Read msg='DefaultLastHttpContent(data: PooledSlicedByteBuf(ridx: 0, widx: 62, cap: 62/62, unwrapped: PooledUnsafeDirectByteBuf(ridx: 176, widx: 176, cap: 512)), decoderResult: success)'
22:00:28.027 [TRACE] i.g.h.e.r.DefaultStatsProcessor - 
>>>>>>>>>>>>>>>>>>>>>>>>>>
Request:
upload-file: OK 
=========================
Session:
Session(Acceptance test,9,1580331612551,Map(gatling.http.ssl.sslContexts -> SslContexts(io.netty.handler.ssl.JdkSslContext@3b6a040d,None), gatling.http.cache.dns -> io.gatling.http.cache.DnsCacheSupport$$anon$1@5898ac4b, gatling.http.cache.baseUrl -> http://localhost:8080),19,OK,List(),io.gatling.core.protocol.ProtocolComponentsRegistry$$Lambda$598/0x000000084055d840@452b12e)
=========================
HTTP request:
POST http://localhost:8080/files/upload
headers=
Accept: */*
Accept-Language: en-US,en;q=0.8,nl;q=0.6
User-Agent: Mozilla/5.0 (Windows NT 6.1; WOW64) AppleWebKit/537.36 (KHTML, like Gecko) Chrome/38.0.2125.111 Safari/537.36
accept-encoding: gzip,deflate,sdch
host: localhost:8080
content-type: multipart/form-data; boundary=U__XV07cRjAnzQ24U_0MM7ww_ItUWOz7d1Q
content-length: 220
multipartBody=
ByteArrayPart: name=upload contentType=text/plain dispositionType=null charset=UTF-8 transferEncoding=null contentId=null filename=gatling-upload.txt
=========================
HTTP response:
status=
200 
headers= 
Content-Type: text/plain;charset=UTF-8
Content-Length: 62
Date: Wed, 29 Jan 2020 21:00:27 GMT

body=
File upload succeeded [gatling-upload.txt] of size [17] bytes.
<<<<<<<<<<<<<<<<<<<<<<<<<
22:00:28.028 [DEBUG] i.g.c.a.Exit - End user #9
22:00:28.028 [DEBUG] i.g.c.c.i.Injector - End user #9
22:00:28.062 [DEBUG] i.g.h.e.t.HttpTxExecutor - Sending request=simple_mini_leak uri=http://localhost:8080/memory/grow?objects=8&items=54: scenario=Acceptance test, userId=20
22:00:28.062 [DEBUG] i.g.h.c.i.HttpAppHandler - Write request WritableRequest{request=DefaultFullHttpRequest(decodeResult: success, version: HTTP/1.1, content: UnpooledByteBufAllocator$InstrumentedUnpooledUnsafeHeapByteBuf(ridx: 0, widx: 0, cap: 0))
GET /memory/grow?objects=8&items=54 HTTP/1.1
Accept: */*
Content-Type: application/json;charset=UTF-8
Accept-Language: en-US,en;q=0.8,nl;q=0.6
User-Agent: Mozilla/5.0 (Windows NT 6.1; WOW64) AppleWebKit/537.36 (KHTML, like Gecko) Chrome/38.0.2125.111 Safari/537.36
accept-encoding: gzip,deflate,sdch
host: localhost:8080, content=null}
22:00:28.069 [DEBUG] i.g.h.c.i.HttpAppHandler - Read msg='DefaultHttpResponse(decodeResult: success, version: HTTP/1.1)
HTTP/1.1 200 
Content-Type: application/json;charset=UTF-8
Transfer-Encoding: chunked
Date: Wed, 29 Jan 2020 21:00:27 GMT'
22:00:28.070 [DEBUG] i.g.h.c.i.HttpAppHandler - Read msg='DefaultHttpContent(data: PooledSlicedByteBuf(ridx: 0, widx: 144, cap: 144/144, unwrapped: PooledUnsafeDirectByteBuf(ridx: 278, widx: 283, cap: 512)), decoderResult: success)'
22:00:28.070 [DEBUG] i.g.h.c.i.HttpAppHandler - Read msg='EmptyLastHttpContent'
22:00:28.071 [TRACE] i.g.h.e.r.DefaultStatsProcessor - 
>>>>>>>>>>>>>>>>>>>>>>>>>>
Request:
simple_mini_leak: OK 
=========================
Session:
Session(Acceptance test,20,1580331621551,Map(gatling.http.ssl.sslContexts -> SslContexts(io.netty.handler.ssl.JdkSslContext@7d5eff1a,None), gatling.http.cache.dns -> io.gatling.http.cache.DnsCacheSupport$$anon$1@5898ac4b, gatling.http.cache.baseUrl -> http://localhost:8080),20,OK,List(),io.gatling.core.protocol.ProtocolComponentsRegistry$$Lambda$598/0x000000084055d840@452b12e)
=========================
HTTP request:
GET http://localhost:8080/memory/grow?objects=8&items=54
headers=
Accept: */*
Content-Type: application/json;charset=UTF-8
Accept-Language: en-US,en;q=0.8,nl;q=0.6
User-Agent: Mozilla/5.0 (Windows NT 6.1; WOW64) AppleWebKit/537.36 (KHTML, like Gecko) Chrome/38.0.2125.111 Safari/537.36
accept-encoding: gzip,deflate,sdch
host: localhost:8080
=========================
HTTP response:
status=
200 
headers= 
Content-Type: application/json;charset=UTF-8
Transfer-Encoding: chunked
Date: Wed, 29 Jan 2020 21:00:27 GMT

body=
{"message":"Size of BigFatBastard list is now 11192 objects. It contains 604368 items.","name":"Simple-PropertiesFileName","durationInMillis":5}
<<<<<<<<<<<<<<<<<<<<<<<<<
22:00:28.071 [DEBUG] i.g.c.a.Pause - Pausing for 65ms (real=44ms)
22:00:28.132 [DEBUG] i.g.h.e.t.HttpTxExecutor - Sending request=upload-file uri=http://localhost:8080/files/upload: scenario=Acceptance test, userId=20
22:00:28.132 [DEBUG] i.g.h.c.i.HttpAppHandler - Write request WritableRequest{request=DefaultHttpRequest(decodeResult: success, version: HTTP/1.1)
POST /files/upload HTTP/1.1
Accept: */*
Accept-Language: en-US,en;q=0.8,nl;q=0.6
User-Agent: Mozilla/5.0 (Windows NT 6.1; WOW64) AppleWebKit/537.36 (KHTML, like Gecko) Chrome/38.0.2125.111 Safari/537.36
accept-encoding: gzip,deflate,sdch
host: localhost:8080
content-type: multipart/form-data; boundary=q6578Uu2A-TsrbrDakmIuTMzkjw-zMndTbU
content-length: 220, content=io.gatling.http.client.body.multipart.impl.MultipartFileRegion@385c6ed5}
22:00:28.134 [DEBUG] i.g.h.c.i.HttpAppHandler - Read msg='DefaultHttpResponse(decodeResult: success, version: HTTP/1.1)
HTTP/1.1 200 
Content-Type: text/plain;charset=UTF-8
Content-Length: 62
Date: Wed, 29 Jan 2020 21:00:27 GMT'
22:00:28.135 [DEBUG] i.g.h.c.i.HttpAppHandler - Read msg='DefaultLastHttpContent(data: PooledSlicedByteBuf(ridx: 0, widx: 62, cap: 62/62, unwrapped: PooledUnsafeDirectByteBuf(ridx: 176, widx: 176, cap: 512)), decoderResult: success)'
22:00:28.135 [TRACE] i.g.h.e.r.DefaultStatsProcessor - 
>>>>>>>>>>>>>>>>>>>>>>>>>>
Request:
upload-file: OK 
=========================
Session:
Session(Acceptance test,20,1580331621551,Map(gatling.http.ssl.sslContexts -> SslContexts(io.netty.handler.ssl.JdkSslContext@7d5eff1a,None), gatling.http.cache.dns -> io.gatling.http.cache.DnsCacheSupport$$anon$1@5898ac4b, gatling.http.cache.baseUrl -> http://localhost:8080),16,OK,List(),io.gatling.core.protocol.ProtocolComponentsRegistry$$Lambda$598/0x000000084055d840@452b12e)
=========================
HTTP request:
POST http://localhost:8080/files/upload
headers=
Accept: */*
Accept-Language: en-US,en;q=0.8,nl;q=0.6
User-Agent: Mozilla/5.0 (Windows NT 6.1; WOW64) AppleWebKit/537.36 (KHTML, like Gecko) Chrome/38.0.2125.111 Safari/537.36
accept-encoding: gzip,deflate,sdch
host: localhost:8080
content-type: multipart/form-data; boundary=q6578Uu2A-TsrbrDakmIuTMzkjw-zMndTbU
content-length: 220
multipartBody=
ByteArrayPart: name=upload contentType=text/plain dispositionType=null charset=UTF-8 transferEncoding=null contentId=null filename=gatling-upload.txt
=========================
HTTP response:
status=
200 
headers= 
Content-Type: text/plain;charset=UTF-8
Content-Length: 62
Date: Wed, 29 Jan 2020 21:00:27 GMT

body=
File upload succeeded [gatling-upload.txt] of size [17] bytes.
<<<<<<<<<<<<<<<<<<<<<<<<<
22:00:28.135 [DEBUG] i.g.c.a.Exit - End user #20
22:00:28.136 [DEBUG] i.g.c.c.i.Injector - End user #20
22:00:28.332 [DEBUG] i.g.h.e.t.HttpTxExecutor - Sending request=simple_mini_leak uri=http://localhost:8080/memory/grow?objects=8&items=54: scenario=Acceptance test, userId=17
22:00:28.332 [DEBUG] i.g.h.c.i.HttpAppHandler - Write request WritableRequest{request=DefaultFullHttpRequest(decodeResult: success, version: HTTP/1.1, content: UnpooledByteBufAllocator$InstrumentedUnpooledUnsafeHeapByteBuf(ridx: 0, widx: 0, cap: 0))
GET /memory/grow?objects=8&items=54 HTTP/1.1
Accept: */*
Content-Type: application/json;charset=UTF-8
Accept-Language: en-US,en;q=0.8,nl;q=0.6
User-Agent: Mozilla/5.0 (Windows NT 6.1; WOW64) AppleWebKit/537.36 (KHTML, like Gecko) Chrome/38.0.2125.111 Safari/537.36
accept-encoding: gzip,deflate,sdch
host: localhost:8080, content=null}
22:00:28.337 [DEBUG] i.g.h.c.i.HttpAppHandler - Read msg='DefaultHttpResponse(decodeResult: success, version: HTTP/1.1)
HTTP/1.1 200 
Content-Type: application/json;charset=UTF-8
Transfer-Encoding: chunked
Date: Wed, 29 Jan 2020 21:00:27 GMT'
22:00:28.337 [DEBUG] i.g.h.c.i.HttpAppHandler - Read msg='DefaultHttpContent(data: PooledSlicedByteBuf(ridx: 0, widx: 144, cap: 144/144, unwrapped: PooledUnsafeDirectByteBuf(ridx: 278, widx: 283, cap: 512)), decoderResult: success)'
22:00:28.337 [DEBUG] i.g.h.c.i.HttpAppHandler - Read msg='EmptyLastHttpContent'
22:00:28.338 [TRACE] i.g.h.e.r.DefaultStatsProcessor - 
>>>>>>>>>>>>>>>>>>>>>>>>>>
Request:
simple_mini_leak: OK 
=========================
Session:
Session(Acceptance test,17,1580331619551,Map(gatling.http.ssl.sslContexts -> SslContexts(io.netty.handler.ssl.JdkSslContext@5131c08f,None), gatling.http.cache.dns -> io.gatling.http.cache.DnsCacheSupport$$anon$1@5898ac4b, gatling.http.cache.baseUrl -> http://localhost:8080),24,OK,List(),io.gatling.core.protocol.ProtocolComponentsRegistry$$Lambda$598/0x000000084055d840@452b12e)
=========================
HTTP request:
GET http://localhost:8080/memory/grow?objects=8&items=54
headers=
Accept: */*
Content-Type: application/json;charset=UTF-8
Accept-Language: en-US,en;q=0.8,nl;q=0.6
User-Agent: Mozilla/5.0 (Windows NT 6.1; WOW64) AppleWebKit/537.36 (KHTML, like Gecko) Chrome/38.0.2125.111 Safari/537.36
accept-encoding: gzip,deflate,sdch
host: localhost:8080
=========================
HTTP response:
status=
200 
headers= 
Content-Type: application/json;charset=UTF-8
Transfer-Encoding: chunked
Date: Wed, 29 Jan 2020 21:00:27 GMT

body=
{"message":"Size of BigFatBastard list is now 11200 objects. It contains 604800 items.","name":"Simple-PropertiesFileName","durationInMillis":3}
<<<<<<<<<<<<<<<<<<<<<<<<<
22:00:28.338 [DEBUG] i.g.c.a.Pause - Pausing for 5466ms (real=5441ms)
22:00:28.552 [DEBUG] i.g.h.e.t.HttpTxExecutor - Sending request=simple_cpu_burn uri=http://localhost:8080/cpu/magic-identity-check?matrixSize=133: scenario=Acceptance test, userId=29
22:00:28.552 [DEBUG] i.g.c.c.i.o.OpenWorkload - Injecting 2 users in scenario Acceptance test, continue=true
22:00:28.552 [DEBUG] i.g.c.c.i.o.OpenWorkload - Start user #29
22:00:28.554 [DEBUG] i.g.h.c.i.HttpAppHandler - Write request WritableRequest{request=DefaultFullHttpRequest(decodeResult: success, version: HTTP/1.1, content: UnpooledByteBufAllocator$InstrumentedUnpooledUnsafeHeapByteBuf(ridx: 0, widx: 0, cap: 0))
GET /cpu/magic-identity-check?matrixSize=133 HTTP/1.1
Accept: */*
Content-Type: application/json;charset=UTF-8
Accept-Language: en-US,en;q=0.8,nl;q=0.6
User-Agent: Mozilla/5.0 (Windows NT 6.1; WOW64) AppleWebKit/537.36 (KHTML, like Gecko) Chrome/38.0.2125.111 Safari/537.36
accept-encoding: gzip,deflate,sdch
host: localhost:8080, content=null}
22:00:28.566 [DEBUG] i.g.h.c.i.HttpAppHandler - Read msg='DefaultHttpResponse(decodeResult: success, version: HTTP/1.1)
HTTP/1.1 200 
Content-Type: application/json;charset=UTF-8
Transfer-Encoding: chunked
Date: Wed, 29 Jan 2020 21:00:28 GMT'
22:00:28.566 [DEBUG] i.g.h.c.i.HttpAppHandler - Read msg='DefaultHttpContent(data: PooledSlicedByteBuf(ridx: 0, widx: 170, cap: 170/170, unwrapped: PooledUnsafeDirectByteBuf(ridx: 304, widx: 309, cap: 1024)), decoderResult: success)'
22:00:28.566 [DEBUG] i.g.h.c.i.HttpAppHandler - Read msg='EmptyLastHttpContent'
22:00:28.567 [TRACE] i.g.h.e.r.DefaultStatsProcessor - 
>>>>>>>>>>>>>>>>>>>>>>>>>>
Request:
simple_cpu_burn: OK 
=========================
Session:
Session(Acceptance test,29,1580331628551,Map(gatling.http.ssl.sslContexts -> SslContexts(io.netty.handler.ssl.JdkSslContext@75d36593,None), gatling.http.cache.dns -> io.gatling.http.cache.DnsCacheSupport$$anon$1@5898ac4b, gatling.http.cache.baseUrl -> http://localhost:8080),0,OK,List(),io.gatling.core.protocol.ProtocolComponentsRegistry$$Lambda$598/0x000000084055d840@452b12e)
=========================
HTTP request:
GET http://localhost:8080/cpu/magic-identity-check?matrixSize=133
headers=
Accept: */*
Content-Type: application/json;charset=UTF-8
Accept-Language: en-US,en;q=0.8,nl;q=0.6
User-Agent: Mozilla/5.0 (Windows NT 6.1; WOW64) AppleWebKit/537.36 (KHTML, like Gecko) Chrome/38.0.2125.111 Safari/537.36
accept-encoding: gzip,deflate,sdch
host: localhost:8080
=========================
HTTP response:
status=
200 
headers= 
Content-Type: application/json;charset=UTF-8
Transfer-Encoding: chunked
Date: Wed, 29 Jan 2020 21:00:28 GMT

body=
{"message":"A simple magic square multiplied by an identity square of size [133] [is equal] to the magic square.","name":"Simple-PropertiesFileName","durationInMillis":9}
<<<<<<<<<<<<<<<<<<<<<<<<<
22:00:28.567 [DEBUG] i.g.c.a.Pause - Pausing for 883ms (real=882ms)
22:00:28.792 [DEBUG] i.g.h.e.t.HttpTxExecutor - Sending request=simple_delay uri=http://localhost:8080/delay?duration=555: scenario=Acceptance test, userId=28
22:00:28.793 [DEBUG] i.g.h.c.i.HttpAppHandler - Write request WritableRequest{request=DefaultFullHttpRequest(decodeResult: success, version: HTTP/1.1, content: UnpooledByteBufAllocator$InstrumentedUnpooledUnsafeHeapByteBuf(ridx: 0, widx: 0, cap: 0))
GET /delay?duration=555 HTTP/1.1
Accept: */*
Content-Type: application/json;charset=UTF-8
Accept-Language: en-US,en;q=0.8,nl;q=0.6
User-Agent: Mozilla/5.0 (Windows NT 6.1; WOW64) AppleWebKit/537.36 (KHTML, like Gecko) Chrome/38.0.2125.111 Safari/537.36
accept-encoding: gzip,deflate,sdch
host: localhost:8080, content=null}
22:00:29.052 [DEBUG] i.g.h.e.t.HttpTxExecutor - Sending request=simple_cpu_burn uri=http://localhost:8080/cpu/magic-identity-check?matrixSize=133: scenario=Acceptance test, userId=30
22:00:29.052 [DEBUG] i.g.c.c.i.o.OpenWorkload - Start user #30
22:00:29.054 [DEBUG] i.g.h.c.i.HttpAppHandler - Write request WritableRequest{request=DefaultFullHttpRequest(decodeResult: success, version: HTTP/1.1, content: UnpooledByteBufAllocator$InstrumentedUnpooledUnsafeHeapByteBuf(ridx: 0, widx: 0, cap: 0))
GET /cpu/magic-identity-check?matrixSize=133 HTTP/1.1
Accept: */*
Content-Type: application/json;charset=UTF-8
Accept-Language: en-US,en;q=0.8,nl;q=0.6
User-Agent: Mozilla/5.0 (Windows NT 6.1; WOW64) AppleWebKit/537.36 (KHTML, like Gecko) Chrome/38.0.2125.111 Safari/537.36
accept-encoding: gzip,deflate,sdch
host: localhost:8080, content=null}
22:00:29.066 [DEBUG] i.g.h.c.i.HttpAppHandler - Read msg='DefaultHttpResponse(decodeResult: success, version: HTTP/1.1)
HTTP/1.1 200 
Content-Type: application/json;charset=UTF-8
Transfer-Encoding: chunked
Date: Wed, 29 Jan 2020 21:00:28 GMT'
22:00:29.066 [DEBUG] i.g.h.c.i.HttpAppHandler - Read msg='DefaultHttpContent(data: PooledSlicedByteBuf(ridx: 0, widx: 170, cap: 170/170, unwrapped: PooledUnsafeDirectByteBuf(ridx: 304, widx: 309, cap: 1024)), decoderResult: success)'
22:00:29.066 [DEBUG] i.g.h.c.i.HttpAppHandler - Read msg='EmptyLastHttpContent'
22:00:29.067 [TRACE] i.g.h.e.r.DefaultStatsProcessor - 
>>>>>>>>>>>>>>>>>>>>>>>>>>
Request:
simple_cpu_burn: OK 
=========================
Session:
Session(Acceptance test,30,1580331629051,Map(gatling.http.ssl.sslContexts -> SslContexts(io.netty.handler.ssl.JdkSslContext@5adb3252,None), gatling.http.cache.dns -> io.gatling.http.cache.DnsCacheSupport$$anon$1@5898ac4b, gatling.http.cache.baseUrl -> http://localhost:8080),0,OK,List(),io.gatling.core.protocol.ProtocolComponentsRegistry$$Lambda$598/0x000000084055d840@452b12e)
=========================
HTTP request:
GET http://localhost:8080/cpu/magic-identity-check?matrixSize=133
headers=
Accept: */*
Content-Type: application/json;charset=UTF-8
Accept-Language: en-US,en;q=0.8,nl;q=0.6
User-Agent: Mozilla/5.0 (Windows NT 6.1; WOW64) AppleWebKit/537.36 (KHTML, like Gecko) Chrome/38.0.2125.111 Safari/537.36
accept-encoding: gzip,deflate,sdch
host: localhost:8080
=========================
HTTP response:
status=
200 
headers= 
Content-Type: application/json;charset=UTF-8
Transfer-Encoding: chunked
Date: Wed, 29 Jan 2020 21:00:28 GMT

body=
{"message":"A simple magic square multiplied by an identity square of size [133] [is equal] to the magic square.","name":"Simple-PropertiesFileName","durationInMillis":9}
<<<<<<<<<<<<<<<<<<<<<<<<<
22:00:29.067 [DEBUG] i.g.c.a.Pause - Pausing for 2815ms (real=2814ms)

================================================================================
2020-01-29 22:00:29                                          25s elapsed
---- Requests ------------------------------------------------------------------
> Global                                                   (OK=97     KO=0     )
> simple_cpu_burn                                          (OK=30     KO=0     )
> simple_delay                                             (OK=26     KO=0     )
> simple_mini_leak                                         (OK=22     KO=0     )
> upload-file                                              (OK=19     KO=0     )

---- Acceptance test -----------------------------------------------------------
[##--                                                                      ]  2%
          waiting: 660    / active: 11     / done: 19    
================================================================================

22:00:29.351 [DEBUG] i.g.h.c.i.HttpAppHandler - Read msg='DefaultHttpResponse(decodeResult: success, version: HTTP/1.1)
HTTP/1.1 200 
Content-Type: application/json;charset=UTF-8
Transfer-Encoding: chunked
Date: Wed, 29 Jan 2020 21:00:28 GMT'
22:00:29.351 [DEBUG] i.g.h.c.i.HttpAppHandler - Read msg='DefaultHttpContent(data: PooledSlicedByteBuf(ridx: 0, widx: 95, cap: 95/95, unwrapped: PooledUnsafeDirectByteBuf(ridx: 229, widx: 234, cap: 1024)), decoderResult: success)'
22:00:29.351 [DEBUG] i.g.h.c.i.HttpAppHandler - Read msg='EmptyLastHttpContent'
22:00:29.352 [TRACE] i.g.h.e.r.DefaultStatsProcessor - 
>>>>>>>>>>>>>>>>>>>>>>>>>>
Request:
simple_delay: OK 
=========================
Session:
Session(Acceptance test,28,1580331627551,Map(gatling.http.ssl.sslContexts -> SslContexts(io.netty.handler.ssl.JdkSslContext@49329adc,None), gatling.http.cache.dns -> io.gatling.http.cache.DnsCacheSupport$$anon$1@5898ac4b, gatling.http.cache.baseUrl -> http://localhost:8080),23,OK,List(),io.gatling.core.protocol.ProtocolComponentsRegistry$$Lambda$598/0x000000084055d840@452b12e)
=========================
HTTP request:
GET http://localhost:8080/delay?duration=555
headers=
Accept: */*
Content-Type: application/json;charset=UTF-8
Accept-Language: en-US,en;q=0.8,nl;q=0.6
User-Agent: Mozilla/5.0 (Windows NT 6.1; WOW64) AppleWebKit/537.36 (KHTML, like Gecko) Chrome/38.0.2125.111 Safari/537.36
accept-encoding: gzip,deflate,sdch
host: localhost:8080
=========================
HTTP response:
status=
200 
headers= 
Content-Type: application/json;charset=UTF-8
Transfer-Encoding: chunked
Date: Wed, 29 Jan 2020 21:00:28 GMT

body=
{"message":"This was a delay of 555","name":"Simple-PropertiesFileName","durationInMillis":555}
<<<<<<<<<<<<<<<<<<<<<<<<<
22:00:29.352 [DEBUG] i.g.c.a.Pause - Pausing for 4347ms (real=4323ms)
22:00:29.472 [DEBUG] i.g.h.e.t.HttpTxExecutor - Sending request=simple_delay uri=http://localhost:8080/delay?duration=555: scenario=Acceptance test, userId=29
22:00:29.473 [DEBUG] i.g.h.c.i.HttpAppHandler - Write request WritableRequest{request=DefaultFullHttpRequest(decodeResult: success, version: HTTP/1.1, content: UnpooledByteBufAllocator$InstrumentedUnpooledUnsafeHeapByteBuf(ridx: 0, widx: 0, cap: 0))
GET /delay?duration=555 HTTP/1.1
Accept: */*
Content-Type: application/json;charset=UTF-8
Accept-Language: en-US,en;q=0.8,nl;q=0.6
User-Agent: Mozilla/5.0 (Windows NT 6.1; WOW64) AppleWebKit/537.36 (KHTML, like Gecko) Chrome/38.0.2125.111 Safari/537.36
accept-encoding: gzip,deflate,sdch
host: localhost:8080, content=null}
22:00:29.552 [DEBUG] i.g.c.c.i.o.OpenWorkload - Injecting 1 users in scenario Acceptance test, continue=true
22:00:29.552 [DEBUG] i.g.h.e.t.HttpTxExecutor - Sending request=simple_cpu_burn uri=http://localhost:8080/cpu/magic-identity-check?matrixSize=133: scenario=Acceptance test, userId=31
22:00:29.552 [DEBUG] i.g.c.c.i.o.OpenWorkload - Start user #31
22:00:29.554 [DEBUG] i.g.h.c.i.HttpAppHandler - Write request WritableRequest{request=DefaultFullHttpRequest(decodeResult: success, version: HTTP/1.1, content: UnpooledByteBufAllocator$InstrumentedUnpooledUnsafeHeapByteBuf(ridx: 0, widx: 0, cap: 0))
GET /cpu/magic-identity-check?matrixSize=133 HTTP/1.1
Accept: */*
Content-Type: application/json;charset=UTF-8
Accept-Language: en-US,en;q=0.8,nl;q=0.6
User-Agent: Mozilla/5.0 (Windows NT 6.1; WOW64) AppleWebKit/537.36 (KHTML, like Gecko) Chrome/38.0.2125.111 Safari/537.36
accept-encoding: gzip,deflate,sdch
host: localhost:8080, content=null}
22:00:29.565 [DEBUG] i.g.h.c.i.HttpAppHandler - Read msg='DefaultHttpResponse(decodeResult: success, version: HTTP/1.1)
HTTP/1.1 200 
Content-Type: application/json;charset=UTF-8
Transfer-Encoding: chunked
Date: Wed, 29 Jan 2020 21:00:28 GMT'
22:00:29.565 [DEBUG] i.g.h.c.i.HttpAppHandler - Read msg='DefaultHttpContent(data: PooledSlicedByteBuf(ridx: 0, widx: 170, cap: 170/170, unwrapped: PooledUnsafeDirectByteBuf(ridx: 304, widx: 309, cap: 1024)), decoderResult: success)'
22:00:29.565 [DEBUG] i.g.h.c.i.HttpAppHandler - Read msg='EmptyLastHttpContent'
22:00:29.566 [TRACE] i.g.h.e.r.DefaultStatsProcessor - 
>>>>>>>>>>>>>>>>>>>>>>>>>>
Request:
simple_cpu_burn: OK 
=========================
Session:
Session(Acceptance test,31,1580331629551,Map(gatling.http.ssl.sslContexts -> SslContexts(io.netty.handler.ssl.JdkSslContext@221ede19,None), gatling.http.cache.dns -> io.gatling.http.cache.DnsCacheSupport$$anon$1@5898ac4b, gatling.http.cache.baseUrl -> http://localhost:8080),0,OK,List(),io.gatling.core.protocol.ProtocolComponentsRegistry$$Lambda$598/0x000000084055d840@452b12e)
=========================
HTTP request:
GET http://localhost:8080/cpu/magic-identity-check?matrixSize=133
headers=
Accept: */*
Content-Type: application/json;charset=UTF-8
Accept-Language: en-US,en;q=0.8,nl;q=0.6
User-Agent: Mozilla/5.0 (Windows NT 6.1; WOW64) AppleWebKit/537.36 (KHTML, like Gecko) Chrome/38.0.2125.111 Safari/537.36
accept-encoding: gzip,deflate,sdch
host: localhost:8080
=========================
HTTP response:
status=
200 
headers= 
Content-Type: application/json;charset=UTF-8
Transfer-Encoding: chunked
Date: Wed, 29 Jan 2020 21:00:28 GMT

body=
{"message":"A simple magic square multiplied by an identity square of size [133] [is equal] to the magic square.","name":"Simple-PropertiesFileName","durationInMillis":9}
<<<<<<<<<<<<<<<<<<<<<<<<<
22:00:29.566 [DEBUG] i.g.c.a.Pause - Pausing for 3583ms (real=3582ms)
22:00:29.611 [DEBUG] i.g.h.e.t.HttpTxExecutor - Sending request=simple_mini_leak uri=http://localhost:8080/memory/grow?objects=8&items=54: scenario=Acceptance test, userId=27
22:00:29.612 [DEBUG] i.g.h.c.i.HttpAppHandler - Write request WritableRequest{request=DefaultFullHttpRequest(decodeResult: success, version: HTTP/1.1, content: UnpooledByteBufAllocator$InstrumentedUnpooledUnsafeHeapByteBuf(ridx: 0, widx: 0, cap: 0))
GET /memory/grow?objects=8&items=54 HTTP/1.1
Accept: */*
Content-Type: application/json;charset=UTF-8
Accept-Language: en-US,en;q=0.8,nl;q=0.6
User-Agent: Mozilla/5.0 (Windows NT 6.1; WOW64) AppleWebKit/537.36 (KHTML, like Gecko) Chrome/38.0.2125.111 Safari/537.36
accept-encoding: gzip,deflate,sdch
host: localhost:8080, content=null}
22:00:29.619 [DEBUG] i.g.h.c.i.HttpAppHandler - Read msg='DefaultHttpResponse(decodeResult: success, version: HTTP/1.1)
HTTP/1.1 200 
Content-Type: application/json;charset=UTF-8
Transfer-Encoding: chunked
Date: Wed, 29 Jan 2020 21:00:29 GMT'
22:00:29.619 [DEBUG] i.g.h.c.i.HttpAppHandler - Read msg='DefaultHttpContent(data: PooledSlicedByteBuf(ridx: 0, widx: 144, cap: 144/144, unwrapped: PooledUnsafeDirectByteBuf(ridx: 278, widx: 278, cap: 512)), decoderResult: success)'
22:00:29.620 [DEBUG] i.g.h.c.i.HttpAppHandler - Read msg='EmptyLastHttpContent'
22:00:29.620 [TRACE] i.g.h.e.r.DefaultStatsProcessor - 
>>>>>>>>>>>>>>>>>>>>>>>>>>
Request:
simple_mini_leak: OK 
=========================
Session:
Session(Acceptance test,27,1580331626552,Map(gatling.http.ssl.sslContexts -> SslContexts(io.netty.handler.ssl.JdkSslContext@e216e93,None), gatling.http.cache.dns -> io.gatling.http.cache.DnsCacheSupport$$anon$1@5898ac4b, gatling.http.cache.baseUrl -> http://localhost:8080),24,OK,List(),io.gatling.core.protocol.ProtocolComponentsRegistry$$Lambda$598/0x000000084055d840@452b12e)
=========================
HTTP request:
GET http://localhost:8080/memory/grow?objects=8&items=54
headers=
Accept: */*
Content-Type: application/json;charset=UTF-8
Accept-Language: en-US,en;q=0.8,nl;q=0.6
User-Agent: Mozilla/5.0 (Windows NT 6.1; WOW64) AppleWebKit/537.36 (KHTML, like Gecko) Chrome/38.0.2125.111 Safari/537.36
accept-encoding: gzip,deflate,sdch
host: localhost:8080
=========================
HTTP response:
status=
200 
headers= 
Content-Type: application/json;charset=UTF-8
Transfer-Encoding: chunked
Date: Wed, 29 Jan 2020 21:00:29 GMT

body=
{"message":"Size of BigFatBastard list is now 11208 objects. It contains 605232 items.","name":"Simple-PropertiesFileName","durationInMillis":5}
<<<<<<<<<<<<<<<<<<<<<<<<<
22:00:29.621 [DEBUG] i.g.c.a.Pause - Pausing for 3799ms (real=3775ms)
22:00:30.031 [DEBUG] i.g.h.c.i.HttpAppHandler - Read msg='DefaultHttpResponse(decodeResult: success, version: HTTP/1.1)
HTTP/1.1 200 
Content-Type: application/json;charset=UTF-8
Transfer-Encoding: chunked
Date: Wed, 29 Jan 2020 21:00:29 GMT'
22:00:30.031 [DEBUG] i.g.h.c.i.HttpAppHandler - Read msg='DefaultHttpContent(data: PooledSlicedByteBuf(ridx: 0, widx: 95, cap: 95/95, unwrapped: PooledUnsafeDirectByteBuf(ridx: 229, widx: 234, cap: 1024)), decoderResult: success)'
22:00:30.031 [DEBUG] i.g.h.c.i.HttpAppHandler - Read msg='EmptyLastHttpContent'
22:00:30.032 [TRACE] i.g.h.e.r.DefaultStatsProcessor - 
>>>>>>>>>>>>>>>>>>>>>>>>>>
Request:
simple_delay: OK 
=========================
Session:
Session(Acceptance test,29,1580331628551,Map(gatling.http.ssl.sslContexts -> SslContexts(io.netty.handler.ssl.JdkSslContext@75d36593,None), gatling.http.cache.dns -> io.gatling.http.cache.DnsCacheSupport$$anon$1@5898ac4b, gatling.http.cache.baseUrl -> http://localhost:8080),23,OK,List(),io.gatling.core.protocol.ProtocolComponentsRegistry$$Lambda$598/0x000000084055d840@452b12e)
=========================
HTTP request:
GET http://localhost:8080/delay?duration=555
headers=
Accept: */*
Content-Type: application/json;charset=UTF-8
Accept-Language: en-US,en;q=0.8,nl;q=0.6
User-Agent: Mozilla/5.0 (Windows NT 6.1; WOW64) AppleWebKit/537.36 (KHTML, like Gecko) Chrome/38.0.2125.111 Safari/537.36
accept-encoding: gzip,deflate,sdch
host: localhost:8080
=========================
HTTP response:
status=
200 
headers= 
Content-Type: application/json;charset=UTF-8
Transfer-Encoding: chunked
Date: Wed, 29 Jan 2020 21:00:29 GMT

body=
{"message":"This was a delay of 555","name":"Simple-PropertiesFileName","durationInMillis":555}
<<<<<<<<<<<<<<<<<<<<<<<<<
22:00:30.032 [DEBUG] i.g.c.a.Pause - Pausing for 2472ms (real=2448ms)
22:00:30.271 [DEBUG] i.g.h.e.t.HttpTxExecutor - Sending request=simple_mini_leak uri=http://localhost:8080/memory/grow?objects=8&items=54: scenario=Acceptance test, userId=22
22:00:30.272 [DEBUG] i.g.h.c.i.HttpAppHandler - Write request WritableRequest{request=DefaultFullHttpRequest(decodeResult: success, version: HTTP/1.1, content: UnpooledByteBufAllocator$InstrumentedUnpooledUnsafeHeapByteBuf(ridx: 0, widx: 0, cap: 0))
GET /memory/grow?objects=8&items=54 HTTP/1.1
Accept: */*
Content-Type: application/json;charset=UTF-8
Accept-Language: en-US,en;q=0.8,nl;q=0.6
User-Agent: Mozilla/5.0 (Windows NT 6.1; WOW64) AppleWebKit/537.36 (KHTML, like Gecko) Chrome/38.0.2125.111 Safari/537.36
accept-encoding: gzip,deflate,sdch
host: localhost:8080, content=null}
22:00:30.276 [DEBUG] i.g.h.c.i.HttpAppHandler - Read msg='DefaultHttpResponse(decodeResult: success, version: HTTP/1.1)
HTTP/1.1 200 
Content-Type: application/json;charset=UTF-8
Transfer-Encoding: chunked
Date: Wed, 29 Jan 2020 21:00:29 GMT'
22:00:30.276 [DEBUG] i.g.h.c.i.HttpAppHandler - Read msg='DefaultHttpContent(data: PooledSlicedByteBuf(ridx: 0, widx: 144, cap: 144/144, unwrapped: PooledUnsafeDirectByteBuf(ridx: 278, widx: 283, cap: 512)), decoderResult: success)'
22:00:30.276 [DEBUG] i.g.h.c.i.HttpAppHandler - Read msg='EmptyLastHttpContent'
22:00:30.276 [TRACE] i.g.h.e.r.DefaultStatsProcessor - 
>>>>>>>>>>>>>>>>>>>>>>>>>>
Request:
simple_mini_leak: OK 
=========================
Session:
Session(Acceptance test,22,1580331623051,Map(gatling.http.ssl.sslContexts -> SslContexts(io.netty.handler.ssl.JdkSslContext@179471b6,None), gatling.http.cache.dns -> io.gatling.http.cache.DnsCacheSupport$$anon$1@5898ac4b, gatling.http.cache.baseUrl -> http://localhost:8080),19,OK,List(),io.gatling.core.protocol.ProtocolComponentsRegistry$$Lambda$598/0x000000084055d840@452b12e)
=========================
HTTP request:
GET http://localhost:8080/memory/grow?objects=8&items=54
headers=
Accept: */*
Content-Type: application/json;charset=UTF-8
Accept-Language: en-US,en;q=0.8,nl;q=0.6
User-Agent: Mozilla/5.0 (Windows NT 6.1; WOW64) AppleWebKit/537.36 (KHTML, like Gecko) Chrome/38.0.2125.111 Safari/537.36
accept-encoding: gzip,deflate,sdch
host: localhost:8080
=========================
HTTP response:
status=
200 
headers= 
Content-Type: application/json;charset=UTF-8
Transfer-Encoding: chunked
Date: Wed, 29 Jan 2020 21:00:29 GMT

body=
{"message":"Size of BigFatBastard list is now 11216 objects. It contains 605664 items.","name":"Simple-PropertiesFileName","durationInMillis":2}
<<<<<<<<<<<<<<<<<<<<<<<<<
22:00:30.277 [DEBUG] i.g.c.a.Pause - Pausing for 3399ms (real=3379ms)
22:00:30.451 [DEBUG] i.g.h.e.t.HttpTxExecutor - Sending request=simple_delay uri=http://localhost:8080/delay?duration=555: scenario=Acceptance test, userId=26
22:00:30.452 [DEBUG] i.g.h.c.i.HttpAppHandler - Write request WritableRequest{request=DefaultFullHttpRequest(decodeResult: success, version: HTTP/1.1, content: UnpooledByteBufAllocator$InstrumentedUnpooledUnsafeHeapByteBuf(ridx: 0, widx: 0, cap: 0))
GET /delay?duration=555 HTTP/1.1
Accept: */*
Content-Type: application/json;charset=UTF-8
Accept-Language: en-US,en;q=0.8,nl;q=0.6
User-Agent: Mozilla/5.0 (Windows NT 6.1; WOW64) AppleWebKit/537.36 (KHTML, like Gecko) Chrome/38.0.2125.111 Safari/537.36
accept-encoding: gzip,deflate,sdch
host: localhost:8080, content=null}
22:00:30.553 [DEBUG] i.g.h.e.t.HttpTxExecutor - Sending request=simple_cpu_burn uri=http://localhost:8080/cpu/magic-identity-check?matrixSize=133: scenario=Acceptance test, userId=32
22:00:30.553 [DEBUG] i.g.c.c.i.o.OpenWorkload - Start user #32
22:00:30.553 [DEBUG] i.g.c.c.i.o.OpenWorkload - Injecting 2 users in scenario Acceptance test, continue=true
22:00:30.554 [DEBUG] i.g.h.c.i.HttpAppHandler - Write request WritableRequest{request=DefaultFullHttpRequest(decodeResult: success, version: HTTP/1.1, content: UnpooledByteBufAllocator$InstrumentedUnpooledUnsafeHeapByteBuf(ridx: 0, widx: 0, cap: 0))
GET /cpu/magic-identity-check?matrixSize=133 HTTP/1.1
Accept: */*
Content-Type: application/json;charset=UTF-8
Accept-Language: en-US,en;q=0.8,nl;q=0.6
User-Agent: Mozilla/5.0 (Windows NT 6.1; WOW64) AppleWebKit/537.36 (KHTML, like Gecko) Chrome/38.0.2125.111 Safari/537.36
accept-encoding: gzip,deflate,sdch
host: localhost:8080, content=null}
22:00:30.568 [DEBUG] i.g.h.c.i.HttpAppHandler - Read msg='DefaultHttpResponse(decodeResult: success, version: HTTP/1.1)
HTTP/1.1 200 
Content-Type: application/json;charset=UTF-8
Transfer-Encoding: chunked
Date: Wed, 29 Jan 2020 21:00:29 GMT'
22:00:30.568 [DEBUG] i.g.h.c.i.HttpAppHandler - Read msg='DefaultHttpContent(data: PooledSlicedByteBuf(ridx: 0, widx: 171, cap: 171/171, unwrapped: PooledUnsafeDirectByteBuf(ridx: 305, widx: 310, cap: 1024)), decoderResult: success)'
22:00:30.568 [DEBUG] i.g.h.c.i.HttpAppHandler - Read msg='EmptyLastHttpContent'
22:00:30.569 [TRACE] i.g.h.e.r.DefaultStatsProcessor - 
>>>>>>>>>>>>>>>>>>>>>>>>>>
Request:
simple_cpu_burn: OK 
=========================
Session:
Session(Acceptance test,32,1580331630552,Map(gatling.http.ssl.sslContexts -> SslContexts(io.netty.handler.ssl.JdkSslContext@153b8b2,None), gatling.http.cache.dns -> io.gatling.http.cache.DnsCacheSupport$$anon$1@5898ac4b, gatling.http.cache.baseUrl -> http://localhost:8080),0,OK,List(),io.gatling.core.protocol.ProtocolComponentsRegistry$$Lambda$598/0x000000084055d840@452b12e)
=========================
HTTP request:
GET http://localhost:8080/cpu/magic-identity-check?matrixSize=133
headers=
Accept: */*
Content-Type: application/json;charset=UTF-8
Accept-Language: en-US,en;q=0.8,nl;q=0.6
User-Agent: Mozilla/5.0 (Windows NT 6.1; WOW64) AppleWebKit/537.36 (KHTML, like Gecko) Chrome/38.0.2125.111 Safari/537.36
accept-encoding: gzip,deflate,sdch
host: localhost:8080
=========================
HTTP response:
status=
200 
headers= 
Content-Type: application/json;charset=UTF-8
Transfer-Encoding: chunked
Date: Wed, 29 Jan 2020 21:00:29 GMT

body=
{"message":"A simple magic square multiplied by an identity square of size [133] [is equal] to the magic square.","name":"Simple-PropertiesFileName","durationInMillis":11}
<<<<<<<<<<<<<<<<<<<<<<<<<
22:00:30.569 [DEBUG] i.g.c.a.Pause - Pausing for 2042ms (real=2041ms)
22:00:31.008 [DEBUG] i.g.h.c.i.HttpAppHandler - Read msg='DefaultHttpResponse(decodeResult: success, version: HTTP/1.1)
HTTP/1.1 200 
Content-Type: application/json;charset=UTF-8
Transfer-Encoding: chunked
Date: Wed, 29 Jan 2020 21:00:31 GMT'
22:00:31.009 [DEBUG] i.g.h.c.i.HttpAppHandler - Read msg='DefaultHttpContent(data: PooledSlicedByteBuf(ridx: 0, widx: 95, cap: 95/95, unwrapped: PooledUnsafeDirectByteBuf(ridx: 229, widx: 234, cap: 1024)), decoderResult: success)'
22:00:31.009 [DEBUG] i.g.h.c.i.HttpAppHandler - Read msg='EmptyLastHttpContent'
22:00:31.009 [TRACE] i.g.h.e.r.DefaultStatsProcessor - 
>>>>>>>>>>>>>>>>>>>>>>>>>>
Request:
simple_delay: OK 
=========================
Session:
Session(Acceptance test,26,1580331626051,Map(gatling.http.ssl.sslContexts -> SslContexts(io.netty.handler.ssl.JdkSslContext@19620363,None), gatling.http.cache.dns -> io.gatling.http.cache.DnsCacheSupport$$anon$1@5898ac4b, gatling.http.cache.baseUrl -> http://localhost:8080),16,OK,List(),io.gatling.core.protocol.ProtocolComponentsRegistry$$Lambda$598/0x000000084055d840@452b12e)
=========================
HTTP request:
GET http://localhost:8080/delay?duration=555
headers=
Accept: */*
Content-Type: application/json;charset=UTF-8
Accept-Language: en-US,en;q=0.8,nl;q=0.6
User-Agent: Mozilla/5.0 (Windows NT 6.1; WOW64) AppleWebKit/537.36 (KHTML, like Gecko) Chrome/38.0.2125.111 Safari/537.36
accept-encoding: gzip,deflate,sdch
host: localhost:8080
=========================
HTTP response:
status=
200 
headers= 
Content-Type: application/json;charset=UTF-8
Transfer-Encoding: chunked
Date: Wed, 29 Jan 2020 21:00:31 GMT

body=
{"message":"This was a delay of 555","name":"Simple-PropertiesFileName","durationInMillis":555}
<<<<<<<<<<<<<<<<<<<<<<<<<
22:00:31.010 [DEBUG] i.g.c.a.Pause - Pausing for 3885ms (real=3868ms)
22:00:31.053 [DEBUG] i.g.h.e.t.HttpTxExecutor - Sending request=simple_cpu_burn uri=http://localhost:8080/cpu/magic-identity-check?matrixSize=133: scenario=Acceptance test, userId=33
22:00:31.053 [DEBUG] i.g.c.c.i.o.OpenWorkload - Start user #33
22:00:31.055 [DEBUG] i.g.h.c.i.HttpAppHandler - Write request WritableRequest{request=DefaultFullHttpRequest(decodeResult: success, version: HTTP/1.1, content: UnpooledByteBufAllocator$InstrumentedUnpooledUnsafeHeapByteBuf(ridx: 0, widx: 0, cap: 0))
GET /cpu/magic-identity-check?matrixSize=133 HTTP/1.1
Accept: */*
Content-Type: application/json;charset=UTF-8
Accept-Language: en-US,en;q=0.8,nl;q=0.6
User-Agent: Mozilla/5.0 (Windows NT 6.1; WOW64) AppleWebKit/537.36 (KHTML, like Gecko) Chrome/38.0.2125.111 Safari/537.36
accept-encoding: gzip,deflate,sdch
host: localhost:8080, content=null}
22:00:31.066 [DEBUG] i.g.h.c.i.HttpAppHandler - Read msg='DefaultHttpResponse(decodeResult: success, version: HTTP/1.1)
HTTP/1.1 200 
Content-Type: application/json;charset=UTF-8
Transfer-Encoding: chunked
Date: Wed, 29 Jan 2020 21:00:31 GMT'
22:00:31.066 [DEBUG] i.g.h.c.i.HttpAppHandler - Read msg='DefaultHttpContent(data: PooledSlicedByteBuf(ridx: 0, widx: 170, cap: 170/170, unwrapped: PooledUnsafeDirectByteBuf(ridx: 304, widx: 309, cap: 1024)), decoderResult: success)'
22:00:31.066 [DEBUG] i.g.h.c.i.HttpAppHandler - Read msg='EmptyLastHttpContent'
22:00:31.067 [TRACE] i.g.h.e.r.DefaultStatsProcessor - 
>>>>>>>>>>>>>>>>>>>>>>>>>>
Request:
simple_cpu_burn: OK 
=========================
Session:
Session(Acceptance test,33,1580331631052,Map(gatling.http.ssl.sslContexts -> SslContexts(io.netty.handler.ssl.JdkSslContext@247dcb6d,None), gatling.http.cache.dns -> io.gatling.http.cache.DnsCacheSupport$$anon$1@5898ac4b, gatling.http.cache.baseUrl -> http://localhost:8080),0,OK,List(),io.gatling.core.protocol.ProtocolComponentsRegistry$$Lambda$598/0x000000084055d840@452b12e)
=========================
HTTP request:
GET http://localhost:8080/cpu/magic-identity-check?matrixSize=133
headers=
Accept: */*
Content-Type: application/json;charset=UTF-8
Accept-Language: en-US,en;q=0.8,nl;q=0.6
User-Agent: Mozilla/5.0 (Windows NT 6.1; WOW64) AppleWebKit/537.36 (KHTML, like Gecko) Chrome/38.0.2125.111 Safari/537.36
accept-encoding: gzip,deflate,sdch
host: localhost:8080
=========================
HTTP response:
status=
200 
headers= 
Content-Type: application/json;charset=UTF-8
Transfer-Encoding: chunked
Date: Wed, 29 Jan 2020 21:00:31 GMT

body=
{"message":"A simple magic square multiplied by an identity square of size [133] [is equal] to the magic square.","name":"Simple-PropertiesFileName","durationInMillis":9}
<<<<<<<<<<<<<<<<<<<<<<<<<
22:00:31.067 [DEBUG] i.g.c.a.Pause - Pausing for 4567ms (real=4566ms)
22:00:31.132 [DEBUG] i.g.h.e.t.HttpTxExecutor - Sending request=simple_mini_leak uri=http://localhost:8080/memory/grow?objects=8&items=54: scenario=Acceptance test, userId=24
22:00:31.132 [DEBUG] i.g.h.c.i.HttpAppHandler - Write request WritableRequest{request=DefaultFullHttpRequest(decodeResult: success, version: HTTP/1.1, content: UnpooledByteBufAllocator$InstrumentedUnpooledUnsafeHeapByteBuf(ridx: 0, widx: 0, cap: 0))
GET /memory/grow?objects=8&items=54 HTTP/1.1
Accept: */*
Content-Type: application/json;charset=UTF-8
Accept-Language: en-US,en;q=0.8,nl;q=0.6
User-Agent: Mozilla/5.0 (Windows NT 6.1; WOW64) AppleWebKit/537.36 (KHTML, like Gecko) Chrome/38.0.2125.111 Safari/537.36
accept-encoding: gzip,deflate,sdch
host: localhost:8080, content=null}
22:00:31.135 [DEBUG] i.g.h.c.i.HttpAppHandler - Read msg='DefaultHttpResponse(decodeResult: success, version: HTTP/1.1)
HTTP/1.1 200 
Content-Type: application/json;charset=UTF-8
Transfer-Encoding: chunked
Date: Wed, 29 Jan 2020 21:00:31 GMT'
22:00:31.136 [DEBUG] i.g.h.c.i.HttpAppHandler - Read msg='DefaultHttpContent(data: PooledSlicedByteBuf(ridx: 0, widx: 144, cap: 144/144, unwrapped: PooledUnsafeDirectByteBuf(ridx: 278, widx: 283, cap: 512)), decoderResult: success)'
22:00:31.136 [DEBUG] i.g.h.c.i.HttpAppHandler - Read msg='EmptyLastHttpContent'
22:00:31.136 [TRACE] i.g.h.e.r.DefaultStatsProcessor - 
>>>>>>>>>>>>>>>>>>>>>>>>>>
Request:
simple_mini_leak: OK 
=========================
Session:
Session(Acceptance test,24,1580331624552,Map(gatling.http.ssl.sslContexts -> SslContexts(io.netty.handler.ssl.JdkSslContext@1ec5d73,None), gatling.http.cache.dns -> io.gatling.http.cache.DnsCacheSupport$$anon$1@5898ac4b, gatling.http.cache.baseUrl -> http://localhost:8080),28,OK,List(),io.gatling.core.protocol.ProtocolComponentsRegistry$$Lambda$598/0x000000084055d840@452b12e)
=========================
HTTP request:
GET http://localhost:8080/memory/grow?objects=8&items=54
headers=
Accept: */*
Content-Type: application/json;charset=UTF-8
Accept-Language: en-US,en;q=0.8,nl;q=0.6
User-Agent: Mozilla/5.0 (Windows NT 6.1; WOW64) AppleWebKit/537.36 (KHTML, like Gecko) Chrome/38.0.2125.111 Safari/537.36
accept-encoding: gzip,deflate,sdch
host: localhost:8080
=========================
HTTP response:
status=
200 
headers= 
Content-Type: application/json;charset=UTF-8
Transfer-Encoding: chunked
Date: Wed, 29 Jan 2020 21:00:31 GMT

body=
{"message":"Size of BigFatBastard list is now 11224 objects. It contains 606096 items.","name":"Simple-PropertiesFileName","durationInMillis":2}
<<<<<<<<<<<<<<<<<<<<<<<<<
22:00:31.136 [DEBUG] i.g.c.a.Pause - Pausing for 2873ms (real=2845ms)
22:00:31.552 [DEBUG] i.g.c.c.i.o.OpenWorkload - Injecting 1 users in scenario Acceptance test, continue=true
22:00:31.552 [DEBUG] i.g.h.e.t.HttpTxExecutor - Sending request=simple_cpu_burn uri=http://localhost:8080/cpu/magic-identity-check?matrixSize=133: scenario=Acceptance test, userId=34
22:00:31.552 [DEBUG] i.g.c.c.i.o.OpenWorkload - Start user #34
22:00:31.554 [DEBUG] i.g.h.c.i.HttpAppHandler - Write request WritableRequest{request=DefaultFullHttpRequest(decodeResult: success, version: HTTP/1.1, content: UnpooledByteBufAllocator$InstrumentedUnpooledUnsafeHeapByteBuf(ridx: 0, widx: 0, cap: 0))
GET /cpu/magic-identity-check?matrixSize=133 HTTP/1.1
Accept: */*
Content-Type: application/json;charset=UTF-8
Accept-Language: en-US,en;q=0.8,nl;q=0.6
User-Agent: Mozilla/5.0 (Windows NT 6.1; WOW64) AppleWebKit/537.36 (KHTML, like Gecko) Chrome/38.0.2125.111 Safari/537.36
accept-encoding: gzip,deflate,sdch
host: localhost:8080, content=null}
22:00:31.565 [DEBUG] i.g.h.c.i.HttpAppHandler - Read msg='DefaultHttpResponse(decodeResult: success, version: HTTP/1.1)
HTTP/1.1 200 
Content-Type: application/json;charset=UTF-8
Transfer-Encoding: chunked
Date: Wed, 29 Jan 2020 21:00:31 GMT'
22:00:31.565 [DEBUG] i.g.h.c.i.HttpAppHandler - Read msg='DefaultHttpContent(data: PooledSlicedByteBuf(ridx: 0, widx: 170, cap: 170/170, unwrapped: PooledUnsafeDirectByteBuf(ridx: 304, widx: 309, cap: 1024)), decoderResult: success)'
22:00:31.565 [DEBUG] i.g.h.c.i.HttpAppHandler - Read msg='EmptyLastHttpContent'
22:00:31.566 [TRACE] i.g.h.e.r.DefaultStatsProcessor - 
>>>>>>>>>>>>>>>>>>>>>>>>>>
Request:
simple_cpu_burn: OK 
=========================
Session:
Session(Acceptance test,34,1580331631551,Map(gatling.http.ssl.sslContexts -> SslContexts(io.netty.handler.ssl.JdkSslContext@36323206,None), gatling.http.cache.dns -> io.gatling.http.cache.DnsCacheSupport$$anon$1@5898ac4b, gatling.http.cache.baseUrl -> http://localhost:8080),0,OK,List(),io.gatling.core.protocol.ProtocolComponentsRegistry$$Lambda$598/0x000000084055d840@452b12e)
=========================
HTTP request:
GET http://localhost:8080/cpu/magic-identity-check?matrixSize=133
headers=
Accept: */*
Content-Type: application/json;charset=UTF-8
Accept-Language: en-US,en;q=0.8,nl;q=0.6
User-Agent: Mozilla/5.0 (Windows NT 6.1; WOW64) AppleWebKit/537.36 (KHTML, like Gecko) Chrome/38.0.2125.111 Safari/537.36
accept-encoding: gzip,deflate,sdch
host: localhost:8080
=========================
HTTP response:
status=
200 
headers= 
Content-Type: application/json;charset=UTF-8
Transfer-Encoding: chunked
Date: Wed, 29 Jan 2020 21:00:31 GMT

body=
{"message":"A simple magic square multiplied by an identity square of size [133] [is equal] to the magic square.","name":"Simple-PropertiesFileName","durationInMillis":8}
<<<<<<<<<<<<<<<<<<<<<<<<<
22:00:31.566 [DEBUG] i.g.c.a.Pause - Pausing for 5164ms (real=5163ms)
22:00:31.902 [DEBUG] i.g.h.e.t.HttpTxExecutor - Sending request=simple_delay uri=http://localhost:8080/delay?duration=555: scenario=Acceptance test, userId=30
22:00:31.902 [DEBUG] i.g.h.c.i.HttpAppHandler - Write request WritableRequest{request=DefaultFullHttpRequest(decodeResult: success, version: HTTP/1.1, content: UnpooledByteBufAllocator$InstrumentedUnpooledUnsafeHeapByteBuf(ridx: 0, widx: 0, cap: 0))
GET /delay?duration=555 HTTP/1.1
Accept: */*
Content-Type: application/json;charset=UTF-8
Accept-Language: en-US,en;q=0.8,nl;q=0.6
User-Agent: Mozilla/5.0 (Windows NT 6.1; WOW64) AppleWebKit/537.36 (KHTML, like Gecko) Chrome/38.0.2125.111 Safari/537.36
accept-encoding: gzip,deflate,sdch
host: localhost:8080, content=null}
22:00:32.459 [DEBUG] i.g.h.c.i.HttpAppHandler - Read msg='DefaultHttpResponse(decodeResult: success, version: HTTP/1.1)
HTTP/1.1 200 
Content-Type: application/json;charset=UTF-8
Transfer-Encoding: chunked
Date: Wed, 29 Jan 2020 21:00:32 GMT'
22:00:32.459 [DEBUG] i.g.h.c.i.HttpAppHandler - Read msg='DefaultHttpContent(data: PooledSlicedByteBuf(ridx: 0, widx: 95, cap: 95/95, unwrapped: PooledUnsafeDirectByteBuf(ridx: 229, widx: 234, cap: 1024)), decoderResult: success)'
22:00:32.460 [DEBUG] i.g.h.c.i.HttpAppHandler - Read msg='EmptyLastHttpContent'
22:00:32.461 [TRACE] i.g.h.e.r.DefaultStatsProcessor - 
>>>>>>>>>>>>>>>>>>>>>>>>>>
Request:
simple_delay: OK 
=========================
Session:
Session(Acceptance test,30,1580331629051,Map(gatling.http.ssl.sslContexts -> SslContexts(io.netty.handler.ssl.JdkSslContext@5adb3252,None), gatling.http.cache.dns -> io.gatling.http.cache.DnsCacheSupport$$anon$1@5898ac4b, gatling.http.cache.baseUrl -> http://localhost:8080),21,OK,List(),io.gatling.core.protocol.ProtocolComponentsRegistry$$Lambda$598/0x000000084055d840@452b12e)
=========================
HTTP request:
GET http://localhost:8080/delay?duration=555
headers=
Accept: */*
Content-Type: application/json;charset=UTF-8
Accept-Language: en-US,en;q=0.8,nl;q=0.6
User-Agent: Mozilla/5.0 (Windows NT 6.1; WOW64) AppleWebKit/537.36 (KHTML, like Gecko) Chrome/38.0.2125.111 Safari/537.36
accept-encoding: gzip,deflate,sdch
host: localhost:8080
=========================
HTTP response:
status=
200 
headers= 
Content-Type: application/json;charset=UTF-8
Transfer-Encoding: chunked
Date: Wed, 29 Jan 2020 21:00:32 GMT

body=
{"message":"This was a delay of 555","name":"Simple-PropertiesFileName","durationInMillis":555}
<<<<<<<<<<<<<<<<<<<<<<<<<
22:00:32.461 [DEBUG] i.g.c.a.Pause - Pausing for 2335ms (real=2313ms)
22:00:32.502 [DEBUG] i.g.h.e.t.HttpTxExecutor - Sending request=simple_mini_leak uri=http://localhost:8080/memory/grow?objects=8&items=54: scenario=Acceptance test, userId=29
22:00:32.503 [DEBUG] i.g.h.c.i.HttpAppHandler - Write request WritableRequest{request=DefaultFullHttpRequest(decodeResult: success, version: HTTP/1.1, content: UnpooledByteBufAllocator$InstrumentedUnpooledUnsafeHeapByteBuf(ridx: 0, widx: 0, cap: 0))
GET /memory/grow?objects=8&items=54 HTTP/1.1
Accept: */*
Content-Type: application/json;charset=UTF-8
Accept-Language: en-US,en;q=0.8,nl;q=0.6
User-Agent: Mozilla/5.0 (Windows NT 6.1; WOW64) AppleWebKit/537.36 (KHTML, like Gecko) Chrome/38.0.2125.111 Safari/537.36
accept-encoding: gzip,deflate,sdch
host: localhost:8080, content=null}
22:00:32.511 [DEBUG] i.g.h.c.i.HttpAppHandler - Read msg='DefaultHttpResponse(decodeResult: success, version: HTTP/1.1)
HTTP/1.1 200 
Content-Type: application/json;charset=UTF-8
Transfer-Encoding: chunked
Date: Wed, 29 Jan 2020 21:00:32 GMT'
22:00:32.511 [DEBUG] i.g.h.c.i.HttpAppHandler - Read msg='DefaultHttpContent(data: PooledSlicedByteBuf(ridx: 0, widx: 144, cap: 144/144, unwrapped: PooledUnsafeDirectByteBuf(ridx: 278, widx: 283, cap: 512)), decoderResult: success)'
22:00:32.511 [DEBUG] i.g.h.c.i.HttpAppHandler - Read msg='EmptyLastHttpContent'
22:00:32.512 [TRACE] i.g.h.e.r.DefaultStatsProcessor - 
>>>>>>>>>>>>>>>>>>>>>>>>>>
Request:
simple_mini_leak: OK 
=========================
Session:
Session(Acceptance test,29,1580331628551,Map(gatling.http.ssl.sslContexts -> SslContexts(io.netty.handler.ssl.JdkSslContext@75d36593,None), gatling.http.cache.dns -> io.gatling.http.cache.DnsCacheSupport$$anon$1@5898ac4b, gatling.http.cache.baseUrl -> http://localhost:8080),22,OK,List(),io.gatling.core.protocol.ProtocolComponentsRegistry$$Lambda$598/0x000000084055d840@452b12e)
=========================
HTTP request:
GET http://localhost:8080/memory/grow?objects=8&items=54
headers=
Accept: */*
Content-Type: application/json;charset=UTF-8
Accept-Language: en-US,en;q=0.8,nl;q=0.6
User-Agent: Mozilla/5.0 (Windows NT 6.1; WOW64) AppleWebKit/537.36 (KHTML, like Gecko) Chrome/38.0.2125.111 Safari/537.36
accept-encoding: gzip,deflate,sdch
host: localhost:8080
=========================
HTTP response:
status=
200 
headers= 
Content-Type: application/json;charset=UTF-8
Transfer-Encoding: chunked
Date: Wed, 29 Jan 2020 21:00:32 GMT

body=
{"message":"Size of BigFatBastard list is now 11232 objects. It contains 606528 items.","name":"Simple-PropertiesFileName","durationInMillis":5}
<<<<<<<<<<<<<<<<<<<<<<<<<
22:00:32.513 [DEBUG] i.g.c.a.Pause - Pausing for 562ms (real=539ms)
22:00:32.553 [DEBUG] i.g.h.e.t.HttpTxExecutor - Sending request=simple_cpu_burn uri=http://localhost:8080/cpu/magic-identity-check?matrixSize=133: scenario=Acceptance test, userId=35
22:00:32.553 [DEBUG] i.g.c.c.i.o.OpenWorkload - Start user #35
22:00:32.553 [DEBUG] i.g.c.c.i.o.OpenWorkload - Injecting 2 users in scenario Acceptance test, continue=true
22:00:32.555 [DEBUG] i.g.h.c.i.HttpAppHandler - Write request WritableRequest{request=DefaultFullHttpRequest(decodeResult: success, version: HTTP/1.1, content: UnpooledByteBufAllocator$InstrumentedUnpooledUnsafeHeapByteBuf(ridx: 0, widx: 0, cap: 0))
GET /cpu/magic-identity-check?matrixSize=133 HTTP/1.1
Accept: */*
Content-Type: application/json;charset=UTF-8
Accept-Language: en-US,en;q=0.8,nl;q=0.6
User-Agent: Mozilla/5.0 (Windows NT 6.1; WOW64) AppleWebKit/537.36 (KHTML, like Gecko) Chrome/38.0.2125.111 Safari/537.36
accept-encoding: gzip,deflate,sdch
host: localhost:8080, content=null}
22:00:32.567 [DEBUG] i.g.h.c.i.HttpAppHandler - Read msg='DefaultHttpResponse(decodeResult: success, version: HTTP/1.1)
HTTP/1.1 200 
Content-Type: application/json;charset=UTF-8
Transfer-Encoding: chunked
Date: Wed, 29 Jan 2020 21:00:32 GMT'
22:00:32.567 [DEBUG] i.g.h.c.i.HttpAppHandler - Read msg='DefaultHttpContent(data: PooledSlicedByteBuf(ridx: 0, widx: 170, cap: 170/170, unwrapped: PooledUnsafeDirectByteBuf(ridx: 304, widx: 309, cap: 1024)), decoderResult: success)'
22:00:32.568 [DEBUG] i.g.h.c.i.HttpAppHandler - Read msg='EmptyLastHttpContent'
22:00:32.568 [TRACE] i.g.h.e.r.DefaultStatsProcessor - 
>>>>>>>>>>>>>>>>>>>>>>>>>>
Request:
simple_cpu_burn: OK 
=========================
Session:
Session(Acceptance test,35,1580331632552,Map(gatling.http.ssl.sslContexts -> SslContexts(io.netty.handler.ssl.JdkSslContext@10b99dbc,None), gatling.http.cache.dns -> io.gatling.http.cache.DnsCacheSupport$$anon$1@5898ac4b, gatling.http.cache.baseUrl -> http://localhost:8080),0,OK,List(),io.gatling.core.protocol.ProtocolComponentsRegistry$$Lambda$598/0x000000084055d840@452b12e)
=========================
HTTP request:
GET http://localhost:8080/cpu/magic-identity-check?matrixSize=133
headers=
Accept: */*
Content-Type: application/json;charset=UTF-8
Accept-Language: en-US,en;q=0.8,nl;q=0.6
User-Agent: Mozilla/5.0 (Windows NT 6.1; WOW64) AppleWebKit/537.36 (KHTML, like Gecko) Chrome/38.0.2125.111 Safari/537.36
accept-encoding: gzip,deflate,sdch
host: localhost:8080
=========================
HTTP response:
status=
200 
headers= 
Content-Type: application/json;charset=UTF-8
Transfer-Encoding: chunked
Date: Wed, 29 Jan 2020 21:00:32 GMT

body=
{"message":"A simple magic square multiplied by an identity square of size [133] [is equal] to the magic square.","name":"Simple-PropertiesFileName","durationInMillis":9}
<<<<<<<<<<<<<<<<<<<<<<<<<
22:00:32.569 [DEBUG] i.g.c.a.Pause - Pausing for 15982ms (real=15982ms)
22:00:32.632 [DEBUG] i.g.h.e.t.HttpTxExecutor - Sending request=simple_delay uri=http://localhost:8080/delay?duration=555: scenario=Acceptance test, userId=32
22:00:32.633 [DEBUG] i.g.h.c.i.HttpAppHandler - Write request WritableRequest{request=DefaultFullHttpRequest(decodeResult: success, version: HTTP/1.1, content: UnpooledByteBufAllocator$InstrumentedUnpooledUnsafeHeapByteBuf(ridx: 0, widx: 0, cap: 0))
GET /delay?duration=555 HTTP/1.1
Accept: */*
Content-Type: application/json;charset=UTF-8
Accept-Language: en-US,en;q=0.8,nl;q=0.6
User-Agent: Mozilla/5.0 (Windows NT 6.1; WOW64) AppleWebKit/537.36 (KHTML, like Gecko) Chrome/38.0.2125.111 Safari/537.36
accept-encoding: gzip,deflate,sdch
host: localhost:8080, content=null}
22:00:33.052 [DEBUG] i.g.h.e.t.HttpTxExecutor - Sending request=simple_cpu_burn uri=http://localhost:8080/cpu/magic-identity-check?matrixSize=133: scenario=Acceptance test, userId=36
22:00:33.052 [DEBUG] i.g.c.c.i.o.OpenWorkload - Start user #36
22:00:33.054 [DEBUG] i.g.h.c.i.HttpAppHandler - Write request WritableRequest{request=DefaultFullHttpRequest(decodeResult: success, version: HTTP/1.1, content: UnpooledByteBufAllocator$InstrumentedUnpooledUnsafeHeapByteBuf(ridx: 0, widx: 0, cap: 0))
GET /cpu/magic-identity-check?matrixSize=133 HTTP/1.1
Accept: */*
Content-Type: application/json;charset=UTF-8
Accept-Language: en-US,en;q=0.8,nl;q=0.6
User-Agent: Mozilla/5.0 (Windows NT 6.1; WOW64) AppleWebKit/537.36 (KHTML, like Gecko) Chrome/38.0.2125.111 Safari/537.36
accept-encoding: gzip,deflate,sdch
host: localhost:8080, content=null}
22:00:33.065 [DEBUG] i.g.h.c.i.HttpAppHandler - Read msg='DefaultHttpResponse(decodeResult: success, version: HTTP/1.1)
HTTP/1.1 200 
Content-Type: application/json;charset=UTF-8
Transfer-Encoding: chunked
Date: Wed, 29 Jan 2020 21:00:32 GMT'
22:00:33.065 [DEBUG] i.g.h.c.i.HttpAppHandler - Read msg='DefaultHttpContent(data: PooledSlicedByteBuf(ridx: 0, widx: 170, cap: 170/170, unwrapped: PooledUnsafeDirectByteBuf(ridx: 304, widx: 309, cap: 1024)), decoderResult: success)'
22:00:33.065 [DEBUG] i.g.h.c.i.HttpAppHandler - Read msg='EmptyLastHttpContent'
22:00:33.066 [TRACE] i.g.h.e.r.DefaultStatsProcessor - 
>>>>>>>>>>>>>>>>>>>>>>>>>>
Request:
simple_cpu_burn: OK 
=========================
Session:
Session(Acceptance test,36,1580331633051,Map(gatling.http.ssl.sslContexts -> SslContexts(io.netty.handler.ssl.JdkSslContext@6a773251,None), gatling.http.cache.dns -> io.gatling.http.cache.DnsCacheSupport$$anon$1@5898ac4b, gatling.http.cache.baseUrl -> http://localhost:8080),0,OK,List(),io.gatling.core.protocol.ProtocolComponentsRegistry$$Lambda$598/0x000000084055d840@452b12e)
=========================
HTTP request:
GET http://localhost:8080/cpu/magic-identity-check?matrixSize=133
headers=
Accept: */*
Content-Type: application/json;charset=UTF-8
Accept-Language: en-US,en;q=0.8,nl;q=0.6
User-Agent: Mozilla/5.0 (Windows NT 6.1; WOW64) AppleWebKit/537.36 (KHTML, like Gecko) Chrome/38.0.2125.111 Safari/537.36
accept-encoding: gzip,deflate,sdch
host: localhost:8080
=========================
HTTP response:
status=
200 
headers= 
Content-Type: application/json;charset=UTF-8
Transfer-Encoding: chunked
Date: Wed, 29 Jan 2020 21:00:32 GMT

body=
{"message":"A simple magic square multiplied by an identity square of size [133] [is equal] to the magic square.","name":"Simple-PropertiesFileName","durationInMillis":8}
<<<<<<<<<<<<<<<<<<<<<<<<<
22:00:33.066 [DEBUG] i.g.c.a.Pause - Pausing for 1945ms (real=1945ms)
22:00:33.072 [DEBUG] i.g.h.e.t.HttpTxExecutor - Sending request=upload-file uri=http://localhost:8080/files/upload: scenario=Acceptance test, userId=29
22:00:33.073 [DEBUG] i.g.h.c.i.HttpAppHandler - Write request WritableRequest{request=DefaultHttpRequest(decodeResult: success, version: HTTP/1.1)
POST /files/upload HTTP/1.1
Accept: */*
Accept-Language: en-US,en;q=0.8,nl;q=0.6
User-Agent: Mozilla/5.0 (Windows NT 6.1; WOW64) AppleWebKit/537.36 (KHTML, like Gecko) Chrome/38.0.2125.111 Safari/537.36
accept-encoding: gzip,deflate,sdch
host: localhost:8080
content-type: multipart/form-data; boundary=JdjpFFVOhM93Fj-y1YWFcTbhed_NeGnvClB
content-length: 220, content=io.gatling.http.client.body.multipart.impl.MultipartFileRegion@3fcd4995}
22:00:33.076 [DEBUG] i.g.h.c.i.HttpAppHandler - Read msg='DefaultHttpResponse(decodeResult: success, version: HTTP/1.1)
HTTP/1.1 200 
Content-Type: text/plain;charset=UTF-8
Content-Length: 62
Date: Wed, 29 Jan 2020 21:00:32 GMT'
22:00:33.077 [DEBUG] i.g.h.c.i.HttpAppHandler - Read msg='DefaultLastHttpContent(data: PooledSlicedByteBuf(ridx: 0, widx: 62, cap: 62/62, unwrapped: PooledUnsafeDirectByteBuf(ridx: 176, widx: 176, cap: 512)), decoderResult: success)'
22:00:33.077 [TRACE] i.g.h.e.r.DefaultStatsProcessor - 
>>>>>>>>>>>>>>>>>>>>>>>>>>
Request:
upload-file: OK 
=========================
Session:
Session(Acceptance test,29,1580331628551,Map(gatling.http.ssl.sslContexts -> SslContexts(io.netty.handler.ssl.JdkSslContext@75d36593,None), gatling.http.cache.dns -> io.gatling.http.cache.DnsCacheSupport$$anon$1@5898ac4b, gatling.http.cache.baseUrl -> http://localhost:8080),19,OK,List(),io.gatling.core.protocol.ProtocolComponentsRegistry$$Lambda$598/0x000000084055d840@452b12e)
=========================
HTTP request:
POST http://localhost:8080/files/upload
headers=
Accept: */*
Accept-Language: en-US,en;q=0.8,nl;q=0.6
User-Agent: Mozilla/5.0 (Windows NT 6.1; WOW64) AppleWebKit/537.36 (KHTML, like Gecko) Chrome/38.0.2125.111 Safari/537.36
accept-encoding: gzip,deflate,sdch
host: localhost:8080
content-type: multipart/form-data; boundary=JdjpFFVOhM93Fj-y1YWFcTbhed_NeGnvClB
content-length: 220
multipartBody=
ByteArrayPart: name=upload contentType=text/plain dispositionType=null charset=UTF-8 transferEncoding=null contentId=null filename=gatling-upload.txt
=========================
HTTP response:
status=
200 
headers= 
Content-Type: text/plain;charset=UTF-8
Content-Length: 62
Date: Wed, 29 Jan 2020 21:00:32 GMT

body=
File upload succeeded [gatling-upload.txt] of size [17] bytes.
<<<<<<<<<<<<<<<<<<<<<<<<<
22:00:33.077 [DEBUG] i.g.c.a.Exit - End user #29
22:00:33.078 [DEBUG] i.g.c.c.i.Injector - End user #29
22:00:33.172 [DEBUG] i.g.h.e.t.HttpTxExecutor - Sending request=simple_delay uri=http://localhost:8080/delay?duration=555: scenario=Acceptance test, userId=31
22:00:33.173 [DEBUG] i.g.h.c.i.HttpAppHandler - Write request WritableRequest{request=DefaultFullHttpRequest(decodeResult: success, version: HTTP/1.1, content: UnpooledByteBufAllocator$InstrumentedUnpooledUnsafeHeapByteBuf(ridx: 0, widx: 0, cap: 0))
GET /delay?duration=555 HTTP/1.1
Accept: */*
Content-Type: application/json;charset=UTF-8
Accept-Language: en-US,en;q=0.8,nl;q=0.6
User-Agent: Mozilla/5.0 (Windows NT 6.1; WOW64) AppleWebKit/537.36 (KHTML, like Gecko) Chrome/38.0.2125.111 Safari/537.36
accept-encoding: gzip,deflate,sdch
host: localhost:8080, content=null}
22:00:33.191 [DEBUG] i.g.h.c.i.HttpAppHandler - Read msg='DefaultHttpResponse(decodeResult: success, version: HTTP/1.1)
HTTP/1.1 200 
Content-Type: application/json;charset=UTF-8
Transfer-Encoding: chunked
Date: Wed, 29 Jan 2020 21:00:32 GMT'
22:00:33.191 [DEBUG] i.g.h.c.i.HttpAppHandler - Read msg='DefaultHttpContent(data: PooledSlicedByteBuf(ridx: 0, widx: 95, cap: 95/95, unwrapped: PooledUnsafeDirectByteBuf(ridx: 229, widx: 234, cap: 1024)), decoderResult: success)'
22:00:33.191 [DEBUG] i.g.h.c.i.HttpAppHandler - Read msg='EmptyLastHttpContent'
22:00:33.191 [TRACE] i.g.h.e.r.DefaultStatsProcessor - 
>>>>>>>>>>>>>>>>>>>>>>>>>>
Request:
simple_delay: OK 
=========================
Session:
Session(Acceptance test,32,1580331630552,Map(gatling.http.ssl.sslContexts -> SslContexts(io.netty.handler.ssl.JdkSslContext@153b8b2,None), gatling.http.cache.dns -> io.gatling.http.cache.DnsCacheSupport$$anon$1@5898ac4b, gatling.http.cache.baseUrl -> http://localhost:8080),22,OK,List(),io.gatling.core.protocol.ProtocolComponentsRegistry$$Lambda$598/0x000000084055d840@452b12e)
=========================
HTTP request:
GET http://localhost:8080/delay?duration=555
headers=
Accept: */*
Content-Type: application/json;charset=UTF-8
Accept-Language: en-US,en;q=0.8,nl;q=0.6
User-Agent: Mozilla/5.0 (Windows NT 6.1; WOW64) AppleWebKit/537.36 (KHTML, like Gecko) Chrome/38.0.2125.111 Safari/537.36
accept-encoding: gzip,deflate,sdch
host: localhost:8080
=========================
HTTP response:
status=
200 
headers= 
Content-Type: application/json;charset=UTF-8
Transfer-Encoding: chunked
Date: Wed, 29 Jan 2020 21:00:32 GMT

body=
{"message":"This was a delay of 555","name":"Simple-PropertiesFileName","durationInMillis":555}
<<<<<<<<<<<<<<<<<<<<<<<<<
22:00:33.192 [DEBUG] i.g.c.a.Pause - Pausing for 6335ms (real=6313ms)
22:00:33.412 [DEBUG] i.g.h.e.t.HttpTxExecutor - Sending request=upload-file uri=http://localhost:8080/files/upload: scenario=Acceptance test, userId=27
22:00:33.413 [DEBUG] i.g.h.c.i.HttpAppHandler - Write request WritableRequest{request=DefaultHttpRequest(decodeResult: success, version: HTTP/1.1)
POST /files/upload HTTP/1.1
Accept: */*
Accept-Language: en-US,en;q=0.8,nl;q=0.6
User-Agent: Mozilla/5.0 (Windows NT 6.1; WOW64) AppleWebKit/537.36 (KHTML, like Gecko) Chrome/38.0.2125.111 Safari/537.36
accept-encoding: gzip,deflate,sdch
host: localhost:8080
content-type: multipart/form-data; boundary=5fos02kmQptFOvZ56jj4xi6bdCS5Qj8SIL2
content-length: 220, content=io.gatling.http.client.body.multipart.impl.MultipartFileRegion@5f22ff6}
22:00:33.416 [DEBUG] i.g.h.c.i.HttpAppHandler - Read msg='DefaultHttpResponse(decodeResult: success, version: HTTP/1.1)
HTTP/1.1 200 
Content-Type: text/plain;charset=UTF-8
Content-Length: 62
Date: Wed, 29 Jan 2020 21:00:32 GMT'
22:00:33.416 [DEBUG] i.g.h.c.i.HttpAppHandler - Read msg='DefaultLastHttpContent(data: PooledSlicedByteBuf(ridx: 0, widx: 62, cap: 62/62, unwrapped: PooledUnsafeDirectByteBuf(ridx: 176, widx: 176, cap: 496)), decoderResult: success)'
22:00:33.417 [TRACE] i.g.h.e.r.DefaultStatsProcessor - 
>>>>>>>>>>>>>>>>>>>>>>>>>>
Request:
upload-file: OK 
=========================
Session:
Session(Acceptance test,27,1580331626552,Map(gatling.http.ssl.sslContexts -> SslContexts(io.netty.handler.ssl.JdkSslContext@e216e93,None), gatling.http.cache.dns -> io.gatling.http.cache.DnsCacheSupport$$anon$1@5898ac4b, gatling.http.cache.baseUrl -> http://localhost:8080),15,OK,List(),io.gatling.core.protocol.ProtocolComponentsRegistry$$Lambda$598/0x000000084055d840@452b12e)
=========================
HTTP request:
POST http://localhost:8080/files/upload
headers=
Accept: */*
Accept-Language: en-US,en;q=0.8,nl;q=0.6
User-Agent: Mozilla/5.0 (Windows NT 6.1; WOW64) AppleWebKit/537.36 (KHTML, like Gecko) Chrome/38.0.2125.111 Safari/537.36
accept-encoding: gzip,deflate,sdch
host: localhost:8080
content-type: multipart/form-data; boundary=5fos02kmQptFOvZ56jj4xi6bdCS5Qj8SIL2
content-length: 220
multipartBody=
ByteArrayPart: name=upload contentType=text/plain dispositionType=null charset=UTF-8 transferEncoding=null contentId=null filename=gatling-upload.txt
=========================
HTTP response:
status=
200 
headers= 
Content-Type: text/plain;charset=UTF-8
Content-Length: 62
Date: Wed, 29 Jan 2020 21:00:32 GMT

body=
File upload succeeded [gatling-upload.txt] of size [17] bytes.
<<<<<<<<<<<<<<<<<<<<<<<<<
22:00:33.417 [DEBUG] i.g.c.a.Exit - End user #27
22:00:33.418 [DEBUG] i.g.c.c.i.Injector - End user #27
22:00:33.553 [DEBUG] i.g.c.c.i.o.OpenWorkload - Injecting 1 users in scenario Acceptance test, continue=true
22:00:33.553 [DEBUG] i.g.h.e.t.HttpTxExecutor - Sending request=simple_cpu_burn uri=http://localhost:8080/cpu/magic-identity-check?matrixSize=133: scenario=Acceptance test, userId=37
22:00:33.553 [DEBUG] i.g.c.c.i.o.OpenWorkload - Start user #37
22:00:33.554 [DEBUG] i.g.h.c.i.HttpAppHandler - Write request WritableRequest{request=DefaultFullHttpRequest(decodeResult: success, version: HTTP/1.1, content: UnpooledByteBufAllocator$InstrumentedUnpooledUnsafeHeapByteBuf(ridx: 0, widx: 0, cap: 0))
GET /cpu/magic-identity-check?matrixSize=133 HTTP/1.1
Accept: */*
Content-Type: application/json;charset=UTF-8
Accept-Language: en-US,en;q=0.8,nl;q=0.6
User-Agent: Mozilla/5.0 (Windows NT 6.1; WOW64) AppleWebKit/537.36 (KHTML, like Gecko) Chrome/38.0.2125.111 Safari/537.36
accept-encoding: gzip,deflate,sdch
host: localhost:8080, content=null}
22:00:33.565 [DEBUG] i.g.h.c.i.HttpAppHandler - Read msg='DefaultHttpResponse(decodeResult: success, version: HTTP/1.1)
HTTP/1.1 200 
Content-Type: application/json;charset=UTF-8
Transfer-Encoding: chunked
Date: Wed, 29 Jan 2020 21:00:33 GMT'
22:00:33.566 [DEBUG] i.g.h.c.i.HttpAppHandler - Read msg='DefaultHttpContent(data: PooledSlicedByteBuf(ridx: 0, widx: 170, cap: 170/170, unwrapped: PooledUnsafeDirectByteBuf(ridx: 304, widx: 309, cap: 1024)), decoderResult: success)'
22:00:33.566 [DEBUG] i.g.h.c.i.HttpAppHandler - Read msg='EmptyLastHttpContent'
22:00:33.566 [TRACE] i.g.h.e.r.DefaultStatsProcessor - 
>>>>>>>>>>>>>>>>>>>>>>>>>>
Request:
simple_cpu_burn: OK 
=========================
Session:
Session(Acceptance test,37,1580331633552,Map(gatling.http.ssl.sslContexts -> SslContexts(io.netty.handler.ssl.JdkSslContext@1bd77936,None), gatling.http.cache.dns -> io.gatling.http.cache.DnsCacheSupport$$anon$1@5898ac4b, gatling.http.cache.baseUrl -> http://localhost:8080),0,OK,List(),io.gatling.core.protocol.ProtocolComponentsRegistry$$Lambda$598/0x000000084055d840@452b12e)
=========================
HTTP request:
GET http://localhost:8080/cpu/magic-identity-check?matrixSize=133
headers=
Accept: */*
Content-Type: application/json;charset=UTF-8
Accept-Language: en-US,en;q=0.8,nl;q=0.6
User-Agent: Mozilla/5.0 (Windows NT 6.1; WOW64) AppleWebKit/537.36 (KHTML, like Gecko) Chrome/38.0.2125.111 Safari/537.36
accept-encoding: gzip,deflate,sdch
host: localhost:8080
=========================
HTTP response:
status=
200 
headers= 
Content-Type: application/json;charset=UTF-8
Transfer-Encoding: chunked
Date: Wed, 29 Jan 2020 21:00:33 GMT

body=
{"message":"A simple magic square multiplied by an identity square of size [133] [is equal] to the magic square.","name":"Simple-PropertiesFileName","durationInMillis":9}
<<<<<<<<<<<<<<<<<<<<<<<<<
22:00:33.567 [DEBUG] i.g.c.a.Pause - Pausing for 51ms (real=50ms)
22:00:33.632 [DEBUG] i.g.h.e.t.HttpTxExecutor - Sending request=simple_delay uri=http://localhost:8080/delay?duration=555: scenario=Acceptance test, userId=37
22:00:33.633 [DEBUG] i.g.h.c.i.HttpAppHandler - Write request WritableRequest{request=DefaultFullHttpRequest(decodeResult: success, version: HTTP/1.1, content: UnpooledByteBufAllocator$InstrumentedUnpooledUnsafeHeapByteBuf(ridx: 0, widx: 0, cap: 0))
GET /delay?duration=555 HTTP/1.1
Accept: */*
Content-Type: application/json;charset=UTF-8
Accept-Language: en-US,en;q=0.8,nl;q=0.6
User-Agent: Mozilla/5.0 (Windows NT 6.1; WOW64) AppleWebKit/537.36 (KHTML, like Gecko) Chrome/38.0.2125.111 Safari/537.36
accept-encoding: gzip,deflate,sdch
host: localhost:8080, content=null}
22:00:33.672 [DEBUG] i.g.h.e.t.HttpTxExecutor - Sending request=upload-file uri=http://localhost:8080/files/upload: scenario=Acceptance test, userId=22
22:00:33.672 [DEBUG] i.g.h.c.i.HttpAppHandler - Write request WritableRequest{request=DefaultHttpRequest(decodeResult: success, version: HTTP/1.1)
POST /files/upload HTTP/1.1
Accept: */*
Accept-Language: en-US,en;q=0.8,nl;q=0.6
User-Agent: Mozilla/5.0 (Windows NT 6.1; WOW64) AppleWebKit/537.36 (KHTML, like Gecko) Chrome/38.0.2125.111 Safari/537.36
accept-encoding: gzip,deflate,sdch
host: localhost:8080
content-type: multipart/form-data; boundary=EFCFjzCoSLNueoWpA0KBOSzwwScsbqB2pJn
content-length: 220, content=io.gatling.http.client.body.multipart.impl.MultipartFileRegion@5296fd20}
22:00:33.676 [DEBUG] i.g.h.c.i.HttpAppHandler - Read msg='DefaultHttpResponse(decodeResult: success, version: HTTP/1.1)
HTTP/1.1 200 
Content-Type: text/plain;charset=UTF-8
Content-Length: 62
Date: Wed, 29 Jan 2020 21:00:33 GMT'
22:00:33.676 [DEBUG] i.g.h.c.i.HttpAppHandler - Read msg='DefaultLastHttpContent(data: PooledSlicedByteBuf(ridx: 0, widx: 62, cap: 62/62, unwrapped: PooledUnsafeDirectByteBuf(ridx: 176, widx: 176, cap: 512)), decoderResult: success)'
22:00:33.677 [TRACE] i.g.h.e.r.DefaultStatsProcessor - 
>>>>>>>>>>>>>>>>>>>>>>>>>>
Request:
upload-file: OK 
=========================
Session:
Session(Acceptance test,22,1580331623051,Map(gatling.http.ssl.sslContexts -> SslContexts(io.netty.handler.ssl.JdkSslContext@179471b6,None), gatling.http.cache.dns -> io.gatling.http.cache.DnsCacheSupport$$anon$1@5898ac4b, gatling.http.cache.baseUrl -> http://localhost:8080),15,OK,List(),io.gatling.core.protocol.ProtocolComponentsRegistry$$Lambda$598/0x000000084055d840@452b12e)
=========================
HTTP request:
POST http://localhost:8080/files/upload
headers=
Accept: */*
Accept-Language: en-US,en;q=0.8,nl;q=0.6
User-Agent: Mozilla/5.0 (Windows NT 6.1; WOW64) AppleWebKit/537.36 (KHTML, like Gecko) Chrome/38.0.2125.111 Safari/537.36
accept-encoding: gzip,deflate,sdch
host: localhost:8080
content-type: multipart/form-data; boundary=EFCFjzCoSLNueoWpA0KBOSzwwScsbqB2pJn
content-length: 220
multipartBody=
ByteArrayPart: name=upload contentType=text/plain dispositionType=null charset=UTF-8 transferEncoding=null contentId=null filename=gatling-upload.txt
=========================
HTTP response:
status=
200 
headers= 
Content-Type: text/plain;charset=UTF-8
Content-Length: 62
Date: Wed, 29 Jan 2020 21:00:33 GMT

body=
File upload succeeded [gatling-upload.txt] of size [17] bytes.
<<<<<<<<<<<<<<<<<<<<<<<<<
22:00:33.677 [DEBUG] i.g.c.a.Exit - End user #22
22:00:33.678 [DEBUG] i.g.c.c.i.Injector - End user #22
22:00:33.702 [DEBUG] i.g.h.e.t.HttpTxExecutor - Sending request=simple_mini_leak uri=http://localhost:8080/memory/grow?objects=8&items=54: scenario=Acceptance test, userId=25
22:00:33.702 [DEBUG] i.g.h.e.t.HttpTxExecutor - Sending request=simple_mini_leak uri=http://localhost:8080/memory/grow?objects=8&items=54: scenario=Acceptance test, userId=28
22:00:33.703 [DEBUG] i.g.h.c.i.HttpAppHandler - Write request WritableRequest{request=DefaultFullHttpRequest(decodeResult: success, version: HTTP/1.1, content: UnpooledByteBufAllocator$InstrumentedUnpooledUnsafeHeapByteBuf(ridx: 0, widx: 0, cap: 0))
GET /memory/grow?objects=8&items=54 HTTP/1.1
Accept: */*
Content-Type: application/json;charset=UTF-8
Accept-Language: en-US,en;q=0.8,nl;q=0.6
User-Agent: Mozilla/5.0 (Windows NT 6.1; WOW64) AppleWebKit/537.36 (KHTML, like Gecko) Chrome/38.0.2125.111 Safari/537.36
accept-encoding: gzip,deflate,sdch
host: localhost:8080, content=null}
22:00:33.703 [DEBUG] i.g.h.c.i.HttpAppHandler - Write request WritableRequest{request=DefaultFullHttpRequest(decodeResult: success, version: HTTP/1.1, content: UnpooledByteBufAllocator$InstrumentedUnpooledUnsafeHeapByteBuf(ridx: 0, widx: 0, cap: 0))
GET /memory/grow?objects=8&items=54 HTTP/1.1
Accept: */*
Content-Type: application/json;charset=UTF-8
Accept-Language: en-US,en;q=0.8,nl;q=0.6
User-Agent: Mozilla/5.0 (Windows NT 6.1; WOW64) AppleWebKit/537.36 (KHTML, like Gecko) Chrome/38.0.2125.111 Safari/537.36
accept-encoding: gzip,deflate,sdch
host: localhost:8080, content=null}
22:00:33.710 [DEBUG] i.g.h.c.i.HttpAppHandler - Read msg='DefaultHttpResponse(decodeResult: success, version: HTTP/1.1)
HTTP/1.1 200 
Content-Type: application/json;charset=UTF-8
Transfer-Encoding: chunked
Date: Wed, 29 Jan 2020 21:00:33 GMT'
22:00:33.710 [DEBUG] i.g.h.c.i.HttpAppHandler - Read msg='DefaultHttpContent(data: PooledSlicedByteBuf(ridx: 0, widx: 144, cap: 144/144, unwrapped: PooledUnsafeDirectByteBuf(ridx: 278, widx: 283, cap: 512)), decoderResult: success)'
22:00:33.710 [DEBUG] i.g.h.c.i.HttpAppHandler - Read msg='EmptyLastHttpContent'
22:00:33.711 [TRACE] i.g.h.e.r.DefaultStatsProcessor - 
>>>>>>>>>>>>>>>>>>>>>>>>>>
Request:
simple_mini_leak: OK 
=========================
Session:
Session(Acceptance test,25,1580331625551,Map(gatling.http.ssl.sslContexts -> SslContexts(io.netty.handler.ssl.JdkSslContext@5d8156f,None), gatling.http.cache.dns -> io.gatling.http.cache.DnsCacheSupport$$anon$1@5898ac4b, gatling.http.cache.baseUrl -> http://localhost:8080),23,OK,List(),io.gatling.core.protocol.ProtocolComponentsRegistry$$Lambda$598/0x000000084055d840@452b12e)
=========================
HTTP request:
GET http://localhost:8080/memory/grow?objects=8&items=54
headers=
Accept: */*
Content-Type: application/json;charset=UTF-8
Accept-Language: en-US,en;q=0.8,nl;q=0.6
User-Agent: Mozilla/5.0 (Windows NT 6.1; WOW64) AppleWebKit/537.36 (KHTML, like Gecko) Chrome/38.0.2125.111 Safari/537.36
accept-encoding: gzip,deflate,sdch
host: localhost:8080
=========================
HTTP response:
status=
200 
headers= 
Content-Type: application/json;charset=UTF-8
Transfer-Encoding: chunked
Date: Wed, 29 Jan 2020 21:00:33 GMT

body=
{"message":"Size of BigFatBastard list is now 11248 objects. It contains 607392 items.","name":"Simple-PropertiesFileName","durationInMillis":5}
<<<<<<<<<<<<<<<<<<<<<<<<<
22:00:33.711 [DEBUG] i.g.c.a.Pause - Pausing for 6537ms (real=6513ms)
22:00:33.715 [DEBUG] i.g.h.c.i.HttpAppHandler - Read msg='DefaultHttpResponse(decodeResult: success, version: HTTP/1.1)
HTTP/1.1 500 
Content-Type: application/json;charset=UTF-8
Transfer-Encoding: chunked
Date: Wed, 29 Jan 2020 21:00:33 GMT
Connection: close'
22:00:33.715 [DEBUG] i.g.h.c.i.HttpAppHandler - Read msg='DefaultHttpContent(data: PooledSlicedByteBuf(ridx: 0, widx: 185, cap: 185/185, unwrapped: PooledUnsafeDirectByteBuf(ridx: 338, widx: 338, cap: 512)), decoderResult: success)'
22:00:33.715 [DEBUG] i.g.h.c.i.HttpAppHandler - Read msg='EmptyLastHttpContent'
22:00:33.719 [WARN ] i.g.h.e.r.DefaultStatsProcessor - Request 'simple_mini_leak' failed for user 28: status.find.is(200), but actually found 500
22:00:33.719 [TRACE] i.g.h.e.r.DefaultStatsProcessor - 
>>>>>>>>>>>>>>>>>>>>>>>>>>
Request:
simple_mini_leak: KO status.find.is(200), but actually found 500
=========================
Session:
Session(Acceptance test,28,1580331627551,Map(gatling.http.ssl.sslContexts -> SslContexts(io.netty.handler.ssl.JdkSslContext@49329adc,None), gatling.http.cache.dns -> io.gatling.http.cache.DnsCacheSupport$$anon$1@5898ac4b, gatling.http.cache.baseUrl -> http://localhost:8080),27,KO,List(),io.gatling.core.protocol.ProtocolComponentsRegistry$$Lambda$598/0x000000084055d840@452b12e)
=========================
HTTP request:
GET http://localhost:8080/memory/grow?objects=8&items=54
headers=
Accept: */*
Content-Type: application/json;charset=UTF-8
Accept-Language: en-US,en;q=0.8,nl;q=0.6
User-Agent: Mozilla/5.0 (Windows NT 6.1; WOW64) AppleWebKit/537.36 (KHTML, like Gecko) Chrome/38.0.2125.111 Safari/537.36
accept-encoding: gzip,deflate,sdch
host: localhost:8080
=========================
HTTP response:
status=
500 
headers= 
Content-Type: application/json;charset=UTF-8
Transfer-Encoding: chunked
Date: Wed, 29 Jan 2020 21:00:33 GMT
Connection: close

body=
{"developerMessage":"ConcurrentModificationException: [java.util.ConcurrentModificationException]","userMessage":"The afterburner failed for the following reason: null","errorCode":500}
<<<<<<<<<<<<<<<<<<<<<<<<<
22:00:33.719 [DEBUG] i.g.c.a.Pause - Pausing for 6846ms (real=6815ms)
22:00:33.731 [DEBUG] i.g.h.c.i.HttpAppHandler - Read msg='DefaultHttpResponse(decodeResult: success, version: HTTP/1.1)
HTTP/1.1 200 
Content-Type: application/json;charset=UTF-8
Transfer-Encoding: chunked
Date: Wed, 29 Jan 2020 21:00:33 GMT'
22:00:33.731 [DEBUG] i.g.h.c.i.HttpAppHandler - Read msg='DefaultHttpContent(data: PooledSlicedByteBuf(ridx: 0, widx: 95, cap: 95/95, unwrapped: PooledUnsafeDirectByteBuf(ridx: 229, widx: 229, cap: 1024)), decoderResult: success)'
22:00:33.731 [DEBUG] i.g.h.c.i.HttpAppHandler - Read msg='EmptyLastHttpContent'
22:00:33.732 [TRACE] i.g.h.e.r.DefaultStatsProcessor - 
>>>>>>>>>>>>>>>>>>>>>>>>>>
Request:
simple_delay: OK 
=========================
Session:
Session(Acceptance test,31,1580331629551,Map(gatling.http.ssl.sslContexts -> SslContexts(io.netty.handler.ssl.JdkSslContext@221ede19,None), gatling.http.cache.dns -> io.gatling.http.cache.DnsCacheSupport$$anon$1@5898ac4b, gatling.http.cache.baseUrl -> http://localhost:8080),24,OK,List(),io.gatling.core.protocol.ProtocolComponentsRegistry$$Lambda$598/0x000000084055d840@452b12e)
=========================
HTTP request:
GET http://localhost:8080/delay?duration=555
headers=
Accept: */*
Content-Type: application/json;charset=UTF-8
Accept-Language: en-US,en;q=0.8,nl;q=0.6
User-Agent: Mozilla/5.0 (Windows NT 6.1; WOW64) AppleWebKit/537.36 (KHTML, like Gecko) Chrome/38.0.2125.111 Safari/537.36
accept-encoding: gzip,deflate,sdch
host: localhost:8080
=========================
HTTP response:
status=
200 
headers= 
Content-Type: application/json;charset=UTF-8
Transfer-Encoding: chunked
Date: Wed, 29 Jan 2020 21:00:33 GMT

body=
{"message":"This was a delay of 555","name":"Simple-PropertiesFileName","durationInMillis":555}
<<<<<<<<<<<<<<<<<<<<<<<<<
22:00:33.732 [DEBUG] i.g.c.a.Pause - Pausing for 5203ms (real=5179ms)
22:00:33.772 [DEBUG] i.g.h.e.t.HttpTxExecutor - Sending request=upload-file uri=http://localhost:8080/files/upload: scenario=Acceptance test, userId=21
22:00:33.773 [DEBUG] i.g.h.c.i.HttpAppHandler - Write request WritableRequest{request=DefaultHttpRequest(decodeResult: success, version: HTTP/1.1)
POST /files/upload HTTP/1.1
Accept: */*
Accept-Language: en-US,en;q=0.8,nl;q=0.6
User-Agent: Mozilla/5.0 (Windows NT 6.1; WOW64) AppleWebKit/537.36 (KHTML, like Gecko) Chrome/38.0.2125.111 Safari/537.36
accept-encoding: gzip,deflate,sdch
host: localhost:8080
content-type: multipart/form-data; boundary=4PfDCIALoObBxrOLfPANElMD0IaBumII-bj
content-length: 220, content=io.gatling.http.client.body.multipart.impl.MultipartFileRegion@3900c73c}
22:00:33.775 [DEBUG] i.g.h.c.i.HttpAppHandler - Read msg='DefaultHttpResponse(decodeResult: success, version: HTTP/1.1)
HTTP/1.1 200 
Content-Type: text/plain;charset=UTF-8
Content-Length: 62
Date: Wed, 29 Jan 2020 21:00:33 GMT'
22:00:33.775 [DEBUG] i.g.h.c.i.HttpAppHandler - Read msg='DefaultLastHttpContent(data: PooledSlicedByteBuf(ridx: 0, widx: 62, cap: 62/62, unwrapped: PooledUnsafeDirectByteBuf(ridx: 176, widx: 176, cap: 512)), decoderResult: success)'
22:00:33.775 [TRACE] i.g.h.e.r.DefaultStatsProcessor - 
>>>>>>>>>>>>>>>>>>>>>>>>>>
Request:
upload-file: OK 
=========================
Session:
Session(Acceptance test,21,1580331622552,Map(gatling.http.ssl.sslContexts -> SslContexts(io.netty.handler.ssl.JdkSslContext@7c0246d8,None), gatling.http.cache.dns -> io.gatling.http.cache.DnsCacheSupport$$anon$1@5898ac4b, gatling.http.cache.baseUrl -> http://localhost:8080),23,OK,List(),io.gatling.core.protocol.ProtocolComponentsRegistry$$Lambda$598/0x000000084055d840@452b12e)
=========================
HTTP request:
POST http://localhost:8080/files/upload
headers=
Accept: */*
Accept-Language: en-US,en;q=0.8,nl;q=0.6
User-Agent: Mozilla/5.0 (Windows NT 6.1; WOW64) AppleWebKit/537.36 (KHTML, like Gecko) Chrome/38.0.2125.111 Safari/537.36
accept-encoding: gzip,deflate,sdch
host: localhost:8080
content-type: multipart/form-data; boundary=4PfDCIALoObBxrOLfPANElMD0IaBumII-bj
content-length: 220
multipartBody=
ByteArrayPart: name=upload contentType=text/plain dispositionType=null charset=UTF-8 transferEncoding=null contentId=null filename=gatling-upload.txt
=========================
HTTP response:
status=
200 
headers= 
Content-Type: text/plain;charset=UTF-8
Content-Length: 62
Date: Wed, 29 Jan 2020 21:00:33 GMT

body=
File upload succeeded [gatling-upload.txt] of size [17] bytes.
<<<<<<<<<<<<<<<<<<<<<<<<<
22:00:33.775 [DEBUG] i.g.c.a.Exit - End user #21
22:00:33.776 [DEBUG] i.g.c.c.i.Injector - End user #21
22:00:33.802 [DEBUG] i.g.h.e.t.HttpTxExecutor - Sending request=upload-file uri=http://localhost:8080/files/upload: scenario=Acceptance test, userId=17
22:00:33.802 [DEBUG] i.g.h.c.i.HttpAppHandler - Write request WritableRequest{request=DefaultHttpRequest(decodeResult: success, version: HTTP/1.1)
POST /files/upload HTTP/1.1
Accept: */*
Accept-Language: en-US,en;q=0.8,nl;q=0.6
User-Agent: Mozilla/5.0 (Windows NT 6.1; WOW64) AppleWebKit/537.36 (KHTML, like Gecko) Chrome/38.0.2125.111 Safari/537.36
accept-encoding: gzip,deflate,sdch
host: localhost:8080
content-type: multipart/form-data; boundary=SJCnHyx5vsFpw7f8CaGIUirukItXKCwy7n8
content-length: 220, content=io.gatling.http.client.body.multipart.impl.MultipartFileRegion@143354cd}
22:00:33.805 [DEBUG] i.g.h.c.i.HttpAppHandler - Read msg='DefaultHttpResponse(decodeResult: success, version: HTTP/1.1)
HTTP/1.1 200 
Content-Type: text/plain;charset=UTF-8
Content-Length: 62
Date: Wed, 29 Jan 2020 21:00:33 GMT'
22:00:33.806 [DEBUG] i.g.h.c.i.HttpAppHandler - Read msg='DefaultLastHttpContent(data: PooledSlicedByteBuf(ridx: 0, widx: 62, cap: 62/62, unwrapped: PooledUnsafeDirectByteBuf(ridx: 176, widx: 176, cap: 512)), decoderResult: success)'
22:00:33.806 [TRACE] i.g.h.e.r.DefaultStatsProcessor - 
>>>>>>>>>>>>>>>>>>>>>>>>>>
Request:
upload-file: OK 
=========================
Session:
Session(Acceptance test,17,1580331619551,Map(gatling.http.ssl.sslContexts -> SslContexts(io.netty.handler.ssl.JdkSslContext@5131c08f,None), gatling.http.cache.dns -> io.gatling.http.cache.DnsCacheSupport$$anon$1@5898ac4b, gatling.http.cache.baseUrl -> http://localhost:8080),22,OK,List(),io.gatling.core.protocol.ProtocolComponentsRegistry$$Lambda$598/0x000000084055d840@452b12e)
=========================
HTTP request:
POST http://localhost:8080/files/upload
headers=
Accept: */*
Accept-Language: en-US,en;q=0.8,nl;q=0.6
User-Agent: Mozilla/5.0 (Windows NT 6.1; WOW64) AppleWebKit/537.36 (KHTML, like Gecko) Chrome/38.0.2125.111 Safari/537.36
accept-encoding: gzip,deflate,sdch
host: localhost:8080
content-type: multipart/form-data; boundary=SJCnHyx5vsFpw7f8CaGIUirukItXKCwy7n8
content-length: 220
multipartBody=
ByteArrayPart: name=upload contentType=text/plain dispositionType=null charset=UTF-8 transferEncoding=null contentId=null filename=gatling-upload.txt
=========================
HTTP response:
status=
200 
headers= 
Content-Type: text/plain;charset=UTF-8
Content-Length: 62
Date: Wed, 29 Jan 2020 21:00:33 GMT

body=
File upload succeeded [gatling-upload.txt] of size [17] bytes.
<<<<<<<<<<<<<<<<<<<<<<<<<
22:00:33.807 [DEBUG] i.g.c.a.Exit - End user #17
22:00:33.807 [DEBUG] i.g.c.c.i.Injector - End user #17
22:00:34.003 [DEBUG] i.g.h.e.t.HttpTxExecutor - Sending request=upload-file uri=http://localhost:8080/files/upload: scenario=Acceptance test, userId=24
22:00:34.003 [DEBUG] i.g.h.c.i.HttpAppHandler - Write request WritableRequest{request=DefaultHttpRequest(decodeResult: success, version: HTTP/1.1)
POST /files/upload HTTP/1.1
Accept: */*
Accept-Language: en-US,en;q=0.8,nl;q=0.6
User-Agent: Mozilla/5.0 (Windows NT 6.1; WOW64) AppleWebKit/537.36 (KHTML, like Gecko) Chrome/38.0.2125.111 Safari/537.36
accept-encoding: gzip,deflate,sdch
host: localhost:8080
content-type: multipart/form-data; boundary=6Tvpepfae5TCeYCifNhIOnlfFmBlaS1kMZO
content-length: 220, content=io.gatling.http.client.body.multipart.impl.MultipartFileRegion@a4e4654}
22:00:34.007 [DEBUG] i.g.h.c.i.HttpAppHandler - Read msg='DefaultHttpResponse(decodeResult: success, version: HTTP/1.1)
HTTP/1.1 200 
Content-Type: text/plain;charset=UTF-8
Content-Length: 62
Date: Wed, 29 Jan 2020 21:00:33 GMT'
22:00:34.007 [DEBUG] i.g.h.c.i.HttpAppHandler - Read msg='DefaultLastHttpContent(data: PooledSlicedByteBuf(ridx: 0, widx: 62, cap: 62/62, unwrapped: PooledUnsafeDirectByteBuf(ridx: 176, widx: 176, cap: 512)), decoderResult: success)'
22:00:34.008 [TRACE] i.g.h.e.r.DefaultStatsProcessor - 
>>>>>>>>>>>>>>>>>>>>>>>>>>
Request:
upload-file: OK 
=========================
Session:
Session(Acceptance test,24,1580331624552,Map(gatling.http.ssl.sslContexts -> SslContexts(io.netty.handler.ssl.JdkSslContext@1ec5d73,None), gatling.http.cache.dns -> io.gatling.http.cache.DnsCacheSupport$$anon$1@5898ac4b, gatling.http.cache.baseUrl -> http://localhost:8080),21,OK,List(),io.gatling.core.protocol.ProtocolComponentsRegistry$$Lambda$598/0x000000084055d840@452b12e)
=========================
HTTP request:
POST http://localhost:8080/files/upload
headers=
Accept: */*
Accept-Language: en-US,en;q=0.8,nl;q=0.6
User-Agent: Mozilla/5.0 (Windows NT 6.1; WOW64) AppleWebKit/537.36 (KHTML, like Gecko) Chrome/38.0.2125.111 Safari/537.36
accept-encoding: gzip,deflate,sdch
host: localhost:8080
content-type: multipart/form-data; boundary=6Tvpepfae5TCeYCifNhIOnlfFmBlaS1kMZO
content-length: 220
multipartBody=
ByteArrayPart: name=upload contentType=text/plain dispositionType=null charset=UTF-8 transferEncoding=null contentId=null filename=gatling-upload.txt
=========================
HTTP response:
status=
200 
headers= 
Content-Type: text/plain;charset=UTF-8
Content-Length: 62
Date: Wed, 29 Jan 2020 21:00:33 GMT

body=
File upload succeeded [gatling-upload.txt] of size [17] bytes.
<<<<<<<<<<<<<<<<<<<<<<<<<
22:00:34.008 [DEBUG] i.g.c.a.Exit - End user #24
22:00:34.008 [DEBUG] i.g.c.c.i.Injector - End user #24
22:00:34.178 [DEBUG] i.g.g.m.GraphiteMetrics$ - GraphiteMetrics=gatling2.BurnAfter.acc.afterburner.users.allUsers.active 23 1580331634
gatling2.BurnAfter.acc.afterburner.users.allUsers.waiting 653 1580331634
gatling2.BurnAfter.acc.afterburner.users.allUsers.done 25 1580331634
gatling2.BurnAfter.acc.afterburner.users.Acceptance_test.active 23 1580331634
gatling2.BurnAfter.acc.afterburner.users.Acceptance_test.waiting 653 1580331634
gatling2.BurnAfter.acc.afterburner.users.Acceptance_test.done 25 1580331634
gatling2.BurnAfter.acc.afterburner.simple_delay.ok.count 13 1580331634
gatling2.BurnAfter.acc.afterburner.simple_delay.ok.min 556 1580331634
gatling2.BurnAfter.acc.afterburner.simple_delay.ok.max 559 1580331634
gatling2.BurnAfter.acc.afterburner.simple_delay.ok.mean 558 1580331634
gatling2.BurnAfter.acc.afterburner.simple_delay.ok.stdDev 0 1580331634
gatling2.BurnAfter.acc.afterburner.simple_delay.ok.percentiles50 559 1580331634
gatling2.BurnAfter.acc.afterburner.simple_delay.ok.percentiles75 559 1580331634
gatling2.BurnAfter.acc.afterburner.simple_delay.ok.percentiles95 559 1580331634
gatling2.BurnAfter.acc.afterburner.simple_delay.ok.percentiles99 559 1580331634
gatling2.BurnAfter.acc.afterburner.simple_delay.ko.count 0 1580331634
gatling2.BurnAfter.acc.afterburner.simple_delay.all.count 13 1580331634
gatling2.BurnAfter.acc.afterburner.simple_delay.all.min 556 1580331634
gatling2.BurnAfter.acc.afterburner.simple_delay.all.max 559 1580331634
gatling2.BurnAfter.acc.afterburner.simple_delay.all.mean 558 1580331634
gatling2.BurnAfter.acc.afterburner.simple_delay.all.stdDev 0 1580331634
gatling2.BurnAfter.acc.afterburner.simple_delay.all.percentiles50 559 1580331634
gatling2.BurnAfter.acc.afterburner.simple_delay.all.percentiles75 559 1580331634
gatling2.BurnAfter.acc.afterburner.simple_delay.all.percentiles95 559 1580331634
gatling2.BurnAfter.acc.afterburner.simple_delay.all.percentiles99 559 1580331634
gatling2.BurnAfter.acc.afterburner.upload-file.ok.count 11 1580331634
gatling2.BurnAfter.acc.afterburner.upload-file.ok.min 3 1580331634
gatling2.BurnAfter.acc.afterburner.upload-file.ok.max 5 1580331634
gatling2.BurnAfter.acc.afterburner.upload-file.ok.mean 3 1580331634
gatling2.BurnAfter.acc.afterburner.upload-file.ok.stdDev 0 1580331634
gatling2.BurnAfter.acc.afterburner.upload-file.ok.percentiles50 4 1580331634
gatling2.BurnAfter.acc.afterburner.upload-file.ok.percentiles75 4 1580331634
gatling2.BurnAfter.acc.afterburner.upload-file.ok.percentiles95 5 1580331634
gatling2.BurnAfter.acc.afterburner.upload-file.ok.percentiles99 5 1580331634
gatling2.BurnAfter.acc.afterburner.upload-file.ko.count 0 1580331634
gatling2.BurnAfter.acc.afterburner.upload-file.all.count 11 1580331634
gatling2.BurnAfter.acc.afterburner.upload-file.all.min 3 1580331634
gatling2.BurnAfter.acc.afterburner.upload-file.all.max 5 1580331634
gatling2.BurnAfter.acc.afterburner.upload-file.all.mean 3 1580331634
gatling2.BurnAfter.acc.afterburner.upload-file.all.stdDev 0 1580331634
gatling2.BurnAfter.acc.afterburner.upload-file.all.percentiles50 4 1580331634
gatling2.BurnAfter.acc.afterburner.upload-file.all.percentiles75 4 1580331634
gatling2.BurnAfter.acc.afterburner.upload-file.all.percentiles95 5 1580331634
gatling2.BurnAfter.acc.afterburner.upload-file.all.percentiles99 5 1580331634
gatling2.BurnAfter.acc.afterburner.simple_mini_leak.ok.count 11 1580331634
gatling2.BurnAfter.acc.afterburner.simple_mini_leak.ok.min 4 1580331634
gatling2.BurnAfter.acc.afterburner.simple_mini_leak.ok.max 9 1580331634
gatling2.BurnAfter.acc.afterburner.simple_mini_leak.ok.mean 7 1580331634
gatling2.BurnAfter.acc.afterburner.simple_mini_leak.ok.stdDev 1 1580331634
gatling2.BurnAfter.acc.afterburner.simple_mini_leak.ok.percentiles50 8 1580331634
gatling2.BurnAfter.acc.afterburner.simple_mini_leak.ok.percentiles75 9 1580331634
gatling2.BurnAfter.acc.afterburner.simple_mini_leak.ok.percentiles95 9 1580331634
gatling2.BurnAfter.acc.afterburner.simple_mini_leak.ok.percentiles99 9 1580331634
gatling2.BurnAfter.acc.afterburner.simple_mini_leak.ko.count 1 1580331634
gatling2.BurnAfter.acc.afterburner.simple_mini_leak.ko.min 13 1580331634
gatling2.BurnAfter.acc.afterburner.simple_mini_leak.ko.max 13 1580331634
gatling2.BurnAfter.acc.afterburner.simple_mini_leak.ko.mean 13 1580331634
gatling2.BurnAfter.acc.afterburner.simple_mini_leak.ko.stdDev 0 1580331634
gatling2.BurnAfter.acc.afterburner.simple_mini_leak.ko.percentiles50 13 1580331634
gatling2.BurnAfter.acc.afterburner.simple_mini_leak.ko.percentiles75 13 1580331634
gatling2.BurnAfter.acc.afterburner.simple_mini_leak.ko.percentiles95 13 1580331634
gatling2.BurnAfter.acc.afterburner.simple_mini_leak.ko.percentiles99 13 1580331634
gatling2.BurnAfter.acc.afterburner.simple_mini_leak.all.count 12 1580331634
gatling2.BurnAfter.acc.afterburner.simple_mini_leak.all.min 4 1580331634
gatling2.BurnAfter.acc.afterburner.simple_mini_leak.all.max 13 1580331634
gatling2.BurnAfter.acc.afterburner.simple_mini_leak.all.mean 7 1580331634
gatling2.BurnAfter.acc.afterburner.simple_mini_leak.all.stdDev 2 1580331634
gatling2.BurnAfter.acc.afterburner.simple_mini_leak.all.percentiles50 8 1580331634
gatling2.BurnAfter.acc.afterburner.simple_mini_leak.all.percentiles75 9 1580331634
gatling2.BurnAfter.acc.afterburner.simple_mini_leak.all.percentiles95 13 1580331634
gatling2.BurnAfter.acc.afterburner.simple_mini_leak.all.percentiles99 13 1580331634
gatling2.BurnAfter.acc.afterburner.simple_cpu_burn.ok.count 14 1580331634
gatling2.BurnAfter.acc.afterburner.simple_cpu_burn.ok.min 8 1580331634
gatling2.BurnAfter.acc.afterburner.simple_cpu_burn.ok.max 15 1580331634
gatling2.BurnAfter.acc.afterburner.simple_cpu_burn.ok.mean 13 1580331634
gatling2.BurnAfter.acc.afterburner.simple_cpu_burn.ok.stdDev 1 1580331634
gatling2.BurnAfter.acc.afterburner.simple_cpu_burn.ok.percentiles50 13 1580331634
gatling2.BurnAfter.acc.afterburner.simple_cpu_burn.ok.percentiles75 14 1580331634
gatling2.BurnAfter.acc.afterburner.simple_cpu_burn.ok.percentiles95 15 1580331634
gatling2.BurnAfter.acc.afterburner.simple_cpu_burn.ok.percentiles99 15 1580331634
gatling2.BurnAfter.acc.afterburner.simple_cpu_burn.ko.count 0 1580331634
gatling2.BurnAfter.acc.afterburner.simple_cpu_burn.all.count 14 1580331634
gatling2.BurnAfter.acc.afterburner.simple_cpu_burn.all.min 8 1580331634
gatling2.BurnAfter.acc.afterburner.simple_cpu_burn.all.max 15 1580331634
gatling2.BurnAfter.acc.afterburner.simple_cpu_burn.all.mean 13 1580331634
gatling2.BurnAfter.acc.afterburner.simple_cpu_burn.all.stdDev 1 1580331634
gatling2.BurnAfter.acc.afterburner.simple_cpu_burn.all.percentiles50 13 1580331634
gatling2.BurnAfter.acc.afterburner.simple_cpu_burn.all.percentiles75 14 1580331634
gatling2.BurnAfter.acc.afterburner.simple_cpu_burn.all.percentiles95 15 1580331634
gatling2.BurnAfter.acc.afterburner.simple_cpu_burn.all.percentiles99 15 1580331634
gatling2.BurnAfter.acc.afterburner.allRequests.ok.count 49 1580331634
gatling2.BurnAfter.acc.afterburner.allRequests.ok.min 3 1580331634
gatling2.BurnAfter.acc.afterburner.allRequests.ok.max 559 1580331634
gatling2.BurnAfter.acc.afterburner.allRequests.ok.mean 154 1580331634
gatling2.BurnAfter.acc.afterburner.allRequests.ok.stdDev 242 1580331634
gatling2.BurnAfter.acc.afterburner.allRequests.ok.percentiles50 13 1580331634
gatling2.BurnAfter.acc.afterburner.allRequests.ok.percentiles75 559 1580331634
gatling2.BurnAfter.acc.afterburner.allRequests.ok.percentiles95 559 1580331634
gatling2.BurnAfter.acc.afterburner.allRequests.ok.percentiles99 559 1580331634
gatling2.BurnAfter.acc.afterburner.allRequests.ko.count 1 1580331634
gatling2.BurnAfter.acc.afterburner.allRequests.ko.min 13 1580331634
gatling2.BurnAfter.acc.afterburner.allRequests.ko.max 13 1580331634
gatling2.BurnAfter.acc.afterburner.allRequests.ko.mean 13 1580331634
gatling2.BurnAfter.acc.afterburner.allRequests.ko.stdDev 0 1580331634
gatling2.BurnAfter.acc.afterburner.allRequests.ko.percentiles50 13 1580331634
gatling2.BurnAfter.acc.afterburner.allRequests.ko.percentiles75 13 1580331634
gatling2.BurnAfter.acc.afterburner.allRequests.ko.percentiles95 13 1580331634
gatling2.BurnAfter.acc.afterburner.allRequests.ko.percentiles99 13 1580331634
gatling2.BurnAfter.acc.afterburner.allRequests.all.count 50 1580331634
gatling2.BurnAfter.acc.afterburner.allRequests.all.min 3 1580331634
gatling2.BurnAfter.acc.afterburner.allRequests.all.max 559 1580331634
gatling2.BurnAfter.acc.afterburner.allRequests.all.mean 151 1580331634
gatling2.BurnAfter.acc.afterburner.allRequests.all.stdDev 240 1580331634
gatling2.BurnAfter.acc.afterburner.allRequests.all.percentiles50 13 1580331634
gatling2.BurnAfter.acc.afterburner.allRequests.all.percentiles75 559 1580331634
gatling2.BurnAfter.acc.afterburner.allRequests.all.percentiles95 559 1580331634
gatling2.BurnAfter.acc.afterburner.allRequests.all.percentiles99 559 1580331634

22:00:34.179 [DEBUG] i.g.g.s.TcpSender - All connection/sending retries have been exhausted, ignore further messages

================================================================================
2020-01-29 22:00:34                                          30s elapsed
---- Requests ------------------------------------------------------------------
> Global                                                   (OK=121    KO=1     )
> simple_cpu_burn                                          (OK=37     KO=0     )
> simple_delay                                             (OK=32     KO=0     )
> simple_mini_leak                                         (OK=27     KO=1     )
> upload-file                                              (OK=25     KO=0     )
---- Errors --------------------------------------------------------------------
> status.find.is(200), but actually found 500                         1 (100.0%)

---- Acceptance test -----------------------------------------------------------
[##--                                                                      ]  3%
          waiting: 653    / active: 12     / done: 25    
================================================================================

22:00:34.190 [DEBUG] i.g.h.c.i.HttpAppHandler - Read msg='DefaultHttpResponse(decodeResult: success, version: HTTP/1.1)
HTTP/1.1 200 
Content-Type: application/json;charset=UTF-8
Transfer-Encoding: chunked
Date: Wed, 29 Jan 2020 21:00:33 GMT'
22:00:34.190 [DEBUG] i.g.h.c.i.HttpAppHandler - Read msg='DefaultHttpContent(data: PooledSlicedByteBuf(ridx: 0, widx: 95, cap: 95/95, unwrapped: PooledUnsafeDirectByteBuf(ridx: 229, widx: 229, cap: 1024)), decoderResult: success)'
22:00:34.191 [DEBUG] i.g.h.c.i.HttpAppHandler - Read msg='EmptyLastHttpContent'
22:00:34.191 [TRACE] i.g.h.e.r.DefaultStatsProcessor - 
>>>>>>>>>>>>>>>>>>>>>>>>>>
Request:
simple_delay: OK 
=========================
Session:
Session(Acceptance test,37,1580331633552,Map(gatling.http.ssl.sslContexts -> SslContexts(io.netty.handler.ssl.JdkSslContext@1bd77936,None), gatling.http.cache.dns -> io.gatling.http.cache.DnsCacheSupport$$anon$1@5898ac4b, gatling.http.cache.baseUrl -> http://localhost:8080),15,OK,List(),io.gatling.core.protocol.ProtocolComponentsRegistry$$Lambda$598/0x000000084055d840@452b12e)
=========================
HTTP request:
GET http://localhost:8080/delay?duration=555
headers=
Accept: */*
Content-Type: application/json;charset=UTF-8
Accept-Language: en-US,en;q=0.8,nl;q=0.6
User-Agent: Mozilla/5.0 (Windows NT 6.1; WOW64) AppleWebKit/537.36 (KHTML, like Gecko) Chrome/38.0.2125.111 Safari/537.36
accept-encoding: gzip,deflate,sdch
host: localhost:8080
=========================
HTTP response:
status=
200 
headers= 
Content-Type: application/json;charset=UTF-8
Transfer-Encoding: chunked
Date: Wed, 29 Jan 2020 21:00:33 GMT

body=
{"message":"This was a delay of 555","name":"Simple-PropertiesFileName","durationInMillis":555}
<<<<<<<<<<<<<<<<<<<<<<<<<
22:00:34.192 [DEBUG] i.g.c.a.Pause - Pausing for 2320ms (real=2305ms)
22:00:34.552 [DEBUG] i.g.h.e.t.HttpTxExecutor - Sending request=simple_cpu_burn uri=http://localhost:8080/cpu/magic-identity-check?matrixSize=133: scenario=Acceptance test, userId=38
22:00:34.552 [DEBUG] i.g.c.c.i.o.OpenWorkload - Injecting 2 users in scenario Acceptance test, continue=true
22:00:34.553 [DEBUG] i.g.c.c.i.o.OpenWorkload - Start user #38
22:00:34.554 [DEBUG] i.g.h.c.i.HttpAppHandler - Write request WritableRequest{request=DefaultFullHttpRequest(decodeResult: success, version: HTTP/1.1, content: UnpooledByteBufAllocator$InstrumentedUnpooledUnsafeHeapByteBuf(ridx: 0, widx: 0, cap: 0))
GET /cpu/magic-identity-check?matrixSize=133 HTTP/1.1
Accept: */*
Content-Type: application/json;charset=UTF-8
Accept-Language: en-US,en;q=0.8,nl;q=0.6
User-Agent: Mozilla/5.0 (Windows NT 6.1; WOW64) AppleWebKit/537.36 (KHTML, like Gecko) Chrome/38.0.2125.111 Safari/537.36
accept-encoding: gzip,deflate,sdch
host: localhost:8080, content=null}
22:00:34.559 [DEBUG] i.g.h.c.i.HttpAppHandler - Read msg='DefaultHttpResponse(decodeResult: success, version: HTTP/1.1)
HTTP/1.1 200 
Content-Type: application/json;charset=UTF-8
Transfer-Encoding: chunked
Date: Wed, 29 Jan 2020 21:00:33 GMT'
22:00:34.559 [DEBUG] i.g.h.c.i.HttpAppHandler - Read msg='DefaultHttpContent(data: PooledSlicedByteBuf(ridx: 0, widx: 170, cap: 170/170, unwrapped: PooledUnsafeDirectByteBuf(ridx: 304, widx: 309, cap: 1024)), decoderResult: success)'
22:00:34.560 [DEBUG] i.g.h.c.i.HttpAppHandler - Read msg='EmptyLastHttpContent'
22:00:34.560 [TRACE] i.g.h.e.r.DefaultStatsProcessor - 
>>>>>>>>>>>>>>>>>>>>>>>>>>
Request:
simple_cpu_burn: OK 
=========================
Session:
Session(Acceptance test,38,1580331634551,Map(gatling.http.ssl.sslContexts -> SslContexts(io.netty.handler.ssl.JdkSslContext@7d6a617d,None), gatling.http.cache.dns -> io.gatling.http.cache.DnsCacheSupport$$anon$1@5898ac4b, gatling.http.cache.baseUrl -> http://localhost:8080),0,OK,List(),io.gatling.core.protocol.ProtocolComponentsRegistry$$Lambda$598/0x000000084055d840@452b12e)
=========================
HTTP request:
GET http://localhost:8080/cpu/magic-identity-check?matrixSize=133
headers=
Accept: */*
Content-Type: application/json;charset=UTF-8
Accept-Language: en-US,en;q=0.8,nl;q=0.6
User-Agent: Mozilla/5.0 (Windows NT 6.1; WOW64) AppleWebKit/537.36 (KHTML, like Gecko) Chrome/38.0.2125.111 Safari/537.36
accept-encoding: gzip,deflate,sdch
host: localhost:8080
=========================
HTTP response:
status=
200 
headers= 
Content-Type: application/json;charset=UTF-8
Transfer-Encoding: chunked
Date: Wed, 29 Jan 2020 21:00:33 GMT

body=
{"message":"A simple magic square multiplied by an identity square of size [133] [is equal] to the magic square.","name":"Simple-PropertiesFileName","durationInMillis":3}
<<<<<<<<<<<<<<<<<<<<<<<<<
22:00:34.560 [DEBUG] i.g.c.a.Pause - Pausing for 2823ms (real=2823ms)
22:00:34.802 [DEBUG] i.g.h.e.t.HttpTxExecutor - Sending request=simple_mini_leak uri=http://localhost:8080/memory/grow?objects=8&items=54: scenario=Acceptance test, userId=30
22:00:34.802 [DEBUG] i.g.h.c.i.HttpAppHandler - Write request WritableRequest{request=DefaultFullHttpRequest(decodeResult: success, version: HTTP/1.1, content: UnpooledByteBufAllocator$InstrumentedUnpooledUnsafeHeapByteBuf(ridx: 0, widx: 0, cap: 0))
GET /memory/grow?objects=8&items=54 HTTP/1.1
Accept: */*
Content-Type: application/json;charset=UTF-8
Accept-Language: en-US,en;q=0.8,nl;q=0.6
User-Agent: Mozilla/5.0 (Windows NT 6.1; WOW64) AppleWebKit/537.36 (KHTML, like Gecko) Chrome/38.0.2125.111 Safari/537.36
accept-encoding: gzip,deflate,sdch
host: localhost:8080, content=null}
22:00:34.805 [DEBUG] i.g.h.c.i.HttpAppHandler - Read msg='DefaultHttpResponse(decodeResult: success, version: HTTP/1.1)
HTTP/1.1 200 
Content-Type: application/json;charset=UTF-8
Transfer-Encoding: chunked
Date: Wed, 29 Jan 2020 21:00:34 GMT'
22:00:34.805 [DEBUG] i.g.h.c.i.HttpAppHandler - Read msg='DefaultHttpContent(data: PooledSlicedByteBuf(ridx: 0, widx: 144, cap: 144/144, unwrapped: PooledUnsafeDirectByteBuf(ridx: 278, widx: 283, cap: 512)), decoderResult: success)'
22:00:34.805 [DEBUG] i.g.h.c.i.HttpAppHandler - Read msg='EmptyLastHttpContent'
22:00:34.805 [TRACE] i.g.h.e.r.DefaultStatsProcessor - 
>>>>>>>>>>>>>>>>>>>>>>>>>>
Request:
simple_mini_leak: OK 
=========================
Session:
Session(Acceptance test,30,1580331629051,Map(gatling.http.ssl.sslContexts -> SslContexts(io.netty.handler.ssl.JdkSslContext@5adb3252,None), gatling.http.cache.dns -> io.gatling.http.cache.DnsCacheSupport$$anon$1@5898ac4b, gatling.http.cache.baseUrl -> http://localhost:8080),28,OK,List(),io.gatling.core.protocol.ProtocolComponentsRegistry$$Lambda$598/0x000000084055d840@452b12e)
=========================
HTTP request:
GET http://localhost:8080/memory/grow?objects=8&items=54
headers=
Accept: */*
Content-Type: application/json;charset=UTF-8
Accept-Language: en-US,en;q=0.8,nl;q=0.6
User-Agent: Mozilla/5.0 (Windows NT 6.1; WOW64) AppleWebKit/537.36 (KHTML, like Gecko) Chrome/38.0.2125.111 Safari/537.36
accept-encoding: gzip,deflate,sdch
host: localhost:8080
=========================
HTTP response:
status=
200 
headers= 
Content-Type: application/json;charset=UTF-8
Transfer-Encoding: chunked
Date: Wed, 29 Jan 2020 21:00:34 GMT

body=
{"message":"Size of BigFatBastard list is now 11256 objects. It contains 607824 items.","name":"Simple-PropertiesFileName","durationInMillis":2}
<<<<<<<<<<<<<<<<<<<<<<<<<
22:00:34.806 [DEBUG] i.g.c.a.Pause - Pausing for 2019ms (real=1991ms)
22:00:34.892 [DEBUG] i.g.h.e.t.HttpTxExecutor - Sending request=simple_mini_leak uri=http://localhost:8080/memory/grow?objects=8&items=54: scenario=Acceptance test, userId=26
22:00:34.893 [DEBUG] i.g.h.c.i.HttpAppHandler - Write request WritableRequest{request=DefaultFullHttpRequest(decodeResult: success, version: HTTP/1.1, content: UnpooledByteBufAllocator$InstrumentedUnpooledUnsafeHeapByteBuf(ridx: 0, widx: 0, cap: 0))
GET /memory/grow?objects=8&items=54 HTTP/1.1
Accept: */*
Content-Type: application/json;charset=UTF-8
Accept-Language: en-US,en;q=0.8,nl;q=0.6
User-Agent: Mozilla/5.0 (Windows NT 6.1; WOW64) AppleWebKit/537.36 (KHTML, like Gecko) Chrome/38.0.2125.111 Safari/537.36
accept-encoding: gzip,deflate,sdch
host: localhost:8080, content=null}
22:00:34.899 [DEBUG] i.g.h.c.i.HttpAppHandler - Read msg='DefaultHttpResponse(decodeResult: success, version: HTTP/1.1)
HTTP/1.1 200 
Content-Type: application/json;charset=UTF-8
Transfer-Encoding: chunked
Date: Wed, 29 Jan 2020 21:00:34 GMT'
22:00:34.899 [DEBUG] i.g.h.c.i.HttpAppHandler - Read msg='DefaultHttpContent(data: PooledSlicedByteBuf(ridx: 0, widx: 144, cap: 144/144, unwrapped: PooledUnsafeDirectByteBuf(ridx: 278, widx: 283, cap: 512)), decoderResult: success)'
22:00:34.900 [DEBUG] i.g.h.c.i.HttpAppHandler - Read msg='EmptyLastHttpContent'
22:00:34.900 [TRACE] i.g.h.e.r.DefaultStatsProcessor - 
>>>>>>>>>>>>>>>>>>>>>>>>>>
Request:
simple_mini_leak: OK 
=========================
Session:
Session(Acceptance test,26,1580331626051,Map(gatling.http.ssl.sslContexts -> SslContexts(io.netty.handler.ssl.JdkSslContext@19620363,None), gatling.http.cache.dns -> io.gatling.http.cache.DnsCacheSupport$$anon$1@5898ac4b, gatling.http.cache.baseUrl -> http://localhost:8080),14,OK,List(),io.gatling.core.protocol.ProtocolComponentsRegistry$$Lambda$598/0x000000084055d840@452b12e)
=========================
HTTP request:
GET http://localhost:8080/memory/grow?objects=8&items=54
headers=
Accept: */*
Content-Type: application/json;charset=UTF-8
Accept-Language: en-US,en;q=0.8,nl;q=0.6
User-Agent: Mozilla/5.0 (Windows NT 6.1; WOW64) AppleWebKit/537.36 (KHTML, like Gecko) Chrome/38.0.2125.111 Safari/537.36
accept-encoding: gzip,deflate,sdch
host: localhost:8080
=========================
HTTP response:
status=
200 
headers= 
Content-Type: application/json;charset=UTF-8
Transfer-Encoding: chunked
Date: Wed, 29 Jan 2020 21:00:34 GMT

body=
{"message":"Size of BigFatBastard list is now 11264 objects. It contains 608256 items.","name":"Simple-PropertiesFileName","durationInMillis":5}
<<<<<<<<<<<<<<<<<<<<<<<<<
22:00:34.900 [DEBUG] i.g.c.a.Pause - Pausing for 1382ms (real=1368ms)
22:00:35.032 [DEBUG] i.g.h.e.t.HttpTxExecutor - Sending request=simple_delay uri=http://localhost:8080/delay?duration=555: scenario=Acceptance test, userId=36
22:00:35.033 [DEBUG] i.g.h.c.i.HttpAppHandler - Write request WritableRequest{request=DefaultFullHttpRequest(decodeResult: success, version: HTTP/1.1, content: UnpooledByteBufAllocator$InstrumentedUnpooledUnsafeHeapByteBuf(ridx: 0, widx: 0, cap: 0))
GET /delay?duration=555 HTTP/1.1
Accept: */*
Content-Type: application/json;charset=UTF-8
Accept-Language: en-US,en;q=0.8,nl;q=0.6
User-Agent: Mozilla/5.0 (Windows NT 6.1; WOW64) AppleWebKit/537.36 (KHTML, like Gecko) Chrome/38.0.2125.111 Safari/537.36
accept-encoding: gzip,deflate,sdch
host: localhost:8080, content=null}
22:00:35.053 [DEBUG] i.g.h.e.t.HttpTxExecutor - Sending request=simple_cpu_burn uri=http://localhost:8080/cpu/magic-identity-check?matrixSize=133: scenario=Acceptance test, userId=39
22:00:35.054 [DEBUG] i.g.c.c.i.o.OpenWorkload - Start user #39
22:00:35.056 [DEBUG] i.g.h.c.i.HttpAppHandler - Write request WritableRequest{request=DefaultFullHttpRequest(decodeResult: success, version: HTTP/1.1, content: UnpooledByteBufAllocator$InstrumentedUnpooledUnsafeHeapByteBuf(ridx: 0, widx: 0, cap: 0))
GET /cpu/magic-identity-check?matrixSize=133 HTTP/1.1
Accept: */*
Content-Type: application/json;charset=UTF-8
Accept-Language: en-US,en;q=0.8,nl;q=0.6
User-Agent: Mozilla/5.0 (Windows NT 6.1; WOW64) AppleWebKit/537.36 (KHTML, like Gecko) Chrome/38.0.2125.111 Safari/537.36
accept-encoding: gzip,deflate,sdch
host: localhost:8080, content=null}
22:00:35.068 [DEBUG] i.g.h.c.i.HttpAppHandler - Read msg='DefaultHttpResponse(decodeResult: success, version: HTTP/1.1)
HTTP/1.1 200 
Content-Type: application/json;charset=UTF-8
Transfer-Encoding: chunked
Date: Wed, 29 Jan 2020 21:00:34 GMT'
22:00:35.068 [DEBUG] i.g.h.c.i.HttpAppHandler - Read msg='DefaultHttpContent(data: PooledSlicedByteBuf(ridx: 0, widx: 170, cap: 170/170, unwrapped: PooledUnsafeDirectByteBuf(ridx: 304, widx: 304, cap: 1024)), decoderResult: success)'
22:00:35.069 [DEBUG] i.g.h.c.i.HttpAppHandler - Read msg='EmptyLastHttpContent'
22:00:35.070 [TRACE] i.g.h.e.r.DefaultStatsProcessor - 
>>>>>>>>>>>>>>>>>>>>>>>>>>
Request:
simple_cpu_burn: OK 
=========================
Session:
Session(Acceptance test,39,1580331635052,Map(gatling.http.ssl.sslContexts -> SslContexts(io.netty.handler.ssl.JdkSslContext@14d54c9c,None), gatling.http.cache.dns -> io.gatling.http.cache.DnsCacheSupport$$anon$1@5898ac4b, gatling.http.cache.baseUrl -> http://localhost:8080),0,OK,List(),io.gatling.core.protocol.ProtocolComponentsRegistry$$Lambda$598/0x000000084055d840@452b12e)
=========================
HTTP request:
GET http://localhost:8080/cpu/magic-identity-check?matrixSize=133
headers=
Accept: */*
Content-Type: application/json;charset=UTF-8
Accept-Language: en-US,en;q=0.8,nl;q=0.6
User-Agent: Mozilla/5.0 (Windows NT 6.1; WOW64) AppleWebKit/537.36 (KHTML, like Gecko) Chrome/38.0.2125.111 Safari/537.36
accept-encoding: gzip,deflate,sdch
host: localhost:8080
=========================
HTTP response:
status=
200 
headers= 
Content-Type: application/json;charset=UTF-8
Transfer-Encoding: chunked
Date: Wed, 29 Jan 2020 21:00:34 GMT

body=
{"message":"A simple magic square multiplied by an identity square of size [133] [is equal] to the magic square.","name":"Simple-PropertiesFileName","durationInMillis":9}
<<<<<<<<<<<<<<<<<<<<<<<<<
22:00:35.070 [DEBUG] i.g.c.a.Pause - Pausing for 12255ms (real=12254ms)
22:00:35.552 [DEBUG] i.g.c.c.i.o.OpenWorkload - Injecting 1 users in scenario Acceptance test, continue=true
22:00:35.552 [DEBUG] i.g.h.e.t.HttpTxExecutor - Sending request=simple_cpu_burn uri=http://localhost:8080/cpu/magic-identity-check?matrixSize=133: scenario=Acceptance test, userId=40
22:00:35.553 [DEBUG] i.g.c.c.i.o.OpenWorkload - Start user #40
22:00:35.554 [DEBUG] i.g.h.c.i.HttpAppHandler - Write request WritableRequest{request=DefaultFullHttpRequest(decodeResult: success, version: HTTP/1.1, content: UnpooledByteBufAllocator$InstrumentedUnpooledUnsafeHeapByteBuf(ridx: 0, widx: 0, cap: 0))
GET /cpu/magic-identity-check?matrixSize=133 HTTP/1.1
Accept: */*
Content-Type: application/json;charset=UTF-8
Accept-Language: en-US,en;q=0.8,nl;q=0.6
User-Agent: Mozilla/5.0 (Windows NT 6.1; WOW64) AppleWebKit/537.36 (KHTML, like Gecko) Chrome/38.0.2125.111 Safari/537.36
accept-encoding: gzip,deflate,sdch
host: localhost:8080, content=null}
22:00:35.565 [DEBUG] i.g.h.c.i.HttpAppHandler - Read msg='DefaultHttpResponse(decodeResult: success, version: HTTP/1.1)
HTTP/1.1 200 
Content-Type: application/json;charset=UTF-8
Transfer-Encoding: chunked
Date: Wed, 29 Jan 2020 21:00:34 GMT'
22:00:35.565 [DEBUG] i.g.h.c.i.HttpAppHandler - Read msg='DefaultHttpContent(data: PooledSlicedByteBuf(ridx: 0, widx: 170, cap: 170/170, unwrapped: PooledUnsafeDirectByteBuf(ridx: 304, widx: 309, cap: 1024)), decoderResult: success)'
22:00:35.565 [DEBUG] i.g.h.c.i.HttpAppHandler - Read msg='EmptyLastHttpContent'
22:00:35.566 [TRACE] i.g.h.e.r.DefaultStatsProcessor - 
>>>>>>>>>>>>>>>>>>>>>>>>>>
Request:
simple_cpu_burn: OK 
=========================
Session:
Session(Acceptance test,40,1580331635552,Map(gatling.http.ssl.sslContexts -> SslContexts(io.netty.handler.ssl.JdkSslContext@50b8fa0c,None), gatling.http.cache.dns -> io.gatling.http.cache.DnsCacheSupport$$anon$1@5898ac4b, gatling.http.cache.baseUrl -> http://localhost:8080),0,OK,List(),io.gatling.core.protocol.ProtocolComponentsRegistry$$Lambda$598/0x000000084055d840@452b12e)
=========================
HTTP request:
GET http://localhost:8080/cpu/magic-identity-check?matrixSize=133
headers=
Accept: */*
Content-Type: application/json;charset=UTF-8
Accept-Language: en-US,en;q=0.8,nl;q=0.6
User-Agent: Mozilla/5.0 (Windows NT 6.1; WOW64) AppleWebKit/537.36 (KHTML, like Gecko) Chrome/38.0.2125.111 Safari/537.36
accept-encoding: gzip,deflate,sdch
host: localhost:8080
=========================
HTTP response:
status=
200 
headers= 
Content-Type: application/json;charset=UTF-8
Transfer-Encoding: chunked
Date: Wed, 29 Jan 2020 21:00:34 GMT

body=
{"message":"A simple magic square multiplied by an identity square of size [133] [is equal] to the magic square.","name":"Simple-PropertiesFileName","durationInMillis":8}
<<<<<<<<<<<<<<<<<<<<<<<<<
22:00:35.567 [DEBUG] i.g.c.a.Pause - Pausing for 5421ms (real=5419ms)
22:00:35.591 [DEBUG] i.g.h.c.i.HttpAppHandler - Read msg='DefaultHttpResponse(decodeResult: success, version: HTTP/1.1)
HTTP/1.1 200 
Content-Type: application/json;charset=UTF-8
Transfer-Encoding: chunked
Date: Wed, 29 Jan 2020 21:00:34 GMT'
22:00:35.591 [DEBUG] i.g.h.c.i.HttpAppHandler - Read msg='DefaultHttpContent(data: PooledSlicedByteBuf(ridx: 0, widx: 95, cap: 95/95, unwrapped: PooledUnsafeDirectByteBuf(ridx: 229, widx: 229, cap: 1024)), decoderResult: success)'
22:00:35.592 [DEBUG] i.g.h.c.i.HttpAppHandler - Read msg='EmptyLastHttpContent'
22:00:35.593 [TRACE] i.g.h.e.r.DefaultStatsProcessor - 
>>>>>>>>>>>>>>>>>>>>>>>>>>
Request:
simple_delay: OK 
=========================
Session:
Session(Acceptance test,36,1580331633051,Map(gatling.http.ssl.sslContexts -> SslContexts(io.netty.handler.ssl.JdkSslContext@6a773251,None), gatling.http.cache.dns -> io.gatling.http.cache.DnsCacheSupport$$anon$1@5898ac4b, gatling.http.cache.baseUrl -> http://localhost:8080),21,OK,List(),io.gatling.core.protocol.ProtocolComponentsRegistry$$Lambda$598/0x000000084055d840@452b12e)
=========================
HTTP request:
GET http://localhost:8080/delay?duration=555
headers=
Accept: */*
Content-Type: application/json;charset=UTF-8
Accept-Language: en-US,en;q=0.8,nl;q=0.6
User-Agent: Mozilla/5.0 (Windows NT 6.1; WOW64) AppleWebKit/537.36 (KHTML, like Gecko) Chrome/38.0.2125.111 Safari/537.36
accept-encoding: gzip,deflate,sdch
host: localhost:8080
=========================
HTTP response:
status=
200 
headers= 
Content-Type: application/json;charset=UTF-8
Transfer-Encoding: chunked
Date: Wed, 29 Jan 2020 21:00:34 GMT

body=
{"message":"This was a delay of 555","name":"Simple-PropertiesFileName","durationInMillis":555}
<<<<<<<<<<<<<<<<<<<<<<<<<
22:00:35.593 [DEBUG] i.g.c.a.Pause - Pausing for 423ms (real=401ms)
22:00:35.652 [DEBUG] i.g.h.e.t.HttpTxExecutor - Sending request=simple_delay uri=http://localhost:8080/delay?duration=555: scenario=Acceptance test, userId=33
22:00:35.653 [DEBUG] i.g.h.c.i.HttpAppHandler - Write request WritableRequest{request=DefaultFullHttpRequest(decodeResult: success, version: HTTP/1.1, content: UnpooledByteBufAllocator$InstrumentedUnpooledUnsafeHeapByteBuf(ridx: 0, widx: 0, cap: 0))
GET /delay?duration=555 HTTP/1.1
Accept: */*
Content-Type: application/json;charset=UTF-8
Accept-Language: en-US,en;q=0.8,nl;q=0.6
User-Agent: Mozilla/5.0 (Windows NT 6.1; WOW64) AppleWebKit/537.36 (KHTML, like Gecko) Chrome/38.0.2125.111 Safari/537.36
accept-encoding: gzip,deflate,sdch
host: localhost:8080, content=null}
22:00:36.022 [DEBUG] i.g.h.e.t.HttpTxExecutor - Sending request=simple_mini_leak uri=http://localhost:8080/memory/grow?objects=8&items=54: scenario=Acceptance test, userId=36
22:00:36.023 [DEBUG] i.g.h.c.i.HttpAppHandler - Write request WritableRequest{request=DefaultFullHttpRequest(decodeResult: success, version: HTTP/1.1, content: UnpooledByteBufAllocator$InstrumentedUnpooledUnsafeHeapByteBuf(ridx: 0, widx: 0, cap: 0))
GET /memory/grow?objects=8&items=54 HTTP/1.1
Accept: */*
Content-Type: application/json;charset=UTF-8
Accept-Language: en-US,en;q=0.8,nl;q=0.6
User-Agent: Mozilla/5.0 (Windows NT 6.1; WOW64) AppleWebKit/537.36 (KHTML, like Gecko) Chrome/38.0.2125.111 Safari/537.36
accept-encoding: gzip,deflate,sdch
host: localhost:8080, content=null}
22:00:36.030 [DEBUG] i.g.h.c.i.HttpAppHandler - Read msg='DefaultHttpResponse(decodeResult: success, version: HTTP/1.1)
HTTP/1.1 200 
Content-Type: application/json;charset=UTF-8
Transfer-Encoding: chunked
Date: Wed, 29 Jan 2020 21:00:36 GMT'
22:00:36.030 [DEBUG] i.g.h.c.i.HttpAppHandler - Read msg='DefaultHttpContent(data: PooledSlicedByteBuf(ridx: 0, widx: 144, cap: 144/144, unwrapped: PooledUnsafeDirectByteBuf(ridx: 278, widx: 278, cap: 512)), decoderResult: success)'
22:00:36.030 [DEBUG] i.g.h.c.i.HttpAppHandler - Read msg='EmptyLastHttpContent'
22:00:36.031 [TRACE] i.g.h.e.r.DefaultStatsProcessor - 
>>>>>>>>>>>>>>>>>>>>>>>>>>
Request:
simple_mini_leak: OK 
=========================
Session:
Session(Acceptance test,36,1580331633051,Map(gatling.http.ssl.sslContexts -> SslContexts(io.netty.handler.ssl.JdkSslContext@6a773251,None), gatling.http.cache.dns -> io.gatling.http.cache.DnsCacheSupport$$anon$1@5898ac4b, gatling.http.cache.baseUrl -> http://localhost:8080),28,OK,List(),io.gatling.core.protocol.ProtocolComponentsRegistry$$Lambda$598/0x000000084055d840@452b12e)
=========================
HTTP request:
GET http://localhost:8080/memory/grow?objects=8&items=54
headers=
Accept: */*
Content-Type: application/json;charset=UTF-8
Accept-Language: en-US,en;q=0.8,nl;q=0.6
User-Agent: Mozilla/5.0 (Windows NT 6.1; WOW64) AppleWebKit/537.36 (KHTML, like Gecko) Chrome/38.0.2125.111 Safari/537.36
accept-encoding: gzip,deflate,sdch
host: localhost:8080
=========================
HTTP response:
status=
200 
headers= 
Content-Type: application/json;charset=UTF-8
Transfer-Encoding: chunked
Date: Wed, 29 Jan 2020 21:00:36 GMT

body=
{"message":"Size of BigFatBastard list is now 11272 objects. It contains 608688 items.","name":"Simple-PropertiesFileName","durationInMillis":5}
<<<<<<<<<<<<<<<<<<<<<<<<<
22:00:36.031 [DEBUG] i.g.c.a.Pause - Pausing for 5815ms (real=5787ms)
22:00:36.210 [DEBUG] i.g.h.c.i.HttpAppHandler - Read msg='DefaultHttpResponse(decodeResult: success, version: HTTP/1.1)
HTTP/1.1 200 
Content-Type: application/json;charset=UTF-8
Transfer-Encoding: chunked
Date: Wed, 29 Jan 2020 21:00:36 GMT'
22:00:36.210 [DEBUG] i.g.h.c.i.HttpAppHandler - Read msg='DefaultHttpContent(data: PooledSlicedByteBuf(ridx: 0, widx: 95, cap: 95/95, unwrapped: PooledUnsafeDirectByteBuf(ridx: 229, widx: 234, cap: 1024)), decoderResult: success)'
22:00:36.210 [DEBUG] i.g.h.c.i.HttpAppHandler - Read msg='EmptyLastHttpContent'
22:00:36.211 [TRACE] i.g.h.e.r.DefaultStatsProcessor - 
>>>>>>>>>>>>>>>>>>>>>>>>>>
Request:
simple_delay: OK 
=========================
Session:
Session(Acceptance test,33,1580331631052,Map(gatling.http.ssl.sslContexts -> SslContexts(io.netty.handler.ssl.JdkSslContext@247dcb6d,None), gatling.http.cache.dns -> io.gatling.http.cache.DnsCacheSupport$$anon$1@5898ac4b, gatling.http.cache.baseUrl -> http://localhost:8080),19,OK,List(),io.gatling.core.protocol.ProtocolComponentsRegistry$$Lambda$598/0x000000084055d840@452b12e)
=========================
HTTP request:
GET http://localhost:8080/delay?duration=555
headers=
Accept: */*
Content-Type: application/json;charset=UTF-8
Accept-Language: en-US,en;q=0.8,nl;q=0.6
User-Agent: Mozilla/5.0 (Windows NT 6.1; WOW64) AppleWebKit/537.36 (KHTML, like Gecko) Chrome/38.0.2125.111 Safari/537.36
accept-encoding: gzip,deflate,sdch
host: localhost:8080
=========================
HTTP response:
status=
200 
headers= 
Content-Type: application/json;charset=UTF-8
Transfer-Encoding: chunked
Date: Wed, 29 Jan 2020 21:00:36 GMT

body=
{"message":"This was a delay of 555","name":"Simple-PropertiesFileName","durationInMillis":555}
<<<<<<<<<<<<<<<<<<<<<<<<<
22:00:36.211 [DEBUG] i.g.c.a.Pause - Pausing for 425ms (real=405ms)
22:00:36.282 [DEBUG] i.g.h.e.t.HttpTxExecutor - Sending request=upload-file uri=http://localhost:8080/files/upload: scenario=Acceptance test, userId=26
22:00:36.283 [DEBUG] i.g.h.c.i.HttpAppHandler - Write request WritableRequest{request=DefaultHttpRequest(decodeResult: success, version: HTTP/1.1)
POST /files/upload HTTP/1.1
Accept: */*
Accept-Language: en-US,en;q=0.8,nl;q=0.6
User-Agent: Mozilla/5.0 (Windows NT 6.1; WOW64) AppleWebKit/537.36 (KHTML, like Gecko) Chrome/38.0.2125.111 Safari/537.36
accept-encoding: gzip,deflate,sdch
host: localhost:8080
content-type: multipart/form-data; boundary=nQCWNT0W4gnlc0iGB3cv6DRLaG6alsg-SgK
content-length: 220, content=io.gatling.http.client.body.multipart.impl.MultipartFileRegion@54e0df4b}
22:00:36.286 [DEBUG] i.g.h.c.i.HttpAppHandler - Read msg='DefaultHttpResponse(decodeResult: success, version: HTTP/1.1)
HTTP/1.1 200 
Content-Type: text/plain;charset=UTF-8
Content-Length: 62
Date: Wed, 29 Jan 2020 21:00:36 GMT'
22:00:36.286 [DEBUG] i.g.h.c.i.HttpAppHandler - Read msg='DefaultLastHttpContent(data: PooledSlicedByteBuf(ridx: 0, widx: 62, cap: 62/62, unwrapped: PooledUnsafeDirectByteBuf(ridx: 176, widx: 176, cap: 512)), decoderResult: success)'
22:00:36.287 [TRACE] i.g.h.e.r.DefaultStatsProcessor - 
>>>>>>>>>>>>>>>>>>>>>>>>>>
Request:
upload-file: OK 
=========================
Session:
Session(Acceptance test,26,1580331626051,Map(gatling.http.ssl.sslContexts -> SslContexts(io.netty.handler.ssl.JdkSslContext@19620363,None), gatling.http.cache.dns -> io.gatling.http.cache.DnsCacheSupport$$anon$1@5898ac4b, gatling.http.cache.baseUrl -> http://localhost:8080),13,OK,List(),io.gatling.core.protocol.ProtocolComponentsRegistry$$Lambda$598/0x000000084055d840@452b12e)
=========================
HTTP request:
POST http://localhost:8080/files/upload
headers=
Accept: */*
Accept-Language: en-US,en;q=0.8,nl;q=0.6
User-Agent: Mozilla/5.0 (Windows NT 6.1; WOW64) AppleWebKit/537.36 (KHTML, like Gecko) Chrome/38.0.2125.111 Safari/537.36
accept-encoding: gzip,deflate,sdch
host: localhost:8080
content-type: multipart/form-data; boundary=nQCWNT0W4gnlc0iGB3cv6DRLaG6alsg-SgK
content-length: 220
multipartBody=
ByteArrayPart: name=upload contentType=text/plain dispositionType=null charset=UTF-8 transferEncoding=null contentId=null filename=gatling-upload.txt
=========================
HTTP response:
status=
200 
headers= 
Content-Type: text/plain;charset=UTF-8
Content-Length: 62
Date: Wed, 29 Jan 2020 21:00:36 GMT

body=
File upload succeeded [gatling-upload.txt] of size [17] bytes.
<<<<<<<<<<<<<<<<<<<<<<<<<
22:00:36.287 [DEBUG] i.g.c.a.Exit - End user #26
22:00:36.287 [DEBUG] i.g.c.c.i.Injector - End user #26
22:00:36.522 [DEBUG] i.g.h.e.t.HttpTxExecutor - Sending request=simple_mini_leak uri=http://localhost:8080/memory/grow?objects=8&items=54: scenario=Acceptance test, userId=37
22:00:36.522 [DEBUG] i.g.h.c.i.HttpAppHandler - Write request WritableRequest{request=DefaultFullHttpRequest(decodeResult: success, version: HTTP/1.1, content: UnpooledByteBufAllocator$InstrumentedUnpooledUnsafeHeapByteBuf(ridx: 0, widx: 0, cap: 0))
GET /memory/grow?objects=8&items=54 HTTP/1.1
Accept: */*
Content-Type: application/json;charset=UTF-8
Accept-Language: en-US,en;q=0.8,nl;q=0.6
User-Agent: Mozilla/5.0 (Windows NT 6.1; WOW64) AppleWebKit/537.36 (KHTML, like Gecko) Chrome/38.0.2125.111 Safari/537.36
accept-encoding: gzip,deflate,sdch
host: localhost:8080, content=null}
22:00:36.530 [DEBUG] i.g.h.c.i.HttpAppHandler - Read msg='DefaultHttpResponse(decodeResult: success, version: HTTP/1.1)
HTTP/1.1 200 
Content-Type: application/json;charset=UTF-8
Transfer-Encoding: chunked
Date: Wed, 29 Jan 2020 21:00:36 GMT'
22:00:36.530 [DEBUG] i.g.h.c.i.HttpAppHandler - Read msg='DefaultHttpContent(data: PooledSlicedByteBuf(ridx: 0, widx: 144, cap: 144/144, unwrapped: PooledUnsafeDirectByteBuf(ridx: 278, widx: 283, cap: 512)), decoderResult: success)'
22:00:36.531 [DEBUG] i.g.h.c.i.HttpAppHandler - Read msg='EmptyLastHttpContent'
22:00:36.531 [TRACE] i.g.h.e.r.DefaultStatsProcessor - 
>>>>>>>>>>>>>>>>>>>>>>>>>>
Request:
simple_mini_leak: OK 
=========================
Session:
Session(Acceptance test,37,1580331633552,Map(gatling.http.ssl.sslContexts -> SslContexts(io.netty.handler.ssl.JdkSslContext@1bd77936,None), gatling.http.cache.dns -> io.gatling.http.cache.DnsCacheSupport$$anon$1@5898ac4b, gatling.http.cache.baseUrl -> http://localhost:8080),25,OK,List(),io.gatling.core.protocol.ProtocolComponentsRegistry$$Lambda$598/0x000000084055d840@452b12e)
=========================
HTTP request:
GET http://localhost:8080/memory/grow?objects=8&items=54
headers=
Accept: */*
Content-Type: application/json;charset=UTF-8
Accept-Language: en-US,en;q=0.8,nl;q=0.6
User-Agent: Mozilla/5.0 (Windows NT 6.1; WOW64) AppleWebKit/537.36 (KHTML, like Gecko) Chrome/38.0.2125.111 Safari/537.36
accept-encoding: gzip,deflate,sdch
host: localhost:8080
=========================
HTTP response:
status=
200 
headers= 
Content-Type: application/json;charset=UTF-8
Transfer-Encoding: chunked
Date: Wed, 29 Jan 2020 21:00:36 GMT

body=
{"message":"Size of BigFatBastard list is now 11280 objects. It contains 609120 items.","name":"Simple-PropertiesFileName","durationInMillis":5}
<<<<<<<<<<<<<<<<<<<<<<<<<
22:00:36.531 [DEBUG] i.g.c.a.Pause - Pausing for 593ms (real=568ms)
22:00:36.552 [DEBUG] i.g.h.e.t.HttpTxExecutor - Sending request=simple_cpu_burn uri=http://localhost:8080/cpu/magic-identity-check?matrixSize=133: scenario=Acceptance test, userId=41
22:00:36.552 [DEBUG] i.g.c.c.i.o.OpenWorkload - Start user #41
22:00:36.552 [DEBUG] i.g.c.c.i.o.OpenWorkload - Injecting 2 users in scenario Acceptance test, continue=true
22:00:36.554 [DEBUG] i.g.h.c.i.HttpAppHandler - Write request WritableRequest{request=DefaultFullHttpRequest(decodeResult: success, version: HTTP/1.1, content: UnpooledByteBufAllocator$InstrumentedUnpooledUnsafeHeapByteBuf(ridx: 0, widx: 0, cap: 0))
GET /cpu/magic-identity-check?matrixSize=133 HTTP/1.1
Accept: */*
Content-Type: application/json;charset=UTF-8
Accept-Language: en-US,en;q=0.8,nl;q=0.6
User-Agent: Mozilla/5.0 (Windows NT 6.1; WOW64) AppleWebKit/537.36 (KHTML, like Gecko) Chrome/38.0.2125.111 Safari/537.36
accept-encoding: gzip,deflate,sdch
host: localhost:8080, content=null}
22:00:36.565 [DEBUG] i.g.h.c.i.HttpAppHandler - Read msg='DefaultHttpResponse(decodeResult: success, version: HTTP/1.1)
HTTP/1.1 200 
Content-Type: application/json;charset=UTF-8
Transfer-Encoding: chunked
Date: Wed, 29 Jan 2020 21:00:36 GMT'
22:00:36.565 [DEBUG] i.g.h.c.i.HttpAppHandler - Read msg='DefaultHttpContent(data: PooledSlicedByteBuf(ridx: 0, widx: 170, cap: 170/170, unwrapped: PooledUnsafeDirectByteBuf(ridx: 304, widx: 309, cap: 1024)), decoderResult: success)'
22:00:36.565 [DEBUG] i.g.h.c.i.HttpAppHandler - Read msg='EmptyLastHttpContent'
22:00:36.566 [TRACE] i.g.h.e.r.DefaultStatsProcessor - 
>>>>>>>>>>>>>>>>>>>>>>>>>>
Request:
simple_cpu_burn: OK 
=========================
Session:
Session(Acceptance test,41,1580331636551,Map(gatling.http.ssl.sslContexts -> SslContexts(io.netty.handler.ssl.JdkSslContext@7a870d23,None), gatling.http.cache.dns -> io.gatling.http.cache.DnsCacheSupport$$anon$1@5898ac4b, gatling.http.cache.baseUrl -> http://localhost:8080),0,OK,List(),io.gatling.core.protocol.ProtocolComponentsRegistry$$Lambda$598/0x000000084055d840@452b12e)
=========================
HTTP request:
GET http://localhost:8080/cpu/magic-identity-check?matrixSize=133
headers=
Accept: */*
Content-Type: application/json;charset=UTF-8
Accept-Language: en-US,en;q=0.8,nl;q=0.6
User-Agent: Mozilla/5.0 (Windows NT 6.1; WOW64) AppleWebKit/537.36 (KHTML, like Gecko) Chrome/38.0.2125.111 Safari/537.36
accept-encoding: gzip,deflate,sdch
host: localhost:8080
=========================
HTTP response:
status=
200 
headers= 
Content-Type: application/json;charset=UTF-8
Transfer-Encoding: chunked
Date: Wed, 29 Jan 2020 21:00:36 GMT

body=
{"message":"A simple magic square multiplied by an identity square of size [133] [is equal] to the magic square.","name":"Simple-PropertiesFileName","durationInMillis":9}
<<<<<<<<<<<<<<<<<<<<<<<<<
22:00:36.566 [DEBUG] i.g.c.a.Pause - Pausing for 3481ms (real=3480ms)
22:00:36.632 [DEBUG] i.g.h.e.t.HttpTxExecutor - Sending request=simple_mini_leak uri=http://localhost:8080/memory/grow?objects=8&items=54: scenario=Acceptance test, userId=33
22:00:36.632 [DEBUG] i.g.h.c.i.HttpAppHandler - Write request WritableRequest{request=DefaultFullHttpRequest(decodeResult: success, version: HTTP/1.1, content: UnpooledByteBufAllocator$InstrumentedUnpooledUnsafeHeapByteBuf(ridx: 0, widx: 0, cap: 0))
GET /memory/grow?objects=8&items=54 HTTP/1.1
Accept: */*
Content-Type: application/json;charset=UTF-8
Accept-Language: en-US,en;q=0.8,nl;q=0.6
User-Agent: Mozilla/5.0 (Windows NT 6.1; WOW64) AppleWebKit/537.36 (KHTML, like Gecko) Chrome/38.0.2125.111 Safari/537.36
accept-encoding: gzip,deflate,sdch
host: localhost:8080, content=null}
22:00:36.640 [DEBUG] i.g.h.c.i.HttpAppHandler - Read msg='DefaultHttpResponse(decodeResult: success, version: HTTP/1.1)
HTTP/1.1 200 
Content-Type: application/json;charset=UTF-8
Transfer-Encoding: chunked
Date: Wed, 29 Jan 2020 21:00:36 GMT'
22:00:36.640 [DEBUG] i.g.h.c.i.HttpAppHandler - Read msg='DefaultHttpContent(data: PooledSlicedByteBuf(ridx: 0, widx: 144, cap: 144/144, unwrapped: PooledUnsafeDirectByteBuf(ridx: 278, widx: 283, cap: 512)), decoderResult: success)'
22:00:36.640 [DEBUG] i.g.h.c.i.HttpAppHandler - Read msg='EmptyLastHttpContent'
22:00:36.641 [TRACE] i.g.h.e.r.DefaultStatsProcessor - 
>>>>>>>>>>>>>>>>>>>>>>>>>>
Request:
simple_mini_leak: OK 
=========================
Session:
Session(Acceptance test,33,1580331631052,Map(gatling.http.ssl.sslContexts -> SslContexts(io.netty.handler.ssl.JdkSslContext@247dcb6d,None), gatling.http.cache.dns -> io.gatling.http.cache.DnsCacheSupport$$anon$1@5898ac4b, gatling.http.cache.baseUrl -> http://localhost:8080),15,OK,List(),io.gatling.core.protocol.ProtocolComponentsRegistry$$Lambda$598/0x000000084055d840@452b12e)
=========================
HTTP request:
GET http://localhost:8080/memory/grow?objects=8&items=54
headers=
Accept: */*
Content-Type: application/json;charset=UTF-8
Accept-Language: en-US,en;q=0.8,nl;q=0.6
User-Agent: Mozilla/5.0 (Windows NT 6.1; WOW64) AppleWebKit/537.36 (KHTML, like Gecko) Chrome/38.0.2125.111 Safari/537.36
accept-encoding: gzip,deflate,sdch
host: localhost:8080
=========================
HTTP response:
status=
200 
headers= 
Content-Type: application/json;charset=UTF-8
Transfer-Encoding: chunked
Date: Wed, 29 Jan 2020 21:00:36 GMT

body=
{"message":"Size of BigFatBastard list is now 11288 objects. It contains 609552 items.","name":"Simple-PropertiesFileName","durationInMillis":5}
<<<<<<<<<<<<<<<<<<<<<<<<<
22:00:36.641 [DEBUG] i.g.c.a.Pause - Pausing for 1639ms (real=1623ms)
22:00:36.752 [DEBUG] i.g.h.e.t.HttpTxExecutor - Sending request=simple_delay uri=http://localhost:8080/delay?duration=555: scenario=Acceptance test, userId=34
22:00:36.753 [DEBUG] i.g.h.c.i.HttpAppHandler - Write request WritableRequest{request=DefaultFullHttpRequest(decodeResult: success, version: HTTP/1.1, content: UnpooledByteBufAllocator$InstrumentedUnpooledUnsafeHeapByteBuf(ridx: 0, widx: 0, cap: 0))
GET /delay?duration=555 HTTP/1.1
Accept: */*
Content-Type: application/json;charset=UTF-8
Accept-Language: en-US,en;q=0.8,nl;q=0.6
User-Agent: Mozilla/5.0 (Windows NT 6.1; WOW64) AppleWebKit/537.36 (KHTML, like Gecko) Chrome/38.0.2125.111 Safari/537.36
accept-encoding: gzip,deflate,sdch
host: localhost:8080, content=null}
22:00:36.822 [DEBUG] i.g.h.e.t.HttpTxExecutor - Sending request=upload-file uri=http://localhost:8080/files/upload: scenario=Acceptance test, userId=30
22:00:36.823 [DEBUG] i.g.h.c.i.HttpAppHandler - Write request WritableRequest{request=DefaultHttpRequest(decodeResult: success, version: HTTP/1.1)
POST /files/upload HTTP/1.1
Accept: */*
Accept-Language: en-US,en;q=0.8,nl;q=0.6
User-Agent: Mozilla/5.0 (Windows NT 6.1; WOW64) AppleWebKit/537.36 (KHTML, like Gecko) Chrome/38.0.2125.111 Safari/537.36
accept-encoding: gzip,deflate,sdch
host: localhost:8080
content-type: multipart/form-data; boundary=_tRdljmT07Vd0FCsOChUUCB-wH2qWmwdJAE
content-length: 220, content=io.gatling.http.client.body.multipart.impl.MultipartFileRegion@6802dd95}
22:00:36.827 [DEBUG] i.g.h.c.i.HttpAppHandler - Read msg='DefaultHttpResponse(decodeResult: success, version: HTTP/1.1)
HTTP/1.1 200 
Content-Type: text/plain;charset=UTF-8
Content-Length: 62
Date: Wed, 29 Jan 2020 21:00:36 GMT'
22:00:36.827 [DEBUG] i.g.h.c.i.HttpAppHandler - Read msg='DefaultLastHttpContent(data: PooledSlicedByteBuf(ridx: 0, widx: 62, cap: 62/62, unwrapped: PooledUnsafeDirectByteBuf(ridx: 176, widx: 176, cap: 512)), decoderResult: success)'
22:00:36.828 [TRACE] i.g.h.e.r.DefaultStatsProcessor - 
>>>>>>>>>>>>>>>>>>>>>>>>>>
Request:
upload-file: OK 
=========================
Session:
Session(Acceptance test,30,1580331629051,Map(gatling.http.ssl.sslContexts -> SslContexts(io.netty.handler.ssl.JdkSslContext@5adb3252,None), gatling.http.cache.dns -> io.gatling.http.cache.DnsCacheSupport$$anon$1@5898ac4b, gatling.http.cache.baseUrl -> http://localhost:8080),24,OK,List(),io.gatling.core.protocol.ProtocolComponentsRegistry$$Lambda$598/0x000000084055d840@452b12e)
=========================
HTTP request:
POST http://localhost:8080/files/upload
headers=
Accept: */*
Accept-Language: en-US,en;q=0.8,nl;q=0.6
User-Agent: Mozilla/5.0 (Windows NT 6.1; WOW64) AppleWebKit/537.36 (KHTML, like Gecko) Chrome/38.0.2125.111 Safari/537.36
accept-encoding: gzip,deflate,sdch
host: localhost:8080
content-type: multipart/form-data; boundary=_tRdljmT07Vd0FCsOChUUCB-wH2qWmwdJAE
content-length: 220
multipartBody=
ByteArrayPart: name=upload contentType=text/plain dispositionType=null charset=UTF-8 transferEncoding=null contentId=null filename=gatling-upload.txt
=========================
HTTP response:
status=
200 
headers= 
Content-Type: text/plain;charset=UTF-8
Content-Length: 62
Date: Wed, 29 Jan 2020 21:00:36 GMT

body=
File upload succeeded [gatling-upload.txt] of size [17] bytes.
<<<<<<<<<<<<<<<<<<<<<<<<<
22:00:36.828 [DEBUG] i.g.c.a.Exit - End user #30
22:00:36.829 [DEBUG] i.g.c.c.i.Injector - End user #30
22:00:37.052 [DEBUG] i.g.h.e.t.HttpTxExecutor - Sending request=simple_cpu_burn uri=http://localhost:8080/cpu/magic-identity-check?matrixSize=133: scenario=Acceptance test, userId=42
22:00:37.052 [DEBUG] i.g.c.c.i.o.OpenWorkload - Start user #42
22:00:37.054 [DEBUG] i.g.h.c.i.HttpAppHandler - Write request WritableRequest{request=DefaultFullHttpRequest(decodeResult: success, version: HTTP/1.1, content: UnpooledByteBufAllocator$InstrumentedUnpooledUnsafeHeapByteBuf(ridx: 0, widx: 0, cap: 0))
GET /cpu/magic-identity-check?matrixSize=133 HTTP/1.1
Accept: */*
Content-Type: application/json;charset=UTF-8
Accept-Language: en-US,en;q=0.8,nl;q=0.6
User-Agent: Mozilla/5.0 (Windows NT 6.1; WOW64) AppleWebKit/537.36 (KHTML, like Gecko) Chrome/38.0.2125.111 Safari/537.36
accept-encoding: gzip,deflate,sdch
host: localhost:8080, content=null}
22:00:37.066 [DEBUG] i.g.h.c.i.HttpAppHandler - Read msg='DefaultHttpResponse(decodeResult: success, version: HTTP/1.1)
HTTP/1.1 200 
Content-Type: application/json;charset=UTF-8
Transfer-Encoding: chunked
Date: Wed, 29 Jan 2020 21:00:37 GMT'
22:00:37.066 [DEBUG] i.g.h.c.i.HttpAppHandler - Read msg='DefaultHttpContent(data: PooledSlicedByteBuf(ridx: 0, widx: 170, cap: 170/170, unwrapped: PooledUnsafeDirectByteBuf(ridx: 304, widx: 309, cap: 1024)), decoderResult: success)'
22:00:37.066 [DEBUG] i.g.h.c.i.HttpAppHandler - Read msg='EmptyLastHttpContent'
22:00:37.067 [TRACE] i.g.h.e.r.DefaultStatsProcessor - 
>>>>>>>>>>>>>>>>>>>>>>>>>>
Request:
simple_cpu_burn: OK 
=========================
Session:
Session(Acceptance test,42,1580331637051,Map(gatling.http.ssl.sslContexts -> SslContexts(io.netty.handler.ssl.JdkSslContext@2c94d0d,None), gatling.http.cache.dns -> io.gatling.http.cache.DnsCacheSupport$$anon$1@5898ac4b, gatling.http.cache.baseUrl -> http://localhost:8080),0,OK,List(),io.gatling.core.protocol.ProtocolComponentsRegistry$$Lambda$598/0x000000084055d840@452b12e)
=========================
HTTP request:
GET http://localhost:8080/cpu/magic-identity-check?matrixSize=133
headers=
Accept: */*
Content-Type: application/json;charset=UTF-8
Accept-Language: en-US,en;q=0.8,nl;q=0.6
User-Agent: Mozilla/5.0 (Windows NT 6.1; WOW64) AppleWebKit/537.36 (KHTML, like Gecko) Chrome/38.0.2125.111 Safari/537.36
accept-encoding: gzip,deflate,sdch
host: localhost:8080
=========================
HTTP response:
status=
200 
headers= 
Content-Type: application/json;charset=UTF-8
Transfer-Encoding: chunked
Date: Wed, 29 Jan 2020 21:00:37 GMT

body=
{"message":"A simple magic square multiplied by an identity square of size [133] [is equal] to the magic square.","name":"Simple-PropertiesFileName","durationInMillis":9}
<<<<<<<<<<<<<<<<<<<<<<<<<
22:00:37.067 [DEBUG] i.g.c.a.Pause - Pausing for 2975ms (real=2974ms)
22:00:37.112 [DEBUG] i.g.h.e.t.HttpTxExecutor - Sending request=upload-file uri=http://localhost:8080/files/upload: scenario=Acceptance test, userId=37
22:00:37.112 [DEBUG] i.g.h.c.i.HttpAppHandler - Write request WritableRequest{request=DefaultHttpRequest(decodeResult: success, version: HTTP/1.1)
POST /files/upload HTTP/1.1
Accept: */*
Accept-Language: en-US,en;q=0.8,nl;q=0.6
User-Agent: Mozilla/5.0 (Windows NT 6.1; WOW64) AppleWebKit/537.36 (KHTML, like Gecko) Chrome/38.0.2125.111 Safari/537.36
accept-encoding: gzip,deflate,sdch
host: localhost:8080
content-type: multipart/form-data; boundary=bu1tdxf9h7ZJ9MjHxqzlHx2p8Rw2qZDZlmK
content-length: 220, content=io.gatling.http.client.body.multipart.impl.MultipartFileRegion@9783ab8}
22:00:37.116 [DEBUG] i.g.h.c.i.HttpAppHandler - Read msg='DefaultHttpResponse(decodeResult: success, version: HTTP/1.1)
HTTP/1.1 200 
Content-Type: text/plain;charset=UTF-8
Content-Length: 62
Date: Wed, 29 Jan 2020 21:00:37 GMT'
22:00:37.116 [DEBUG] i.g.h.c.i.HttpAppHandler - Read msg='DefaultLastHttpContent(data: PooledSlicedByteBuf(ridx: 0, widx: 62, cap: 62/62, unwrapped: PooledUnsafeDirectByteBuf(ridx: 176, widx: 176, cap: 496)), decoderResult: success)'
22:00:37.117 [TRACE] i.g.h.e.r.DefaultStatsProcessor - 
>>>>>>>>>>>>>>>>>>>>>>>>>>
Request:
upload-file: OK 
=========================
Session:
Session(Acceptance test,37,1580331633552,Map(gatling.http.ssl.sslContexts -> SslContexts(io.netty.handler.ssl.JdkSslContext@1bd77936,None), gatling.http.cache.dns -> io.gatling.http.cache.DnsCacheSupport$$anon$1@5898ac4b, gatling.http.cache.baseUrl -> http://localhost:8080),12,OK,List(),io.gatling.core.protocol.ProtocolComponentsRegistry$$Lambda$598/0x000000084055d840@452b12e)
=========================
HTTP request:
POST http://localhost:8080/files/upload
headers=
Accept: */*
Accept-Language: en-US,en;q=0.8,nl;q=0.6
User-Agent: Mozilla/5.0 (Windows NT 6.1; WOW64) AppleWebKit/537.36 (KHTML, like Gecko) Chrome/38.0.2125.111 Safari/537.36
accept-encoding: gzip,deflate,sdch
host: localhost:8080
content-type: multipart/form-data; boundary=bu1tdxf9h7ZJ9MjHxqzlHx2p8Rw2qZDZlmK
content-length: 220
multipartBody=
ByteArrayPart: name=upload contentType=text/plain dispositionType=null charset=UTF-8 transferEncoding=null contentId=null filename=gatling-upload.txt
=========================
HTTP response:
status=
200 
headers= 
Content-Type: text/plain;charset=UTF-8
Content-Length: 62
Date: Wed, 29 Jan 2020 21:00:37 GMT

body=
File upload succeeded [gatling-upload.txt] of size [17] bytes.
<<<<<<<<<<<<<<<<<<<<<<<<<
22:00:37.117 [DEBUG] i.g.c.a.Exit - End user #37
22:00:37.118 [DEBUG] i.g.c.c.i.Injector - End user #37
22:00:37.311 [DEBUG] i.g.h.c.i.HttpAppHandler - Read msg='DefaultHttpResponse(decodeResult: success, version: HTTP/1.1)
HTTP/1.1 200 
Content-Type: application/json;charset=UTF-8
Transfer-Encoding: chunked
Date: Wed, 29 Jan 2020 21:00:37 GMT'
22:00:37.311 [DEBUG] i.g.h.c.i.HttpAppHandler - Read msg='DefaultHttpContent(data: PooledSlicedByteBuf(ridx: 0, widx: 95, cap: 95/95, unwrapped: PooledUnsafeDirectByteBuf(ridx: 229, widx: 234, cap: 1024)), decoderResult: success)'
22:00:37.311 [DEBUG] i.g.h.c.i.HttpAppHandler - Read msg='EmptyLastHttpContent'
22:00:37.312 [TRACE] i.g.h.e.r.DefaultStatsProcessor - 
>>>>>>>>>>>>>>>>>>>>>>>>>>
Request:
simple_delay: OK 
=========================
Session:
Session(Acceptance test,34,1580331631551,Map(gatling.http.ssl.sslContexts -> SslContexts(io.netty.handler.ssl.JdkSslContext@36323206,None), gatling.http.cache.dns -> io.gatling.http.cache.DnsCacheSupport$$anon$1@5898ac4b, gatling.http.cache.baseUrl -> http://localhost:8080),23,OK,List(),io.gatling.core.protocol.ProtocolComponentsRegistry$$Lambda$598/0x000000084055d840@452b12e)
=========================
HTTP request:
GET http://localhost:8080/delay?duration=555
headers=
Accept: */*
Content-Type: application/json;charset=UTF-8
Accept-Language: en-US,en;q=0.8,nl;q=0.6
User-Agent: Mozilla/5.0 (Windows NT 6.1; WOW64) AppleWebKit/537.36 (KHTML, like Gecko) Chrome/38.0.2125.111 Safari/537.36
accept-encoding: gzip,deflate,sdch
host: localhost:8080
=========================
HTTP response:
status=
200 
headers= 
Content-Type: application/json;charset=UTF-8
Transfer-Encoding: chunked
Date: Wed, 29 Jan 2020 21:00:37 GMT

body=
{"message":"This was a delay of 555","name":"Simple-PropertiesFileName","durationInMillis":555}
<<<<<<<<<<<<<<<<<<<<<<<<<
22:00:37.312 [DEBUG] i.g.c.a.Pause - Pausing for 3077ms (real=3053ms)
22:00:37.402 [DEBUG] i.g.h.e.t.HttpTxExecutor - Sending request=simple_delay uri=http://localhost:8080/delay?duration=555: scenario=Acceptance test, userId=38
22:00:37.403 [DEBUG] i.g.h.c.i.HttpAppHandler - Write request WritableRequest{request=DefaultFullHttpRequest(decodeResult: success, version: HTTP/1.1, content: UnpooledByteBufAllocator$InstrumentedUnpooledUnsafeHeapByteBuf(ridx: 0, widx: 0, cap: 0))
GET /delay?duration=555 HTTP/1.1
Accept: */*
Content-Type: application/json;charset=UTF-8
Accept-Language: en-US,en;q=0.8,nl;q=0.6
User-Agent: Mozilla/5.0 (Windows NT 6.1; WOW64) AppleWebKit/537.36 (KHTML, like Gecko) Chrome/38.0.2125.111 Safari/537.36
accept-encoding: gzip,deflate,sdch
host: localhost:8080, content=null}
22:00:37.552 [DEBUG] i.g.c.c.i.o.OpenWorkload - Injecting 1 users in scenario Acceptance test, continue=true
22:00:37.552 [DEBUG] i.g.h.e.t.HttpTxExecutor - Sending request=simple_cpu_burn uri=http://localhost:8080/cpu/magic-identity-check?matrixSize=133: scenario=Acceptance test, userId=43
22:00:37.552 [DEBUG] i.g.c.c.i.o.OpenWorkload - Start user #43
22:00:37.553 [DEBUG] i.g.h.c.i.HttpAppHandler - Write request WritableRequest{request=DefaultFullHttpRequest(decodeResult: success, version: HTTP/1.1, content: UnpooledByteBufAllocator$InstrumentedUnpooledUnsafeHeapByteBuf(ridx: 0, widx: 0, cap: 0))
GET /cpu/magic-identity-check?matrixSize=133 HTTP/1.1
Accept: */*
Content-Type: application/json;charset=UTF-8
Accept-Language: en-US,en;q=0.8,nl;q=0.6
User-Agent: Mozilla/5.0 (Windows NT 6.1; WOW64) AppleWebKit/537.36 (KHTML, like Gecko) Chrome/38.0.2125.111 Safari/537.36
accept-encoding: gzip,deflate,sdch
host: localhost:8080, content=null}
22:00:37.556 [DEBUG] i.g.h.c.i.HttpAppHandler - Read msg='DefaultHttpResponse(decodeResult: success, version: HTTP/1.1)
HTTP/1.1 200 
Content-Type: application/json;charset=UTF-8
Transfer-Encoding: chunked
Date: Wed, 29 Jan 2020 21:00:37 GMT'
22:00:37.556 [DEBUG] i.g.h.c.i.HttpAppHandler - Read msg='DefaultHttpContent(data: PooledSlicedByteBuf(ridx: 0, widx: 170, cap: 170/170, unwrapped: PooledUnsafeDirectByteBuf(ridx: 304, widx: 309, cap: 1024)), decoderResult: success)'
22:00:37.556 [DEBUG] i.g.h.c.i.HttpAppHandler - Read msg='EmptyLastHttpContent'
22:00:37.557 [TRACE] i.g.h.e.r.DefaultStatsProcessor - 
>>>>>>>>>>>>>>>>>>>>>>>>>>
Request:
simple_cpu_burn: OK 
=========================
Session:
Session(Acceptance test,43,1580331637552,Map(gatling.http.ssl.sslContexts -> SslContexts(io.netty.handler.ssl.JdkSslContext@3fea3b45,None), gatling.http.cache.dns -> io.gatling.http.cache.DnsCacheSupport$$anon$1@5898ac4b, gatling.http.cache.baseUrl -> http://localhost:8080),0,OK,List(),io.gatling.core.protocol.ProtocolComponentsRegistry$$Lambda$598/0x000000084055d840@452b12e)
=========================
HTTP request:
GET http://localhost:8080/cpu/magic-identity-check?matrixSize=133
headers=
Accept: */*
Content-Type: application/json;charset=UTF-8
Accept-Language: en-US,en;q=0.8,nl;q=0.6
User-Agent: Mozilla/5.0 (Windows NT 6.1; WOW64) AppleWebKit/537.36 (KHTML, like Gecko) Chrome/38.0.2125.111 Safari/537.36
accept-encoding: gzip,deflate,sdch
host: localhost:8080
=========================
HTTP response:
status=
200 
headers= 
Content-Type: application/json;charset=UTF-8
Transfer-Encoding: chunked
Date: Wed, 29 Jan 2020 21:00:37 GMT

body=
{"message":"A simple magic square multiplied by an identity square of size [133] [is equal] to the magic square.","name":"Simple-PropertiesFileName","durationInMillis":2}
<<<<<<<<<<<<<<<<<<<<<<<<<
22:00:37.557 [DEBUG] i.g.c.a.Pause - Pausing for 5909ms (real=5908ms)
22:00:37.960 [DEBUG] i.g.h.c.i.HttpAppHandler - Read msg='DefaultHttpResponse(decodeResult: success, version: HTTP/1.1)
HTTP/1.1 200 
Content-Type: application/json;charset=UTF-8
Transfer-Encoding: chunked
Date: Wed, 29 Jan 2020 21:00:37 GMT'
22:00:37.961 [DEBUG] i.g.h.c.i.HttpAppHandler - Read msg='DefaultHttpContent(data: PooledSlicedByteBuf(ridx: 0, widx: 95, cap: 95/95, unwrapped: PooledUnsafeDirectByteBuf(ridx: 229, widx: 234, cap: 1024)), decoderResult: success)'
22:00:37.961 [DEBUG] i.g.h.c.i.HttpAppHandler - Read msg='EmptyLastHttpContent'
22:00:37.961 [TRACE] i.g.h.e.r.DefaultStatsProcessor - 
>>>>>>>>>>>>>>>>>>>>>>>>>>
Request:
simple_delay: OK 
=========================
Session:
Session(Acceptance test,38,1580331634551,Map(gatling.http.ssl.sslContexts -> SslContexts(io.netty.handler.ssl.JdkSslContext@7d6a617d,None), gatling.http.cache.dns -> io.gatling.http.cache.DnsCacheSupport$$anon$1@5898ac4b, gatling.http.cache.baseUrl -> http://localhost:8080),19,OK,List(),io.gatling.core.protocol.ProtocolComponentsRegistry$$Lambda$598/0x000000084055d840@452b12e)
=========================
HTTP request:
GET http://localhost:8080/delay?duration=555
headers=
Accept: */*
Content-Type: application/json;charset=UTF-8
Accept-Language: en-US,en;q=0.8,nl;q=0.6
User-Agent: Mozilla/5.0 (Windows NT 6.1; WOW64) AppleWebKit/537.36 (KHTML, like Gecko) Chrome/38.0.2125.111 Safari/537.36
accept-encoding: gzip,deflate,sdch
host: localhost:8080
=========================
HTTP response:
status=
200 
headers= 
Content-Type: application/json;charset=UTF-8
Transfer-Encoding: chunked
Date: Wed, 29 Jan 2020 21:00:37 GMT

body=
{"message":"This was a delay of 555","name":"Simple-PropertiesFileName","durationInMillis":555}
<<<<<<<<<<<<<<<<<<<<<<<<<
22:00:37.962 [DEBUG] i.g.c.a.Pause - Pausing for 1589ms (real=1569ms)
22:00:38.282 [DEBUG] i.g.h.e.t.HttpTxExecutor - Sending request=upload-file uri=http://localhost:8080/files/upload: scenario=Acceptance test, userId=33
22:00:38.282 [DEBUG] i.g.h.c.i.HttpAppHandler - Write request WritableRequest{request=DefaultHttpRequest(decodeResult: success, version: HTTP/1.1)
POST /files/upload HTTP/1.1
Accept: */*
Accept-Language: en-US,en;q=0.8,nl;q=0.6
User-Agent: Mozilla/5.0 (Windows NT 6.1; WOW64) AppleWebKit/537.36 (KHTML, like Gecko) Chrome/38.0.2125.111 Safari/537.36
accept-encoding: gzip,deflate,sdch
host: localhost:8080
content-type: multipart/form-data; boundary=DXStklkyQ-X5GhJYC4eumQRXf80c1GVa1ue
content-length: 220, content=io.gatling.http.client.body.multipart.impl.MultipartFileRegion@1e47724b}
22:00:38.285 [DEBUG] i.g.h.c.i.HttpAppHandler - Read msg='DefaultHttpResponse(decodeResult: success, version: HTTP/1.1)
HTTP/1.1 200 
Content-Type: text/plain;charset=UTF-8
Content-Length: 62
Date: Wed, 29 Jan 2020 21:00:38 GMT'
22:00:38.286 [DEBUG] i.g.h.c.i.HttpAppHandler - Read msg='DefaultLastHttpContent(data: PooledSlicedByteBuf(ridx: 0, widx: 62, cap: 62/62, unwrapped: PooledUnsafeDirectByteBuf(ridx: 176, widx: 176, cap: 512)), decoderResult: success)'
22:00:38.286 [TRACE] i.g.h.e.r.DefaultStatsProcessor - 
>>>>>>>>>>>>>>>>>>>>>>>>>>
Request:
upload-file: OK 
=========================
Session:
Session(Acceptance test,33,1580331631052,Map(gatling.http.ssl.sslContexts -> SslContexts(io.netty.handler.ssl.JdkSslContext@247dcb6d,None), gatling.http.cache.dns -> io.gatling.http.cache.DnsCacheSupport$$anon$1@5898ac4b, gatling.http.cache.baseUrl -> http://localhost:8080),17,OK,List(),io.gatling.core.protocol.ProtocolComponentsRegistry$$Lambda$598/0x000000084055d840@452b12e)
=========================
HTTP request:
POST http://localhost:8080/files/upload
headers=
Accept: */*
Accept-Language: en-US,en;q=0.8,nl;q=0.6
User-Agent: Mozilla/5.0 (Windows NT 6.1; WOW64) AppleWebKit/537.36 (KHTML, like Gecko) Chrome/38.0.2125.111 Safari/537.36
accept-encoding: gzip,deflate,sdch
host: localhost:8080
content-type: multipart/form-data; boundary=DXStklkyQ-X5GhJYC4eumQRXf80c1GVa1ue
content-length: 220
multipartBody=
ByteArrayPart: name=upload contentType=text/plain dispositionType=null charset=UTF-8 transferEncoding=null contentId=null filename=gatling-upload.txt
=========================
HTTP response:
status=
200 
headers= 
Content-Type: text/plain;charset=UTF-8
Content-Length: 62
Date: Wed, 29 Jan 2020 21:00:38 GMT

body=
File upload succeeded [gatling-upload.txt] of size [17] bytes.
<<<<<<<<<<<<<<<<<<<<<<<<<
22:00:38.287 [DEBUG] i.g.c.a.Exit - End user #33
22:00:38.287 [DEBUG] i.g.c.c.i.Injector - End user #33
22:00:38.553 [DEBUG] i.g.h.e.t.HttpTxExecutor - Sending request=simple_cpu_burn uri=http://localhost:8080/cpu/magic-identity-check?matrixSize=133: scenario=Acceptance test, userId=44
22:00:38.553 [DEBUG] i.g.c.c.i.o.OpenWorkload - Injecting 2 users in scenario Acceptance test, continue=true
22:00:38.553 [DEBUG] i.g.c.c.i.o.OpenWorkload - Start user #44
22:00:38.555 [DEBUG] i.g.h.c.i.HttpAppHandler - Write request WritableRequest{request=DefaultFullHttpRequest(decodeResult: success, version: HTTP/1.1, content: UnpooledByteBufAllocator$InstrumentedUnpooledUnsafeHeapByteBuf(ridx: 0, widx: 0, cap: 0))
GET /cpu/magic-identity-check?matrixSize=133 HTTP/1.1
Accept: */*
Content-Type: application/json;charset=UTF-8
Accept-Language: en-US,en;q=0.8,nl;q=0.6
User-Agent: Mozilla/5.0 (Windows NT 6.1; WOW64) AppleWebKit/537.36 (KHTML, like Gecko) Chrome/38.0.2125.111 Safari/537.36
accept-encoding: gzip,deflate,sdch
host: localhost:8080, content=null}
22:00:38.564 [DEBUG] i.g.h.c.i.HttpAppHandler - Read msg='DefaultHttpResponse(decodeResult: success, version: HTTP/1.1)
HTTP/1.1 200 
Content-Type: application/json;charset=UTF-8
Transfer-Encoding: chunked
Date: Wed, 29 Jan 2020 21:00:38 GMT'
22:00:38.565 [DEBUG] i.g.h.c.i.HttpAppHandler - Read msg='DefaultHttpContent(data: PooledSlicedByteBuf(ridx: 0, widx: 170, cap: 170/170, unwrapped: PooledUnsafeDirectByteBuf(ridx: 304, widx: 309, cap: 1024)), decoderResult: success)'
22:00:38.565 [DEBUG] i.g.h.c.i.HttpAppHandler - Read msg='EmptyLastHttpContent'
22:00:38.565 [TRACE] i.g.h.e.r.DefaultStatsProcessor - 
>>>>>>>>>>>>>>>>>>>>>>>>>>
Request:
simple_cpu_burn: OK 
=========================
Session:
Session(Acceptance test,44,1580331638552,Map(gatling.http.ssl.sslContexts -> SslContexts(io.netty.handler.ssl.JdkSslContext@3027de9,None), gatling.http.cache.dns -> io.gatling.http.cache.DnsCacheSupport$$anon$1@5898ac4b, gatling.http.cache.baseUrl -> http://localhost:8080),0,OK,List(),io.gatling.core.protocol.ProtocolComponentsRegistry$$Lambda$598/0x000000084055d840@452b12e)
=========================
HTTP request:
GET http://localhost:8080/cpu/magic-identity-check?matrixSize=133
headers=
Accept: */*
Content-Type: application/json;charset=UTF-8
Accept-Language: en-US,en;q=0.8,nl;q=0.6
User-Agent: Mozilla/5.0 (Windows NT 6.1; WOW64) AppleWebKit/537.36 (KHTML, like Gecko) Chrome/38.0.2125.111 Safari/537.36
accept-encoding: gzip,deflate,sdch
host: localhost:8080
=========================
HTTP response:
status=
200 
headers= 
Content-Type: application/json;charset=UTF-8
Transfer-Encoding: chunked
Date: Wed, 29 Jan 2020 21:00:38 GMT

body=
{"message":"A simple magic square multiplied by an identity square of size [133] [is equal] to the magic square.","name":"Simple-PropertiesFileName","durationInMillis":7}
<<<<<<<<<<<<<<<<<<<<<<<<<
22:00:38.565 [DEBUG] i.g.c.a.Pause - Pausing for 3126ms (real=3126ms)
22:00:38.931 [DEBUG] i.g.h.e.t.HttpTxExecutor - Sending request=simple_mini_leak uri=http://localhost:8080/memory/grow?objects=8&items=54: scenario=Acceptance test, userId=31
22:00:38.932 [DEBUG] i.g.h.c.i.HttpAppHandler - Write request WritableRequest{request=DefaultFullHttpRequest(decodeResult: success, version: HTTP/1.1, content: UnpooledByteBufAllocator$InstrumentedUnpooledUnsafeHeapByteBuf(ridx: 0, widx: 0, cap: 0))
GET /memory/grow?objects=8&items=54 HTTP/1.1
Accept: */*
Content-Type: application/json;charset=UTF-8
Accept-Language: en-US,en;q=0.8,nl;q=0.6
User-Agent: Mozilla/5.0 (Windows NT 6.1; WOW64) AppleWebKit/537.36 (KHTML, like Gecko) Chrome/38.0.2125.111 Safari/537.36
accept-encoding: gzip,deflate,sdch
host: localhost:8080, content=null}
22:00:38.939 [DEBUG] i.g.h.c.i.HttpAppHandler - Read msg='DefaultHttpResponse(decodeResult: success, version: HTTP/1.1)
HTTP/1.1 200 
Content-Type: application/json;charset=UTF-8
Transfer-Encoding: chunked
Date: Wed, 29 Jan 2020 21:00:38 GMT'
22:00:38.939 [DEBUG] i.g.h.c.i.HttpAppHandler - Read msg='DefaultHttpContent(data: PooledSlicedByteBuf(ridx: 0, widx: 144, cap: 144/144, unwrapped: PooledUnsafeDirectByteBuf(ridx: 278, widx: 278, cap: 512)), decoderResult: success)'
22:00:38.940 [DEBUG] i.g.h.c.i.HttpAppHandler - Read msg='EmptyLastHttpContent'
22:00:38.940 [TRACE] i.g.h.e.r.DefaultStatsProcessor - 
>>>>>>>>>>>>>>>>>>>>>>>>>>
Request:
simple_mini_leak: OK 
=========================
Session:
Session(Acceptance test,31,1580331629551,Map(gatling.http.ssl.sslContexts -> SslContexts(io.netty.handler.ssl.JdkSslContext@221ede19,None), gatling.http.cache.dns -> io.gatling.http.cache.DnsCacheSupport$$anon$1@5898ac4b, gatling.http.cache.baseUrl -> http://localhost:8080),20,OK,List(),io.gatling.core.protocol.ProtocolComponentsRegistry$$Lambda$598/0x000000084055d840@452b12e)
=========================
HTTP request:
GET http://localhost:8080/memory/grow?objects=8&items=54
headers=
Accept: */*
Content-Type: application/json;charset=UTF-8
Accept-Language: en-US,en;q=0.8,nl;q=0.6
User-Agent: Mozilla/5.0 (Windows NT 6.1; WOW64) AppleWebKit/537.36 (KHTML, like Gecko) Chrome/38.0.2125.111 Safari/537.36
accept-encoding: gzip,deflate,sdch
host: localhost:8080
=========================
HTTP response:
status=
200 
headers= 
Content-Type: application/json;charset=UTF-8
Transfer-Encoding: chunked
Date: Wed, 29 Jan 2020 21:00:38 GMT

body=
{"message":"Size of BigFatBastard list is now 11296 objects. It contains 609984 items.","name":"Simple-PropertiesFileName","durationInMillis":5}
<<<<<<<<<<<<<<<<<<<<<<<<<
22:00:38.941 [DEBUG] i.g.c.a.Pause - Pausing for 6527ms (real=6507ms)
22:00:39.053 [DEBUG] i.g.h.e.t.HttpTxExecutor - Sending request=simple_cpu_burn uri=http://localhost:8080/cpu/magic-identity-check?matrixSize=133: scenario=Acceptance test, userId=45
22:00:39.053 [DEBUG] i.g.c.c.i.o.OpenWorkload - Start user #45
22:00:39.054 [DEBUG] i.g.h.c.i.HttpAppHandler - Write request WritableRequest{request=DefaultFullHttpRequest(decodeResult: success, version: HTTP/1.1, content: UnpooledByteBufAllocator$InstrumentedUnpooledUnsafeHeapByteBuf(ridx: 0, widx: 0, cap: 0))
GET /cpu/magic-identity-check?matrixSize=133 HTTP/1.1
Accept: */*
Content-Type: application/json;charset=UTF-8
Accept-Language: en-US,en;q=0.8,nl;q=0.6
User-Agent: Mozilla/5.0 (Windows NT 6.1; WOW64) AppleWebKit/537.36 (KHTML, like Gecko) Chrome/38.0.2125.111 Safari/537.36
accept-encoding: gzip,deflate,sdch
host: localhost:8080, content=null}
22:00:39.066 [DEBUG] i.g.h.c.i.HttpAppHandler - Read msg='DefaultHttpResponse(decodeResult: success, version: HTTP/1.1)
HTTP/1.1 200 
Content-Type: application/json;charset=UTF-8
Transfer-Encoding: chunked
Date: Wed, 29 Jan 2020 21:00:38 GMT'
22:00:39.066 [DEBUG] i.g.h.c.i.HttpAppHandler - Read msg='DefaultHttpContent(data: PooledSlicedByteBuf(ridx: 0, widx: 170, cap: 170/170, unwrapped: PooledUnsafeDirectByteBuf(ridx: 304, widx: 309, cap: 1024)), decoderResult: success)'
22:00:39.066 [DEBUG] i.g.h.c.i.HttpAppHandler - Read msg='EmptyLastHttpContent'
22:00:39.067 [TRACE] i.g.h.e.r.DefaultStatsProcessor - 
>>>>>>>>>>>>>>>>>>>>>>>>>>
Request:
simple_cpu_burn: OK 
=========================
Session:
Session(Acceptance test,45,1580331639052,Map(gatling.http.ssl.sslContexts -> SslContexts(io.netty.handler.ssl.JdkSslContext@66293aad,None), gatling.http.cache.dns -> io.gatling.http.cache.DnsCacheSupport$$anon$1@5898ac4b, gatling.http.cache.baseUrl -> http://localhost:8080),0,OK,List(),io.gatling.core.protocol.ProtocolComponentsRegistry$$Lambda$598/0x000000084055d840@452b12e)
=========================
HTTP request:
GET http://localhost:8080/cpu/magic-identity-check?matrixSize=133
headers=
Accept: */*
Content-Type: application/json;charset=UTF-8
Accept-Language: en-US,en;q=0.8,nl;q=0.6
User-Agent: Mozilla/5.0 (Windows NT 6.1; WOW64) AppleWebKit/537.36 (KHTML, like Gecko) Chrome/38.0.2125.111 Safari/537.36
accept-encoding: gzip,deflate,sdch
host: localhost:8080
=========================
HTTP response:
status=
200 
headers= 
Content-Type: application/json;charset=UTF-8
Transfer-Encoding: chunked
Date: Wed, 29 Jan 2020 21:00:38 GMT

body=
{"message":"A simple magic square multiplied by an identity square of size [133] [is equal] to the magic square.","name":"Simple-PropertiesFileName","durationInMillis":9}
<<<<<<<<<<<<<<<<<<<<<<<<<
22:00:39.067 [DEBUG] i.g.c.a.Pause - Pausing for 336ms (real=335ms)

================================================================================
2020-01-29 22:00:39                                          35s elapsed
---- Requests ------------------------------------------------------------------
> Global                                                   (OK=144    KO=1     )
> simple_cpu_burn                                          (OK=45     KO=0     )
> simple_delay                                             (OK=37     KO=0     )
> simple_mini_leak                                         (OK=33     KO=1     )
> upload-file                                              (OK=29     KO=0     )
---- Errors --------------------------------------------------------------------
> status.find.is(200), but actually found 500                         1 (100.0%)

---- Acceptance test -----------------------------------------------------------
[###--                                                                     ]  4%
          waiting: 645    / active: 16     / done: 29    
================================================================================

22:00:39.422 [DEBUG] i.g.h.e.t.HttpTxExecutor - Sending request=simple_delay uri=http://localhost:8080/delay?duration=555: scenario=Acceptance test, userId=45
22:00:39.422 [DEBUG] i.g.h.c.i.HttpAppHandler - Write request WritableRequest{request=DefaultFullHttpRequest(decodeResult: success, version: HTTP/1.1, content: UnpooledByteBufAllocator$InstrumentedUnpooledUnsafeHeapByteBuf(ridx: 0, widx: 0, cap: 0))
GET /delay?duration=555 HTTP/1.1
Accept: */*
Content-Type: application/json;charset=UTF-8
Accept-Language: en-US,en;q=0.8,nl;q=0.6
User-Agent: Mozilla/5.0 (Windows NT 6.1; WOW64) AppleWebKit/537.36 (KHTML, like Gecko) Chrome/38.0.2125.111 Safari/537.36
accept-encoding: gzip,deflate,sdch
host: localhost:8080, content=null}
22:00:39.531 [DEBUG] i.g.h.e.t.HttpTxExecutor - Sending request=simple_mini_leak uri=http://localhost:8080/memory/grow?objects=8&items=54: scenario=Acceptance test, userId=32
22:00:39.532 [DEBUG] i.g.h.c.i.HttpAppHandler - Write request WritableRequest{request=DefaultFullHttpRequest(decodeResult: success, version: HTTP/1.1, content: UnpooledByteBufAllocator$InstrumentedUnpooledUnsafeHeapByteBuf(ridx: 0, widx: 0, cap: 0))
GET /memory/grow?objects=8&items=54 HTTP/1.1
Accept: */*
Content-Type: application/json;charset=UTF-8
Accept-Language: en-US,en;q=0.8,nl;q=0.6
User-Agent: Mozilla/5.0 (Windows NT 6.1; WOW64) AppleWebKit/537.36 (KHTML, like Gecko) Chrome/38.0.2125.111 Safari/537.36
accept-encoding: gzip,deflate,sdch
host: localhost:8080, content=null}
22:00:39.539 [DEBUG] i.g.h.c.i.HttpAppHandler - Read msg='DefaultHttpResponse(decodeResult: success, version: HTTP/1.1)
HTTP/1.1 200 
Content-Type: application/json;charset=UTF-8
Transfer-Encoding: chunked
Date: Wed, 29 Jan 2020 21:00:39 GMT'
22:00:39.539 [DEBUG] i.g.h.c.i.HttpAppHandler - Read msg='DefaultHttpContent(data: PooledSlicedByteBuf(ridx: 0, widx: 144, cap: 144/144, unwrapped: PooledUnsafeDirectByteBuf(ridx: 278, widx: 283, cap: 512)), decoderResult: success)'
22:00:39.539 [DEBUG] i.g.h.c.i.HttpAppHandler - Read msg='EmptyLastHttpContent'
22:00:39.540 [TRACE] i.g.h.e.r.DefaultStatsProcessor - 
>>>>>>>>>>>>>>>>>>>>>>>>>>
Request:
simple_mini_leak: OK 
=========================
Session:
Session(Acceptance test,32,1580331630552,Map(gatling.http.ssl.sslContexts -> SslContexts(io.netty.handler.ssl.JdkSslContext@153b8b2,None), gatling.http.cache.dns -> io.gatling.http.cache.DnsCacheSupport$$anon$1@5898ac4b, gatling.http.cache.baseUrl -> http://localhost:8080),26,OK,List(),io.gatling.core.protocol.ProtocolComponentsRegistry$$Lambda$598/0x000000084055d840@452b12e)
=========================
HTTP request:
GET http://localhost:8080/memory/grow?objects=8&items=54
headers=
Accept: */*
Content-Type: application/json;charset=UTF-8
Accept-Language: en-US,en;q=0.8,nl;q=0.6
User-Agent: Mozilla/5.0 (Windows NT 6.1; WOW64) AppleWebKit/537.36 (KHTML, like Gecko) Chrome/38.0.2125.111 Safari/537.36
accept-encoding: gzip,deflate,sdch
host: localhost:8080
=========================
HTTP response:
status=
200 
headers= 
Content-Type: application/json;charset=UTF-8
Transfer-Encoding: chunked
Date: Wed, 29 Jan 2020 21:00:39 GMT

body=
{"message":"Size of BigFatBastard list is now 11304 objects. It contains 610416 items.","name":"Simple-PropertiesFileName","durationInMillis":5}
<<<<<<<<<<<<<<<<<<<<<<<<<
22:00:39.540 [DEBUG] i.g.c.a.Pause - Pausing for 3074ms (real=3047ms)
22:00:39.552 [DEBUG] i.g.h.e.t.HttpTxExecutor - Sending request=simple_mini_leak uri=http://localhost:8080/memory/grow?objects=8&items=54: scenario=Acceptance test, userId=38
22:00:39.552 [DEBUG] i.g.c.c.i.o.OpenWorkload - Injecting 1 users in scenario Acceptance test, continue=true
22:00:39.552 [DEBUG] i.g.h.c.i.HttpAppHandler - Write request WritableRequest{request=DefaultFullHttpRequest(decodeResult: success, version: HTTP/1.1, content: UnpooledByteBufAllocator$InstrumentedUnpooledUnsafeHeapByteBuf(ridx: 0, widx: 0, cap: 0))
GET /memory/grow?objects=8&items=54 HTTP/1.1
Accept: */*
Content-Type: application/json;charset=UTF-8
Accept-Language: en-US,en;q=0.8,nl;q=0.6
User-Agent: Mozilla/5.0 (Windows NT 6.1; WOW64) AppleWebKit/537.36 (KHTML, like Gecko) Chrome/38.0.2125.111 Safari/537.36
accept-encoding: gzip,deflate,sdch
host: localhost:8080, content=null}
22:00:39.552 [DEBUG] i.g.h.e.t.HttpTxExecutor - Sending request=simple_cpu_burn uri=http://localhost:8080/cpu/magic-identity-check?matrixSize=133: scenario=Acceptance test, userId=46
22:00:39.553 [DEBUG] i.g.c.c.i.o.OpenWorkload - Start user #46
22:00:39.554 [DEBUG] i.g.h.c.i.HttpAppHandler - Write request WritableRequest{request=DefaultFullHttpRequest(decodeResult: success, version: HTTP/1.1, content: UnpooledByteBufAllocator$InstrumentedUnpooledUnsafeHeapByteBuf(ridx: 0, widx: 0, cap: 0))
GET /cpu/magic-identity-check?matrixSize=133 HTTP/1.1
Accept: */*
Content-Type: application/json;charset=UTF-8
Accept-Language: en-US,en;q=0.8,nl;q=0.6
User-Agent: Mozilla/5.0 (Windows NT 6.1; WOW64) AppleWebKit/537.36 (KHTML, like Gecko) Chrome/38.0.2125.111 Safari/537.36
accept-encoding: gzip,deflate,sdch
host: localhost:8080, content=null}
22:00:39.560 [DEBUG] i.g.h.c.i.HttpAppHandler - Read msg='DefaultHttpResponse(decodeResult: success, version: HTTP/1.1)
HTTP/1.1 200 
Content-Type: application/json;charset=UTF-8
Transfer-Encoding: chunked
Date: Wed, 29 Jan 2020 21:00:39 GMT'
22:00:39.560 [DEBUG] i.g.h.c.i.HttpAppHandler - Read msg='DefaultHttpContent(data: PooledSlicedByteBuf(ridx: 0, widx: 144, cap: 144/144, unwrapped: PooledUnsafeDirectByteBuf(ridx: 278, widx: 283, cap: 512)), decoderResult: success)'
22:00:39.560 [DEBUG] i.g.h.c.i.HttpAppHandler - Read msg='EmptyLastHttpContent'
22:00:39.561 [TRACE] i.g.h.e.r.DefaultStatsProcessor - 
>>>>>>>>>>>>>>>>>>>>>>>>>>
Request:
simple_mini_leak: OK 
=========================
Session:
Session(Acceptance test,38,1580331634551,Map(gatling.http.ssl.sslContexts -> SslContexts(io.netty.handler.ssl.JdkSslContext@7d6a617d,None), gatling.http.cache.dns -> io.gatling.http.cache.DnsCacheSupport$$anon$1@5898ac4b, gatling.http.cache.baseUrl -> http://localhost:8080),20,OK,List(),io.gatling.core.protocol.ProtocolComponentsRegistry$$Lambda$598/0x000000084055d840@452b12e)
=========================
HTTP request:
GET http://localhost:8080/memory/grow?objects=8&items=54
headers=
Accept: */*
Content-Type: application/json;charset=UTF-8
Accept-Language: en-US,en;q=0.8,nl;q=0.6
User-Agent: Mozilla/5.0 (Windows NT 6.1; WOW64) AppleWebKit/537.36 (KHTML, like Gecko) Chrome/38.0.2125.111 Safari/537.36
accept-encoding: gzip,deflate,sdch
host: localhost:8080
=========================
HTTP response:
status=
200 
headers= 
Content-Type: application/json;charset=UTF-8
Transfer-Encoding: chunked
Date: Wed, 29 Jan 2020 21:00:39 GMT

body=
{"message":"Size of BigFatBastard list is now 11312 objects. It contains 610848 items.","name":"Simple-PropertiesFileName","durationInMillis":5}
<<<<<<<<<<<<<<<<<<<<<<<<<
22:00:39.561 [DEBUG] i.g.c.a.Pause - Pausing for 636ms (real=615ms)
22:00:39.565 [DEBUG] i.g.h.c.i.HttpAppHandler - Read msg='DefaultHttpResponse(decodeResult: success, version: HTTP/1.1)
HTTP/1.1 200 
Content-Type: application/json;charset=UTF-8
Transfer-Encoding: chunked
Date: Wed, 29 Jan 2020 21:00:39 GMT'
22:00:39.565 [DEBUG] i.g.h.c.i.HttpAppHandler - Read msg='DefaultHttpContent(data: PooledSlicedByteBuf(ridx: 0, widx: 170, cap: 170/170, unwrapped: PooledUnsafeDirectByteBuf(ridx: 304, widx: 309, cap: 1024)), decoderResult: success)'
22:00:39.565 [DEBUG] i.g.h.c.i.HttpAppHandler - Read msg='EmptyLastHttpContent'
22:00:39.566 [TRACE] i.g.h.e.r.DefaultStatsProcessor - 
>>>>>>>>>>>>>>>>>>>>>>>>>>
Request:
simple_cpu_burn: OK 
=========================
Session:
Session(Acceptance test,46,1580331639552,Map(gatling.http.ssl.sslContexts -> SslContexts(io.netty.handler.ssl.JdkSslContext@57238a56,None), gatling.http.cache.dns -> io.gatling.http.cache.DnsCacheSupport$$anon$1@5898ac4b, gatling.http.cache.baseUrl -> http://localhost:8080),0,OK,List(),io.gatling.core.protocol.ProtocolComponentsRegistry$$Lambda$598/0x000000084055d840@452b12e)
=========================
HTTP request:
GET http://localhost:8080/cpu/magic-identity-check?matrixSize=133
headers=
Accept: */*
Content-Type: application/json;charset=UTF-8
Accept-Language: en-US,en;q=0.8,nl;q=0.6
User-Agent: Mozilla/5.0 (Windows NT 6.1; WOW64) AppleWebKit/537.36 (KHTML, like Gecko) Chrome/38.0.2125.111 Safari/537.36
accept-encoding: gzip,deflate,sdch
host: localhost:8080
=========================
HTTP response:
status=
200 
headers= 
Content-Type: application/json;charset=UTF-8
Transfer-Encoding: chunked
Date: Wed, 29 Jan 2020 21:00:39 GMT

body=
{"message":"A simple magic square multiplied by an identity square of size [133] [is equal] to the magic square.","name":"Simple-PropertiesFileName","durationInMillis":8}
<<<<<<<<<<<<<<<<<<<<<<<<<
22:00:39.566 [DEBUG] i.g.c.a.Pause - Pausing for 895ms (real=894ms)
22:00:39.980 [DEBUG] i.g.h.c.i.HttpAppHandler - Read msg='DefaultHttpResponse(decodeResult: success, version: HTTP/1.1)
HTTP/1.1 200 
Content-Type: application/json;charset=UTF-8
Transfer-Encoding: chunked
Date: Wed, 29 Jan 2020 21:00:39 GMT'
22:00:39.980 [DEBUG] i.g.h.c.i.HttpAppHandler - Read msg='DefaultHttpContent(data: PooledSlicedByteBuf(ridx: 0, widx: 95, cap: 95/95, unwrapped: PooledUnsafeDirectByteBuf(ridx: 229, widx: 234, cap: 1024)), decoderResult: success)'
22:00:39.981 [DEBUG] i.g.h.c.i.HttpAppHandler - Read msg='EmptyLastHttpContent'
22:00:39.981 [TRACE] i.g.h.e.r.DefaultStatsProcessor - 
>>>>>>>>>>>>>>>>>>>>>>>>>>
Request:
simple_delay: OK 
=========================
Session:
Session(Acceptance test,45,1580331639052,Map(gatling.http.ssl.sslContexts -> SslContexts(io.netty.handler.ssl.JdkSslContext@66293aad,None), gatling.http.cache.dns -> io.gatling.http.cache.DnsCacheSupport$$anon$1@5898ac4b, gatling.http.cache.baseUrl -> http://localhost:8080),20,OK,List(),io.gatling.core.protocol.ProtocolComponentsRegistry$$Lambda$598/0x000000084055d840@452b12e)
=========================
HTTP request:
GET http://localhost:8080/delay?duration=555
headers=
Accept: */*
Content-Type: application/json;charset=UTF-8
Accept-Language: en-US,en;q=0.8,nl;q=0.6
User-Agent: Mozilla/5.0 (Windows NT 6.1; WOW64) AppleWebKit/537.36 (KHTML, like Gecko) Chrome/38.0.2125.111 Safari/537.36
accept-encoding: gzip,deflate,sdch
host: localhost:8080
=========================
HTTP response:
status=
200 
headers= 
Content-Type: application/json;charset=UTF-8
Transfer-Encoding: chunked
Date: Wed, 29 Jan 2020 21:00:39 GMT

body=
{"message":"This was a delay of 555","name":"Simple-PropertiesFileName","durationInMillis":555}
<<<<<<<<<<<<<<<<<<<<<<<<<
22:00:39.982 [DEBUG] i.g.c.a.Pause - Pausing for 4006ms (real=3986ms)
22:00:40.063 [DEBUG] i.g.h.e.t.HttpTxExecutor - Sending request=simple_delay uri=http://localhost:8080/delay?duration=555: scenario=Acceptance test, userId=41
22:00:40.063 [DEBUG] i.g.h.e.t.HttpTxExecutor - Sending request=simple_delay uri=http://localhost:8080/delay?duration=555: scenario=Acceptance test, userId=42
22:00:40.063 [DEBUG] i.g.h.c.i.HttpAppHandler - Write request WritableRequest{request=DefaultFullHttpRequest(decodeResult: success, version: HTTP/1.1, content: UnpooledByteBufAllocator$InstrumentedUnpooledUnsafeHeapByteBuf(ridx: 0, widx: 0, cap: 0))
GET /delay?duration=555 HTTP/1.1
Accept: */*
Content-Type: application/json;charset=UTF-8
Accept-Language: en-US,en;q=0.8,nl;q=0.6
User-Agent: Mozilla/5.0 (Windows NT 6.1; WOW64) AppleWebKit/537.36 (KHTML, like Gecko) Chrome/38.0.2125.111 Safari/537.36
accept-encoding: gzip,deflate,sdch
host: localhost:8080, content=null}
22:00:40.063 [DEBUG] i.g.h.c.i.HttpAppHandler - Write request WritableRequest{request=DefaultFullHttpRequest(decodeResult: success, version: HTTP/1.1, content: UnpooledByteBufAllocator$InstrumentedUnpooledUnsafeHeapByteBuf(ridx: 0, widx: 0, cap: 0))
GET /delay?duration=555 HTTP/1.1
Accept: */*
Content-Type: application/json;charset=UTF-8
Accept-Language: en-US,en;q=0.8,nl;q=0.6
User-Agent: Mozilla/5.0 (Windows NT 6.1; WOW64) AppleWebKit/537.36 (KHTML, like Gecko) Chrome/38.0.2125.111 Safari/537.36
accept-encoding: gzip,deflate,sdch
host: localhost:8080, content=null}
22:00:40.193 [DEBUG] i.g.h.e.t.HttpTxExecutor - Sending request=upload-file uri=http://localhost:8080/files/upload: scenario=Acceptance test, userId=38
22:00:40.193 [DEBUG] i.g.h.c.i.HttpAppHandler - Write request WritableRequest{request=DefaultHttpRequest(decodeResult: success, version: HTTP/1.1)
POST /files/upload HTTP/1.1
Accept: */*
Accept-Language: en-US,en;q=0.8,nl;q=0.6
User-Agent: Mozilla/5.0 (Windows NT 6.1; WOW64) AppleWebKit/537.36 (KHTML, like Gecko) Chrome/38.0.2125.111 Safari/537.36
accept-encoding: gzip,deflate,sdch
host: localhost:8080
content-type: multipart/form-data; boundary=YmF6Y54mXFmbf1_P_Ir2Isd_hbNl4Ed0seZ
content-length: 220, content=io.gatling.http.client.body.multipart.impl.MultipartFileRegion@2bc5808}
22:00:40.197 [DEBUG] i.g.h.c.i.HttpAppHandler - Read msg='DefaultHttpResponse(decodeResult: success, version: HTTP/1.1)
HTTP/1.1 200 
Content-Type: text/plain;charset=UTF-8
Content-Length: 62
Date: Wed, 29 Jan 2020 21:00:39 GMT'
22:00:40.197 [DEBUG] i.g.h.c.i.HttpAppHandler - Read msg='DefaultLastHttpContent(data: PooledSlicedByteBuf(ridx: 0, widx: 62, cap: 62/62, unwrapped: PooledUnsafeDirectByteBuf(ridx: 176, widx: 176, cap: 512)), decoderResult: success)'
22:00:40.198 [TRACE] i.g.h.e.r.DefaultStatsProcessor - 
>>>>>>>>>>>>>>>>>>>>>>>>>>
Request:
upload-file: OK 
=========================
Session:
Session(Acceptance test,38,1580331634551,Map(gatling.http.ssl.sslContexts -> SslContexts(io.netty.handler.ssl.JdkSslContext@7d6a617d,None), gatling.http.cache.dns -> io.gatling.http.cache.DnsCacheSupport$$anon$1@5898ac4b, gatling.http.cache.baseUrl -> http://localhost:8080),16,OK,List(),io.gatling.core.protocol.ProtocolComponentsRegistry$$Lambda$598/0x000000084055d840@452b12e)
=========================
HTTP request:
POST http://localhost:8080/files/upload
headers=
Accept: */*
Accept-Language: en-US,en;q=0.8,nl;q=0.6
User-Agent: Mozilla/5.0 (Windows NT 6.1; WOW64) AppleWebKit/537.36 (KHTML, like Gecko) Chrome/38.0.2125.111 Safari/537.36
accept-encoding: gzip,deflate,sdch
host: localhost:8080
content-type: multipart/form-data; boundary=YmF6Y54mXFmbf1_P_Ir2Isd_hbNl4Ed0seZ
content-length: 220
multipartBody=
ByteArrayPart: name=upload contentType=text/plain dispositionType=null charset=UTF-8 transferEncoding=null contentId=null filename=gatling-upload.txt
=========================
HTTP response:
status=
200 
headers= 
Content-Type: text/plain;charset=UTF-8
Content-Length: 62
Date: Wed, 29 Jan 2020 21:00:39 GMT

body=
File upload succeeded [gatling-upload.txt] of size [17] bytes.
<<<<<<<<<<<<<<<<<<<<<<<<<
22:00:40.198 [DEBUG] i.g.c.a.Exit - End user #38
22:00:40.199 [DEBUG] i.g.c.c.i.Injector - End user #38
22:00:40.242 [DEBUG] i.g.h.e.t.HttpTxExecutor - Sending request=upload-file uri=http://localhost:8080/files/upload: scenario=Acceptance test, userId=25
22:00:40.243 [DEBUG] i.g.h.c.i.HttpAppHandler - Write request WritableRequest{request=DefaultHttpRequest(decodeResult: success, version: HTTP/1.1)
POST /files/upload HTTP/1.1
Accept: */*
Accept-Language: en-US,en;q=0.8,nl;q=0.6
User-Agent: Mozilla/5.0 (Windows NT 6.1; WOW64) AppleWebKit/537.36 (KHTML, like Gecko) Chrome/38.0.2125.111 Safari/537.36
accept-encoding: gzip,deflate,sdch
host: localhost:8080
content-type: multipart/form-data; boundary=RZTV8Zjd9NdOhmvmawBSwPUM7sxK4pq4drW
content-length: 220, content=io.gatling.http.client.body.multipart.impl.MultipartFileRegion@1d11b505}
22:00:40.247 [DEBUG] i.g.h.c.i.HttpAppHandler - Read msg='DefaultHttpResponse(decodeResult: success, version: HTTP/1.1)
HTTP/1.1 200 
Content-Type: text/plain;charset=UTF-8
Content-Length: 62
Date: Wed, 29 Jan 2020 21:00:39 GMT'
22:00:40.247 [DEBUG] i.g.h.c.i.HttpAppHandler - Read msg='DefaultLastHttpContent(data: PooledSlicedByteBuf(ridx: 0, widx: 62, cap: 62/62, unwrapped: PooledUnsafeDirectByteBuf(ridx: 176, widx: 176, cap: 512)), decoderResult: success)'
22:00:40.247 [TRACE] i.g.h.e.r.DefaultStatsProcessor - 
>>>>>>>>>>>>>>>>>>>>>>>>>>
Request:
upload-file: OK 
=========================
Session:
Session(Acceptance test,25,1580331625551,Map(gatling.http.ssl.sslContexts -> SslContexts(io.netty.handler.ssl.JdkSslContext@5d8156f,None), gatling.http.cache.dns -> io.gatling.http.cache.DnsCacheSupport$$anon$1@5898ac4b, gatling.http.cache.baseUrl -> http://localhost:8080),17,OK,List(),io.gatling.core.protocol.ProtocolComponentsRegistry$$Lambda$598/0x000000084055d840@452b12e)
=========================
HTTP request:
POST http://localhost:8080/files/upload
headers=
Accept: */*
Accept-Language: en-US,en;q=0.8,nl;q=0.6
User-Agent: Mozilla/5.0 (Windows NT 6.1; WOW64) AppleWebKit/537.36 (KHTML, like Gecko) Chrome/38.0.2125.111 Safari/537.36
accept-encoding: gzip,deflate,sdch
host: localhost:8080
content-type: multipart/form-data; boundary=RZTV8Zjd9NdOhmvmawBSwPUM7sxK4pq4drW
content-length: 220
multipartBody=
ByteArrayPart: name=upload contentType=text/plain dispositionType=null charset=UTF-8 transferEncoding=null contentId=null filename=gatling-upload.txt
=========================
HTTP response:
status=
200 
headers= 
Content-Type: text/plain;charset=UTF-8
Content-Length: 62
Date: Wed, 29 Jan 2020 21:00:39 GMT

body=
File upload succeeded [gatling-upload.txt] of size [17] bytes.
<<<<<<<<<<<<<<<<<<<<<<<<<
22:00:40.248 [DEBUG] i.g.c.a.Exit - End user #25
22:00:40.248 [DEBUG] i.g.c.c.i.Injector - End user #25
22:00:40.392 [DEBUG] i.g.h.e.t.HttpTxExecutor - Sending request=simple_mini_leak uri=http://localhost:8080/memory/grow?objects=8&items=54: scenario=Acceptance test, userId=34
22:00:40.393 [DEBUG] i.g.h.c.i.HttpAppHandler - Write request WritableRequest{request=DefaultFullHttpRequest(decodeResult: success, version: HTTP/1.1, content: UnpooledByteBufAllocator$InstrumentedUnpooledUnsafeHeapByteBuf(ridx: 0, widx: 0, cap: 0))
GET /memory/grow?objects=8&items=54 HTTP/1.1
Accept: */*
Content-Type: application/json;charset=UTF-8
Accept-Language: en-US,en;q=0.8,nl;q=0.6
User-Agent: Mozilla/5.0 (Windows NT 6.1; WOW64) AppleWebKit/537.36 (KHTML, like Gecko) Chrome/38.0.2125.111 Safari/537.36
accept-encoding: gzip,deflate,sdch
host: localhost:8080, content=null}
22:00:40.400 [DEBUG] i.g.h.c.i.HttpAppHandler - Read msg='DefaultHttpResponse(decodeResult: success, version: HTTP/1.1)
HTTP/1.1 200 
Content-Type: application/json;charset=UTF-8
Transfer-Encoding: chunked
Date: Wed, 29 Jan 2020 21:00:39 GMT'
22:00:40.401 [DEBUG] i.g.h.c.i.HttpAppHandler - Read msg='DefaultHttpContent(data: PooledSlicedByteBuf(ridx: 0, widx: 144, cap: 144/144, unwrapped: PooledUnsafeDirectByteBuf(ridx: 278, widx: 278, cap: 512)), decoderResult: success)'
22:00:40.401 [DEBUG] i.g.h.c.i.HttpAppHandler - Read msg='EmptyLastHttpContent'
22:00:40.402 [TRACE] i.g.h.e.r.DefaultStatsProcessor - 
>>>>>>>>>>>>>>>>>>>>>>>>>>
Request:
simple_mini_leak: OK 
=========================
Session:
Session(Acceptance test,34,1580331631551,Map(gatling.http.ssl.sslContexts -> SslContexts(io.netty.handler.ssl.JdkSslContext@36323206,None), gatling.http.cache.dns -> io.gatling.http.cache.DnsCacheSupport$$anon$1@5898ac4b, gatling.http.cache.baseUrl -> http://localhost:8080),27,OK,List(),io.gatling.core.protocol.ProtocolComponentsRegistry$$Lambda$598/0x000000084055d840@452b12e)
=========================
HTTP request:
GET http://localhost:8080/memory/grow?objects=8&items=54
headers=
Accept: */*
Content-Type: application/json;charset=UTF-8
Accept-Language: en-US,en;q=0.8,nl;q=0.6
User-Agent: Mozilla/5.0 (Windows NT 6.1; WOW64) AppleWebKit/537.36 (KHTML, like Gecko) Chrome/38.0.2125.111 Safari/537.36
accept-encoding: gzip,deflate,sdch
host: localhost:8080
=========================
HTTP response:
status=
200 
headers= 
Content-Type: application/json;charset=UTF-8
Transfer-Encoding: chunked
Date: Wed, 29 Jan 2020 21:00:39 GMT

body=
{"message":"Size of BigFatBastard list is now 11320 objects. It contains 611280 items.","name":"Simple-PropertiesFileName","durationInMillis":6}
<<<<<<<<<<<<<<<<<<<<<<<<<
22:00:40.403 [DEBUG] i.g.c.a.Pause - Pausing for 554ms (real=525ms)
22:00:40.482 [DEBUG] i.g.h.e.t.HttpTxExecutor - Sending request=simple_delay uri=http://localhost:8080/delay?duration=555: scenario=Acceptance test, userId=46
22:00:40.482 [DEBUG] i.g.h.c.i.HttpAppHandler - Write request WritableRequest{request=DefaultFullHttpRequest(decodeResult: success, version: HTTP/1.1, content: UnpooledByteBufAllocator$InstrumentedUnpooledUnsafeHeapByteBuf(ridx: 0, widx: 0, cap: 0))
GET /delay?duration=555 HTTP/1.1
Accept: */*
Content-Type: application/json;charset=UTF-8
Accept-Language: en-US,en;q=0.8,nl;q=0.6
User-Agent: Mozilla/5.0 (Windows NT 6.1; WOW64) AppleWebKit/537.36 (KHTML, like Gecko) Chrome/38.0.2125.111 Safari/537.36
accept-encoding: gzip,deflate,sdch
host: localhost:8080, content=null}
22:00:40.522 [DEBUG] i.g.h.e.t.HttpTxExecutor - Sending request=upload-file uri=http://localhost:8080/files/upload: scenario=Acceptance test, userId=23
22:00:40.522 [DEBUG] i.g.h.c.i.HttpAppHandler - Write request WritableRequest{request=DefaultHttpRequest(decodeResult: success, version: HTTP/1.1)
POST /files/upload HTTP/1.1
Accept: */*
Accept-Language: en-US,en;q=0.8,nl;q=0.6
User-Agent: Mozilla/5.0 (Windows NT 6.1; WOW64) AppleWebKit/537.36 (KHTML, like Gecko) Chrome/38.0.2125.111 Safari/537.36
accept-encoding: gzip,deflate,sdch
host: localhost:8080
content-type: multipart/form-data; boundary=Ybxxb-OHecw5pksnfzEs-De7SNOdVdJf0jr
content-length: 220, content=io.gatling.http.client.body.multipart.impl.MultipartFileRegion@6b64a9fc}
22:00:40.524 [DEBUG] i.g.h.c.i.HttpAppHandler - Read msg='DefaultHttpResponse(decodeResult: success, version: HTTP/1.1)
HTTP/1.1 200 
Content-Type: text/plain;charset=UTF-8
Content-Length: 62
Date: Wed, 29 Jan 2020 21:00:39 GMT'
22:00:40.524 [DEBUG] i.g.h.c.i.HttpAppHandler - Read msg='DefaultLastHttpContent(data: PooledSlicedByteBuf(ridx: 0, widx: 62, cap: 62/62, unwrapped: PooledUnsafeDirectByteBuf(ridx: 176, widx: 176, cap: 512)), decoderResult: success)'
22:00:40.525 [TRACE] i.g.h.e.r.DefaultStatsProcessor - 
>>>>>>>>>>>>>>>>>>>>>>>>>>
Request:
upload-file: OK 
=========================
Session:
Session(Acceptance test,23,1580331623551,Map(gatling.http.ssl.sslContexts -> SslContexts(io.netty.handler.ssl.JdkSslContext@2e662254,None), gatling.http.cache.dns -> io.gatling.http.cache.DnsCacheSupport$$anon$1@5898ac4b, gatling.http.cache.baseUrl -> http://localhost:8080),20,OK,List(),io.gatling.core.protocol.ProtocolComponentsRegistry$$Lambda$598/0x000000084055d840@452b12e)
=========================
HTTP request:
POST http://localhost:8080/files/upload
headers=
Accept: */*
Accept-Language: en-US,en;q=0.8,nl;q=0.6
User-Agent: Mozilla/5.0 (Windows NT 6.1; WOW64) AppleWebKit/537.36 (KHTML, like Gecko) Chrome/38.0.2125.111 Safari/537.36
accept-encoding: gzip,deflate,sdch
host: localhost:8080
content-type: multipart/form-data; boundary=Ybxxb-OHecw5pksnfzEs-De7SNOdVdJf0jr
content-length: 220
multipartBody=
ByteArrayPart: name=upload contentType=text/plain dispositionType=null charset=UTF-8 transferEncoding=null contentId=null filename=gatling-upload.txt
=========================
HTTP response:
status=
200 
headers= 
Content-Type: text/plain;charset=UTF-8
Content-Length: 62
Date: Wed, 29 Jan 2020 21:00:39 GMT

body=
File upload succeeded [gatling-upload.txt] of size [17] bytes.
<<<<<<<<<<<<<<<<<<<<<<<<<
22:00:40.525 [DEBUG] i.g.c.a.Exit - End user #23
22:00:40.525 [DEBUG] i.g.c.c.i.Injector - End user #23
22:00:40.552 [DEBUG] i.g.h.e.t.HttpTxExecutor - Sending request=upload-file uri=http://localhost:8080/files/upload: scenario=Acceptance test, userId=28
22:00:40.552 [DEBUG] i.g.h.e.t.HttpTxExecutor - Sending request=simple_cpu_burn uri=http://localhost:8080/cpu/magic-identity-check?matrixSize=133: scenario=Acceptance test, userId=47
22:00:40.552 [DEBUG] i.g.c.c.i.o.OpenWorkload - Injecting 2 users in scenario Acceptance test, continue=true
22:00:40.552 [DEBUG] i.g.c.c.i.o.OpenWorkload - Start user #47
22:00:40.553 [DEBUG] i.g.h.c.i.HttpAppHandler - Write request WritableRequest{request=DefaultFullHttpRequest(decodeResult: success, version: HTTP/1.1, content: UnpooledByteBufAllocator$InstrumentedUnpooledUnsafeHeapByteBuf(ridx: 0, widx: 0, cap: 0))
GET /cpu/magic-identity-check?matrixSize=133 HTTP/1.1
Accept: */*
Content-Type: application/json;charset=UTF-8
Accept-Language: en-US,en;q=0.8,nl;q=0.6
User-Agent: Mozilla/5.0 (Windows NT 6.1; WOW64) AppleWebKit/537.36 (KHTML, like Gecko) Chrome/38.0.2125.111 Safari/537.36
accept-encoding: gzip,deflate,sdch
host: localhost:8080, content=null}
22:00:40.553 [DEBUG] i.g.h.c.i.HttpAppHandler - Write request WritableRequest{request=DefaultHttpRequest(decodeResult: success, version: HTTP/1.1)
POST /files/upload HTTP/1.1
Accept: */*
Accept-Language: en-US,en;q=0.8,nl;q=0.6
User-Agent: Mozilla/5.0 (Windows NT 6.1; WOW64) AppleWebKit/537.36 (KHTML, like Gecko) Chrome/38.0.2125.111 Safari/537.36
accept-encoding: gzip,deflate,sdch
host: localhost:8080
content-type: multipart/form-data; boundary=EmlNS0ylti75PicImQ_QF7m4kPPaz5qUjAO
content-length: 220, content=io.gatling.http.client.body.multipart.impl.MultipartFileRegion@64383eff}
22:00:40.554 [DEBUG] i.g.h.c.i.HttpAppHandler - Read msg='DefaultHttpResponse(decodeResult: success, version: HTTP/1.1)
HTTP/1.1 200 
Content-Type: text/plain;charset=UTF-8
Content-Length: 62
Date: Wed, 29 Jan 2020 21:00:40 GMT'
22:00:40.555 [DEBUG] i.g.h.c.i.HttpAppHandler - Read msg='DefaultLastHttpContent(data: PooledSlicedByteBuf(ridx: 0, widx: 62, cap: 62/62, unwrapped: PooledUnsafeDirectByteBuf(ridx: 176, widx: 176, cap: 1024)), decoderResult: success)'
22:00:40.555 [TRACE] i.g.h.e.r.DefaultStatsProcessor - 
>>>>>>>>>>>>>>>>>>>>>>>>>>
Request:
upload-file: OK 
=========================
Session:
Session(Acceptance test,28,1580331627551,Map(gatling.http.ssl.sslContexts -> SslContexts(io.netty.handler.ssl.JdkSslContext@49329adc,None), gatling.http.cache.dns -> io.gatling.http.cache.DnsCacheSupport$$anon$1@5898ac4b, gatling.http.cache.baseUrl -> http://localhost:8080),17,KO,List(),io.gatling.core.protocol.ProtocolComponentsRegistry$$Lambda$598/0x000000084055d840@452b12e)
=========================
HTTP request:
POST http://localhost:8080/files/upload
headers=
Accept: */*
Accept-Language: en-US,en;q=0.8,nl;q=0.6
User-Agent: Mozilla/5.0 (Windows NT 6.1; WOW64) AppleWebKit/537.36 (KHTML, like Gecko) Chrome/38.0.2125.111 Safari/537.36
accept-encoding: gzip,deflate,sdch
host: localhost:8080
content-type: multipart/form-data; boundary=EmlNS0ylti75PicImQ_QF7m4kPPaz5qUjAO
content-length: 220
multipartBody=
ByteArrayPart: name=upload contentType=text/plain dispositionType=null charset=UTF-8 transferEncoding=null contentId=null filename=gatling-upload.txt
=========================
HTTP response:
status=
200 
headers= 
Content-Type: text/plain;charset=UTF-8
Content-Length: 62
Date: Wed, 29 Jan 2020 21:00:40 GMT

body=
File upload succeeded [gatling-upload.txt] of size [17] bytes.
<<<<<<<<<<<<<<<<<<<<<<<<<
22:00:40.555 [DEBUG] i.g.c.a.Exit - End user #28
22:00:40.555 [DEBUG] i.g.c.c.i.Injector - End user #28
22:00:40.557 [DEBUG] i.g.h.c.i.HttpAppHandler - Read msg='DefaultHttpResponse(decodeResult: success, version: HTTP/1.1)
HTTP/1.1 200 
Content-Type: application/json;charset=UTF-8
Transfer-Encoding: chunked
Date: Wed, 29 Jan 2020 21:00:40 GMT'
22:00:40.557 [DEBUG] i.g.h.c.i.HttpAppHandler - Read msg='DefaultHttpContent(data: PooledSlicedByteBuf(ridx: 0, widx: 170, cap: 170/170, unwrapped: PooledUnsafeDirectByteBuf(ridx: 304, widx: 309, cap: 1024)), decoderResult: success)'
22:00:40.557 [DEBUG] i.g.h.c.i.HttpAppHandler - Read msg='EmptyLastHttpContent'
22:00:40.557 [TRACE] i.g.h.e.r.DefaultStatsProcessor - 
>>>>>>>>>>>>>>>>>>>>>>>>>>
Request:
simple_cpu_burn: OK 
=========================
Session:
Session(Acceptance test,47,1580331640552,Map(gatling.http.ssl.sslContexts -> SslContexts(io.netty.handler.ssl.JdkSslContext@452e2ca3,None), gatling.http.cache.dns -> io.gatling.http.cache.DnsCacheSupport$$anon$1@5898ac4b, gatling.http.cache.baseUrl -> http://localhost:8080),0,OK,List(),io.gatling.core.protocol.ProtocolComponentsRegistry$$Lambda$598/0x000000084055d840@452b12e)
=========================
HTTP request:
GET http://localhost:8080/cpu/magic-identity-check?matrixSize=133
headers=
Accept: */*
Content-Type: application/json;charset=UTF-8
Accept-Language: en-US,en;q=0.8,nl;q=0.6
User-Agent: Mozilla/5.0 (Windows NT 6.1; WOW64) AppleWebKit/537.36 (KHTML, like Gecko) Chrome/38.0.2125.111 Safari/537.36
accept-encoding: gzip,deflate,sdch
host: localhost:8080
=========================
HTTP response:
status=
200 
headers= 
Content-Type: application/json;charset=UTF-8
Transfer-Encoding: chunked
Date: Wed, 29 Jan 2020 21:00:40 GMT

body=
{"message":"A simple magic square multiplied by an identity square of size [133] [is equal] to the magic square.","name":"Simple-PropertiesFileName","durationInMillis":2}
<<<<<<<<<<<<<<<<<<<<<<<<<
22:00:40.557 [DEBUG] i.g.c.a.Pause - Pausing for 4238ms (real=4238ms)
22:00:40.621 [DEBUG] i.g.h.c.i.HttpAppHandler - Read msg='DefaultHttpResponse(decodeResult: success, version: HTTP/1.1)
HTTP/1.1 200 
Content-Type: application/json;charset=UTF-8
Transfer-Encoding: chunked
Date: Wed, 29 Jan 2020 21:00:40 GMT'
22:00:40.621 [DEBUG] i.g.h.c.i.HttpAppHandler - Read msg='DefaultHttpResponse(decodeResult: success, version: HTTP/1.1)
HTTP/1.1 200 
Content-Type: application/json;charset=UTF-8
Transfer-Encoding: chunked
Date: Wed, 29 Jan 2020 21:00:40 GMT'
22:00:40.621 [DEBUG] i.g.h.c.i.HttpAppHandler - Read msg='DefaultHttpContent(data: PooledSlicedByteBuf(ridx: 0, widx: 95, cap: 95/95, unwrapped: PooledUnsafeDirectByteBuf(ridx: 229, widx: 234, cap: 1024)), decoderResult: success)'
22:00:40.621 [DEBUG] i.g.h.c.i.HttpAppHandler - Read msg='DefaultHttpContent(data: PooledSlicedByteBuf(ridx: 0, widx: 95, cap: 95/95, unwrapped: PooledUnsafeDirectByteBuf(ridx: 229, widx: 234, cap: 1024)), decoderResult: success)'
22:00:40.621 [DEBUG] i.g.h.c.i.HttpAppHandler - Read msg='EmptyLastHttpContent'
22:00:40.621 [DEBUG] i.g.h.c.i.HttpAppHandler - Read msg='EmptyLastHttpContent'
22:00:40.622 [TRACE] i.g.h.e.r.DefaultStatsProcessor - 
>>>>>>>>>>>>>>>>>>>>>>>>>>
Request:
simple_delay: OK 
=========================
Session:
Session(Acceptance test,41,1580331636551,Map(gatling.http.ssl.sslContexts -> SslContexts(io.netty.handler.ssl.JdkSslContext@7a870d23,None), gatling.http.cache.dns -> io.gatling.http.cache.DnsCacheSupport$$anon$1@5898ac4b, gatling.http.cache.baseUrl -> http://localhost:8080),16,OK,List(),io.gatling.core.protocol.ProtocolComponentsRegistry$$Lambda$598/0x000000084055d840@452b12e)
=========================
HTTP request:
GET http://localhost:8080/delay?duration=555
headers=
Accept: */*
Content-Type: application/json;charset=UTF-8
Accept-Language: en-US,en;q=0.8,nl;q=0.6
User-Agent: Mozilla/5.0 (Windows NT 6.1; WOW64) AppleWebKit/537.36 (KHTML, like Gecko) Chrome/38.0.2125.111 Safari/537.36
accept-encoding: gzip,deflate,sdch
host: localhost:8080
=========================
HTTP response:
status=
200 
headers= 
Content-Type: application/json;charset=UTF-8
Transfer-Encoding: chunked
Date: Wed, 29 Jan 2020 21:00:40 GMT

body=
{"message":"This was a delay of 555","name":"Simple-PropertiesFileName","durationInMillis":555}
<<<<<<<<<<<<<<<<<<<<<<<<<
22:00:40.622 [DEBUG] i.g.c.a.Pause - Pausing for 44ms (real=27ms)
22:00:40.623 [TRACE] i.g.h.e.r.DefaultStatsProcessor - 
>>>>>>>>>>>>>>>>>>>>>>>>>>
Request:
simple_delay: OK 
=========================
Session:
Session(Acceptance test,42,1580331637051,Map(gatling.http.ssl.sslContexts -> SslContexts(io.netty.handler.ssl.JdkSslContext@2c94d0d,None), gatling.http.cache.dns -> io.gatling.http.cache.DnsCacheSupport$$anon$1@5898ac4b, gatling.http.cache.baseUrl -> http://localhost:8080),21,OK,List(),io.gatling.core.protocol.ProtocolComponentsRegistry$$Lambda$598/0x000000084055d840@452b12e)
=========================
HTTP request:
GET http://localhost:8080/delay?duration=555
headers=
Accept: */*
Content-Type: application/json;charset=UTF-8
Accept-Language: en-US,en;q=0.8,nl;q=0.6
User-Agent: Mozilla/5.0 (Windows NT 6.1; WOW64) AppleWebKit/537.36 (KHTML, like Gecko) Chrome/38.0.2125.111 Safari/537.36
accept-encoding: gzip,deflate,sdch
host: localhost:8080
=========================
HTTP response:
status=
200 
headers= 
Content-Type: application/json;charset=UTF-8
Transfer-Encoding: chunked
Date: Wed, 29 Jan 2020 21:00:40 GMT

body=
{"message":"This was a delay of 555","name":"Simple-PropertiesFileName","durationInMillis":555}
<<<<<<<<<<<<<<<<<<<<<<<<<
22:00:40.623 [DEBUG] i.g.c.a.Pause - Pausing for 281ms (real=258ms)
22:00:40.672 [DEBUG] i.g.h.e.t.HttpTxExecutor - Sending request=simple_mini_leak uri=http://localhost:8080/memory/grow?objects=8&items=54: scenario=Acceptance test, userId=41
22:00:40.673 [DEBUG] i.g.h.c.i.HttpAppHandler - Write request WritableRequest{request=DefaultFullHttpRequest(decodeResult: success, version: HTTP/1.1, content: UnpooledByteBufAllocator$InstrumentedUnpooledUnsafeHeapByteBuf(ridx: 0, widx: 0, cap: 0))
GET /memory/grow?objects=8&items=54 HTTP/1.1
Accept: */*
Content-Type: application/json;charset=UTF-8
Accept-Language: en-US,en;q=0.8,nl;q=0.6
User-Agent: Mozilla/5.0 (Windows NT 6.1; WOW64) AppleWebKit/537.36 (KHTML, like Gecko) Chrome/38.0.2125.111 Safari/537.36
accept-encoding: gzip,deflate,sdch
host: localhost:8080, content=null}
22:00:40.680 [DEBUG] i.g.h.c.i.HttpAppHandler - Read msg='DefaultHttpResponse(decodeResult: success, version: HTTP/1.1)
HTTP/1.1 200 
Content-Type: application/json;charset=UTF-8
Transfer-Encoding: chunked
Date: Wed, 29 Jan 2020 21:00:40 GMT'
22:00:40.680 [DEBUG] i.g.h.c.i.HttpAppHandler - Read msg='DefaultHttpContent(data: PooledSlicedByteBuf(ridx: 0, widx: 144, cap: 144/144, unwrapped: PooledUnsafeDirectByteBuf(ridx: 278, widx: 283, cap: 512)), decoderResult: success)'
22:00:40.680 [DEBUG] i.g.h.c.i.HttpAppHandler - Read msg='EmptyLastHttpContent'
22:00:40.681 [TRACE] i.g.h.e.r.DefaultStatsProcessor - 
>>>>>>>>>>>>>>>>>>>>>>>>>>
Request:
simple_mini_leak: OK 
=========================
Session:
Session(Acceptance test,41,1580331636551,Map(gatling.http.ssl.sslContexts -> SslContexts(io.netty.handler.ssl.JdkSslContext@7a870d23,None), gatling.http.cache.dns -> io.gatling.http.cache.DnsCacheSupport$$anon$1@5898ac4b, gatling.http.cache.baseUrl -> http://localhost:8080),23,OK,List(),io.gatling.core.protocol.ProtocolComponentsRegistry$$Lambda$598/0x000000084055d840@452b12e)
=========================
HTTP request:
GET http://localhost:8080/memory/grow?objects=8&items=54
headers=
Accept: */*
Content-Type: application/json;charset=UTF-8
Accept-Language: en-US,en;q=0.8,nl;q=0.6
User-Agent: Mozilla/5.0 (Windows NT 6.1; WOW64) AppleWebKit/537.36 (KHTML, like Gecko) Chrome/38.0.2125.111 Safari/537.36
accept-encoding: gzip,deflate,sdch
host: localhost:8080
=========================
HTTP response:
status=
200 
headers= 
Content-Type: application/json;charset=UTF-8
Transfer-Encoding: chunked
Date: Wed, 29 Jan 2020 21:00:40 GMT

body=
{"message":"Size of BigFatBastard list is now 11328 objects. It contains 611712 items.","name":"Simple-PropertiesFileName","durationInMillis":5}
<<<<<<<<<<<<<<<<<<<<<<<<<
22:00:40.681 [DEBUG] i.g.c.a.Pause - Pausing for 4968ms (real=4944ms)
22:00:40.902 [DEBUG] i.g.h.e.t.HttpTxExecutor - Sending request=simple_mini_leak uri=http://localhost:8080/memory/grow?objects=8&items=54: scenario=Acceptance test, userId=42
22:00:40.903 [DEBUG] i.g.h.c.i.HttpAppHandler - Write request WritableRequest{request=DefaultFullHttpRequest(decodeResult: success, version: HTTP/1.1, content: UnpooledByteBufAllocator$InstrumentedUnpooledUnsafeHeapByteBuf(ridx: 0, widx: 0, cap: 0))
GET /memory/grow?objects=8&items=54 HTTP/1.1
Accept: */*
Content-Type: application/json;charset=UTF-8
Accept-Language: en-US,en;q=0.8,nl;q=0.6
User-Agent: Mozilla/5.0 (Windows NT 6.1; WOW64) AppleWebKit/537.36 (KHTML, like Gecko) Chrome/38.0.2125.111 Safari/537.36
accept-encoding: gzip,deflate,sdch
host: localhost:8080, content=null}
22:00:40.910 [DEBUG] i.g.h.c.i.HttpAppHandler - Read msg='DefaultHttpResponse(decodeResult: success, version: HTTP/1.1)
HTTP/1.1 200 
Content-Type: application/json;charset=UTF-8
Transfer-Encoding: chunked
Date: Wed, 29 Jan 2020 21:00:40 GMT'
22:00:40.910 [DEBUG] i.g.h.c.i.HttpAppHandler - Read msg='DefaultHttpContent(data: PooledSlicedByteBuf(ridx: 0, widx: 144, cap: 144/144, unwrapped: PooledUnsafeDirectByteBuf(ridx: 278, widx: 278, cap: 512)), decoderResult: success)'
22:00:40.910 [DEBUG] i.g.h.c.i.HttpAppHandler - Read msg='EmptyLastHttpContent'
22:00:40.911 [TRACE] i.g.h.e.r.DefaultStatsProcessor - 
>>>>>>>>>>>>>>>>>>>>>>>>>>
Request:
simple_mini_leak: OK 
=========================
Session:
Session(Acceptance test,42,1580331637051,Map(gatling.http.ssl.sslContexts -> SslContexts(io.netty.handler.ssl.JdkSslContext@2c94d0d,None), gatling.http.cache.dns -> io.gatling.http.cache.DnsCacheSupport$$anon$1@5898ac4b, gatling.http.cache.baseUrl -> http://localhost:8080),21,OK,List(),io.gatling.core.protocol.ProtocolComponentsRegistry$$Lambda$598/0x000000084055d840@452b12e)
=========================
HTTP request:
GET http://localhost:8080/memory/grow?objects=8&items=54
headers=
Accept: */*
Content-Type: application/json;charset=UTF-8
Accept-Language: en-US,en;q=0.8,nl;q=0.6
User-Agent: Mozilla/5.0 (Windows NT 6.1; WOW64) AppleWebKit/537.36 (KHTML, like Gecko) Chrome/38.0.2125.111 Safari/537.36
accept-encoding: gzip,deflate,sdch
host: localhost:8080
=========================
HTTP response:
status=
200 
headers= 
Content-Type: application/json;charset=UTF-8
Transfer-Encoding: chunked
Date: Wed, 29 Jan 2020 21:00:40 GMT

body=
{"message":"Size of BigFatBastard list is now 11336 objects. It contains 612144 items.","name":"Simple-PropertiesFileName","durationInMillis":5}
<<<<<<<<<<<<<<<<<<<<<<<<<
22:00:40.911 [DEBUG] i.g.c.a.Pause - Pausing for 1660ms (real=1638ms)
22:00:40.952 [DEBUG] i.g.h.e.t.HttpTxExecutor - Sending request=upload-file uri=http://localhost:8080/files/upload: scenario=Acceptance test, userId=34
22:00:40.953 [DEBUG] i.g.h.c.i.HttpAppHandler - Write request WritableRequest{request=DefaultHttpRequest(decodeResult: success, version: HTTP/1.1)
POST /files/upload HTTP/1.1
Accept: */*
Accept-Language: en-US,en;q=0.8,nl;q=0.6
User-Agent: Mozilla/5.0 (Windows NT 6.1; WOW64) AppleWebKit/537.36 (KHTML, like Gecko) Chrome/38.0.2125.111 Safari/537.36
accept-encoding: gzip,deflate,sdch
host: localhost:8080
content-type: multipart/form-data; boundary=3InH8Rb24vQ3kdmFMyaKUqEZpwE6JRPqReh
content-length: 220, content=io.gatling.http.client.body.multipart.impl.MultipartFileRegion@12853866}
22:00:40.956 [DEBUG] i.g.h.c.i.HttpAppHandler - Read msg='DefaultHttpResponse(decodeResult: success, version: HTTP/1.1)
HTTP/1.1 200 
Content-Type: text/plain;charset=UTF-8
Content-Length: 62
Date: Wed, 29 Jan 2020 21:00:40 GMT'
22:00:40.956 [DEBUG] i.g.h.c.i.HttpAppHandler - Read msg='DefaultLastHttpContent(data: PooledSlicedByteBuf(ridx: 0, widx: 62, cap: 62/62, unwrapped: PooledUnsafeDirectByteBuf(ridx: 176, widx: 176, cap: 496)), decoderResult: success)'
22:00:40.957 [TRACE] i.g.h.e.r.DefaultStatsProcessor - 
>>>>>>>>>>>>>>>>>>>>>>>>>>
Request:
upload-file: OK 
=========================
Session:
Session(Acceptance test,34,1580331631551,Map(gatling.http.ssl.sslContexts -> SslContexts(io.netty.handler.ssl.JdkSslContext@36323206,None), gatling.http.cache.dns -> io.gatling.http.cache.DnsCacheSupport$$anon$1@5898ac4b, gatling.http.cache.baseUrl -> http://localhost:8080),24,OK,List(),io.gatling.core.protocol.ProtocolComponentsRegistry$$Lambda$598/0x000000084055d840@452b12e)
=========================
HTTP request:
POST http://localhost:8080/files/upload
headers=
Accept: */*
Accept-Language: en-US,en;q=0.8,nl;q=0.6
User-Agent: Mozilla/5.0 (Windows NT 6.1; WOW64) AppleWebKit/537.36 (KHTML, like Gecko) Chrome/38.0.2125.111 Safari/537.36
accept-encoding: gzip,deflate,sdch
host: localhost:8080
content-type: multipart/form-data; boundary=3InH8Rb24vQ3kdmFMyaKUqEZpwE6JRPqReh
content-length: 220
multipartBody=
ByteArrayPart: name=upload contentType=text/plain dispositionType=null charset=UTF-8 transferEncoding=null contentId=null filename=gatling-upload.txt
=========================
HTTP response:
status=
200 
headers= 
Content-Type: text/plain;charset=UTF-8
Content-Length: 62
Date: Wed, 29 Jan 2020 21:00:40 GMT

body=
File upload succeeded [gatling-upload.txt] of size [17] bytes.
<<<<<<<<<<<<<<<<<<<<<<<<<
22:00:40.957 [DEBUG] i.g.c.a.Exit - End user #34
22:00:40.957 [DEBUG] i.g.c.c.i.Injector - End user #34
22:00:41.002 [DEBUG] i.g.h.e.t.HttpTxExecutor - Sending request=simple_delay uri=http://localhost:8080/delay?duration=555: scenario=Acceptance test, userId=40
22:00:41.003 [DEBUG] i.g.h.c.i.HttpAppHandler - Write request WritableRequest{request=DefaultFullHttpRequest(decodeResult: success, version: HTTP/1.1, content: UnpooledByteBufAllocator$InstrumentedUnpooledUnsafeHeapByteBuf(ridx: 0, widx: 0, cap: 0))
GET /delay?duration=555 HTTP/1.1
Accept: */*
Content-Type: application/json;charset=UTF-8
Accept-Language: en-US,en;q=0.8,nl;q=0.6
User-Agent: Mozilla/5.0 (Windows NT 6.1; WOW64) AppleWebKit/537.36 (KHTML, like Gecko) Chrome/38.0.2125.111 Safari/537.36
accept-encoding: gzip,deflate,sdch
host: localhost:8080, content=null}
22:00:41.038 [DEBUG] i.g.h.c.i.HttpAppHandler - Read msg='DefaultHttpResponse(decodeResult: success, version: HTTP/1.1)
HTTP/1.1 200 
Content-Type: application/json;charset=UTF-8
Transfer-Encoding: chunked
Date: Wed, 29 Jan 2020 21:00:40 GMT'
22:00:41.038 [DEBUG] i.g.h.c.i.HttpAppHandler - Read msg='DefaultHttpContent(data: PooledSlicedByteBuf(ridx: 0, widx: 95, cap: 95/95, unwrapped: PooledUnsafeDirectByteBuf(ridx: 229, widx: 229, cap: 1024)), decoderResult: success)'
22:00:41.039 [DEBUG] i.g.h.c.i.HttpAppHandler - Read msg='EmptyLastHttpContent'
22:00:41.039 [TRACE] i.g.h.e.r.DefaultStatsProcessor - 
>>>>>>>>>>>>>>>>>>>>>>>>>>
Request:
simple_delay: OK 
=========================
Session:
Session(Acceptance test,46,1580331639552,Map(gatling.http.ssl.sslContexts -> SslContexts(io.netty.handler.ssl.JdkSslContext@57238a56,None), gatling.http.cache.dns -> io.gatling.http.cache.DnsCacheSupport$$anon$1@5898ac4b, gatling.http.cache.baseUrl -> http://localhost:8080),21,OK,List(),io.gatling.core.protocol.ProtocolComponentsRegistry$$Lambda$598/0x000000084055d840@452b12e)
=========================
HTTP request:
GET http://localhost:8080/delay?duration=555
headers=
Accept: */*
Content-Type: application/json;charset=UTF-8
Accept-Language: en-US,en;q=0.8,nl;q=0.6
User-Agent: Mozilla/5.0 (Windows NT 6.1; WOW64) AppleWebKit/537.36 (KHTML, like Gecko) Chrome/38.0.2125.111 Safari/537.36
accept-encoding: gzip,deflate,sdch
host: localhost:8080
=========================
HTTP response:
status=
200 
headers= 
Content-Type: application/json;charset=UTF-8
Transfer-Encoding: chunked
Date: Wed, 29 Jan 2020 21:00:40 GMT

body=
{"message":"This was a delay of 555","name":"Simple-PropertiesFileName","durationInMillis":555}
<<<<<<<<<<<<<<<<<<<<<<<<<
22:00:41.040 [DEBUG] i.g.c.a.Pause - Pausing for 42ms (real=20ms)
22:00:41.052 [DEBUG] i.g.h.e.t.HttpTxExecutor - Sending request=simple_cpu_burn uri=http://localhost:8080/cpu/magic-identity-check?matrixSize=133: scenario=Acceptance test, userId=48
22:00:41.052 [DEBUG] i.g.c.c.i.o.OpenWorkload - Start user #48
22:00:41.054 [DEBUG] i.g.h.c.i.HttpAppHandler - Write request WritableRequest{request=DefaultFullHttpRequest(decodeResult: success, version: HTTP/1.1, content: UnpooledByteBufAllocator$InstrumentedUnpooledUnsafeHeapByteBuf(ridx: 0, widx: 0, cap: 0))
GET /cpu/magic-identity-check?matrixSize=133 HTTP/1.1
Accept: */*
Content-Type: application/json;charset=UTF-8
Accept-Language: en-US,en;q=0.8,nl;q=0.6
User-Agent: Mozilla/5.0 (Windows NT 6.1; WOW64) AppleWebKit/537.36 (KHTML, like Gecko) Chrome/38.0.2125.111 Safari/537.36
accept-encoding: gzip,deflate,sdch
host: localhost:8080, content=null}
22:00:41.065 [DEBUG] i.g.h.c.i.HttpAppHandler - Read msg='DefaultHttpResponse(decodeResult: success, version: HTTP/1.1)
HTTP/1.1 200 
Content-Type: application/json;charset=UTF-8
Transfer-Encoding: chunked
Date: Wed, 29 Jan 2020 21:00:40 GMT'
22:00:41.065 [DEBUG] i.g.h.c.i.HttpAppHandler - Read msg='DefaultHttpContent(data: PooledSlicedByteBuf(ridx: 0, widx: 170, cap: 170/170, unwrapped: PooledUnsafeDirectByteBuf(ridx: 304, widx: 309, cap: 1024)), decoderResult: success)'
22:00:41.065 [DEBUG] i.g.h.c.i.HttpAppHandler - Read msg='EmptyLastHttpContent'
22:00:41.066 [TRACE] i.g.h.e.r.DefaultStatsProcessor - 
>>>>>>>>>>>>>>>>>>>>>>>>>>
Request:
simple_cpu_burn: OK 
=========================
Session:
Session(Acceptance test,48,1580331641051,Map(gatling.http.ssl.sslContexts -> SslContexts(io.netty.handler.ssl.JdkSslContext@41049e27,None), gatling.http.cache.dns -> io.gatling.http.cache.DnsCacheSupport$$anon$1@5898ac4b, gatling.http.cache.baseUrl -> http://localhost:8080),0,OK,List(),io.gatling.core.protocol.ProtocolComponentsRegistry$$Lambda$598/0x000000084055d840@452b12e)
=========================
HTTP request:
GET http://localhost:8080/cpu/magic-identity-check?matrixSize=133
headers=
Accept: */*
Content-Type: application/json;charset=UTF-8
Accept-Language: en-US,en;q=0.8,nl;q=0.6
User-Agent: Mozilla/5.0 (Windows NT 6.1; WOW64) AppleWebKit/537.36 (KHTML, like Gecko) Chrome/38.0.2125.111 Safari/537.36
accept-encoding: gzip,deflate,sdch
host: localhost:8080
=========================
HTTP response:
status=
200 
headers= 
Content-Type: application/json;charset=UTF-8
Transfer-Encoding: chunked
Date: Wed, 29 Jan 2020 21:00:40 GMT

body=
{"message":"A simple magic square multiplied by an identity square of size [133] [is equal] to the magic square.","name":"Simple-PropertiesFileName","durationInMillis":8}
<<<<<<<<<<<<<<<<<<<<<<<<<
22:00:41.066 [DEBUG] i.g.c.a.Pause - Pausing for 2951ms (real=2950ms)
22:00:41.072 [DEBUG] i.g.h.e.t.HttpTxExecutor - Sending request=simple_mini_leak uri=http://localhost:8080/memory/grow?objects=8&items=54: scenario=Acceptance test, userId=46
22:00:41.072 [DEBUG] i.g.h.c.i.HttpAppHandler - Write request WritableRequest{request=DefaultFullHttpRequest(decodeResult: success, version: HTTP/1.1, content: UnpooledByteBufAllocator$InstrumentedUnpooledUnsafeHeapByteBuf(ridx: 0, widx: 0, cap: 0))
GET /memory/grow?objects=8&items=54 HTTP/1.1
Accept: */*
Content-Type: application/json;charset=UTF-8
Accept-Language: en-US,en;q=0.8,nl;q=0.6
User-Agent: Mozilla/5.0 (Windows NT 6.1; WOW64) AppleWebKit/537.36 (KHTML, like Gecko) Chrome/38.0.2125.111 Safari/537.36
accept-encoding: gzip,deflate,sdch
host: localhost:8080, content=null}
22:00:41.079 [DEBUG] i.g.h.c.i.HttpAppHandler - Read msg='DefaultHttpResponse(decodeResult: success, version: HTTP/1.1)
HTTP/1.1 200 
Content-Type: application/json;charset=UTF-8
Transfer-Encoding: chunked
Date: Wed, 29 Jan 2020 21:00:40 GMT'
22:00:41.080 [DEBUG] i.g.h.c.i.HttpAppHandler - Read msg='DefaultHttpContent(data: PooledSlicedByteBuf(ridx: 0, widx: 144, cap: 144/144, unwrapped: PooledUnsafeDirectByteBuf(ridx: 278, widx: 283, cap: 512)), decoderResult: success)'
22:00:41.080 [DEBUG] i.g.h.c.i.HttpAppHandler - Read msg='EmptyLastHttpContent'
22:00:41.080 [TRACE] i.g.h.e.r.DefaultStatsProcessor - 
>>>>>>>>>>>>>>>>>>>>>>>>>>
Request:
simple_mini_leak: OK 
=========================
Session:
Session(Acceptance test,46,1580331639552,Map(gatling.http.ssl.sslContexts -> SslContexts(io.netty.handler.ssl.JdkSslContext@57238a56,None), gatling.http.cache.dns -> io.gatling.http.cache.DnsCacheSupport$$anon$1@5898ac4b, gatling.http.cache.baseUrl -> http://localhost:8080),11,OK,List(),io.gatling.core.protocol.ProtocolComponentsRegistry$$Lambda$598/0x000000084055d840@452b12e)
=========================
HTTP request:
GET http://localhost:8080/memory/grow?objects=8&items=54
headers=
Accept: */*
Content-Type: application/json;charset=UTF-8
Accept-Language: en-US,en;q=0.8,nl;q=0.6
User-Agent: Mozilla/5.0 (Windows NT 6.1; WOW64) AppleWebKit/537.36 (KHTML, like Gecko) Chrome/38.0.2125.111 Safari/537.36
accept-encoding: gzip,deflate,sdch
host: localhost:8080
=========================
HTTP response:
status=
200 
headers= 
Content-Type: application/json;charset=UTF-8
Transfer-Encoding: chunked
Date: Wed, 29 Jan 2020 21:00:40 GMT

body=
{"message":"Size of BigFatBastard list is now 11344 objects. It contains 612576 items.","name":"Simple-PropertiesFileName","durationInMillis":5}
<<<<<<<<<<<<<<<<<<<<<<<<<
22:00:41.081 [DEBUG] i.g.c.a.Pause - Pausing for 3206ms (real=3195ms)
22:00:41.552 [DEBUG] i.g.h.e.t.HttpTxExecutor - Sending request=simple_cpu_burn uri=http://localhost:8080/cpu/magic-identity-check?matrixSize=133: scenario=Acceptance test, userId=49
22:00:41.553 [DEBUG] i.g.c.c.i.o.OpenWorkload - Start user #49
22:00:41.553 [DEBUG] i.g.c.c.i.o.OpenWorkload - Injecting 2 users in scenario Acceptance test, continue=true
22:00:41.554 [DEBUG] i.g.h.c.i.HttpAppHandler - Write request WritableRequest{request=DefaultFullHttpRequest(decodeResult: success, version: HTTP/1.1, content: UnpooledByteBufAllocator$InstrumentedUnpooledUnsafeHeapByteBuf(ridx: 0, widx: 0, cap: 0))
GET /cpu/magic-identity-check?matrixSize=133 HTTP/1.1
Accept: */*
Content-Type: application/json;charset=UTF-8
Accept-Language: en-US,en;q=0.8,nl;q=0.6
User-Agent: Mozilla/5.0 (Windows NT 6.1; WOW64) AppleWebKit/537.36 (KHTML, like Gecko) Chrome/38.0.2125.111 Safari/537.36
accept-encoding: gzip,deflate,sdch
host: localhost:8080, content=null}
22:00:41.560 [DEBUG] i.g.h.c.i.HttpAppHandler - Read msg='DefaultHttpResponse(decodeResult: success, version: HTTP/1.1)
HTTP/1.1 200 
Content-Type: application/json;charset=UTF-8
Transfer-Encoding: chunked
Date: Wed, 29 Jan 2020 21:00:41 GMT'
22:00:41.560 [DEBUG] i.g.h.c.i.HttpAppHandler - Read msg='DefaultHttpContent(data: PooledSlicedByteBuf(ridx: 0, widx: 95, cap: 95/95, unwrapped: PooledUnsafeDirectByteBuf(ridx: 229, widx: 234, cap: 1024)), decoderResult: success)'
22:00:41.560 [DEBUG] i.g.h.c.i.HttpAppHandler - Read msg='EmptyLastHttpContent'
22:00:41.561 [TRACE] i.g.h.e.r.DefaultStatsProcessor - 
>>>>>>>>>>>>>>>>>>>>>>>>>>
Request:
simple_delay: OK 
=========================
Session:
Session(Acceptance test,40,1580331635552,Map(gatling.http.ssl.sslContexts -> SslContexts(io.netty.handler.ssl.JdkSslContext@50b8fa0c,None), gatling.http.cache.dns -> io.gatling.http.cache.DnsCacheSupport$$anon$1@5898ac4b, gatling.http.cache.baseUrl -> http://localhost:8080),15,OK,List(),io.gatling.core.protocol.ProtocolComponentsRegistry$$Lambda$598/0x000000084055d840@452b12e)
=========================
HTTP request:
GET http://localhost:8080/delay?duration=555
headers=
Accept: */*
Content-Type: application/json;charset=UTF-8
Accept-Language: en-US,en;q=0.8,nl;q=0.6
User-Agent: Mozilla/5.0 (Windows NT 6.1; WOW64) AppleWebKit/537.36 (KHTML, like Gecko) Chrome/38.0.2125.111 Safari/537.36
accept-encoding: gzip,deflate,sdch
host: localhost:8080
=========================
HTTP response:
status=
200 
headers= 
Content-Type: application/json;charset=UTF-8
Transfer-Encoding: chunked
Date: Wed, 29 Jan 2020 21:00:41 GMT

body=
{"message":"This was a delay of 555","name":"Simple-PropertiesFileName","durationInMillis":555}
<<<<<<<<<<<<<<<<<<<<<<<<<
22:00:41.561 [DEBUG] i.g.c.a.Pause - Pausing for 4927ms (real=4912ms)
22:00:41.565 [DEBUG] i.g.h.c.i.HttpAppHandler - Read msg='DefaultHttpResponse(decodeResult: success, version: HTTP/1.1)
HTTP/1.1 200 
Content-Type: application/json;charset=UTF-8
Transfer-Encoding: chunked
Date: Wed, 29 Jan 2020 21:00:41 GMT'
22:00:41.565 [DEBUG] i.g.h.c.i.HttpAppHandler - Read msg='DefaultHttpContent(data: PooledSlicedByteBuf(ridx: 0, widx: 170, cap: 170/170, unwrapped: PooledUnsafeDirectByteBuf(ridx: 304, widx: 304, cap: 1024)), decoderResult: success)'
22:00:41.566 [DEBUG] i.g.h.c.i.HttpAppHandler - Read msg='EmptyLastHttpContent'
22:00:41.566 [TRACE] i.g.h.e.r.DefaultStatsProcessor - 
>>>>>>>>>>>>>>>>>>>>>>>>>>
Request:
simple_cpu_burn: OK 
=========================
Session:
Session(Acceptance test,49,1580331641552,Map(gatling.http.ssl.sslContexts -> SslContexts(io.netty.handler.ssl.JdkSslContext@732e3418,None), gatling.http.cache.dns -> io.gatling.http.cache.DnsCacheSupport$$anon$1@5898ac4b, gatling.http.cache.baseUrl -> http://localhost:8080),0,OK,List(),io.gatling.core.protocol.ProtocolComponentsRegistry$$Lambda$598/0x000000084055d840@452b12e)
=========================
HTTP request:
GET http://localhost:8080/cpu/magic-identity-check?matrixSize=133
headers=
Accept: */*
Content-Type: application/json;charset=UTF-8
Accept-Language: en-US,en;q=0.8,nl;q=0.6
User-Agent: Mozilla/5.0 (Windows NT 6.1; WOW64) AppleWebKit/537.36 (KHTML, like Gecko) Chrome/38.0.2125.111 Safari/537.36
accept-encoding: gzip,deflate,sdch
host: localhost:8080
=========================
HTTP response:
status=
200 
headers= 
Content-Type: application/json;charset=UTF-8
Transfer-Encoding: chunked
Date: Wed, 29 Jan 2020 21:00:41 GMT

body=
{"message":"A simple magic square multiplied by an identity square of size [133] [is equal] to the magic square.","name":"Simple-PropertiesFileName","durationInMillis":9}
<<<<<<<<<<<<<<<<<<<<<<<<<
22:00:41.566 [DEBUG] i.g.c.a.Pause - Pausing for 4126ms (real=4126ms)
22:00:41.712 [DEBUG] i.g.h.e.t.HttpTxExecutor - Sending request=simple_delay uri=http://localhost:8080/delay?duration=555: scenario=Acceptance test, userId=44
22:00:41.713 [DEBUG] i.g.h.c.i.HttpAppHandler - Write request WritableRequest{request=DefaultFullHttpRequest(decodeResult: success, version: HTTP/1.1, content: UnpooledByteBufAllocator$InstrumentedUnpooledUnsafeHeapByteBuf(ridx: 0, widx: 0, cap: 0))
GET /delay?duration=555 HTTP/1.1
Accept: */*
Content-Type: application/json;charset=UTF-8
Accept-Language: en-US,en;q=0.8,nl;q=0.6
User-Agent: Mozilla/5.0 (Windows NT 6.1; WOW64) AppleWebKit/537.36 (KHTML, like Gecko) Chrome/38.0.2125.111 Safari/537.36
accept-encoding: gzip,deflate,sdch
host: localhost:8080, content=null}
22:00:41.842 [DEBUG] i.g.h.e.t.HttpTxExecutor - Sending request=upload-file uri=http://localhost:8080/files/upload: scenario=Acceptance test, userId=36
22:00:41.843 [DEBUG] i.g.h.c.i.HttpAppHandler - Write request WritableRequest{request=DefaultHttpRequest(decodeResult: success, version: HTTP/1.1)
POST /files/upload HTTP/1.1
Accept: */*
Accept-Language: en-US,en;q=0.8,nl;q=0.6
User-Agent: Mozilla/5.0 (Windows NT 6.1; WOW64) AppleWebKit/537.36 (KHTML, like Gecko) Chrome/38.0.2125.111 Safari/537.36
accept-encoding: gzip,deflate,sdch
host: localhost:8080
content-type: multipart/form-data; boundary=nKSLb4JPsWKSXVbtDESuxUVkd0p-VoIniSa
content-length: 220, content=io.gatling.http.client.body.multipart.impl.MultipartFileRegion@22c5f71d}
22:00:41.846 [DEBUG] i.g.h.c.i.HttpAppHandler - Read msg='DefaultHttpResponse(decodeResult: success, version: HTTP/1.1)
HTTP/1.1 200 
Content-Type: text/plain;charset=UTF-8
Content-Length: 62
Date: Wed, 29 Jan 2020 21:00:41 GMT'
22:00:41.846 [DEBUG] i.g.h.c.i.HttpAppHandler - Read msg='DefaultLastHttpContent(data: PooledSlicedByteBuf(ridx: 0, widx: 62, cap: 62/62, unwrapped: PooledUnsafeDirectByteBuf(ridx: 176, widx: 176, cap: 496)), decoderResult: success)'
22:00:41.847 [TRACE] i.g.h.e.r.DefaultStatsProcessor - 
>>>>>>>>>>>>>>>>>>>>>>>>>>
Request:
upload-file: OK 
=========================
Session:
Session(Acceptance test,36,1580331633051,Map(gatling.http.ssl.sslContexts -> SslContexts(io.netty.handler.ssl.JdkSslContext@6a773251,None), gatling.http.cache.dns -> io.gatling.http.cache.DnsCacheSupport$$anon$1@5898ac4b, gatling.http.cache.baseUrl -> http://localhost:8080),24,OK,List(),io.gatling.core.protocol.ProtocolComponentsRegistry$$Lambda$598/0x000000084055d840@452b12e)
=========================
HTTP request:
POST http://localhost:8080/files/upload
headers=
Accept: */*
Accept-Language: en-US,en;q=0.8,nl;q=0.6
User-Agent: Mozilla/5.0 (Windows NT 6.1; WOW64) AppleWebKit/537.36 (KHTML, like Gecko) Chrome/38.0.2125.111 Safari/537.36
accept-encoding: gzip,deflate,sdch
host: localhost:8080
content-type: multipart/form-data; boundary=nKSLb4JPsWKSXVbtDESuxUVkd0p-VoIniSa
content-length: 220
multipartBody=
ByteArrayPart: name=upload contentType=text/plain dispositionType=null charset=UTF-8 transferEncoding=null contentId=null filename=gatling-upload.txt
=========================
HTTP response:
status=
200 
headers= 
Content-Type: text/plain;charset=UTF-8
Content-Length: 62
Date: Wed, 29 Jan 2020 21:00:41 GMT

body=
File upload succeeded [gatling-upload.txt] of size [17] bytes.
<<<<<<<<<<<<<<<<<<<<<<<<<
22:00:41.847 [DEBUG] i.g.c.a.Exit - End user #36
22:00:41.847 [DEBUG] i.g.c.c.i.Injector - End user #36
22:00:42.052 [DEBUG] i.g.h.e.t.HttpTxExecutor - Sending request=simple_cpu_burn uri=http://localhost:8080/cpu/magic-identity-check?matrixSize=133: scenario=Acceptance test, userId=50
22:00:42.052 [DEBUG] i.g.c.c.i.o.OpenWorkload - Start user #50
22:00:42.054 [DEBUG] i.g.h.c.i.HttpAppHandler - Write request WritableRequest{request=DefaultFullHttpRequest(decodeResult: success, version: HTTP/1.1, content: UnpooledByteBufAllocator$InstrumentedUnpooledUnsafeHeapByteBuf(ridx: 0, widx: 0, cap: 0))
GET /cpu/magic-identity-check?matrixSize=133 HTTP/1.1
Accept: */*
Content-Type: application/json;charset=UTF-8
Accept-Language: en-US,en;q=0.8,nl;q=0.6
User-Agent: Mozilla/5.0 (Windows NT 6.1; WOW64) AppleWebKit/537.36 (KHTML, like Gecko) Chrome/38.0.2125.111 Safari/537.36
accept-encoding: gzip,deflate,sdch
host: localhost:8080, content=null}
22:00:42.067 [DEBUG] i.g.h.c.i.HttpAppHandler - Read msg='DefaultHttpResponse(decodeResult: success, version: HTTP/1.1)
HTTP/1.1 200 
Content-Type: application/json;charset=UTF-8
Transfer-Encoding: chunked
Date: Wed, 29 Jan 2020 21:00:41 GMT'
22:00:42.067 [DEBUG] i.g.h.c.i.HttpAppHandler - Read msg='DefaultHttpContent(data: PooledSlicedByteBuf(ridx: 0, widx: 171, cap: 171/171, unwrapped: PooledUnsafeDirectByteBuf(ridx: 305, widx: 310, cap: 1024)), decoderResult: success)'
22:00:42.067 [DEBUG] i.g.h.c.i.HttpAppHandler - Read msg='EmptyLastHttpContent'
22:00:42.068 [TRACE] i.g.h.e.r.DefaultStatsProcessor - 
>>>>>>>>>>>>>>>>>>>>>>>>>>
Request:
simple_cpu_burn: OK 
=========================
Session:
Session(Acceptance test,50,1580331642051,Map(gatling.http.ssl.sslContexts -> SslContexts(io.netty.handler.ssl.JdkSslContext@266ea9a,None), gatling.http.cache.dns -> io.gatling.http.cache.DnsCacheSupport$$anon$1@5898ac4b, gatling.http.cache.baseUrl -> http://localhost:8080),0,OK,List(),io.gatling.core.protocol.ProtocolComponentsRegistry$$Lambda$598/0x000000084055d840@452b12e)
=========================
HTTP request:
GET http://localhost:8080/cpu/magic-identity-check?matrixSize=133
headers=
Accept: */*
Content-Type: application/json;charset=UTF-8
Accept-Language: en-US,en;q=0.8,nl;q=0.6
User-Agent: Mozilla/5.0 (Windows NT 6.1; WOW64) AppleWebKit/537.36 (KHTML, like Gecko) Chrome/38.0.2125.111 Safari/537.36
accept-encoding: gzip,deflate,sdch
host: localhost:8080
=========================
HTTP response:
status=
200 
headers= 
Content-Type: application/json;charset=UTF-8
Transfer-Encoding: chunked
Date: Wed, 29 Jan 2020 21:00:41 GMT

body=
{"message":"A simple magic square multiplied by an identity square of size [133] [is equal] to the magic square.","name":"Simple-PropertiesFileName","durationInMillis":10}
<<<<<<<<<<<<<<<<<<<<<<<<<
22:00:42.068 [DEBUG] i.g.c.a.Pause - Pausing for 37ms (real=36ms)
22:00:42.121 [DEBUG] i.g.h.e.t.HttpTxExecutor - Sending request=simple_delay uri=http://localhost:8080/delay?duration=555: scenario=Acceptance test, userId=50
22:00:42.122 [DEBUG] i.g.h.c.i.HttpAppHandler - Write request WritableRequest{request=DefaultFullHttpRequest(decodeResult: success, version: HTTP/1.1, content: UnpooledByteBufAllocator$InstrumentedUnpooledUnsafeHeapByteBuf(ridx: 0, widx: 0, cap: 0))
GET /delay?duration=555 HTTP/1.1
Accept: */*
Content-Type: application/json;charset=UTF-8
Accept-Language: en-US,en;q=0.8,nl;q=0.6
User-Agent: Mozilla/5.0 (Windows NT 6.1; WOW64) AppleWebKit/537.36 (KHTML, like Gecko) Chrome/38.0.2125.111 Safari/537.36
accept-encoding: gzip,deflate,sdch
host: localhost:8080, content=null}
22:00:42.270 [DEBUG] i.g.h.c.i.HttpAppHandler - Read msg='DefaultHttpResponse(decodeResult: success, version: HTTP/1.1)
HTTP/1.1 200 
Content-Type: application/json;charset=UTF-8
Transfer-Encoding: chunked
Date: Wed, 29 Jan 2020 21:00:41 GMT'
22:00:42.270 [DEBUG] i.g.h.c.i.HttpAppHandler - Read msg='DefaultHttpContent(data: PooledSlicedByteBuf(ridx: 0, widx: 95, cap: 95/95, unwrapped: PooledUnsafeDirectByteBuf(ridx: 229, widx: 234, cap: 1024)), decoderResult: success)'
22:00:42.271 [DEBUG] i.g.h.c.i.HttpAppHandler - Read msg='EmptyLastHttpContent'
22:00:42.271 [TRACE] i.g.h.e.r.DefaultStatsProcessor - 
>>>>>>>>>>>>>>>>>>>>>>>>>>
Request:
simple_delay: OK 
=========================
Session:
Session(Acceptance test,44,1580331638552,Map(gatling.http.ssl.sslContexts -> SslContexts(io.netty.handler.ssl.JdkSslContext@3027de9,None), gatling.http.cache.dns -> io.gatling.http.cache.DnsCacheSupport$$anon$1@5898ac4b, gatling.http.cache.baseUrl -> http://localhost:8080),21,OK,List(),io.gatling.core.protocol.ProtocolComponentsRegistry$$Lambda$598/0x000000084055d840@452b12e)
=========================
HTTP request:
GET http://localhost:8080/delay?duration=555
headers=
Accept: */*
Content-Type: application/json;charset=UTF-8
Accept-Language: en-US,en;q=0.8,nl;q=0.6
User-Agent: Mozilla/5.0 (Windows NT 6.1; WOW64) AppleWebKit/537.36 (KHTML, like Gecko) Chrome/38.0.2125.111 Safari/537.36
accept-encoding: gzip,deflate,sdch
host: localhost:8080
=========================
HTTP response:
status=
200 
headers= 
Content-Type: application/json;charset=UTF-8
Transfer-Encoding: chunked
Date: Wed, 29 Jan 2020 21:00:41 GMT

body=
{"message":"This was a delay of 555","name":"Simple-PropertiesFileName","durationInMillis":555}
<<<<<<<<<<<<<<<<<<<<<<<<<
22:00:42.272 [DEBUG] i.g.c.a.Pause - Pausing for 636ms (real=615ms)
22:00:42.552 [DEBUG] i.g.h.e.t.HttpTxExecutor - Sending request=simple_cpu_burn uri=http://localhost:8080/cpu/magic-identity-check?matrixSize=133: scenario=Acceptance test, userId=51
22:00:42.552 [DEBUG] i.g.c.c.i.o.OpenWorkload - Injecting 1 users in scenario Acceptance test, continue=true
22:00:42.552 [DEBUG] i.g.c.c.i.o.OpenWorkload - Start user #51
22:00:42.553 [DEBUG] i.g.h.c.i.HttpAppHandler - Write request WritableRequest{request=DefaultFullHttpRequest(decodeResult: success, version: HTTP/1.1, content: UnpooledByteBufAllocator$InstrumentedUnpooledUnsafeHeapByteBuf(ridx: 0, widx: 0, cap: 0))
GET /cpu/magic-identity-check?matrixSize=133 HTTP/1.1
Accept: */*
Content-Type: application/json;charset=UTF-8
Accept-Language: en-US,en;q=0.8,nl;q=0.6
User-Agent: Mozilla/5.0 (Windows NT 6.1; WOW64) AppleWebKit/537.36 (KHTML, like Gecko) Chrome/38.0.2125.111 Safari/537.36
accept-encoding: gzip,deflate,sdch
host: localhost:8080, content=null}
22:00:42.565 [DEBUG] i.g.h.c.i.HttpAppHandler - Read msg='DefaultHttpResponse(decodeResult: success, version: HTTP/1.1)
HTTP/1.1 200 
Content-Type: application/json;charset=UTF-8
Transfer-Encoding: chunked
Date: Wed, 29 Jan 2020 21:00:42 GMT'
22:00:42.565 [DEBUG] i.g.h.c.i.HttpAppHandler - Read msg='DefaultHttpContent(data: PooledSlicedByteBuf(ridx: 0, widx: 170, cap: 170/170, unwrapped: PooledUnsafeDirectByteBuf(ridx: 304, widx: 304, cap: 1024)), decoderResult: success)'
22:00:42.565 [DEBUG] i.g.h.c.i.HttpAppHandler - Read msg='EmptyLastHttpContent'
22:00:42.566 [TRACE] i.g.h.e.r.DefaultStatsProcessor - 
>>>>>>>>>>>>>>>>>>>>>>>>>>
Request:
simple_cpu_burn: OK 
=========================
Session:
Session(Acceptance test,51,1580331642551,Map(gatling.http.ssl.sslContexts -> SslContexts(io.netty.handler.ssl.JdkSslContext@1525c678,None), gatling.http.cache.dns -> io.gatling.http.cache.DnsCacheSupport$$anon$1@5898ac4b, gatling.http.cache.baseUrl -> http://localhost:8080),0,OK,List(),io.gatling.core.protocol.ProtocolComponentsRegistry$$Lambda$598/0x000000084055d840@452b12e)
=========================
HTTP request:
GET http://localhost:8080/cpu/magic-identity-check?matrixSize=133
headers=
Accept: */*
Content-Type: application/json;charset=UTF-8
Accept-Language: en-US,en;q=0.8,nl;q=0.6
User-Agent: Mozilla/5.0 (Windows NT 6.1; WOW64) AppleWebKit/537.36 (KHTML, like Gecko) Chrome/38.0.2125.111 Safari/537.36
accept-encoding: gzip,deflate,sdch
host: localhost:8080
=========================
HTTP response:
status=
200 
headers= 
Content-Type: application/json;charset=UTF-8
Transfer-Encoding: chunked
Date: Wed, 29 Jan 2020 21:00:42 GMT

body=
{"message":"A simple magic square multiplied by an identity square of size [133] [is equal] to the magic square.","name":"Simple-PropertiesFileName","durationInMillis":9}
<<<<<<<<<<<<<<<<<<<<<<<<<
22:00:42.566 [DEBUG] i.g.c.a.Pause - Pausing for 3362ms (real=3361ms)
22:00:42.572 [DEBUG] i.g.h.e.t.HttpTxExecutor - Sending request=upload-file uri=http://localhost:8080/files/upload: scenario=Acceptance test, userId=42
22:00:42.573 [DEBUG] i.g.h.c.i.HttpAppHandler - Write request WritableRequest{request=DefaultHttpRequest(decodeResult: success, version: HTTP/1.1)
POST /files/upload HTTP/1.1
Accept: */*
Accept-Language: en-US,en;q=0.8,nl;q=0.6
User-Agent: Mozilla/5.0 (Windows NT 6.1; WOW64) AppleWebKit/537.36 (KHTML, like Gecko) Chrome/38.0.2125.111 Safari/537.36
accept-encoding: gzip,deflate,sdch
host: localhost:8080
content-type: multipart/form-data; boundary=Vgn8GFQaf5e3oTOIJdmFyc1VBlDayfEf1Ej
content-length: 220, content=io.gatling.http.client.body.multipart.impl.MultipartFileRegion@3a93b485}
22:00:42.576 [DEBUG] i.g.h.c.i.HttpAppHandler - Read msg='DefaultHttpResponse(decodeResult: success, version: HTTP/1.1)
HTTP/1.1 200 
Content-Type: text/plain;charset=UTF-8
Content-Length: 62
Date: Wed, 29 Jan 2020 21:00:42 GMT'
22:00:42.576 [DEBUG] i.g.h.c.i.HttpAppHandler - Read msg='DefaultLastHttpContent(data: PooledSlicedByteBuf(ridx: 0, widx: 62, cap: 62/62, unwrapped: PooledUnsafeDirectByteBuf(ridx: 176, widx: 176, cap: 496)), decoderResult: success)'
22:00:42.577 [TRACE] i.g.h.e.r.DefaultStatsProcessor - 
>>>>>>>>>>>>>>>>>>>>>>>>>>
Request:
upload-file: OK 
=========================
Session:
Session(Acceptance test,42,1580331637051,Map(gatling.http.ssl.sslContexts -> SslContexts(io.netty.handler.ssl.JdkSslContext@2c94d0d,None), gatling.http.cache.dns -> io.gatling.http.cache.DnsCacheSupport$$anon$1@5898ac4b, gatling.http.cache.baseUrl -> http://localhost:8080),22,OK,List(),io.gatling.core.protocol.ProtocolComponentsRegistry$$Lambda$598/0x000000084055d840@452b12e)
=========================
HTTP request:
POST http://localhost:8080/files/upload
headers=
Accept: */*
Accept-Language: en-US,en;q=0.8,nl;q=0.6
User-Agent: Mozilla/5.0 (Windows NT 6.1; WOW64) AppleWebKit/537.36 (KHTML, like Gecko) Chrome/38.0.2125.111 Safari/537.36
accept-encoding: gzip,deflate,sdch
host: localhost:8080
content-type: multipart/form-data; boundary=Vgn8GFQaf5e3oTOIJdmFyc1VBlDayfEf1Ej
content-length: 220
multipartBody=
ByteArrayPart: name=upload contentType=text/plain dispositionType=null charset=UTF-8 transferEncoding=null contentId=null filename=gatling-upload.txt
=========================
HTTP response:
status=
200 
headers= 
Content-Type: text/plain;charset=UTF-8
Content-Length: 62
Date: Wed, 29 Jan 2020 21:00:42 GMT

body=
File upload succeeded [gatling-upload.txt] of size [17] bytes.
<<<<<<<<<<<<<<<<<<<<<<<<<
22:00:42.577 [DEBUG] i.g.c.a.Exit - End user #42
22:00:42.577 [DEBUG] i.g.c.c.i.Injector - End user #42
22:00:42.602 [DEBUG] i.g.h.e.t.HttpTxExecutor - Sending request=upload-file uri=http://localhost:8080/files/upload: scenario=Acceptance test, userId=32
22:00:42.602 [DEBUG] i.g.h.c.i.HttpAppHandler - Write request WritableRequest{request=DefaultHttpRequest(decodeResult: success, version: HTTP/1.1)
POST /files/upload HTTP/1.1
Accept: */*
Accept-Language: en-US,en;q=0.8,nl;q=0.6
User-Agent: Mozilla/5.0 (Windows NT 6.1; WOW64) AppleWebKit/537.36 (KHTML, like Gecko) Chrome/38.0.2125.111 Safari/537.36
accept-encoding: gzip,deflate,sdch
host: localhost:8080
content-type: multipart/form-data; boundary=2KUhaShVH9YlrUknz7Uvqj96cZ5sofITpTs
content-length: 220, content=io.gatling.http.client.body.multipart.impl.MultipartFileRegion@4633c833}
22:00:42.605 [DEBUG] i.g.h.c.i.HttpAppHandler - Read msg='DefaultHttpResponse(decodeResult: success, version: HTTP/1.1)
HTTP/1.1 200 
Content-Type: text/plain;charset=UTF-8
Content-Length: 62
Date: Wed, 29 Jan 2020 21:00:42 GMT'
22:00:42.605 [DEBUG] i.g.h.c.i.HttpAppHandler - Read msg='DefaultLastHttpContent(data: PooledSlicedByteBuf(ridx: 0, widx: 62, cap: 62/62, unwrapped: PooledUnsafeDirectByteBuf(ridx: 176, widx: 176, cap: 512)), decoderResult: success)'
22:00:42.606 [TRACE] i.g.h.e.r.DefaultStatsProcessor - 
>>>>>>>>>>>>>>>>>>>>>>>>>>
Request:
upload-file: OK 
=========================
Session:
Session(Acceptance test,32,1580331630552,Map(gatling.http.ssl.sslContexts -> SslContexts(io.netty.handler.ssl.JdkSslContext@153b8b2,None), gatling.http.cache.dns -> io.gatling.http.cache.DnsCacheSupport$$anon$1@5898ac4b, gatling.http.cache.baseUrl -> http://localhost:8080),14,OK,List(),io.gatling.core.protocol.ProtocolComponentsRegistry$$Lambda$598/0x000000084055d840@452b12e)
=========================
HTTP request:
POST http://localhost:8080/files/upload
headers=
Accept: */*
Accept-Language: en-US,en;q=0.8,nl;q=0.6
User-Agent: Mozilla/5.0 (Windows NT 6.1; WOW64) AppleWebKit/537.36 (KHTML, like Gecko) Chrome/38.0.2125.111 Safari/537.36
accept-encoding: gzip,deflate,sdch
host: localhost:8080
content-type: multipart/form-data; boundary=2KUhaShVH9YlrUknz7Uvqj96cZ5sofITpTs
content-length: 220
multipartBody=
ByteArrayPart: name=upload contentType=text/plain dispositionType=null charset=UTF-8 transferEncoding=null contentId=null filename=gatling-upload.txt
=========================
HTTP response:
status=
200 
headers= 
Content-Type: text/plain;charset=UTF-8
Content-Length: 62
Date: Wed, 29 Jan 2020 21:00:42 GMT

body=
File upload succeeded [gatling-upload.txt] of size [17] bytes.
<<<<<<<<<<<<<<<<<<<<<<<<<
22:00:42.606 [DEBUG] i.g.c.a.Exit - End user #32
22:00:42.607 [DEBUG] i.g.c.c.i.Injector - End user #32
22:00:42.679 [DEBUG] i.g.h.c.i.HttpAppHandler - Read msg='DefaultHttpResponse(decodeResult: success, version: HTTP/1.1)
HTTP/1.1 200 
Content-Type: application/json;charset=UTF-8
Transfer-Encoding: chunked
Date: Wed, 29 Jan 2020 21:00:42 GMT'
22:00:42.679 [DEBUG] i.g.h.c.i.HttpAppHandler - Read msg='DefaultHttpContent(data: PooledSlicedByteBuf(ridx: 0, widx: 95, cap: 95/95, unwrapped: PooledUnsafeDirectByteBuf(ridx: 229, widx: 234, cap: 1024)), decoderResult: success)'
22:00:42.679 [DEBUG] i.g.h.c.i.HttpAppHandler - Read msg='EmptyLastHttpContent'
22:00:42.680 [TRACE] i.g.h.e.r.DefaultStatsProcessor - 
>>>>>>>>>>>>>>>>>>>>>>>>>>
Request:
simple_delay: OK 
=========================
Session:
Session(Acceptance test,50,1580331642051,Map(gatling.http.ssl.sslContexts -> SslContexts(io.netty.handler.ssl.JdkSslContext@266ea9a,None), gatling.http.cache.dns -> io.gatling.http.cache.DnsCacheSupport$$anon$1@5898ac4b, gatling.http.cache.baseUrl -> http://localhost:8080),17,OK,List(),io.gatling.core.protocol.ProtocolComponentsRegistry$$Lambda$598/0x000000084055d840@452b12e)
=========================
HTTP request:
GET http://localhost:8080/delay?duration=555
headers=
Accept: */*
Content-Type: application/json;charset=UTF-8
Accept-Language: en-US,en;q=0.8,nl;q=0.6
User-Agent: Mozilla/5.0 (Windows NT 6.1; WOW64) AppleWebKit/537.36 (KHTML, like Gecko) Chrome/38.0.2125.111 Safari/537.36
accept-encoding: gzip,deflate,sdch
host: localhost:8080
=========================
HTTP response:
status=
200 
headers= 
Content-Type: application/json;charset=UTF-8
Transfer-Encoding: chunked
Date: Wed, 29 Jan 2020 21:00:42 GMT

body=
{"message":"This was a delay of 555","name":"Simple-PropertiesFileName","durationInMillis":555}
<<<<<<<<<<<<<<<<<<<<<<<<<
22:00:42.680 [DEBUG] i.g.c.a.Pause - Pausing for 2910ms (real=2893ms)
22:00:42.911 [DEBUG] i.g.h.e.t.HttpTxExecutor - Sending request=simple_mini_leak uri=http://localhost:8080/memory/grow?objects=8&items=54: scenario=Acceptance test, userId=44
22:00:42.912 [DEBUG] i.g.h.c.i.HttpAppHandler - Write request WritableRequest{request=DefaultFullHttpRequest(decodeResult: success, version: HTTP/1.1, content: UnpooledByteBufAllocator$InstrumentedUnpooledUnsafeHeapByteBuf(ridx: 0, widx: 0, cap: 0))
GET /memory/grow?objects=8&items=54 HTTP/1.1
Accept: */*
Content-Type: application/json;charset=UTF-8
Accept-Language: en-US,en;q=0.8,nl;q=0.6
User-Agent: Mozilla/5.0 (Windows NT 6.1; WOW64) AppleWebKit/537.36 (KHTML, like Gecko) Chrome/38.0.2125.111 Safari/537.36
accept-encoding: gzip,deflate,sdch
host: localhost:8080, content=null}
22:00:42.919 [DEBUG] i.g.h.c.i.HttpAppHandler - Read msg='DefaultHttpResponse(decodeResult: success, version: HTTP/1.1)
HTTP/1.1 200 
Content-Type: application/json;charset=UTF-8
Transfer-Encoding: chunked
Date: Wed, 29 Jan 2020 21:00:42 GMT'
22:00:42.919 [DEBUG] i.g.h.c.i.HttpAppHandler - Read msg='DefaultHttpContent(data: PooledSlicedByteBuf(ridx: 0, widx: 144, cap: 144/144, unwrapped: PooledUnsafeDirectByteBuf(ridx: 278, widx: 278, cap: 512)), decoderResult: success)'
22:00:42.919 [DEBUG] i.g.h.c.i.HttpAppHandler - Read msg='EmptyLastHttpContent'
22:00:42.920 [TRACE] i.g.h.e.r.DefaultStatsProcessor - 
>>>>>>>>>>>>>>>>>>>>>>>>>>
Request:
simple_mini_leak: OK 
=========================
Session:
Session(Acceptance test,44,1580331638552,Map(gatling.http.ssl.sslContexts -> SslContexts(io.netty.handler.ssl.JdkSslContext@3027de9,None), gatling.http.cache.dns -> io.gatling.http.cache.DnsCacheSupport$$anon$1@5898ac4b, gatling.http.cache.baseUrl -> http://localhost:8080),24,OK,List(),io.gatling.core.protocol.ProtocolComponentsRegistry$$Lambda$598/0x000000084055d840@452b12e)
=========================
HTTP request:
GET http://localhost:8080/memory/grow?objects=8&items=54
headers=
Accept: */*
Content-Type: application/json;charset=UTF-8
Accept-Language: en-US,en;q=0.8,nl;q=0.6
User-Agent: Mozilla/5.0 (Windows NT 6.1; WOW64) AppleWebKit/537.36 (KHTML, like Gecko) Chrome/38.0.2125.111 Safari/537.36
accept-encoding: gzip,deflate,sdch
host: localhost:8080
=========================
HTTP response:
status=
200 
headers= 
Content-Type: application/json;charset=UTF-8
Transfer-Encoding: chunked
Date: Wed, 29 Jan 2020 21:00:42 GMT

body=
{"message":"Size of BigFatBastard list is now 11352 objects. It contains 613008 items.","name":"Simple-PropertiesFileName","durationInMillis":5}
<<<<<<<<<<<<<<<<<<<<<<<<<
22:00:42.920 [DEBUG] i.g.c.a.Pause - Pausing for 1790ms (real=1765ms)
22:00:43.482 [DEBUG] i.g.h.e.t.HttpTxExecutor - Sending request=simple_delay uri=http://localhost:8080/delay?duration=555: scenario=Acceptance test, userId=43
22:00:43.483 [DEBUG] i.g.h.c.i.HttpAppHandler - Write request WritableRequest{request=DefaultFullHttpRequest(decodeResult: success, version: HTTP/1.1, content: UnpooledByteBufAllocator$InstrumentedUnpooledUnsafeHeapByteBuf(ridx: 0, widx: 0, cap: 0))
GET /delay?duration=555 HTTP/1.1
Accept: */*
Content-Type: application/json;charset=UTF-8
Accept-Language: en-US,en;q=0.8,nl;q=0.6
User-Agent: Mozilla/5.0 (Windows NT 6.1; WOW64) AppleWebKit/537.36 (KHTML, like Gecko) Chrome/38.0.2125.111 Safari/537.36
accept-encoding: gzip,deflate,sdch
host: localhost:8080, content=null}
22:00:43.553 [DEBUG] i.g.c.c.i.o.OpenWorkload - Injecting 2 users in scenario Acceptance test, continue=true
22:00:43.553 [DEBUG] i.g.h.e.t.HttpTxExecutor - Sending request=simple_cpu_burn uri=http://localhost:8080/cpu/magic-identity-check?matrixSize=133: scenario=Acceptance test, userId=52
22:00:43.553 [DEBUG] i.g.c.c.i.o.OpenWorkload - Start user #52
22:00:43.554 [DEBUG] i.g.h.c.i.HttpAppHandler - Write request WritableRequest{request=DefaultFullHttpRequest(decodeResult: success, version: HTTP/1.1, content: UnpooledByteBufAllocator$InstrumentedUnpooledUnsafeHeapByteBuf(ridx: 0, widx: 0, cap: 0))
GET /cpu/magic-identity-check?matrixSize=133 HTTP/1.1
Accept: */*
Content-Type: application/json;charset=UTF-8
Accept-Language: en-US,en;q=0.8,nl;q=0.6
User-Agent: Mozilla/5.0 (Windows NT 6.1; WOW64) AppleWebKit/537.36 (KHTML, like Gecko) Chrome/38.0.2125.111 Safari/537.36
accept-encoding: gzip,deflate,sdch
host: localhost:8080, content=null}
22:00:43.562 [DEBUG] i.g.h.c.i.HttpAppHandler - Read msg='DefaultHttpResponse(decodeResult: success, version: HTTP/1.1)
HTTP/1.1 200 
Content-Type: application/json;charset=UTF-8
Transfer-Encoding: chunked
Date: Wed, 29 Jan 2020 21:00:42 GMT'
22:00:43.562 [DEBUG] i.g.h.c.i.HttpAppHandler - Read msg='DefaultHttpContent(data: PooledSlicedByteBuf(ridx: 0, widx: 170, cap: 170/170, unwrapped: PooledUnsafeDirectByteBuf(ridx: 304, widx: 309, cap: 1024)), decoderResult: success)'
22:00:43.562 [DEBUG] i.g.h.c.i.HttpAppHandler - Read msg='EmptyLastHttpContent'
22:00:43.562 [TRACE] i.g.h.e.r.DefaultStatsProcessor - 
>>>>>>>>>>>>>>>>>>>>>>>>>>
Request:
simple_cpu_burn: OK 
=========================
Session:
Session(Acceptance test,52,1580331643552,Map(gatling.http.ssl.sslContexts -> SslContexts(io.netty.handler.ssl.JdkSslContext@62c412d3,None), gatling.http.cache.dns -> io.gatling.http.cache.DnsCacheSupport$$anon$1@5898ac4b, gatling.http.cache.baseUrl -> http://localhost:8080),0,OK,List(),io.gatling.core.protocol.ProtocolComponentsRegistry$$Lambda$598/0x000000084055d840@452b12e)
=========================
HTTP request:
GET http://localhost:8080/cpu/magic-identity-check?matrixSize=133
headers=
Accept: */*
Content-Type: application/json;charset=UTF-8
Accept-Language: en-US,en;q=0.8,nl;q=0.6
User-Agent: Mozilla/5.0 (Windows NT 6.1; WOW64) AppleWebKit/537.36 (KHTML, like Gecko) Chrome/38.0.2125.111 Safari/537.36
accept-encoding: gzip,deflate,sdch
host: localhost:8080
=========================
HTTP response:
status=
200 
headers= 
Content-Type: application/json;charset=UTF-8
Transfer-Encoding: chunked
Date: Wed, 29 Jan 2020 21:00:42 GMT

body=
{"message":"A simple magic square multiplied by an identity square of size [133] [is equal] to the magic square.","name":"Simple-PropertiesFileName","durationInMillis":5}
<<<<<<<<<<<<<<<<<<<<<<<<<
22:00:43.562 [DEBUG] i.g.c.a.Pause - Pausing for 6546ms (real=6546ms)
22:00:43.992 [DEBUG] i.g.h.e.t.HttpTxExecutor - Sending request=simple_mini_leak uri=http://localhost:8080/memory/grow?objects=8&items=54: scenario=Acceptance test, userId=45
22:00:43.993 [DEBUG] i.g.h.c.i.HttpAppHandler - Write request WritableRequest{request=DefaultFullHttpRequest(decodeResult: success, version: HTTP/1.1, content: UnpooledByteBufAllocator$InstrumentedUnpooledUnsafeHeapByteBuf(ridx: 0, widx: 0, cap: 0))
GET /memory/grow?objects=8&items=54 HTTP/1.1
Accept: */*
Content-Type: application/json;charset=UTF-8
Accept-Language: en-US,en;q=0.8,nl;q=0.6
User-Agent: Mozilla/5.0 (Windows NT 6.1; WOW64) AppleWebKit/537.36 (KHTML, like Gecko) Chrome/38.0.2125.111 Safari/537.36
accept-encoding: gzip,deflate,sdch
host: localhost:8080, content=null}
22:00:44.000 [DEBUG] i.g.h.c.i.HttpAppHandler - Read msg='DefaultHttpResponse(decodeResult: success, version: HTTP/1.1)
HTTP/1.1 200 
Content-Type: application/json;charset=UTF-8
Transfer-Encoding: chunked
Date: Wed, 29 Jan 2020 21:00:43 GMT'
22:00:44.000 [DEBUG] i.g.h.c.i.HttpAppHandler - Read msg='DefaultHttpContent(data: PooledSlicedByteBuf(ridx: 0, widx: 144, cap: 144/144, unwrapped: PooledUnsafeDirectByteBuf(ridx: 278, widx: 283, cap: 512)), decoderResult: success)'
22:00:44.000 [DEBUG] i.g.h.c.i.HttpAppHandler - Read msg='EmptyLastHttpContent'
22:00:44.001 [TRACE] i.g.h.e.r.DefaultStatsProcessor - 
>>>>>>>>>>>>>>>>>>>>>>>>>>
Request:
simple_mini_leak: OK 
=========================
Session:
Session(Acceptance test,45,1580331639052,Map(gatling.http.ssl.sslContexts -> SslContexts(io.netty.handler.ssl.JdkSslContext@66293aad,None), gatling.http.cache.dns -> io.gatling.http.cache.DnsCacheSupport$$anon$1@5898ac4b, gatling.http.cache.baseUrl -> http://localhost:8080),24,OK,List(),io.gatling.core.protocol.ProtocolComponentsRegistry$$Lambda$598/0x000000084055d840@452b12e)
=========================
HTTP request:
GET http://localhost:8080/memory/grow?objects=8&items=54
headers=
Accept: */*
Content-Type: application/json;charset=UTF-8
Accept-Language: en-US,en;q=0.8,nl;q=0.6
User-Agent: Mozilla/5.0 (Windows NT 6.1; WOW64) AppleWebKit/537.36 (KHTML, like Gecko) Chrome/38.0.2125.111 Safari/537.36
accept-encoding: gzip,deflate,sdch
host: localhost:8080
=========================
HTTP response:
status=
200 
headers= 
Content-Type: application/json;charset=UTF-8
Transfer-Encoding: chunked
Date: Wed, 29 Jan 2020 21:00:43 GMT

body=
{"message":"Size of BigFatBastard list is now 11360 objects. It contains 613440 items.","name":"Simple-PropertiesFileName","durationInMillis":5}
<<<<<<<<<<<<<<<<<<<<<<<<<
22:00:44.001 [DEBUG] i.g.c.a.Pause - Pausing for 1697ms (real=1672ms)
22:00:44.032 [DEBUG] i.g.h.e.t.HttpTxExecutor - Sending request=simple_delay uri=http://localhost:8080/delay?duration=555: scenario=Acceptance test, userId=48
22:00:44.032 [DEBUG] i.g.h.c.i.HttpAppHandler - Write request WritableRequest{request=DefaultFullHttpRequest(decodeResult: success, version: HTTP/1.1, content: UnpooledByteBufAllocator$InstrumentedUnpooledUnsafeHeapByteBuf(ridx: 0, widx: 0, cap: 0))
GET /delay?duration=555 HTTP/1.1
Accept: */*
Content-Type: application/json;charset=UTF-8
Accept-Language: en-US,en;q=0.8,nl;q=0.6
User-Agent: Mozilla/5.0 (Windows NT 6.1; WOW64) AppleWebKit/537.36 (KHTML, like Gecko) Chrome/38.0.2125.111 Safari/537.36
accept-encoding: gzip,deflate,sdch
host: localhost:8080, content=null}
22:00:44.041 [DEBUG] i.g.h.c.i.HttpAppHandler - Read msg='DefaultHttpResponse(decodeResult: success, version: HTTP/1.1)
HTTP/1.1 200 
Content-Type: application/json;charset=UTF-8
Transfer-Encoding: chunked
Date: Wed, 29 Jan 2020 21:00:43 GMT'
22:00:44.041 [DEBUG] i.g.h.c.i.HttpAppHandler - Read msg='DefaultHttpContent(data: PooledSlicedByteBuf(ridx: 0, widx: 95, cap: 95/95, unwrapped: PooledUnsafeDirectByteBuf(ridx: 229, widx: 234, cap: 1024)), decoderResult: success)'
22:00:44.041 [DEBUG] i.g.h.c.i.HttpAppHandler - Read msg='EmptyLastHttpContent'
22:00:44.041 [TRACE] i.g.h.e.r.DefaultStatsProcessor - 
>>>>>>>>>>>>>>>>>>>>>>>>>>
Request:
simple_delay: OK 
=========================
Session:
Session(Acceptance test,43,1580331637552,Map(gatling.http.ssl.sslContexts -> SslContexts(io.netty.handler.ssl.JdkSslContext@3fea3b45,None), gatling.http.cache.dns -> io.gatling.http.cache.DnsCacheSupport$$anon$1@5898ac4b, gatling.http.cache.baseUrl -> http://localhost:8080),17,OK,List(),io.gatling.core.protocol.ProtocolComponentsRegistry$$Lambda$598/0x000000084055d840@452b12e)
=========================
HTTP request:
GET http://localhost:8080/delay?duration=555
headers=
Accept: */*
Content-Type: application/json;charset=UTF-8
Accept-Language: en-US,en;q=0.8,nl;q=0.6
User-Agent: Mozilla/5.0 (Windows NT 6.1; WOW64) AppleWebKit/537.36 (KHTML, like Gecko) Chrome/38.0.2125.111 Safari/537.36
accept-encoding: gzip,deflate,sdch
host: localhost:8080
=========================
HTTP response:
status=
200 
headers= 
Content-Type: application/json;charset=UTF-8
Transfer-Encoding: chunked
Date: Wed, 29 Jan 2020 21:00:43 GMT

body=
{"message":"This was a delay of 555","name":"Simple-PropertiesFileName","durationInMillis":555}
<<<<<<<<<<<<<<<<<<<<<<<<<
22:00:44.042 [DEBUG] i.g.c.a.Pause - Pausing for 4635ms (real=4617ms)
22:00:44.053 [DEBUG] i.g.h.e.t.HttpTxExecutor - Sending request=simple_cpu_burn uri=http://localhost:8080/cpu/magic-identity-check?matrixSize=133: scenario=Acceptance test, userId=53
22:00:44.053 [DEBUG] i.g.c.c.i.o.OpenWorkload - Start user #53
22:00:44.054 [DEBUG] i.g.h.c.i.HttpAppHandler - Write request WritableRequest{request=DefaultFullHttpRequest(decodeResult: success, version: HTTP/1.1, content: UnpooledByteBufAllocator$InstrumentedUnpooledUnsafeHeapByteBuf(ridx: 0, widx: 0, cap: 0))
GET /cpu/magic-identity-check?matrixSize=133 HTTP/1.1
Accept: */*
Content-Type: application/json;charset=UTF-8
Accept-Language: en-US,en;q=0.8,nl;q=0.6
User-Agent: Mozilla/5.0 (Windows NT 6.1; WOW64) AppleWebKit/537.36 (KHTML, like Gecko) Chrome/38.0.2125.111 Safari/537.36
accept-encoding: gzip,deflate,sdch
host: localhost:8080, content=null}
22:00:44.066 [DEBUG] i.g.h.c.i.HttpAppHandler - Read msg='DefaultHttpResponse(decodeResult: success, version: HTTP/1.1)
HTTP/1.1 200 
Content-Type: application/json;charset=UTF-8
Transfer-Encoding: chunked
Date: Wed, 29 Jan 2020 21:00:43 GMT'
22:00:44.067 [DEBUG] i.g.h.c.i.HttpAppHandler - Read msg='DefaultHttpContent(data: PooledSlicedByteBuf(ridx: 0, widx: 171, cap: 171/171, unwrapped: PooledUnsafeDirectByteBuf(ridx: 305, widx: 310, cap: 1024)), decoderResult: success)'
22:00:44.067 [DEBUG] i.g.h.c.i.HttpAppHandler - Read msg='EmptyLastHttpContent'
22:00:44.067 [TRACE] i.g.h.e.r.DefaultStatsProcessor - 
>>>>>>>>>>>>>>>>>>>>>>>>>>
Request:
simple_cpu_burn: OK 
=========================
Session:
Session(Acceptance test,53,1580331644052,Map(gatling.http.ssl.sslContexts -> SslContexts(io.netty.handler.ssl.JdkSslContext@6ed7ef47,None), gatling.http.cache.dns -> io.gatling.http.cache.DnsCacheSupport$$anon$1@5898ac4b, gatling.http.cache.baseUrl -> http://localhost:8080),0,OK,List(),io.gatling.core.protocol.ProtocolComponentsRegistry$$Lambda$598/0x000000084055d840@452b12e)
=========================
HTTP request:
GET http://localhost:8080/cpu/magic-identity-check?matrixSize=133
headers=
Accept: */*
Content-Type: application/json;charset=UTF-8
Accept-Language: en-US,en;q=0.8,nl;q=0.6
User-Agent: Mozilla/5.0 (Windows NT 6.1; WOW64) AppleWebKit/537.36 (KHTML, like Gecko) Chrome/38.0.2125.111 Safari/537.36
accept-encoding: gzip,deflate,sdch
host: localhost:8080
=========================
HTTP response:
status=
200 
headers= 
Content-Type: application/json;charset=UTF-8
Transfer-Encoding: chunked
Date: Wed, 29 Jan 2020 21:00:43 GMT

body=
{"message":"A simple magic square multiplied by an identity square of size [133] [is equal] to the magic square.","name":"Simple-PropertiesFileName","durationInMillis":10}
<<<<<<<<<<<<<<<<<<<<<<<<<
22:00:44.068 [DEBUG] i.g.c.a.Pause - Pausing for 4226ms (real=4226ms)

================================================================================
2020-01-29 22:00:44                                          40s elapsed
---- Requests ------------------------------------------------------------------
> Global                                                   (OK=176    KO=1     )
> simple_cpu_burn                                          (OK=53     KO=0     )
> simple_delay                                             (OK=45     KO=0     )
> simple_mini_leak                                         (OK=41     KO=1     )
> upload-file                                              (OK=37     KO=0     )
---- Errors --------------------------------------------------------------------
> status.find.is(200), but actually found 500                         1 (100.0%)

---- Acceptance test -----------------------------------------------------------
[###--                                                                     ]  5%
          waiting: 637    / active: 16     / done: 37    
================================================================================

22:00:44.179 [DEBUG] i.g.g.m.GraphiteMetrics$ - GraphiteMetrics=gatling2.BurnAfter.acc.afterburner.users.allUsers.active 28 1580331644
gatling2.BurnAfter.acc.afterburner.users.allUsers.waiting 637 1580331644
gatling2.BurnAfter.acc.afterburner.users.allUsers.done 37 1580331644
gatling2.BurnAfter.acc.afterburner.users.Acceptance_test.active 28 1580331644
gatling2.BurnAfter.acc.afterburner.users.Acceptance_test.waiting 637 1580331644
gatling2.BurnAfter.acc.afterburner.users.Acceptance_test.done 37 1580331644
gatling2.BurnAfter.acc.afterburner.simple_delay.ok.count 13 1580331644
gatling2.BurnAfter.acc.afterburner.simple_delay.ok.min 556 1580331644
gatling2.BurnAfter.acc.afterburner.simple_delay.ok.max 559 1580331644
gatling2.BurnAfter.acc.afterburner.simple_delay.ok.mean 558 1580331644
gatling2.BurnAfter.acc.afterburner.simple_delay.ok.stdDev 0 1580331644
gatling2.BurnAfter.acc.afterburner.simple_delay.ok.percentiles50 559 1580331644
gatling2.BurnAfter.acc.afterburner.simple_delay.ok.percentiles75 559 1580331644
gatling2.BurnAfter.acc.afterburner.simple_delay.ok.percentiles95 559 1580331644
gatling2.BurnAfter.acc.afterburner.simple_delay.ok.percentiles99 559 1580331644
gatling2.BurnAfter.acc.afterburner.simple_delay.ko.count 0 1580331644
gatling2.BurnAfter.acc.afterburner.simple_delay.all.count 13 1580331644
gatling2.BurnAfter.acc.afterburner.simple_delay.all.min 556 1580331644
gatling2.BurnAfter.acc.afterburner.simple_delay.all.max 559 1580331644
gatling2.BurnAfter.acc.afterburner.simple_delay.all.mean 558 1580331644
gatling2.BurnAfter.acc.afterburner.simple_delay.all.stdDev 0 1580331644
gatling2.BurnAfter.acc.afterburner.simple_delay.all.percentiles50 559 1580331644
gatling2.BurnAfter.acc.afterburner.simple_delay.all.percentiles75 559 1580331644
gatling2.BurnAfter.acc.afterburner.simple_delay.all.percentiles95 559 1580331644
gatling2.BurnAfter.acc.afterburner.simple_delay.all.percentiles99 559 1580331644
gatling2.BurnAfter.acc.afterburner.upload-file.ok.count 12 1580331644
gatling2.BurnAfter.acc.afterburner.upload-file.ok.min 2 1580331644
gatling2.BurnAfter.acc.afterburner.upload-file.ok.max 5 1580331644
gatling2.BurnAfter.acc.afterburner.upload-file.ok.mean 3 1580331644
gatling2.BurnAfter.acc.afterburner.upload-file.ok.stdDev 0 1580331644
gatling2.BurnAfter.acc.afterburner.upload-file.ok.percentiles50 4 1580331644
gatling2.BurnAfter.acc.afterburner.upload-file.ok.percentiles75 4 1580331644
gatling2.BurnAfter.acc.afterburner.upload-file.ok.percentiles95 5 1580331644
gatling2.BurnAfter.acc.afterburner.upload-file.ok.percentiles99 5 1580331644
gatling2.BurnAfter.acc.afterburner.upload-file.ko.count 0 1580331644
gatling2.BurnAfter.acc.afterburner.upload-file.all.count 12 1580331644
gatling2.BurnAfter.acc.afterburner.upload-file.all.min 2 1580331644
gatling2.BurnAfter.acc.afterburner.upload-file.all.max 5 1580331644
gatling2.BurnAfter.acc.afterburner.upload-file.all.mean 3 1580331644
gatling2.BurnAfter.acc.afterburner.upload-file.all.stdDev 0 1580331644
gatling2.BurnAfter.acc.afterburner.upload-file.all.percentiles50 4 1580331644
gatling2.BurnAfter.acc.afterburner.upload-file.all.percentiles75 4 1580331644
gatling2.BurnAfter.acc.afterburner.upload-file.all.percentiles95 5 1580331644
gatling2.BurnAfter.acc.afterburner.upload-file.all.percentiles99 5 1580331644
gatling2.BurnAfter.acc.afterburner.simple_mini_leak.ok.count 14 1580331644
gatling2.BurnAfter.acc.afterburner.simple_mini_leak.ok.min 3 1580331644
gatling2.BurnAfter.acc.afterburner.simple_mini_leak.ok.max 9 1580331644
gatling2.BurnAfter.acc.afterburner.simple_mini_leak.ok.mean 7 1580331644
gatling2.BurnAfter.acc.afterburner.simple_mini_leak.ok.stdDev 1 1580331644
gatling2.BurnAfter.acc.afterburner.simple_mini_leak.ok.percentiles50 8 1580331644
gatling2.BurnAfter.acc.afterburner.simple_mini_leak.ok.percentiles75 8 1580331644
gatling2.BurnAfter.acc.afterburner.simple_mini_leak.ok.percentiles95 9 1580331644
gatling2.BurnAfter.acc.afterburner.simple_mini_leak.ok.percentiles99 9 1580331644
gatling2.BurnAfter.acc.afterburner.simple_mini_leak.ko.count 0 1580331644
gatling2.BurnAfter.acc.afterburner.simple_mini_leak.all.count 14 1580331644
gatling2.BurnAfter.acc.afterburner.simple_mini_leak.all.min 3 1580331644
gatling2.BurnAfter.acc.afterburner.simple_mini_leak.all.max 9 1580331644
gatling2.BurnAfter.acc.afterburner.simple_mini_leak.all.mean 7 1580331644
gatling2.BurnAfter.acc.afterburner.simple_mini_leak.all.stdDev 1 1580331644
gatling2.BurnAfter.acc.afterburner.simple_mini_leak.all.percentiles50 8 1580331644
gatling2.BurnAfter.acc.afterburner.simple_mini_leak.all.percentiles75 8 1580331644
gatling2.BurnAfter.acc.afterburner.simple_mini_leak.all.percentiles95 9 1580331644
gatling2.BurnAfter.acc.afterburner.simple_mini_leak.all.percentiles99 9 1580331644
gatling2.BurnAfter.acc.afterburner.simple_cpu_burn.ok.count 16 1580331644
gatling2.BurnAfter.acc.afterburner.simple_cpu_burn.ok.min 4 1580331644
gatling2.BurnAfter.acc.afterburner.simple_cpu_burn.ok.max 15 1580331644
gatling2.BurnAfter.acc.afterburner.simple_cpu_burn.ok.mean 11 1580331644
gatling2.BurnAfter.acc.afterburner.simple_cpu_burn.ok.stdDev 3 1580331644
gatling2.BurnAfter.acc.afterburner.simple_cpu_burn.ok.percentiles50 13 1580331644
gatling2.BurnAfter.acc.afterburner.simple_cpu_burn.ok.percentiles75 14 1580331644
gatling2.BurnAfter.acc.afterburner.simple_cpu_burn.ok.percentiles95 15 1580331644
gatling2.BurnAfter.acc.afterburner.simple_cpu_burn.ok.percentiles99 15 1580331644
gatling2.BurnAfter.acc.afterburner.simple_cpu_burn.ko.count 0 1580331644
gatling2.BurnAfter.acc.afterburner.simple_cpu_burn.all.count 16 1580331644
gatling2.BurnAfter.acc.afterburner.simple_cpu_burn.all.min 4 1580331644
gatling2.BurnAfter.acc.afterburner.simple_cpu_burn.all.max 15 1580331644
gatling2.BurnAfter.acc.afterburner.simple_cpu_burn.all.mean 11 1580331644
gatling2.BurnAfter.acc.afterburner.simple_cpu_burn.all.stdDev 3 1580331644
gatling2.BurnAfter.acc.afterburner.simple_cpu_burn.all.percentiles50 13 1580331644
gatling2.BurnAfter.acc.afterburner.simple_cpu_burn.all.percentiles75 14 1580331644
gatling2.BurnAfter.acc.afterburner.simple_cpu_burn.all.percentiles95 15 1580331644
gatling2.BurnAfter.acc.afterburner.simple_cpu_burn.all.percentiles99 15 1580331644
gatling2.BurnAfter.acc.afterburner.allRequests.ok.count 55 1580331644
gatling2.BurnAfter.acc.afterburner.allRequests.ok.min 2 1580331644
gatling2.BurnAfter.acc.afterburner.allRequests.ok.max 559 1580331644
gatling2.BurnAfter.acc.afterburner.allRequests.ok.mean 138 1580331644
gatling2.BurnAfter.acc.afterburner.allRequests.ok.stdDev 233 1580331644
gatling2.BurnAfter.acc.afterburner.allRequests.ok.percentiles50 9 1580331644
gatling2.BurnAfter.acc.afterburner.allRequests.ok.percentiles75 15 1580331644
gatling2.BurnAfter.acc.afterburner.allRequests.ok.percentiles95 559 1580331644
gatling2.BurnAfter.acc.afterburner.allRequests.ok.percentiles99 559 1580331644
gatling2.BurnAfter.acc.afterburner.allRequests.ko.count 0 1580331644
gatling2.BurnAfter.acc.afterburner.allRequests.all.count 55 1580331644
gatling2.BurnAfter.acc.afterburner.allRequests.all.min 2 1580331644
gatling2.BurnAfter.acc.afterburner.allRequests.all.max 559 1580331644
gatling2.BurnAfter.acc.afterburner.allRequests.all.mean 138 1580331644
gatling2.BurnAfter.acc.afterburner.allRequests.all.stdDev 233 1580331644
gatling2.BurnAfter.acc.afterburner.allRequests.all.percentiles50 9 1580331644
gatling2.BurnAfter.acc.afterburner.allRequests.all.percentiles75 15 1580331644
gatling2.BurnAfter.acc.afterburner.allRequests.all.percentiles95 559 1580331644
gatling2.BurnAfter.acc.afterburner.allRequests.all.percentiles99 559 1580331644

22:00:44.180 [DEBUG] i.g.g.s.TcpSender - All connection/sending retries have been exhausted, ignore further messages
22:00:44.293 [DEBUG] i.g.h.e.t.HttpTxExecutor - Sending request=upload-file uri=http://localhost:8080/files/upload: scenario=Acceptance test, userId=46
22:00:44.293 [DEBUG] i.g.h.c.i.HttpAppHandler - Write request WritableRequest{request=DefaultHttpRequest(decodeResult: success, version: HTTP/1.1)
POST /files/upload HTTP/1.1
Accept: */*
Accept-Language: en-US,en;q=0.8,nl;q=0.6
User-Agent: Mozilla/5.0 (Windows NT 6.1; WOW64) AppleWebKit/537.36 (KHTML, like Gecko) Chrome/38.0.2125.111 Safari/537.36
accept-encoding: gzip,deflate,sdch
host: localhost:8080
content-type: multipart/form-data; boundary=M8__EhsUd907ri4jdWTHs2UCZHNBWYLIaVa
content-length: 220, content=io.gatling.http.client.body.multipart.impl.MultipartFileRegion@32b9026f}
22:00:44.297 [DEBUG] i.g.h.c.i.HttpAppHandler - Read msg='DefaultHttpResponse(decodeResult: success, version: HTTP/1.1)
HTTP/1.1 200 
Content-Type: text/plain;charset=UTF-8
Content-Length: 62
Date: Wed, 29 Jan 2020 21:00:43 GMT'
22:00:44.297 [DEBUG] i.g.h.c.i.HttpAppHandler - Read msg='DefaultLastHttpContent(data: PooledSlicedByteBuf(ridx: 0, widx: 62, cap: 62/62, unwrapped: PooledUnsafeDirectByteBuf(ridx: 176, widx: 176, cap: 496)), decoderResult: success)'
22:00:44.297 [TRACE] i.g.h.e.r.DefaultStatsProcessor - 
>>>>>>>>>>>>>>>>>>>>>>>>>>
Request:
upload-file: OK 
=========================
Session:
Session(Acceptance test,46,1580331639552,Map(gatling.http.ssl.sslContexts -> SslContexts(io.netty.handler.ssl.JdkSslContext@57238a56,None), gatling.http.cache.dns -> io.gatling.http.cache.DnsCacheSupport$$anon$1@5898ac4b, gatling.http.cache.baseUrl -> http://localhost:8080),16,OK,List(),io.gatling.core.protocol.ProtocolComponentsRegistry$$Lambda$598/0x000000084055d840@452b12e)
=========================
HTTP request:
POST http://localhost:8080/files/upload
headers=
Accept: */*
Accept-Language: en-US,en;q=0.8,nl;q=0.6
User-Agent: Mozilla/5.0 (Windows NT 6.1; WOW64) AppleWebKit/537.36 (KHTML, like Gecko) Chrome/38.0.2125.111 Safari/537.36
accept-encoding: gzip,deflate,sdch
host: localhost:8080
content-type: multipart/form-data; boundary=M8__EhsUd907ri4jdWTHs2UCZHNBWYLIaVa
content-length: 220
multipartBody=
ByteArrayPart: name=upload contentType=text/plain dispositionType=null charset=UTF-8 transferEncoding=null contentId=null filename=gatling-upload.txt
=========================
HTTP response:
status=
200 
headers= 
Content-Type: text/plain;charset=UTF-8
Content-Length: 62
Date: Wed, 29 Jan 2020 21:00:43 GMT

body=
File upload succeeded [gatling-upload.txt] of size [17] bytes.
<<<<<<<<<<<<<<<<<<<<<<<<<
22:00:44.298 [DEBUG] i.g.c.a.Exit - End user #46
22:00:44.298 [DEBUG] i.g.c.c.i.Injector - End user #46
22:00:44.552 [DEBUG] i.g.h.e.t.HttpTxExecutor - Sending request=simple_cpu_burn uri=http://localhost:8080/cpu/magic-identity-check?matrixSize=133: scenario=Acceptance test, userId=54
22:00:44.553 [DEBUG] i.g.c.c.i.o.OpenWorkload - Start user #54
22:00:44.553 [DEBUG] i.g.c.c.i.o.OpenWorkload - Injecting 2 users in scenario Acceptance test, continue=true
22:00:44.554 [DEBUG] i.g.h.c.i.HttpAppHandler - Write request WritableRequest{request=DefaultFullHttpRequest(decodeResult: success, version: HTTP/1.1, content: UnpooledByteBufAllocator$InstrumentedUnpooledUnsafeHeapByteBuf(ridx: 0, widx: 0, cap: 0))
GET /cpu/magic-identity-check?matrixSize=133 HTTP/1.1
Accept: */*
Content-Type: application/json;charset=UTF-8
Accept-Language: en-US,en;q=0.8,nl;q=0.6
User-Agent: Mozilla/5.0 (Windows NT 6.1; WOW64) AppleWebKit/537.36 (KHTML, like Gecko) Chrome/38.0.2125.111 Safari/537.36
accept-encoding: gzip,deflate,sdch
host: localhost:8080, content=null}
22:00:44.559 [DEBUG] i.g.h.c.i.HttpAppHandler - Read msg='DefaultHttpResponse(decodeResult: success, version: HTTP/1.1)
HTTP/1.1 200 
Content-Type: application/json;charset=UTF-8
Transfer-Encoding: chunked
Date: Wed, 29 Jan 2020 21:00:43 GMT'
22:00:44.559 [DEBUG] i.g.h.c.i.HttpAppHandler - Read msg='DefaultHttpContent(data: PooledSlicedByteBuf(ridx: 0, widx: 170, cap: 170/170, unwrapped: PooledUnsafeDirectByteBuf(ridx: 304, widx: 309, cap: 1024)), decoderResult: success)'
22:00:44.559 [DEBUG] i.g.h.c.i.HttpAppHandler - Read msg='EmptyLastHttpContent'
22:00:44.560 [TRACE] i.g.h.e.r.DefaultStatsProcessor - 
>>>>>>>>>>>>>>>>>>>>>>>>>>
Request:
simple_cpu_burn: OK 
=========================
Session:
Session(Acceptance test,54,1580331644551,Map(gatling.http.ssl.sslContexts -> SslContexts(io.netty.handler.ssl.JdkSslContext@5e9a61cf,None), gatling.http.cache.dns -> io.gatling.http.cache.DnsCacheSupport$$anon$1@5898ac4b, gatling.http.cache.baseUrl -> http://localhost:8080),0,OK,List(),io.gatling.core.protocol.ProtocolComponentsRegistry$$Lambda$598/0x000000084055d840@452b12e)
=========================
HTTP request:
GET http://localhost:8080/cpu/magic-identity-check?matrixSize=133
headers=
Accept: */*
Content-Type: application/json;charset=UTF-8
Accept-Language: en-US,en;q=0.8,nl;q=0.6
User-Agent: Mozilla/5.0 (Windows NT 6.1; WOW64) AppleWebKit/537.36 (KHTML, like Gecko) Chrome/38.0.2125.111 Safari/537.36
accept-encoding: gzip,deflate,sdch
host: localhost:8080
=========================
HTTP response:
status=
200 
headers= 
Content-Type: application/json;charset=UTF-8
Transfer-Encoding: chunked
Date: Wed, 29 Jan 2020 21:00:43 GMT

body=
{"message":"A simple magic square multiplied by an identity square of size [133] [is equal] to the magic square.","name":"Simple-PropertiesFileName","durationInMillis":3}
<<<<<<<<<<<<<<<<<<<<<<<<<
22:00:44.560 [DEBUG] i.g.c.a.Pause - Pausing for 3416ms (real=3415ms)
22:00:44.590 [DEBUG] i.g.h.c.i.HttpAppHandler - Read msg='DefaultHttpResponse(decodeResult: success, version: HTTP/1.1)
HTTP/1.1 200 
Content-Type: application/json;charset=UTF-8
Transfer-Encoding: chunked
Date: Wed, 29 Jan 2020 21:00:43 GMT'
22:00:44.590 [DEBUG] i.g.h.c.i.HttpAppHandler - Read msg='DefaultHttpContent(data: PooledSlicedByteBuf(ridx: 0, widx: 95, cap: 95/95, unwrapped: PooledUnsafeDirectByteBuf(ridx: 229, widx: 234, cap: 1024)), decoderResult: success)'
22:00:44.590 [DEBUG] i.g.h.c.i.HttpAppHandler - Read msg='EmptyLastHttpContent'
22:00:44.590 [TRACE] i.g.h.e.r.DefaultStatsProcessor - 
>>>>>>>>>>>>>>>>>>>>>>>>>>
Request:
simple_delay: OK 
=========================
Session:
Session(Acceptance test,48,1580331641051,Map(gatling.http.ssl.sslContexts -> SslContexts(io.netty.handler.ssl.JdkSslContext@41049e27,None), gatling.http.cache.dns -> io.gatling.http.cache.DnsCacheSupport$$anon$1@5898ac4b, gatling.http.cache.baseUrl -> http://localhost:8080),16,OK,List(),io.gatling.core.protocol.ProtocolComponentsRegistry$$Lambda$598/0x000000084055d840@452b12e)
=========================
HTTP request:
GET http://localhost:8080/delay?duration=555
headers=
Accept: */*
Content-Type: application/json;charset=UTF-8
Accept-Language: en-US,en;q=0.8,nl;q=0.6
User-Agent: Mozilla/5.0 (Windows NT 6.1; WOW64) AppleWebKit/537.36 (KHTML, like Gecko) Chrome/38.0.2125.111 Safari/537.36
accept-encoding: gzip,deflate,sdch
host: localhost:8080
=========================
HTTP response:
status=
200 
headers= 
Content-Type: application/json;charset=UTF-8
Transfer-Encoding: chunked
Date: Wed, 29 Jan 2020 21:00:43 GMT

body=
{"message":"This was a delay of 555","name":"Simple-PropertiesFileName","durationInMillis":555}
<<<<<<<<<<<<<<<<<<<<<<<<<
22:00:44.590 [DEBUG] i.g.c.a.Pause - Pausing for 1844ms (real=1828ms)
22:00:44.702 [DEBUG] i.g.h.e.t.HttpTxExecutor - Sending request=upload-file uri=http://localhost:8080/files/upload: scenario=Acceptance test, userId=44
22:00:44.703 [DEBUG] i.g.h.c.i.HttpAppHandler - Write request WritableRequest{request=DefaultHttpRequest(decodeResult: success, version: HTTP/1.1)
POST /files/upload HTTP/1.1
Accept: */*
Accept-Language: en-US,en;q=0.8,nl;q=0.6
User-Agent: Mozilla/5.0 (Windows NT 6.1; WOW64) AppleWebKit/537.36 (KHTML, like Gecko) Chrome/38.0.2125.111 Safari/537.36
accept-encoding: gzip,deflate,sdch
host: localhost:8080
content-type: multipart/form-data; boundary=xO-o7EWwGmPSV4IjEVE8IpyFsb8Sms8A2Rd
content-length: 220, content=io.gatling.http.client.body.multipart.impl.MultipartFileRegion@5873919a}
22:00:44.706 [DEBUG] i.g.h.c.i.HttpAppHandler - Read msg='DefaultHttpResponse(decodeResult: success, version: HTTP/1.1)
HTTP/1.1 200 
Content-Type: text/plain;charset=UTF-8
Content-Length: 62
Date: Wed, 29 Jan 2020 21:00:43 GMT'
22:00:44.706 [DEBUG] i.g.h.c.i.HttpAppHandler - Read msg='DefaultLastHttpContent(data: PooledSlicedByteBuf(ridx: 0, widx: 62, cap: 62/62, unwrapped: PooledUnsafeDirectByteBuf(ridx: 176, widx: 176, cap: 496)), decoderResult: success)'
22:00:44.706 [TRACE] i.g.h.e.r.DefaultStatsProcessor - 
>>>>>>>>>>>>>>>>>>>>>>>>>>
Request:
upload-file: OK 
=========================
Session:
Session(Acceptance test,44,1580331638552,Map(gatling.http.ssl.sslContexts -> SslContexts(io.netty.handler.ssl.JdkSslContext@3027de9,None), gatling.http.cache.dns -> io.gatling.http.cache.DnsCacheSupport$$anon$1@5898ac4b, gatling.http.cache.baseUrl -> http://localhost:8080),16,OK,List(),io.gatling.core.protocol.ProtocolComponentsRegistry$$Lambda$598/0x000000084055d840@452b12e)
=========================
HTTP request:
POST http://localhost:8080/files/upload
headers=
Accept: */*
Accept-Language: en-US,en;q=0.8,nl;q=0.6
User-Agent: Mozilla/5.0 (Windows NT 6.1; WOW64) AppleWebKit/537.36 (KHTML, like Gecko) Chrome/38.0.2125.111 Safari/537.36
accept-encoding: gzip,deflate,sdch
host: localhost:8080
content-type: multipart/form-data; boundary=xO-o7EWwGmPSV4IjEVE8IpyFsb8Sms8A2Rd
content-length: 220
multipartBody=
ByteArrayPart: name=upload contentType=text/plain dispositionType=null charset=UTF-8 transferEncoding=null contentId=null filename=gatling-upload.txt
=========================
HTTP response:
status=
200 
headers= 
Content-Type: text/plain;charset=UTF-8
Content-Length: 62
Date: Wed, 29 Jan 2020 21:00:43 GMT

body=
File upload succeeded [gatling-upload.txt] of size [17] bytes.
<<<<<<<<<<<<<<<<<<<<<<<<<
22:00:44.707 [DEBUG] i.g.c.a.Exit - End user #44
22:00:44.707 [DEBUG] i.g.c.c.i.Injector - End user #44
22:00:44.812 [DEBUG] i.g.h.e.t.HttpTxExecutor - Sending request=simple_delay uri=http://localhost:8080/delay?duration=555: scenario=Acceptance test, userId=47
22:00:44.813 [DEBUG] i.g.h.c.i.HttpAppHandler - Write request WritableRequest{request=DefaultFullHttpRequest(decodeResult: success, version: HTTP/1.1, content: UnpooledByteBufAllocator$InstrumentedUnpooledUnsafeHeapByteBuf(ridx: 0, widx: 0, cap: 0))
GET /delay?duration=555 HTTP/1.1
Accept: */*
Content-Type: application/json;charset=UTF-8
Accept-Language: en-US,en;q=0.8,nl;q=0.6
User-Agent: Mozilla/5.0 (Windows NT 6.1; WOW64) AppleWebKit/537.36 (KHTML, like Gecko) Chrome/38.0.2125.111 Safari/537.36
accept-encoding: gzip,deflate,sdch
host: localhost:8080, content=null}
22:00:45.052 [DEBUG] i.g.h.e.t.HttpTxExecutor - Sending request=simple_cpu_burn uri=http://localhost:8080/cpu/magic-identity-check?matrixSize=133: scenario=Acceptance test, userId=55
22:00:45.052 [DEBUG] i.g.c.c.i.o.OpenWorkload - Start user #55
22:00:45.053 [DEBUG] i.g.h.c.i.HttpAppHandler - Write request WritableRequest{request=DefaultFullHttpRequest(decodeResult: success, version: HTTP/1.1, content: UnpooledByteBufAllocator$InstrumentedUnpooledUnsafeHeapByteBuf(ridx: 0, widx: 0, cap: 0))
GET /cpu/magic-identity-check?matrixSize=133 HTTP/1.1
Accept: */*
Content-Type: application/json;charset=UTF-8
Accept-Language: en-US,en;q=0.8,nl;q=0.6
User-Agent: Mozilla/5.0 (Windows NT 6.1; WOW64) AppleWebKit/537.36 (KHTML, like Gecko) Chrome/38.0.2125.111 Safari/537.36
accept-encoding: gzip,deflate,sdch
host: localhost:8080, content=null}
22:00:45.065 [DEBUG] i.g.h.c.i.HttpAppHandler - Read msg='DefaultHttpResponse(decodeResult: success, version: HTTP/1.1)
HTTP/1.1 200 
Content-Type: application/json;charset=UTF-8
Transfer-Encoding: chunked
Date: Wed, 29 Jan 2020 21:00:45 GMT'
22:00:45.065 [DEBUG] i.g.h.c.i.HttpAppHandler - Read msg='DefaultHttpContent(data: PooledSlicedByteBuf(ridx: 0, widx: 170, cap: 170/170, unwrapped: PooledUnsafeDirectByteBuf(ridx: 304, widx: 304, cap: 1024)), decoderResult: success)'
22:00:45.065 [DEBUG] i.g.h.c.i.HttpAppHandler - Read msg='EmptyLastHttpContent'
22:00:45.066 [TRACE] i.g.h.e.r.DefaultStatsProcessor - 
>>>>>>>>>>>>>>>>>>>>>>>>>>
Request:
simple_cpu_burn: OK 
=========================
Session:
Session(Acceptance test,55,1580331645051,Map(gatling.http.ssl.sslContexts -> SslContexts(io.netty.handler.ssl.JdkSslContext@6da0b0d4,None), gatling.http.cache.dns -> io.gatling.http.cache.DnsCacheSupport$$anon$1@5898ac4b, gatling.http.cache.baseUrl -> http://localhost:8080),0,OK,List(),io.gatling.core.protocol.ProtocolComponentsRegistry$$Lambda$598/0x000000084055d840@452b12e)
=========================
HTTP request:
GET http://localhost:8080/cpu/magic-identity-check?matrixSize=133
headers=
Accept: */*
Content-Type: application/json;charset=UTF-8
Accept-Language: en-US,en;q=0.8,nl;q=0.6
User-Agent: Mozilla/5.0 (Windows NT 6.1; WOW64) AppleWebKit/537.36 (KHTML, like Gecko) Chrome/38.0.2125.111 Safari/537.36
accept-encoding: gzip,deflate,sdch
host: localhost:8080
=========================
HTTP response:
status=
200 
headers= 
Content-Type: application/json;charset=UTF-8
Transfer-Encoding: chunked
Date: Wed, 29 Jan 2020 21:00:45 GMT

body=
{"message":"A simple magic square multiplied by an identity square of size [133] [is equal] to the magic square.","name":"Simple-PropertiesFileName","durationInMillis":9}
<<<<<<<<<<<<<<<<<<<<<<<<<
22:00:45.066 [DEBUG] i.g.c.a.Pause - Pausing for 956ms (real=955ms)
22:00:45.370 [DEBUG] i.g.h.c.i.HttpAppHandler - Read msg='DefaultHttpResponse(decodeResult: success, version: HTTP/1.1)
HTTP/1.1 200 
Content-Type: application/json;charset=UTF-8
Transfer-Encoding: chunked
Date: Wed, 29 Jan 2020 21:00:45 GMT'
22:00:45.370 [DEBUG] i.g.h.c.i.HttpAppHandler - Read msg='DefaultHttpContent(data: PooledSlicedByteBuf(ridx: 0, widx: 95, cap: 95/95, unwrapped: PooledUnsafeDirectByteBuf(ridx: 229, widx: 229, cap: 1024)), decoderResult: success)'
22:00:45.370 [DEBUG] i.g.h.c.i.HttpAppHandler - Read msg='EmptyLastHttpContent'
22:00:45.371 [TRACE] i.g.h.e.r.DefaultStatsProcessor - 
>>>>>>>>>>>>>>>>>>>>>>>>>>
Request:
simple_delay: OK 
=========================
Session:
Session(Acceptance test,47,1580331640552,Map(gatling.http.ssl.sslContexts -> SslContexts(io.netty.handler.ssl.JdkSslContext@452e2ca3,None), gatling.http.cache.dns -> io.gatling.http.cache.DnsCacheSupport$$anon$1@5898ac4b, gatling.http.cache.baseUrl -> http://localhost:8080),17,OK,List(),io.gatling.core.protocol.ProtocolComponentsRegistry$$Lambda$598/0x000000084055d840@452b12e)
=========================
HTTP request:
GET http://localhost:8080/delay?duration=555
headers=
Accept: */*
Content-Type: application/json;charset=UTF-8
Accept-Language: en-US,en;q=0.8,nl;q=0.6
User-Agent: Mozilla/5.0 (Windows NT 6.1; WOW64) AppleWebKit/537.36 (KHTML, like Gecko) Chrome/38.0.2125.111 Safari/537.36
accept-encoding: gzip,deflate,sdch
host: localhost:8080
=========================
HTTP response:
status=
200 
headers= 
Content-Type: application/json;charset=UTF-8
Transfer-Encoding: chunked
Date: Wed, 29 Jan 2020 21:00:45 GMT

body=
{"message":"This was a delay of 555","name":"Simple-PropertiesFileName","durationInMillis":555}
<<<<<<<<<<<<<<<<<<<<<<<<<
22:00:45.371 [DEBUG] i.g.c.a.Pause - Pausing for 1807ms (real=1790ms)
22:00:45.462 [DEBUG] i.g.h.e.t.HttpTxExecutor - Sending request=upload-file uri=http://localhost:8080/files/upload: scenario=Acceptance test, userId=31
22:00:45.462 [DEBUG] i.g.h.c.i.HttpAppHandler - Write request WritableRequest{request=DefaultHttpRequest(decodeResult: success, version: HTTP/1.1)
POST /files/upload HTTP/1.1
Accept: */*
Accept-Language: en-US,en;q=0.8,nl;q=0.6
User-Agent: Mozilla/5.0 (Windows NT 6.1; WOW64) AppleWebKit/537.36 (KHTML, like Gecko) Chrome/38.0.2125.111 Safari/537.36
accept-encoding: gzip,deflate,sdch
host: localhost:8080
content-type: multipart/form-data; boundary=EWb3JWb4VXcSFaThxyvxYTyCPY9uOJtWlx6
content-length: 220, content=io.gatling.http.client.body.multipart.impl.MultipartFileRegion@391a556f}
22:00:45.464 [DEBUG] i.g.h.c.i.HttpAppHandler - Read msg='DefaultHttpResponse(decodeResult: success, version: HTTP/1.1)
HTTP/1.1 200 
Content-Type: text/plain;charset=UTF-8
Content-Length: 62
Date: Wed, 29 Jan 2020 21:00:45 GMT'
22:00:45.464 [DEBUG] i.g.h.c.i.HttpAppHandler - Read msg='DefaultLastHttpContent(data: PooledSlicedByteBuf(ridx: 0, widx: 62, cap: 62/62, unwrapped: PooledUnsafeDirectByteBuf(ridx: 176, widx: 176, cap: 496)), decoderResult: success)'
22:00:45.464 [TRACE] i.g.h.e.r.DefaultStatsProcessor - 
>>>>>>>>>>>>>>>>>>>>>>>>>>
Request:
upload-file: OK 
=========================
Session:
Session(Acceptance test,31,1580331629551,Map(gatling.http.ssl.sslContexts -> SslContexts(io.netty.handler.ssl.JdkSslContext@221ede19,None), gatling.http.cache.dns -> io.gatling.http.cache.DnsCacheSupport$$anon$1@5898ac4b, gatling.http.cache.baseUrl -> http://localhost:8080),14,OK,List(),io.gatling.core.protocol.ProtocolComponentsRegistry$$Lambda$598/0x000000084055d840@452b12e)
=========================
HTTP request:
POST http://localhost:8080/files/upload
headers=
Accept: */*
Accept-Language: en-US,en;q=0.8,nl;q=0.6
User-Agent: Mozilla/5.0 (Windows NT 6.1; WOW64) AppleWebKit/537.36 (KHTML, like Gecko) Chrome/38.0.2125.111 Safari/537.36
accept-encoding: gzip,deflate,sdch
host: localhost:8080
content-type: multipart/form-data; boundary=EWb3JWb4VXcSFaThxyvxYTyCPY9uOJtWlx6
content-length: 220
multipartBody=
ByteArrayPart: name=upload contentType=text/plain dispositionType=null charset=UTF-8 transferEncoding=null contentId=null filename=gatling-upload.txt
=========================
HTTP response:
status=
200 
headers= 
Content-Type: text/plain;charset=UTF-8
Content-Length: 62
Date: Wed, 29 Jan 2020 21:00:45 GMT

body=
File upload succeeded [gatling-upload.txt] of size [17] bytes.
<<<<<<<<<<<<<<<<<<<<<<<<<
22:00:45.464 [DEBUG] i.g.c.a.Exit - End user #31
22:00:45.464 [DEBUG] i.g.c.c.i.Injector - End user #31
22:00:45.553 [DEBUG] i.g.c.c.i.o.OpenWorkload - Injecting 1 users in scenario Acceptance test, continue=true
22:00:45.553 [DEBUG] i.g.h.e.t.HttpTxExecutor - Sending request=simple_cpu_burn uri=http://localhost:8080/cpu/magic-identity-check?matrixSize=133: scenario=Acceptance test, userId=56
22:00:45.553 [DEBUG] i.g.c.c.i.o.OpenWorkload - Start user #56
22:00:45.554 [DEBUG] i.g.h.c.i.HttpAppHandler - Write request WritableRequest{request=DefaultFullHttpRequest(decodeResult: success, version: HTTP/1.1, content: UnpooledByteBufAllocator$InstrumentedUnpooledUnsafeHeapByteBuf(ridx: 0, widx: 0, cap: 0))
GET /cpu/magic-identity-check?matrixSize=133 HTTP/1.1
Accept: */*
Content-Type: application/json;charset=UTF-8
Accept-Language: en-US,en;q=0.8,nl;q=0.6
User-Agent: Mozilla/5.0 (Windows NT 6.1; WOW64) AppleWebKit/537.36 (KHTML, like Gecko) Chrome/38.0.2125.111 Safari/537.36
accept-encoding: gzip,deflate,sdch
host: localhost:8080, content=null}
22:00:45.561 [DEBUG] i.g.h.c.i.HttpAppHandler - Read msg='DefaultHttpResponse(decodeResult: success, version: HTTP/1.1)
HTTP/1.1 200 
Content-Type: application/json;charset=UTF-8
Transfer-Encoding: chunked
Date: Wed, 29 Jan 2020 21:00:45 GMT'
22:00:45.561 [DEBUG] i.g.h.c.i.HttpAppHandler - Read msg='DefaultHttpContent(data: PooledSlicedByteBuf(ridx: 0, widx: 170, cap: 170/170, unwrapped: PooledUnsafeDirectByteBuf(ridx: 304, widx: 309, cap: 1024)), decoderResult: success)'
22:00:45.561 [DEBUG] i.g.h.c.i.HttpAppHandler - Read msg='EmptyLastHttpContent'
22:00:45.562 [TRACE] i.g.h.e.r.DefaultStatsProcessor - 
>>>>>>>>>>>>>>>>>>>>>>>>>>
Request:
simple_cpu_burn: OK 
=========================
Session:
Session(Acceptance test,56,1580331645552,Map(gatling.http.ssl.sslContexts -> SslContexts(io.netty.handler.ssl.JdkSslContext@1a575398,None), gatling.http.cache.dns -> io.gatling.http.cache.DnsCacheSupport$$anon$1@5898ac4b, gatling.http.cache.baseUrl -> http://localhost:8080),0,OK,List(),io.gatling.core.protocol.ProtocolComponentsRegistry$$Lambda$598/0x000000084055d840@452b12e)
=========================
HTTP request:
GET http://localhost:8080/cpu/magic-identity-check?matrixSize=133
headers=
Accept: */*
Content-Type: application/json;charset=UTF-8
Accept-Language: en-US,en;q=0.8,nl;q=0.6
User-Agent: Mozilla/5.0 (Windows NT 6.1; WOW64) AppleWebKit/537.36 (KHTML, like Gecko) Chrome/38.0.2125.111 Safari/537.36
accept-encoding: gzip,deflate,sdch
host: localhost:8080
=========================
HTTP response:
status=
200 
headers= 
Content-Type: application/json;charset=UTF-8
Transfer-Encoding: chunked
Date: Wed, 29 Jan 2020 21:00:45 GMT

body=
{"message":"A simple magic square multiplied by an identity square of size [133] [is equal] to the magic square.","name":"Simple-PropertiesFileName","durationInMillis":5}
<<<<<<<<<<<<<<<<<<<<<<<<<
22:00:45.562 [DEBUG] i.g.c.a.Pause - Pausing for 1621ms (real=1620ms)
22:00:45.592 [DEBUG] i.g.h.e.t.HttpTxExecutor - Sending request=simple_mini_leak uri=http://localhost:8080/memory/grow?objects=8&items=54: scenario=Acceptance test, userId=50
22:00:45.592 [DEBUG] i.g.h.c.i.HttpAppHandler - Write request WritableRequest{request=DefaultFullHttpRequest(decodeResult: success, version: HTTP/1.1, content: UnpooledByteBufAllocator$InstrumentedUnpooledUnsafeHeapByteBuf(ridx: 0, widx: 0, cap: 0))
GET /memory/grow?objects=8&items=54 HTTP/1.1
Accept: */*
Content-Type: application/json;charset=UTF-8
Accept-Language: en-US,en;q=0.8,nl;q=0.6
User-Agent: Mozilla/5.0 (Windows NT 6.1; WOW64) AppleWebKit/537.36 (KHTML, like Gecko) Chrome/38.0.2125.111 Safari/537.36
accept-encoding: gzip,deflate,sdch
host: localhost:8080, content=null}
22:00:45.599 [DEBUG] i.g.h.c.i.HttpAppHandler - Read msg='DefaultHttpResponse(decodeResult: success, version: HTTP/1.1)
HTTP/1.1 200 
Content-Type: application/json;charset=UTF-8
Transfer-Encoding: chunked
Date: Wed, 29 Jan 2020 21:00:45 GMT'
22:00:45.599 [DEBUG] i.g.h.c.i.HttpAppHandler - Read msg='DefaultHttpContent(data: PooledSlicedByteBuf(ridx: 0, widx: 144, cap: 144/144, unwrapped: PooledUnsafeDirectByteBuf(ridx: 278, widx: 283, cap: 512)), decoderResult: success)'
22:00:45.599 [DEBUG] i.g.h.c.i.HttpAppHandler - Read msg='EmptyLastHttpContent'
22:00:45.600 [TRACE] i.g.h.e.r.DefaultStatsProcessor - 
>>>>>>>>>>>>>>>>>>>>>>>>>>
Request:
simple_mini_leak: OK 
=========================
Session:
Session(Acceptance test,50,1580331642051,Map(gatling.http.ssl.sslContexts -> SslContexts(io.netty.handler.ssl.JdkSslContext@266ea9a,None), gatling.http.cache.dns -> io.gatling.http.cache.DnsCacheSupport$$anon$1@5898ac4b, gatling.http.cache.baseUrl -> http://localhost:8080),18,OK,List(),io.gatling.core.protocol.ProtocolComponentsRegistry$$Lambda$598/0x000000084055d840@452b12e)
=========================
HTTP request:
GET http://localhost:8080/memory/grow?objects=8&items=54
headers=
Accept: */*
Content-Type: application/json;charset=UTF-8
Accept-Language: en-US,en;q=0.8,nl;q=0.6
User-Agent: Mozilla/5.0 (Windows NT 6.1; WOW64) AppleWebKit/537.36 (KHTML, like Gecko) Chrome/38.0.2125.111 Safari/537.36
accept-encoding: gzip,deflate,sdch
host: localhost:8080
=========================
HTTP response:
status=
200 
headers= 
Content-Type: application/json;charset=UTF-8
Transfer-Encoding: chunked
Date: Wed, 29 Jan 2020 21:00:45 GMT

body=
{"message":"Size of BigFatBastard list is now 11368 objects. It contains 613872 items.","name":"Simple-PropertiesFileName","durationInMillis":5}
<<<<<<<<<<<<<<<<<<<<<<<<<
22:00:45.600 [DEBUG] i.g.c.a.Pause - Pausing for 2165ms (real=2146ms)
22:00:45.652 [DEBUG] i.g.h.e.t.HttpTxExecutor - Sending request=upload-file uri=http://localhost:8080/files/upload: scenario=Acceptance test, userId=41
22:00:45.652 [DEBUG] i.g.h.c.i.HttpAppHandler - Write request WritableRequest{request=DefaultHttpRequest(decodeResult: success, version: HTTP/1.1)
POST /files/upload HTTP/1.1
Accept: */*
Accept-Language: en-US,en;q=0.8,nl;q=0.6
User-Agent: Mozilla/5.0 (Windows NT 6.1; WOW64) AppleWebKit/537.36 (KHTML, like Gecko) Chrome/38.0.2125.111 Safari/537.36
accept-encoding: gzip,deflate,sdch
host: localhost:8080
content-type: multipart/form-data; boundary=nGOoq6I-zPTcJOAv2_221_U0f8b0ikF3ri3
content-length: 220, content=io.gatling.http.client.body.multipart.impl.MultipartFileRegion@741cab82}
22:00:45.655 [DEBUG] i.g.h.c.i.HttpAppHandler - Read msg='DefaultHttpResponse(decodeResult: success, version: HTTP/1.1)
HTTP/1.1 200 
Content-Type: text/plain;charset=UTF-8
Content-Length: 62
Date: Wed, 29 Jan 2020 21:00:45 GMT'
22:00:45.655 [DEBUG] i.g.h.c.i.HttpAppHandler - Read msg='DefaultLastHttpContent(data: PooledSlicedByteBuf(ridx: 0, widx: 62, cap: 62/62, unwrapped: PooledUnsafeDirectByteBuf(ridx: 176, widx: 176, cap: 512)), decoderResult: success)'
22:00:45.656 [TRACE] i.g.h.e.r.DefaultStatsProcessor - 
>>>>>>>>>>>>>>>>>>>>>>>>>>
Request:
upload-file: OK 
=========================
Session:
Session(Acceptance test,41,1580331636551,Map(gatling.http.ssl.sslContexts -> SslContexts(io.netty.handler.ssl.JdkSslContext@7a870d23,None), gatling.http.cache.dns -> io.gatling.http.cache.DnsCacheSupport$$anon$1@5898ac4b, gatling.http.cache.baseUrl -> http://localhost:8080),26,OK,List(),io.gatling.core.protocol.ProtocolComponentsRegistry$$Lambda$598/0x000000084055d840@452b12e)
=========================
HTTP request:
POST http://localhost:8080/files/upload
headers=
Accept: */*
Accept-Language: en-US,en;q=0.8,nl;q=0.6
User-Agent: Mozilla/5.0 (Windows NT 6.1; WOW64) AppleWebKit/537.36 (KHTML, like Gecko) Chrome/38.0.2125.111 Safari/537.36
accept-encoding: gzip,deflate,sdch
host: localhost:8080
content-type: multipart/form-data; boundary=nGOoq6I-zPTcJOAv2_221_U0f8b0ikF3ri3
content-length: 220
multipartBody=
ByteArrayPart: name=upload contentType=text/plain dispositionType=null charset=UTF-8 transferEncoding=null contentId=null filename=gatling-upload.txt
=========================
HTTP response:
status=
200 
headers= 
Content-Type: text/plain;charset=UTF-8
Content-Length: 62
Date: Wed, 29 Jan 2020 21:00:45 GMT

body=
File upload succeeded [gatling-upload.txt] of size [17] bytes.
<<<<<<<<<<<<<<<<<<<<<<<<<
22:00:45.656 [DEBUG] i.g.c.a.Exit - End user #41
22:00:45.657 [DEBUG] i.g.c.c.i.Injector - End user #41
22:00:45.702 [DEBUG] i.g.h.e.t.HttpTxExecutor - Sending request=upload-file uri=http://localhost:8080/files/upload: scenario=Acceptance test, userId=45
22:00:45.702 [DEBUG] i.g.h.c.i.HttpAppHandler - Write request WritableRequest{request=DefaultHttpRequest(decodeResult: success, version: HTTP/1.1)
POST /files/upload HTTP/1.1
Accept: */*
Accept-Language: en-US,en;q=0.8,nl;q=0.6
User-Agent: Mozilla/5.0 (Windows NT 6.1; WOW64) AppleWebKit/537.36 (KHTML, like Gecko) Chrome/38.0.2125.111 Safari/537.36
accept-encoding: gzip,deflate,sdch
host: localhost:8080
content-type: multipart/form-data; boundary=1RSJzsyMhC90ls4Pz-ljJOcfMBqaM5CSQJc
content-length: 220, content=io.gatling.http.client.body.multipart.impl.MultipartFileRegion@527e722b}
22:00:45.705 [DEBUG] i.g.h.c.i.HttpAppHandler - Read msg='DefaultHttpResponse(decodeResult: success, version: HTTP/1.1)
HTTP/1.1 200 
Content-Type: text/plain;charset=UTF-8
Content-Length: 62
Date: Wed, 29 Jan 2020 21:00:45 GMT'
22:00:45.705 [DEBUG] i.g.h.c.i.HttpAppHandler - Read msg='DefaultLastHttpContent(data: PooledSlicedByteBuf(ridx: 0, widx: 62, cap: 62/62, unwrapped: PooledUnsafeDirectByteBuf(ridx: 176, widx: 176, cap: 512)), decoderResult: success)'
22:00:45.706 [TRACE] i.g.h.e.r.DefaultStatsProcessor - 
>>>>>>>>>>>>>>>>>>>>>>>>>>
Request:
upload-file: OK 
=========================
Session:
Session(Acceptance test,45,1580331639052,Map(gatling.http.ssl.sslContexts -> SslContexts(io.netty.handler.ssl.JdkSslContext@66293aad,None), gatling.http.cache.dns -> io.gatling.http.cache.DnsCacheSupport$$anon$1@5898ac4b, gatling.http.cache.baseUrl -> http://localhost:8080),28,OK,List(),io.gatling.core.protocol.ProtocolComponentsRegistry$$Lambda$598/0x000000084055d840@452b12e)
=========================
HTTP request:
POST http://localhost:8080/files/upload
headers=
Accept: */*
Accept-Language: en-US,en;q=0.8,nl;q=0.6
User-Agent: Mozilla/5.0 (Windows NT 6.1; WOW64) AppleWebKit/537.36 (KHTML, like Gecko) Chrome/38.0.2125.111 Safari/537.36
accept-encoding: gzip,deflate,sdch
host: localhost:8080
content-type: multipart/form-data; boundary=1RSJzsyMhC90ls4Pz-ljJOcfMBqaM5CSQJc
content-length: 220
multipartBody=
ByteArrayPart: name=upload contentType=text/plain dispositionType=null charset=UTF-8 transferEncoding=null contentId=null filename=gatling-upload.txt
=========================
HTTP response:
status=
200 
headers= 
Content-Type: text/plain;charset=UTF-8
Content-Length: 62
Date: Wed, 29 Jan 2020 21:00:45 GMT

body=
File upload succeeded [gatling-upload.txt] of size [17] bytes.
<<<<<<<<<<<<<<<<<<<<<<<<<
22:00:45.706 [DEBUG] i.g.c.a.Exit - End user #45
22:00:45.707 [DEBUG] i.g.c.c.i.Injector - End user #45
22:00:45.711 [DEBUG] i.g.h.e.t.HttpTxExecutor - Sending request=simple_delay uri=http://localhost:8080/delay?duration=555: scenario=Acceptance test, userId=49
22:00:45.712 [DEBUG] i.g.h.c.i.HttpAppHandler - Write request WritableRequest{request=DefaultFullHttpRequest(decodeResult: success, version: HTTP/1.1, content: UnpooledByteBufAllocator$InstrumentedUnpooledUnsafeHeapByteBuf(ridx: 0, widx: 0, cap: 0))
GET /delay?duration=555 HTTP/1.1
Accept: */*
Content-Type: application/json;charset=UTF-8
Accept-Language: en-US,en;q=0.8,nl;q=0.6
User-Agent: Mozilla/5.0 (Windows NT 6.1; WOW64) AppleWebKit/537.36 (KHTML, like Gecko) Chrome/38.0.2125.111 Safari/537.36
accept-encoding: gzip,deflate,sdch
host: localhost:8080, content=null}
22:00:45.951 [DEBUG] i.g.h.e.t.HttpTxExecutor - Sending request=simple_delay uri=http://localhost:8080/delay?duration=555: scenario=Acceptance test, userId=51
22:00:45.952 [DEBUG] i.g.h.c.i.HttpAppHandler - Write request WritableRequest{request=DefaultFullHttpRequest(decodeResult: success, version: HTTP/1.1, content: UnpooledByteBufAllocator$InstrumentedUnpooledUnsafeHeapByteBuf(ridx: 0, widx: 0, cap: 0))
GET /delay?duration=555 HTTP/1.1
Accept: */*
Content-Type: application/json;charset=UTF-8
Accept-Language: en-US,en;q=0.8,nl;q=0.6
User-Agent: Mozilla/5.0 (Windows NT 6.1; WOW64) AppleWebKit/537.36 (KHTML, like Gecko) Chrome/38.0.2125.111 Safari/537.36
accept-encoding: gzip,deflate,sdch
host: localhost:8080, content=null}
22:00:46.042 [DEBUG] i.g.h.e.t.HttpTxExecutor - Sending request=simple_delay uri=http://localhost:8080/delay?duration=555: scenario=Acceptance test, userId=55
22:00:46.042 [DEBUG] i.g.h.c.i.HttpAppHandler - Write request WritableRequest{request=DefaultFullHttpRequest(decodeResult: success, version: HTTP/1.1, content: UnpooledByteBufAllocator$InstrumentedUnpooledUnsafeHeapByteBuf(ridx: 0, widx: 0, cap: 0))
GET /delay?duration=555 HTTP/1.1
Accept: */*
Content-Type: application/json;charset=UTF-8
Accept-Language: en-US,en;q=0.8,nl;q=0.6
User-Agent: Mozilla/5.0 (Windows NT 6.1; WOW64) AppleWebKit/537.36 (KHTML, like Gecko) Chrome/38.0.2125.111 Safari/537.36
accept-encoding: gzip,deflate,sdch
host: localhost:8080, content=null}
22:00:46.269 [DEBUG] i.g.h.c.i.HttpAppHandler - Read msg='DefaultHttpResponse(decodeResult: success, version: HTTP/1.1)
HTTP/1.1 200 
Content-Type: application/json;charset=UTF-8
Transfer-Encoding: chunked
Date: Wed, 29 Jan 2020 21:00:46 GMT'
22:00:46.269 [DEBUG] i.g.h.c.i.HttpAppHandler - Read msg='DefaultHttpContent(data: PooledSlicedByteBuf(ridx: 0, widx: 95, cap: 95/95, unwrapped: PooledUnsafeDirectByteBuf(ridx: 229, widx: 234, cap: 512)), decoderResult: success)'
22:00:46.269 [DEBUG] i.g.h.c.i.HttpAppHandler - Read msg='EmptyLastHttpContent'
22:00:46.270 [TRACE] i.g.h.e.r.DefaultStatsProcessor - 
>>>>>>>>>>>>>>>>>>>>>>>>>>
Request:
simple_delay: OK 
=========================
Session:
Session(Acceptance test,49,1580331641552,Map(gatling.http.ssl.sslContexts -> SslContexts(io.netty.handler.ssl.JdkSslContext@732e3418,None), gatling.http.cache.dns -> io.gatling.http.cache.DnsCacheSupport$$anon$1@5898ac4b, gatling.http.cache.baseUrl -> http://localhost:8080),19,OK,List(),io.gatling.core.protocol.ProtocolComponentsRegistry$$Lambda$598/0x000000084055d840@452b12e)
=========================
HTTP request:
GET http://localhost:8080/delay?duration=555
headers=
Accept: */*
Content-Type: application/json;charset=UTF-8
Accept-Language: en-US,en;q=0.8,nl;q=0.6
User-Agent: Mozilla/5.0 (Windows NT 6.1; WOW64) AppleWebKit/537.36 (KHTML, like Gecko) Chrome/38.0.2125.111 Safari/537.36
accept-encoding: gzip,deflate,sdch
host: localhost:8080
=========================
HTTP response:
status=
200 
headers= 
Content-Type: application/json;charset=UTF-8
Transfer-Encoding: chunked
Date: Wed, 29 Jan 2020 21:00:46 GMT

body=
{"message":"This was a delay of 555","name":"Simple-PropertiesFileName","durationInMillis":555}
<<<<<<<<<<<<<<<<<<<<<<<<<
22:00:46.270 [DEBUG] i.g.c.a.Pause - Pausing for 1903ms (real=1883ms)
22:00:46.432 [DEBUG] i.g.h.e.t.HttpTxExecutor - Sending request=simple_mini_leak uri=http://localhost:8080/memory/grow?objects=8&items=54: scenario=Acceptance test, userId=48
22:00:46.433 [DEBUG] i.g.h.c.i.HttpAppHandler - Write request WritableRequest{request=DefaultFullHttpRequest(decodeResult: success, version: HTTP/1.1, content: UnpooledByteBufAllocator$InstrumentedUnpooledUnsafeHeapByteBuf(ridx: 0, widx: 0, cap: 0))
GET /memory/grow?objects=8&items=54 HTTP/1.1
Accept: */*
Content-Type: application/json;charset=UTF-8
Accept-Language: en-US,en;q=0.8,nl;q=0.6
User-Agent: Mozilla/5.0 (Windows NT 6.1; WOW64) AppleWebKit/537.36 (KHTML, like Gecko) Chrome/38.0.2125.111 Safari/537.36
accept-encoding: gzip,deflate,sdch
host: localhost:8080, content=null}
22:00:46.439 [DEBUG] i.g.h.c.i.HttpAppHandler - Read msg='DefaultHttpResponse(decodeResult: success, version: HTTP/1.1)
HTTP/1.1 200 
Content-Type: application/json;charset=UTF-8
Transfer-Encoding: chunked
Date: Wed, 29 Jan 2020 21:00:46 GMT'
22:00:46.439 [DEBUG] i.g.h.c.i.HttpAppHandler - Read msg='DefaultHttpContent(data: PooledSlicedByteBuf(ridx: 0, widx: 144, cap: 144/144, unwrapped: PooledUnsafeDirectByteBuf(ridx: 278, widx: 283, cap: 512)), decoderResult: success)'
22:00:46.439 [DEBUG] i.g.h.c.i.HttpAppHandler - Read msg='EmptyLastHttpContent'
22:00:46.439 [TRACE] i.g.h.e.r.DefaultStatsProcessor - 
>>>>>>>>>>>>>>>>>>>>>>>>>>
Request:
simple_mini_leak: OK 
=========================
Session:
Session(Acceptance test,48,1580331641051,Map(gatling.http.ssl.sslContexts -> SslContexts(io.netty.handler.ssl.JdkSslContext@41049e27,None), gatling.http.cache.dns -> io.gatling.http.cache.DnsCacheSupport$$anon$1@5898ac4b, gatling.http.cache.baseUrl -> http://localhost:8080),14,OK,List(),io.gatling.core.protocol.ProtocolComponentsRegistry$$Lambda$598/0x000000084055d840@452b12e)
=========================
HTTP request:
GET http://localhost:8080/memory/grow?objects=8&items=54
headers=
Accept: */*
Content-Type: application/json;charset=UTF-8
Accept-Language: en-US,en;q=0.8,nl;q=0.6
User-Agent: Mozilla/5.0 (Windows NT 6.1; WOW64) AppleWebKit/537.36 (KHTML, like Gecko) Chrome/38.0.2125.111 Safari/537.36
accept-encoding: gzip,deflate,sdch
host: localhost:8080
=========================
HTTP response:
status=
200 
headers= 
Content-Type: application/json;charset=UTF-8
Transfer-Encoding: chunked
Date: Wed, 29 Jan 2020 21:00:46 GMT

body=
{"message":"Size of BigFatBastard list is now 11376 objects. It contains 614304 items.","name":"Simple-PropertiesFileName","durationInMillis":4}
<<<<<<<<<<<<<<<<<<<<<<<<<
22:00:46.439 [DEBUG] i.g.c.a.Pause - Pausing for 3518ms (real=3504ms)
22:00:46.492 [DEBUG] i.g.h.e.t.HttpTxExecutor - Sending request=simple_mini_leak uri=http://localhost:8080/memory/grow?objects=8&items=54: scenario=Acceptance test, userId=40
22:00:46.493 [DEBUG] i.g.h.c.i.HttpAppHandler - Write request WritableRequest{request=DefaultFullHttpRequest(decodeResult: success, version: HTTP/1.1, content: UnpooledByteBufAllocator$InstrumentedUnpooledUnsafeHeapByteBuf(ridx: 0, widx: 0, cap: 0))
GET /memory/grow?objects=8&items=54 HTTP/1.1
Accept: */*
Content-Type: application/json;charset=UTF-8
Accept-Language: en-US,en;q=0.8,nl;q=0.6
User-Agent: Mozilla/5.0 (Windows NT 6.1; WOW64) AppleWebKit/537.36 (KHTML, like Gecko) Chrome/38.0.2125.111 Safari/537.36
accept-encoding: gzip,deflate,sdch
host: localhost:8080, content=null}
22:00:46.500 [DEBUG] i.g.h.c.i.HttpAppHandler - Read msg='DefaultHttpResponse(decodeResult: success, version: HTTP/1.1)
HTTP/1.1 200 
Content-Type: application/json;charset=UTF-8
Transfer-Encoding: chunked
Date: Wed, 29 Jan 2020 21:00:46 GMT'
22:00:46.500 [DEBUG] i.g.h.c.i.HttpAppHandler - Read msg='DefaultHttpContent(data: PooledSlicedByteBuf(ridx: 0, widx: 144, cap: 144/144, unwrapped: PooledUnsafeDirectByteBuf(ridx: 278, widx: 278, cap: 512)), decoderResult: success)'
22:00:46.500 [DEBUG] i.g.h.c.i.HttpAppHandler - Read msg='EmptyLastHttpContent'
22:00:46.501 [TRACE] i.g.h.e.r.DefaultStatsProcessor - 
>>>>>>>>>>>>>>>>>>>>>>>>>>
Request:
simple_mini_leak: OK 
=========================
Session:
Session(Acceptance test,40,1580331635552,Map(gatling.http.ssl.sslContexts -> SslContexts(io.netty.handler.ssl.JdkSslContext@50b8fa0c,None), gatling.http.cache.dns -> io.gatling.http.cache.DnsCacheSupport$$anon$1@5898ac4b, gatling.http.cache.baseUrl -> http://localhost:8080),19,OK,List(),io.gatling.core.protocol.ProtocolComponentsRegistry$$Lambda$598/0x000000084055d840@452b12e)
=========================
HTTP request:
GET http://localhost:8080/memory/grow?objects=8&items=54
headers=
Accept: */*
Content-Type: application/json;charset=UTF-8
Accept-Language: en-US,en;q=0.8,nl;q=0.6
User-Agent: Mozilla/5.0 (Windows NT 6.1; WOW64) AppleWebKit/537.36 (KHTML, like Gecko) Chrome/38.0.2125.111 Safari/537.36
accept-encoding: gzip,deflate,sdch
host: localhost:8080
=========================
HTTP response:
status=
200 
headers= 
Content-Type: application/json;charset=UTF-8
Transfer-Encoding: chunked
Date: Wed, 29 Jan 2020 21:00:46 GMT

body=
{"message":"Size of BigFatBastard list is now 11384 objects. It contains 614736 items.","name":"Simple-PropertiesFileName","durationInMillis":5}
<<<<<<<<<<<<<<<<<<<<<<<<<
22:00:46.501 [DEBUG] i.g.c.a.Pause - Pausing for 2108ms (real=2089ms)
22:00:46.509 [DEBUG] i.g.h.c.i.HttpAppHandler - Read msg='DefaultHttpResponse(decodeResult: success, version: HTTP/1.1)
HTTP/1.1 200 
Content-Type: application/json;charset=UTF-8
Transfer-Encoding: chunked
Date: Wed, 29 Jan 2020 21:00:46 GMT'
22:00:46.509 [DEBUG] i.g.h.c.i.HttpAppHandler - Read msg='DefaultHttpContent(data: PooledSlicedByteBuf(ridx: 0, widx: 95, cap: 95/95, unwrapped: PooledUnsafeDirectByteBuf(ridx: 229, widx: 234, cap: 512)), decoderResult: success)'
22:00:46.509 [DEBUG] i.g.h.c.i.HttpAppHandler - Read msg='EmptyLastHttpContent'
22:00:46.509 [TRACE] i.g.h.e.r.DefaultStatsProcessor - 
>>>>>>>>>>>>>>>>>>>>>>>>>>
Request:
simple_delay: OK 
=========================
Session:
Session(Acceptance test,51,1580331642551,Map(gatling.http.ssl.sslContexts -> SslContexts(io.netty.handler.ssl.JdkSslContext@1525c678,None), gatling.http.cache.dns -> io.gatling.http.cache.DnsCacheSupport$$anon$1@5898ac4b, gatling.http.cache.baseUrl -> http://localhost:8080),24,OK,List(),io.gatling.core.protocol.ProtocolComponentsRegistry$$Lambda$598/0x000000084055d840@452b12e)
=========================
HTTP request:
GET http://localhost:8080/delay?duration=555
headers=
Accept: */*
Content-Type: application/json;charset=UTF-8
Accept-Language: en-US,en;q=0.8,nl;q=0.6
User-Agent: Mozilla/5.0 (Windows NT 6.1; WOW64) AppleWebKit/537.36 (KHTML, like Gecko) Chrome/38.0.2125.111 Safari/537.36
accept-encoding: gzip,deflate,sdch
host: localhost:8080
=========================
HTTP response:
status=
200 
headers= 
Content-Type: application/json;charset=UTF-8
Transfer-Encoding: chunked
Date: Wed, 29 Jan 2020 21:00:46 GMT

body=
{"message":"This was a delay of 555","name":"Simple-PropertiesFileName","durationInMillis":555}
<<<<<<<<<<<<<<<<<<<<<<<<<
22:00:46.509 [DEBUG] i.g.c.a.Pause - Pausing for 5340ms (real=5316ms)
22:00:46.552 [DEBUG] i.g.h.e.t.HttpTxExecutor - Sending request=simple_cpu_burn uri=http://localhost:8080/cpu/magic-identity-check?matrixSize=133: scenario=Acceptance test, userId=57
22:00:46.552 [DEBUG] i.g.c.c.i.o.OpenWorkload - Injecting 2 users in scenario Acceptance test, continue=true
22:00:46.552 [DEBUG] i.g.c.c.i.o.OpenWorkload - Start user #57
22:00:46.554 [DEBUG] i.g.h.c.i.HttpAppHandler - Write request WritableRequest{request=DefaultFullHttpRequest(decodeResult: success, version: HTTP/1.1, content: UnpooledByteBufAllocator$InstrumentedUnpooledUnsafeHeapByteBuf(ridx: 0, widx: 0, cap: 0))
GET /cpu/magic-identity-check?matrixSize=133 HTTP/1.1
Accept: */*
Content-Type: application/json;charset=UTF-8
Accept-Language: en-US,en;q=0.8,nl;q=0.6
User-Agent: Mozilla/5.0 (Windows NT 6.1; WOW64) AppleWebKit/537.36 (KHTML, like Gecko) Chrome/38.0.2125.111 Safari/537.36
accept-encoding: gzip,deflate,sdch
host: localhost:8080, content=null}
22:00:46.564 [DEBUG] i.g.h.c.i.HttpAppHandler - Read msg='DefaultHttpResponse(decodeResult: success, version: HTTP/1.1)
HTTP/1.1 200 
Content-Type: application/json;charset=UTF-8
Transfer-Encoding: chunked
Date: Wed, 29 Jan 2020 21:00:46 GMT'
22:00:46.565 [DEBUG] i.g.h.c.i.HttpAppHandler - Read msg='DefaultHttpContent(data: PooledSlicedByteBuf(ridx: 0, widx: 170, cap: 170/170, unwrapped: PooledUnsafeDirectByteBuf(ridx: 304, widx: 309, cap: 1024)), decoderResult: success)'
22:00:46.565 [DEBUG] i.g.h.c.i.HttpAppHandler - Read msg='EmptyLastHttpContent'
22:00:46.566 [TRACE] i.g.h.e.r.DefaultStatsProcessor - 
>>>>>>>>>>>>>>>>>>>>>>>>>>
Request:
simple_cpu_burn: OK 
=========================
Session:
Session(Acceptance test,57,1580331646551,Map(gatling.http.ssl.sslContexts -> SslContexts(io.netty.handler.ssl.JdkSslContext@3f79603b,None), gatling.http.cache.dns -> io.gatling.http.cache.DnsCacheSupport$$anon$1@5898ac4b, gatling.http.cache.baseUrl -> http://localhost:8080),0,OK,List(),io.gatling.core.protocol.ProtocolComponentsRegistry$$Lambda$598/0x000000084055d840@452b12e)
=========================
HTTP request:
GET http://localhost:8080/cpu/magic-identity-check?matrixSize=133
headers=
Accept: */*
Content-Type: application/json;charset=UTF-8
Accept-Language: en-US,en;q=0.8,nl;q=0.6
User-Agent: Mozilla/5.0 (Windows NT 6.1; WOW64) AppleWebKit/537.36 (KHTML, like Gecko) Chrome/38.0.2125.111 Safari/537.36
accept-encoding: gzip,deflate,sdch
host: localhost:8080
=========================
HTTP response:
status=
200 
headers= 
Content-Type: application/json;charset=UTF-8
Transfer-Encoding: chunked
Date: Wed, 29 Jan 2020 21:00:46 GMT

body=
{"message":"A simple magic square multiplied by an identity square of size [133] [is equal] to the magic square.","name":"Simple-PropertiesFileName","durationInMillis":9}
<<<<<<<<<<<<<<<<<<<<<<<<<
22:00:46.566 [DEBUG] i.g.c.a.Pause - Pausing for 323ms (real=322ms)
22:00:46.600 [DEBUG] i.g.h.c.i.HttpAppHandler - Read msg='DefaultHttpResponse(decodeResult: success, version: HTTP/1.1)
HTTP/1.1 200 
Content-Type: application/json;charset=UTF-8
Transfer-Encoding: chunked
Date: Wed, 29 Jan 2020 21:00:46 GMT'
22:00:46.600 [DEBUG] i.g.h.c.i.HttpAppHandler - Read msg='DefaultHttpContent(data: PooledSlicedByteBuf(ridx: 0, widx: 95, cap: 95/95, unwrapped: PooledUnsafeDirectByteBuf(ridx: 229, widx: 234, cap: 512)), decoderResult: success)'
22:00:46.600 [DEBUG] i.g.h.c.i.HttpAppHandler - Read msg='EmptyLastHttpContent'
22:00:46.601 [TRACE] i.g.h.e.r.DefaultStatsProcessor - 
>>>>>>>>>>>>>>>>>>>>>>>>>>
Request:
simple_delay: OK 
=========================
Session:
Session(Acceptance test,55,1580331645051,Map(gatling.http.ssl.sslContexts -> SslContexts(io.netty.handler.ssl.JdkSslContext@6da0b0d4,None), gatling.http.cache.dns -> io.gatling.http.cache.DnsCacheSupport$$anon$1@5898ac4b, gatling.http.cache.baseUrl -> http://localhost:8080),20,OK,List(),io.gatling.core.protocol.ProtocolComponentsRegistry$$Lambda$598/0x000000084055d840@452b12e)
=========================
HTTP request:
GET http://localhost:8080/delay?duration=555
headers=
Accept: */*
Content-Type: application/json;charset=UTF-8
Accept-Language: en-US,en;q=0.8,nl;q=0.6
User-Agent: Mozilla/5.0 (Windows NT 6.1; WOW64) AppleWebKit/537.36 (KHTML, like Gecko) Chrome/38.0.2125.111 Safari/537.36
accept-encoding: gzip,deflate,sdch
host: localhost:8080
=========================
HTTP response:
status=
200 
headers= 
Content-Type: application/json;charset=UTF-8
Transfer-Encoding: chunked
Date: Wed, 29 Jan 2020 21:00:46 GMT

body=
{"message":"This was a delay of 555","name":"Simple-PropertiesFileName","durationInMillis":555}
<<<<<<<<<<<<<<<<<<<<<<<<<
22:00:46.601 [DEBUG] i.g.c.a.Pause - Pausing for 7383ms (real=7362ms)
22:00:46.911 [DEBUG] i.g.h.e.t.HttpTxExecutor - Sending request=simple_delay uri=http://localhost:8080/delay?duration=555: scenario=Acceptance test, userId=57
22:00:46.912 [DEBUG] i.g.h.c.i.HttpAppHandler - Write request WritableRequest{request=DefaultFullHttpRequest(decodeResult: success, version: HTTP/1.1, content: UnpooledByteBufAllocator$InstrumentedUnpooledUnsafeHeapByteBuf(ridx: 0, widx: 0, cap: 0))
GET /delay?duration=555 HTTP/1.1
Accept: */*
Content-Type: application/json;charset=UTF-8
Accept-Language: en-US,en;q=0.8,nl;q=0.6
User-Agent: Mozilla/5.0 (Windows NT 6.1; WOW64) AppleWebKit/537.36 (KHTML, like Gecko) Chrome/38.0.2125.111 Safari/537.36
accept-encoding: gzip,deflate,sdch
host: localhost:8080, content=null}
22:00:47.052 [DEBUG] i.g.h.e.t.HttpTxExecutor - Sending request=simple_cpu_burn uri=http://localhost:8080/cpu/magic-identity-check?matrixSize=133: scenario=Acceptance test, userId=58
22:00:47.052 [DEBUG] i.g.c.c.i.o.OpenWorkload - Start user #58
22:00:47.054 [DEBUG] i.g.h.c.i.HttpAppHandler - Write request WritableRequest{request=DefaultFullHttpRequest(decodeResult: success, version: HTTP/1.1, content: UnpooledByteBufAllocator$InstrumentedUnpooledUnsafeHeapByteBuf(ridx: 0, widx: 0, cap: 0))
GET /cpu/magic-identity-check?matrixSize=133 HTTP/1.1
Accept: */*
Content-Type: application/json;charset=UTF-8
Accept-Language: en-US,en;q=0.8,nl;q=0.6
User-Agent: Mozilla/5.0 (Windows NT 6.1; WOW64) AppleWebKit/537.36 (KHTML, like Gecko) Chrome/38.0.2125.111 Safari/537.36
accept-encoding: gzip,deflate,sdch
host: localhost:8080, content=null}
22:00:47.061 [DEBUG] i.g.h.c.i.HttpAppHandler - Read msg='DefaultHttpResponse(decodeResult: success, version: HTTP/1.1)
HTTP/1.1 200 
Content-Type: application/json;charset=UTF-8
Transfer-Encoding: chunked
Date: Wed, 29 Jan 2020 21:00:46 GMT'
22:00:47.061 [DEBUG] i.g.h.c.i.HttpAppHandler - Read msg='DefaultHttpContent(data: PooledSlicedByteBuf(ridx: 0, widx: 170, cap: 170/170, unwrapped: PooledUnsafeDirectByteBuf(ridx: 304, widx: 309, cap: 1024)), decoderResult: success)'
22:00:47.061 [DEBUG] i.g.h.c.i.HttpAppHandler - Read msg='EmptyLastHttpContent'
22:00:47.061 [TRACE] i.g.h.e.r.DefaultStatsProcessor - 
>>>>>>>>>>>>>>>>>>>>>>>>>>
Request:
simple_cpu_burn: OK 
=========================
Session:
Session(Acceptance test,58,1580331647051,Map(gatling.http.ssl.sslContexts -> SslContexts(io.netty.handler.ssl.JdkSslContext@2d369d9a,None), gatling.http.cache.dns -> io.gatling.http.cache.DnsCacheSupport$$anon$1@5898ac4b, gatling.http.cache.baseUrl -> http://localhost:8080),0,OK,List(),io.gatling.core.protocol.ProtocolComponentsRegistry$$Lambda$598/0x000000084055d840@452b12e)
=========================
HTTP request:
GET http://localhost:8080/cpu/magic-identity-check?matrixSize=133
headers=
Accept: */*
Content-Type: application/json;charset=UTF-8
Accept-Language: en-US,en;q=0.8,nl;q=0.6
User-Agent: Mozilla/5.0 (Windows NT 6.1; WOW64) AppleWebKit/537.36 (KHTML, like Gecko) Chrome/38.0.2125.111 Safari/537.36
accept-encoding: gzip,deflate,sdch
host: localhost:8080
=========================
HTTP response:
status=
200 
headers= 
Content-Type: application/json;charset=UTF-8
Transfer-Encoding: chunked
Date: Wed, 29 Jan 2020 21:00:46 GMT

body=
{"message":"A simple magic square multiplied by an identity square of size [133] [is equal] to the magic square.","name":"Simple-PropertiesFileName","durationInMillis":6}
<<<<<<<<<<<<<<<<<<<<<<<<<
22:00:47.062 [DEBUG] i.g.c.a.Pause - Pausing for 6ms (real=5ms)
22:00:47.092 [DEBUG] i.g.h.e.t.HttpTxExecutor - Sending request=simple_delay uri=http://localhost:8080/delay?duration=555: scenario=Acceptance test, userId=58
22:00:47.092 [DEBUG] i.g.h.c.i.HttpAppHandler - Write request WritableRequest{request=DefaultFullHttpRequest(decodeResult: success, version: HTTP/1.1, content: UnpooledByteBufAllocator$InstrumentedUnpooledUnsafeHeapByteBuf(ridx: 0, widx: 0, cap: 0))
GET /delay?duration=555 HTTP/1.1
Accept: */*
Content-Type: application/json;charset=UTF-8
Accept-Language: en-US,en;q=0.8,nl;q=0.6
User-Agent: Mozilla/5.0 (Windows NT 6.1; WOW64) AppleWebKit/537.36 (KHTML, like Gecko) Chrome/38.0.2125.111 Safari/537.36
accept-encoding: gzip,deflate,sdch
host: localhost:8080, content=null}
22:00:47.182 [DEBUG] i.g.h.e.t.HttpTxExecutor - Sending request=simple_mini_leak uri=http://localhost:8080/memory/grow?objects=8&items=54: scenario=Acceptance test, userId=47
22:00:47.183 [DEBUG] i.g.h.c.i.HttpAppHandler - Write request WritableRequest{request=DefaultFullHttpRequest(decodeResult: success, version: HTTP/1.1, content: UnpooledByteBufAllocator$InstrumentedUnpooledUnsafeHeapByteBuf(ridx: 0, widx: 0, cap: 0))
GET /memory/grow?objects=8&items=54 HTTP/1.1
Accept: */*
Content-Type: application/json;charset=UTF-8
Accept-Language: en-US,en;q=0.8,nl;q=0.6
User-Agent: Mozilla/5.0 (Windows NT 6.1; WOW64) AppleWebKit/537.36 (KHTML, like Gecko) Chrome/38.0.2125.111 Safari/537.36
accept-encoding: gzip,deflate,sdch
host: localhost:8080, content=null}
22:00:47.190 [DEBUG] i.g.h.c.i.HttpAppHandler - Read msg='DefaultHttpResponse(decodeResult: success, version: HTTP/1.1)
HTTP/1.1 200 
Content-Type: application/json;charset=UTF-8
Transfer-Encoding: chunked
Date: Wed, 29 Jan 2020 21:00:46 GMT'
22:00:47.190 [DEBUG] i.g.h.c.i.HttpAppHandler - Read msg='DefaultHttpContent(data: PooledSlicedByteBuf(ridx: 0, widx: 144, cap: 144/144, unwrapped: PooledUnsafeDirectByteBuf(ridx: 278, widx: 283, cap: 512)), decoderResult: success)'
22:00:47.190 [DEBUG] i.g.h.c.i.HttpAppHandler - Read msg='EmptyLastHttpContent'
22:00:47.191 [TRACE] i.g.h.e.r.DefaultStatsProcessor - 
>>>>>>>>>>>>>>>>>>>>>>>>>>
Request:
simple_mini_leak: OK 
=========================
Session:
Session(Acceptance test,47,1580331640552,Map(gatling.http.ssl.sslContexts -> SslContexts(io.netty.handler.ssl.JdkSslContext@452e2ca3,None), gatling.http.cache.dns -> io.gatling.http.cache.DnsCacheSupport$$anon$1@5898ac4b, gatling.http.cache.baseUrl -> http://localhost:8080),21,OK,List(),io.gatling.core.protocol.ProtocolComponentsRegistry$$Lambda$598/0x000000084055d840@452b12e)
=========================
HTTP request:
GET http://localhost:8080/memory/grow?objects=8&items=54
headers=
Accept: */*
Content-Type: application/json;charset=UTF-8
Accept-Language: en-US,en;q=0.8,nl;q=0.6
User-Agent: Mozilla/5.0 (Windows NT 6.1; WOW64) AppleWebKit/537.36 (KHTML, like Gecko) Chrome/38.0.2125.111 Safari/537.36
accept-encoding: gzip,deflate,sdch
host: localhost:8080
=========================
HTTP response:
status=
200 
headers= 
Content-Type: application/json;charset=UTF-8
Transfer-Encoding: chunked
Date: Wed, 29 Jan 2020 21:00:46 GMT

body=
{"message":"Size of BigFatBastard list is now 11392 objects. It contains 615168 items.","name":"Simple-PropertiesFileName","durationInMillis":5}
<<<<<<<<<<<<<<<<<<<<<<<<<
22:00:47.191 [DEBUG] i.g.c.a.Pause - Pausing for 219ms (real=197ms)
22:00:47.202 [DEBUG] i.g.h.e.t.HttpTxExecutor - Sending request=simple_delay uri=http://localhost:8080/delay?duration=555: scenario=Acceptance test, userId=56
22:00:47.202 [DEBUG] i.g.h.c.i.HttpAppHandler - Write request WritableRequest{request=DefaultFullHttpRequest(decodeResult: success, version: HTTP/1.1, content: UnpooledByteBufAllocator$InstrumentedUnpooledUnsafeHeapByteBuf(ridx: 0, widx: 0, cap: 0))
GET /delay?duration=555 HTTP/1.1
Accept: */*
Content-Type: application/json;charset=UTF-8
Accept-Language: en-US,en;q=0.8,nl;q=0.6
User-Agent: Mozilla/5.0 (Windows NT 6.1; WOW64) AppleWebKit/537.36 (KHTML, like Gecko) Chrome/38.0.2125.111 Safari/537.36
accept-encoding: gzip,deflate,sdch
host: localhost:8080, content=null}
22:00:47.341 [DEBUG] i.g.h.e.t.HttpTxExecutor - Sending request=simple_delay uri=http://localhost:8080/delay?duration=555: scenario=Acceptance test, userId=39
22:00:47.342 [DEBUG] i.g.h.c.i.HttpAppHandler - Write request WritableRequest{request=DefaultFullHttpRequest(decodeResult: success, version: HTTP/1.1, content: UnpooledByteBufAllocator$InstrumentedUnpooledUnsafeHeapByteBuf(ridx: 0, widx: 0, cap: 0))
GET /delay?duration=555 HTTP/1.1
Accept: */*
Content-Type: application/json;charset=UTF-8
Accept-Language: en-US,en;q=0.8,nl;q=0.6
User-Agent: Mozilla/5.0 (Windows NT 6.1; WOW64) AppleWebKit/537.36 (KHTML, like Gecko) Chrome/38.0.2125.111 Safari/537.36
accept-encoding: gzip,deflate,sdch
host: localhost:8080, content=null}
22:00:47.412 [DEBUG] i.g.h.e.t.HttpTxExecutor - Sending request=upload-file uri=http://localhost:8080/files/upload: scenario=Acceptance test, userId=47
22:00:47.412 [DEBUG] i.g.h.c.i.HttpAppHandler - Write request WritableRequest{request=DefaultHttpRequest(decodeResult: success, version: HTTP/1.1)
POST /files/upload HTTP/1.1
Accept: */*
Accept-Language: en-US,en;q=0.8,nl;q=0.6
User-Agent: Mozilla/5.0 (Windows NT 6.1; WOW64) AppleWebKit/537.36 (KHTML, like Gecko) Chrome/38.0.2125.111 Safari/537.36
accept-encoding: gzip,deflate,sdch
host: localhost:8080
content-type: multipart/form-data; boundary=N2xsceHtEBiusH40JK95YFgBBfcdZBNsbZQ
content-length: 220, content=io.gatling.http.client.body.multipart.impl.MultipartFileRegion@b4b56b3}
22:00:47.417 [DEBUG] i.g.h.c.i.HttpAppHandler - Read msg='DefaultHttpResponse(decodeResult: success, version: HTTP/1.1)
HTTP/1.1 200 
Content-Type: text/plain;charset=UTF-8
Content-Length: 62
Date: Wed, 29 Jan 2020 21:00:47 GMT'
22:00:47.417 [DEBUG] i.g.h.c.i.HttpAppHandler - Read msg='DefaultLastHttpContent(data: PooledSlicedByteBuf(ridx: 0, widx: 62, cap: 62/62, unwrapped: PooledUnsafeDirectByteBuf(ridx: 176, widx: 176, cap: 496)), decoderResult: success)'
22:00:47.418 [TRACE] i.g.h.e.r.DefaultStatsProcessor - 
>>>>>>>>>>>>>>>>>>>>>>>>>>
Request:
upload-file: OK 
=========================
Session:
Session(Acceptance test,47,1580331640552,Map(gatling.http.ssl.sslContexts -> SslContexts(io.netty.handler.ssl.JdkSslContext@452e2ca3,None), gatling.http.cache.dns -> io.gatling.http.cache.DnsCacheSupport$$anon$1@5898ac4b, gatling.http.cache.baseUrl -> http://localhost:8080),23,OK,List(),io.gatling.core.protocol.ProtocolComponentsRegistry$$Lambda$598/0x000000084055d840@452b12e)
=========================
HTTP request:
POST http://localhost:8080/files/upload
headers=
Accept: */*
Accept-Language: en-US,en;q=0.8,nl;q=0.6
User-Agent: Mozilla/5.0 (Windows NT 6.1; WOW64) AppleWebKit/537.36 (KHTML, like Gecko) Chrome/38.0.2125.111 Safari/537.36
accept-encoding: gzip,deflate,sdch
host: localhost:8080
content-type: multipart/form-data; boundary=N2xsceHtEBiusH40JK95YFgBBfcdZBNsbZQ
content-length: 220
multipartBody=
ByteArrayPart: name=upload contentType=text/plain dispositionType=null charset=UTF-8 transferEncoding=null contentId=null filename=gatling-upload.txt
=========================
HTTP response:
status=
200 
headers= 
Content-Type: text/plain;charset=UTF-8
Content-Length: 62
Date: Wed, 29 Jan 2020 21:00:47 GMT

body=
File upload succeeded [gatling-upload.txt] of size [17] bytes.
<<<<<<<<<<<<<<<<<<<<<<<<<
22:00:47.418 [DEBUG] i.g.c.a.Exit - End user #47
22:00:47.418 [DEBUG] i.g.c.c.i.Injector - End user #47
22:00:47.469 [DEBUG] i.g.h.c.i.HttpAppHandler - Read msg='DefaultHttpResponse(decodeResult: success, version: HTTP/1.1)
HTTP/1.1 200 
Content-Type: application/json;charset=UTF-8
Transfer-Encoding: chunked
Date: Wed, 29 Jan 2020 21:00:47 GMT'
22:00:47.469 [DEBUG] i.g.h.c.i.HttpAppHandler - Read msg='DefaultHttpContent(data: PooledSlicedByteBuf(ridx: 0, widx: 95, cap: 95/95, unwrapped: PooledUnsafeDirectByteBuf(ridx: 229, widx: 234, cap: 1024)), decoderResult: success)'
22:00:47.469 [DEBUG] i.g.h.c.i.HttpAppHandler - Read msg='EmptyLastHttpContent'
22:00:47.470 [TRACE] i.g.h.e.r.DefaultStatsProcessor - 
>>>>>>>>>>>>>>>>>>>>>>>>>>
Request:
simple_delay: OK 
=========================
Session:
Session(Acceptance test,57,1580331646551,Map(gatling.http.ssl.sslContexts -> SslContexts(io.netty.handler.ssl.JdkSslContext@3f79603b,None), gatling.http.cache.dns -> io.gatling.http.cache.DnsCacheSupport$$anon$1@5898ac4b, gatling.http.cache.baseUrl -> http://localhost:8080),23,OK,List(),io.gatling.core.protocol.ProtocolComponentsRegistry$$Lambda$598/0x000000084055d840@452b12e)
=========================
HTTP request:
GET http://localhost:8080/delay?duration=555
headers=
Accept: */*
Content-Type: application/json;charset=UTF-8
Accept-Language: en-US,en;q=0.8,nl;q=0.6
User-Agent: Mozilla/5.0 (Windows NT 6.1; WOW64) AppleWebKit/537.36 (KHTML, like Gecko) Chrome/38.0.2125.111 Safari/537.36
accept-encoding: gzip,deflate,sdch
host: localhost:8080
=========================
HTTP response:
status=
200 
headers= 
Content-Type: application/json;charset=UTF-8
Transfer-Encoding: chunked
Date: Wed, 29 Jan 2020 21:00:47 GMT

body=
{"message":"This was a delay of 555","name":"Simple-PropertiesFileName","durationInMillis":555}
<<<<<<<<<<<<<<<<<<<<<<<<<
22:00:47.470 [DEBUG] i.g.c.a.Pause - Pausing for 3319ms (real=3295ms)
22:00:47.552 [DEBUG] i.g.h.e.t.HttpTxExecutor - Sending request=simple_cpu_burn uri=http://localhost:8080/cpu/magic-identity-check?matrixSize=133: scenario=Acceptance test, userId=59
22:00:47.552 [DEBUG] i.g.c.c.i.o.OpenWorkload - Injecting 2 users in scenario Acceptance test, continue=true
22:00:47.552 [DEBUG] i.g.c.c.i.o.OpenWorkload - Start user #59
22:00:47.553 [DEBUG] i.g.h.c.i.HttpAppHandler - Write request WritableRequest{request=DefaultFullHttpRequest(decodeResult: success, version: HTTP/1.1, content: UnpooledByteBufAllocator$InstrumentedUnpooledUnsafeHeapByteBuf(ridx: 0, widx: 0, cap: 0))
GET /cpu/magic-identity-check?matrixSize=133 HTTP/1.1
Accept: */*
Content-Type: application/json;charset=UTF-8
Accept-Language: en-US,en;q=0.8,nl;q=0.6
User-Agent: Mozilla/5.0 (Windows NT 6.1; WOW64) AppleWebKit/537.36 (KHTML, like Gecko) Chrome/38.0.2125.111 Safari/537.36
accept-encoding: gzip,deflate,sdch
host: localhost:8080, content=null}
22:00:47.556 [DEBUG] i.g.h.c.i.HttpAppHandler - Read msg='DefaultHttpResponse(decodeResult: success, version: HTTP/1.1)
HTTP/1.1 200 
Content-Type: application/json;charset=UTF-8
Transfer-Encoding: chunked
Date: Wed, 29 Jan 2020 21:00:47 GMT'
22:00:47.557 [DEBUG] i.g.h.c.i.HttpAppHandler - Read msg='DefaultHttpContent(data: PooledSlicedByteBuf(ridx: 0, widx: 170, cap: 170/170, unwrapped: PooledUnsafeDirectByteBuf(ridx: 304, widx: 309, cap: 1024)), decoderResult: success)'
22:00:47.557 [DEBUG] i.g.h.c.i.HttpAppHandler - Read msg='EmptyLastHttpContent'
22:00:47.557 [TRACE] i.g.h.e.r.DefaultStatsProcessor - 
>>>>>>>>>>>>>>>>>>>>>>>>>>
Request:
simple_cpu_burn: OK 
=========================
Session:
Session(Acceptance test,59,1580331647552,Map(gatling.http.ssl.sslContexts -> SslContexts(io.netty.handler.ssl.JdkSslContext@57b563c3,None), gatling.http.cache.dns -> io.gatling.http.cache.DnsCacheSupport$$anon$1@5898ac4b, gatling.http.cache.baseUrl -> http://localhost:8080),0,OK,List(),io.gatling.core.protocol.ProtocolComponentsRegistry$$Lambda$598/0x000000084055d840@452b12e)
=========================
HTTP request:
GET http://localhost:8080/cpu/magic-identity-check?matrixSize=133
headers=
Accept: */*
Content-Type: application/json;charset=UTF-8
Accept-Language: en-US,en;q=0.8,nl;q=0.6
User-Agent: Mozilla/5.0 (Windows NT 6.1; WOW64) AppleWebKit/537.36 (KHTML, like Gecko) Chrome/38.0.2125.111 Safari/537.36
accept-encoding: gzip,deflate,sdch
host: localhost:8080
=========================
HTTP response:
status=
200 
headers= 
Content-Type: application/json;charset=UTF-8
Transfer-Encoding: chunked
Date: Wed, 29 Jan 2020 21:00:47 GMT

body=
{"message":"A simple magic square multiplied by an identity square of size [133] [is equal] to the magic square.","name":"Simple-PropertiesFileName","durationInMillis":3}
<<<<<<<<<<<<<<<<<<<<<<<<<
22:00:47.557 [DEBUG] i.g.c.a.Pause - Pausing for 5181ms (real=5181ms)
22:00:47.650 [DEBUG] i.g.h.c.i.HttpAppHandler - Read msg='DefaultHttpResponse(decodeResult: success, version: HTTP/1.1)
HTTP/1.1 200 
Content-Type: application/json;charset=UTF-8
Transfer-Encoding: chunked
Date: Wed, 29 Jan 2020 21:00:47 GMT'
22:00:47.651 [DEBUG] i.g.h.c.i.HttpAppHandler - Read msg='DefaultHttpContent(data: PooledSlicedByteBuf(ridx: 0, widx: 95, cap: 95/95, unwrapped: PooledUnsafeDirectByteBuf(ridx: 229, widx: 234, cap: 1024)), decoderResult: success)'
22:00:47.651 [DEBUG] i.g.h.c.i.HttpAppHandler - Read msg='EmptyLastHttpContent'
22:00:47.652 [TRACE] i.g.h.e.r.DefaultStatsProcessor - 
>>>>>>>>>>>>>>>>>>>>>>>>>>
Request:
simple_delay: OK 
=========================
Session:
Session(Acceptance test,58,1580331647051,Map(gatling.http.ssl.sslContexts -> SslContexts(io.netty.handler.ssl.JdkSslContext@2d369d9a,None), gatling.http.cache.dns -> io.gatling.http.cache.DnsCacheSupport$$anon$1@5898ac4b, gatling.http.cache.baseUrl -> http://localhost:8080),25,OK,List(),io.gatling.core.protocol.ProtocolComponentsRegistry$$Lambda$598/0x000000084055d840@452b12e)
=========================
HTTP request:
GET http://localhost:8080/delay?duration=555
headers=
Accept: */*
Content-Type: application/json;charset=UTF-8
Accept-Language: en-US,en;q=0.8,nl;q=0.6
User-Agent: Mozilla/5.0 (Windows NT 6.1; WOW64) AppleWebKit/537.36 (KHTML, like Gecko) Chrome/38.0.2125.111 Safari/537.36
accept-encoding: gzip,deflate,sdch
host: localhost:8080
=========================
HTTP response:
status=
200 
headers= 
Content-Type: application/json;charset=UTF-8
Transfer-Encoding: chunked
Date: Wed, 29 Jan 2020 21:00:47 GMT

body=
{"message":"This was a delay of 555","name":"Simple-PropertiesFileName","durationInMillis":555}
<<<<<<<<<<<<<<<<<<<<<<<<<
22:00:47.652 [DEBUG] i.g.c.a.Pause - Pausing for 2810ms (real=2784ms)
22:00:47.760 [DEBUG] i.g.h.c.i.HttpAppHandler - Read msg='DefaultHttpResponse(decodeResult: success, version: HTTP/1.1)
HTTP/1.1 200 
Content-Type: application/json;charset=UTF-8
Transfer-Encoding: chunked
Date: Wed, 29 Jan 2020 21:00:47 GMT'
22:00:47.760 [DEBUG] i.g.h.c.i.HttpAppHandler - Read msg='DefaultHttpContent(data: PooledSlicedByteBuf(ridx: 0, widx: 95, cap: 95/95, unwrapped: PooledUnsafeDirectByteBuf(ridx: 229, widx: 229, cap: 1024)), decoderResult: success)'
22:00:47.760 [DEBUG] i.g.h.c.i.HttpAppHandler - Read msg='EmptyLastHttpContent'
22:00:47.761 [TRACE] i.g.h.e.r.DefaultStatsProcessor - 
>>>>>>>>>>>>>>>>>>>>>>>>>>
Request:
simple_delay: OK 
=========================
Session:
Session(Acceptance test,56,1580331645552,Map(gatling.http.ssl.sslContexts -> SslContexts(io.netty.handler.ssl.JdkSslContext@1a575398,None), gatling.http.cache.dns -> io.gatling.http.cache.DnsCacheSupport$$anon$1@5898ac4b, gatling.http.cache.baseUrl -> http://localhost:8080),19,OK,List(),io.gatling.core.protocol.ProtocolComponentsRegistry$$Lambda$598/0x000000084055d840@452b12e)
=========================
HTTP request:
GET http://localhost:8080/delay?duration=555
headers=
Accept: */*
Content-Type: application/json;charset=UTF-8
Accept-Language: en-US,en;q=0.8,nl;q=0.6
User-Agent: Mozilla/5.0 (Windows NT 6.1; WOW64) AppleWebKit/537.36 (KHTML, like Gecko) Chrome/38.0.2125.111 Safari/537.36
accept-encoding: gzip,deflate,sdch
host: localhost:8080
=========================
HTTP response:
status=
200 
headers= 
Content-Type: application/json;charset=UTF-8
Transfer-Encoding: chunked
Date: Wed, 29 Jan 2020 21:00:47 GMT

body=
{"message":"This was a delay of 555","name":"Simple-PropertiesFileName","durationInMillis":555}
<<<<<<<<<<<<<<<<<<<<<<<<<
22:00:47.761 [DEBUG] i.g.c.a.Pause - Pausing for 9676ms (real=9656ms)
22:00:47.762 [DEBUG] i.g.h.e.t.HttpTxExecutor - Sending request=upload-file uri=http://localhost:8080/files/upload: scenario=Acceptance test, userId=50
22:00:47.763 [DEBUG] i.g.h.c.i.HttpAppHandler - Write request WritableRequest{request=DefaultHttpRequest(decodeResult: success, version: HTTP/1.1)
POST /files/upload HTTP/1.1
Accept: */*
Accept-Language: en-US,en;q=0.8,nl;q=0.6
User-Agent: Mozilla/5.0 (Windows NT 6.1; WOW64) AppleWebKit/537.36 (KHTML, like Gecko) Chrome/38.0.2125.111 Safari/537.36
accept-encoding: gzip,deflate,sdch
host: localhost:8080
content-type: multipart/form-data; boundary=YTC1bpGv2vdNVzwbk7_2dUJu4wdPBE_UA8I
content-length: 220, content=io.gatling.http.client.body.multipart.impl.MultipartFileRegion@50ae671a}
22:00:47.766 [DEBUG] i.g.h.c.i.HttpAppHandler - Read msg='DefaultHttpResponse(decodeResult: success, version: HTTP/1.1)
HTTP/1.1 200 
Content-Type: text/plain;charset=UTF-8
Content-Length: 62
Date: Wed, 29 Jan 2020 21:00:47 GMT'
22:00:47.766 [DEBUG] i.g.h.c.i.HttpAppHandler - Read msg='DefaultLastHttpContent(data: PooledSlicedByteBuf(ridx: 0, widx: 62, cap: 62/62, unwrapped: PooledUnsafeDirectByteBuf(ridx: 176, widx: 176, cap: 512)), decoderResult: success)'
22:00:47.766 [TRACE] i.g.h.e.r.DefaultStatsProcessor - 
>>>>>>>>>>>>>>>>>>>>>>>>>>
Request:
upload-file: OK 
=========================
Session:
Session(Acceptance test,50,1580331642051,Map(gatling.http.ssl.sslContexts -> SslContexts(io.netty.handler.ssl.JdkSslContext@266ea9a,None), gatling.http.cache.dns -> io.gatling.http.cache.DnsCacheSupport$$anon$1@5898ac4b, gatling.http.cache.baseUrl -> http://localhost:8080),16,OK,List(),io.gatling.core.protocol.ProtocolComponentsRegistry$$Lambda$598/0x000000084055d840@452b12e)
=========================
HTTP request:
POST http://localhost:8080/files/upload
headers=
Accept: */*
Accept-Language: en-US,en;q=0.8,nl;q=0.6
User-Agent: Mozilla/5.0 (Windows NT 6.1; WOW64) AppleWebKit/537.36 (KHTML, like Gecko) Chrome/38.0.2125.111 Safari/537.36
accept-encoding: gzip,deflate,sdch
host: localhost:8080
content-type: multipart/form-data; boundary=YTC1bpGv2vdNVzwbk7_2dUJu4wdPBE_UA8I
content-length: 220
multipartBody=
ByteArrayPart: name=upload contentType=text/plain dispositionType=null charset=UTF-8 transferEncoding=null contentId=null filename=gatling-upload.txt
=========================
HTTP response:
status=
200 
headers= 
Content-Type: text/plain;charset=UTF-8
Content-Length: 62
Date: Wed, 29 Jan 2020 21:00:47 GMT

body=
File upload succeeded [gatling-upload.txt] of size [17] bytes.
<<<<<<<<<<<<<<<<<<<<<<<<<
22:00:47.767 [DEBUG] i.g.c.a.Exit - End user #50
22:00:47.767 [DEBUG] i.g.c.c.i.Injector - End user #50
22:00:47.899 [DEBUG] i.g.h.c.i.HttpAppHandler - Read msg='DefaultHttpResponse(decodeResult: success, version: HTTP/1.1)
HTTP/1.1 200 
Content-Type: application/json;charset=UTF-8
Transfer-Encoding: chunked
Date: Wed, 29 Jan 2020 21:00:47 GMT'
22:00:47.899 [DEBUG] i.g.h.c.i.HttpAppHandler - Read msg='DefaultHttpContent(data: PooledSlicedByteBuf(ridx: 0, widx: 95, cap: 95/95, unwrapped: PooledUnsafeDirectByteBuf(ridx: 229, widx: 229, cap: 512)), decoderResult: success)'
22:00:47.900 [DEBUG] i.g.h.c.i.HttpAppHandler - Read msg='EmptyLastHttpContent'
22:00:47.900 [TRACE] i.g.h.e.r.DefaultStatsProcessor - 
>>>>>>>>>>>>>>>>>>>>>>>>>>
Request:
simple_delay: OK 
=========================
Session:
Session(Acceptance test,39,1580331635052,Map(gatling.http.ssl.sslContexts -> SslContexts(io.netty.handler.ssl.JdkSslContext@14d54c9c,None), gatling.http.cache.dns -> io.gatling.http.cache.DnsCacheSupport$$anon$1@5898ac4b, gatling.http.cache.baseUrl -> http://localhost:8080),17,OK,List(),io.gatling.core.protocol.ProtocolComponentsRegistry$$Lambda$598/0x000000084055d840@452b12e)
=========================
HTTP request:
GET http://localhost:8080/delay?duration=555
headers=
Accept: */*
Content-Type: application/json;charset=UTF-8
Accept-Language: en-US,en;q=0.8,nl;q=0.6
User-Agent: Mozilla/5.0 (Windows NT 6.1; WOW64) AppleWebKit/537.36 (KHTML, like Gecko) Chrome/38.0.2125.111 Safari/537.36
accept-encoding: gzip,deflate,sdch
host: localhost:8080
=========================
HTTP response:
status=
200 
headers= 
Content-Type: application/json;charset=UTF-8
Transfer-Encoding: chunked
Date: Wed, 29 Jan 2020 21:00:47 GMT

body=
{"message":"This was a delay of 555","name":"Simple-PropertiesFileName","durationInMillis":555}
<<<<<<<<<<<<<<<<<<<<<<<<<
22:00:47.900 [DEBUG] i.g.c.a.Pause - Pausing for 2636ms (real=2619ms)
22:00:47.992 [DEBUG] i.g.h.e.t.HttpTxExecutor - Sending request=simple_delay uri=http://localhost:8080/delay?duration=555: scenario=Acceptance test, userId=54
22:00:47.992 [DEBUG] i.g.h.c.i.HttpAppHandler - Write request WritableRequest{request=DefaultFullHttpRequest(decodeResult: success, version: HTTP/1.1, content: UnpooledByteBufAllocator$InstrumentedUnpooledUnsafeHeapByteBuf(ridx: 0, widx: 0, cap: 0))
GET /delay?duration=555 HTTP/1.1
Accept: */*
Content-Type: application/json;charset=UTF-8
Accept-Language: en-US,en;q=0.8,nl;q=0.6
User-Agent: Mozilla/5.0 (Windows NT 6.1; WOW64) AppleWebKit/537.36 (KHTML, like Gecko) Chrome/38.0.2125.111 Safari/537.36
accept-encoding: gzip,deflate,sdch
host: localhost:8080, content=null}
22:00:48.052 [DEBUG] i.g.h.e.t.HttpTxExecutor - Sending request=simple_cpu_burn uri=http://localhost:8080/cpu/magic-identity-check?matrixSize=133: scenario=Acceptance test, userId=60
22:00:48.052 [DEBUG] i.g.c.c.i.o.OpenWorkload - Start user #60
22:00:48.054 [DEBUG] i.g.h.c.i.HttpAppHandler - Write request WritableRequest{request=DefaultFullHttpRequest(decodeResult: success, version: HTTP/1.1, content: UnpooledByteBufAllocator$InstrumentedUnpooledUnsafeHeapByteBuf(ridx: 0, widx: 0, cap: 0))
GET /cpu/magic-identity-check?matrixSize=133 HTTP/1.1
Accept: */*
Content-Type: application/json;charset=UTF-8
Accept-Language: en-US,en;q=0.8,nl;q=0.6
User-Agent: Mozilla/5.0 (Windows NT 6.1; WOW64) AppleWebKit/537.36 (KHTML, like Gecko) Chrome/38.0.2125.111 Safari/537.36
accept-encoding: gzip,deflate,sdch
host: localhost:8080, content=null}
22:00:48.065 [DEBUG] i.g.h.c.i.HttpAppHandler - Read msg='DefaultHttpResponse(decodeResult: success, version: HTTP/1.1)
HTTP/1.1 200 
Content-Type: application/json;charset=UTF-8
Transfer-Encoding: chunked
Date: Wed, 29 Jan 2020 21:00:47 GMT'
22:00:48.065 [DEBUG] i.g.h.c.i.HttpAppHandler - Read msg='DefaultHttpContent(data: PooledSlicedByteBuf(ridx: 0, widx: 170, cap: 170/170, unwrapped: PooledUnsafeDirectByteBuf(ridx: 304, widx: 304, cap: 1024)), decoderResult: success)'
22:00:48.065 [DEBUG] i.g.h.c.i.HttpAppHandler - Read msg='EmptyLastHttpContent'
22:00:48.066 [TRACE] i.g.h.e.r.DefaultStatsProcessor - 
>>>>>>>>>>>>>>>>>>>>>>>>>>
Request:
simple_cpu_burn: OK 
=========================
Session:
Session(Acceptance test,60,1580331648051,Map(gatling.http.ssl.sslContexts -> SslContexts(io.netty.handler.ssl.JdkSslContext@93639cb,None), gatling.http.cache.dns -> io.gatling.http.cache.DnsCacheSupport$$anon$1@5898ac4b, gatling.http.cache.baseUrl -> http://localhost:8080),0,OK,List(),io.gatling.core.protocol.ProtocolComponentsRegistry$$Lambda$598/0x000000084055d840@452b12e)
=========================
HTTP request:
GET http://localhost:8080/cpu/magic-identity-check?matrixSize=133
headers=
Accept: */*
Content-Type: application/json;charset=UTF-8
Accept-Language: en-US,en;q=0.8,nl;q=0.6
User-Agent: Mozilla/5.0 (Windows NT 6.1; WOW64) AppleWebKit/537.36 (KHTML, like Gecko) Chrome/38.0.2125.111 Safari/537.36
accept-encoding: gzip,deflate,sdch
host: localhost:8080
=========================
HTTP response:
status=
200 
headers= 
Content-Type: application/json;charset=UTF-8
Transfer-Encoding: chunked
Date: Wed, 29 Jan 2020 21:00:47 GMT

body=
{"message":"A simple magic square multiplied by an identity square of size [133] [is equal] to the magic square.","name":"Simple-PropertiesFileName","durationInMillis":8}
<<<<<<<<<<<<<<<<<<<<<<<<<
22:00:48.066 [DEBUG] i.g.c.a.Pause - Pausing for 6880ms (real=6879ms)
22:00:48.172 [DEBUG] i.g.h.e.t.HttpTxExecutor - Sending request=simple_mini_leak uri=http://localhost:8080/memory/grow?objects=8&items=54: scenario=Acceptance test, userId=49
22:00:48.172 [DEBUG] i.g.h.c.i.HttpAppHandler - Write request WritableRequest{request=DefaultFullHttpRequest(decodeResult: success, version: HTTP/1.1, content: UnpooledByteBufAllocator$InstrumentedUnpooledUnsafeHeapByteBuf(ridx: 0, widx: 0, cap: 0))
GET /memory/grow?objects=8&items=54 HTTP/1.1
Accept: */*
Content-Type: application/json;charset=UTF-8
Accept-Language: en-US,en;q=0.8,nl;q=0.6
User-Agent: Mozilla/5.0 (Windows NT 6.1; WOW64) AppleWebKit/537.36 (KHTML, like Gecko) Chrome/38.0.2125.111 Safari/537.36
accept-encoding: gzip,deflate,sdch
host: localhost:8080, content=null}
22:00:48.175 [DEBUG] i.g.h.c.i.HttpAppHandler - Read msg='DefaultHttpResponse(decodeResult: success, version: HTTP/1.1)
HTTP/1.1 200 
Content-Type: application/json;charset=UTF-8
Transfer-Encoding: chunked
Date: Wed, 29 Jan 2020 21:00:47 GMT'
22:00:48.175 [DEBUG] i.g.h.c.i.HttpAppHandler - Read msg='DefaultHttpContent(data: PooledSlicedByteBuf(ridx: 0, widx: 144, cap: 144/144, unwrapped: PooledUnsafeDirectByteBuf(ridx: 278, widx: 283, cap: 512)), decoderResult: success)'
22:00:48.176 [DEBUG] i.g.h.c.i.HttpAppHandler - Read msg='EmptyLastHttpContent'
22:00:48.176 [TRACE] i.g.h.e.r.DefaultStatsProcessor - 
>>>>>>>>>>>>>>>>>>>>>>>>>>
Request:
simple_mini_leak: OK 
=========================
Session:
Session(Acceptance test,49,1580331641552,Map(gatling.http.ssl.sslContexts -> SslContexts(io.netty.handler.ssl.JdkSslContext@732e3418,None), gatling.http.cache.dns -> io.gatling.http.cache.DnsCacheSupport$$anon$1@5898ac4b, gatling.http.cache.baseUrl -> http://localhost:8080),19,OK,List(),io.gatling.core.protocol.ProtocolComponentsRegistry$$Lambda$598/0x000000084055d840@452b12e)
=========================
HTTP request:
GET http://localhost:8080/memory/grow?objects=8&items=54
headers=
Accept: */*
Content-Type: application/json;charset=UTF-8
Accept-Language: en-US,en;q=0.8,nl;q=0.6
User-Agent: Mozilla/5.0 (Windows NT 6.1; WOW64) AppleWebKit/537.36 (KHTML, like Gecko) Chrome/38.0.2125.111 Safari/537.36
accept-encoding: gzip,deflate,sdch
host: localhost:8080
=========================
HTTP response:
status=
200 
headers= 
Content-Type: application/json;charset=UTF-8
Transfer-Encoding: chunked
Date: Wed, 29 Jan 2020 21:00:47 GMT

body=
{"message":"Size of BigFatBastard list is now 11400 objects. It contains 615600 items.","name":"Simple-PropertiesFileName","durationInMillis":2}
<<<<<<<<<<<<<<<<<<<<<<<<<
22:00:48.176 [DEBUG] i.g.c.a.Pause - Pausing for 565ms (real=546ms)
22:00:48.312 [DEBUG] i.g.h.e.t.HttpTxExecutor - Sending request=simple_delay uri=http://localhost:8080/delay?duration=555: scenario=Acceptance test, userId=53
22:00:48.313 [DEBUG] i.g.h.c.i.HttpAppHandler - Write request WritableRequest{request=DefaultFullHttpRequest(decodeResult: success, version: HTTP/1.1, content: UnpooledByteBufAllocator$InstrumentedUnpooledUnsafeHeapByteBuf(ridx: 0, widx: 0, cap: 0))
GET /delay?duration=555 HTTP/1.1
Accept: */*
Content-Type: application/json;charset=UTF-8
Accept-Language: en-US,en;q=0.8,nl;q=0.6
User-Agent: Mozilla/5.0 (Windows NT 6.1; WOW64) AppleWebKit/537.36 (KHTML, like Gecko) Chrome/38.0.2125.111 Safari/537.36
accept-encoding: gzip,deflate,sdch
host: localhost:8080, content=null}
22:00:48.550 [DEBUG] i.g.h.c.i.HttpAppHandler - Read msg='DefaultHttpResponse(decodeResult: success, version: HTTP/1.1)
HTTP/1.1 200 
Content-Type: application/json;charset=UTF-8
Transfer-Encoding: chunked
Date: Wed, 29 Jan 2020 21:00:48 GMT'
22:00:48.550 [DEBUG] i.g.h.c.i.HttpAppHandler - Read msg='DefaultHttpContent(data: PooledSlicedByteBuf(ridx: 0, widx: 95, cap: 95/95, unwrapped: PooledUnsafeDirectByteBuf(ridx: 229, widx: 234, cap: 1024)), decoderResult: success)'
22:00:48.550 [DEBUG] i.g.h.c.i.HttpAppHandler - Read msg='EmptyLastHttpContent'
22:00:48.551 [TRACE] i.g.h.e.r.DefaultStatsProcessor - 
>>>>>>>>>>>>>>>>>>>>>>>>>>
Request:
simple_delay: OK 
=========================
Session:
Session(Acceptance test,54,1580331644551,Map(gatling.http.ssl.sslContexts -> SslContexts(io.netty.handler.ssl.JdkSslContext@5e9a61cf,None), gatling.http.cache.dns -> io.gatling.http.cache.DnsCacheSupport$$anon$1@5898ac4b, gatling.http.cache.baseUrl -> http://localhost:8080),17,OK,List(),io.gatling.core.protocol.ProtocolComponentsRegistry$$Lambda$598/0x000000084055d840@452b12e)
=========================
HTTP request:
GET http://localhost:8080/delay?duration=555
headers=
Accept: */*
Content-Type: application/json;charset=UTF-8
Accept-Language: en-US,en;q=0.8,nl;q=0.6
User-Agent: Mozilla/5.0 (Windows NT 6.1; WOW64) AppleWebKit/537.36 (KHTML, like Gecko) Chrome/38.0.2125.111 Safari/537.36
accept-encoding: gzip,deflate,sdch
host: localhost:8080
=========================
HTTP response:
status=
200 
headers= 
Content-Type: application/json;charset=UTF-8
Transfer-Encoding: chunked
Date: Wed, 29 Jan 2020 21:00:48 GMT

body=
{"message":"This was a delay of 555","name":"Simple-PropertiesFileName","durationInMillis":555}
<<<<<<<<<<<<<<<<<<<<<<<<<
22:00:48.551 [DEBUG] i.g.c.a.Pause - Pausing for 627ms (real=609ms)
22:00:48.552 [DEBUG] i.g.h.e.t.HttpTxExecutor - Sending request=simple_cpu_burn uri=http://localhost:8080/cpu/magic-identity-check?matrixSize=133: scenario=Acceptance test, userId=61
22:00:48.552 [DEBUG] i.g.c.c.i.o.OpenWorkload - Injecting 1 users in scenario Acceptance test, continue=true
22:00:48.552 [DEBUG] i.g.c.c.i.o.OpenWorkload - Start user #61
22:00:48.553 [DEBUG] i.g.h.c.i.HttpAppHandler - Write request WritableRequest{request=DefaultFullHttpRequest(decodeResult: success, version: HTTP/1.1, content: UnpooledByteBufAllocator$InstrumentedUnpooledUnsafeHeapByteBuf(ridx: 0, widx: 0, cap: 0))
GET /cpu/magic-identity-check?matrixSize=133 HTTP/1.1
Accept: */*
Content-Type: application/json;charset=UTF-8
Accept-Language: en-US,en;q=0.8,nl;q=0.6
User-Agent: Mozilla/5.0 (Windows NT 6.1; WOW64) AppleWebKit/537.36 (KHTML, like Gecko) Chrome/38.0.2125.111 Safari/537.36
accept-encoding: gzip,deflate,sdch
host: localhost:8080, content=null}
22:00:48.564 [DEBUG] i.g.h.c.i.HttpAppHandler - Read msg='DefaultHttpResponse(decodeResult: success, version: HTTP/1.1)
HTTP/1.1 200 
Content-Type: application/json;charset=UTF-8
Transfer-Encoding: chunked
Date: Wed, 29 Jan 2020 21:00:48 GMT'
22:00:48.564 [DEBUG] i.g.h.c.i.HttpAppHandler - Read msg='DefaultHttpContent(data: PooledSlicedByteBuf(ridx: 0, widx: 170, cap: 170/170, unwrapped: PooledUnsafeDirectByteBuf(ridx: 304, widx: 304, cap: 1024)), decoderResult: success)'
22:00:48.564 [DEBUG] i.g.h.c.i.HttpAppHandler - Read msg='EmptyLastHttpContent'
22:00:48.565 [TRACE] i.g.h.e.r.DefaultStatsProcessor - 
>>>>>>>>>>>>>>>>>>>>>>>>>>
Request:
simple_cpu_burn: OK 
=========================
Session:
Session(Acceptance test,61,1580331648551,Map(gatling.http.ssl.sslContexts -> SslContexts(io.netty.handler.ssl.JdkSslContext@6aaa8268,None), gatling.http.cache.dns -> io.gatling.http.cache.DnsCacheSupport$$anon$1@5898ac4b, gatling.http.cache.baseUrl -> http://localhost:8080),0,OK,List(),io.gatling.core.protocol.ProtocolComponentsRegistry$$Lambda$598/0x000000084055d840@452b12e)
=========================
HTTP request:
GET http://localhost:8080/cpu/magic-identity-check?matrixSize=133
headers=
Accept: */*
Content-Type: application/json;charset=UTF-8
Accept-Language: en-US,en;q=0.8,nl;q=0.6
User-Agent: Mozilla/5.0 (Windows NT 6.1; WOW64) AppleWebKit/537.36 (KHTML, like Gecko) Chrome/38.0.2125.111 Safari/537.36
accept-encoding: gzip,deflate,sdch
host: localhost:8080
=========================
HTTP response:
status=
200 
headers= 
Content-Type: application/json;charset=UTF-8
Transfer-Encoding: chunked
Date: Wed, 29 Jan 2020 21:00:48 GMT

body=
{"message":"A simple magic square multiplied by an identity square of size [133] [is equal] to the magic square.","name":"Simple-PropertiesFileName","durationInMillis":8}
<<<<<<<<<<<<<<<<<<<<<<<<<
22:00:48.565 [DEBUG] i.g.c.a.Pause - Pausing for 2112ms (real=2111ms)
22:00:48.572 [DEBUG] i.g.h.e.t.HttpTxExecutor - Sending request=simple_delay uri=http://localhost:8080/delay?duration=555: scenario=Acceptance test, userId=35
22:00:48.572 [DEBUG] i.g.h.c.i.HttpAppHandler - Write request WritableRequest{request=DefaultFullHttpRequest(decodeResult: success, version: HTTP/1.1, content: UnpooledByteBufAllocator$InstrumentedUnpooledUnsafeHeapByteBuf(ridx: 0, widx: 0, cap: 0))
GET /delay?duration=555 HTTP/1.1
Accept: */*
Content-Type: application/json;charset=UTF-8
Accept-Language: en-US,en;q=0.8,nl;q=0.6
User-Agent: Mozilla/5.0 (Windows NT 6.1; WOW64) AppleWebKit/537.36 (KHTML, like Gecko) Chrome/38.0.2125.111 Safari/537.36
accept-encoding: gzip,deflate,sdch
host: localhost:8080, content=null}
22:00:48.602 [DEBUG] i.g.h.e.t.HttpTxExecutor - Sending request=upload-file uri=http://localhost:8080/files/upload: scenario=Acceptance test, userId=40
22:00:48.603 [DEBUG] i.g.h.c.i.HttpAppHandler - Write request WritableRequest{request=DefaultHttpRequest(decodeResult: success, version: HTTP/1.1)
POST /files/upload HTTP/1.1
Accept: */*
Accept-Language: en-US,en;q=0.8,nl;q=0.6
User-Agent: Mozilla/5.0 (Windows NT 6.1; WOW64) AppleWebKit/537.36 (KHTML, like Gecko) Chrome/38.0.2125.111 Safari/537.36
accept-encoding: gzip,deflate,sdch
host: localhost:8080
content-type: multipart/form-data; boundary=9V0PoZcKU_9URT966T1qaECRv8nSBO2Ftdh
content-length: 220, content=io.gatling.http.client.body.multipart.impl.MultipartFileRegion@5cc3180a}
22:00:48.606 [DEBUG] i.g.h.c.i.HttpAppHandler - Read msg='DefaultHttpResponse(decodeResult: success, version: HTTP/1.1)
HTTP/1.1 200 
Content-Type: text/plain;charset=UTF-8
Content-Length: 62
Date: Wed, 29 Jan 2020 21:00:48 GMT'
22:00:48.607 [DEBUG] i.g.h.c.i.HttpAppHandler - Read msg='DefaultLastHttpContent(data: PooledSlicedByteBuf(ridx: 0, widx: 62, cap: 62/62, unwrapped: PooledUnsafeDirectByteBuf(ridx: 176, widx: 176, cap: 496)), decoderResult: success)'
22:00:48.607 [TRACE] i.g.h.e.r.DefaultStatsProcessor - 
>>>>>>>>>>>>>>>>>>>>>>>>>>
Request:
upload-file: OK 
=========================
Session:
Session(Acceptance test,40,1580331635552,Map(gatling.http.ssl.sslContexts -> SslContexts(io.netty.handler.ssl.JdkSslContext@50b8fa0c,None), gatling.http.cache.dns -> io.gatling.http.cache.DnsCacheSupport$$anon$1@5898ac4b, gatling.http.cache.baseUrl -> http://localhost:8080),11,OK,List(),io.gatling.core.protocol.ProtocolComponentsRegistry$$Lambda$598/0x000000084055d840@452b12e)
=========================
HTTP request:
POST http://localhost:8080/files/upload
headers=
Accept: */*
Accept-Language: en-US,en;q=0.8,nl;q=0.6
User-Agent: Mozilla/5.0 (Windows NT 6.1; WOW64) AppleWebKit/537.36 (KHTML, like Gecko) Chrome/38.0.2125.111 Safari/537.36
accept-encoding: gzip,deflate,sdch
host: localhost:8080
content-type: multipart/form-data; boundary=9V0PoZcKU_9URT966T1qaECRv8nSBO2Ftdh
content-length: 220
multipartBody=
ByteArrayPart: name=upload contentType=text/plain dispositionType=null charset=UTF-8 transferEncoding=null contentId=null filename=gatling-upload.txt
=========================
HTTP response:
status=
200 
headers= 
Content-Type: text/plain;charset=UTF-8
Content-Length: 62
Date: Wed, 29 Jan 2020 21:00:48 GMT

body=
File upload succeeded [gatling-upload.txt] of size [17] bytes.
<<<<<<<<<<<<<<<<<<<<<<<<<
22:00:48.607 [DEBUG] i.g.c.a.Exit - End user #40
22:00:48.608 [DEBUG] i.g.c.c.i.Injector - End user #40
22:00:48.681 [DEBUG] i.g.h.e.t.HttpTxExecutor - Sending request=simple_mini_leak uri=http://localhost:8080/memory/grow?objects=8&items=54: scenario=Acceptance test, userId=43
22:00:48.682 [DEBUG] i.g.h.c.i.HttpAppHandler - Write request WritableRequest{request=DefaultFullHttpRequest(decodeResult: success, version: HTTP/1.1, content: UnpooledByteBufAllocator$InstrumentedUnpooledUnsafeHeapByteBuf(ridx: 0, widx: 0, cap: 0))
GET /memory/grow?objects=8&items=54 HTTP/1.1
Accept: */*
Content-Type: application/json;charset=UTF-8
Accept-Language: en-US,en;q=0.8,nl;q=0.6
User-Agent: Mozilla/5.0 (Windows NT 6.1; WOW64) AppleWebKit/537.36 (KHTML, like Gecko) Chrome/38.0.2125.111 Safari/537.36
accept-encoding: gzip,deflate,sdch
host: localhost:8080, content=null}
22:00:48.689 [DEBUG] i.g.h.c.i.HttpAppHandler - Read msg='DefaultHttpResponse(decodeResult: success, version: HTTP/1.1)
HTTP/1.1 200 
Content-Type: application/json;charset=UTF-8
Transfer-Encoding: chunked
Date: Wed, 29 Jan 2020 21:00:48 GMT'
22:00:48.689 [DEBUG] i.g.h.c.i.HttpAppHandler - Read msg='DefaultHttpContent(data: PooledSlicedByteBuf(ridx: 0, widx: 144, cap: 144/144, unwrapped: PooledUnsafeDirectByteBuf(ridx: 278, widx: 278, cap: 512)), decoderResult: success)'
22:00:48.689 [DEBUG] i.g.h.c.i.HttpAppHandler - Read msg='EmptyLastHttpContent'
22:00:48.690 [TRACE] i.g.h.e.r.DefaultStatsProcessor - 
>>>>>>>>>>>>>>>>>>>>>>>>>>
Request:
simple_mini_leak: OK 
=========================
Session:
Session(Acceptance test,43,1580331637552,Map(gatling.http.ssl.sslContexts -> SslContexts(io.netty.handler.ssl.JdkSslContext@3fea3b45,None), gatling.http.cache.dns -> io.gatling.http.cache.DnsCacheSupport$$anon$1@5898ac4b, gatling.http.cache.baseUrl -> http://localhost:8080),22,OK,List(),io.gatling.core.protocol.ProtocolComponentsRegistry$$Lambda$598/0x000000084055d840@452b12e)
=========================
HTTP request:
GET http://localhost:8080/memory/grow?objects=8&items=54
headers=
Accept: */*
Content-Type: application/json;charset=UTF-8
Accept-Language: en-US,en;q=0.8,nl;q=0.6
User-Agent: Mozilla/5.0 (Windows NT 6.1; WOW64) AppleWebKit/537.36 (KHTML, like Gecko) Chrome/38.0.2125.111 Safari/537.36
accept-encoding: gzip,deflate,sdch
host: localhost:8080
=========================
HTTP response:
status=
200 
headers= 
Content-Type: application/json;charset=UTF-8
Transfer-Encoding: chunked
Date: Wed, 29 Jan 2020 21:00:48 GMT

body=
{"message":"Size of BigFatBastard list is now 11408 objects. It contains 616032 items.","name":"Simple-PropertiesFileName","durationInMillis":5}
<<<<<<<<<<<<<<<<<<<<<<<<<
22:00:48.690 [DEBUG] i.g.c.a.Pause - Pausing for 1650ms (real=1627ms)
22:00:48.742 [DEBUG] i.g.h.e.t.HttpTxExecutor - Sending request=upload-file uri=http://localhost:8080/files/upload: scenario=Acceptance test, userId=49
22:00:48.742 [DEBUG] i.g.h.c.i.HttpAppHandler - Write request WritableRequest{request=DefaultHttpRequest(decodeResult: success, version: HTTP/1.1)
POST /files/upload HTTP/1.1
Accept: */*
Accept-Language: en-US,en;q=0.8,nl;q=0.6
User-Agent: Mozilla/5.0 (Windows NT 6.1; WOW64) AppleWebKit/537.36 (KHTML, like Gecko) Chrome/38.0.2125.111 Safari/537.36
accept-encoding: gzip,deflate,sdch
host: localhost:8080
content-type: multipart/form-data; boundary=K0rrBJTsIKo-W3lNbWn2jct1ip7IRdhbHAV
content-length: 220, content=io.gatling.http.client.body.multipart.impl.MultipartFileRegion@63870ee5}
22:00:48.745 [DEBUG] i.g.h.c.i.HttpAppHandler - Read msg='DefaultHttpResponse(decodeResult: success, version: HTTP/1.1)
HTTP/1.1 200 
Content-Type: text/plain;charset=UTF-8
Content-Length: 62
Date: Wed, 29 Jan 2020 21:00:48 GMT'
22:00:48.746 [DEBUG] i.g.h.c.i.HttpAppHandler - Read msg='DefaultLastHttpContent(data: PooledSlicedByteBuf(ridx: 0, widx: 62, cap: 62/62, unwrapped: PooledUnsafeDirectByteBuf(ridx: 176, widx: 176, cap: 496)), decoderResult: success)'
22:00:48.747 [TRACE] i.g.h.e.r.DefaultStatsProcessor - 
>>>>>>>>>>>>>>>>>>>>>>>>>>
Request:
upload-file: OK 
=========================
Session:
Session(Acceptance test,49,1580331641552,Map(gatling.http.ssl.sslContexts -> SslContexts(io.netty.handler.ssl.JdkSslContext@732e3418,None), gatling.http.cache.dns -> io.gatling.http.cache.DnsCacheSupport$$anon$1@5898ac4b, gatling.http.cache.baseUrl -> http://localhost:8080),19,OK,List(),io.gatling.core.protocol.ProtocolComponentsRegistry$$Lambda$598/0x000000084055d840@452b12e)
=========================
HTTP request:
POST http://localhost:8080/files/upload
headers=
Accept: */*
Accept-Language: en-US,en;q=0.8,nl;q=0.6
User-Agent: Mozilla/5.0 (Windows NT 6.1; WOW64) AppleWebKit/537.36 (KHTML, like Gecko) Chrome/38.0.2125.111 Safari/537.36
accept-encoding: gzip,deflate,sdch
host: localhost:8080
content-type: multipart/form-data; boundary=K0rrBJTsIKo-W3lNbWn2jct1ip7IRdhbHAV
content-length: 220
multipartBody=
ByteArrayPart: name=upload contentType=text/plain dispositionType=null charset=UTF-8 transferEncoding=null contentId=null filename=gatling-upload.txt
=========================
HTTP response:
status=
200 
headers= 
Content-Type: text/plain;charset=UTF-8
Content-Length: 62
Date: Wed, 29 Jan 2020 21:00:48 GMT

body=
File upload succeeded [gatling-upload.txt] of size [17] bytes.
<<<<<<<<<<<<<<<<<<<<<<<<<
22:00:48.747 [DEBUG] i.g.c.a.Exit - End user #49
22:00:48.747 [DEBUG] i.g.c.c.i.Injector - End user #49
22:00:48.870 [DEBUG] i.g.h.c.i.HttpAppHandler - Read msg='DefaultHttpResponse(decodeResult: success, version: HTTP/1.1)
HTTP/1.1 200 
Content-Type: application/json;charset=UTF-8
Transfer-Encoding: chunked
Date: Wed, 29 Jan 2020 21:00:48 GMT'
22:00:48.870 [DEBUG] i.g.h.c.i.HttpAppHandler - Read msg='DefaultHttpContent(data: PooledSlicedByteBuf(ridx: 0, widx: 95, cap: 95/95, unwrapped: PooledUnsafeDirectByteBuf(ridx: 229, widx: 229, cap: 1024)), decoderResult: success)'
22:00:48.871 [DEBUG] i.g.h.c.i.HttpAppHandler - Read msg='EmptyLastHttpContent'
22:00:48.871 [TRACE] i.g.h.e.r.DefaultStatsProcessor - 
>>>>>>>>>>>>>>>>>>>>>>>>>>
Request:
simple_delay: OK 
=========================
Session:
Session(Acceptance test,53,1580331644052,Map(gatling.http.ssl.sslContexts -> SslContexts(io.netty.handler.ssl.JdkSslContext@6ed7ef47,None), gatling.http.cache.dns -> io.gatling.http.cache.DnsCacheSupport$$anon$1@5898ac4b, gatling.http.cache.baseUrl -> http://localhost:8080),18,OK,List(),io.gatling.core.protocol.ProtocolComponentsRegistry$$Lambda$598/0x000000084055d840@452b12e)
=========================
HTTP request:
GET http://localhost:8080/delay?duration=555
headers=
Accept: */*
Content-Type: application/json;charset=UTF-8
Accept-Language: en-US,en;q=0.8,nl;q=0.6
User-Agent: Mozilla/5.0 (Windows NT 6.1; WOW64) AppleWebKit/537.36 (KHTML, like Gecko) Chrome/38.0.2125.111 Safari/537.36
accept-encoding: gzip,deflate,sdch
host: localhost:8080
=========================
HTTP response:
status=
200 
headers= 
Content-Type: application/json;charset=UTF-8
Transfer-Encoding: chunked
Date: Wed, 29 Jan 2020 21:00:48 GMT

body=
{"message":"This was a delay of 555","name":"Simple-PropertiesFileName","durationInMillis":555}
<<<<<<<<<<<<<<<<<<<<<<<<<
22:00:48.872 [DEBUG] i.g.c.a.Pause - Pausing for 3626ms (real=3608ms)
22:00:49.130 [DEBUG] i.g.h.c.i.HttpAppHandler - Read msg='DefaultHttpResponse(decodeResult: success, version: HTTP/1.1)
HTTP/1.1 200 
Content-Type: application/json;charset=UTF-8
Transfer-Encoding: chunked
Date: Wed, 29 Jan 2020 21:00:48 GMT'
22:00:49.130 [DEBUG] i.g.h.c.i.HttpAppHandler - Read msg='DefaultHttpContent(data: PooledSlicedByteBuf(ridx: 0, widx: 95, cap: 95/95, unwrapped: PooledUnsafeDirectByteBuf(ridx: 229, widx: 234, cap: 1024)), decoderResult: success)'
22:00:49.130 [DEBUG] i.g.h.c.i.HttpAppHandler - Read msg='EmptyLastHttpContent'
22:00:49.131 [TRACE] i.g.h.e.r.DefaultStatsProcessor - 
>>>>>>>>>>>>>>>>>>>>>>>>>>
Request:
simple_delay: OK 
=========================
Session:
Session(Acceptance test,35,1580331632552,Map(gatling.http.ssl.sslContexts -> SslContexts(io.netty.handler.ssl.JdkSslContext@10b99dbc,None), gatling.http.cache.dns -> io.gatling.http.cache.DnsCacheSupport$$anon$1@5898ac4b, gatling.http.cache.baseUrl -> http://localhost:8080),20,OK,List(),io.gatling.core.protocol.ProtocolComponentsRegistry$$Lambda$598/0x000000084055d840@452b12e)
=========================
HTTP request:
GET http://localhost:8080/delay?duration=555
headers=
Accept: */*
Content-Type: application/json;charset=UTF-8
Accept-Language: en-US,en;q=0.8,nl;q=0.6
User-Agent: Mozilla/5.0 (Windows NT 6.1; WOW64) AppleWebKit/537.36 (KHTML, like Gecko) Chrome/38.0.2125.111 Safari/537.36
accept-encoding: gzip,deflate,sdch
host: localhost:8080
=========================
HTTP response:
status=
200 
headers= 
Content-Type: application/json;charset=UTF-8
Transfer-Encoding: chunked
Date: Wed, 29 Jan 2020 21:00:48 GMT

body=
{"message":"This was a delay of 555","name":"Simple-PropertiesFileName","durationInMillis":555}
<<<<<<<<<<<<<<<<<<<<<<<<<
22:00:49.131 [DEBUG] i.g.c.a.Pause - Pausing for 3614ms (real=3593ms)

================================================================================
2020-01-29 22:00:49                                          45s elapsed
---- Requests ------------------------------------------------------------------
> Global                                                   (OK=211    KO=1     )
> simple_cpu_burn                                          (OK=61     KO=0     )
> simple_delay                                             (OK=57     KO=0     )
> simple_mini_leak                                         (OK=47     KO=1     )
> upload-file                                              (OK=46     KO=0     )
---- Errors --------------------------------------------------------------------
> status.find.is(200), but actually found 500                         1 (100.0%)

---- Acceptance test -----------------------------------------------------------
[####--                                                                    ]  6%
          waiting: 629    / active: 15     / done: 46    
================================================================================

22:00:49.182 [DEBUG] i.g.h.e.t.HttpTxExecutor - Sending request=simple_mini_leak uri=http://localhost:8080/memory/grow?objects=8&items=54: scenario=Acceptance test, userId=54
22:00:49.183 [DEBUG] i.g.h.c.i.HttpAppHandler - Write request WritableRequest{request=DefaultFullHttpRequest(decodeResult: success, version: HTTP/1.1, content: UnpooledByteBufAllocator$InstrumentedUnpooledUnsafeHeapByteBuf(ridx: 0, widx: 0, cap: 0))
GET /memory/grow?objects=8&items=54 HTTP/1.1
Accept: */*
Content-Type: application/json;charset=UTF-8
Accept-Language: en-US,en;q=0.8,nl;q=0.6
User-Agent: Mozilla/5.0 (Windows NT 6.1; WOW64) AppleWebKit/537.36 (KHTML, like Gecko) Chrome/38.0.2125.111 Safari/537.36
accept-encoding: gzip,deflate,sdch
host: localhost:8080, content=null}
22:00:49.189 [DEBUG] i.g.h.c.i.HttpAppHandler - Read msg='DefaultHttpResponse(decodeResult: success, version: HTTP/1.1)
HTTP/1.1 200 
Content-Type: application/json;charset=UTF-8
Transfer-Encoding: chunked
Date: Wed, 29 Jan 2020 21:00:48 GMT'
22:00:49.189 [DEBUG] i.g.h.c.i.HttpAppHandler - Read msg='DefaultHttpContent(data: PooledSlicedByteBuf(ridx: 0, widx: 144, cap: 144/144, unwrapped: PooledUnsafeDirectByteBuf(ridx: 278, widx: 283, cap: 512)), decoderResult: success)'
22:00:49.189 [DEBUG] i.g.h.c.i.HttpAppHandler - Read msg='EmptyLastHttpContent'
22:00:49.190 [TRACE] i.g.h.e.r.DefaultStatsProcessor - 
>>>>>>>>>>>>>>>>>>>>>>>>>>
Request:
simple_mini_leak: OK 
=========================
Session:
Session(Acceptance test,54,1580331644551,Map(gatling.http.ssl.sslContexts -> SslContexts(io.netty.handler.ssl.JdkSslContext@5e9a61cf,None), gatling.http.cache.dns -> io.gatling.http.cache.DnsCacheSupport$$anon$1@5898ac4b, gatling.http.cache.baseUrl -> http://localhost:8080),22,OK,List(),io.gatling.core.protocol.ProtocolComponentsRegistry$$Lambda$598/0x000000084055d840@452b12e)
=========================
HTTP request:
GET http://localhost:8080/memory/grow?objects=8&items=54
headers=
Accept: */*
Content-Type: application/json;charset=UTF-8
Accept-Language: en-US,en;q=0.8,nl;q=0.6
User-Agent: Mozilla/5.0 (Windows NT 6.1; WOW64) AppleWebKit/537.36 (KHTML, like Gecko) Chrome/38.0.2125.111 Safari/537.36
accept-encoding: gzip,deflate,sdch
host: localhost:8080
=========================
HTTP response:
status=
200 
headers= 
Content-Type: application/json;charset=UTF-8
Transfer-Encoding: chunked
Date: Wed, 29 Jan 2020 21:00:48 GMT

body=
{"message":"Size of BigFatBastard list is now 11416 objects. It contains 616464 items.","name":"Simple-PropertiesFileName","durationInMillis":5}
<<<<<<<<<<<<<<<<<<<<<<<<<
22:00:49.190 [DEBUG] i.g.c.a.Pause - Pausing for 4149ms (real=4126ms)
22:00:49.552 [DEBUG] i.g.h.e.t.HttpTxExecutor - Sending request=simple_cpu_burn uri=http://localhost:8080/cpu/magic-identity-check?matrixSize=133: scenario=Acceptance test, userId=62
22:00:49.552 [DEBUG] i.g.c.c.i.o.OpenWorkload - Injecting 2 users in scenario Acceptance test, continue=true
22:00:49.552 [DEBUG] i.g.c.c.i.o.OpenWorkload - Start user #62
22:00:49.554 [DEBUG] i.g.h.c.i.HttpAppHandler - Write request WritableRequest{request=DefaultFullHttpRequest(decodeResult: success, version: HTTP/1.1, content: UnpooledByteBufAllocator$InstrumentedUnpooledUnsafeHeapByteBuf(ridx: 0, widx: 0, cap: 0))
GET /cpu/magic-identity-check?matrixSize=133 HTTP/1.1
Accept: */*
Content-Type: application/json;charset=UTF-8
Accept-Language: en-US,en;q=0.8,nl;q=0.6
User-Agent: Mozilla/5.0 (Windows NT 6.1; WOW64) AppleWebKit/537.36 (KHTML, like Gecko) Chrome/38.0.2125.111 Safari/537.36
accept-encoding: gzip,deflate,sdch
host: localhost:8080, content=null}
22:00:49.565 [DEBUG] i.g.h.c.i.HttpAppHandler - Read msg='DefaultHttpResponse(decodeResult: success, version: HTTP/1.1)
HTTP/1.1 200 
Content-Type: application/json;charset=UTF-8
Transfer-Encoding: chunked
Date: Wed, 29 Jan 2020 21:00:49 GMT'
22:00:49.566 [DEBUG] i.g.h.c.i.HttpAppHandler - Read msg='DefaultHttpContent(data: PooledSlicedByteBuf(ridx: 0, widx: 170, cap: 170/170, unwrapped: PooledUnsafeDirectByteBuf(ridx: 304, widx: 304, cap: 1024)), decoderResult: success)'
22:00:49.566 [DEBUG] i.g.h.c.i.HttpAppHandler - Read msg='EmptyLastHttpContent'
22:00:49.567 [TRACE] i.g.h.e.r.DefaultStatsProcessor - 
>>>>>>>>>>>>>>>>>>>>>>>>>>
Request:
simple_cpu_burn: OK 
=========================
Session:
Session(Acceptance test,62,1580331649552,Map(gatling.http.ssl.sslContexts -> SslContexts(io.netty.handler.ssl.JdkSslContext@666e4ed0,None), gatling.http.cache.dns -> io.gatling.http.cache.DnsCacheSupport$$anon$1@5898ac4b, gatling.http.cache.baseUrl -> http://localhost:8080),0,OK,List(),io.gatling.core.protocol.ProtocolComponentsRegistry$$Lambda$598/0x000000084055d840@452b12e)
=========================
HTTP request:
GET http://localhost:8080/cpu/magic-identity-check?matrixSize=133
headers=
Accept: */*
Content-Type: application/json;charset=UTF-8
Accept-Language: en-US,en;q=0.8,nl;q=0.6
User-Agent: Mozilla/5.0 (Windows NT 6.1; WOW64) AppleWebKit/537.36 (KHTML, like Gecko) Chrome/38.0.2125.111 Safari/537.36
accept-encoding: gzip,deflate,sdch
host: localhost:8080
=========================
HTTP response:
status=
200 
headers= 
Content-Type: application/json;charset=UTF-8
Transfer-Encoding: chunked
Date: Wed, 29 Jan 2020 21:00:49 GMT

body=
{"message":"A simple magic square multiplied by an identity square of size [133] [is equal] to the magic square.","name":"Simple-PropertiesFileName","durationInMillis":9}
<<<<<<<<<<<<<<<<<<<<<<<<<
22:00:49.567 [DEBUG] i.g.c.a.Pause - Pausing for 10522ms (real=10521ms)
22:00:49.962 [DEBUG] i.g.h.e.t.HttpTxExecutor - Sending request=upload-file uri=http://localhost:8080/files/upload: scenario=Acceptance test, userId=48
22:00:49.962 [DEBUG] i.g.h.c.i.HttpAppHandler - Write request WritableRequest{request=DefaultHttpRequest(decodeResult: success, version: HTTP/1.1)
POST /files/upload HTTP/1.1
Accept: */*
Accept-Language: en-US,en;q=0.8,nl;q=0.6
User-Agent: Mozilla/5.0 (Windows NT 6.1; WOW64) AppleWebKit/537.36 (KHTML, like Gecko) Chrome/38.0.2125.111 Safari/537.36
accept-encoding: gzip,deflate,sdch
host: localhost:8080
content-type: multipart/form-data; boundary=7UtxXwWuFzolA7pUkAOsD6f5zhxbHPwv__j
content-length: 220, content=io.gatling.http.client.body.multipart.impl.MultipartFileRegion@39000cb5}
22:00:49.965 [DEBUG] i.g.h.c.i.HttpAppHandler - Read msg='DefaultHttpResponse(decodeResult: success, version: HTTP/1.1)
HTTP/1.1 200 
Content-Type: text/plain;charset=UTF-8
Content-Length: 62
Date: Wed, 29 Jan 2020 21:00:49 GMT'
22:00:49.966 [DEBUG] i.g.h.c.i.HttpAppHandler - Read msg='DefaultLastHttpContent(data: PooledSlicedByteBuf(ridx: 0, widx: 62, cap: 62/62, unwrapped: PooledUnsafeDirectByteBuf(ridx: 176, widx: 176, cap: 512)), decoderResult: success)'
22:00:49.966 [TRACE] i.g.h.e.r.DefaultStatsProcessor - 
>>>>>>>>>>>>>>>>>>>>>>>>>>
Request:
upload-file: OK 
=========================
Session:
Session(Acceptance test,48,1580331641051,Map(gatling.http.ssl.sslContexts -> SslContexts(io.netty.handler.ssl.JdkSslContext@41049e27,None), gatling.http.cache.dns -> io.gatling.http.cache.DnsCacheSupport$$anon$1@5898ac4b, gatling.http.cache.baseUrl -> http://localhost:8080),18,OK,List(),io.gatling.core.protocol.ProtocolComponentsRegistry$$Lambda$598/0x000000084055d840@452b12e)
=========================
HTTP request:
POST http://localhost:8080/files/upload
headers=
Accept: */*
Accept-Language: en-US,en;q=0.8,nl;q=0.6
User-Agent: Mozilla/5.0 (Windows NT 6.1; WOW64) AppleWebKit/537.36 (KHTML, like Gecko) Chrome/38.0.2125.111 Safari/537.36
accept-encoding: gzip,deflate,sdch
host: localhost:8080
content-type: multipart/form-data; boundary=7UtxXwWuFzolA7pUkAOsD6f5zhxbHPwv__j
content-length: 220
multipartBody=
ByteArrayPart: name=upload contentType=text/plain dispositionType=null charset=UTF-8 transferEncoding=null contentId=null filename=gatling-upload.txt
=========================
HTTP response:
status=
200 
headers= 
Content-Type: text/plain;charset=UTF-8
Content-Length: 62
Date: Wed, 29 Jan 2020 21:00:49 GMT

body=
File upload succeeded [gatling-upload.txt] of size [17] bytes.
<<<<<<<<<<<<<<<<<<<<<<<<<
22:00:49.966 [DEBUG] i.g.c.a.Exit - End user #48
22:00:49.967 [DEBUG] i.g.c.c.i.Injector - End user #48
22:00:50.052 [DEBUG] i.g.h.e.t.HttpTxExecutor - Sending request=simple_cpu_burn uri=http://localhost:8080/cpu/magic-identity-check?matrixSize=133: scenario=Acceptance test, userId=63
22:00:50.052 [DEBUG] i.g.c.c.i.o.OpenWorkload - Start user #63
22:00:50.054 [DEBUG] i.g.h.c.i.HttpAppHandler - Write request WritableRequest{request=DefaultFullHttpRequest(decodeResult: success, version: HTTP/1.1, content: UnpooledByteBufAllocator$InstrumentedUnpooledUnsafeHeapByteBuf(ridx: 0, widx: 0, cap: 0))
GET /cpu/magic-identity-check?matrixSize=133 HTTP/1.1
Accept: */*
Content-Type: application/json;charset=UTF-8
Accept-Language: en-US,en;q=0.8,nl;q=0.6
User-Agent: Mozilla/5.0 (Windows NT 6.1; WOW64) AppleWebKit/537.36 (KHTML, like Gecko) Chrome/38.0.2125.111 Safari/537.36
accept-encoding: gzip,deflate,sdch
host: localhost:8080, content=null}
22:00:50.065 [DEBUG] i.g.h.c.i.HttpAppHandler - Read msg='DefaultHttpResponse(decodeResult: success, version: HTTP/1.1)
HTTP/1.1 200 
Content-Type: application/json;charset=UTF-8
Transfer-Encoding: chunked
Date: Wed, 29 Jan 2020 21:00:49 GMT'
22:00:50.065 [DEBUG] i.g.h.c.i.HttpAppHandler - Read msg='DefaultHttpContent(data: PooledSlicedByteBuf(ridx: 0, widx: 170, cap: 170/170, unwrapped: PooledUnsafeDirectByteBuf(ridx: 304, widx: 309, cap: 1024)), decoderResult: success)'
22:00:50.065 [DEBUG] i.g.h.c.i.HttpAppHandler - Read msg='EmptyLastHttpContent'
22:00:50.066 [TRACE] i.g.h.e.r.DefaultStatsProcessor - 
>>>>>>>>>>>>>>>>>>>>>>>>>>
Request:
simple_cpu_burn: OK 
=========================
Session:
Session(Acceptance test,63,1580331650051,Map(gatling.http.ssl.sslContexts -> SslContexts(io.netty.handler.ssl.JdkSslContext@2396ba9e,None), gatling.http.cache.dns -> io.gatling.http.cache.DnsCacheSupport$$anon$1@5898ac4b, gatling.http.cache.baseUrl -> http://localhost:8080),0,OK,List(),io.gatling.core.protocol.ProtocolComponentsRegistry$$Lambda$598/0x000000084055d840@452b12e)
=========================
HTTP request:
GET http://localhost:8080/cpu/magic-identity-check?matrixSize=133
headers=
Accept: */*
Content-Type: application/json;charset=UTF-8
Accept-Language: en-US,en;q=0.8,nl;q=0.6
User-Agent: Mozilla/5.0 (Windows NT 6.1; WOW64) AppleWebKit/537.36 (KHTML, like Gecko) Chrome/38.0.2125.111 Safari/537.36
accept-encoding: gzip,deflate,sdch
host: localhost:8080
=========================
HTTP response:
status=
200 
headers= 
Content-Type: application/json;charset=UTF-8
Transfer-Encoding: chunked
Date: Wed, 29 Jan 2020 21:00:49 GMT

body=
{"message":"A simple magic square multiplied by an identity square of size [133] [is equal] to the magic square.","name":"Simple-PropertiesFileName","durationInMillis":9}
<<<<<<<<<<<<<<<<<<<<<<<<<
22:00:50.066 [DEBUG] i.g.c.a.Pause - Pausing for 685ms (real=684ms)
22:00:50.132 [DEBUG] i.g.h.e.t.HttpTxExecutor - Sending request=simple_delay uri=http://localhost:8080/delay?duration=555: scenario=Acceptance test, userId=52
22:00:50.132 [DEBUG] i.g.h.c.i.HttpAppHandler - Write request WritableRequest{request=DefaultFullHttpRequest(decodeResult: success, version: HTTP/1.1, content: UnpooledByteBufAllocator$InstrumentedUnpooledUnsafeHeapByteBuf(ridx: 0, widx: 0, cap: 0))
GET /delay?duration=555 HTTP/1.1
Accept: */*
Content-Type: application/json;charset=UTF-8
Accept-Language: en-US,en;q=0.8,nl;q=0.6
User-Agent: Mozilla/5.0 (Windows NT 6.1; WOW64) AppleWebKit/537.36 (KHTML, like Gecko) Chrome/38.0.2125.111 Safari/537.36
accept-encoding: gzip,deflate,sdch
host: localhost:8080, content=null}
22:00:50.332 [DEBUG] i.g.h.e.t.HttpTxExecutor - Sending request=upload-file uri=http://localhost:8080/files/upload: scenario=Acceptance test, userId=43
22:00:50.333 [DEBUG] i.g.h.c.i.HttpAppHandler - Write request WritableRequest{request=DefaultHttpRequest(decodeResult: success, version: HTTP/1.1)
POST /files/upload HTTP/1.1
Accept: */*
Accept-Language: en-US,en;q=0.8,nl;q=0.6
User-Agent: Mozilla/5.0 (Windows NT 6.1; WOW64) AppleWebKit/537.36 (KHTML, like Gecko) Chrome/38.0.2125.111 Safari/537.36
accept-encoding: gzip,deflate,sdch
host: localhost:8080
content-type: multipart/form-data; boundary=3TnvLrbjm8izOZAvSjxoWi4fyIjqIishIg7
content-length: 220, content=io.gatling.http.client.body.multipart.impl.MultipartFileRegion@4244084f}
22:00:50.335 [DEBUG] i.g.h.c.i.HttpAppHandler - Read msg='DefaultHttpResponse(decodeResult: success, version: HTTP/1.1)
HTTP/1.1 200 
Content-Type: text/plain;charset=UTF-8
Content-Length: 62
Date: Wed, 29 Jan 2020 21:00:49 GMT'
22:00:50.335 [DEBUG] i.g.h.c.i.HttpAppHandler - Read msg='DefaultLastHttpContent(data: PooledSlicedByteBuf(ridx: 0, widx: 62, cap: 62/62, unwrapped: PooledUnsafeDirectByteBuf(ridx: 176, widx: 176, cap: 496)), decoderResult: success)'
22:00:50.336 [TRACE] i.g.h.e.r.DefaultStatsProcessor - 
>>>>>>>>>>>>>>>>>>>>>>>>>>
Request:
upload-file: OK 
=========================
Session:
Session(Acceptance test,43,1580331637552,Map(gatling.http.ssl.sslContexts -> SslContexts(io.netty.handler.ssl.JdkSslContext@3fea3b45,None), gatling.http.cache.dns -> io.gatling.http.cache.DnsCacheSupport$$anon$1@5898ac4b, gatling.http.cache.baseUrl -> http://localhost:8080),14,OK,List(),io.gatling.core.protocol.ProtocolComponentsRegistry$$Lambda$598/0x000000084055d840@452b12e)
=========================
HTTP request:
POST http://localhost:8080/files/upload
headers=
Accept: */*
Accept-Language: en-US,en;q=0.8,nl;q=0.6
User-Agent: Mozilla/5.0 (Windows NT 6.1; WOW64) AppleWebKit/537.36 (KHTML, like Gecko) Chrome/38.0.2125.111 Safari/537.36
accept-encoding: gzip,deflate,sdch
host: localhost:8080
content-type: multipart/form-data; boundary=3TnvLrbjm8izOZAvSjxoWi4fyIjqIishIg7
content-length: 220
multipartBody=
ByteArrayPart: name=upload contentType=text/plain dispositionType=null charset=UTF-8 transferEncoding=null contentId=null filename=gatling-upload.txt
=========================
HTTP response:
status=
200 
headers= 
Content-Type: text/plain;charset=UTF-8
Content-Length: 62
Date: Wed, 29 Jan 2020 21:00:49 GMT

body=
File upload succeeded [gatling-upload.txt] of size [17] bytes.
<<<<<<<<<<<<<<<<<<<<<<<<<
22:00:50.336 [DEBUG] i.g.c.a.Exit - End user #43
22:00:50.336 [DEBUG] i.g.c.c.i.Injector - End user #43
22:00:50.462 [DEBUG] i.g.h.e.t.HttpTxExecutor - Sending request=simple_mini_leak uri=http://localhost:8080/memory/grow?objects=8&items=54: scenario=Acceptance test, userId=58
22:00:50.462 [DEBUG] i.g.h.c.i.HttpAppHandler - Write request WritableRequest{request=DefaultFullHttpRequest(decodeResult: success, version: HTTP/1.1, content: UnpooledByteBufAllocator$InstrumentedUnpooledUnsafeHeapByteBuf(ridx: 0, widx: 0, cap: 0))
GET /memory/grow?objects=8&items=54 HTTP/1.1
Accept: */*
Content-Type: application/json;charset=UTF-8
Accept-Language: en-US,en;q=0.8,nl;q=0.6
User-Agent: Mozilla/5.0 (Windows NT 6.1; WOW64) AppleWebKit/537.36 (KHTML, like Gecko) Chrome/38.0.2125.111 Safari/537.36
accept-encoding: gzip,deflate,sdch
host: localhost:8080, content=null}
22:00:50.466 [DEBUG] i.g.h.c.i.HttpAppHandler - Read msg='DefaultHttpResponse(decodeResult: success, version: HTTP/1.1)
HTTP/1.1 200 
Content-Type: application/json;charset=UTF-8
Transfer-Encoding: chunked
Date: Wed, 29 Jan 2020 21:00:49 GMT'
22:00:50.466 [DEBUG] i.g.h.c.i.HttpAppHandler - Read msg='DefaultHttpContent(data: PooledSlicedByteBuf(ridx: 0, widx: 144, cap: 144/144, unwrapped: PooledUnsafeDirectByteBuf(ridx: 278, widx: 283, cap: 512)), decoderResult: success)'
22:00:50.466 [DEBUG] i.g.h.c.i.HttpAppHandler - Read msg='EmptyLastHttpContent'
22:00:50.467 [TRACE] i.g.h.e.r.DefaultStatsProcessor - 
>>>>>>>>>>>>>>>>>>>>>>>>>>
Request:
simple_mini_leak: OK 
=========================
Session:
Session(Acceptance test,58,1580331647051,Map(gatling.http.ssl.sslContexts -> SslContexts(io.netty.handler.ssl.JdkSslContext@2d369d9a,None), gatling.http.cache.dns -> io.gatling.http.cache.DnsCacheSupport$$anon$1@5898ac4b, gatling.http.cache.baseUrl -> http://localhost:8080),25,OK,List(),io.gatling.core.protocol.ProtocolComponentsRegistry$$Lambda$598/0x000000084055d840@452b12e)
=========================
HTTP request:
GET http://localhost:8080/memory/grow?objects=8&items=54
headers=
Accept: */*
Content-Type: application/json;charset=UTF-8
Accept-Language: en-US,en;q=0.8,nl;q=0.6
User-Agent: Mozilla/5.0 (Windows NT 6.1; WOW64) AppleWebKit/537.36 (KHTML, like Gecko) Chrome/38.0.2125.111 Safari/537.36
accept-encoding: gzip,deflate,sdch
host: localhost:8080
=========================
HTTP response:
status=
200 
headers= 
Content-Type: application/json;charset=UTF-8
Transfer-Encoding: chunked
Date: Wed, 29 Jan 2020 21:00:49 GMT

body=
{"message":"Size of BigFatBastard list is now 11424 objects. It contains 616896 items.","name":"Simple-PropertiesFileName","durationInMillis":3}
<<<<<<<<<<<<<<<<<<<<<<<<<
22:00:50.467 [DEBUG] i.g.c.a.Pause - Pausing for 1935ms (real=1909ms)
22:00:50.531 [DEBUG] i.g.h.e.t.HttpTxExecutor - Sending request=simple_mini_leak uri=http://localhost:8080/memory/grow?objects=8&items=54: scenario=Acceptance test, userId=39
22:00:50.532 [DEBUG] i.g.h.c.i.HttpAppHandler - Write request WritableRequest{request=DefaultFullHttpRequest(decodeResult: success, version: HTTP/1.1, content: UnpooledByteBufAllocator$InstrumentedUnpooledUnsafeHeapByteBuf(ridx: 0, widx: 0, cap: 0))
GET /memory/grow?objects=8&items=54 HTTP/1.1
Accept: */*
Content-Type: application/json;charset=UTF-8
Accept-Language: en-US,en;q=0.8,nl;q=0.6
User-Agent: Mozilla/5.0 (Windows NT 6.1; WOW64) AppleWebKit/537.36 (KHTML, like Gecko) Chrome/38.0.2125.111 Safari/537.36
accept-encoding: gzip,deflate,sdch
host: localhost:8080, content=null}
22:00:50.537 [DEBUG] i.g.h.c.i.HttpAppHandler - Read msg='DefaultHttpResponse(decodeResult: success, version: HTTP/1.1)
HTTP/1.1 200 
Content-Type: application/json;charset=UTF-8
Transfer-Encoding: chunked
Date: Wed, 29 Jan 2020 21:00:49 GMT'
22:00:50.537 [DEBUG] i.g.h.c.i.HttpAppHandler - Read msg='DefaultHttpContent(data: PooledSlicedByteBuf(ridx: 0, widx: 144, cap: 144/144, unwrapped: PooledUnsafeDirectByteBuf(ridx: 278, widx: 283, cap: 496)), decoderResult: success)'
22:00:50.537 [DEBUG] i.g.h.c.i.HttpAppHandler - Read msg='EmptyLastHttpContent'
22:00:50.537 [TRACE] i.g.h.e.r.DefaultStatsProcessor - 
>>>>>>>>>>>>>>>>>>>>>>>>>>
Request:
simple_mini_leak: OK 
=========================
Session:
Session(Acceptance test,39,1580331635052,Map(gatling.http.ssl.sslContexts -> SslContexts(io.netty.handler.ssl.JdkSslContext@14d54c9c,None), gatling.http.cache.dns -> io.gatling.http.cache.DnsCacheSupport$$anon$1@5898ac4b, gatling.http.cache.baseUrl -> http://localhost:8080),12,OK,List(),io.gatling.core.protocol.ProtocolComponentsRegistry$$Lambda$598/0x000000084055d840@452b12e)
=========================
HTTP request:
GET http://localhost:8080/memory/grow?objects=8&items=54
headers=
Accept: */*
Content-Type: application/json;charset=UTF-8
Accept-Language: en-US,en;q=0.8,nl;q=0.6
User-Agent: Mozilla/5.0 (Windows NT 6.1; WOW64) AppleWebKit/537.36 (KHTML, like Gecko) Chrome/38.0.2125.111 Safari/537.36
accept-encoding: gzip,deflate,sdch
host: localhost:8080
=========================
HTTP response:
status=
200 
headers= 
Content-Type: application/json;charset=UTF-8
Transfer-Encoding: chunked
Date: Wed, 29 Jan 2020 21:00:49 GMT

body=
{"message":"Size of BigFatBastard list is now 11432 objects. It contains 617328 items.","name":"Simple-PropertiesFileName","durationInMillis":3}
<<<<<<<<<<<<<<<<<<<<<<<<<
22:00:50.537 [DEBUG] i.g.c.a.Pause - Pausing for 2493ms (real=2481ms)
22:00:50.552 [DEBUG] i.g.c.c.i.o.OpenWorkload - Injecting 2 users in scenario Acceptance test, continue=true
22:00:50.552 [DEBUG] i.g.h.e.t.HttpTxExecutor - Sending request=simple_cpu_burn uri=http://localhost:8080/cpu/magic-identity-check?matrixSize=133: scenario=Acceptance test, userId=64
22:00:50.552 [DEBUG] i.g.c.c.i.o.OpenWorkload - Start user #64
22:00:50.552 [DEBUG] i.g.h.c.i.HttpAppHandler - Write request WritableRequest{request=DefaultFullHttpRequest(decodeResult: success, version: HTTP/1.1, content: UnpooledByteBufAllocator$InstrumentedUnpooledUnsafeHeapByteBuf(ridx: 0, widx: 0, cap: 0))
GET /cpu/magic-identity-check?matrixSize=133 HTTP/1.1
Accept: */*
Content-Type: application/json;charset=UTF-8
Accept-Language: en-US,en;q=0.8,nl;q=0.6
User-Agent: Mozilla/5.0 (Windows NT 6.1; WOW64) AppleWebKit/537.36 (KHTML, like Gecko) Chrome/38.0.2125.111 Safari/537.36
accept-encoding: gzip,deflate,sdch
host: localhost:8080, content=null}
22:00:50.556 [DEBUG] i.g.h.c.i.HttpAppHandler - Read msg='DefaultHttpResponse(decodeResult: success, version: HTTP/1.1)
HTTP/1.1 200 
Content-Type: application/json;charset=UTF-8
Transfer-Encoding: chunked
Date: Wed, 29 Jan 2020 21:00:49 GMT'
22:00:50.556 [DEBUG] i.g.h.c.i.HttpAppHandler - Read msg='DefaultHttpContent(data: PooledSlicedByteBuf(ridx: 0, widx: 170, cap: 170/170, unwrapped: PooledUnsafeDirectByteBuf(ridx: 304, widx: 304, cap: 1024)), decoderResult: success)'
22:00:50.556 [DEBUG] i.g.h.c.i.HttpAppHandler - Read msg='EmptyLastHttpContent'
22:00:50.556 [TRACE] i.g.h.e.r.DefaultStatsProcessor - 
>>>>>>>>>>>>>>>>>>>>>>>>>>
Request:
simple_cpu_burn: OK 
=========================
Session:
Session(Acceptance test,64,1580331650551,Map(gatling.http.ssl.sslContexts -> SslContexts(io.netty.handler.ssl.JdkSslContext@48ca3c51,None), gatling.http.cache.dns -> io.gatling.http.cache.DnsCacheSupport$$anon$1@5898ac4b, gatling.http.cache.baseUrl -> http://localhost:8080),0,OK,List(),io.gatling.core.protocol.ProtocolComponentsRegistry$$Lambda$598/0x000000084055d840@452b12e)
=========================
HTTP request:
GET http://localhost:8080/cpu/magic-identity-check?matrixSize=133
headers=
Accept: */*
Content-Type: application/json;charset=UTF-8
Accept-Language: en-US,en;q=0.8,nl;q=0.6
User-Agent: Mozilla/5.0 (Windows NT 6.1; WOW64) AppleWebKit/537.36 (KHTML, like Gecko) Chrome/38.0.2125.111 Safari/537.36
accept-encoding: gzip,deflate,sdch
host: localhost:8080
=========================
HTTP response:
status=
200 
headers= 
Content-Type: application/json;charset=UTF-8
Transfer-Encoding: chunked
Date: Wed, 29 Jan 2020 21:00:49 GMT

body=
{"message":"A simple magic square multiplied by an identity square of size [133] [is equal] to the magic square.","name":"Simple-PropertiesFileName","durationInMillis":3}
<<<<<<<<<<<<<<<<<<<<<<<<<
22:00:50.556 [DEBUG] i.g.c.a.Pause - Pausing for 169ms (real=169ms)
22:00:50.690 [DEBUG] i.g.h.c.i.HttpAppHandler - Read msg='DefaultHttpResponse(decodeResult: success, version: HTTP/1.1)
HTTP/1.1 200 
Content-Type: application/json;charset=UTF-8
Transfer-Encoding: chunked
Date: Wed, 29 Jan 2020 21:00:50 GMT'
22:00:50.690 [DEBUG] i.g.h.c.i.HttpAppHandler - Read msg='DefaultHttpContent(data: PooledSlicedByteBuf(ridx: 0, widx: 95, cap: 95/95, unwrapped: PooledUnsafeDirectByteBuf(ridx: 229, widx: 229, cap: 1024)), decoderResult: success)'
22:00:50.690 [DEBUG] i.g.h.c.i.HttpAppHandler - Read msg='EmptyLastHttpContent'
22:00:50.691 [TRACE] i.g.h.e.r.DefaultStatsProcessor - 
>>>>>>>>>>>>>>>>>>>>>>>>>>
Request:
simple_delay: OK 
=========================
Session:
Session(Acceptance test,52,1580331643552,Map(gatling.http.ssl.sslContexts -> SslContexts(io.netty.handler.ssl.JdkSslContext@62c412d3,None), gatling.http.cache.dns -> io.gatling.http.cache.DnsCacheSupport$$anon$1@5898ac4b, gatling.http.cache.baseUrl -> http://localhost:8080),23,OK,List(),io.gatling.core.protocol.ProtocolComponentsRegistry$$Lambda$598/0x000000084055d840@452b12e)
=========================
HTTP request:
GET http://localhost:8080/delay?duration=555
headers=
Accept: */*
Content-Type: application/json;charset=UTF-8
Accept-Language: en-US,en;q=0.8,nl;q=0.6
User-Agent: Mozilla/5.0 (Windows NT 6.1; WOW64) AppleWebKit/537.36 (KHTML, like Gecko) Chrome/38.0.2125.111 Safari/537.36
accept-encoding: gzip,deflate,sdch
host: localhost:8080
=========================
HTTP response:
status=
200 
headers= 
Content-Type: application/json;charset=UTF-8
Transfer-Encoding: chunked
Date: Wed, 29 Jan 2020 21:00:50 GMT

body=
{"message":"This was a delay of 555","name":"Simple-PropertiesFileName","durationInMillis":555}
<<<<<<<<<<<<<<<<<<<<<<<<<
22:00:50.691 [DEBUG] i.g.c.a.Pause - Pausing for 1155ms (real=1131ms)
22:00:50.701 [DEBUG] i.g.h.e.t.HttpTxExecutor - Sending request=simple_delay uri=http://localhost:8080/delay?duration=555: scenario=Acceptance test, userId=61
22:00:50.702 [DEBUG] i.g.h.c.i.HttpAppHandler - Write request WritableRequest{request=DefaultFullHttpRequest(decodeResult: success, version: HTTP/1.1, content: UnpooledByteBufAllocator$InstrumentedUnpooledUnsafeHeapByteBuf(ridx: 0, widx: 0, cap: 0))
GET /delay?duration=555 HTTP/1.1
Accept: */*
Content-Type: application/json;charset=UTF-8
Accept-Language: en-US,en;q=0.8,nl;q=0.6
User-Agent: Mozilla/5.0 (Windows NT 6.1; WOW64) AppleWebKit/537.36 (KHTML, like Gecko) Chrome/38.0.2125.111 Safari/537.36
accept-encoding: gzip,deflate,sdch
host: localhost:8080, content=null}
22:00:50.742 [DEBUG] i.g.h.e.t.HttpTxExecutor - Sending request=simple_delay uri=http://localhost:8080/delay?duration=555: scenario=Acceptance test, userId=64
22:00:50.743 [DEBUG] i.g.h.c.i.HttpAppHandler - Write request WritableRequest{request=DefaultFullHttpRequest(decodeResult: success, version: HTTP/1.1, content: UnpooledByteBufAllocator$InstrumentedUnpooledUnsafeHeapByteBuf(ridx: 0, widx: 0, cap: 0))
GET /delay?duration=555 HTTP/1.1
Accept: */*
Content-Type: application/json;charset=UTF-8
Accept-Language: en-US,en;q=0.8,nl;q=0.6
User-Agent: Mozilla/5.0 (Windows NT 6.1; WOW64) AppleWebKit/537.36 (KHTML, like Gecko) Chrome/38.0.2125.111 Safari/537.36
accept-encoding: gzip,deflate,sdch
host: localhost:8080, content=null}
22:00:50.772 [DEBUG] i.g.h.e.t.HttpTxExecutor - Sending request=simple_delay uri=http://localhost:8080/delay?duration=555: scenario=Acceptance test, userId=63
22:00:50.772 [DEBUG] i.g.h.c.i.HttpAppHandler - Write request WritableRequest{request=DefaultFullHttpRequest(decodeResult: success, version: HTTP/1.1, content: UnpooledByteBufAllocator$InstrumentedUnpooledUnsafeHeapByteBuf(ridx: 0, widx: 0, cap: 0))
GET /delay?duration=555 HTTP/1.1
Accept: */*
Content-Type: application/json;charset=UTF-8
Accept-Language: en-US,en;q=0.8,nl;q=0.6
User-Agent: Mozilla/5.0 (Windows NT 6.1; WOW64) AppleWebKit/537.36 (KHTML, like Gecko) Chrome/38.0.2125.111 Safari/537.36
accept-encoding: gzip,deflate,sdch
host: localhost:8080, content=null}
22:00:50.782 [DEBUG] i.g.h.e.t.HttpTxExecutor - Sending request=simple_mini_leak uri=http://localhost:8080/memory/grow?objects=8&items=54: scenario=Acceptance test, userId=57
22:00:50.782 [DEBUG] i.g.h.c.i.HttpAppHandler - Write request WritableRequest{request=DefaultFullHttpRequest(decodeResult: success, version: HTTP/1.1, content: UnpooledByteBufAllocator$InstrumentedUnpooledUnsafeHeapByteBuf(ridx: 0, widx: 0, cap: 0))
GET /memory/grow?objects=8&items=54 HTTP/1.1
Accept: */*
Content-Type: application/json;charset=UTF-8
Accept-Language: en-US,en;q=0.8,nl;q=0.6
User-Agent: Mozilla/5.0 (Windows NT 6.1; WOW64) AppleWebKit/537.36 (KHTML, like Gecko) Chrome/38.0.2125.111 Safari/537.36
accept-encoding: gzip,deflate,sdch
host: localhost:8080, content=null}
22:00:50.789 [DEBUG] i.g.h.c.i.HttpAppHandler - Read msg='DefaultHttpResponse(decodeResult: success, version: HTTP/1.1)
HTTP/1.1 200 
Content-Type: application/json;charset=UTF-8
Transfer-Encoding: chunked
Date: Wed, 29 Jan 2020 21:00:50 GMT'
22:00:50.789 [DEBUG] i.g.h.c.i.HttpAppHandler - Read msg='DefaultHttpContent(data: PooledSlicedByteBuf(ridx: 0, widx: 144, cap: 144/144, unwrapped: PooledUnsafeDirectByteBuf(ridx: 278, widx: 283, cap: 512)), decoderResult: success)'
22:00:50.789 [DEBUG] i.g.h.c.i.HttpAppHandler - Read msg='EmptyLastHttpContent'
22:00:50.790 [TRACE] i.g.h.e.r.DefaultStatsProcessor - 
>>>>>>>>>>>>>>>>>>>>>>>>>>
Request:
simple_mini_leak: OK 
=========================
Session:
Session(Acceptance test,57,1580331646551,Map(gatling.http.ssl.sslContexts -> SslContexts(io.netty.handler.ssl.JdkSslContext@3f79603b,None), gatling.http.cache.dns -> io.gatling.http.cache.DnsCacheSupport$$anon$1@5898ac4b, gatling.http.cache.baseUrl -> http://localhost:8080),16,OK,List(),io.gatling.core.protocol.ProtocolComponentsRegistry$$Lambda$598/0x000000084055d840@452b12e)
=========================
HTTP request:
GET http://localhost:8080/memory/grow?objects=8&items=54
headers=
Accept: */*
Content-Type: application/json;charset=UTF-8
Accept-Language: en-US,en;q=0.8,nl;q=0.6
User-Agent: Mozilla/5.0 (Windows NT 6.1; WOW64) AppleWebKit/537.36 (KHTML, like Gecko) Chrome/38.0.2125.111 Safari/537.36
accept-encoding: gzip,deflate,sdch
host: localhost:8080
=========================
HTTP response:
status=
200 
headers= 
Content-Type: application/json;charset=UTF-8
Transfer-Encoding: chunked
Date: Wed, 29 Jan 2020 21:00:50 GMT

body=
{"message":"Size of BigFatBastard list is now 11440 objects. It contains 617760 items.","name":"Simple-PropertiesFileName","durationInMillis":5}
<<<<<<<<<<<<<<<<<<<<<<<<<
22:00:50.790 [DEBUG] i.g.c.a.Pause - Pausing for 3373ms (real=3357ms)
22:00:51.052 [DEBUG] i.g.h.e.t.HttpTxExecutor - Sending request=simple_cpu_burn uri=http://localhost:8080/cpu/magic-identity-check?matrixSize=133: scenario=Acceptance test, userId=65
22:00:51.052 [DEBUG] i.g.c.c.i.o.OpenWorkload - Start user #65
22:00:51.053 [DEBUG] i.g.h.c.i.HttpAppHandler - Write request WritableRequest{request=DefaultFullHttpRequest(decodeResult: success, version: HTTP/1.1, content: UnpooledByteBufAllocator$InstrumentedUnpooledUnsafeHeapByteBuf(ridx: 0, widx: 0, cap: 0))
GET /cpu/magic-identity-check?matrixSize=133 HTTP/1.1
Accept: */*
Content-Type: application/json;charset=UTF-8
Accept-Language: en-US,en;q=0.8,nl;q=0.6
User-Agent: Mozilla/5.0 (Windows NT 6.1; WOW64) AppleWebKit/537.36 (KHTML, like Gecko) Chrome/38.0.2125.111 Safari/537.36
accept-encoding: gzip,deflate,sdch
host: localhost:8080, content=null}
22:00:51.057 [DEBUG] i.g.h.c.i.HttpAppHandler - Read msg='DefaultHttpResponse(decodeResult: success, version: HTTP/1.1)
HTTP/1.1 200 
Content-Type: application/json;charset=UTF-8
Transfer-Encoding: chunked
Date: Wed, 29 Jan 2020 21:00:50 GMT'
22:00:51.057 [DEBUG] i.g.h.c.i.HttpAppHandler - Read msg='DefaultHttpContent(data: PooledSlicedByteBuf(ridx: 0, widx: 170, cap: 170/170, unwrapped: PooledUnsafeDirectByteBuf(ridx: 304, widx: 309, cap: 1024)), decoderResult: success)'
22:00:51.057 [DEBUG] i.g.h.c.i.HttpAppHandler - Read msg='EmptyLastHttpContent'
22:00:51.058 [TRACE] i.g.h.e.r.DefaultStatsProcessor - 
>>>>>>>>>>>>>>>>>>>>>>>>>>
Request:
simple_cpu_burn: OK 
=========================
Session:
Session(Acceptance test,65,1580331651052,Map(gatling.http.ssl.sslContexts -> SslContexts(io.netty.handler.ssl.JdkSslContext@6183443e,None), gatling.http.cache.dns -> io.gatling.http.cache.DnsCacheSupport$$anon$1@5898ac4b, gatling.http.cache.baseUrl -> http://localhost:8080),0,OK,List(),io.gatling.core.protocol.ProtocolComponentsRegistry$$Lambda$598/0x000000084055d840@452b12e)
=========================
HTTP request:
GET http://localhost:8080/cpu/magic-identity-check?matrixSize=133
headers=
Accept: */*
Content-Type: application/json;charset=UTF-8
Accept-Language: en-US,en;q=0.8,nl;q=0.6
User-Agent: Mozilla/5.0 (Windows NT 6.1; WOW64) AppleWebKit/537.36 (KHTML, like Gecko) Chrome/38.0.2125.111 Safari/537.36
accept-encoding: gzip,deflate,sdch
host: localhost:8080
=========================
HTTP response:
status=
200 
headers= 
Content-Type: application/json;charset=UTF-8
Transfer-Encoding: chunked
Date: Wed, 29 Jan 2020 21:00:50 GMT

body=
{"message":"A simple magic square multiplied by an identity square of size [133] [is equal] to the magic square.","name":"Simple-PropertiesFileName","durationInMillis":3}
<<<<<<<<<<<<<<<<<<<<<<<<<
22:00:51.058 [DEBUG] i.g.c.a.Pause - Pausing for 2639ms (real=2638ms)
22:00:51.259 [DEBUG] i.g.h.c.i.HttpAppHandler - Read msg='DefaultHttpResponse(decodeResult: success, version: HTTP/1.1)
HTTP/1.1 200 
Content-Type: application/json;charset=UTF-8
Transfer-Encoding: chunked
Date: Wed, 29 Jan 2020 21:00:50 GMT'
22:00:51.260 [DEBUG] i.g.h.c.i.HttpAppHandler - Read msg='DefaultHttpContent(data: PooledSlicedByteBuf(ridx: 0, widx: 95, cap: 95/95, unwrapped: PooledUnsafeDirectByteBuf(ridx: 229, widx: 234, cap: 512)), decoderResult: success)'
22:00:51.260 [DEBUG] i.g.h.c.i.HttpAppHandler - Read msg='EmptyLastHttpContent'
22:00:51.260 [TRACE] i.g.h.e.r.DefaultStatsProcessor - 
>>>>>>>>>>>>>>>>>>>>>>>>>>
Request:
simple_delay: OK 
=========================
Session:
Session(Acceptance test,61,1580331648551,Map(gatling.http.ssl.sslContexts -> SslContexts(io.netty.handler.ssl.JdkSslContext@6aaa8268,None), gatling.http.cache.dns -> io.gatling.http.cache.DnsCacheSupport$$anon$1@5898ac4b, gatling.http.cache.baseUrl -> http://localhost:8080),25,OK,List(),io.gatling.core.protocol.ProtocolComponentsRegistry$$Lambda$598/0x000000084055d840@452b12e)
=========================
HTTP request:
GET http://localhost:8080/delay?duration=555
headers=
Accept: */*
Content-Type: application/json;charset=UTF-8
Accept-Language: en-US,en;q=0.8,nl;q=0.6
User-Agent: Mozilla/5.0 (Windows NT 6.1; WOW64) AppleWebKit/537.36 (KHTML, like Gecko) Chrome/38.0.2125.111 Safari/537.36
accept-encoding: gzip,deflate,sdch
host: localhost:8080
=========================
HTTP response:
status=
200 
headers= 
Content-Type: application/json;charset=UTF-8
Transfer-Encoding: chunked
Date: Wed, 29 Jan 2020 21:00:50 GMT

body=
{"message":"This was a delay of 555","name":"Simple-PropertiesFileName","durationInMillis":555}
<<<<<<<<<<<<<<<<<<<<<<<<<
22:00:51.261 [DEBUG] i.g.c.a.Pause - Pausing for 3208ms (real=3183ms)
22:00:51.300 [DEBUG] i.g.h.c.i.HttpAppHandler - Read msg='DefaultHttpResponse(decodeResult: success, version: HTTP/1.1)
HTTP/1.1 200 
Content-Type: application/json;charset=UTF-8
Transfer-Encoding: chunked
Date: Wed, 29 Jan 2020 21:00:50 GMT'
22:00:51.300 [DEBUG] i.g.h.c.i.HttpAppHandler - Read msg='DefaultHttpContent(data: PooledSlicedByteBuf(ridx: 0, widx: 95, cap: 95/95, unwrapped: PooledUnsafeDirectByteBuf(ridx: 229, widx: 234, cap: 512)), decoderResult: success)'
22:00:51.300 [DEBUG] i.g.h.c.i.HttpAppHandler - Read msg='EmptyLastHttpContent'
22:00:51.301 [TRACE] i.g.h.e.r.DefaultStatsProcessor - 
>>>>>>>>>>>>>>>>>>>>>>>>>>
Request:
simple_delay: OK 
=========================
Session:
Session(Acceptance test,64,1580331650551,Map(gatling.http.ssl.sslContexts -> SslContexts(io.netty.handler.ssl.JdkSslContext@48ca3c51,None), gatling.http.cache.dns -> io.gatling.http.cache.DnsCacheSupport$$anon$1@5898ac4b, gatling.http.cache.baseUrl -> http://localhost:8080),17,OK,List(),io.gatling.core.protocol.ProtocolComponentsRegistry$$Lambda$598/0x000000084055d840@452b12e)
=========================
HTTP request:
GET http://localhost:8080/delay?duration=555
headers=
Accept: */*
Content-Type: application/json;charset=UTF-8
Accept-Language: en-US,en;q=0.8,nl;q=0.6
User-Agent: Mozilla/5.0 (Windows NT 6.1; WOW64) AppleWebKit/537.36 (KHTML, like Gecko) Chrome/38.0.2125.111 Safari/537.36
accept-encoding: gzip,deflate,sdch
host: localhost:8080
=========================
HTTP response:
status=
200 
headers= 
Content-Type: application/json;charset=UTF-8
Transfer-Encoding: chunked
Date: Wed, 29 Jan 2020 21:00:50 GMT

body=
{"message":"This was a delay of 555","name":"Simple-PropertiesFileName","durationInMillis":555}
<<<<<<<<<<<<<<<<<<<<<<<<<
22:00:51.301 [DEBUG] i.g.c.a.Pause - Pausing for 532ms (real=514ms)
22:00:51.329 [DEBUG] i.g.h.c.i.HttpAppHandler - Read msg='DefaultHttpResponse(decodeResult: success, version: HTTP/1.1)
HTTP/1.1 200 
Content-Type: application/json;charset=UTF-8
Transfer-Encoding: chunked
Date: Wed, 29 Jan 2020 21:00:50 GMT'
22:00:51.329 [DEBUG] i.g.h.c.i.HttpAppHandler - Read msg='DefaultHttpContent(data: PooledSlicedByteBuf(ridx: 0, widx: 95, cap: 95/95, unwrapped: PooledUnsafeDirectByteBuf(ridx: 229, widx: 234, cap: 1024)), decoderResult: success)'
22:00:51.329 [DEBUG] i.g.h.c.i.HttpAppHandler - Read msg='EmptyLastHttpContent'
22:00:51.330 [TRACE] i.g.h.e.r.DefaultStatsProcessor - 
>>>>>>>>>>>>>>>>>>>>>>>>>>
Request:
simple_delay: OK 
=========================
Session:
Session(Acceptance test,63,1580331650051,Map(gatling.http.ssl.sslContexts -> SslContexts(io.netty.handler.ssl.JdkSslContext@2396ba9e,None), gatling.http.cache.dns -> io.gatling.http.cache.DnsCacheSupport$$anon$1@5898ac4b, gatling.http.cache.baseUrl -> http://localhost:8080),21,OK,List(),io.gatling.core.protocol.ProtocolComponentsRegistry$$Lambda$598/0x000000084055d840@452b12e)
=========================
HTTP request:
GET http://localhost:8080/delay?duration=555
headers=
Accept: */*
Content-Type: application/json;charset=UTF-8
Accept-Language: en-US,en;q=0.8,nl;q=0.6
User-Agent: Mozilla/5.0 (Windows NT 6.1; WOW64) AppleWebKit/537.36 (KHTML, like Gecko) Chrome/38.0.2125.111 Safari/537.36
accept-encoding: gzip,deflate,sdch
host: localhost:8080
=========================
HTTP response:
status=
200 
headers= 
Content-Type: application/json;charset=UTF-8
Transfer-Encoding: chunked
Date: Wed, 29 Jan 2020 21:00:50 GMT

body=
{"message":"This was a delay of 555","name":"Simple-PropertiesFileName","durationInMillis":555}
<<<<<<<<<<<<<<<<<<<<<<<<<
22:00:51.330 [DEBUG] i.g.c.a.Pause - Pausing for 1013ms (real=991ms)
22:00:51.553 [DEBUG] i.g.h.e.t.HttpTxExecutor - Sending request=simple_cpu_burn uri=http://localhost:8080/cpu/magic-identity-check?matrixSize=133: scenario=Acceptance test, userId=66
22:00:51.553 [DEBUG] i.g.c.c.i.o.OpenWorkload - Injecting 2 users in scenario Acceptance test, continue=true
22:00:51.553 [DEBUG] i.g.c.c.i.o.OpenWorkload - Start user #66
22:00:51.554 [DEBUG] i.g.h.c.i.HttpAppHandler - Write request WritableRequest{request=DefaultFullHttpRequest(decodeResult: success, version: HTTP/1.1, content: UnpooledByteBufAllocator$InstrumentedUnpooledUnsafeHeapByteBuf(ridx: 0, widx: 0, cap: 0))
GET /cpu/magic-identity-check?matrixSize=133 HTTP/1.1
Accept: */*
Content-Type: application/json;charset=UTF-8
Accept-Language: en-US,en;q=0.8,nl;q=0.6
User-Agent: Mozilla/5.0 (Windows NT 6.1; WOW64) AppleWebKit/537.36 (KHTML, like Gecko) Chrome/38.0.2125.111 Safari/537.36
accept-encoding: gzip,deflate,sdch
host: localhost:8080, content=null}
22:00:51.562 [DEBUG] i.g.h.c.i.HttpAppHandler - Read msg='DefaultHttpResponse(decodeResult: success, version: HTTP/1.1)
HTTP/1.1 200 
Content-Type: application/json;charset=UTF-8
Transfer-Encoding: chunked
Date: Wed, 29 Jan 2020 21:00:50 GMT'
22:00:51.562 [DEBUG] i.g.h.c.i.HttpAppHandler - Read msg='DefaultHttpContent(data: PooledSlicedByteBuf(ridx: 0, widx: 170, cap: 170/170, unwrapped: PooledUnsafeDirectByteBuf(ridx: 304, widx: 309, cap: 1024)), decoderResult: success)'
22:00:51.562 [DEBUG] i.g.h.c.i.HttpAppHandler - Read msg='EmptyLastHttpContent'
22:00:51.562 [TRACE] i.g.h.e.r.DefaultStatsProcessor - 
>>>>>>>>>>>>>>>>>>>>>>>>>>
Request:
simple_cpu_burn: OK 
=========================
Session:
Session(Acceptance test,66,1580331651552,Map(gatling.http.ssl.sslContexts -> SslContexts(io.netty.handler.ssl.JdkSslContext@19cdc29f,None), gatling.http.cache.dns -> io.gatling.http.cache.DnsCacheSupport$$anon$1@5898ac4b, gatling.http.cache.baseUrl -> http://localhost:8080),0,OK,List(),io.gatling.core.protocol.ProtocolComponentsRegistry$$Lambda$598/0x000000084055d840@452b12e)
=========================
HTTP request:
GET http://localhost:8080/cpu/magic-identity-check?matrixSize=133
headers=
Accept: */*
Content-Type: application/json;charset=UTF-8
Accept-Language: en-US,en;q=0.8,nl;q=0.6
User-Agent: Mozilla/5.0 (Windows NT 6.1; WOW64) AppleWebKit/537.36 (KHTML, like Gecko) Chrome/38.0.2125.111 Safari/537.36
accept-encoding: gzip,deflate,sdch
host: localhost:8080
=========================
HTTP response:
status=
200 
headers= 
Content-Type: application/json;charset=UTF-8
Transfer-Encoding: chunked
Date: Wed, 29 Jan 2020 21:00:50 GMT

body=
{"message":"A simple magic square multiplied by an identity square of size [133] [is equal] to the magic square.","name":"Simple-PropertiesFileName","durationInMillis":6}
<<<<<<<<<<<<<<<<<<<<<<<<<
22:00:51.562 [DEBUG] i.g.c.a.Pause - Pausing for 2803ms (real=2803ms)
22:00:51.832 [DEBUG] i.g.h.e.t.HttpTxExecutor - Sending request=simple_mini_leak uri=http://localhost:8080/memory/grow?objects=8&items=54: scenario=Acceptance test, userId=64
22:00:51.832 [DEBUG] i.g.h.c.i.HttpAppHandler - Write request WritableRequest{request=DefaultFullHttpRequest(decodeResult: success, version: HTTP/1.1, content: UnpooledByteBufAllocator$InstrumentedUnpooledUnsafeHeapByteBuf(ridx: 0, widx: 0, cap: 0))
GET /memory/grow?objects=8&items=54 HTTP/1.1
Accept: */*
Content-Type: application/json;charset=UTF-8
Accept-Language: en-US,en;q=0.8,nl;q=0.6
User-Agent: Mozilla/5.0 (Windows NT 6.1; WOW64) AppleWebKit/537.36 (KHTML, like Gecko) Chrome/38.0.2125.111 Safari/537.36
accept-encoding: gzip,deflate,sdch
host: localhost:8080, content=null}
22:00:51.839 [DEBUG] i.g.h.c.i.HttpAppHandler - Read msg='DefaultHttpResponse(decodeResult: success, version: HTTP/1.1)
HTTP/1.1 200 
Content-Type: application/json;charset=UTF-8
Transfer-Encoding: chunked
Date: Wed, 29 Jan 2020 21:00:51 GMT'
22:00:51.839 [DEBUG] i.g.h.c.i.HttpAppHandler - Read msg='DefaultHttpContent(data: PooledSlicedByteBuf(ridx: 0, widx: 144, cap: 144/144, unwrapped: PooledUnsafeDirectByteBuf(ridx: 278, widx: 283, cap: 512)), decoderResult: success)'
22:00:51.839 [DEBUG] i.g.h.c.i.HttpAppHandler - Read msg='EmptyLastHttpContent'
22:00:51.840 [TRACE] i.g.h.e.r.DefaultStatsProcessor - 
>>>>>>>>>>>>>>>>>>>>>>>>>>
Request:
simple_mini_leak: OK 
=========================
Session:
Session(Acceptance test,64,1580331650551,Map(gatling.http.ssl.sslContexts -> SslContexts(io.netty.handler.ssl.JdkSslContext@48ca3c51,None), gatling.http.cache.dns -> io.gatling.http.cache.DnsCacheSupport$$anon$1@5898ac4b, gatling.http.cache.baseUrl -> http://localhost:8080),17,OK,List(),io.gatling.core.protocol.ProtocolComponentsRegistry$$Lambda$598/0x000000084055d840@452b12e)
=========================
HTTP request:
GET http://localhost:8080/memory/grow?objects=8&items=54
headers=
Accept: */*
Content-Type: application/json;charset=UTF-8
Accept-Language: en-US,en;q=0.8,nl;q=0.6
User-Agent: Mozilla/5.0 (Windows NT 6.1; WOW64) AppleWebKit/537.36 (KHTML, like Gecko) Chrome/38.0.2125.111 Safari/537.36
accept-encoding: gzip,deflate,sdch
host: localhost:8080
=========================
HTTP response:
status=
200 
headers= 
Content-Type: application/json;charset=UTF-8
Transfer-Encoding: chunked
Date: Wed, 29 Jan 2020 21:00:51 GMT

body=
{"message":"Size of BigFatBastard list is now 11448 objects. It contains 618192 items.","name":"Simple-PropertiesFileName","durationInMillis":5}
<<<<<<<<<<<<<<<<<<<<<<<<<
22:00:51.840 [DEBUG] i.g.c.a.Pause - Pausing for 5059ms (real=5041ms)
22:00:51.842 [DEBUG] i.g.h.e.t.HttpTxExecutor - Sending request=simple_mini_leak uri=http://localhost:8080/memory/grow?objects=8&items=54: scenario=Acceptance test, userId=51
22:00:51.842 [DEBUG] i.g.h.c.i.HttpAppHandler - Write request WritableRequest{request=DefaultFullHttpRequest(decodeResult: success, version: HTTP/1.1, content: UnpooledByteBufAllocator$InstrumentedUnpooledUnsafeHeapByteBuf(ridx: 0, widx: 0, cap: 0))
GET /memory/grow?objects=8&items=54 HTTP/1.1
Accept: */*
Content-Type: application/json;charset=UTF-8
Accept-Language: en-US,en;q=0.8,nl;q=0.6
User-Agent: Mozilla/5.0 (Windows NT 6.1; WOW64) AppleWebKit/537.36 (KHTML, like Gecko) Chrome/38.0.2125.111 Safari/537.36
accept-encoding: gzip,deflate,sdch
host: localhost:8080, content=null}
22:00:51.844 [DEBUG] i.g.h.c.i.HttpAppHandler - Read msg='DefaultHttpResponse(decodeResult: success, version: HTTP/1.1)
HTTP/1.1 200 
Content-Type: application/json;charset=UTF-8
Transfer-Encoding: chunked
Date: Wed, 29 Jan 2020 21:00:51 GMT'
22:00:51.844 [DEBUG] i.g.h.c.i.HttpAppHandler - Read msg='DefaultHttpContent(data: PooledSlicedByteBuf(ridx: 0, widx: 144, cap: 144/144, unwrapped: PooledUnsafeDirectByteBuf(ridx: 278, widx: 283, cap: 512)), decoderResult: success)'
22:00:51.844 [DEBUG] i.g.h.c.i.HttpAppHandler - Read msg='EmptyLastHttpContent'
22:00:51.845 [TRACE] i.g.h.e.r.DefaultStatsProcessor - 
>>>>>>>>>>>>>>>>>>>>>>>>>>
Request:
simple_mini_leak: OK 
=========================
Session:
Session(Acceptance test,51,1580331642551,Map(gatling.http.ssl.sslContexts -> SslContexts(io.netty.handler.ssl.JdkSslContext@1525c678,None), gatling.http.cache.dns -> io.gatling.http.cache.DnsCacheSupport$$anon$1@5898ac4b, gatling.http.cache.baseUrl -> http://localhost:8080),17,OK,List(),io.gatling.core.protocol.ProtocolComponentsRegistry$$Lambda$598/0x000000084055d840@452b12e)
=========================
HTTP request:
GET http://localhost:8080/memory/grow?objects=8&items=54
headers=
Accept: */*
Content-Type: application/json;charset=UTF-8
Accept-Language: en-US,en;q=0.8,nl;q=0.6
User-Agent: Mozilla/5.0 (Windows NT 6.1; WOW64) AppleWebKit/537.36 (KHTML, like Gecko) Chrome/38.0.2125.111 Safari/537.36
accept-encoding: gzip,deflate,sdch
host: localhost:8080
=========================
HTTP response:
status=
200 
headers= 
Content-Type: application/json;charset=UTF-8
Transfer-Encoding: chunked
Date: Wed, 29 Jan 2020 21:00:51 GMT

body=
{"message":"Size of BigFatBastard list is now 11456 objects. It contains 618624 items.","name":"Simple-PropertiesFileName","durationInMillis":2}
<<<<<<<<<<<<<<<<<<<<<<<<<
22:00:51.845 [DEBUG] i.g.c.a.Pause - Can't pause (remaining drift=1ms)
22:00:51.845 [DEBUG] i.g.h.e.t.HttpTxExecutor - Sending request=upload-file uri=http://localhost:8080/files/upload: scenario=Acceptance test, userId=51
22:00:51.845 [DEBUG] i.g.h.c.i.HttpAppHandler - Write request WritableRequest{request=DefaultHttpRequest(decodeResult: success, version: HTTP/1.1)
POST /files/upload HTTP/1.1
Accept: */*
Accept-Language: en-US,en;q=0.8,nl;q=0.6
User-Agent: Mozilla/5.0 (Windows NT 6.1; WOW64) AppleWebKit/537.36 (KHTML, like Gecko) Chrome/38.0.2125.111 Safari/537.36
accept-encoding: gzip,deflate,sdch
host: localhost:8080
content-type: multipart/form-data; boundary=Ft5RRg47VamdwIzuMcgYY6Vf27f8wBd0jEP
content-length: 220, content=io.gatling.http.client.body.multipart.impl.MultipartFileRegion@248e6c8d}
22:00:51.846 [DEBUG] i.g.h.c.i.HttpAppHandler - Read msg='DefaultHttpResponse(decodeResult: success, version: HTTP/1.1)
HTTP/1.1 200 
Content-Type: text/plain;charset=UTF-8
Content-Length: 62
Date: Wed, 29 Jan 2020 21:00:51 GMT'
22:00:51.847 [DEBUG] i.g.h.c.i.HttpAppHandler - Read msg='DefaultLastHttpContent(data: PooledSlicedByteBuf(ridx: 0, widx: 62, cap: 62/62, unwrapped: PooledUnsafeDirectByteBuf(ridx: 176, widx: 176, cap: 496)), decoderResult: success)'
22:00:51.847 [TRACE] i.g.h.e.r.DefaultStatsProcessor - 
>>>>>>>>>>>>>>>>>>>>>>>>>>
Request:
upload-file: OK 
=========================
Session:
Session(Acceptance test,51,1580331642551,Map(gatling.http.ssl.sslContexts -> SslContexts(io.netty.handler.ssl.JdkSslContext@1525c678,None), gatling.http.cache.dns -> io.gatling.http.cache.DnsCacheSupport$$anon$1@5898ac4b, gatling.http.cache.baseUrl -> http://localhost:8080),1,OK,List(),io.gatling.core.protocol.ProtocolComponentsRegistry$$Lambda$598/0x000000084055d840@452b12e)
=========================
HTTP request:
POST http://localhost:8080/files/upload
headers=
Accept: */*
Accept-Language: en-US,en;q=0.8,nl;q=0.6
User-Agent: Mozilla/5.0 (Windows NT 6.1; WOW64) AppleWebKit/537.36 (KHTML, like Gecko) Chrome/38.0.2125.111 Safari/537.36
accept-encoding: gzip,deflate,sdch
host: localhost:8080
content-type: multipart/form-data; boundary=Ft5RRg47VamdwIzuMcgYY6Vf27f8wBd0jEP
content-length: 220
multipartBody=
ByteArrayPart: name=upload contentType=text/plain dispositionType=null charset=UTF-8 transferEncoding=null contentId=null filename=gatling-upload.txt
=========================
HTTP response:
status=
200 
headers= 
Content-Type: text/plain;charset=UTF-8
Content-Length: 62
Date: Wed, 29 Jan 2020 21:00:51 GMT

body=
File upload succeeded [gatling-upload.txt] of size [17] bytes.
<<<<<<<<<<<<<<<<<<<<<<<<<
22:00:51.847 [DEBUG] i.g.c.a.Exit - End user #51
22:00:51.847 [DEBUG] i.g.c.c.i.Injector - End user #51
22:00:51.852 [DEBUG] i.g.h.e.t.HttpTxExecutor - Sending request=simple_mini_leak uri=http://localhost:8080/memory/grow?objects=8&items=54: scenario=Acceptance test, userId=52
22:00:51.853 [DEBUG] i.g.h.c.i.HttpAppHandler - Write request WritableRequest{request=DefaultFullHttpRequest(decodeResult: success, version: HTTP/1.1, content: UnpooledByteBufAllocator$InstrumentedUnpooledUnsafeHeapByteBuf(ridx: 0, widx: 0, cap: 0))
GET /memory/grow?objects=8&items=54 HTTP/1.1
Accept: */*
Content-Type: application/json;charset=UTF-8
Accept-Language: en-US,en;q=0.8,nl;q=0.6
User-Agent: Mozilla/5.0 (Windows NT 6.1; WOW64) AppleWebKit/537.36 (KHTML, like Gecko) Chrome/38.0.2125.111 Safari/537.36
accept-encoding: gzip,deflate,sdch
host: localhost:8080, content=null}
22:00:51.860 [DEBUG] i.g.h.c.i.HttpAppHandler - Read msg='DefaultHttpResponse(decodeResult: success, version: HTTP/1.1)
HTTP/1.1 200 
Content-Type: application/json;charset=UTF-8
Transfer-Encoding: chunked
Date: Wed, 29 Jan 2020 21:00:51 GMT'
22:00:51.860 [DEBUG] i.g.h.c.i.HttpAppHandler - Read msg='DefaultHttpContent(data: PooledSlicedByteBuf(ridx: 0, widx: 144, cap: 144/144, unwrapped: PooledUnsafeDirectByteBuf(ridx: 278, widx: 283, cap: 512)), decoderResult: success)'
22:00:51.860 [DEBUG] i.g.h.c.i.HttpAppHandler - Read msg='EmptyLastHttpContent'
22:00:51.860 [TRACE] i.g.h.e.r.DefaultStatsProcessor - 
>>>>>>>>>>>>>>>>>>>>>>>>>>
Request:
simple_mini_leak: OK 
=========================
Session:
Session(Acceptance test,52,1580331643552,Map(gatling.http.ssl.sslContexts -> SslContexts(io.netty.handler.ssl.JdkSslContext@62c412d3,None), gatling.http.cache.dns -> io.gatling.http.cache.DnsCacheSupport$$anon$1@5898ac4b, gatling.http.cache.baseUrl -> http://localhost:8080),30,OK,List(),io.gatling.core.protocol.ProtocolComponentsRegistry$$Lambda$598/0x000000084055d840@452b12e)
=========================
HTTP request:
GET http://localhost:8080/memory/grow?objects=8&items=54
headers=
Accept: */*
Content-Type: application/json;charset=UTF-8
Accept-Language: en-US,en;q=0.8,nl;q=0.6
User-Agent: Mozilla/5.0 (Windows NT 6.1; WOW64) AppleWebKit/537.36 (KHTML, like Gecko) Chrome/38.0.2125.111 Safari/537.36
accept-encoding: gzip,deflate,sdch
host: localhost:8080
=========================
HTTP response:
status=
200 
headers= 
Content-Type: application/json;charset=UTF-8
Transfer-Encoding: chunked
Date: Wed, 29 Jan 2020 21:00:51 GMT

body=
{"message":"Size of BigFatBastard list is now 11464 objects. It contains 619056 items.","name":"Simple-PropertiesFileName","durationInMillis":5}
<<<<<<<<<<<<<<<<<<<<<<<<<
22:00:51.861 [DEBUG] i.g.c.a.Pause - Pausing for 19518ms (real=19487ms)
22:00:52.052 [DEBUG] i.g.h.e.t.HttpTxExecutor - Sending request=simple_cpu_burn uri=http://localhost:8080/cpu/magic-identity-check?matrixSize=133: scenario=Acceptance test, userId=67
22:00:52.053 [DEBUG] i.g.c.c.i.o.OpenWorkload - Start user #67
22:00:52.054 [DEBUG] i.g.h.c.i.HttpAppHandler - Write request WritableRequest{request=DefaultFullHttpRequest(decodeResult: success, version: HTTP/1.1, content: UnpooledByteBufAllocator$InstrumentedUnpooledUnsafeHeapByteBuf(ridx: 0, widx: 0, cap: 0))
GET /cpu/magic-identity-check?matrixSize=133 HTTP/1.1
Accept: */*
Content-Type: application/json;charset=UTF-8
Accept-Language: en-US,en;q=0.8,nl;q=0.6
User-Agent: Mozilla/5.0 (Windows NT 6.1; WOW64) AppleWebKit/537.36 (KHTML, like Gecko) Chrome/38.0.2125.111 Safari/537.36
accept-encoding: gzip,deflate,sdch
host: localhost:8080, content=null}
22:00:52.061 [DEBUG] i.g.h.c.i.HttpAppHandler - Read msg='DefaultHttpResponse(decodeResult: success, version: HTTP/1.1)
HTTP/1.1 200 
Content-Type: application/json;charset=UTF-8
Transfer-Encoding: chunked
Date: Wed, 29 Jan 2020 21:00:51 GMT'
22:00:52.061 [DEBUG] i.g.h.c.i.HttpAppHandler - Read msg='DefaultHttpContent(data: PooledSlicedByteBuf(ridx: 0, widx: 170, cap: 170/170, unwrapped: PooledUnsafeDirectByteBuf(ridx: 304, widx: 309, cap: 1024)), decoderResult: success)'
22:00:52.061 [DEBUG] i.g.h.c.i.HttpAppHandler - Read msg='EmptyLastHttpContent'
22:00:52.061 [TRACE] i.g.h.e.r.DefaultStatsProcessor - 
>>>>>>>>>>>>>>>>>>>>>>>>>>
Request:
simple_cpu_burn: OK 
=========================
Session:
Session(Acceptance test,67,1580331652052,Map(gatling.http.ssl.sslContexts -> SslContexts(io.netty.handler.ssl.JdkSslContext@10ef8ddd,None), gatling.http.cache.dns -> io.gatling.http.cache.DnsCacheSupport$$anon$1@5898ac4b, gatling.http.cache.baseUrl -> http://localhost:8080),0,OK,List(),io.gatling.core.protocol.ProtocolComponentsRegistry$$Lambda$598/0x000000084055d840@452b12e)
=========================
HTTP request:
GET http://localhost:8080/cpu/magic-identity-check?matrixSize=133
headers=
Accept: */*
Content-Type: application/json;charset=UTF-8
Accept-Language: en-US,en;q=0.8,nl;q=0.6
User-Agent: Mozilla/5.0 (Windows NT 6.1; WOW64) AppleWebKit/537.36 (KHTML, like Gecko) Chrome/38.0.2125.111 Safari/537.36
accept-encoding: gzip,deflate,sdch
host: localhost:8080
=========================
HTTP response:
status=
200 
headers= 
Content-Type: application/json;charset=UTF-8
Transfer-Encoding: chunked
Date: Wed, 29 Jan 2020 21:00:51 GMT

body=
{"message":"A simple magic square multiplied by an identity square of size [133] [is equal] to the magic square.","name":"Simple-PropertiesFileName","durationInMillis":4}
<<<<<<<<<<<<<<<<<<<<<<<<<
22:00:52.061 [DEBUG] i.g.c.a.Pause - Pausing for 1958ms (real=1958ms)
22:00:52.342 [DEBUG] i.g.h.e.t.HttpTxExecutor - Sending request=simple_mini_leak uri=http://localhost:8080/memory/grow?objects=8&items=54: scenario=Acceptance test, userId=63
22:00:52.342 [DEBUG] i.g.h.c.i.HttpAppHandler - Write request WritableRequest{request=DefaultFullHttpRequest(decodeResult: success, version: HTTP/1.1, content: UnpooledByteBufAllocator$InstrumentedUnpooledUnsafeHeapByteBuf(ridx: 0, widx: 0, cap: 0))
GET /memory/grow?objects=8&items=54 HTTP/1.1
Accept: */*
Content-Type: application/json;charset=UTF-8
Accept-Language: en-US,en;q=0.8,nl;q=0.6
User-Agent: Mozilla/5.0 (Windows NT 6.1; WOW64) AppleWebKit/537.36 (KHTML, like Gecko) Chrome/38.0.2125.111 Safari/537.36
accept-encoding: gzip,deflate,sdch
host: localhost:8080, content=null}
22:00:52.350 [DEBUG] i.g.h.c.i.HttpAppHandler - Read msg='DefaultHttpResponse(decodeResult: success, version: HTTP/1.1)
HTTP/1.1 200 
Content-Type: application/json;charset=UTF-8
Transfer-Encoding: chunked
Date: Wed, 29 Jan 2020 21:00:51 GMT'
22:00:52.350 [DEBUG] i.g.h.c.i.HttpAppHandler - Read msg='DefaultHttpContent(data: PooledSlicedByteBuf(ridx: 0, widx: 144, cap: 144/144, unwrapped: PooledUnsafeDirectByteBuf(ridx: 278, widx: 283, cap: 512)), decoderResult: success)'
22:00:52.351 [DEBUG] i.g.h.c.i.HttpAppHandler - Read msg='EmptyLastHttpContent'
22:00:52.351 [TRACE] i.g.h.e.r.DefaultStatsProcessor - 
>>>>>>>>>>>>>>>>>>>>>>>>>>
Request:
simple_mini_leak: OK 
=========================
Session:
Session(Acceptance test,63,1580331650051,Map(gatling.http.ssl.sslContexts -> SslContexts(io.netty.handler.ssl.JdkSslContext@2396ba9e,None), gatling.http.cache.dns -> io.gatling.http.cache.DnsCacheSupport$$anon$1@5898ac4b, gatling.http.cache.baseUrl -> http://localhost:8080),21,OK,List(),io.gatling.core.protocol.ProtocolComponentsRegistry$$Lambda$598/0x000000084055d840@452b12e)
=========================
HTTP request:
GET http://localhost:8080/memory/grow?objects=8&items=54
headers=
Accept: */*
Content-Type: application/json;charset=UTF-8
Accept-Language: en-US,en;q=0.8,nl;q=0.6
User-Agent: Mozilla/5.0 (Windows NT 6.1; WOW64) AppleWebKit/537.36 (KHTML, like Gecko) Chrome/38.0.2125.111 Safari/537.36
accept-encoding: gzip,deflate,sdch
host: localhost:8080
=========================
HTTP response:
status=
200 
headers= 
Content-Type: application/json;charset=UTF-8
Transfer-Encoding: chunked
Date: Wed, 29 Jan 2020 21:00:51 GMT

body=
{"message":"Size of BigFatBastard list is now 11472 objects. It contains 619488 items.","name":"Simple-PropertiesFileName","durationInMillis":5}
<<<<<<<<<<<<<<<<<<<<<<<<<
22:00:52.352 [DEBUG] i.g.c.a.Pause - Pausing for 3273ms (real=3252ms)
22:00:52.392 [DEBUG] i.g.h.e.t.HttpTxExecutor - Sending request=upload-file uri=http://localhost:8080/files/upload: scenario=Acceptance test, userId=58
22:00:52.393 [DEBUG] i.g.h.c.i.HttpAppHandler - Write request WritableRequest{request=DefaultHttpRequest(decodeResult: success, version: HTTP/1.1)
POST /files/upload HTTP/1.1
Accept: */*
Accept-Language: en-US,en;q=0.8,nl;q=0.6
User-Agent: Mozilla/5.0 (Windows NT 6.1; WOW64) AppleWebKit/537.36 (KHTML, like Gecko) Chrome/38.0.2125.111 Safari/537.36
accept-encoding: gzip,deflate,sdch
host: localhost:8080
content-type: multipart/form-data; boundary=EuDQaFp8nXBR2n-gF22HGHP5vDe-XOiy0nM
content-length: 220, content=io.gatling.http.client.body.multipart.impl.MultipartFileRegion@16cbc652}
22:00:52.396 [DEBUG] i.g.h.c.i.HttpAppHandler - Read msg='DefaultHttpResponse(decodeResult: success, version: HTTP/1.1)
HTTP/1.1 200 
Content-Type: text/plain;charset=UTF-8
Content-Length: 62
Date: Wed, 29 Jan 2020 21:00:51 GMT'
22:00:52.397 [DEBUG] i.g.h.c.i.HttpAppHandler - Read msg='DefaultLastHttpContent(data: PooledSlicedByteBuf(ridx: 0, widx: 62, cap: 62/62, unwrapped: PooledUnsafeDirectByteBuf(ridx: 176, widx: 176, cap: 512)), decoderResult: success)'
22:00:52.397 [TRACE] i.g.h.e.r.DefaultStatsProcessor - 
>>>>>>>>>>>>>>>>>>>>>>>>>>
Request:
upload-file: OK 
=========================
Session:
Session(Acceptance test,58,1580331647051,Map(gatling.http.ssl.sslContexts -> SslContexts(io.netty.handler.ssl.JdkSslContext@2d369d9a,None), gatling.http.cache.dns -> io.gatling.http.cache.DnsCacheSupport$$anon$1@5898ac4b, gatling.http.cache.baseUrl -> http://localhost:8080),15,OK,List(),io.gatling.core.protocol.ProtocolComponentsRegistry$$Lambda$598/0x000000084055d840@452b12e)
=========================
HTTP request:
POST http://localhost:8080/files/upload
headers=
Accept: */*
Accept-Language: en-US,en;q=0.8,nl;q=0.6
User-Agent: Mozilla/5.0 (Windows NT 6.1; WOW64) AppleWebKit/537.36 (KHTML, like Gecko) Chrome/38.0.2125.111 Safari/537.36
accept-encoding: gzip,deflate,sdch
host: localhost:8080
content-type: multipart/form-data; boundary=EuDQaFp8nXBR2n-gF22HGHP5vDe-XOiy0nM
content-length: 220
multipartBody=
ByteArrayPart: name=upload contentType=text/plain dispositionType=null charset=UTF-8 transferEncoding=null contentId=null filename=gatling-upload.txt
=========================
HTTP response:
status=
200 
headers= 
Content-Type: text/plain;charset=UTF-8
Content-Length: 62
Date: Wed, 29 Jan 2020 21:00:51 GMT

body=
File upload succeeded [gatling-upload.txt] of size [17] bytes.
<<<<<<<<<<<<<<<<<<<<<<<<<
22:00:52.398 [DEBUG] i.g.c.a.Exit - End user #58
22:00:52.398 [DEBUG] i.g.c.c.i.Injector - End user #58
22:00:52.492 [DEBUG] i.g.h.e.t.HttpTxExecutor - Sending request=simple_mini_leak uri=http://localhost:8080/memory/grow?objects=8&items=54: scenario=Acceptance test, userId=53
22:00:52.493 [DEBUG] i.g.h.c.i.HttpAppHandler - Write request WritableRequest{request=DefaultFullHttpRequest(decodeResult: success, version: HTTP/1.1, content: UnpooledByteBufAllocator$InstrumentedUnpooledUnsafeHeapByteBuf(ridx: 0, widx: 0, cap: 0))
GET /memory/grow?objects=8&items=54 HTTP/1.1
Accept: */*
Content-Type: application/json;charset=UTF-8
Accept-Language: en-US,en;q=0.8,nl;q=0.6
User-Agent: Mozilla/5.0 (Windows NT 6.1; WOW64) AppleWebKit/537.36 (KHTML, like Gecko) Chrome/38.0.2125.111 Safari/537.36
accept-encoding: gzip,deflate,sdch
host: localhost:8080, content=null}
22:00:52.499 [DEBUG] i.g.h.c.i.HttpAppHandler - Read msg='DefaultHttpResponse(decodeResult: success, version: HTTP/1.1)
HTTP/1.1 200 
Content-Type: application/json;charset=UTF-8
Transfer-Encoding: chunked
Date: Wed, 29 Jan 2020 21:00:51 GMT'
22:00:52.499 [DEBUG] i.g.h.c.i.HttpAppHandler - Read msg='DefaultHttpContent(data: PooledSlicedByteBuf(ridx: 0, widx: 144, cap: 144/144, unwrapped: PooledUnsafeDirectByteBuf(ridx: 278, widx: 278, cap: 512)), decoderResult: success)'
22:00:52.500 [DEBUG] i.g.h.c.i.HttpAppHandler - Read msg='EmptyLastHttpContent'
22:00:52.500 [TRACE] i.g.h.e.r.DefaultStatsProcessor - 
>>>>>>>>>>>>>>>>>>>>>>>>>>
Request:
simple_mini_leak: OK 
=========================
Session:
Session(Acceptance test,53,1580331644052,Map(gatling.http.ssl.sslContexts -> SslContexts(io.netty.handler.ssl.JdkSslContext@6ed7ef47,None), gatling.http.cache.dns -> io.gatling.http.cache.DnsCacheSupport$$anon$1@5898ac4b, gatling.http.cache.baseUrl -> http://localhost:8080),12,OK,List(),io.gatling.core.protocol.ProtocolComponentsRegistry$$Lambda$598/0x000000084055d840@452b12e)
=========================
HTTP request:
GET http://localhost:8080/memory/grow?objects=8&items=54
headers=
Accept: */*
Content-Type: application/json;charset=UTF-8
Accept-Language: en-US,en;q=0.8,nl;q=0.6
User-Agent: Mozilla/5.0 (Windows NT 6.1; WOW64) AppleWebKit/537.36 (KHTML, like Gecko) Chrome/38.0.2125.111 Safari/537.36
accept-encoding: gzip,deflate,sdch
host: localhost:8080
=========================
HTTP response:
status=
200 
headers= 
Content-Type: application/json;charset=UTF-8
Transfer-Encoding: chunked
Date: Wed, 29 Jan 2020 21:00:51 GMT

body=
{"message":"Size of BigFatBastard list is now 11480 objects. It contains 619920 items.","name":"Simple-PropertiesFileName","durationInMillis":5}
<<<<<<<<<<<<<<<<<<<<<<<<<
22:00:52.500 [DEBUG] i.g.c.a.Pause - Pausing for 3075ms (real=3063ms)
22:00:52.553 [DEBUG] i.g.h.e.t.HttpTxExecutor - Sending request=simple_cpu_burn uri=http://localhost:8080/cpu/magic-identity-check?matrixSize=133: scenario=Acceptance test, userId=68
22:00:52.553 [DEBUG] i.g.c.c.i.o.OpenWorkload - Injecting 2 users in scenario Acceptance test, continue=true
22:00:52.553 [DEBUG] i.g.c.c.i.o.OpenWorkload - Start user #68
22:00:52.554 [DEBUG] i.g.h.c.i.HttpAppHandler - Write request WritableRequest{request=DefaultFullHttpRequest(decodeResult: success, version: HTTP/1.1, content: UnpooledByteBufAllocator$InstrumentedUnpooledUnsafeHeapByteBuf(ridx: 0, widx: 0, cap: 0))
GET /cpu/magic-identity-check?matrixSize=133 HTTP/1.1
Accept: */*
Content-Type: application/json;charset=UTF-8
Accept-Language: en-US,en;q=0.8,nl;q=0.6
User-Agent: Mozilla/5.0 (Windows NT 6.1; WOW64) AppleWebKit/537.36 (KHTML, like Gecko) Chrome/38.0.2125.111 Safari/537.36
accept-encoding: gzip,deflate,sdch
host: localhost:8080, content=null}
22:00:52.565 [DEBUG] i.g.h.c.i.HttpAppHandler - Read msg='DefaultHttpResponse(decodeResult: success, version: HTTP/1.1)
HTTP/1.1 200 
Content-Type: application/json;charset=UTF-8
Transfer-Encoding: chunked
Date: Wed, 29 Jan 2020 21:00:51 GMT'
22:00:52.566 [DEBUG] i.g.h.c.i.HttpAppHandler - Read msg='DefaultHttpContent(data: PooledSlicedByteBuf(ridx: 0, widx: 170, cap: 170/170, unwrapped: PooledUnsafeDirectByteBuf(ridx: 304, widx: 309, cap: 1024)), decoderResult: success)'
22:00:52.566 [DEBUG] i.g.h.c.i.HttpAppHandler - Read msg='EmptyLastHttpContent'
22:00:52.566 [TRACE] i.g.h.e.r.DefaultStatsProcessor - 
>>>>>>>>>>>>>>>>>>>>>>>>>>
Request:
simple_cpu_burn: OK 
=========================
Session:
Session(Acceptance test,68,1580331652552,Map(gatling.http.ssl.sslContexts -> SslContexts(io.netty.handler.ssl.JdkSslContext@1806109b,None), gatling.http.cache.dns -> io.gatling.http.cache.DnsCacheSupport$$anon$1@5898ac4b, gatling.http.cache.baseUrl -> http://localhost:8080),0,OK,List(),io.gatling.core.protocol.ProtocolComponentsRegistry$$Lambda$598/0x000000084055d840@452b12e)
=========================
HTTP request:
GET http://localhost:8080/cpu/magic-identity-check?matrixSize=133
headers=
Accept: */*
Content-Type: application/json;charset=UTF-8
Accept-Language: en-US,en;q=0.8,nl;q=0.6
User-Agent: Mozilla/5.0 (Windows NT 6.1; WOW64) AppleWebKit/537.36 (KHTML, like Gecko) Chrome/38.0.2125.111 Safari/537.36
accept-encoding: gzip,deflate,sdch
host: localhost:8080
=========================
HTTP response:
status=
200 
headers= 
Content-Type: application/json;charset=UTF-8
Transfer-Encoding: chunked
Date: Wed, 29 Jan 2020 21:00:51 GMT

body=
{"message":"A simple magic square multiplied by an identity square of size [133] [is equal] to the magic square.","name":"Simple-PropertiesFileName","durationInMillis":9}
<<<<<<<<<<<<<<<<<<<<<<<<<
22:00:52.567 [DEBUG] i.g.c.a.Pause - Pausing for 246ms (real=246ms)
22:00:52.742 [DEBUG] i.g.h.e.t.HttpTxExecutor - Sending request=simple_mini_leak uri=http://localhost:8080/memory/grow?objects=8&items=54: scenario=Acceptance test, userId=35
22:00:52.742 [DEBUG] i.g.h.c.i.HttpAppHandler - Write request WritableRequest{request=DefaultFullHttpRequest(decodeResult: success, version: HTTP/1.1, content: UnpooledByteBufAllocator$InstrumentedUnpooledUnsafeHeapByteBuf(ridx: 0, widx: 0, cap: 0))
GET /memory/grow?objects=8&items=54 HTTP/1.1
Accept: */*
Content-Type: application/json;charset=UTF-8
Accept-Language: en-US,en;q=0.8,nl;q=0.6
User-Agent: Mozilla/5.0 (Windows NT 6.1; WOW64) AppleWebKit/537.36 (KHTML, like Gecko) Chrome/38.0.2125.111 Safari/537.36
accept-encoding: gzip,deflate,sdch
host: localhost:8080, content=null}
22:00:52.749 [DEBUG] i.g.h.c.i.HttpAppHandler - Read msg='DefaultHttpResponse(decodeResult: success, version: HTTP/1.1)
HTTP/1.1 200 
Content-Type: application/json;charset=UTF-8
Transfer-Encoding: chunked
Date: Wed, 29 Jan 2020 21:00:51 GMT'
22:00:52.749 [DEBUG] i.g.h.c.i.HttpAppHandler - Read msg='DefaultHttpContent(data: PooledSlicedByteBuf(ridx: 0, widx: 144, cap: 144/144, unwrapped: PooledUnsafeDirectByteBuf(ridx: 278, widx: 278, cap: 512)), decoderResult: success)'
22:00:52.749 [DEBUG] i.g.h.c.i.HttpAppHandler - Read msg='EmptyLastHttpContent'
22:00:52.750 [TRACE] i.g.h.e.r.DefaultStatsProcessor - 
>>>>>>>>>>>>>>>>>>>>>>>>>>
Request:
simple_mini_leak: OK 
=========================
Session:
Session(Acceptance test,35,1580331632552,Map(gatling.http.ssl.sslContexts -> SslContexts(io.netty.handler.ssl.JdkSslContext@10b99dbc,None), gatling.http.cache.dns -> io.gatling.http.cache.DnsCacheSupport$$anon$1@5898ac4b, gatling.http.cache.baseUrl -> http://localhost:8080),17,OK,List(),io.gatling.core.protocol.ProtocolComponentsRegistry$$Lambda$598/0x000000084055d840@452b12e)
=========================
HTTP request:
GET http://localhost:8080/memory/grow?objects=8&items=54
headers=
Accept: */*
Content-Type: application/json;charset=UTF-8
Accept-Language: en-US,en;q=0.8,nl;q=0.6
User-Agent: Mozilla/5.0 (Windows NT 6.1; WOW64) AppleWebKit/537.36 (KHTML, like Gecko) Chrome/38.0.2125.111 Safari/537.36
accept-encoding: gzip,deflate,sdch
host: localhost:8080
=========================
HTTP response:
status=
200 
headers= 
Content-Type: application/json;charset=UTF-8
Transfer-Encoding: chunked
Date: Wed, 29 Jan 2020 21:00:51 GMT

body=
{"message":"Size of BigFatBastard list is now 11488 objects. It contains 620352 items.","name":"Simple-PropertiesFileName","durationInMillis":5}
<<<<<<<<<<<<<<<<<<<<<<<<<
22:00:52.750 [DEBUG] i.g.c.a.Pause - Pausing for 9761ms (real=9743ms)
22:00:52.762 [DEBUG] i.g.h.e.t.HttpTxExecutor - Sending request=simple_delay uri=http://localhost:8080/delay?duration=555: scenario=Acceptance test, userId=59
22:00:52.762 [DEBUG] i.g.h.c.i.HttpAppHandler - Write request WritableRequest{request=DefaultFullHttpRequest(decodeResult: success, version: HTTP/1.1, content: UnpooledByteBufAllocator$InstrumentedUnpooledUnsafeHeapByteBuf(ridx: 0, widx: 0, cap: 0))
GET /delay?duration=555 HTTP/1.1
Accept: */*
Content-Type: application/json;charset=UTF-8
Accept-Language: en-US,en;q=0.8,nl;q=0.6
User-Agent: Mozilla/5.0 (Windows NT 6.1; WOW64) AppleWebKit/537.36 (KHTML, like Gecko) Chrome/38.0.2125.111 Safari/537.36
accept-encoding: gzip,deflate,sdch
host: localhost:8080, content=null}
22:00:52.832 [DEBUG] i.g.h.e.t.HttpTxExecutor - Sending request=simple_delay uri=http://localhost:8080/delay?duration=555: scenario=Acceptance test, userId=68
22:00:52.832 [DEBUG] i.g.h.c.i.HttpAppHandler - Write request WritableRequest{request=DefaultFullHttpRequest(decodeResult: success, version: HTTP/1.1, content: UnpooledByteBufAllocator$InstrumentedUnpooledUnsafeHeapByteBuf(ridx: 0, widx: 0, cap: 0))
GET /delay?duration=555 HTTP/1.1
Accept: */*
Content-Type: application/json;charset=UTF-8
Accept-Language: en-US,en;q=0.8,nl;q=0.6
User-Agent: Mozilla/5.0 (Windows NT 6.1; WOW64) AppleWebKit/537.36 (KHTML, like Gecko) Chrome/38.0.2125.111 Safari/537.36
accept-encoding: gzip,deflate,sdch
host: localhost:8080, content=null}
22:00:53.042 [DEBUG] i.g.h.e.t.HttpTxExecutor - Sending request=upload-file uri=http://localhost:8080/files/upload: scenario=Acceptance test, userId=39
22:00:53.042 [DEBUG] i.g.h.c.i.HttpAppHandler - Write request WritableRequest{request=DefaultHttpRequest(decodeResult: success, version: HTTP/1.1)
POST /files/upload HTTP/1.1
Accept: */*
Accept-Language: en-US,en;q=0.8,nl;q=0.6
User-Agent: Mozilla/5.0 (Windows NT 6.1; WOW64) AppleWebKit/537.36 (KHTML, like Gecko) Chrome/38.0.2125.111 Safari/537.36
accept-encoding: gzip,deflate,sdch
host: localhost:8080
content-type: multipart/form-data; boundary=5iaCJQD9VlCaJJVWy4mZMeqgyva3y6o_Fe-
content-length: 220, content=io.gatling.http.client.body.multipart.impl.MultipartFileRegion@1d19b3dc}
22:00:53.045 [DEBUG] i.g.h.c.i.HttpAppHandler - Read msg='DefaultHttpResponse(decodeResult: success, version: HTTP/1.1)
HTTP/1.1 200 
Content-Type: text/plain;charset=UTF-8
Content-Length: 62
Date: Wed, 29 Jan 2020 21:00:53 GMT'
22:00:53.046 [DEBUG] i.g.h.c.i.HttpAppHandler - Read msg='DefaultLastHttpContent(data: PooledSlicedByteBuf(ridx: 0, widx: 62, cap: 62/62, unwrapped: PooledUnsafeDirectByteBuf(ridx: 176, widx: 176, cap: 496)), decoderResult: success)'
22:00:53.046 [TRACE] i.g.h.e.r.DefaultStatsProcessor - 
>>>>>>>>>>>>>>>>>>>>>>>>>>
Request:
upload-file: OK 
=========================
Session:
Session(Acceptance test,39,1580331635052,Map(gatling.http.ssl.sslContexts -> SslContexts(io.netty.handler.ssl.JdkSslContext@14d54c9c,None), gatling.http.cache.dns -> io.gatling.http.cache.DnsCacheSupport$$anon$1@5898ac4b, gatling.http.cache.baseUrl -> http://localhost:8080),23,OK,List(),io.gatling.core.protocol.ProtocolComponentsRegistry$$Lambda$598/0x000000084055d840@452b12e)
=========================
HTTP request:
POST http://localhost:8080/files/upload
headers=
Accept: */*
Accept-Language: en-US,en;q=0.8,nl;q=0.6
User-Agent: Mozilla/5.0 (Windows NT 6.1; WOW64) AppleWebKit/537.36 (KHTML, like Gecko) Chrome/38.0.2125.111 Safari/537.36
accept-encoding: gzip,deflate,sdch
host: localhost:8080
content-type: multipart/form-data; boundary=5iaCJQD9VlCaJJVWy4mZMeqgyva3y6o_Fe-
content-length: 220
multipartBody=
ByteArrayPart: name=upload contentType=text/plain dispositionType=null charset=UTF-8 transferEncoding=null contentId=null filename=gatling-upload.txt
=========================
HTTP response:
status=
200 
headers= 
Content-Type: text/plain;charset=UTF-8
Content-Length: 62
Date: Wed, 29 Jan 2020 21:00:53 GMT

body=
File upload succeeded [gatling-upload.txt] of size [17] bytes.
<<<<<<<<<<<<<<<<<<<<<<<<<
22:00:53.046 [DEBUG] i.g.c.a.Exit - End user #39
22:00:53.047 [DEBUG] i.g.c.c.i.Injector - End user #39
22:00:53.052 [DEBUG] i.g.h.e.t.HttpTxExecutor - Sending request=simple_cpu_burn uri=http://localhost:8080/cpu/magic-identity-check?matrixSize=133: scenario=Acceptance test, userId=69
22:00:53.052 [DEBUG] i.g.c.c.i.o.OpenWorkload - Start user #69
22:00:53.053 [DEBUG] i.g.h.c.i.HttpAppHandler - Write request WritableRequest{request=DefaultFullHttpRequest(decodeResult: success, version: HTTP/1.1, content: UnpooledByteBufAllocator$InstrumentedUnpooledUnsafeHeapByteBuf(ridx: 0, widx: 0, cap: 0))
GET /cpu/magic-identity-check?matrixSize=133 HTTP/1.1
Accept: */*
Content-Type: application/json;charset=UTF-8
Accept-Language: en-US,en;q=0.8,nl;q=0.6
User-Agent: Mozilla/5.0 (Windows NT 6.1; WOW64) AppleWebKit/537.36 (KHTML, like Gecko) Chrome/38.0.2125.111 Safari/537.36
accept-encoding: gzip,deflate,sdch
host: localhost:8080, content=null}
22:00:53.064 [DEBUG] i.g.h.c.i.HttpAppHandler - Read msg='DefaultHttpResponse(decodeResult: success, version: HTTP/1.1)
HTTP/1.1 200 
Content-Type: application/json;charset=UTF-8
Transfer-Encoding: chunked
Date: Wed, 29 Jan 2020 21:00:53 GMT'
22:00:53.064 [DEBUG] i.g.h.c.i.HttpAppHandler - Read msg='DefaultHttpContent(data: PooledSlicedByteBuf(ridx: 0, widx: 170, cap: 170/170, unwrapped: PooledUnsafeDirectByteBuf(ridx: 304, widx: 304, cap: 1024)), decoderResult: success)'
22:00:53.065 [DEBUG] i.g.h.c.i.HttpAppHandler - Read msg='EmptyLastHttpContent'
22:00:53.065 [TRACE] i.g.h.e.r.DefaultStatsProcessor - 
>>>>>>>>>>>>>>>>>>>>>>>>>>
Request:
simple_cpu_burn: OK 
=========================
Session:
Session(Acceptance test,69,1580331653051,Map(gatling.http.ssl.sslContexts -> SslContexts(io.netty.handler.ssl.JdkSslContext@2effbc63,None), gatling.http.cache.dns -> io.gatling.http.cache.DnsCacheSupport$$anon$1@5898ac4b, gatling.http.cache.baseUrl -> http://localhost:8080),0,OK,List(),io.gatling.core.protocol.ProtocolComponentsRegistry$$Lambda$598/0x000000084055d840@452b12e)
=========================
HTTP request:
GET http://localhost:8080/cpu/magic-identity-check?matrixSize=133
headers=
Accept: */*
Content-Type: application/json;charset=UTF-8
Accept-Language: en-US,en;q=0.8,nl;q=0.6
User-Agent: Mozilla/5.0 (Windows NT 6.1; WOW64) AppleWebKit/537.36 (KHTML, like Gecko) Chrome/38.0.2125.111 Safari/537.36
accept-encoding: gzip,deflate,sdch
host: localhost:8080
=========================
HTTP response:
status=
200 
headers= 
Content-Type: application/json;charset=UTF-8
Transfer-Encoding: chunked
Date: Wed, 29 Jan 2020 21:00:53 GMT

body=
{"message":"A simple magic square multiplied by an identity square of size [133] [is equal] to the magic square.","name":"Simple-PropertiesFileName","durationInMillis":9}
<<<<<<<<<<<<<<<<<<<<<<<<<
22:00:53.066 [DEBUG] i.g.c.a.Pause - Pausing for 2629ms (real=2629ms)
22:00:53.319 [DEBUG] i.g.h.c.i.HttpAppHandler - Read msg='DefaultHttpResponse(decodeResult: success, version: HTTP/1.1)
HTTP/1.1 200 
Content-Type: application/json;charset=UTF-8
Transfer-Encoding: chunked
Date: Wed, 29 Jan 2020 21:00:53 GMT'
22:00:53.320 [DEBUG] i.g.h.c.i.HttpAppHandler - Read msg='DefaultHttpContent(data: PooledSlicedByteBuf(ridx: 0, widx: 95, cap: 95/95, unwrapped: PooledUnsafeDirectByteBuf(ridx: 229, widx: 234, cap: 1024)), decoderResult: success)'
22:00:53.320 [DEBUG] i.g.h.c.i.HttpAppHandler - Read msg='EmptyLastHttpContent'
22:00:53.320 [TRACE] i.g.h.e.r.DefaultStatsProcessor - 
>>>>>>>>>>>>>>>>>>>>>>>>>>
Request:
simple_delay: OK 
=========================
Session:
Session(Acceptance test,59,1580331647552,Map(gatling.http.ssl.sslContexts -> SslContexts(io.netty.handler.ssl.JdkSslContext@57b563c3,None), gatling.http.cache.dns -> io.gatling.http.cache.DnsCacheSupport$$anon$1@5898ac4b, gatling.http.cache.baseUrl -> http://localhost:8080),23,OK,List(),io.gatling.core.protocol.ProtocolComponentsRegistry$$Lambda$598/0x000000084055d840@452b12e)
=========================
HTTP request:
GET http://localhost:8080/delay?duration=555
headers=
Accept: */*
Content-Type: application/json;charset=UTF-8
Accept-Language: en-US,en;q=0.8,nl;q=0.6
User-Agent: Mozilla/5.0 (Windows NT 6.1; WOW64) AppleWebKit/537.36 (KHTML, like Gecko) Chrome/38.0.2125.111 Safari/537.36
accept-encoding: gzip,deflate,sdch
host: localhost:8080
=========================
HTTP response:
status=
200 
headers= 
Content-Type: application/json;charset=UTF-8
Transfer-Encoding: chunked
Date: Wed, 29 Jan 2020 21:00:53 GMT

body=
{"message":"This was a delay of 555","name":"Simple-PropertiesFileName","durationInMillis":555}
<<<<<<<<<<<<<<<<<<<<<<<<<
22:00:53.320 [DEBUG] i.g.c.a.Pause - Pausing for 214ms (real=191ms)
22:00:53.332 [DEBUG] i.g.h.e.t.HttpTxExecutor - Sending request=upload-file uri=http://localhost:8080/files/upload: scenario=Acceptance test, userId=54
22:00:53.333 [DEBUG] i.g.h.c.i.HttpAppHandler - Write request WritableRequest{request=DefaultHttpRequest(decodeResult: success, version: HTTP/1.1)
POST /files/upload HTTP/1.1
Accept: */*
Accept-Language: en-US,en;q=0.8,nl;q=0.6
User-Agent: Mozilla/5.0 (Windows NT 6.1; WOW64) AppleWebKit/537.36 (KHTML, like Gecko) Chrome/38.0.2125.111 Safari/537.36
accept-encoding: gzip,deflate,sdch
host: localhost:8080
content-type: multipart/form-data; boundary=FknuwOBpfRk1HN1uAuMdgMdbE4tLS-P3mYs
content-length: 220, content=io.gatling.http.client.body.multipart.impl.MultipartFileRegion@18fe148a}
22:00:53.336 [DEBUG] i.g.h.c.i.HttpAppHandler - Read msg='DefaultHttpResponse(decodeResult: success, version: HTTP/1.1)
HTTP/1.1 200 
Content-Type: text/plain;charset=UTF-8
Content-Length: 62
Date: Wed, 29 Jan 2020 21:00:53 GMT'
22:00:53.336 [DEBUG] i.g.h.c.i.HttpAppHandler - Read msg='DefaultLastHttpContent(data: PooledSlicedByteBuf(ridx: 0, widx: 62, cap: 62/62, unwrapped: PooledUnsafeDirectByteBuf(ridx: 176, widx: 176, cap: 512)), decoderResult: success)'
22:00:53.336 [TRACE] i.g.h.e.r.DefaultStatsProcessor - 
>>>>>>>>>>>>>>>>>>>>>>>>>>
Request:
upload-file: OK 
=========================
Session:
Session(Acceptance test,54,1580331644551,Map(gatling.http.ssl.sslContexts -> SslContexts(io.netty.handler.ssl.JdkSslContext@5e9a61cf,None), gatling.http.cache.dns -> io.gatling.http.cache.DnsCacheSupport$$anon$1@5898ac4b, gatling.http.cache.baseUrl -> http://localhost:8080),15,OK,List(),io.gatling.core.protocol.ProtocolComponentsRegistry$$Lambda$598/0x000000084055d840@452b12e)
=========================
HTTP request:
POST http://localhost:8080/files/upload
headers=
Accept: */*
Accept-Language: en-US,en;q=0.8,nl;q=0.6
User-Agent: Mozilla/5.0 (Windows NT 6.1; WOW64) AppleWebKit/537.36 (KHTML, like Gecko) Chrome/38.0.2125.111 Safari/537.36
accept-encoding: gzip,deflate,sdch
host: localhost:8080
content-type: multipart/form-data; boundary=FknuwOBpfRk1HN1uAuMdgMdbE4tLS-P3mYs
content-length: 220
multipartBody=
ByteArrayPart: name=upload contentType=text/plain dispositionType=null charset=UTF-8 transferEncoding=null contentId=null filename=gatling-upload.txt
=========================
HTTP response:
status=
200 
headers= 
Content-Type: text/plain;charset=UTF-8
Content-Length: 62
Date: Wed, 29 Jan 2020 21:00:53 GMT

body=
File upload succeeded [gatling-upload.txt] of size [17] bytes.
<<<<<<<<<<<<<<<<<<<<<<<<<
22:00:53.337 [DEBUG] i.g.c.a.Exit - End user #54
22:00:53.337 [DEBUG] i.g.c.c.i.Injector - End user #54
22:00:53.389 [DEBUG] i.g.h.c.i.HttpAppHandler - Read msg='DefaultHttpResponse(decodeResult: success, version: HTTP/1.1)
HTTP/1.1 200 
Content-Type: application/json;charset=UTF-8
Transfer-Encoding: chunked
Date: Wed, 29 Jan 2020 21:00:53 GMT'
22:00:53.389 [DEBUG] i.g.h.c.i.HttpAppHandler - Read msg='DefaultHttpContent(data: PooledSlicedByteBuf(ridx: 0, widx: 95, cap: 95/95, unwrapped: PooledUnsafeDirectByteBuf(ridx: 229, widx: 229, cap: 1024)), decoderResult: success)'
22:00:53.389 [DEBUG] i.g.h.c.i.HttpAppHandler - Read msg='EmptyLastHttpContent'
22:00:53.390 [TRACE] i.g.h.e.r.DefaultStatsProcessor - 
>>>>>>>>>>>>>>>>>>>>>>>>>>
Request:
simple_delay: OK 
=========================
Session:
Session(Acceptance test,68,1580331652552,Map(gatling.http.ssl.sslContexts -> SslContexts(io.netty.handler.ssl.JdkSslContext@1806109b,None), gatling.http.cache.dns -> io.gatling.http.cache.DnsCacheSupport$$anon$1@5898ac4b, gatling.http.cache.baseUrl -> http://localhost:8080),18,OK,List(),io.gatling.core.protocol.ProtocolComponentsRegistry$$Lambda$598/0x000000084055d840@452b12e)
=========================
HTTP request:
GET http://localhost:8080/delay?duration=555
headers=
Accept: */*
Content-Type: application/json;charset=UTF-8
Accept-Language: en-US,en;q=0.8,nl;q=0.6
User-Agent: Mozilla/5.0 (Windows NT 6.1; WOW64) AppleWebKit/537.36 (KHTML, like Gecko) Chrome/38.0.2125.111 Safari/537.36
accept-encoding: gzip,deflate,sdch
host: localhost:8080
=========================
HTTP response:
status=
200 
headers= 
Content-Type: application/json;charset=UTF-8
Transfer-Encoding: chunked
Date: Wed, 29 Jan 2020 21:00:53 GMT

body=
{"message":"This was a delay of 555","name":"Simple-PropertiesFileName","durationInMillis":555}
<<<<<<<<<<<<<<<<<<<<<<<<<
22:00:53.390 [DEBUG] i.g.c.a.Pause - Pausing for 5160ms (real=5142ms)
22:00:53.532 [DEBUG] i.g.h.e.t.HttpTxExecutor - Sending request=simple_mini_leak uri=http://localhost:8080/memory/grow?objects=8&items=54: scenario=Acceptance test, userId=59
22:00:53.533 [DEBUG] i.g.h.c.i.HttpAppHandler - Write request WritableRequest{request=DefaultFullHttpRequest(decodeResult: success, version: HTTP/1.1, content: UnpooledByteBufAllocator$InstrumentedUnpooledUnsafeHeapByteBuf(ridx: 0, widx: 0, cap: 0))
GET /memory/grow?objects=8&items=54 HTTP/1.1
Accept: */*
Content-Type: application/json;charset=UTF-8
Accept-Language: en-US,en;q=0.8,nl;q=0.6
User-Agent: Mozilla/5.0 (Windows NT 6.1; WOW64) AppleWebKit/537.36 (KHTML, like Gecko) Chrome/38.0.2125.111 Safari/537.36
accept-encoding: gzip,deflate,sdch
host: localhost:8080, content=null}
22:00:53.540 [DEBUG] i.g.h.c.i.HttpAppHandler - Read msg='DefaultHttpResponse(decodeResult: success, version: HTTP/1.1)
HTTP/1.1 200 
Content-Type: application/json;charset=UTF-8
Transfer-Encoding: chunked
Date: Wed, 29 Jan 2020 21:00:53 GMT'
22:00:53.540 [DEBUG] i.g.h.c.i.HttpAppHandler - Read msg='DefaultHttpContent(data: PooledSlicedByteBuf(ridx: 0, widx: 144, cap: 144/144, unwrapped: PooledUnsafeDirectByteBuf(ridx: 278, widx: 283, cap: 512)), decoderResult: success)'
22:00:53.540 [DEBUG] i.g.h.c.i.HttpAppHandler - Read msg='EmptyLastHttpContent'
22:00:53.540 [TRACE] i.g.h.e.r.DefaultStatsProcessor - 
>>>>>>>>>>>>>>>>>>>>>>>>>>
Request:
simple_mini_leak: OK 
=========================
Session:
Session(Acceptance test,59,1580331647552,Map(gatling.http.ssl.sslContexts -> SslContexts(io.netty.handler.ssl.JdkSslContext@57b563c3,None), gatling.http.cache.dns -> io.gatling.http.cache.DnsCacheSupport$$anon$1@5898ac4b, gatling.http.cache.baseUrl -> http://localhost:8080),21,OK,List(),io.gatling.core.protocol.ProtocolComponentsRegistry$$Lambda$598/0x000000084055d840@452b12e)
=========================
HTTP request:
GET http://localhost:8080/memory/grow?objects=8&items=54
headers=
Accept: */*
Content-Type: application/json;charset=UTF-8
Accept-Language: en-US,en;q=0.8,nl;q=0.6
User-Agent: Mozilla/5.0 (Windows NT 6.1; WOW64) AppleWebKit/537.36 (KHTML, like Gecko) Chrome/38.0.2125.111 Safari/537.36
accept-encoding: gzip,deflate,sdch
host: localhost:8080
=========================
HTTP response:
status=
200 
headers= 
Content-Type: application/json;charset=UTF-8
Transfer-Encoding: chunked
Date: Wed, 29 Jan 2020 21:00:53 GMT

body=
{"message":"Size of BigFatBastard list is now 11496 objects. It contains 620784 items.","name":"Simple-PropertiesFileName","durationInMillis":5}
<<<<<<<<<<<<<<<<<<<<<<<<<
22:00:53.541 [DEBUG] i.g.c.a.Pause - Pausing for 5107ms (real=5085ms)
22:00:53.552 [DEBUG] i.g.c.c.i.o.OpenWorkload - Injecting 1 users in scenario Acceptance test, continue=true
22:00:53.552 [DEBUG] i.g.h.e.t.HttpTxExecutor - Sending request=simple_cpu_burn uri=http://localhost:8080/cpu/magic-identity-check?matrixSize=133: scenario=Acceptance test, userId=70
22:00:53.552 [DEBUG] i.g.c.c.i.o.OpenWorkload - Start user #70
22:00:53.553 [DEBUG] i.g.h.c.i.HttpAppHandler - Write request WritableRequest{request=DefaultFullHttpRequest(decodeResult: success, version: HTTP/1.1, content: UnpooledByteBufAllocator$InstrumentedUnpooledUnsafeHeapByteBuf(ridx: 0, widx: 0, cap: 0))
GET /cpu/magic-identity-check?matrixSize=133 HTTP/1.1
Accept: */*
Content-Type: application/json;charset=UTF-8
Accept-Language: en-US,en;q=0.8,nl;q=0.6
User-Agent: Mozilla/5.0 (Windows NT 6.1; WOW64) AppleWebKit/537.36 (KHTML, like Gecko) Chrome/38.0.2125.111 Safari/537.36
accept-encoding: gzip,deflate,sdch
host: localhost:8080, content=null}
22:00:53.572 [DEBUG] i.g.h.c.i.HttpAppHandler - Read msg='DefaultHttpResponse(decodeResult: success, version: HTTP/1.1)
HTTP/1.1 200 
Content-Type: application/json;charset=UTF-8
Transfer-Encoding: chunked
Date: Wed, 29 Jan 2020 21:00:53 GMT'
22:00:53.572 [DEBUG] i.g.h.c.i.HttpAppHandler - Read msg='DefaultHttpContent(data: PooledSlicedByteBuf(ridx: 0, widx: 171, cap: 171/171, unwrapped: PooledUnsafeDirectByteBuf(ridx: 305, widx: 305, cap: 1024)), decoderResult: success)'
22:00:53.573 [DEBUG] i.g.h.c.i.HttpAppHandler - Read msg='EmptyLastHttpContent'
22:00:53.573 [TRACE] i.g.h.e.r.DefaultStatsProcessor - 
>>>>>>>>>>>>>>>>>>>>>>>>>>
Request:
simple_cpu_burn: OK 
=========================
Session:
Session(Acceptance test,70,1580331653551,Map(gatling.http.ssl.sslContexts -> SslContexts(io.netty.handler.ssl.JdkSslContext@4c2705ee,None), gatling.http.cache.dns -> io.gatling.http.cache.DnsCacheSupport$$anon$1@5898ac4b, gatling.http.cache.baseUrl -> http://localhost:8080),0,OK,List(),io.gatling.core.protocol.ProtocolComponentsRegistry$$Lambda$598/0x000000084055d840@452b12e)
=========================
HTTP request:
GET http://localhost:8080/cpu/magic-identity-check?matrixSize=133
headers=
Accept: */*
Content-Type: application/json;charset=UTF-8
Accept-Language: en-US,en;q=0.8,nl;q=0.6
User-Agent: Mozilla/5.0 (Windows NT 6.1; WOW64) AppleWebKit/537.36 (KHTML, like Gecko) Chrome/38.0.2125.111 Safari/537.36
accept-encoding: gzip,deflate,sdch
host: localhost:8080
=========================
HTTP response:
status=
200 
headers= 
Content-Type: application/json;charset=UTF-8
Transfer-Encoding: chunked
Date: Wed, 29 Jan 2020 21:00:53 GMT

body=
{"message":"A simple magic square multiplied by an identity square of size [133] [is equal] to the magic square.","name":"Simple-PropertiesFileName","durationInMillis":17}
<<<<<<<<<<<<<<<<<<<<<<<<<
22:00:53.574 [DEBUG] i.g.c.a.Pause - Pausing for 2575ms (real=2574ms)
22:00:53.711 [DEBUG] i.g.h.e.t.HttpTxExecutor - Sending request=simple_delay uri=http://localhost:8080/delay?duration=555: scenario=Acceptance test, userId=65
22:00:53.712 [DEBUG] i.g.h.c.i.HttpAppHandler - Write request WritableRequest{request=DefaultFullHttpRequest(decodeResult: success, version: HTTP/1.1, content: UnpooledByteBufAllocator$InstrumentedUnpooledUnsafeHeapByteBuf(ridx: 0, widx: 0, cap: 0))
GET /delay?duration=555 HTTP/1.1
Accept: */*
Content-Type: application/json;charset=UTF-8
Accept-Language: en-US,en;q=0.8,nl;q=0.6
User-Agent: Mozilla/5.0 (Windows NT 6.1; WOW64) AppleWebKit/537.36 (KHTML, like Gecko) Chrome/38.0.2125.111 Safari/537.36
accept-encoding: gzip,deflate,sdch
host: localhost:8080, content=null}
22:00:53.982 [DEBUG] i.g.h.e.t.HttpTxExecutor - Sending request=simple_mini_leak uri=http://localhost:8080/memory/grow?objects=8&items=54: scenario=Acceptance test, userId=55
22:00:53.982 [DEBUG] i.g.h.c.i.HttpAppHandler - Write request WritableRequest{request=DefaultFullHttpRequest(decodeResult: success, version: HTTP/1.1, content: UnpooledByteBufAllocator$InstrumentedUnpooledUnsafeHeapByteBuf(ridx: 0, widx: 0, cap: 0))
GET /memory/grow?objects=8&items=54 HTTP/1.1
Accept: */*
Content-Type: application/json;charset=UTF-8
Accept-Language: en-US,en;q=0.8,nl;q=0.6
User-Agent: Mozilla/5.0 (Windows NT 6.1; WOW64) AppleWebKit/537.36 (KHTML, like Gecko) Chrome/38.0.2125.111 Safari/537.36
accept-encoding: gzip,deflate,sdch
host: localhost:8080, content=null}
22:00:53.989 [DEBUG] i.g.h.c.i.HttpAppHandler - Read msg='DefaultHttpResponse(decodeResult: success, version: HTTP/1.1)
HTTP/1.1 200 
Content-Type: application/json;charset=UTF-8
Transfer-Encoding: chunked
Date: Wed, 29 Jan 2020 21:00:53 GMT'
22:00:53.990 [DEBUG] i.g.h.c.i.HttpAppHandler - Read msg='DefaultHttpContent(data: PooledSlicedByteBuf(ridx: 0, widx: 144, cap: 144/144, unwrapped: PooledUnsafeDirectByteBuf(ridx: 278, widx: 283, cap: 512)), decoderResult: success)'
22:00:53.990 [DEBUG] i.g.h.c.i.HttpAppHandler - Read msg='EmptyLastHttpContent'
22:00:53.990 [TRACE] i.g.h.e.r.DefaultStatsProcessor - 
>>>>>>>>>>>>>>>>>>>>>>>>>>
Request:
simple_mini_leak: OK 
=========================
Session:
Session(Acceptance test,55,1580331645051,Map(gatling.http.ssl.sslContexts -> SslContexts(io.netty.handler.ssl.JdkSslContext@6da0b0d4,None), gatling.http.cache.dns -> io.gatling.http.cache.DnsCacheSupport$$anon$1@5898ac4b, gatling.http.cache.baseUrl -> http://localhost:8080),19,OK,List(),io.gatling.core.protocol.ProtocolComponentsRegistry$$Lambda$598/0x000000084055d840@452b12e)
=========================
HTTP request:
GET http://localhost:8080/memory/grow?objects=8&items=54
headers=
Accept: */*
Content-Type: application/json;charset=UTF-8
Accept-Language: en-US,en;q=0.8,nl;q=0.6
User-Agent: Mozilla/5.0 (Windows NT 6.1; WOW64) AppleWebKit/537.36 (KHTML, like Gecko) Chrome/38.0.2125.111 Safari/537.36
accept-encoding: gzip,deflate,sdch
host: localhost:8080
=========================
HTTP response:
status=
200 
headers= 
Content-Type: application/json;charset=UTF-8
Transfer-Encoding: chunked
Date: Wed, 29 Jan 2020 21:00:53 GMT

body=
{"message":"Size of BigFatBastard list is now 11504 objects. It contains 621216 items.","name":"Simple-PropertiesFileName","durationInMillis":5}
<<<<<<<<<<<<<<<<<<<<<<<<<
22:00:53.990 [DEBUG] i.g.c.a.Pause - Pausing for 7962ms (real=7943ms)
22:00:54.032 [DEBUG] i.g.h.e.t.HttpTxExecutor - Sending request=simple_delay uri=http://localhost:8080/delay?duration=555: scenario=Acceptance test, userId=67
22:00:54.032 [DEBUG] i.g.h.c.i.HttpAppHandler - Write request WritableRequest{request=DefaultFullHttpRequest(decodeResult: success, version: HTTP/1.1, content: UnpooledByteBufAllocator$InstrumentedUnpooledUnsafeHeapByteBuf(ridx: 0, widx: 0, cap: 0))
GET /delay?duration=555 HTTP/1.1
Accept: */*
Content-Type: application/json;charset=UTF-8
Accept-Language: en-US,en;q=0.8,nl;q=0.6
User-Agent: Mozilla/5.0 (Windows NT 6.1; WOW64) AppleWebKit/537.36 (KHTML, like Gecko) Chrome/38.0.2125.111 Safari/537.36
accept-encoding: gzip,deflate,sdch
host: localhost:8080, content=null}
22:00:54.162 [DEBUG] i.g.h.e.t.HttpTxExecutor - Sending request=upload-file uri=http://localhost:8080/files/upload: scenario=Acceptance test, userId=57
22:00:54.162 [DEBUG] i.g.h.c.i.HttpAppHandler - Write request WritableRequest{request=DefaultHttpRequest(decodeResult: success, version: HTTP/1.1)
POST /files/upload HTTP/1.1
Accept: */*
Accept-Language: en-US,en;q=0.8,nl;q=0.6
User-Agent: Mozilla/5.0 (Windows NT 6.1; WOW64) AppleWebKit/537.36 (KHTML, like Gecko) Chrome/38.0.2125.111 Safari/537.36
accept-encoding: gzip,deflate,sdch
host: localhost:8080
content-type: multipart/form-data; boundary=isS1tGj15bH4IFKX60bqc-hW9z_FKdxZPo8
content-length: 220, content=io.gatling.http.client.body.multipart.impl.MultipartFileRegion@1a0988b5}
22:00:54.165 [DEBUG] i.g.h.c.i.HttpAppHandler - Read msg='DefaultHttpResponse(decodeResult: success, version: HTTP/1.1)
HTTP/1.1 200 
Content-Type: text/plain;charset=UTF-8
Content-Length: 62
Date: Wed, 29 Jan 2020 21:00:54 GMT'
22:00:54.165 [DEBUG] i.g.h.c.i.HttpAppHandler - Read msg='DefaultLastHttpContent(data: PooledSlicedByteBuf(ridx: 0, widx: 62, cap: 62/62, unwrapped: PooledUnsafeDirectByteBuf(ridx: 176, widx: 176, cap: 512)), decoderResult: success)'
22:00:54.166 [TRACE] i.g.h.e.r.DefaultStatsProcessor - 
>>>>>>>>>>>>>>>>>>>>>>>>>>
Request:
upload-file: OK 
=========================
Session:
Session(Acceptance test,57,1580331646551,Map(gatling.http.ssl.sslContexts -> SslContexts(io.netty.handler.ssl.JdkSslContext@3f79603b,None), gatling.http.cache.dns -> io.gatling.http.cache.DnsCacheSupport$$anon$1@5898ac4b, gatling.http.cache.baseUrl -> http://localhost:8080),14,OK,List(),io.gatling.core.protocol.ProtocolComponentsRegistry$$Lambda$598/0x000000084055d840@452b12e)
=========================
HTTP request:
POST http://localhost:8080/files/upload
headers=
Accept: */*
Accept-Language: en-US,en;q=0.8,nl;q=0.6
User-Agent: Mozilla/5.0 (Windows NT 6.1; WOW64) AppleWebKit/537.36 (KHTML, like Gecko) Chrome/38.0.2125.111 Safari/537.36
accept-encoding: gzip,deflate,sdch
host: localhost:8080
content-type: multipart/form-data; boundary=isS1tGj15bH4IFKX60bqc-hW9z_FKdxZPo8
content-length: 220
multipartBody=
ByteArrayPart: name=upload contentType=text/plain dispositionType=null charset=UTF-8 transferEncoding=null contentId=null filename=gatling-upload.txt
=========================
HTTP response:
status=
200 
headers= 
Content-Type: text/plain;charset=UTF-8
Content-Length: 62
Date: Wed, 29 Jan 2020 21:00:54 GMT

body=
File upload succeeded [gatling-upload.txt] of size [17] bytes.
<<<<<<<<<<<<<<<<<<<<<<<<<
22:00:54.166 [DEBUG] i.g.c.a.Exit - End user #57
22:00:54.167 [DEBUG] i.g.c.c.i.Injector - End user #57

================================================================================
2020-01-29 22:00:54                                          50s elapsed
---- Requests ------------------------------------------------------------------
> Global                                                   (OK=245    KO=1     )
> simple_cpu_burn                                          (OK=70     KO=0     )
> simple_delay                                             (OK=63     KO=0     )
> simple_mini_leak                                         (OK=59     KO=1     )
> upload-file                                              (OK=53     KO=0     )
---- Errors --------------------------------------------------------------------
> status.find.is(200), but actually found 500                         1 (100.0%)

---- Acceptance test -----------------------------------------------------------
[#####--                                                                   ]  7%
          waiting: 620    / active: 17     / done: 53    
================================================================================

22:00:54.174 [DEBUG] i.g.g.m.GraphiteMetrics$ - GraphiteMetrics=gatling2.BurnAfter.acc.afterburner.users.allUsers.active 33 1580331654
gatling2.BurnAfter.acc.afterburner.users.allUsers.waiting 620 1580331654
gatling2.BurnAfter.acc.afterburner.users.allUsers.done 53 1580331654
gatling2.BurnAfter.acc.afterburner.users.Acceptance_test.active 33 1580331654
gatling2.BurnAfter.acc.afterburner.users.Acceptance_test.waiting 620 1580331654
gatling2.BurnAfter.acc.afterburner.users.Acceptance_test.done 53 1580331654
gatling2.BurnAfter.acc.afterburner.simple_delay.ok.count 18 1580331654
gatling2.BurnAfter.acc.afterburner.simple_delay.ok.min 556 1580331654
gatling2.BurnAfter.acc.afterburner.simple_delay.ok.max 559 1580331654
gatling2.BurnAfter.acc.afterburner.simple_delay.ok.mean 558 1580331654
gatling2.BurnAfter.acc.afterburner.simple_delay.ok.stdDev 0 1580331654
gatling2.BurnAfter.acc.afterburner.simple_delay.ok.percentiles50 559 1580331654
gatling2.BurnAfter.acc.afterburner.simple_delay.ok.percentiles75 559 1580331654
gatling2.BurnAfter.acc.afterburner.simple_delay.ok.percentiles95 559 1580331654
gatling2.BurnAfter.acc.afterburner.simple_delay.ok.percentiles99 559 1580331654
gatling2.BurnAfter.acc.afterburner.simple_delay.ko.count 0 1580331654
gatling2.BurnAfter.acc.afterburner.simple_delay.all.count 18 1580331654
gatling2.BurnAfter.acc.afterburner.simple_delay.all.min 556 1580331654
gatling2.BurnAfter.acc.afterburner.simple_delay.all.max 559 1580331654
gatling2.BurnAfter.acc.afterburner.simple_delay.all.mean 558 1580331654
gatling2.BurnAfter.acc.afterburner.simple_delay.all.stdDev 0 1580331654
gatling2.BurnAfter.acc.afterburner.simple_delay.all.percentiles50 559 1580331654
gatling2.BurnAfter.acc.afterburner.simple_delay.all.percentiles75 559 1580331654
gatling2.BurnAfter.acc.afterburner.simple_delay.all.percentiles95 559 1580331654
gatling2.BurnAfter.acc.afterburner.simple_delay.all.percentiles99 559 1580331654
gatling2.BurnAfter.acc.afterburner.upload-file.ok.count 16 1580331654
gatling2.BurnAfter.acc.afterburner.upload-file.ok.min 2 1580331654
gatling2.BurnAfter.acc.afterburner.upload-file.ok.max 5 1580331654
gatling2.BurnAfter.acc.afterburner.upload-file.ok.mean 3 1580331654
gatling2.BurnAfter.acc.afterburner.upload-file.ok.stdDev 0 1580331654
gatling2.BurnAfter.acc.afterburner.upload-file.ok.percentiles50 4 1580331654
gatling2.BurnAfter.acc.afterburner.upload-file.ok.percentiles75 4 1580331654
gatling2.BurnAfter.acc.afterburner.upload-file.ok.percentiles95 5 1580331654
gatling2.BurnAfter.acc.afterburner.upload-file.ok.percentiles99 5 1580331654
gatling2.BurnAfter.acc.afterburner.upload-file.ko.count 0 1580331654
gatling2.BurnAfter.acc.afterburner.upload-file.all.count 16 1580331654
gatling2.BurnAfter.acc.afterburner.upload-file.all.min 2 1580331654
gatling2.BurnAfter.acc.afterburner.upload-file.all.max 5 1580331654
gatling2.BurnAfter.acc.afterburner.upload-file.all.mean 3 1580331654
gatling2.BurnAfter.acc.afterburner.upload-file.all.stdDev 0 1580331654
gatling2.BurnAfter.acc.afterburner.upload-file.all.percentiles50 4 1580331654
gatling2.BurnAfter.acc.afterburner.upload-file.all.percentiles75 4 1580331654
gatling2.BurnAfter.acc.afterburner.upload-file.all.percentiles95 5 1580331654
gatling2.BurnAfter.acc.afterburner.upload-file.all.percentiles99 5 1580331654
gatling2.BurnAfter.acc.afterburner.simple_mini_leak.ok.count 18 1580331654
gatling2.BurnAfter.acc.afterburner.simple_mini_leak.ok.min 2 1580331654
gatling2.BurnAfter.acc.afterburner.simple_mini_leak.ok.max 9 1580331654
gatling2.BurnAfter.acc.afterburner.simple_mini_leak.ok.mean 6 1580331654
gatling2.BurnAfter.acc.afterburner.simple_mini_leak.ok.stdDev 1 1580331654
gatling2.BurnAfter.acc.afterburner.simple_mini_leak.ok.percentiles50 7 1580331654
gatling2.BurnAfter.acc.afterburner.simple_mini_leak.ok.percentiles75 8 1580331654
gatling2.BurnAfter.acc.afterburner.simple_mini_leak.ok.percentiles95 9 1580331654
gatling2.BurnAfter.acc.afterburner.simple_mini_leak.ok.percentiles99 9 1580331654
gatling2.BurnAfter.acc.afterburner.simple_mini_leak.ko.count 0 1580331654
gatling2.BurnAfter.acc.afterburner.simple_mini_leak.all.count 18 1580331654
gatling2.BurnAfter.acc.afterburner.simple_mini_leak.all.min 2 1580331654
gatling2.BurnAfter.acc.afterburner.simple_mini_leak.all.max 9 1580331654
gatling2.BurnAfter.acc.afterburner.simple_mini_leak.all.mean 6 1580331654
gatling2.BurnAfter.acc.afterburner.simple_mini_leak.all.stdDev 1 1580331654
gatling2.BurnAfter.acc.afterburner.simple_mini_leak.all.percentiles50 7 1580331654
gatling2.BurnAfter.acc.afterburner.simple_mini_leak.all.percentiles75 8 1580331654
gatling2.BurnAfter.acc.afterburner.simple_mini_leak.all.percentiles95 9 1580331654
gatling2.BurnAfter.acc.afterburner.simple_mini_leak.all.percentiles99 9 1580331654
gatling2.BurnAfter.acc.afterburner.simple_cpu_burn.ok.count 17 1580331654
gatling2.BurnAfter.acc.afterburner.simple_cpu_burn.ok.min 4 1580331654
gatling2.BurnAfter.acc.afterburner.simple_cpu_burn.ok.max 21 1580331654
gatling2.BurnAfter.acc.afterburner.simple_cpu_burn.ok.mean 10 1580331654
gatling2.BurnAfter.acc.afterburner.simple_cpu_burn.ok.stdDev 4 1580331654
gatling2.BurnAfter.acc.afterburner.simple_cpu_burn.ok.percentiles50 12 1580331654
gatling2.BurnAfter.acc.afterburner.simple_cpu_burn.ok.percentiles75 13 1580331654
gatling2.BurnAfter.acc.afterburner.simple_cpu_burn.ok.percentiles95 21 1580331654
gatling2.BurnAfter.acc.afterburner.simple_cpu_burn.ok.percentiles99 21 1580331654
gatling2.BurnAfter.acc.afterburner.simple_cpu_burn.ko.count 0 1580331654
gatling2.BurnAfter.acc.afterburner.simple_cpu_burn.all.count 17 1580331654
gatling2.BurnAfter.acc.afterburner.simple_cpu_burn.all.min 4 1580331654
gatling2.BurnAfter.acc.afterburner.simple_cpu_burn.all.max 21 1580331654
gatling2.BurnAfter.acc.afterburner.simple_cpu_burn.all.mean 10 1580331654
gatling2.BurnAfter.acc.afterburner.simple_cpu_burn.all.stdDev 4 1580331654
gatling2.BurnAfter.acc.afterburner.simple_cpu_burn.all.percentiles50 12 1580331654
gatling2.BurnAfter.acc.afterburner.simple_cpu_burn.all.percentiles75 13 1580331654
gatling2.BurnAfter.acc.afterburner.simple_cpu_burn.all.percentiles95 21 1580331654
gatling2.BurnAfter.acc.afterburner.simple_cpu_burn.all.percentiles99 21 1580331654
gatling2.BurnAfter.acc.afterburner.allRequests.ok.count 69 1580331654
gatling2.BurnAfter.acc.afterburner.allRequests.ok.min 2 1580331654
gatling2.BurnAfter.acc.afterburner.allRequests.ok.max 559 1580331654
gatling2.BurnAfter.acc.afterburner.allRequests.ok.mean 150 1580331654
gatling2.BurnAfter.acc.afterburner.allRequests.ok.stdDev 241 1580331654
gatling2.BurnAfter.acc.afterburner.allRequests.ok.percentiles50 8 1580331654
gatling2.BurnAfter.acc.afterburner.allRequests.ok.percentiles75 559 1580331654
gatling2.BurnAfter.acc.afterburner.allRequests.ok.percentiles95 559 1580331654
gatling2.BurnAfter.acc.afterburner.allRequests.ok.percentiles99 559 1580331654
gatling2.BurnAfter.acc.afterburner.allRequests.ko.count 0 1580331654
gatling2.BurnAfter.acc.afterburner.allRequests.all.count 69 1580331654
gatling2.BurnAfter.acc.afterburner.allRequests.all.min 2 1580331654
gatling2.BurnAfter.acc.afterburner.allRequests.all.max 559 1580331654
gatling2.BurnAfter.acc.afterburner.allRequests.all.mean 150 1580331654
gatling2.BurnAfter.acc.afterburner.allRequests.all.stdDev 241 1580331654
gatling2.BurnAfter.acc.afterburner.allRequests.all.percentiles50 8 1580331654
gatling2.BurnAfter.acc.afterburner.allRequests.all.percentiles75 559 1580331654
gatling2.BurnAfter.acc.afterburner.allRequests.all.percentiles95 559 1580331654
gatling2.BurnAfter.acc.afterburner.allRequests.all.percentiles99 559 1580331654

22:00:54.175 [DEBUG] i.g.g.s.TcpSender - All connection/sending retries have been exhausted, ignore further messages
22:00:54.269 [DEBUG] i.g.h.c.i.HttpAppHandler - Read msg='DefaultHttpResponse(decodeResult: success, version: HTTP/1.1)
HTTP/1.1 200 
Content-Type: application/json;charset=UTF-8
Transfer-Encoding: chunked
Date: Wed, 29 Jan 2020 21:00:54 GMT'
22:00:54.269 [DEBUG] i.g.h.c.i.HttpAppHandler - Read msg='DefaultHttpContent(data: PooledSlicedByteBuf(ridx: 0, widx: 95, cap: 95/95, unwrapped: PooledUnsafeDirectByteBuf(ridx: 229, widx: 234, cap: 1024)), decoderResult: success)'
22:00:54.270 [DEBUG] i.g.h.c.i.HttpAppHandler - Read msg='EmptyLastHttpContent'
22:00:54.270 [TRACE] i.g.h.e.r.DefaultStatsProcessor - 
>>>>>>>>>>>>>>>>>>>>>>>>>>
Request:
simple_delay: OK 
=========================
Session:
Session(Acceptance test,65,1580331651052,Map(gatling.http.ssl.sslContexts -> SslContexts(io.netty.handler.ssl.JdkSslContext@6183443e,None), gatling.http.cache.dns -> io.gatling.http.cache.DnsCacheSupport$$anon$1@5898ac4b, gatling.http.cache.baseUrl -> http://localhost:8080),15,OK,List(),io.gatling.core.protocol.ProtocolComponentsRegistry$$Lambda$598/0x000000084055d840@452b12e)
=========================
HTTP request:
GET http://localhost:8080/delay?duration=555
headers=
Accept: */*
Content-Type: application/json;charset=UTF-8
Accept-Language: en-US,en;q=0.8,nl;q=0.6
User-Agent: Mozilla/5.0 (Windows NT 6.1; WOW64) AppleWebKit/537.36 (KHTML, like Gecko) Chrome/38.0.2125.111 Safari/537.36
accept-encoding: gzip,deflate,sdch
host: localhost:8080
=========================
HTTP response:
status=
200 
headers= 
Content-Type: application/json;charset=UTF-8
Transfer-Encoding: chunked
Date: Wed, 29 Jan 2020 21:00:54 GMT

body=
{"message":"This was a delay of 555","name":"Simple-PropertiesFileName","durationInMillis":555}
<<<<<<<<<<<<<<<<<<<<<<<<<
22:00:54.270 [DEBUG] i.g.c.a.Pause - Pausing for 4100ms (real=4085ms)
22:00:54.392 [DEBUG] i.g.h.e.t.HttpTxExecutor - Sending request=simple_delay uri=http://localhost:8080/delay?duration=555: scenario=Acceptance test, userId=66
22:00:54.392 [DEBUG] i.g.h.c.i.HttpAppHandler - Write request WritableRequest{request=DefaultFullHttpRequest(decodeResult: success, version: HTTP/1.1, content: UnpooledByteBufAllocator$InstrumentedUnpooledUnsafeHeapByteBuf(ridx: 0, widx: 0, cap: 0))
GET /delay?duration=555 HTTP/1.1
Accept: */*
Content-Type: application/json;charset=UTF-8
Accept-Language: en-US,en;q=0.8,nl;q=0.6
User-Agent: Mozilla/5.0 (Windows NT 6.1; WOW64) AppleWebKit/537.36 (KHTML, like Gecko) Chrome/38.0.2125.111 Safari/537.36
accept-encoding: gzip,deflate,sdch
host: localhost:8080, content=null}
22:00:54.462 [DEBUG] i.g.h.e.t.HttpTxExecutor - Sending request=simple_mini_leak uri=http://localhost:8080/memory/grow?objects=8&items=54: scenario=Acceptance test, userId=61
22:00:54.462 [DEBUG] i.g.h.c.i.HttpAppHandler - Write request WritableRequest{request=DefaultFullHttpRequest(decodeResult: success, version: HTTP/1.1, content: UnpooledByteBufAllocator$InstrumentedUnpooledUnsafeHeapByteBuf(ridx: 0, widx: 0, cap: 0))
GET /memory/grow?objects=8&items=54 HTTP/1.1
Accept: */*
Content-Type: application/json;charset=UTF-8
Accept-Language: en-US,en;q=0.8,nl;q=0.6
User-Agent: Mozilla/5.0 (Windows NT 6.1; WOW64) AppleWebKit/537.36 (KHTML, like Gecko) Chrome/38.0.2125.111 Safari/537.36
accept-encoding: gzip,deflate,sdch
host: localhost:8080, content=null}
22:00:54.469 [DEBUG] i.g.h.c.i.HttpAppHandler - Read msg='DefaultHttpResponse(decodeResult: success, version: HTTP/1.1)
HTTP/1.1 200 
Content-Type: application/json;charset=UTF-8
Transfer-Encoding: chunked
Date: Wed, 29 Jan 2020 21:00:54 GMT'
22:00:54.470 [DEBUG] i.g.h.c.i.HttpAppHandler - Read msg='DefaultHttpContent(data: PooledSlicedByteBuf(ridx: 0, widx: 144, cap: 144/144, unwrapped: PooledUnsafeDirectByteBuf(ridx: 278, widx: 283, cap: 512)), decoderResult: success)'
22:00:54.470 [DEBUG] i.g.h.c.i.HttpAppHandler - Read msg='EmptyLastHttpContent'
22:00:54.471 [TRACE] i.g.h.e.r.DefaultStatsProcessor - 
>>>>>>>>>>>>>>>>>>>>>>>>>>
Request:
simple_mini_leak: OK 
=========================
Session:
Session(Acceptance test,61,1580331648551,Map(gatling.http.ssl.sslContexts -> SslContexts(io.netty.handler.ssl.JdkSslContext@6aaa8268,None), gatling.http.cache.dns -> io.gatling.http.cache.DnsCacheSupport$$anon$1@5898ac4b, gatling.http.cache.baseUrl -> http://localhost:8080),17,OK,List(),io.gatling.core.protocol.ProtocolComponentsRegistry$$Lambda$598/0x000000084055d840@452b12e)
=========================
HTTP request:
GET http://localhost:8080/memory/grow?objects=8&items=54
headers=
Accept: */*
Content-Type: application/json;charset=UTF-8
Accept-Language: en-US,en;q=0.8,nl;q=0.6
User-Agent: Mozilla/5.0 (Windows NT 6.1; WOW64) AppleWebKit/537.36 (KHTML, like Gecko) Chrome/38.0.2125.111 Safari/537.36
accept-encoding: gzip,deflate,sdch
host: localhost:8080
=========================
HTTP response:
status=
200 
headers= 
Content-Type: application/json;charset=UTF-8
Transfer-Encoding: chunked
Date: Wed, 29 Jan 2020 21:00:54 GMT

body=
{"message":"Size of BigFatBastard list is now 11512 objects. It contains 621648 items.","name":"Simple-PropertiesFileName","durationInMillis":5}
<<<<<<<<<<<<<<<<<<<<<<<<<
22:00:54.471 [DEBUG] i.g.c.a.Pause - Pausing for 4158ms (real=4140ms)
22:00:54.552 [DEBUG] i.g.c.c.i.o.OpenWorkload - Injecting 2 users in scenario Acceptance test, continue=true
22:00:54.552 [DEBUG] i.g.h.e.t.HttpTxExecutor - Sending request=simple_cpu_burn uri=http://localhost:8080/cpu/magic-identity-check?matrixSize=133: scenario=Acceptance test, userId=71
22:00:54.552 [DEBUG] i.g.c.c.i.o.OpenWorkload - Start user #71
22:00:54.553 [DEBUG] i.g.h.c.i.HttpAppHandler - Write request WritableRequest{request=DefaultFullHttpRequest(decodeResult: success, version: HTTP/1.1, content: UnpooledByteBufAllocator$InstrumentedUnpooledUnsafeHeapByteBuf(ridx: 0, widx: 0, cap: 0))
GET /cpu/magic-identity-check?matrixSize=133 HTTP/1.1
Accept: */*
Content-Type: application/json;charset=UTF-8
Accept-Language: en-US,en;q=0.8,nl;q=0.6
User-Agent: Mozilla/5.0 (Windows NT 6.1; WOW64) AppleWebKit/537.36 (KHTML, like Gecko) Chrome/38.0.2125.111 Safari/537.36
accept-encoding: gzip,deflate,sdch
host: localhost:8080, content=null}
22:00:54.557 [DEBUG] i.g.h.c.i.HttpAppHandler - Read msg='DefaultHttpResponse(decodeResult: success, version: HTTP/1.1)
HTTP/1.1 200 
Content-Type: application/json;charset=UTF-8
Transfer-Encoding: chunked
Date: Wed, 29 Jan 2020 21:00:54 GMT'
22:00:54.557 [DEBUG] i.g.h.c.i.HttpAppHandler - Read msg='DefaultHttpContent(data: PooledSlicedByteBuf(ridx: 0, widx: 170, cap: 170/170, unwrapped: PooledUnsafeDirectByteBuf(ridx: 304, widx: 309, cap: 1024)), decoderResult: success)'
22:00:54.557 [DEBUG] i.g.h.c.i.HttpAppHandler - Read msg='EmptyLastHttpContent'
22:00:54.558 [TRACE] i.g.h.e.r.DefaultStatsProcessor - 
>>>>>>>>>>>>>>>>>>>>>>>>>>
Request:
simple_cpu_burn: OK 
=========================
Session:
Session(Acceptance test,71,1580331654552,Map(gatling.http.ssl.sslContexts -> SslContexts(io.netty.handler.ssl.JdkSslContext@5e2a82e1,None), gatling.http.cache.dns -> io.gatling.http.cache.DnsCacheSupport$$anon$1@5898ac4b, gatling.http.cache.baseUrl -> http://localhost:8080),0,OK,List(),io.gatling.core.protocol.ProtocolComponentsRegistry$$Lambda$598/0x000000084055d840@452b12e)
=========================
HTTP request:
GET http://localhost:8080/cpu/magic-identity-check?matrixSize=133
headers=
Accept: */*
Content-Type: application/json;charset=UTF-8
Accept-Language: en-US,en;q=0.8,nl;q=0.6
User-Agent: Mozilla/5.0 (Windows NT 6.1; WOW64) AppleWebKit/537.36 (KHTML, like Gecko) Chrome/38.0.2125.111 Safari/537.36
accept-encoding: gzip,deflate,sdch
host: localhost:8080
=========================
HTTP response:
status=
200 
headers= 
Content-Type: application/json;charset=UTF-8
Transfer-Encoding: chunked
Date: Wed, 29 Jan 2020 21:00:54 GMT

body=
{"message":"A simple magic square multiplied by an identity square of size [133] [is equal] to the magic square.","name":"Simple-PropertiesFileName","durationInMillis":3}
<<<<<<<<<<<<<<<<<<<<<<<<<
22:00:54.558 [DEBUG] i.g.c.a.Pause - Pausing for 1825ms (real=1824ms)
22:00:54.589 [DEBUG] i.g.h.c.i.HttpAppHandler - Read msg='DefaultHttpResponse(decodeResult: success, version: HTTP/1.1)
HTTP/1.1 200 
Content-Type: application/json;charset=UTF-8
Transfer-Encoding: chunked
Date: Wed, 29 Jan 2020 21:00:54 GMT'
22:00:54.589 [DEBUG] i.g.h.c.i.HttpAppHandler - Read msg='DefaultHttpContent(data: PooledSlicedByteBuf(ridx: 0, widx: 95, cap: 95/95, unwrapped: PooledUnsafeDirectByteBuf(ridx: 229, widx: 234, cap: 1024)), decoderResult: success)'
22:00:54.590 [DEBUG] i.g.h.c.i.HttpAppHandler - Read msg='EmptyLastHttpContent'
22:00:54.590 [TRACE] i.g.h.e.r.DefaultStatsProcessor - 
>>>>>>>>>>>>>>>>>>>>>>>>>>
Request:
simple_delay: OK 
=========================
Session:
Session(Acceptance test,67,1580331652052,Map(gatling.http.ssl.sslContexts -> SslContexts(io.netty.handler.ssl.JdkSslContext@10ef8ddd,None), gatling.http.cache.dns -> io.gatling.http.cache.DnsCacheSupport$$anon$1@5898ac4b, gatling.http.cache.baseUrl -> http://localhost:8080),12,OK,List(),io.gatling.core.protocol.ProtocolComponentsRegistry$$Lambda$598/0x000000084055d840@452b12e)
=========================
HTTP request:
GET http://localhost:8080/delay?duration=555
headers=
Accept: */*
Content-Type: application/json;charset=UTF-8
Accept-Language: en-US,en;q=0.8,nl;q=0.6
User-Agent: Mozilla/5.0 (Windows NT 6.1; WOW64) AppleWebKit/537.36 (KHTML, like Gecko) Chrome/38.0.2125.111 Safari/537.36
accept-encoding: gzip,deflate,sdch
host: localhost:8080
=========================
HTTP response:
status=
200 
headers= 
Content-Type: application/json;charset=UTF-8
Transfer-Encoding: chunked
Date: Wed, 29 Jan 2020 21:00:54 GMT

body=
{"message":"This was a delay of 555","name":"Simple-PropertiesFileName","durationInMillis":555}
<<<<<<<<<<<<<<<<<<<<<<<<<
22:00:54.590 [DEBUG] i.g.c.a.Pause - Pausing for 777ms (real=765ms)
22:00:54.950 [DEBUG] i.g.h.c.i.HttpAppHandler - Read msg='DefaultHttpResponse(decodeResult: success, version: HTTP/1.1)
HTTP/1.1 200 
Content-Type: application/json;charset=UTF-8
Transfer-Encoding: chunked
Date: Wed, 29 Jan 2020 21:00:54 GMT'
22:00:54.950 [DEBUG] i.g.h.c.i.HttpAppHandler - Read msg='DefaultHttpContent(data: PooledSlicedByteBuf(ridx: 0, widx: 95, cap: 95/95, unwrapped: PooledUnsafeDirectByteBuf(ridx: 229, widx: 234, cap: 1024)), decoderResult: success)'
22:00:54.950 [DEBUG] i.g.h.c.i.HttpAppHandler - Read msg='EmptyLastHttpContent'
22:00:54.951 [TRACE] i.g.h.e.r.DefaultStatsProcessor - 
>>>>>>>>>>>>>>>>>>>>>>>>>>
Request:
simple_delay: OK 
=========================
Session:
Session(Acceptance test,66,1580331651552,Map(gatling.http.ssl.sslContexts -> SslContexts(io.netty.handler.ssl.JdkSslContext@19cdc29f,None), gatling.http.cache.dns -> io.gatling.http.cache.DnsCacheSupport$$anon$1@5898ac4b, gatling.http.cache.baseUrl -> http://localhost:8080),26,OK,List(),io.gatling.core.protocol.ProtocolComponentsRegistry$$Lambda$598/0x000000084055d840@452b12e)
=========================
HTTP request:
GET http://localhost:8080/delay?duration=555
headers=
Accept: */*
Content-Type: application/json;charset=UTF-8
Accept-Language: en-US,en;q=0.8,nl;q=0.6
User-Agent: Mozilla/5.0 (Windows NT 6.1; WOW64) AppleWebKit/537.36 (KHTML, like Gecko) Chrome/38.0.2125.111 Safari/537.36
accept-encoding: gzip,deflate,sdch
host: localhost:8080
=========================
HTTP response:
status=
200 
headers= 
Content-Type: application/json;charset=UTF-8
Transfer-Encoding: chunked
Date: Wed, 29 Jan 2020 21:00:54 GMT

body=
{"message":"This was a delay of 555","name":"Simple-PropertiesFileName","durationInMillis":555}
<<<<<<<<<<<<<<<<<<<<<<<<<
22:00:54.951 [DEBUG] i.g.c.a.Pause - Pausing for 2987ms (real=2960ms)
22:00:54.962 [DEBUG] i.g.h.e.t.HttpTxExecutor - Sending request=simple_delay uri=http://localhost:8080/delay?duration=555: scenario=Acceptance test, userId=60
22:00:54.962 [DEBUG] i.g.h.c.i.HttpAppHandler - Write request WritableRequest{request=DefaultFullHttpRequest(decodeResult: success, version: HTTP/1.1, content: UnpooledByteBufAllocator$InstrumentedUnpooledUnsafeHeapByteBuf(ridx: 0, widx: 0, cap: 0))
GET /delay?duration=555 HTTP/1.1
Accept: */*
Content-Type: application/json;charset=UTF-8
Accept-Language: en-US,en;q=0.8,nl;q=0.6
User-Agent: Mozilla/5.0 (Windows NT 6.1; WOW64) AppleWebKit/537.36 (KHTML, like Gecko) Chrome/38.0.2125.111 Safari/537.36
accept-encoding: gzip,deflate,sdch
host: localhost:8080, content=null}
22:00:55.052 [DEBUG] i.g.h.e.t.HttpTxExecutor - Sending request=simple_cpu_burn uri=http://localhost:8080/cpu/magic-identity-check?matrixSize=133: scenario=Acceptance test, userId=72
22:00:55.053 [DEBUG] i.g.c.c.i.o.OpenWorkload - Start user #72
22:00:55.054 [DEBUG] i.g.h.c.i.HttpAppHandler - Write request WritableRequest{request=DefaultFullHttpRequest(decodeResult: success, version: HTTP/1.1, content: UnpooledByteBufAllocator$InstrumentedUnpooledUnsafeHeapByteBuf(ridx: 0, widx: 0, cap: 0))
GET /cpu/magic-identity-check?matrixSize=133 HTTP/1.1
Accept: */*
Content-Type: application/json;charset=UTF-8
Accept-Language: en-US,en;q=0.8,nl;q=0.6
User-Agent: Mozilla/5.0 (Windows NT 6.1; WOW64) AppleWebKit/537.36 (KHTML, like Gecko) Chrome/38.0.2125.111 Safari/537.36
accept-encoding: gzip,deflate,sdch
host: localhost:8080, content=null}
22:00:55.060 [DEBUG] i.g.h.c.i.HttpAppHandler - Read msg='DefaultHttpResponse(decodeResult: success, version: HTTP/1.1)
HTTP/1.1 200 
Content-Type: application/json;charset=UTF-8
Transfer-Encoding: chunked
Date: Wed, 29 Jan 2020 21:00:54 GMT'
22:00:55.060 [DEBUG] i.g.h.c.i.HttpAppHandler - Read msg='DefaultHttpContent(data: PooledSlicedByteBuf(ridx: 0, widx: 170, cap: 170/170, unwrapped: PooledUnsafeDirectByteBuf(ridx: 304, widx: 309, cap: 1024)), decoderResult: success)'
22:00:55.060 [DEBUG] i.g.h.c.i.HttpAppHandler - Read msg='EmptyLastHttpContent'
22:00:55.061 [TRACE] i.g.h.e.r.DefaultStatsProcessor - 
>>>>>>>>>>>>>>>>>>>>>>>>>>
Request:
simple_cpu_burn: OK 
=========================
Session:
Session(Acceptance test,72,1580331655052,Map(gatling.http.ssl.sslContexts -> SslContexts(io.netty.handler.ssl.JdkSslContext@493404ff,None), gatling.http.cache.dns -> io.gatling.http.cache.DnsCacheSupport$$anon$1@5898ac4b, gatling.http.cache.baseUrl -> http://localhost:8080),0,OK,List(),io.gatling.core.protocol.ProtocolComponentsRegistry$$Lambda$598/0x000000084055d840@452b12e)
=========================
HTTP request:
GET http://localhost:8080/cpu/magic-identity-check?matrixSize=133
headers=
Accept: */*
Content-Type: application/json;charset=UTF-8
Accept-Language: en-US,en;q=0.8,nl;q=0.6
User-Agent: Mozilla/5.0 (Windows NT 6.1; WOW64) AppleWebKit/537.36 (KHTML, like Gecko) Chrome/38.0.2125.111 Safari/537.36
accept-encoding: gzip,deflate,sdch
host: localhost:8080
=========================
HTTP response:
status=
200 
headers= 
Content-Type: application/json;charset=UTF-8
Transfer-Encoding: chunked
Date: Wed, 29 Jan 2020 21:00:54 GMT

body=
{"message":"A simple magic square multiplied by an identity square of size [133] [is equal] to the magic square.","name":"Simple-PropertiesFileName","durationInMillis":4}
<<<<<<<<<<<<<<<<<<<<<<<<<
22:00:55.061 [DEBUG] i.g.c.a.Pause - Pausing for 1278ms (real=1277ms)
22:00:55.372 [DEBUG] i.g.h.e.t.HttpTxExecutor - Sending request=simple_mini_leak uri=http://localhost:8080/memory/grow?objects=8&items=54: scenario=Acceptance test, userId=67
22:00:55.373 [DEBUG] i.g.h.c.i.HttpAppHandler - Write request WritableRequest{request=DefaultFullHttpRequest(decodeResult: success, version: HTTP/1.1, content: UnpooledByteBufAllocator$InstrumentedUnpooledUnsafeHeapByteBuf(ridx: 0, widx: 0, cap: 0))
GET /memory/grow?objects=8&items=54 HTTP/1.1
Accept: */*
Content-Type: application/json;charset=UTF-8
Accept-Language: en-US,en;q=0.8,nl;q=0.6
User-Agent: Mozilla/5.0 (Windows NT 6.1; WOW64) AppleWebKit/537.36 (KHTML, like Gecko) Chrome/38.0.2125.111 Safari/537.36
accept-encoding: gzip,deflate,sdch
host: localhost:8080, content=null}
22:00:55.379 [DEBUG] i.g.h.c.i.HttpAppHandler - Read msg='DefaultHttpResponse(decodeResult: success, version: HTTP/1.1)
HTTP/1.1 200 
Content-Type: application/json;charset=UTF-8
Transfer-Encoding: chunked
Date: Wed, 29 Jan 2020 21:00:55 GMT'
22:00:55.379 [DEBUG] i.g.h.c.i.HttpAppHandler - Read msg='DefaultHttpContent(data: PooledSlicedByteBuf(ridx: 0, widx: 144, cap: 144/144, unwrapped: PooledUnsafeDirectByteBuf(ridx: 278, widx: 283, cap: 512)), decoderResult: success)'
22:00:55.379 [DEBUG] i.g.h.c.i.HttpAppHandler - Read msg='EmptyLastHttpContent'
22:00:55.379 [TRACE] i.g.h.e.r.DefaultStatsProcessor - 
>>>>>>>>>>>>>>>>>>>>>>>>>>
Request:
simple_mini_leak: OK 
=========================
Session:
Session(Acceptance test,67,1580331652052,Map(gatling.http.ssl.sslContexts -> SslContexts(io.netty.handler.ssl.JdkSslContext@10ef8ddd,None), gatling.http.cache.dns -> io.gatling.http.cache.DnsCacheSupport$$anon$1@5898ac4b, gatling.http.cache.baseUrl -> http://localhost:8080),17,OK,List(),io.gatling.core.protocol.ProtocolComponentsRegistry$$Lambda$598/0x000000084055d840@452b12e)
=========================
HTTP request:
GET http://localhost:8080/memory/grow?objects=8&items=54
headers=
Accept: */*
Content-Type: application/json;charset=UTF-8
Accept-Language: en-US,en;q=0.8,nl;q=0.6
User-Agent: Mozilla/5.0 (Windows NT 6.1; WOW64) AppleWebKit/537.36 (KHTML, like Gecko) Chrome/38.0.2125.111 Safari/537.36
accept-encoding: gzip,deflate,sdch
host: localhost:8080
=========================
HTTP response:
status=
200 
headers= 
Content-Type: application/json;charset=UTF-8
Transfer-Encoding: chunked
Date: Wed, 29 Jan 2020 21:00:55 GMT

body=
{"message":"Size of BigFatBastard list is now 11520 objects. It contains 622080 items.","name":"Simple-PropertiesFileName","durationInMillis":5}
<<<<<<<<<<<<<<<<<<<<<<<<<
22:00:55.379 [DEBUG] i.g.c.a.Pause - Pausing for 4591ms (real=4574ms)
22:00:55.519 [DEBUG] i.g.h.c.i.HttpAppHandler - Read msg='DefaultHttpResponse(decodeResult: success, version: HTTP/1.1)
HTTP/1.1 200 
Content-Type: application/json;charset=UTF-8
Transfer-Encoding: chunked
Date: Wed, 29 Jan 2020 21:00:55 GMT'
22:00:55.520 [DEBUG] i.g.h.c.i.HttpAppHandler - Read msg='DefaultHttpContent(data: PooledSlicedByteBuf(ridx: 0, widx: 95, cap: 95/95, unwrapped: PooledUnsafeDirectByteBuf(ridx: 229, widx: 234, cap: 512)), decoderResult: success)'
22:00:55.520 [DEBUG] i.g.h.c.i.HttpAppHandler - Read msg='EmptyLastHttpContent'
22:00:55.520 [TRACE] i.g.h.e.r.DefaultStatsProcessor - 
>>>>>>>>>>>>>>>>>>>>>>>>>>
Request:
simple_delay: OK 
=========================
Session:
Session(Acceptance test,60,1580331648051,Map(gatling.http.ssl.sslContexts -> SslContexts(io.netty.handler.ssl.JdkSslContext@93639cb,None), gatling.http.cache.dns -> io.gatling.http.cache.DnsCacheSupport$$anon$1@5898ac4b, gatling.http.cache.baseUrl -> http://localhost:8080),16,OK,List(),io.gatling.core.protocol.ProtocolComponentsRegistry$$Lambda$598/0x000000084055d840@452b12e)
=========================
HTTP request:
GET http://localhost:8080/delay?duration=555
headers=
Accept: */*
Content-Type: application/json;charset=UTF-8
Accept-Language: en-US,en;q=0.8,nl;q=0.6
User-Agent: Mozilla/5.0 (Windows NT 6.1; WOW64) AppleWebKit/537.36 (KHTML, like Gecko) Chrome/38.0.2125.111 Safari/537.36
accept-encoding: gzip,deflate,sdch
host: localhost:8080
=========================
HTTP response:
status=
200 
headers= 
Content-Type: application/json;charset=UTF-8
Transfer-Encoding: chunked
Date: Wed, 29 Jan 2020 21:00:55 GMT

body=
{"message":"This was a delay of 555","name":"Simple-PropertiesFileName","durationInMillis":555}
<<<<<<<<<<<<<<<<<<<<<<<<<
22:00:55.520 [DEBUG] i.g.c.a.Pause - Pausing for 15740ms (real=15724ms)
22:00:55.552 [DEBUG] i.g.h.e.t.HttpTxExecutor - Sending request=simple_cpu_burn uri=http://localhost:8080/cpu/magic-identity-check?matrixSize=133: scenario=Acceptance test, userId=73
22:00:55.552 [DEBUG] i.g.c.c.i.o.OpenWorkload - Injecting 2 users in scenario Acceptance test, continue=true
22:00:55.552 [DEBUG] i.g.c.c.i.o.OpenWorkload - Start user #73
22:00:55.554 [DEBUG] i.g.h.c.i.HttpAppHandler - Write request WritableRequest{request=DefaultFullHttpRequest(decodeResult: success, version: HTTP/1.1, content: UnpooledByteBufAllocator$InstrumentedUnpooledUnsafeHeapByteBuf(ridx: 0, widx: 0, cap: 0))
GET /cpu/magic-identity-check?matrixSize=133 HTTP/1.1
Accept: */*
Content-Type: application/json;charset=UTF-8
Accept-Language: en-US,en;q=0.8,nl;q=0.6
User-Agent: Mozilla/5.0 (Windows NT 6.1; WOW64) AppleWebKit/537.36 (KHTML, like Gecko) Chrome/38.0.2125.111 Safari/537.36
accept-encoding: gzip,deflate,sdch
host: localhost:8080, content=null}
22:00:55.559 [DEBUG] i.g.h.c.i.HttpAppHandler - Read msg='DefaultHttpResponse(decodeResult: success, version: HTTP/1.1)
HTTP/1.1 200 
Content-Type: application/json;charset=UTF-8
Transfer-Encoding: chunked
Date: Wed, 29 Jan 2020 21:00:55 GMT'
22:00:55.559 [DEBUG] i.g.h.c.i.HttpAppHandler - Read msg='DefaultHttpContent(data: PooledSlicedByteBuf(ridx: 0, widx: 170, cap: 170/170, unwrapped: PooledUnsafeDirectByteBuf(ridx: 304, widx: 304, cap: 1024)), decoderResult: success)'
22:00:55.559 [DEBUG] i.g.h.c.i.HttpAppHandler - Read msg='EmptyLastHttpContent'
22:00:55.559 [TRACE] i.g.h.e.r.DefaultStatsProcessor - 
>>>>>>>>>>>>>>>>>>>>>>>>>>
Request:
simple_cpu_burn: OK 
=========================
Session:
Session(Acceptance test,73,1580331655551,Map(gatling.http.ssl.sslContexts -> SslContexts(io.netty.handler.ssl.JdkSslContext@60ae79f,None), gatling.http.cache.dns -> io.gatling.http.cache.DnsCacheSupport$$anon$1@5898ac4b, gatling.http.cache.baseUrl -> http://localhost:8080),0,OK,List(),io.gatling.core.protocol.ProtocolComponentsRegistry$$Lambda$598/0x000000084055d840@452b12e)
=========================
HTTP request:
GET http://localhost:8080/cpu/magic-identity-check?matrixSize=133
headers=
Accept: */*
Content-Type: application/json;charset=UTF-8
Accept-Language: en-US,en;q=0.8,nl;q=0.6
User-Agent: Mozilla/5.0 (Windows NT 6.1; WOW64) AppleWebKit/537.36 (KHTML, like Gecko) Chrome/38.0.2125.111 Safari/537.36
accept-encoding: gzip,deflate,sdch
host: localhost:8080
=========================
HTTP response:
status=
200 
headers= 
Content-Type: application/json;charset=UTF-8
Transfer-Encoding: chunked
Date: Wed, 29 Jan 2020 21:00:55 GMT

body=
{"message":"A simple magic square multiplied by an identity square of size [133] [is equal] to the magic square.","name":"Simple-PropertiesFileName","durationInMillis":3}
<<<<<<<<<<<<<<<<<<<<<<<<<
22:00:55.560 [DEBUG] i.g.c.a.Pause - Pausing for 7084ms (real=7084ms)
22:00:55.582 [DEBUG] i.g.h.e.t.HttpTxExecutor - Sending request=upload-file uri=http://localhost:8080/files/upload: scenario=Acceptance test, userId=53
22:00:55.582 [DEBUG] i.g.h.c.i.HttpAppHandler - Write request WritableRequest{request=DefaultHttpRequest(decodeResult: success, version: HTTP/1.1)
POST /files/upload HTTP/1.1
Accept: */*
Accept-Language: en-US,en;q=0.8,nl;q=0.6
User-Agent: Mozilla/5.0 (Windows NT 6.1; WOW64) AppleWebKit/537.36 (KHTML, like Gecko) Chrome/38.0.2125.111 Safari/537.36
accept-encoding: gzip,deflate,sdch
host: localhost:8080
content-type: multipart/form-data; boundary=puF7YzvqC1-LyE_370FyR6FiNy_n4ILGLts
content-length: 220, content=io.gatling.http.client.body.multipart.impl.MultipartFileRegion@3b8392e9}
22:00:55.584 [DEBUG] i.g.h.c.i.HttpAppHandler - Read msg='DefaultHttpResponse(decodeResult: success, version: HTTP/1.1)
HTTP/1.1 200 
Content-Type: text/plain;charset=UTF-8
Content-Length: 62
Date: Wed, 29 Jan 2020 21:00:55 GMT'
22:00:55.584 [DEBUG] i.g.h.c.i.HttpAppHandler - Read msg='DefaultLastHttpContent(data: PooledSlicedByteBuf(ridx: 0, widx: 62, cap: 62/62, unwrapped: PooledUnsafeDirectByteBuf(ridx: 176, widx: 176, cap: 496)), decoderResult: success)'
22:00:55.584 [TRACE] i.g.h.e.r.DefaultStatsProcessor - 
>>>>>>>>>>>>>>>>>>>>>>>>>>
Request:
upload-file: OK 
=========================
Session:
Session(Acceptance test,53,1580331644052,Map(gatling.http.ssl.sslContexts -> SslContexts(io.netty.handler.ssl.JdkSslContext@6ed7ef47,None), gatling.http.cache.dns -> io.gatling.http.cache.DnsCacheSupport$$anon$1@5898ac4b, gatling.http.cache.baseUrl -> http://localhost:8080),19,OK,List(),io.gatling.core.protocol.ProtocolComponentsRegistry$$Lambda$598/0x000000084055d840@452b12e)
=========================
HTTP request:
POST http://localhost:8080/files/upload
headers=
Accept: */*
Accept-Language: en-US,en;q=0.8,nl;q=0.6
User-Agent: Mozilla/5.0 (Windows NT 6.1; WOW64) AppleWebKit/537.36 (KHTML, like Gecko) Chrome/38.0.2125.111 Safari/537.36
accept-encoding: gzip,deflate,sdch
host: localhost:8080
content-type: multipart/form-data; boundary=puF7YzvqC1-LyE_370FyR6FiNy_n4ILGLts
content-length: 220
multipartBody=
ByteArrayPart: name=upload contentType=text/plain dispositionType=null charset=UTF-8 transferEncoding=null contentId=null filename=gatling-upload.txt
=========================
HTTP response:
status=
200 
headers= 
Content-Type: text/plain;charset=UTF-8
Content-Length: 62
Date: Wed, 29 Jan 2020 21:00:55 GMT

body=
File upload succeeded [gatling-upload.txt] of size [17] bytes.
<<<<<<<<<<<<<<<<<<<<<<<<<
22:00:55.584 [DEBUG] i.g.c.a.Exit - End user #53
22:00:55.585 [DEBUG] i.g.c.c.i.Injector - End user #53
22:00:55.622 [DEBUG] i.g.h.e.t.HttpTxExecutor - Sending request=upload-file uri=http://localhost:8080/files/upload: scenario=Acceptance test, userId=63
22:00:55.622 [DEBUG] i.g.h.c.i.HttpAppHandler - Write request WritableRequest{request=DefaultHttpRequest(decodeResult: success, version: HTTP/1.1)
POST /files/upload HTTP/1.1
Accept: */*
Accept-Language: en-US,en;q=0.8,nl;q=0.6
User-Agent: Mozilla/5.0 (Windows NT 6.1; WOW64) AppleWebKit/537.36 (KHTML, like Gecko) Chrome/38.0.2125.111 Safari/537.36
accept-encoding: gzip,deflate,sdch
host: localhost:8080
content-type: multipart/form-data; boundary=PsqpkYb_1pCANU7SPlznlI3udAOJpbVU4E7
content-length: 220, content=io.gatling.http.client.body.multipart.impl.MultipartFileRegion@245d92bf}
22:00:55.625 [DEBUG] i.g.h.c.i.HttpAppHandler - Read msg='DefaultHttpResponse(decodeResult: success, version: HTTP/1.1)
HTTP/1.1 200 
Content-Type: text/plain;charset=UTF-8
Content-Length: 62
Date: Wed, 29 Jan 2020 21:00:55 GMT'
22:00:55.626 [DEBUG] i.g.h.c.i.HttpAppHandler - Read msg='DefaultLastHttpContent(data: PooledSlicedByteBuf(ridx: 0, widx: 62, cap: 62/62, unwrapped: PooledUnsafeDirectByteBuf(ridx: 176, widx: 176, cap: 512)), decoderResult: success)'
22:00:55.627 [TRACE] i.g.h.e.r.DefaultStatsProcessor - 
>>>>>>>>>>>>>>>>>>>>>>>>>>
Request:
upload-file: OK 
=========================
Session:
Session(Acceptance test,63,1580331650051,Map(gatling.http.ssl.sslContexts -> SslContexts(io.netty.handler.ssl.JdkSslContext@2396ba9e,None), gatling.http.cache.dns -> io.gatling.http.cache.DnsCacheSupport$$anon$1@5898ac4b, gatling.http.cache.baseUrl -> http://localhost:8080),17,OK,List(),io.gatling.core.protocol.ProtocolComponentsRegistry$$Lambda$598/0x000000084055d840@452b12e)
=========================
HTTP request:
POST http://localhost:8080/files/upload
headers=
Accept: */*
Accept-Language: en-US,en;q=0.8,nl;q=0.6
User-Agent: Mozilla/5.0 (Windows NT 6.1; WOW64) AppleWebKit/537.36 (KHTML, like Gecko) Chrome/38.0.2125.111 Safari/537.36
accept-encoding: gzip,deflate,sdch
host: localhost:8080
content-type: multipart/form-data; boundary=PsqpkYb_1pCANU7SPlznlI3udAOJpbVU4E7
content-length: 220
multipartBody=
ByteArrayPart: name=upload contentType=text/plain dispositionType=null charset=UTF-8 transferEncoding=null contentId=null filename=gatling-upload.txt
=========================
HTTP response:
status=
200 
headers= 
Content-Type: text/plain;charset=UTF-8
Content-Length: 62
Date: Wed, 29 Jan 2020 21:00:55 GMT

body=
File upload succeeded [gatling-upload.txt] of size [17] bytes.
<<<<<<<<<<<<<<<<<<<<<<<<<
22:00:55.627 [DEBUG] i.g.c.a.Exit - End user #63
22:00:55.627 [DEBUG] i.g.c.c.i.Injector - End user #63
22:00:55.712 [DEBUG] i.g.h.e.t.HttpTxExecutor - Sending request=simple_delay uri=http://localhost:8080/delay?duration=555: scenario=Acceptance test, userId=69
22:00:55.712 [DEBUG] i.g.h.c.i.HttpAppHandler - Write request WritableRequest{request=DefaultFullHttpRequest(decodeResult: success, version: HTTP/1.1, content: UnpooledByteBufAllocator$InstrumentedUnpooledUnsafeHeapByteBuf(ridx: 0, widx: 0, cap: 0))
GET /delay?duration=555 HTTP/1.1
Accept: */*
Content-Type: application/json;charset=UTF-8
Accept-Language: en-US,en;q=0.8,nl;q=0.6
User-Agent: Mozilla/5.0 (Windows NT 6.1; WOW64) AppleWebKit/537.36 (KHTML, like Gecko) Chrome/38.0.2125.111 Safari/537.36
accept-encoding: gzip,deflate,sdch
host: localhost:8080, content=null}
22:00:56.053 [DEBUG] i.g.h.e.t.HttpTxExecutor - Sending request=simple_cpu_burn uri=http://localhost:8080/cpu/magic-identity-check?matrixSize=133: scenario=Acceptance test, userId=74
22:00:56.053 [DEBUG] i.g.c.c.i.o.OpenWorkload - Start user #74
22:00:56.054 [DEBUG] i.g.h.c.i.HttpAppHandler - Write request WritableRequest{request=DefaultFullHttpRequest(decodeResult: success, version: HTTP/1.1, content: UnpooledByteBufAllocator$InstrumentedUnpooledUnsafeHeapByteBuf(ridx: 0, widx: 0, cap: 0))
GET /cpu/magic-identity-check?matrixSize=133 HTTP/1.1
Accept: */*
Content-Type: application/json;charset=UTF-8
Accept-Language: en-US,en;q=0.8,nl;q=0.6
User-Agent: Mozilla/5.0 (Windows NT 6.1; WOW64) AppleWebKit/537.36 (KHTML, like Gecko) Chrome/38.0.2125.111 Safari/537.36
accept-encoding: gzip,deflate,sdch
host: localhost:8080, content=null}
22:00:56.065 [DEBUG] i.g.h.c.i.HttpAppHandler - Read msg='DefaultHttpResponse(decodeResult: success, version: HTTP/1.1)
HTTP/1.1 200 
Content-Type: application/json;charset=UTF-8
Transfer-Encoding: chunked
Date: Wed, 29 Jan 2020 21:00:55 GMT'
22:00:56.065 [DEBUG] i.g.h.c.i.HttpAppHandler - Read msg='DefaultHttpContent(data: PooledSlicedByteBuf(ridx: 0, widx: 170, cap: 170/170, unwrapped: PooledUnsafeDirectByteBuf(ridx: 304, widx: 309, cap: 1024)), decoderResult: success)'
22:00:56.065 [DEBUG] i.g.h.c.i.HttpAppHandler - Read msg='EmptyLastHttpContent'
22:00:56.066 [TRACE] i.g.h.e.r.DefaultStatsProcessor - 
>>>>>>>>>>>>>>>>>>>>>>>>>>
Request:
simple_cpu_burn: OK 
=========================
Session:
Session(Acceptance test,74,1580331656052,Map(gatling.http.ssl.sslContexts -> SslContexts(io.netty.handler.ssl.JdkSslContext@19dbf6c8,None), gatling.http.cache.dns -> io.gatling.http.cache.DnsCacheSupport$$anon$1@5898ac4b, gatling.http.cache.baseUrl -> http://localhost:8080),0,OK,List(),io.gatling.core.protocol.ProtocolComponentsRegistry$$Lambda$598/0x000000084055d840@452b12e)
=========================
HTTP request:
GET http://localhost:8080/cpu/magic-identity-check?matrixSize=133
headers=
Accept: */*
Content-Type: application/json;charset=UTF-8
Accept-Language: en-US,en;q=0.8,nl;q=0.6
User-Agent: Mozilla/5.0 (Windows NT 6.1; WOW64) AppleWebKit/537.36 (KHTML, like Gecko) Chrome/38.0.2125.111 Safari/537.36
accept-encoding: gzip,deflate,sdch
host: localhost:8080
=========================
HTTP response:
status=
200 
headers= 
Content-Type: application/json;charset=UTF-8
Transfer-Encoding: chunked
Date: Wed, 29 Jan 2020 21:00:55 GMT

body=
{"message":"A simple magic square multiplied by an identity square of size [133] [is equal] to the magic square.","name":"Simple-PropertiesFileName","durationInMillis":9}
<<<<<<<<<<<<<<<<<<<<<<<<<
22:00:56.066 [DEBUG] i.g.c.a.Pause - Pausing for 8524ms (real=8524ms)
22:00:56.172 [DEBUG] i.g.h.e.t.HttpTxExecutor - Sending request=simple_delay uri=http://localhost:8080/delay?duration=555: scenario=Acceptance test, userId=70
22:00:56.172 [DEBUG] i.g.h.c.i.HttpAppHandler - Write request WritableRequest{request=DefaultFullHttpRequest(decodeResult: success, version: HTTP/1.1, content: UnpooledByteBufAllocator$InstrumentedUnpooledUnsafeHeapByteBuf(ridx: 0, widx: 0, cap: 0))
GET /delay?duration=555 HTTP/1.1
Accept: */*
Content-Type: application/json;charset=UTF-8
Accept-Language: en-US,en;q=0.8,nl;q=0.6
User-Agent: Mozilla/5.0 (Windows NT 6.1; WOW64) AppleWebKit/537.36 (KHTML, like Gecko) Chrome/38.0.2125.111 Safari/537.36
accept-encoding: gzip,deflate,sdch
host: localhost:8080, content=null}
22:00:56.269 [DEBUG] i.g.h.c.i.HttpAppHandler - Read msg='DefaultHttpResponse(decodeResult: success, version: HTTP/1.1)
HTTP/1.1 200 
Content-Type: application/json;charset=UTF-8
Transfer-Encoding: chunked
Date: Wed, 29 Jan 2020 21:00:55 GMT'
22:00:56.270 [DEBUG] i.g.h.c.i.HttpAppHandler - Read msg='DefaultHttpContent(data: PooledSlicedByteBuf(ridx: 0, widx: 95, cap: 95/95, unwrapped: PooledUnsafeDirectByteBuf(ridx: 229, widx: 234, cap: 512)), decoderResult: success)'
22:00:56.270 [DEBUG] i.g.h.c.i.HttpAppHandler - Read msg='EmptyLastHttpContent'
22:00:56.270 [TRACE] i.g.h.e.r.DefaultStatsProcessor - 
>>>>>>>>>>>>>>>>>>>>>>>>>>
Request:
simple_delay: OK 
=========================
Session:
Session(Acceptance test,69,1580331653051,Map(gatling.http.ssl.sslContexts -> SslContexts(io.netty.handler.ssl.JdkSslContext@2effbc63,None), gatling.http.cache.dns -> io.gatling.http.cache.DnsCacheSupport$$anon$1@5898ac4b, gatling.http.cache.baseUrl -> http://localhost:8080),16,OK,List(),io.gatling.core.protocol.ProtocolComponentsRegistry$$Lambda$598/0x000000084055d840@452b12e)
=========================
HTTP request:
GET http://localhost:8080/delay?duration=555
headers=
Accept: */*
Content-Type: application/json;charset=UTF-8
Accept-Language: en-US,en;q=0.8,nl;q=0.6
User-Agent: Mozilla/5.0 (Windows NT 6.1; WOW64) AppleWebKit/537.36 (KHTML, like Gecko) Chrome/38.0.2125.111 Safari/537.36
accept-encoding: gzip,deflate,sdch
host: localhost:8080
=========================
HTTP response:
status=
200 
headers= 
Content-Type: application/json;charset=UTF-8
Transfer-Encoding: chunked
Date: Wed, 29 Jan 2020 21:00:55 GMT

body=
{"message":"This was a delay of 555","name":"Simple-PropertiesFileName","durationInMillis":555}
<<<<<<<<<<<<<<<<<<<<<<<<<
22:00:56.271 [DEBUG] i.g.c.a.Pause - Pausing for 5826ms (real=5810ms)
22:00:56.352 [DEBUG] i.g.h.e.t.HttpTxExecutor - Sending request=simple_delay uri=http://localhost:8080/delay?duration=555: scenario=Acceptance test, userId=72
22:00:56.352 [DEBUG] i.g.h.c.i.HttpAppHandler - Write request WritableRequest{request=DefaultFullHttpRequest(decodeResult: success, version: HTTP/1.1, content: UnpooledByteBufAllocator$InstrumentedUnpooledUnsafeHeapByteBuf(ridx: 0, widx: 0, cap: 0))
GET /delay?duration=555 HTTP/1.1
Accept: */*
Content-Type: application/json;charset=UTF-8
Accept-Language: en-US,en;q=0.8,nl;q=0.6
User-Agent: Mozilla/5.0 (Windows NT 6.1; WOW64) AppleWebKit/537.36 (KHTML, like Gecko) Chrome/38.0.2125.111 Safari/537.36
accept-encoding: gzip,deflate,sdch
host: localhost:8080, content=null}
22:00:56.401 [DEBUG] i.g.h.e.t.HttpTxExecutor - Sending request=simple_delay uri=http://localhost:8080/delay?duration=555: scenario=Acceptance test, userId=71
22:00:56.402 [DEBUG] i.g.h.c.i.HttpAppHandler - Write request WritableRequest{request=DefaultFullHttpRequest(decodeResult: success, version: HTTP/1.1, content: UnpooledByteBufAllocator$InstrumentedUnpooledUnsafeHeapByteBuf(ridx: 0, widx: 0, cap: 0))
GET /delay?duration=555 HTTP/1.1
Accept: */*
Content-Type: application/json;charset=UTF-8
Accept-Language: en-US,en;q=0.8,nl;q=0.6
User-Agent: Mozilla/5.0 (Windows NT 6.1; WOW64) AppleWebKit/537.36 (KHTML, like Gecko) Chrome/38.0.2125.111 Safari/537.36
accept-encoding: gzip,deflate,sdch
host: localhost:8080, content=null}
22:00:56.552 [DEBUG] i.g.h.e.t.HttpTxExecutor - Sending request=simple_cpu_burn uri=http://localhost:8080/cpu/magic-identity-check?matrixSize=133: scenario=Acceptance test, userId=75
22:00:56.552 [DEBUG] i.g.c.c.i.o.OpenWorkload - Start user #75
22:00:56.552 [DEBUG] i.g.c.c.i.o.OpenWorkload - Injecting 2 users in scenario Acceptance test, continue=true
22:00:56.554 [DEBUG] i.g.h.c.i.HttpAppHandler - Write request WritableRequest{request=DefaultFullHttpRequest(decodeResult: success, version: HTTP/1.1, content: UnpooledByteBufAllocator$InstrumentedUnpooledUnsafeHeapByteBuf(ridx: 0, widx: 0, cap: 0))
GET /cpu/magic-identity-check?matrixSize=133 HTTP/1.1
Accept: */*
Content-Type: application/json;charset=UTF-8
Accept-Language: en-US,en;q=0.8,nl;q=0.6
User-Agent: Mozilla/5.0 (Windows NT 6.1; WOW64) AppleWebKit/537.36 (KHTML, like Gecko) Chrome/38.0.2125.111 Safari/537.36
accept-encoding: gzip,deflate,sdch
host: localhost:8080, content=null}
22:00:56.562 [DEBUG] i.g.h.c.i.HttpAppHandler - Read msg='DefaultHttpResponse(decodeResult: success, version: HTTP/1.1)
HTTP/1.1 200 
Content-Type: application/json;charset=UTF-8
Transfer-Encoding: chunked
Date: Wed, 29 Jan 2020 21:00:56 GMT'
22:00:56.562 [DEBUG] i.g.h.c.i.HttpAppHandler - Read msg='DefaultHttpContent(data: PooledSlicedByteBuf(ridx: 0, widx: 170, cap: 170/170, unwrapped: PooledUnsafeDirectByteBuf(ridx: 304, widx: 304, cap: 1024)), decoderResult: success)'
22:00:56.562 [DEBUG] i.g.h.c.i.HttpAppHandler - Read msg='EmptyLastHttpContent'
22:00:56.563 [TRACE] i.g.h.e.r.DefaultStatsProcessor - 
>>>>>>>>>>>>>>>>>>>>>>>>>>
Request:
simple_cpu_burn: OK 
=========================
Session:
Session(Acceptance test,75,1580331656551,Map(gatling.http.ssl.sslContexts -> SslContexts(io.netty.handler.ssl.JdkSslContext@43bbaa20,None), gatling.http.cache.dns -> io.gatling.http.cache.DnsCacheSupport$$anon$1@5898ac4b, gatling.http.cache.baseUrl -> http://localhost:8080),0,OK,List(),io.gatling.core.protocol.ProtocolComponentsRegistry$$Lambda$598/0x000000084055d840@452b12e)
=========================
HTTP request:
GET http://localhost:8080/cpu/magic-identity-check?matrixSize=133
headers=
Accept: */*
Content-Type: application/json;charset=UTF-8
Accept-Language: en-US,en;q=0.8,nl;q=0.6
User-Agent: Mozilla/5.0 (Windows NT 6.1; WOW64) AppleWebKit/537.36 (KHTML, like Gecko) Chrome/38.0.2125.111 Safari/537.36
accept-encoding: gzip,deflate,sdch
host: localhost:8080
=========================
HTTP response:
status=
200 
headers= 
Content-Type: application/json;charset=UTF-8
Transfer-Encoding: chunked
Date: Wed, 29 Jan 2020 21:00:56 GMT

body=
{"message":"A simple magic square multiplied by an identity square of size [133] [is equal] to the magic square.","name":"Simple-PropertiesFileName","durationInMillis":7}
<<<<<<<<<<<<<<<<<<<<<<<<<
22:00:56.563 [DEBUG] i.g.c.a.Pause - Pausing for 1334ms (real=1333ms)
22:00:56.730 [DEBUG] i.g.h.c.i.HttpAppHandler - Read msg='DefaultHttpResponse(decodeResult: success, version: HTTP/1.1)
HTTP/1.1 200 
Content-Type: application/json;charset=UTF-8
Transfer-Encoding: chunked
Date: Wed, 29 Jan 2020 21:00:56 GMT'
22:00:56.730 [DEBUG] i.g.h.c.i.HttpAppHandler - Read msg='DefaultHttpContent(data: PooledSlicedByteBuf(ridx: 0, widx: 95, cap: 95/95, unwrapped: PooledUnsafeDirectByteBuf(ridx: 229, widx: 234, cap: 512)), decoderResult: success)'
22:00:56.730 [DEBUG] i.g.h.c.i.HttpAppHandler - Read msg='EmptyLastHttpContent'
22:00:56.730 [TRACE] i.g.h.e.r.DefaultStatsProcessor - 
>>>>>>>>>>>>>>>>>>>>>>>>>>
Request:
simple_delay: OK 
=========================
Session:
Session(Acceptance test,70,1580331653551,Map(gatling.http.ssl.sslContexts -> SslContexts(io.netty.handler.ssl.JdkSslContext@4c2705ee,None), gatling.http.cache.dns -> io.gatling.http.cache.DnsCacheSupport$$anon$1@5898ac4b, gatling.http.cache.baseUrl -> http://localhost:8080),23,OK,List(),io.gatling.core.protocol.ProtocolComponentsRegistry$$Lambda$598/0x000000084055d840@452b12e)
=========================
HTTP request:
GET http://localhost:8080/delay?duration=555
headers=
Accept: */*
Content-Type: application/json;charset=UTF-8
Accept-Language: en-US,en;q=0.8,nl;q=0.6
User-Agent: Mozilla/5.0 (Windows NT 6.1; WOW64) AppleWebKit/537.36 (KHTML, like Gecko) Chrome/38.0.2125.111 Safari/537.36
accept-encoding: gzip,deflate,sdch
host: localhost:8080
=========================
HTTP response:
status=
200 
headers= 
Content-Type: application/json;charset=UTF-8
Transfer-Encoding: chunked
Date: Wed, 29 Jan 2020 21:00:56 GMT

body=
{"message":"This was a delay of 555","name":"Simple-PropertiesFileName","durationInMillis":555}
<<<<<<<<<<<<<<<<<<<<<<<<<
22:00:56.731 [DEBUG] i.g.c.a.Pause - Pausing for 376ms (real=353ms)
22:00:56.902 [DEBUG] i.g.h.e.t.HttpTxExecutor - Sending request=upload-file uri=http://localhost:8080/files/upload: scenario=Acceptance test, userId=64
22:00:56.903 [DEBUG] i.g.h.c.i.HttpAppHandler - Write request WritableRequest{request=DefaultHttpRequest(decodeResult: success, version: HTTP/1.1)
POST /files/upload HTTP/1.1
Accept: */*
Accept-Language: en-US,en;q=0.8,nl;q=0.6
User-Agent: Mozilla/5.0 (Windows NT 6.1; WOW64) AppleWebKit/537.36 (KHTML, like Gecko) Chrome/38.0.2125.111 Safari/537.36
accept-encoding: gzip,deflate,sdch
host: localhost:8080
content-type: multipart/form-data; boundary=s_yxzYIs1naguQFWRLg1GQf-ujkOVASVjmZ
content-length: 220, content=io.gatling.http.client.body.multipart.impl.MultipartFileRegion@c0d6e0a}
22:00:56.906 [DEBUG] i.g.h.c.i.HttpAppHandler - Read msg='DefaultHttpResponse(decodeResult: success, version: HTTP/1.1)
HTTP/1.1 200 
Content-Type: text/plain;charset=UTF-8
Content-Length: 62
Date: Wed, 29 Jan 2020 21:00:56 GMT'
22:00:56.906 [DEBUG] i.g.h.c.i.HttpAppHandler - Read msg='DefaultLastHttpContent(data: PooledSlicedByteBuf(ridx: 0, widx: 62, cap: 62/62, unwrapped: PooledUnsafeDirectByteBuf(ridx: 176, widx: 176, cap: 496)), decoderResult: success)'
22:00:56.907 [TRACE] i.g.h.e.r.DefaultStatsProcessor - 
>>>>>>>>>>>>>>>>>>>>>>>>>>
Request:
upload-file: OK 
=========================
Session:
Session(Acceptance test,64,1580331650551,Map(gatling.http.ssl.sslContexts -> SslContexts(io.netty.handler.ssl.JdkSslContext@48ca3c51,None), gatling.http.cache.dns -> io.gatling.http.cache.DnsCacheSupport$$anon$1@5898ac4b, gatling.http.cache.baseUrl -> http://localhost:8080),21,OK,List(),io.gatling.core.protocol.ProtocolComponentsRegistry$$Lambda$598/0x000000084055d840@452b12e)
=========================
HTTP request:
POST http://localhost:8080/files/upload
headers=
Accept: */*
Accept-Language: en-US,en;q=0.8,nl;q=0.6
User-Agent: Mozilla/5.0 (Windows NT 6.1; WOW64) AppleWebKit/537.36 (KHTML, like Gecko) Chrome/38.0.2125.111 Safari/537.36
accept-encoding: gzip,deflate,sdch
host: localhost:8080
content-type: multipart/form-data; boundary=s_yxzYIs1naguQFWRLg1GQf-ujkOVASVjmZ
content-length: 220
multipartBody=
ByteArrayPart: name=upload contentType=text/plain dispositionType=null charset=UTF-8 transferEncoding=null contentId=null filename=gatling-upload.txt
=========================
HTTP response:
status=
200 
headers= 
Content-Type: text/plain;charset=UTF-8
Content-Length: 62
Date: Wed, 29 Jan 2020 21:00:56 GMT

body=
File upload succeeded [gatling-upload.txt] of size [17] bytes.
<<<<<<<<<<<<<<<<<<<<<<<<<
22:00:56.907 [DEBUG] i.g.c.a.Exit - End user #64
22:00:56.907 [DEBUG] i.g.c.c.i.Injector - End user #64
22:00:56.909 [DEBUG] i.g.h.c.i.HttpAppHandler - Read msg='DefaultHttpResponse(decodeResult: success, version: HTTP/1.1)
HTTP/1.1 200 
Content-Type: application/json;charset=UTF-8
Transfer-Encoding: chunked
Date: Wed, 29 Jan 2020 21:00:56 GMT'
22:00:56.909 [DEBUG] i.g.h.c.i.HttpAppHandler - Read msg='DefaultHttpContent(data: PooledSlicedByteBuf(ridx: 0, widx: 95, cap: 95/95, unwrapped: PooledUnsafeDirectByteBuf(ridx: 229, widx: 229, cap: 1024)), decoderResult: success)'
22:00:56.910 [DEBUG] i.g.h.c.i.HttpAppHandler - Read msg='EmptyLastHttpContent'
22:00:56.910 [TRACE] i.g.h.e.r.DefaultStatsProcessor - 
>>>>>>>>>>>>>>>>>>>>>>>>>>
Request:
simple_delay: OK 
=========================
Session:
Session(Acceptance test,72,1580331655052,Map(gatling.http.ssl.sslContexts -> SslContexts(io.netty.handler.ssl.JdkSslContext@493404ff,None), gatling.http.cache.dns -> io.gatling.http.cache.DnsCacheSupport$$anon$1@5898ac4b, gatling.http.cache.baseUrl -> http://localhost:8080),14,OK,List(),io.gatling.core.protocol.ProtocolComponentsRegistry$$Lambda$598/0x000000084055d840@452b12e)
=========================
HTTP request:
GET http://localhost:8080/delay?duration=555
headers=
Accept: */*
Content-Type: application/json;charset=UTF-8
Accept-Language: en-US,en;q=0.8,nl;q=0.6
User-Agent: Mozilla/5.0 (Windows NT 6.1; WOW64) AppleWebKit/537.36 (KHTML, like Gecko) Chrome/38.0.2125.111 Safari/537.36
accept-encoding: gzip,deflate,sdch
host: localhost:8080
=========================
HTTP response:
status=
200 
headers= 
Content-Type: application/json;charset=UTF-8
Transfer-Encoding: chunked
Date: Wed, 29 Jan 2020 21:00:56 GMT

body=
{"message":"This was a delay of 555","name":"Simple-PropertiesFileName","durationInMillis":555}
<<<<<<<<<<<<<<<<<<<<<<<<<
22:00:56.910 [DEBUG] i.g.c.a.Pause - Pausing for 3221ms (real=3207ms)
22:00:56.959 [DEBUG] i.g.h.c.i.HttpAppHandler - Read msg='DefaultHttpResponse(decodeResult: success, version: HTTP/1.1)
HTTP/1.1 200 
Content-Type: application/json;charset=UTF-8
Transfer-Encoding: chunked
Date: Wed, 29 Jan 2020 21:00:56 GMT'
22:00:56.959 [DEBUG] i.g.h.c.i.HttpAppHandler - Read msg='DefaultHttpContent(data: PooledSlicedByteBuf(ridx: 0, widx: 95, cap: 95/95, unwrapped: PooledUnsafeDirectByteBuf(ridx: 229, widx: 229, cap: 1024)), decoderResult: success)'
22:00:56.959 [DEBUG] i.g.h.c.i.HttpAppHandler - Read msg='EmptyLastHttpContent'
22:00:56.960 [TRACE] i.g.h.e.r.DefaultStatsProcessor - 
>>>>>>>>>>>>>>>>>>>>>>>>>>
Request:
simple_delay: OK 
=========================
Session:
Session(Acceptance test,71,1580331654552,Map(gatling.http.ssl.sslContexts -> SslContexts(io.netty.handler.ssl.JdkSslContext@5e2a82e1,None), gatling.http.cache.dns -> io.gatling.http.cache.DnsCacheSupport$$anon$1@5898ac4b, gatling.http.cache.baseUrl -> http://localhost:8080),19,OK,List(),io.gatling.core.protocol.ProtocolComponentsRegistry$$Lambda$598/0x000000084055d840@452b12e)
=========================
HTTP request:
GET http://localhost:8080/delay?duration=555
headers=
Accept: */*
Content-Type: application/json;charset=UTF-8
Accept-Language: en-US,en;q=0.8,nl;q=0.6
User-Agent: Mozilla/5.0 (Windows NT 6.1; WOW64) AppleWebKit/537.36 (KHTML, like Gecko) Chrome/38.0.2125.111 Safari/537.36
accept-encoding: gzip,deflate,sdch
host: localhost:8080
=========================
HTTP response:
status=
200 
headers= 
Content-Type: application/json;charset=UTF-8
Transfer-Encoding: chunked
Date: Wed, 29 Jan 2020 21:00:56 GMT

body=
{"message":"This was a delay of 555","name":"Simple-PropertiesFileName","durationInMillis":555}
<<<<<<<<<<<<<<<<<<<<<<<<<
22:00:56.960 [DEBUG] i.g.c.a.Pause - Pausing for 6781ms (real=6762ms)
22:00:57.052 [DEBUG] i.g.h.e.t.HttpTxExecutor - Sending request=simple_cpu_burn uri=http://localhost:8080/cpu/magic-identity-check?matrixSize=133: scenario=Acceptance test, userId=76
22:00:57.052 [DEBUG] i.g.c.c.i.o.OpenWorkload - Start user #76
22:00:57.054 [DEBUG] i.g.h.c.i.HttpAppHandler - Write request WritableRequest{request=DefaultFullHttpRequest(decodeResult: success, version: HTTP/1.1, content: UnpooledByteBufAllocator$InstrumentedUnpooledUnsafeHeapByteBuf(ridx: 0, widx: 0, cap: 0))
GET /cpu/magic-identity-check?matrixSize=133 HTTP/1.1
Accept: */*
Content-Type: application/json;charset=UTF-8
Accept-Language: en-US,en;q=0.8,nl;q=0.6
User-Agent: Mozilla/5.0 (Windows NT 6.1; WOW64) AppleWebKit/537.36 (KHTML, like Gecko) Chrome/38.0.2125.111 Safari/537.36
accept-encoding: gzip,deflate,sdch
host: localhost:8080, content=null}
22:00:57.065 [DEBUG] i.g.h.c.i.HttpAppHandler - Read msg='DefaultHttpResponse(decodeResult: success, version: HTTP/1.1)
HTTP/1.1 200 
Content-Type: application/json;charset=UTF-8
Transfer-Encoding: chunked
Date: Wed, 29 Jan 2020 21:00:56 GMT'
22:00:57.065 [DEBUG] i.g.h.c.i.HttpAppHandler - Read msg='DefaultHttpContent(data: PooledSlicedByteBuf(ridx: 0, widx: 170, cap: 170/170, unwrapped: PooledUnsafeDirectByteBuf(ridx: 304, widx: 309, cap: 1024)), decoderResult: success)'
22:00:57.065 [DEBUG] i.g.h.c.i.HttpAppHandler - Read msg='EmptyLastHttpContent'
22:00:57.066 [TRACE] i.g.h.e.r.DefaultStatsProcessor - 
>>>>>>>>>>>>>>>>>>>>>>>>>>
Request:
simple_cpu_burn: OK 
=========================
Session:
Session(Acceptance test,76,1580331657052,Map(gatling.http.ssl.sslContexts -> SslContexts(io.netty.handler.ssl.JdkSslContext@323aa526,None), gatling.http.cache.dns -> io.gatling.http.cache.DnsCacheSupport$$anon$1@5898ac4b, gatling.http.cache.baseUrl -> http://localhost:8080),0,OK,List(),io.gatling.core.protocol.ProtocolComponentsRegistry$$Lambda$598/0x000000084055d840@452b12e)
=========================
HTTP request:
GET http://localhost:8080/cpu/magic-identity-check?matrixSize=133
headers=
Accept: */*
Content-Type: application/json;charset=UTF-8
Accept-Language: en-US,en;q=0.8,nl;q=0.6
User-Agent: Mozilla/5.0 (Windows NT 6.1; WOW64) AppleWebKit/537.36 (KHTML, like Gecko) Chrome/38.0.2125.111 Safari/537.36
accept-encoding: gzip,deflate,sdch
host: localhost:8080
=========================
HTTP response:
status=
200 
headers= 
Content-Type: application/json;charset=UTF-8
Transfer-Encoding: chunked
Date: Wed, 29 Jan 2020 21:00:56 GMT

body=
{"message":"A simple magic square multiplied by an identity square of size [133] [is equal] to the magic square.","name":"Simple-PropertiesFileName","durationInMillis":9}
<<<<<<<<<<<<<<<<<<<<<<<<<
22:00:57.066 [DEBUG] i.g.c.a.Pause - Pausing for 296ms (real=295ms)
22:00:57.101 [DEBUG] i.g.h.e.t.HttpTxExecutor - Sending request=simple_mini_leak uri=http://localhost:8080/memory/grow?objects=8&items=54: scenario=Acceptance test, userId=70
22:00:57.102 [DEBUG] i.g.h.c.i.HttpAppHandler - Write request WritableRequest{request=DefaultFullHttpRequest(decodeResult: success, version: HTTP/1.1, content: UnpooledByteBufAllocator$InstrumentedUnpooledUnsafeHeapByteBuf(ridx: 0, widx: 0, cap: 0))
GET /memory/grow?objects=8&items=54 HTTP/1.1
Accept: */*
Content-Type: application/json;charset=UTF-8
Accept-Language: en-US,en;q=0.8,nl;q=0.6
User-Agent: Mozilla/5.0 (Windows NT 6.1; WOW64) AppleWebKit/537.36 (KHTML, like Gecko) Chrome/38.0.2125.111 Safari/537.36
accept-encoding: gzip,deflate,sdch
host: localhost:8080, content=null}
22:00:57.109 [DEBUG] i.g.h.c.i.HttpAppHandler - Read msg='DefaultHttpResponse(decodeResult: success, version: HTTP/1.1)
HTTP/1.1 200 
Content-Type: application/json;charset=UTF-8
Transfer-Encoding: chunked
Date: Wed, 29 Jan 2020 21:00:56 GMT'
22:00:57.109 [DEBUG] i.g.h.c.i.HttpAppHandler - Read msg='DefaultHttpContent(data: PooledSlicedByteBuf(ridx: 0, widx: 144, cap: 144/144, unwrapped: PooledUnsafeDirectByteBuf(ridx: 278, widx: 278, cap: 512)), decoderResult: success)'
22:00:57.109 [DEBUG] i.g.h.c.i.HttpAppHandler - Read msg='EmptyLastHttpContent'
22:00:57.110 [TRACE] i.g.h.e.r.DefaultStatsProcessor - 
>>>>>>>>>>>>>>>>>>>>>>>>>>
Request:
simple_mini_leak: OK 
=========================
Session:
Session(Acceptance test,70,1580331653551,Map(gatling.http.ssl.sslContexts -> SslContexts(io.netty.handler.ssl.JdkSslContext@4c2705ee,None), gatling.http.cache.dns -> io.gatling.http.cache.DnsCacheSupport$$anon$1@5898ac4b, gatling.http.cache.baseUrl -> http://localhost:8080),17,OK,List(),io.gatling.core.protocol.ProtocolComponentsRegistry$$Lambda$598/0x000000084055d840@452b12e)
=========================
HTTP request:
GET http://localhost:8080/memory/grow?objects=8&items=54
headers=
Accept: */*
Content-Type: application/json;charset=UTF-8
Accept-Language: en-US,en;q=0.8,nl;q=0.6
User-Agent: Mozilla/5.0 (Windows NT 6.1; WOW64) AppleWebKit/537.36 (KHTML, like Gecko) Chrome/38.0.2125.111 Safari/537.36
accept-encoding: gzip,deflate,sdch
host: localhost:8080
=========================
HTTP response:
status=
200 
headers= 
Content-Type: application/json;charset=UTF-8
Transfer-Encoding: chunked
Date: Wed, 29 Jan 2020 21:00:56 GMT

body=
{"message":"Size of BigFatBastard list is now 11528 objects. It contains 622512 items.","name":"Simple-PropertiesFileName","durationInMillis":5}
<<<<<<<<<<<<<<<<<<<<<<<<<
22:00:57.110 [DEBUG] i.g.c.a.Pause - Pausing for 133ms (real=115ms)
22:00:57.242 [DEBUG] i.g.h.e.t.HttpTxExecutor - Sending request=upload-file uri=http://localhost:8080/files/upload: scenario=Acceptance test, userId=70
22:00:57.242 [DEBUG] i.g.h.c.i.HttpAppHandler - Write request WritableRequest{request=DefaultHttpRequest(decodeResult: success, version: HTTP/1.1)
POST /files/upload HTTP/1.1
Accept: */*
Accept-Language: en-US,en;q=0.8,nl;q=0.6
User-Agent: Mozilla/5.0 (Windows NT 6.1; WOW64) AppleWebKit/537.36 (KHTML, like Gecko) Chrome/38.0.2125.111 Safari/537.36
accept-encoding: gzip,deflate,sdch
host: localhost:8080
content-type: multipart/form-data; boundary=3Uz6fqy-YT4-1XRYabGjWIlFxNtlm5QZRwD
content-length: 220, content=io.gatling.http.client.body.multipart.impl.MultipartFileRegion@36f7dc7f}
22:00:57.245 [DEBUG] i.g.h.c.i.HttpAppHandler - Read msg='DefaultHttpResponse(decodeResult: success, version: HTTP/1.1)
HTTP/1.1 200 
Content-Type: text/plain;charset=UTF-8
Content-Length: 62
Date: Wed, 29 Jan 2020 21:00:56 GMT'
22:00:57.245 [DEBUG] i.g.h.c.i.HttpAppHandler - Read msg='DefaultLastHttpContent(data: PooledSlicedByteBuf(ridx: 0, widx: 62, cap: 62/62, unwrapped: PooledUnsafeDirectByteBuf(ridx: 176, widx: 176, cap: 496)), decoderResult: success)'
22:00:57.246 [TRACE] i.g.h.e.r.DefaultStatsProcessor - 
>>>>>>>>>>>>>>>>>>>>>>>>>>
Request:
upload-file: OK 
=========================
Session:
Session(Acceptance test,70,1580331653551,Map(gatling.http.ssl.sslContexts -> SslContexts(io.netty.handler.ssl.JdkSslContext@4c2705ee,None), gatling.http.cache.dns -> io.gatling.http.cache.DnsCacheSupport$$anon$1@5898ac4b, gatling.http.cache.baseUrl -> http://localhost:8080),16,OK,List(),io.gatling.core.protocol.ProtocolComponentsRegistry$$Lambda$598/0x000000084055d840@452b12e)
=========================
HTTP request:
POST http://localhost:8080/files/upload
headers=
Accept: */*
Accept-Language: en-US,en;q=0.8,nl;q=0.6
User-Agent: Mozilla/5.0 (Windows NT 6.1; WOW64) AppleWebKit/537.36 (KHTML, like Gecko) Chrome/38.0.2125.111 Safari/537.36
accept-encoding: gzip,deflate,sdch
host: localhost:8080
content-type: multipart/form-data; boundary=3Uz6fqy-YT4-1XRYabGjWIlFxNtlm5QZRwD
content-length: 220
multipartBody=
ByteArrayPart: name=upload contentType=text/plain dispositionType=null charset=UTF-8 transferEncoding=null contentId=null filename=gatling-upload.txt
=========================
HTTP response:
status=
200 
headers= 
Content-Type: text/plain;charset=UTF-8
Content-Length: 62
Date: Wed, 29 Jan 2020 21:00:56 GMT

body=
File upload succeeded [gatling-upload.txt] of size [17] bytes.
<<<<<<<<<<<<<<<<<<<<<<<<<
22:00:57.246 [DEBUG] i.g.c.a.Exit - End user #70
22:00:57.247 [DEBUG] i.g.c.c.i.Injector - End user #70
22:00:57.381 [DEBUG] i.g.h.e.t.HttpTxExecutor - Sending request=simple_delay uri=http://localhost:8080/delay?duration=555: scenario=Acceptance test, userId=76
22:00:57.382 [DEBUG] i.g.h.c.i.HttpAppHandler - Write request WritableRequest{request=DefaultFullHttpRequest(decodeResult: success, version: HTTP/1.1, content: UnpooledByteBufAllocator$InstrumentedUnpooledUnsafeHeapByteBuf(ridx: 0, widx: 0, cap: 0))
GET /delay?duration=555 HTTP/1.1
Accept: */*
Content-Type: application/json;charset=UTF-8
Accept-Language: en-US,en;q=0.8,nl;q=0.6
User-Agent: Mozilla/5.0 (Windows NT 6.1; WOW64) AppleWebKit/537.36 (KHTML, like Gecko) Chrome/38.0.2125.111 Safari/537.36
accept-encoding: gzip,deflate,sdch
host: localhost:8080, content=null}
22:00:57.432 [DEBUG] i.g.h.e.t.HttpTxExecutor - Sending request=simple_mini_leak uri=http://localhost:8080/memory/grow?objects=8&items=54: scenario=Acceptance test, userId=56
22:00:57.432 [DEBUG] i.g.h.c.i.HttpAppHandler - Write request WritableRequest{request=DefaultFullHttpRequest(decodeResult: success, version: HTTP/1.1, content: UnpooledByteBufAllocator$InstrumentedUnpooledUnsafeHeapByteBuf(ridx: 0, widx: 0, cap: 0))
GET /memory/grow?objects=8&items=54 HTTP/1.1
Accept: */*
Content-Type: application/json;charset=UTF-8
Accept-Language: en-US,en;q=0.8,nl;q=0.6
User-Agent: Mozilla/5.0 (Windows NT 6.1; WOW64) AppleWebKit/537.36 (KHTML, like Gecko) Chrome/38.0.2125.111 Safari/537.36
accept-encoding: gzip,deflate,sdch
host: localhost:8080, content=null}
22:00:57.436 [DEBUG] i.g.h.c.i.HttpAppHandler - Read msg='DefaultHttpResponse(decodeResult: success, version: HTTP/1.1)
HTTP/1.1 200 
Content-Type: application/json;charset=UTF-8
Transfer-Encoding: chunked
Date: Wed, 29 Jan 2020 21:00:56 GMT'
22:00:57.436 [DEBUG] i.g.h.c.i.HttpAppHandler - Read msg='DefaultHttpContent(data: PooledSlicedByteBuf(ridx: 0, widx: 144, cap: 144/144, unwrapped: PooledUnsafeDirectByteBuf(ridx: 278, widx: 283, cap: 512)), decoderResult: success)'
22:00:57.436 [DEBUG] i.g.h.c.i.HttpAppHandler - Read msg='EmptyLastHttpContent'
22:00:57.436 [TRACE] i.g.h.e.r.DefaultStatsProcessor - 
>>>>>>>>>>>>>>>>>>>>>>>>>>
Request:
simple_mini_leak: OK 
=========================
Session:
Session(Acceptance test,56,1580331645552,Map(gatling.http.ssl.sslContexts -> SslContexts(io.netty.handler.ssl.JdkSslContext@1a575398,None), gatling.http.cache.dns -> io.gatling.http.cache.DnsCacheSupport$$anon$1@5898ac4b, gatling.http.cache.baseUrl -> http://localhost:8080),15,OK,List(),io.gatling.core.protocol.ProtocolComponentsRegistry$$Lambda$598/0x000000084055d840@452b12e)
=========================
HTTP request:
GET http://localhost:8080/memory/grow?objects=8&items=54
headers=
Accept: */*
Content-Type: application/json;charset=UTF-8
Accept-Language: en-US,en;q=0.8,nl;q=0.6
User-Agent: Mozilla/5.0 (Windows NT 6.1; WOW64) AppleWebKit/537.36 (KHTML, like Gecko) Chrome/38.0.2125.111 Safari/537.36
accept-encoding: gzip,deflate,sdch
host: localhost:8080
=========================
HTTP response:
status=
200 
headers= 
Content-Type: application/json;charset=UTF-8
Transfer-Encoding: chunked
Date: Wed, 29 Jan 2020 21:00:56 GMT

body=
{"message":"Size of BigFatBastard list is now 11536 objects. It contains 622944 items.","name":"Simple-PropertiesFileName","durationInMillis":2}
<<<<<<<<<<<<<<<<<<<<<<<<<
22:00:57.437 [DEBUG] i.g.c.a.Pause - Pausing for 6320ms (real=6305ms)
22:00:57.552 [DEBUG] i.g.c.c.i.o.OpenWorkload - Injecting 2 users in scenario Acceptance test, continue=true
22:00:57.552 [DEBUG] i.g.h.e.t.HttpTxExecutor - Sending request=simple_cpu_burn uri=http://localhost:8080/cpu/magic-identity-check?matrixSize=133: scenario=Acceptance test, userId=77
22:00:57.552 [DEBUG] i.g.c.c.i.o.OpenWorkload - Start user #77
22:00:57.552 [DEBUG] i.g.h.c.i.HttpAppHandler - Write request WritableRequest{request=DefaultFullHttpRequest(decodeResult: success, version: HTTP/1.1, content: UnpooledByteBufAllocator$InstrumentedUnpooledUnsafeHeapByteBuf(ridx: 0, widx: 0, cap: 0))
GET /cpu/magic-identity-check?matrixSize=133 HTTP/1.1
Accept: */*
Content-Type: application/json;charset=UTF-8
Accept-Language: en-US,en;q=0.8,nl;q=0.6
User-Agent: Mozilla/5.0 (Windows NT 6.1; WOW64) AppleWebKit/537.36 (KHTML, like Gecko) Chrome/38.0.2125.111 Safari/537.36
accept-encoding: gzip,deflate,sdch
host: localhost:8080, content=null}
22:00:57.556 [DEBUG] i.g.h.c.i.HttpAppHandler - Read msg='DefaultHttpResponse(decodeResult: success, version: HTTP/1.1)
HTTP/1.1 200 
Content-Type: application/json;charset=UTF-8
Transfer-Encoding: chunked
Date: Wed, 29 Jan 2020 21:00:56 GMT'
22:00:57.556 [DEBUG] i.g.h.c.i.HttpAppHandler - Read msg='DefaultHttpContent(data: PooledSlicedByteBuf(ridx: 0, widx: 170, cap: 170/170, unwrapped: PooledUnsafeDirectByteBuf(ridx: 304, widx: 309, cap: 1024)), decoderResult: success)'
22:00:57.556 [DEBUG] i.g.h.c.i.HttpAppHandler - Read msg='EmptyLastHttpContent'
22:00:57.556 [TRACE] i.g.h.e.r.DefaultStatsProcessor - 
>>>>>>>>>>>>>>>>>>>>>>>>>>
Request:
simple_cpu_burn: OK 
=========================
Session:
Session(Acceptance test,77,1580331657551,Map(gatling.http.ssl.sslContexts -> SslContexts(io.netty.handler.ssl.JdkSslContext@9f11197,None), gatling.http.cache.dns -> io.gatling.http.cache.DnsCacheSupport$$anon$1@5898ac4b, gatling.http.cache.baseUrl -> http://localhost:8080),0,OK,List(),io.gatling.core.protocol.ProtocolComponentsRegistry$$Lambda$598/0x000000084055d840@452b12e)
=========================
HTTP request:
GET http://localhost:8080/cpu/magic-identity-check?matrixSize=133
headers=
Accept: */*
Content-Type: application/json;charset=UTF-8
Accept-Language: en-US,en;q=0.8,nl;q=0.6
User-Agent: Mozilla/5.0 (Windows NT 6.1; WOW64) AppleWebKit/537.36 (KHTML, like Gecko) Chrome/38.0.2125.111 Safari/537.36
accept-encoding: gzip,deflate,sdch
host: localhost:8080
=========================
HTTP response:
status=
200 
headers= 
Content-Type: application/json;charset=UTF-8
Transfer-Encoding: chunked
Date: Wed, 29 Jan 2020 21:00:56 GMT

body=
{"message":"A simple magic square multiplied by an identity square of size [133] [is equal] to the magic square.","name":"Simple-PropertiesFileName","durationInMillis":2}
<<<<<<<<<<<<<<<<<<<<<<<<<
22:00:57.556 [DEBUG] i.g.c.a.Pause - Pausing for 4745ms (real=4745ms)
22:00:57.922 [DEBUG] i.g.h.e.t.HttpTxExecutor - Sending request=simple_mini_leak uri=http://localhost:8080/memory/grow?objects=8&items=54: scenario=Acceptance test, userId=66
22:00:57.922 [DEBUG] i.g.h.e.t.HttpTxExecutor - Sending request=simple_delay uri=http://localhost:8080/delay?duration=555: scenario=Acceptance test, userId=75
22:00:57.922 [DEBUG] i.g.h.c.i.HttpAppHandler - Write request WritableRequest{request=DefaultFullHttpRequest(decodeResult: success, version: HTTP/1.1, content: UnpooledByteBufAllocator$InstrumentedUnpooledUnsafeHeapByteBuf(ridx: 0, widx: 0, cap: 0))
GET /memory/grow?objects=8&items=54 HTTP/1.1
Accept: */*
Content-Type: application/json;charset=UTF-8
Accept-Language: en-US,en;q=0.8,nl;q=0.6
User-Agent: Mozilla/5.0 (Windows NT 6.1; WOW64) AppleWebKit/537.36 (KHTML, like Gecko) Chrome/38.0.2125.111 Safari/537.36
accept-encoding: gzip,deflate,sdch
host: localhost:8080, content=null}
22:00:57.923 [DEBUG] i.g.h.c.i.HttpAppHandler - Write request WritableRequest{request=DefaultFullHttpRequest(decodeResult: success, version: HTTP/1.1, content: UnpooledByteBufAllocator$InstrumentedUnpooledUnsafeHeapByteBuf(ridx: 0, widx: 0, cap: 0))
GET /delay?duration=555 HTTP/1.1
Accept: */*
Content-Type: application/json;charset=UTF-8
Accept-Language: en-US,en;q=0.8,nl;q=0.6
User-Agent: Mozilla/5.0 (Windows NT 6.1; WOW64) AppleWebKit/537.36 (KHTML, like Gecko) Chrome/38.0.2125.111 Safari/537.36
accept-encoding: gzip,deflate,sdch
host: localhost:8080, content=null}
22:00:57.929 [DEBUG] i.g.h.c.i.HttpAppHandler - Read msg='DefaultHttpResponse(decodeResult: success, version: HTTP/1.1)
HTTP/1.1 200 
Content-Type: application/json;charset=UTF-8
Transfer-Encoding: chunked
Date: Wed, 29 Jan 2020 21:00:57 GMT'
22:00:57.929 [DEBUG] i.g.h.c.i.HttpAppHandler - Read msg='DefaultHttpContent(data: PooledSlicedByteBuf(ridx: 0, widx: 144, cap: 144/144, unwrapped: PooledUnsafeDirectByteBuf(ridx: 278, widx: 283, cap: 512)), decoderResult: success)'
22:00:57.929 [DEBUG] i.g.h.c.i.HttpAppHandler - Read msg='EmptyLastHttpContent'
22:00:57.929 [TRACE] i.g.h.e.r.DefaultStatsProcessor - 
>>>>>>>>>>>>>>>>>>>>>>>>>>
Request:
simple_mini_leak: OK 
=========================
Session:
Session(Acceptance test,66,1580331651552,Map(gatling.http.ssl.sslContexts -> SslContexts(io.netty.handler.ssl.JdkSslContext@19cdc29f,None), gatling.http.cache.dns -> io.gatling.http.cache.DnsCacheSupport$$anon$1@5898ac4b, gatling.http.cache.baseUrl -> http://localhost:8080),11,OK,List(),io.gatling.core.protocol.ProtocolComponentsRegistry$$Lambda$598/0x000000084055d840@452b12e)
=========================
HTTP request:
GET http://localhost:8080/memory/grow?objects=8&items=54
headers=
Accept: */*
Content-Type: application/json;charset=UTF-8
Accept-Language: en-US,en;q=0.8,nl;q=0.6
User-Agent: Mozilla/5.0 (Windows NT 6.1; WOW64) AppleWebKit/537.36 (KHTML, like Gecko) Chrome/38.0.2125.111 Safari/537.36
accept-encoding: gzip,deflate,sdch
host: localhost:8080
=========================
HTTP response:
status=
200 
headers= 
Content-Type: application/json;charset=UTF-8
Transfer-Encoding: chunked
Date: Wed, 29 Jan 2020 21:00:57 GMT

body=
{"message":"Size of BigFatBastard list is now 11544 objects. It contains 623376 items.","name":"Simple-PropertiesFileName","durationInMillis":5}
<<<<<<<<<<<<<<<<<<<<<<<<<
22:00:57.930 [DEBUG] i.g.c.a.Pause - Pausing for 484ms (real=473ms)
22:00:57.939 [DEBUG] i.g.h.c.i.HttpAppHandler - Read msg='DefaultHttpResponse(decodeResult: success, version: HTTP/1.1)
HTTP/1.1 200 
Content-Type: application/json;charset=UTF-8
Transfer-Encoding: chunked
Date: Wed, 29 Jan 2020 21:00:57 GMT'
22:00:57.940 [DEBUG] i.g.h.c.i.HttpAppHandler - Read msg='DefaultHttpContent(data: PooledSlicedByteBuf(ridx: 0, widx: 95, cap: 95/95, unwrapped: PooledUnsafeDirectByteBuf(ridx: 229, widx: 234, cap: 1024)), decoderResult: success)'
22:00:57.940 [DEBUG] i.g.h.c.i.HttpAppHandler - Read msg='EmptyLastHttpContent'
22:00:57.940 [TRACE] i.g.h.e.r.DefaultStatsProcessor - 
>>>>>>>>>>>>>>>>>>>>>>>>>>
Request:
simple_delay: OK 
=========================
Session:
Session(Acceptance test,76,1580331657052,Map(gatling.http.ssl.sslContexts -> SslContexts(io.netty.handler.ssl.JdkSslContext@323aa526,None), gatling.http.cache.dns -> io.gatling.http.cache.DnsCacheSupport$$anon$1@5898ac4b, gatling.http.cache.baseUrl -> http://localhost:8080),20,OK,List(),io.gatling.core.protocol.ProtocolComponentsRegistry$$Lambda$598/0x000000084055d840@452b12e)
=========================
HTTP request:
GET http://localhost:8080/delay?duration=555
headers=
Accept: */*
Content-Type: application/json;charset=UTF-8
Accept-Language: en-US,en;q=0.8,nl;q=0.6
User-Agent: Mozilla/5.0 (Windows NT 6.1; WOW64) AppleWebKit/537.36 (KHTML, like Gecko) Chrome/38.0.2125.111 Safari/537.36
accept-encoding: gzip,deflate,sdch
host: localhost:8080
=========================
HTTP response:
status=
200 
headers= 
Content-Type: application/json;charset=UTF-8
Transfer-Encoding: chunked
Date: Wed, 29 Jan 2020 21:00:57 GMT

body=
{"message":"This was a delay of 555","name":"Simple-PropertiesFileName","durationInMillis":555}
<<<<<<<<<<<<<<<<<<<<<<<<<
22:00:57.940 [DEBUG] i.g.c.a.Pause - Pausing for 2672ms (real=2652ms)
22:00:58.052 [DEBUG] i.g.h.e.t.HttpTxExecutor - Sending request=simple_cpu_burn uri=http://localhost:8080/cpu/magic-identity-check?matrixSize=133: scenario=Acceptance test, userId=78
22:00:58.053 [DEBUG] i.g.c.c.i.o.OpenWorkload - Start user #78
22:00:58.054 [DEBUG] i.g.h.c.i.HttpAppHandler - Write request WritableRequest{request=DefaultFullHttpRequest(decodeResult: success, version: HTTP/1.1, content: UnpooledByteBufAllocator$InstrumentedUnpooledUnsafeHeapByteBuf(ridx: 0, widx: 0, cap: 0))
GET /cpu/magic-identity-check?matrixSize=133 HTTP/1.1
Accept: */*
Content-Type: application/json;charset=UTF-8
Accept-Language: en-US,en;q=0.8,nl;q=0.6
User-Agent: Mozilla/5.0 (Windows NT 6.1; WOW64) AppleWebKit/537.36 (KHTML, like Gecko) Chrome/38.0.2125.111 Safari/537.36
accept-encoding: gzip,deflate,sdch
host: localhost:8080, content=null}
22:00:58.065 [DEBUG] i.g.h.c.i.HttpAppHandler - Read msg='DefaultHttpResponse(decodeResult: success, version: HTTP/1.1)
HTTP/1.1 200 
Content-Type: application/json;charset=UTF-8
Transfer-Encoding: chunked
Date: Wed, 29 Jan 2020 21:00:57 GMT'
22:00:58.065 [DEBUG] i.g.h.c.i.HttpAppHandler - Read msg='DefaultHttpContent(data: PooledSlicedByteBuf(ridx: 0, widx: 171, cap: 171/171, unwrapped: PooledUnsafeDirectByteBuf(ridx: 305, widx: 310, cap: 1024)), decoderResult: success)'
22:00:58.065 [DEBUG] i.g.h.c.i.HttpAppHandler - Read msg='EmptyLastHttpContent'
22:00:58.066 [TRACE] i.g.h.e.r.DefaultStatsProcessor - 
>>>>>>>>>>>>>>>>>>>>>>>>>>
Request:
simple_cpu_burn: OK 
=========================
Session:
Session(Acceptance test,78,1580331658052,Map(gatling.http.ssl.sslContexts -> SslContexts(io.netty.handler.ssl.JdkSslContext@3b10eab1,None), gatling.http.cache.dns -> io.gatling.http.cache.DnsCacheSupport$$anon$1@5898ac4b, gatling.http.cache.baseUrl -> http://localhost:8080),0,OK,List(),io.gatling.core.protocol.ProtocolComponentsRegistry$$Lambda$598/0x000000084055d840@452b12e)
=========================
HTTP request:
GET http://localhost:8080/cpu/magic-identity-check?matrixSize=133
headers=
Accept: */*
Content-Type: application/json;charset=UTF-8
Accept-Language: en-US,en;q=0.8,nl;q=0.6
User-Agent: Mozilla/5.0 (Windows NT 6.1; WOW64) AppleWebKit/537.36 (KHTML, like Gecko) Chrome/38.0.2125.111 Safari/537.36
accept-encoding: gzip,deflate,sdch
host: localhost:8080
=========================
HTTP response:
status=
200 
headers= 
Content-Type: application/json;charset=UTF-8
Transfer-Encoding: chunked
Date: Wed, 29 Jan 2020 21:00:57 GMT

body=
{"message":"A simple magic square multiplied by an identity square of size [133] [is equal] to the magic square.","name":"Simple-PropertiesFileName","durationInMillis":10}
<<<<<<<<<<<<<<<<<<<<<<<<<
22:00:58.066 [DEBUG] i.g.c.a.Pause - Pausing for 873ms (real=872ms)
22:00:58.372 [DEBUG] i.g.h.e.t.HttpTxExecutor - Sending request=simple_mini_leak uri=http://localhost:8080/memory/grow?objects=8&items=54: scenario=Acceptance test, userId=65
22:00:58.372 [DEBUG] i.g.h.c.i.HttpAppHandler - Write request WritableRequest{request=DefaultFullHttpRequest(decodeResult: success, version: HTTP/1.1, content: UnpooledByteBufAllocator$InstrumentedUnpooledUnsafeHeapByteBuf(ridx: 0, widx: 0, cap: 0))
GET /memory/grow?objects=8&items=54 HTTP/1.1
Accept: */*
Content-Type: application/json;charset=UTF-8
Accept-Language: en-US,en;q=0.8,nl;q=0.6
User-Agent: Mozilla/5.0 (Windows NT 6.1; WOW64) AppleWebKit/537.36 (KHTML, like Gecko) Chrome/38.0.2125.111 Safari/537.36
accept-encoding: gzip,deflate,sdch
host: localhost:8080, content=null}
22:00:58.380 [DEBUG] i.g.h.c.i.HttpAppHandler - Read msg='DefaultHttpResponse(decodeResult: success, version: HTTP/1.1)
HTTP/1.1 200 
Content-Type: application/json;charset=UTF-8
Transfer-Encoding: chunked
Date: Wed, 29 Jan 2020 21:00:57 GMT'
22:00:58.380 [DEBUG] i.g.h.c.i.HttpAppHandler - Read msg='DefaultHttpContent(data: PooledSlicedByteBuf(ridx: 0, widx: 144, cap: 144/144, unwrapped: PooledUnsafeDirectByteBuf(ridx: 278, widx: 283, cap: 512)), decoderResult: success)'
22:00:58.380 [DEBUG] i.g.h.c.i.HttpAppHandler - Read msg='EmptyLastHttpContent'
22:00:58.380 [TRACE] i.g.h.e.r.DefaultStatsProcessor - 
>>>>>>>>>>>>>>>>>>>>>>>>>>
Request:
simple_mini_leak: OK 
=========================
Session:
Session(Acceptance test,65,1580331651052,Map(gatling.http.ssl.sslContexts -> SslContexts(io.netty.handler.ssl.JdkSslContext@6183443e,None), gatling.http.cache.dns -> io.gatling.http.cache.DnsCacheSupport$$anon$1@5898ac4b, gatling.http.cache.baseUrl -> http://localhost:8080),17,OK,List(),io.gatling.core.protocol.ProtocolComponentsRegistry$$Lambda$598/0x000000084055d840@452b12e)
=========================
HTTP request:
GET http://localhost:8080/memory/grow?objects=8&items=54
headers=
Accept: */*
Content-Type: application/json;charset=UTF-8
Accept-Language: en-US,en;q=0.8,nl;q=0.6
User-Agent: Mozilla/5.0 (Windows NT 6.1; WOW64) AppleWebKit/537.36 (KHTML, like Gecko) Chrome/38.0.2125.111 Safari/537.36
accept-encoding: gzip,deflate,sdch
host: localhost:8080
=========================
HTTP response:
status=
200 
headers= 
Content-Type: application/json;charset=UTF-8
Transfer-Encoding: chunked
Date: Wed, 29 Jan 2020 21:00:57 GMT

body=
{"message":"Size of BigFatBastard list is now 11552 objects. It contains 623808 items.","name":"Simple-PropertiesFileName","durationInMillis":5}
<<<<<<<<<<<<<<<<<<<<<<<<<
22:00:58.381 [DEBUG] i.g.c.a.Pause - Pausing for 775ms (real=758ms)
22:00:58.422 [DEBUG] i.g.h.e.t.HttpTxExecutor - Sending request=upload-file uri=http://localhost:8080/files/upload: scenario=Acceptance test, userId=66
22:00:58.422 [DEBUG] i.g.h.c.i.HttpAppHandler - Write request WritableRequest{request=DefaultHttpRequest(decodeResult: success, version: HTTP/1.1)
POST /files/upload HTTP/1.1
Accept: */*
Accept-Language: en-US,en;q=0.8,nl;q=0.6
User-Agent: Mozilla/5.0 (Windows NT 6.1; WOW64) AppleWebKit/537.36 (KHTML, like Gecko) Chrome/38.0.2125.111 Safari/537.36
accept-encoding: gzip,deflate,sdch
host: localhost:8080
content-type: multipart/form-data; boundary=kqbll1ceuH5vcv6ZfLevuHgPAtlaeWAlBIQ
content-length: 220, content=io.gatling.http.client.body.multipart.impl.MultipartFileRegion@3edd6abf}
22:00:58.426 [DEBUG] i.g.h.c.i.HttpAppHandler - Read msg='DefaultHttpResponse(decodeResult: success, version: HTTP/1.1)
HTTP/1.1 200 
Content-Type: text/plain;charset=UTF-8
Content-Length: 62
Date: Wed, 29 Jan 2020 21:00:57 GMT'
22:00:58.426 [DEBUG] i.g.h.c.i.HttpAppHandler - Read msg='DefaultLastHttpContent(data: PooledSlicedByteBuf(ridx: 0, widx: 62, cap: 62/62, unwrapped: PooledUnsafeDirectByteBuf(ridx: 176, widx: 176, cap: 512)), decoderResult: success)'
22:00:58.427 [TRACE] i.g.h.e.r.DefaultStatsProcessor - 
>>>>>>>>>>>>>>>>>>>>>>>>>>
Request:
upload-file: OK 
=========================
Session:
Session(Acceptance test,66,1580331651552,Map(gatling.http.ssl.sslContexts -> SslContexts(io.netty.handler.ssl.JdkSslContext@19cdc29f,None), gatling.http.cache.dns -> io.gatling.http.cache.DnsCacheSupport$$anon$1@5898ac4b, gatling.http.cache.baseUrl -> http://localhost:8080),18,OK,List(),io.gatling.core.protocol.ProtocolComponentsRegistry$$Lambda$598/0x000000084055d840@452b12e)
=========================
HTTP request:
POST http://localhost:8080/files/upload
headers=
Accept: */*
Accept-Language: en-US,en;q=0.8,nl;q=0.6
User-Agent: Mozilla/5.0 (Windows NT 6.1; WOW64) AppleWebKit/537.36 (KHTML, like Gecko) Chrome/38.0.2125.111 Safari/537.36
accept-encoding: gzip,deflate,sdch
host: localhost:8080
content-type: multipart/form-data; boundary=kqbll1ceuH5vcv6ZfLevuHgPAtlaeWAlBIQ
content-length: 220
multipartBody=
ByteArrayPart: name=upload contentType=text/plain dispositionType=null charset=UTF-8 transferEncoding=null contentId=null filename=gatling-upload.txt
=========================
HTTP response:
status=
200 
headers= 
Content-Type: text/plain;charset=UTF-8
Content-Length: 62
Date: Wed, 29 Jan 2020 21:00:57 GMT

body=
File upload succeeded [gatling-upload.txt] of size [17] bytes.
<<<<<<<<<<<<<<<<<<<<<<<<<
22:00:58.427 [DEBUG] i.g.c.a.Exit - End user #66
22:00:58.427 [DEBUG] i.g.c.c.i.Injector - End user #66
22:00:58.480 [DEBUG] i.g.h.c.i.HttpAppHandler - Read msg='DefaultHttpResponse(decodeResult: success, version: HTTP/1.1)
HTTP/1.1 200 
Content-Type: application/json;charset=UTF-8
Transfer-Encoding: chunked
Date: Wed, 29 Jan 2020 21:00:57 GMT'
22:00:58.480 [DEBUG] i.g.h.c.i.HttpAppHandler - Read msg='DefaultHttpContent(data: PooledSlicedByteBuf(ridx: 0, widx: 95, cap: 95/95, unwrapped: PooledUnsafeDirectByteBuf(ridx: 229, widx: 229, cap: 512)), decoderResult: success)'
22:00:58.480 [DEBUG] i.g.h.c.i.HttpAppHandler - Read msg='EmptyLastHttpContent'
22:00:58.481 [TRACE] i.g.h.e.r.DefaultStatsProcessor - 
>>>>>>>>>>>>>>>>>>>>>>>>>>
Request:
simple_delay: OK 
=========================
Session:
Session(Acceptance test,75,1580331656551,Map(gatling.http.ssl.sslContexts -> SslContexts(io.netty.handler.ssl.JdkSslContext@43bbaa20,None), gatling.http.cache.dns -> io.gatling.http.cache.DnsCacheSupport$$anon$1@5898ac4b, gatling.http.cache.baseUrl -> http://localhost:8080),26,OK,List(),io.gatling.core.protocol.ProtocolComponentsRegistry$$Lambda$598/0x000000084055d840@452b12e)
=========================
HTTP request:
GET http://localhost:8080/delay?duration=555
headers=
Accept: */*
Content-Type: application/json;charset=UTF-8
Accept-Language: en-US,en;q=0.8,nl;q=0.6
User-Agent: Mozilla/5.0 (Windows NT 6.1; WOW64) AppleWebKit/537.36 (KHTML, like Gecko) Chrome/38.0.2125.111 Safari/537.36
accept-encoding: gzip,deflate,sdch
host: localhost:8080
=========================
HTTP response:
status=
200 
headers= 
Content-Type: application/json;charset=UTF-8
Transfer-Encoding: chunked
Date: Wed, 29 Jan 2020 21:00:57 GMT

body=
{"message":"This was a delay of 555","name":"Simple-PropertiesFileName","durationInMillis":555}
<<<<<<<<<<<<<<<<<<<<<<<<<
22:00:58.481 [DEBUG] i.g.c.a.Pause - Pausing for 389ms (real=362ms)
22:00:58.551 [DEBUG] i.g.h.e.t.HttpTxExecutor - Sending request=simple_mini_leak uri=http://localhost:8080/memory/grow?objects=8&items=54: scenario=Acceptance test, userId=68
22:00:58.552 [DEBUG] i.g.h.e.t.HttpTxExecutor - Sending request=simple_cpu_burn uri=http://localhost:8080/cpu/magic-identity-check?matrixSize=133: scenario=Acceptance test, userId=79
22:00:58.552 [DEBUG] i.g.h.c.i.HttpAppHandler - Write request WritableRequest{request=DefaultFullHttpRequest(decodeResult: success, version: HTTP/1.1, content: UnpooledByteBufAllocator$InstrumentedUnpooledUnsafeHeapByteBuf(ridx: 0, widx: 0, cap: 0))
GET /memory/grow?objects=8&items=54 HTTP/1.1
Accept: */*
Content-Type: application/json;charset=UTF-8
Accept-Language: en-US,en;q=0.8,nl;q=0.6
User-Agent: Mozilla/5.0 (Windows NT 6.1; WOW64) AppleWebKit/537.36 (KHTML, like Gecko) Chrome/38.0.2125.111 Safari/537.36
accept-encoding: gzip,deflate,sdch
host: localhost:8080, content=null}
22:00:58.552 [DEBUG] i.g.c.c.i.o.OpenWorkload - Injecting 2 users in scenario Acceptance test, continue=true
22:00:58.552 [DEBUG] i.g.c.c.i.o.OpenWorkload - Start user #79
22:00:58.553 [DEBUG] i.g.h.c.i.HttpAppHandler - Write request WritableRequest{request=DefaultFullHttpRequest(decodeResult: success, version: HTTP/1.1, content: UnpooledByteBufAllocator$InstrumentedUnpooledUnsafeHeapByteBuf(ridx: 0, widx: 0, cap: 0))
GET /cpu/magic-identity-check?matrixSize=133 HTTP/1.1
Accept: */*
Content-Type: application/json;charset=UTF-8
Accept-Language: en-US,en;q=0.8,nl;q=0.6
User-Agent: Mozilla/5.0 (Windows NT 6.1; WOW64) AppleWebKit/537.36 (KHTML, like Gecko) Chrome/38.0.2125.111 Safari/537.36
accept-encoding: gzip,deflate,sdch
host: localhost:8080, content=null}
22:00:58.559 [DEBUG] i.g.h.c.i.HttpAppHandler - Read msg='DefaultHttpResponse(decodeResult: success, version: HTTP/1.1)
HTTP/1.1 200 
Content-Type: application/json;charset=UTF-8
Transfer-Encoding: chunked
Date: Wed, 29 Jan 2020 21:00:57 GMT'
22:00:58.559 [DEBUG] i.g.h.c.i.HttpAppHandler - Read msg='DefaultHttpContent(data: PooledSlicedByteBuf(ridx: 0, widx: 144, cap: 144/144, unwrapped: PooledUnsafeDirectByteBuf(ridx: 278, widx: 278, cap: 512)), decoderResult: success)'
22:00:58.559 [DEBUG] i.g.h.c.i.HttpAppHandler - Read msg='EmptyLastHttpContent'
22:00:58.560 [TRACE] i.g.h.e.r.DefaultStatsProcessor - 
>>>>>>>>>>>>>>>>>>>>>>>>>>
Request:
simple_mini_leak: OK 
=========================
Session:
Session(Acceptance test,68,1580331652552,Map(gatling.http.ssl.sslContexts -> SslContexts(io.netty.handler.ssl.JdkSslContext@1806109b,None), gatling.http.cache.dns -> io.gatling.http.cache.DnsCacheSupport$$anon$1@5898ac4b, gatling.http.cache.baseUrl -> http://localhost:8080),19,OK,List(),io.gatling.core.protocol.ProtocolComponentsRegistry$$Lambda$598/0x000000084055d840@452b12e)
=========================
HTTP request:
GET http://localhost:8080/memory/grow?objects=8&items=54
headers=
Accept: */*
Content-Type: application/json;charset=UTF-8
Accept-Language: en-US,en;q=0.8,nl;q=0.6
User-Agent: Mozilla/5.0 (Windows NT 6.1; WOW64) AppleWebKit/537.36 (KHTML, like Gecko) Chrome/38.0.2125.111 Safari/537.36
accept-encoding: gzip,deflate,sdch
host: localhost:8080
=========================
HTTP response:
status=
200 
headers= 
Content-Type: application/json;charset=UTF-8
Transfer-Encoding: chunked
Date: Wed, 29 Jan 2020 21:00:57 GMT

body=
{"message":"Size of BigFatBastard list is now 11560 objects. It contains 624240 items.","name":"Simple-PropertiesFileName","durationInMillis":5}
<<<<<<<<<<<<<<<<<<<<<<<<<
22:00:58.560 [DEBUG] i.g.c.a.Pause - Pausing for 1551ms (real=1531ms)
22:00:58.563 [DEBUG] i.g.h.c.i.HttpAppHandler - Read msg='DefaultHttpResponse(decodeResult: success, version: HTTP/1.1)
HTTP/1.1 200 
Content-Type: application/json;charset=UTF-8
Transfer-Encoding: chunked
Date: Wed, 29 Jan 2020 21:00:57 GMT'
22:00:58.564 [DEBUG] i.g.h.c.i.HttpAppHandler - Read msg='DefaultHttpContent(data: PooledSlicedByteBuf(ridx: 0, widx: 170, cap: 170/170, unwrapped: PooledUnsafeDirectByteBuf(ridx: 304, widx: 309, cap: 1024)), decoderResult: success)'
22:00:58.564 [DEBUG] i.g.h.c.i.HttpAppHandler - Read msg='EmptyLastHttpContent'
22:00:58.564 [TRACE] i.g.h.e.r.DefaultStatsProcessor - 
>>>>>>>>>>>>>>>>>>>>>>>>>>
Request:
simple_cpu_burn: OK 
=========================
Session:
Session(Acceptance test,79,1580331658551,Map(gatling.http.ssl.sslContexts -> SslContexts(io.netty.handler.ssl.JdkSslContext@9a37ba9,None), gatling.http.cache.dns -> io.gatling.http.cache.DnsCacheSupport$$anon$1@5898ac4b, gatling.http.cache.baseUrl -> http://localhost:8080),0,OK,List(),io.gatling.core.protocol.ProtocolComponentsRegistry$$Lambda$598/0x000000084055d840@452b12e)
=========================
HTTP request:
GET http://localhost:8080/cpu/magic-identity-check?matrixSize=133
headers=
Accept: */*
Content-Type: application/json;charset=UTF-8
Accept-Language: en-US,en;q=0.8,nl;q=0.6
User-Agent: Mozilla/5.0 (Windows NT 6.1; WOW64) AppleWebKit/537.36 (KHTML, like Gecko) Chrome/38.0.2125.111 Safari/537.36
accept-encoding: gzip,deflate,sdch
host: localhost:8080
=========================
HTTP response:
status=
200 
headers= 
Content-Type: application/json;charset=UTF-8
Transfer-Encoding: chunked
Date: Wed, 29 Jan 2020 21:00:57 GMT

body=
{"message":"A simple magic square multiplied by an identity square of size [133] [is equal] to the magic square.","name":"Simple-PropertiesFileName","durationInMillis":9}
<<<<<<<<<<<<<<<<<<<<<<<<<
22:00:58.564 [DEBUG] i.g.c.a.Pause - Pausing for 1369ms (real=1369ms)
22:00:58.622 [DEBUG] i.g.h.e.t.HttpTxExecutor - Sending request=upload-file uri=http://localhost:8080/files/upload: scenario=Acceptance test, userId=61
22:00:58.622 [DEBUG] i.g.h.c.i.HttpAppHandler - Write request WritableRequest{request=DefaultHttpRequest(decodeResult: success, version: HTTP/1.1)
POST /files/upload HTTP/1.1
Accept: */*
Accept-Language: en-US,en;q=0.8,nl;q=0.6
User-Agent: Mozilla/5.0 (Windows NT 6.1; WOW64) AppleWebKit/537.36 (KHTML, like Gecko) Chrome/38.0.2125.111 Safari/537.36
accept-encoding: gzip,deflate,sdch
host: localhost:8080
content-type: multipart/form-data; boundary=z7G5TEyU_VGJQT3VNdJHgjduoW7Scj_Scbc
content-length: 220, content=io.gatling.http.client.body.multipart.impl.MultipartFileRegion@22cfc87f}
22:00:58.625 [DEBUG] i.g.h.c.i.HttpAppHandler - Read msg='DefaultHttpResponse(decodeResult: success, version: HTTP/1.1)
HTTP/1.1 200 
Content-Type: text/plain;charset=UTF-8
Content-Length: 62
Date: Wed, 29 Jan 2020 21:00:57 GMT'
22:00:58.625 [DEBUG] i.g.h.c.i.HttpAppHandler - Read msg='DefaultLastHttpContent(data: PooledSlicedByteBuf(ridx: 0, widx: 62, cap: 62/62, unwrapped: PooledUnsafeDirectByteBuf(ridx: 176, widx: 176, cap: 496)), decoderResult: success)'
22:00:58.626 [TRACE] i.g.h.e.r.DefaultStatsProcessor - 
>>>>>>>>>>>>>>>>>>>>>>>>>>
Request:
upload-file: OK 
=========================
Session:
Session(Acceptance test,61,1580331648551,Map(gatling.http.ssl.sslContexts -> SslContexts(io.netty.handler.ssl.JdkSslContext@6aaa8268,None), gatling.http.cache.dns -> io.gatling.http.cache.DnsCacheSupport$$anon$1@5898ac4b, gatling.http.cache.baseUrl -> http://localhost:8080),10,OK,List(),io.gatling.core.protocol.ProtocolComponentsRegistry$$Lambda$598/0x000000084055d840@452b12e)
=========================
HTTP request:
POST http://localhost:8080/files/upload
headers=
Accept: */*
Accept-Language: en-US,en;q=0.8,nl;q=0.6
User-Agent: Mozilla/5.0 (Windows NT 6.1; WOW64) AppleWebKit/537.36 (KHTML, like Gecko) Chrome/38.0.2125.111 Safari/537.36
accept-encoding: gzip,deflate,sdch
host: localhost:8080
content-type: multipart/form-data; boundary=z7G5TEyU_VGJQT3VNdJHgjduoW7Scj_Scbc
content-length: 220
multipartBody=
ByteArrayPart: name=upload contentType=text/plain dispositionType=null charset=UTF-8 transferEncoding=null contentId=null filename=gatling-upload.txt
=========================
HTTP response:
status=
200 
headers= 
Content-Type: text/plain;charset=UTF-8
Content-Length: 62
Date: Wed, 29 Jan 2020 21:00:57 GMT

body=
File upload succeeded [gatling-upload.txt] of size [17] bytes.
<<<<<<<<<<<<<<<<<<<<<<<<<
22:00:58.626 [DEBUG] i.g.c.a.Exit - End user #61
22:00:58.626 [DEBUG] i.g.c.c.i.Injector - End user #61
22:00:58.642 [DEBUG] i.g.h.e.t.HttpTxExecutor - Sending request=upload-file uri=http://localhost:8080/files/upload: scenario=Acceptance test, userId=59
22:00:58.643 [DEBUG] i.g.h.c.i.HttpAppHandler - Write request WritableRequest{request=DefaultHttpRequest(decodeResult: success, version: HTTP/1.1)
POST /files/upload HTTP/1.1
Accept: */*
Accept-Language: en-US,en;q=0.8,nl;q=0.6
User-Agent: Mozilla/5.0 (Windows NT 6.1; WOW64) AppleWebKit/537.36 (KHTML, like Gecko) Chrome/38.0.2125.111 Safari/537.36
accept-encoding: gzip,deflate,sdch
host: localhost:8080
content-type: multipart/form-data; boundary=8Nr74h4dsdYJshSMtSX2Ib24P95nSl_ONHo
content-length: 220, content=io.gatling.http.client.body.multipart.impl.MultipartFileRegion@bbd50f4}
22:00:58.645 [DEBUG] i.g.h.c.i.HttpAppHandler - Read msg='DefaultHttpResponse(decodeResult: success, version: HTTP/1.1)
HTTP/1.1 200 
Content-Type: text/plain;charset=UTF-8
Content-Length: 62
Date: Wed, 29 Jan 2020 21:00:57 GMT'
22:00:58.645 [DEBUG] i.g.h.c.i.HttpAppHandler - Read msg='DefaultLastHttpContent(data: PooledSlicedByteBuf(ridx: 0, widx: 62, cap: 62/62, unwrapped: PooledUnsafeDirectByteBuf(ridx: 176, widx: 176, cap: 512)), decoderResult: success)'
22:00:58.646 [TRACE] i.g.h.e.r.DefaultStatsProcessor - 
>>>>>>>>>>>>>>>>>>>>>>>>>>
Request:
upload-file: OK 
=========================
Session:
Session(Acceptance test,59,1580331647552,Map(gatling.http.ssl.sslContexts -> SslContexts(io.netty.handler.ssl.JdkSslContext@57b563c3,None), gatling.http.cache.dns -> io.gatling.http.cache.DnsCacheSupport$$anon$1@5898ac4b, gatling.http.cache.baseUrl -> http://localhost:8080),15,OK,List(),io.gatling.core.protocol.ProtocolComponentsRegistry$$Lambda$598/0x000000084055d840@452b12e)
=========================
HTTP request:
POST http://localhost:8080/files/upload
headers=
Accept: */*
Accept-Language: en-US,en;q=0.8,nl;q=0.6
User-Agent: Mozilla/5.0 (Windows NT 6.1; WOW64) AppleWebKit/537.36 (KHTML, like Gecko) Chrome/38.0.2125.111 Safari/537.36
accept-encoding: gzip,deflate,sdch
host: localhost:8080
content-type: multipart/form-data; boundary=8Nr74h4dsdYJshSMtSX2Ib24P95nSl_ONHo
content-length: 220
multipartBody=
ByteArrayPart: name=upload contentType=text/plain dispositionType=null charset=UTF-8 transferEncoding=null contentId=null filename=gatling-upload.txt
=========================
HTTP response:
status=
200 
headers= 
Content-Type: text/plain;charset=UTF-8
Content-Length: 62
Date: Wed, 29 Jan 2020 21:00:57 GMT

body=
File upload succeeded [gatling-upload.txt] of size [17] bytes.
<<<<<<<<<<<<<<<<<<<<<<<<<
22:00:58.646 [DEBUG] i.g.c.a.Exit - End user #59
22:00:58.647 [DEBUG] i.g.c.c.i.Injector - End user #59
22:00:58.871 [DEBUG] i.g.h.e.t.HttpTxExecutor - Sending request=simple_mini_leak uri=http://localhost:8080/memory/grow?objects=8&items=54: scenario=Acceptance test, userId=75
22:00:58.872 [DEBUG] i.g.h.c.i.HttpAppHandler - Write request WritableRequest{request=DefaultFullHttpRequest(decodeResult: success, version: HTTP/1.1, content: UnpooledByteBufAllocator$InstrumentedUnpooledUnsafeHeapByteBuf(ridx: 0, widx: 0, cap: 0))
GET /memory/grow?objects=8&items=54 HTTP/1.1
Accept: */*
Content-Type: application/json;charset=UTF-8
Accept-Language: en-US,en;q=0.8,nl;q=0.6
User-Agent: Mozilla/5.0 (Windows NT 6.1; WOW64) AppleWebKit/537.36 (KHTML, like Gecko) Chrome/38.0.2125.111 Safari/537.36
accept-encoding: gzip,deflate,sdch
host: localhost:8080, content=null}
22:00:58.879 [DEBUG] i.g.h.c.i.HttpAppHandler - Read msg='DefaultHttpResponse(decodeResult: success, version: HTTP/1.1)
HTTP/1.1 200 
Content-Type: application/json;charset=UTF-8
Transfer-Encoding: chunked
Date: Wed, 29 Jan 2020 21:00:57 GMT'
22:00:58.879 [DEBUG] i.g.h.c.i.HttpAppHandler - Read msg='DefaultHttpContent(data: PooledSlicedByteBuf(ridx: 0, widx: 144, cap: 144/144, unwrapped: PooledUnsafeDirectByteBuf(ridx: 278, widx: 278, cap: 496)), decoderResult: success)'
22:00:58.880 [DEBUG] i.g.h.c.i.HttpAppHandler - Read msg='EmptyLastHttpContent'
22:00:58.880 [TRACE] i.g.h.e.r.DefaultStatsProcessor - 
>>>>>>>>>>>>>>>>>>>>>>>>>>
Request:
simple_mini_leak: OK 
=========================
Session:
Session(Acceptance test,75,1580331656551,Map(gatling.http.ssl.sslContexts -> SslContexts(io.netty.handler.ssl.JdkSslContext@43bbaa20,None), gatling.http.cache.dns -> io.gatling.http.cache.DnsCacheSupport$$anon$1@5898ac4b, gatling.http.cache.baseUrl -> http://localhost:8080),28,OK,List(),io.gatling.core.protocol.ProtocolComponentsRegistry$$Lambda$598/0x000000084055d840@452b12e)
=========================
HTTP request:
GET http://localhost:8080/memory/grow?objects=8&items=54
headers=
Accept: */*
Content-Type: application/json;charset=UTF-8
Accept-Language: en-US,en;q=0.8,nl;q=0.6
User-Agent: Mozilla/5.0 (Windows NT 6.1; WOW64) AppleWebKit/537.36 (KHTML, like Gecko) Chrome/38.0.2125.111 Safari/537.36
accept-encoding: gzip,deflate,sdch
host: localhost:8080
=========================
HTTP response:
status=
200 
headers= 
Content-Type: application/json;charset=UTF-8
Transfer-Encoding: chunked
Date: Wed, 29 Jan 2020 21:00:57 GMT

body=
{"message":"Size of BigFatBastard list is now 11568 objects. It contains 624672 items.","name":"Simple-PropertiesFileName","durationInMillis":6}
<<<<<<<<<<<<<<<<<<<<<<<<<
22:00:58.881 [DEBUG] i.g.c.a.Pause - Pausing for 3096ms (real=3068ms)
22:00:58.961 [DEBUG] i.g.h.e.t.HttpTxExecutor - Sending request=simple_delay uri=http://localhost:8080/delay?duration=555: scenario=Acceptance test, userId=78
22:00:58.962 [DEBUG] i.g.h.c.i.HttpAppHandler - Write request WritableRequest{request=DefaultFullHttpRequest(decodeResult: success, version: HTTP/1.1, content: UnpooledByteBufAllocator$InstrumentedUnpooledUnsafeHeapByteBuf(ridx: 0, widx: 0, cap: 0))
GET /delay?duration=555 HTTP/1.1
Accept: */*
Content-Type: application/json;charset=UTF-8
Accept-Language: en-US,en;q=0.8,nl;q=0.6
User-Agent: Mozilla/5.0 (Windows NT 6.1; WOW64) AppleWebKit/537.36 (KHTML, like Gecko) Chrome/38.0.2125.111 Safari/537.36
accept-encoding: gzip,deflate,sdch
host: localhost:8080, content=null}
22:00:59.052 [DEBUG] i.g.h.e.t.HttpTxExecutor - Sending request=simple_cpu_burn uri=http://localhost:8080/cpu/magic-identity-check?matrixSize=133: scenario=Acceptance test, userId=80
22:00:59.052 [DEBUG] i.g.c.c.i.o.OpenWorkload - Start user #80
22:00:59.053 [DEBUG] i.g.h.c.i.HttpAppHandler - Write request WritableRequest{request=DefaultFullHttpRequest(decodeResult: success, version: HTTP/1.1, content: UnpooledByteBufAllocator$InstrumentedUnpooledUnsafeHeapByteBuf(ridx: 0, widx: 0, cap: 0))
GET /cpu/magic-identity-check?matrixSize=133 HTTP/1.1
Accept: */*
Content-Type: application/json;charset=UTF-8
Accept-Language: en-US,en;q=0.8,nl;q=0.6
User-Agent: Mozilla/5.0 (Windows NT 6.1; WOW64) AppleWebKit/537.36 (KHTML, like Gecko) Chrome/38.0.2125.111 Safari/537.36
accept-encoding: gzip,deflate,sdch
host: localhost:8080, content=null}
22:00:59.064 [DEBUG] i.g.h.c.i.HttpAppHandler - Read msg='DefaultHttpResponse(decodeResult: success, version: HTTP/1.1)
HTTP/1.1 200 
Content-Type: application/json;charset=UTF-8
Transfer-Encoding: chunked
Date: Wed, 29 Jan 2020 21:00:59 GMT'
22:00:59.064 [DEBUG] i.g.h.c.i.HttpAppHandler - Read msg='DefaultHttpContent(data: PooledSlicedByteBuf(ridx: 0, widx: 170, cap: 170/170, unwrapped: PooledUnsafeDirectByteBuf(ridx: 304, widx: 304, cap: 1024)), decoderResult: success)'
22:00:59.065 [DEBUG] i.g.h.c.i.HttpAppHandler - Read msg='EmptyLastHttpContent'
22:00:59.065 [TRACE] i.g.h.e.r.DefaultStatsProcessor - 
>>>>>>>>>>>>>>>>>>>>>>>>>>
Request:
simple_cpu_burn: OK 
=========================
Session:
Session(Acceptance test,80,1580331659051,Map(gatling.http.ssl.sslContexts -> SslContexts(io.netty.handler.ssl.JdkSslContext@60b836d5,None), gatling.http.cache.dns -> io.gatling.http.cache.DnsCacheSupport$$anon$1@5898ac4b, gatling.http.cache.baseUrl -> http://localhost:8080),0,OK,List(),io.gatling.core.protocol.ProtocolComponentsRegistry$$Lambda$598/0x000000084055d840@452b12e)
=========================
HTTP request:
GET http://localhost:8080/cpu/magic-identity-check?matrixSize=133
headers=
Accept: */*
Content-Type: application/json;charset=UTF-8
Accept-Language: en-US,en;q=0.8,nl;q=0.6
User-Agent: Mozilla/5.0 (Windows NT 6.1; WOW64) AppleWebKit/537.36 (KHTML, like Gecko) Chrome/38.0.2125.111 Safari/537.36
accept-encoding: gzip,deflate,sdch
host: localhost:8080
=========================
HTTP response:
status=
200 
headers= 
Content-Type: application/json;charset=UTF-8
Transfer-Encoding: chunked
Date: Wed, 29 Jan 2020 21:00:59 GMT

body=
{"message":"A simple magic square multiplied by an identity square of size [133] [is equal] to the magic square.","name":"Simple-PropertiesFileName","durationInMillis":9}
<<<<<<<<<<<<<<<<<<<<<<<<<
22:00:59.065 [DEBUG] i.g.c.a.Pause - Pausing for 734ms (real=734ms)
22:00:59.152 [DEBUG] i.g.h.e.t.HttpTxExecutor - Sending request=upload-file uri=http://localhost:8080/files/upload: scenario=Acceptance test, userId=65
22:00:59.152 [DEBUG] i.g.h.c.i.HttpAppHandler - Write request WritableRequest{request=DefaultHttpRequest(decodeResult: success, version: HTTP/1.1)
POST /files/upload HTTP/1.1
Accept: */*
Accept-Language: en-US,en;q=0.8,nl;q=0.6
User-Agent: Mozilla/5.0 (Windows NT 6.1; WOW64) AppleWebKit/537.36 (KHTML, like Gecko) Chrome/38.0.2125.111 Safari/537.36
accept-encoding: gzip,deflate,sdch
host: localhost:8080
content-type: multipart/form-data; boundary=XOJwA3S2DsRcXYNuOZmzM7Qlq6Nkjx8BYlq
content-length: 220, content=io.gatling.http.client.body.multipart.impl.MultipartFileRegion@7052b337}
22:00:59.155 [DEBUG] i.g.h.c.i.HttpAppHandler - Read msg='DefaultHttpResponse(decodeResult: success, version: HTTP/1.1)
HTTP/1.1 200 
Content-Type: text/plain;charset=UTF-8
Content-Length: 62
Date: Wed, 29 Jan 2020 21:00:59 GMT'
22:00:59.156 [DEBUG] i.g.h.c.i.HttpAppHandler - Read msg='DefaultLastHttpContent(data: PooledSlicedByteBuf(ridx: 0, widx: 62, cap: 62/62, unwrapped: PooledUnsafeDirectByteBuf(ridx: 176, widx: 176, cap: 512)), decoderResult: success)'
22:00:59.156 [TRACE] i.g.h.e.r.DefaultStatsProcessor - 
>>>>>>>>>>>>>>>>>>>>>>>>>>
Request:
upload-file: OK 
=========================
Session:
Session(Acceptance test,65,1580331651052,Map(gatling.http.ssl.sslContexts -> SslContexts(io.netty.handler.ssl.JdkSslContext@6183443e,None), gatling.http.cache.dns -> io.gatling.http.cache.DnsCacheSupport$$anon$1@5898ac4b, gatling.http.cache.baseUrl -> http://localhost:8080),12,OK,List(),io.gatling.core.protocol.ProtocolComponentsRegistry$$Lambda$598/0x000000084055d840@452b12e)
=========================
HTTP request:
POST http://localhost:8080/files/upload
headers=
Accept: */*
Accept-Language: en-US,en;q=0.8,nl;q=0.6
User-Agent: Mozilla/5.0 (Windows NT 6.1; WOW64) AppleWebKit/537.36 (KHTML, like Gecko) Chrome/38.0.2125.111 Safari/537.36
accept-encoding: gzip,deflate,sdch
host: localhost:8080
content-type: multipart/form-data; boundary=XOJwA3S2DsRcXYNuOZmzM7Qlq6Nkjx8BYlq
content-length: 220
multipartBody=
ByteArrayPart: name=upload contentType=text/plain dispositionType=null charset=UTF-8 transferEncoding=null contentId=null filename=gatling-upload.txt
=========================
HTTP response:
status=
200 
headers= 
Content-Type: text/plain;charset=UTF-8
Content-Length: 62
Date: Wed, 29 Jan 2020 21:00:59 GMT

body=
File upload succeeded [gatling-upload.txt] of size [17] bytes.
<<<<<<<<<<<<<<<<<<<<<<<<<
22:00:59.156 [DEBUG] i.g.c.a.Exit - End user #65
22:00:59.157 [DEBUG] i.g.c.c.i.Injector - End user #65

================================================================================
2020-01-29 22:00:59                                          55s elapsed
---- Requests ------------------------------------------------------------------
> Global                                                   (OK=281    KO=1     )
> simple_cpu_burn                                          (OK=80     KO=0     )
> simple_delay                                             (OK=73     KO=0     )
> simple_mini_leak                                         (OK=67     KO=1     )
> upload-file                                              (OK=61     KO=0     )
---- Errors --------------------------------------------------------------------
> status.find.is(200), but actually found 500                         1 (100.0%)

---- Acceptance test -----------------------------------------------------------
[######---                                                                 ]  8%
          waiting: 610    / active: 19     / done: 61    
================================================================================

22:00:59.519 [DEBUG] i.g.h.c.i.HttpAppHandler - Read msg='DefaultHttpResponse(decodeResult: success, version: HTTP/1.1)
HTTP/1.1 200 
Content-Type: application/json;charset=UTF-8
Transfer-Encoding: chunked
Date: Wed, 29 Jan 2020 21:00:59 GMT'
22:00:59.520 [DEBUG] i.g.h.c.i.HttpAppHandler - Read msg='DefaultHttpContent(data: PooledSlicedByteBuf(ridx: 0, widx: 95, cap: 95/95, unwrapped: PooledUnsafeDirectByteBuf(ridx: 229, widx: 229, cap: 1024)), decoderResult: success)'
22:00:59.520 [DEBUG] i.g.h.c.i.HttpAppHandler - Read msg='EmptyLastHttpContent'
22:00:59.520 [TRACE] i.g.h.e.r.DefaultStatsProcessor - 
>>>>>>>>>>>>>>>>>>>>>>>>>>
Request:
simple_delay: OK 
=========================
Session:
Session(Acceptance test,78,1580331658052,Map(gatling.http.ssl.sslContexts -> SslContexts(io.netty.handler.ssl.JdkSslContext@3b10eab1,None), gatling.http.cache.dns -> io.gatling.http.cache.DnsCacheSupport$$anon$1@5898ac4b, gatling.http.cache.baseUrl -> http://localhost:8080),23,OK,List(),io.gatling.core.protocol.ProtocolComponentsRegistry$$Lambda$598/0x000000084055d840@452b12e)
=========================
HTTP request:
GET http://localhost:8080/delay?duration=555
headers=
Accept: */*
Content-Type: application/json;charset=UTF-8
Accept-Language: en-US,en;q=0.8,nl;q=0.6
User-Agent: Mozilla/5.0 (Windows NT 6.1; WOW64) AppleWebKit/537.36 (KHTML, like Gecko) Chrome/38.0.2125.111 Safari/537.36
accept-encoding: gzip,deflate,sdch
host: localhost:8080
=========================
HTTP response:
status=
200 
headers= 
Content-Type: application/json;charset=UTF-8
Transfer-Encoding: chunked
Date: Wed, 29 Jan 2020 21:00:59 GMT

body=
{"message":"This was a delay of 555","name":"Simple-PropertiesFileName","durationInMillis":555}
<<<<<<<<<<<<<<<<<<<<<<<<<
22:00:59.521 [DEBUG] i.g.c.a.Pause - Pausing for 3466ms (real=3443ms)
22:00:59.552 [DEBUG] i.g.h.e.t.HttpTxExecutor - Sending request=simple_cpu_burn uri=http://localhost:8080/cpu/magic-identity-check?matrixSize=133: scenario=Acceptance test, userId=81
22:00:59.552 [DEBUG] i.g.c.c.i.o.OpenWorkload - Injecting 2 users in scenario Acceptance test, continue=true
22:00:59.552 [DEBUG] i.g.c.c.i.o.OpenWorkload - Start user #81
22:00:59.553 [DEBUG] i.g.h.c.i.HttpAppHandler - Write request WritableRequest{request=DefaultFullHttpRequest(decodeResult: success, version: HTTP/1.1, content: UnpooledByteBufAllocator$InstrumentedUnpooledUnsafeHeapByteBuf(ridx: 0, widx: 0, cap: 0))
GET /cpu/magic-identity-check?matrixSize=133 HTTP/1.1
Accept: */*
Content-Type: application/json;charset=UTF-8
Accept-Language: en-US,en;q=0.8,nl;q=0.6
User-Agent: Mozilla/5.0 (Windows NT 6.1; WOW64) AppleWebKit/537.36 (KHTML, like Gecko) Chrome/38.0.2125.111 Safari/537.36
accept-encoding: gzip,deflate,sdch
host: localhost:8080, content=null}
22:00:59.559 [DEBUG] i.g.h.c.i.HttpAppHandler - Read msg='DefaultHttpResponse(decodeResult: success, version: HTTP/1.1)
HTTP/1.1 200 
Content-Type: application/json;charset=UTF-8
Transfer-Encoding: chunked
Date: Wed, 29 Jan 2020 21:00:59 GMT'
22:00:59.559 [DEBUG] i.g.h.c.i.HttpAppHandler - Read msg='DefaultHttpContent(data: PooledSlicedByteBuf(ridx: 0, widx: 170, cap: 170/170, unwrapped: PooledUnsafeDirectByteBuf(ridx: 304, widx: 309, cap: 1024)), decoderResult: success)'
22:00:59.559 [DEBUG] i.g.h.c.i.HttpAppHandler - Read msg='EmptyLastHttpContent'
22:00:59.559 [TRACE] i.g.h.e.r.DefaultStatsProcessor - 
>>>>>>>>>>>>>>>>>>>>>>>>>>
Request:
simple_cpu_burn: OK 
=========================
Session:
Session(Acceptance test,81,1580331659551,Map(gatling.http.ssl.sslContexts -> SslContexts(io.netty.handler.ssl.JdkSslContext@5f034302,None), gatling.http.cache.dns -> io.gatling.http.cache.DnsCacheSupport$$anon$1@5898ac4b, gatling.http.cache.baseUrl -> http://localhost:8080),0,OK,List(),io.gatling.core.protocol.ProtocolComponentsRegistry$$Lambda$598/0x000000084055d840@452b12e)
=========================
HTTP request:
GET http://localhost:8080/cpu/magic-identity-check?matrixSize=133
headers=
Accept: */*
Content-Type: application/json;charset=UTF-8
Accept-Language: en-US,en;q=0.8,nl;q=0.6
User-Agent: Mozilla/5.0 (Windows NT 6.1; WOW64) AppleWebKit/537.36 (KHTML, like Gecko) Chrome/38.0.2125.111 Safari/537.36
accept-encoding: gzip,deflate,sdch
host: localhost:8080
=========================
HTTP response:
status=
200 
headers= 
Content-Type: application/json;charset=UTF-8
Transfer-Encoding: chunked
Date: Wed, 29 Jan 2020 21:00:59 GMT

body=
{"message":"A simple magic square multiplied by an identity square of size [133] [is equal] to the magic square.","name":"Simple-PropertiesFileName","durationInMillis":4}
<<<<<<<<<<<<<<<<<<<<<<<<<
22:00:59.560 [DEBUG] i.g.c.a.Pause - Pausing for 4961ms (real=4961ms)
22:00:59.822 [DEBUG] i.g.h.e.t.HttpTxExecutor - Sending request=simple_delay uri=http://localhost:8080/delay?duration=555: scenario=Acceptance test, userId=80
22:00:59.822 [DEBUG] i.g.h.c.i.HttpAppHandler - Write request WritableRequest{request=DefaultFullHttpRequest(decodeResult: success, version: HTTP/1.1, content: UnpooledByteBufAllocator$InstrumentedUnpooledUnsafeHeapByteBuf(ridx: 0, widx: 0, cap: 0))
GET /delay?duration=555 HTTP/1.1
Accept: */*
Content-Type: application/json;charset=UTF-8
Accept-Language: en-US,en;q=0.8,nl;q=0.6
User-Agent: Mozilla/5.0 (Windows NT 6.1; WOW64) AppleWebKit/537.36 (KHTML, like Gecko) Chrome/38.0.2125.111 Safari/537.36
accept-encoding: gzip,deflate,sdch
host: localhost:8080, content=null}
22:00:59.952 [DEBUG] i.g.h.e.t.HttpTxExecutor - Sending request=simple_delay uri=http://localhost:8080/delay?duration=555: scenario=Acceptance test, userId=79
22:00:59.952 [DEBUG] i.g.h.c.i.HttpAppHandler - Write request WritableRequest{request=DefaultFullHttpRequest(decodeResult: success, version: HTTP/1.1, content: UnpooledByteBufAllocator$InstrumentedUnpooledUnsafeHeapByteBuf(ridx: 0, widx: 0, cap: 0))
GET /delay?duration=555 HTTP/1.1
Accept: */*
Content-Type: application/json;charset=UTF-8
Accept-Language: en-US,en;q=0.8,nl;q=0.6
User-Agent: Mozilla/5.0 (Windows NT 6.1; WOW64) AppleWebKit/537.36 (KHTML, like Gecko) Chrome/38.0.2125.111 Safari/537.36
accept-encoding: gzip,deflate,sdch
host: localhost:8080, content=null}
22:00:59.972 [DEBUG] i.g.h.e.t.HttpTxExecutor - Sending request=upload-file uri=http://localhost:8080/files/upload: scenario=Acceptance test, userId=67
22:00:59.973 [DEBUG] i.g.h.c.i.HttpAppHandler - Write request WritableRequest{request=DefaultHttpRequest(decodeResult: success, version: HTTP/1.1)
POST /files/upload HTTP/1.1
Accept: */*
Accept-Language: en-US,en;q=0.8,nl;q=0.6
User-Agent: Mozilla/5.0 (Windows NT 6.1; WOW64) AppleWebKit/537.36 (KHTML, like Gecko) Chrome/38.0.2125.111 Safari/537.36
accept-encoding: gzip,deflate,sdch
host: localhost:8080
content-type: multipart/form-data; boundary=O52_ixJeagrznsUIL6mMnfoQwSDzB_K5ryX
content-length: 220, content=io.gatling.http.client.body.multipart.impl.MultipartFileRegion@5de271e6}
22:00:59.975 [DEBUG] i.g.h.c.i.HttpAppHandler - Read msg='DefaultHttpResponse(decodeResult: success, version: HTTP/1.1)
HTTP/1.1 200 
Content-Type: text/plain;charset=UTF-8
Content-Length: 62
Date: Wed, 29 Jan 2020 21:00:59 GMT'
22:00:59.976 [DEBUG] i.g.h.c.i.HttpAppHandler - Read msg='DefaultLastHttpContent(data: PooledSlicedByteBuf(ridx: 0, widx: 62, cap: 62/62, unwrapped: PooledUnsafeDirectByteBuf(ridx: 176, widx: 176, cap: 512)), decoderResult: success)'
22:00:59.976 [TRACE] i.g.h.e.r.DefaultStatsProcessor - 
>>>>>>>>>>>>>>>>>>>>>>>>>>
Request:
upload-file: OK 
=========================
Session:
Session(Acceptance test,67,1580331652052,Map(gatling.http.ssl.sslContexts -> SslContexts(io.netty.handler.ssl.JdkSslContext@10ef8ddd,None), gatling.http.cache.dns -> io.gatling.http.cache.DnsCacheSupport$$anon$1@5898ac4b, gatling.http.cache.baseUrl -> http://localhost:8080),19,OK,List(),io.gatling.core.protocol.ProtocolComponentsRegistry$$Lambda$598/0x000000084055d840@452b12e)
=========================
HTTP request:
POST http://localhost:8080/files/upload
headers=
Accept: */*
Accept-Language: en-US,en;q=0.8,nl;q=0.6
User-Agent: Mozilla/5.0 (Windows NT 6.1; WOW64) AppleWebKit/537.36 (KHTML, like Gecko) Chrome/38.0.2125.111 Safari/537.36
accept-encoding: gzip,deflate,sdch
host: localhost:8080
content-type: multipart/form-data; boundary=O52_ixJeagrznsUIL6mMnfoQwSDzB_K5ryX
content-length: 220
multipartBody=
ByteArrayPart: name=upload contentType=text/plain dispositionType=null charset=UTF-8 transferEncoding=null contentId=null filename=gatling-upload.txt
=========================
HTTP response:
status=
200 
headers= 
Content-Type: text/plain;charset=UTF-8
Content-Length: 62
Date: Wed, 29 Jan 2020 21:00:59 GMT

body=
File upload succeeded [gatling-upload.txt] of size [17] bytes.
<<<<<<<<<<<<<<<<<<<<<<<<<
22:00:59.976 [DEBUG] i.g.c.a.Exit - End user #67
22:00:59.977 [DEBUG] i.g.c.c.i.Injector - End user #67
22:01:00.052 [DEBUG] i.g.h.e.t.HttpTxExecutor - Sending request=simple_cpu_burn uri=http://localhost:8080/cpu/magic-identity-check?matrixSize=133: scenario=Acceptance test, userId=82
22:01:00.053 [DEBUG] i.g.c.c.i.o.OpenWorkload - Start user #82
22:01:00.054 [DEBUG] i.g.h.c.i.HttpAppHandler - Write request WritableRequest{request=DefaultFullHttpRequest(decodeResult: success, version: HTTP/1.1, content: UnpooledByteBufAllocator$InstrumentedUnpooledUnsafeHeapByteBuf(ridx: 0, widx: 0, cap: 0))
GET /cpu/magic-identity-check?matrixSize=133 HTTP/1.1
Accept: */*
Content-Type: application/json;charset=UTF-8
Accept-Language: en-US,en;q=0.8,nl;q=0.6
User-Agent: Mozilla/5.0 (Windows NT 6.1; WOW64) AppleWebKit/537.36 (KHTML, like Gecko) Chrome/38.0.2125.111 Safari/537.36
accept-encoding: gzip,deflate,sdch
host: localhost:8080, content=null}
22:01:00.061 [DEBUG] i.g.h.c.i.HttpAppHandler - Read msg='DefaultHttpResponse(decodeResult: success, version: HTTP/1.1)
HTTP/1.1 200 
Content-Type: application/json;charset=UTF-8
Transfer-Encoding: chunked
Date: Wed, 29 Jan 2020 21:00:59 GMT'
22:01:00.061 [DEBUG] i.g.h.c.i.HttpAppHandler - Read msg='DefaultHttpContent(data: PooledSlicedByteBuf(ridx: 0, widx: 170, cap: 170/170, unwrapped: PooledUnsafeDirectByteBuf(ridx: 304, widx: 309, cap: 1024)), decoderResult: success)'
22:01:00.061 [DEBUG] i.g.h.c.i.HttpAppHandler - Read msg='EmptyLastHttpContent'
22:01:00.061 [TRACE] i.g.h.e.r.DefaultStatsProcessor - 
>>>>>>>>>>>>>>>>>>>>>>>>>>
Request:
simple_cpu_burn: OK 
=========================
Session:
Session(Acceptance test,82,1580331660052,Map(gatling.http.ssl.sslContexts -> SslContexts(io.netty.handler.ssl.JdkSslContext@5c00c19a,None), gatling.http.cache.dns -> io.gatling.http.cache.DnsCacheSupport$$anon$1@5898ac4b, gatling.http.cache.baseUrl -> http://localhost:8080),0,OK,List(),io.gatling.core.protocol.ProtocolComponentsRegistry$$Lambda$598/0x000000084055d840@452b12e)
=========================
HTTP request:
GET http://localhost:8080/cpu/magic-identity-check?matrixSize=133
headers=
Accept: */*
Content-Type: application/json;charset=UTF-8
Accept-Language: en-US,en;q=0.8,nl;q=0.6
User-Agent: Mozilla/5.0 (Windows NT 6.1; WOW64) AppleWebKit/537.36 (KHTML, like Gecko) Chrome/38.0.2125.111 Safari/537.36
accept-encoding: gzip,deflate,sdch
host: localhost:8080
=========================
HTTP response:
status=
200 
headers= 
Content-Type: application/json;charset=UTF-8
Transfer-Encoding: chunked
Date: Wed, 29 Jan 2020 21:00:59 GMT

body=
{"message":"A simple magic square multiplied by an identity square of size [133] [is equal] to the magic square.","name":"Simple-PropertiesFileName","durationInMillis":5}
<<<<<<<<<<<<<<<<<<<<<<<<<
22:01:00.061 [DEBUG] i.g.c.a.Pause - Pausing for 12291ms (real=12291ms)
22:01:00.112 [DEBUG] i.g.h.e.t.HttpTxExecutor - Sending request=simple_delay uri=http://localhost:8080/delay?duration=555: scenario=Acceptance test, userId=62
22:01:00.112 [DEBUG] i.g.h.e.t.HttpTxExecutor - Sending request=upload-file uri=http://localhost:8080/files/upload: scenario=Acceptance test, userId=68
22:01:00.112 [DEBUG] i.g.h.c.i.HttpAppHandler - Write request WritableRequest{request=DefaultFullHttpRequest(decodeResult: success, version: HTTP/1.1, content: UnpooledByteBufAllocator$InstrumentedUnpooledUnsafeHeapByteBuf(ridx: 0, widx: 0, cap: 0))
GET /delay?duration=555 HTTP/1.1
Accept: */*
Content-Type: application/json;charset=UTF-8
Accept-Language: en-US,en;q=0.8,nl;q=0.6
User-Agent: Mozilla/5.0 (Windows NT 6.1; WOW64) AppleWebKit/537.36 (KHTML, like Gecko) Chrome/38.0.2125.111 Safari/537.36
accept-encoding: gzip,deflate,sdch
host: localhost:8080, content=null}
22:01:00.113 [DEBUG] i.g.h.c.i.HttpAppHandler - Write request WritableRequest{request=DefaultHttpRequest(decodeResult: success, version: HTTP/1.1)
POST /files/upload HTTP/1.1
Accept: */*
Accept-Language: en-US,en;q=0.8,nl;q=0.6
User-Agent: Mozilla/5.0 (Windows NT 6.1; WOW64) AppleWebKit/537.36 (KHTML, like Gecko) Chrome/38.0.2125.111 Safari/537.36
accept-encoding: gzip,deflate,sdch
host: localhost:8080
content-type: multipart/form-data; boundary=x-cj8UfCRC6is7xrYx_61KTM6fbnnAnkqXK
content-length: 220, content=io.gatling.http.client.body.multipart.impl.MultipartFileRegion@5c3dad40}
22:01:00.116 [DEBUG] i.g.h.c.i.HttpAppHandler - Read msg='DefaultHttpResponse(decodeResult: success, version: HTTP/1.1)
HTTP/1.1 200 
Content-Type: text/plain;charset=UTF-8
Content-Length: 62
Date: Wed, 29 Jan 2020 21:01:00 GMT'
22:01:00.116 [DEBUG] i.g.h.c.i.HttpAppHandler - Read msg='DefaultLastHttpContent(data: PooledSlicedByteBuf(ridx: 0, widx: 62, cap: 62/62, unwrapped: PooledUnsafeDirectByteBuf(ridx: 176, widx: 176, cap: 496)), decoderResult: success)'
22:01:00.117 [TRACE] i.g.h.e.r.DefaultStatsProcessor - 
>>>>>>>>>>>>>>>>>>>>>>>>>>
Request:
upload-file: OK 
=========================
Session:
Session(Acceptance test,68,1580331652552,Map(gatling.http.ssl.sslContexts -> SslContexts(io.netty.handler.ssl.JdkSslContext@1806109b,None), gatling.http.cache.dns -> io.gatling.http.cache.DnsCacheSupport$$anon$1@5898ac4b, gatling.http.cache.baseUrl -> http://localhost:8080),21,OK,List(),io.gatling.core.protocol.ProtocolComponentsRegistry$$Lambda$598/0x000000084055d840@452b12e)
=========================
HTTP request:
POST http://localhost:8080/files/upload
headers=
Accept: */*
Accept-Language: en-US,en;q=0.8,nl;q=0.6
User-Agent: Mozilla/5.0 (Windows NT 6.1; WOW64) AppleWebKit/537.36 (KHTML, like Gecko) Chrome/38.0.2125.111 Safari/537.36
accept-encoding: gzip,deflate,sdch
host: localhost:8080
content-type: multipart/form-data; boundary=x-cj8UfCRC6is7xrYx_61KTM6fbnnAnkqXK
content-length: 220
multipartBody=
ByteArrayPart: name=upload contentType=text/plain dispositionType=null charset=UTF-8 transferEncoding=null contentId=null filename=gatling-upload.txt
=========================
HTTP response:
status=
200 
headers= 
Content-Type: text/plain;charset=UTF-8
Content-Length: 62
Date: Wed, 29 Jan 2020 21:01:00 GMT

body=
File upload succeeded [gatling-upload.txt] of size [17] bytes.
<<<<<<<<<<<<<<<<<<<<<<<<<
22:01:00.117 [DEBUG] i.g.c.a.Exit - End user #68
22:01:00.117 [DEBUG] i.g.c.c.i.Injector - End user #68
22:01:00.131 [DEBUG] i.g.h.e.t.HttpTxExecutor - Sending request=simple_mini_leak uri=http://localhost:8080/memory/grow?objects=8&items=54: scenario=Acceptance test, userId=72
22:01:00.132 [DEBUG] i.g.h.c.i.HttpAppHandler - Write request WritableRequest{request=DefaultFullHttpRequest(decodeResult: success, version: HTTP/1.1, content: UnpooledByteBufAllocator$InstrumentedUnpooledUnsafeHeapByteBuf(ridx: 0, widx: 0, cap: 0))
GET /memory/grow?objects=8&items=54 HTTP/1.1
Accept: */*
Content-Type: application/json;charset=UTF-8
Accept-Language: en-US,en;q=0.8,nl;q=0.6
User-Agent: Mozilla/5.0 (Windows NT 6.1; WOW64) AppleWebKit/537.36 (KHTML, like Gecko) Chrome/38.0.2125.111 Safari/537.36
accept-encoding: gzip,deflate,sdch
host: localhost:8080, content=null}
22:01:00.138 [DEBUG] i.g.h.c.i.HttpAppHandler - Read msg='DefaultHttpResponse(decodeResult: success, version: HTTP/1.1)
HTTP/1.1 200 
Content-Type: application/json;charset=UTF-8
Transfer-Encoding: chunked
Date: Wed, 29 Jan 2020 21:01:00 GMT'
22:01:00.138 [DEBUG] i.g.h.c.i.HttpAppHandler - Read msg='DefaultHttpContent(data: PooledSlicedByteBuf(ridx: 0, widx: 144, cap: 144/144, unwrapped: PooledUnsafeDirectByteBuf(ridx: 278, widx: 283, cap: 512)), decoderResult: success)'
22:01:00.138 [DEBUG] i.g.h.c.i.HttpAppHandler - Read msg='EmptyLastHttpContent'
22:01:00.138 [TRACE] i.g.h.e.r.DefaultStatsProcessor - 
>>>>>>>>>>>>>>>>>>>>>>>>>>
Request:
simple_mini_leak: OK 
=========================
Session:
Session(Acceptance test,72,1580331655052,Map(gatling.http.ssl.sslContexts -> SslContexts(io.netty.handler.ssl.JdkSslContext@493404ff,None), gatling.http.cache.dns -> io.gatling.http.cache.DnsCacheSupport$$anon$1@5898ac4b, gatling.http.cache.baseUrl -> http://localhost:8080),14,OK,List(),io.gatling.core.protocol.ProtocolComponentsRegistry$$Lambda$598/0x000000084055d840@452b12e)
=========================
HTTP request:
GET http://localhost:8080/memory/grow?objects=8&items=54
headers=
Accept: */*
Content-Type: application/json;charset=UTF-8
Accept-Language: en-US,en;q=0.8,nl;q=0.6
User-Agent: Mozilla/5.0 (Windows NT 6.1; WOW64) AppleWebKit/537.36 (KHTML, like Gecko) Chrome/38.0.2125.111 Safari/537.36
accept-encoding: gzip,deflate,sdch
host: localhost:8080
=========================
HTTP response:
status=
200 
headers= 
Content-Type: application/json;charset=UTF-8
Transfer-Encoding: chunked
Date: Wed, 29 Jan 2020 21:01:00 GMT

body=
{"message":"Size of BigFatBastard list is now 11576 objects. It contains 625104 items.","name":"Simple-PropertiesFileName","durationInMillis":5}
<<<<<<<<<<<<<<<<<<<<<<<<<
22:01:00.139 [DEBUG] i.g.c.a.Pause - Pausing for 650ms (real=635ms)
22:01:00.380 [DEBUG] i.g.h.c.i.HttpAppHandler - Read msg='DefaultHttpResponse(decodeResult: success, version: HTTP/1.1)
HTTP/1.1 200 
Content-Type: application/json;charset=UTF-8
Transfer-Encoding: chunked
Date: Wed, 29 Jan 2020 21:01:00 GMT'
22:01:00.380 [DEBUG] i.g.h.c.i.HttpAppHandler - Read msg='DefaultHttpContent(data: PooledSlicedByteBuf(ridx: 0, widx: 95, cap: 95/95, unwrapped: PooledUnsafeDirectByteBuf(ridx: 229, widx: 234, cap: 512)), decoderResult: success)'
22:01:00.380 [DEBUG] i.g.h.c.i.HttpAppHandler - Read msg='EmptyLastHttpContent'
22:01:00.380 [TRACE] i.g.h.e.r.DefaultStatsProcessor - 
>>>>>>>>>>>>>>>>>>>>>>>>>>
Request:
simple_delay: OK 
=========================
Session:
Session(Acceptance test,80,1580331659051,Map(gatling.http.ssl.sslContexts -> SslContexts(io.netty.handler.ssl.JdkSslContext@60b836d5,None), gatling.http.cache.dns -> io.gatling.http.cache.DnsCacheSupport$$anon$1@5898ac4b, gatling.http.cache.baseUrl -> http://localhost:8080),23,OK,List(),io.gatling.core.protocol.ProtocolComponentsRegistry$$Lambda$598/0x000000084055d840@452b12e)
=========================
HTTP request:
GET http://localhost:8080/delay?duration=555
headers=
Accept: */*
Content-Type: application/json;charset=UTF-8
Accept-Language: en-US,en;q=0.8,nl;q=0.6
User-Agent: Mozilla/5.0 (Windows NT 6.1; WOW64) AppleWebKit/537.36 (KHTML, like Gecko) Chrome/38.0.2125.111 Safari/537.36
accept-encoding: gzip,deflate,sdch
host: localhost:8080
=========================
HTTP response:
status=
200 
headers= 
Content-Type: application/json;charset=UTF-8
Transfer-Encoding: chunked
Date: Wed, 29 Jan 2020 21:01:00 GMT

body=
{"message":"This was a delay of 555","name":"Simple-PropertiesFileName","durationInMillis":555}
<<<<<<<<<<<<<<<<<<<<<<<<<
22:01:00.381 [DEBUG] i.g.c.a.Pause - Pausing for 6086ms (real=6062ms)
22:01:00.509 [DEBUG] i.g.h.c.i.HttpAppHandler - Read msg='DefaultHttpResponse(decodeResult: success, version: HTTP/1.1)
HTTP/1.1 200 
Content-Type: application/json;charset=UTF-8
Transfer-Encoding: chunked
Date: Wed, 29 Jan 2020 21:01:00 GMT'
22:01:00.510 [DEBUG] i.g.h.c.i.HttpAppHandler - Read msg='DefaultHttpContent(data: PooledSlicedByteBuf(ridx: 0, widx: 95, cap: 95/95, unwrapped: PooledUnsafeDirectByteBuf(ridx: 229, widx: 229, cap: 1024)), decoderResult: success)'
22:01:00.510 [DEBUG] i.g.h.c.i.HttpAppHandler - Read msg='EmptyLastHttpContent'
22:01:00.511 [TRACE] i.g.h.e.r.DefaultStatsProcessor - 
>>>>>>>>>>>>>>>>>>>>>>>>>>
Request:
simple_delay: OK 
=========================
Session:
Session(Acceptance test,79,1580331658551,Map(gatling.http.ssl.sslContexts -> SslContexts(io.netty.handler.ssl.JdkSslContext@9a37ba9,None), gatling.http.cache.dns -> io.gatling.http.cache.DnsCacheSupport$$anon$1@5898ac4b, gatling.http.cache.baseUrl -> http://localhost:8080),18,OK,List(),io.gatling.core.protocol.ProtocolComponentsRegistry$$Lambda$598/0x000000084055d840@452b12e)
=========================
HTTP request:
GET http://localhost:8080/delay?duration=555
headers=
Accept: */*
Content-Type: application/json;charset=UTF-8
Accept-Language: en-US,en;q=0.8,nl;q=0.6
User-Agent: Mozilla/5.0 (Windows NT 6.1; WOW64) AppleWebKit/537.36 (KHTML, like Gecko) Chrome/38.0.2125.111 Safari/537.36
accept-encoding: gzip,deflate,sdch
host: localhost:8080
=========================
HTTP response:
status=
200 
headers= 
Content-Type: application/json;charset=UTF-8
Transfer-Encoding: chunked
Date: Wed, 29 Jan 2020 21:01:00 GMT

body=
{"message":"This was a delay of 555","name":"Simple-PropertiesFileName","durationInMillis":555}
<<<<<<<<<<<<<<<<<<<<<<<<<
22:01:00.511 [DEBUG] i.g.c.a.Pause - Pausing for 694ms (real=675ms)
22:01:00.552 [DEBUG] i.g.h.e.t.HttpTxExecutor - Sending request=simple_cpu_burn uri=http://localhost:8080/cpu/magic-identity-check?matrixSize=133: scenario=Acceptance test, userId=83
22:01:00.553 [DEBUG] i.g.c.c.i.o.OpenWorkload - Injecting 2 users in scenario Acceptance test, continue=true
22:01:00.553 [DEBUG] i.g.c.c.i.o.OpenWorkload - Start user #83
22:01:00.554 [DEBUG] i.g.h.c.i.HttpAppHandler - Write request WritableRequest{request=DefaultFullHttpRequest(decodeResult: success, version: HTTP/1.1, content: UnpooledByteBufAllocator$InstrumentedUnpooledUnsafeHeapByteBuf(ridx: 0, widx: 0, cap: 0))
GET /cpu/magic-identity-check?matrixSize=133 HTTP/1.1
Accept: */*
Content-Type: application/json;charset=UTF-8
Accept-Language: en-US,en;q=0.8,nl;q=0.6
User-Agent: Mozilla/5.0 (Windows NT 6.1; WOW64) AppleWebKit/537.36 (KHTML, like Gecko) Chrome/38.0.2125.111 Safari/537.36
accept-encoding: gzip,deflate,sdch
host: localhost:8080, content=null}
22:01:00.565 [DEBUG] i.g.h.c.i.HttpAppHandler - Read msg='DefaultHttpResponse(decodeResult: success, version: HTTP/1.1)
HTTP/1.1 200 
Content-Type: application/json;charset=UTF-8
Transfer-Encoding: chunked
Date: Wed, 29 Jan 2020 21:01:00 GMT'
22:01:00.565 [DEBUG] i.g.h.c.i.HttpAppHandler - Read msg='DefaultHttpContent(data: PooledSlicedByteBuf(ridx: 0, widx: 170, cap: 170/170, unwrapped: PooledUnsafeDirectByteBuf(ridx: 304, widx: 309, cap: 1024)), decoderResult: success)'
22:01:00.565 [DEBUG] i.g.h.c.i.HttpAppHandler - Read msg='EmptyLastHttpContent'
22:01:00.566 [TRACE] i.g.h.e.r.DefaultStatsProcessor - 
>>>>>>>>>>>>>>>>>>>>>>>>>>
Request:
simple_cpu_burn: OK 
=========================
Session:
Session(Acceptance test,83,1580331660552,Map(gatling.http.ssl.sslContexts -> SslContexts(io.netty.handler.ssl.JdkSslContext@32e31caf,None), gatling.http.cache.dns -> io.gatling.http.cache.DnsCacheSupport$$anon$1@5898ac4b, gatling.http.cache.baseUrl -> http://localhost:8080),0,OK,List(),io.gatling.core.protocol.ProtocolComponentsRegistry$$Lambda$598/0x000000084055d840@452b12e)
=========================
HTTP request:
GET http://localhost:8080/cpu/magic-identity-check?matrixSize=133
headers=
Accept: */*
Content-Type: application/json;charset=UTF-8
Accept-Language: en-US,en;q=0.8,nl;q=0.6
User-Agent: Mozilla/5.0 (Windows NT 6.1; WOW64) AppleWebKit/537.36 (KHTML, like Gecko) Chrome/38.0.2125.111 Safari/537.36
accept-encoding: gzip,deflate,sdch
host: localhost:8080
=========================
HTTP response:
status=
200 
headers= 
Content-Type: application/json;charset=UTF-8
Transfer-Encoding: chunked
Date: Wed, 29 Jan 2020 21:01:00 GMT

body=
{"message":"A simple magic square multiplied by an identity square of size [133] [is equal] to the magic square.","name":"Simple-PropertiesFileName","durationInMillis":8}
<<<<<<<<<<<<<<<<<<<<<<<<<
22:01:00.566 [DEBUG] i.g.c.a.Pause - Pausing for 1352ms (real=1351ms)
22:01:00.612 [DEBUG] i.g.h.e.t.HttpTxExecutor - Sending request=simple_mini_leak uri=http://localhost:8080/memory/grow?objects=8&items=54: scenario=Acceptance test, userId=76
22:01:00.612 [DEBUG] i.g.h.c.i.HttpAppHandler - Write request WritableRequest{request=DefaultFullHttpRequest(decodeResult: success, version: HTTP/1.1, content: UnpooledByteBufAllocator$InstrumentedUnpooledUnsafeHeapByteBuf(ridx: 0, widx: 0, cap: 0))
GET /memory/grow?objects=8&items=54 HTTP/1.1
Accept: */*
Content-Type: application/json;charset=UTF-8
Accept-Language: en-US,en;q=0.8,nl;q=0.6
User-Agent: Mozilla/5.0 (Windows NT 6.1; WOW64) AppleWebKit/537.36 (KHTML, like Gecko) Chrome/38.0.2125.111 Safari/537.36
accept-encoding: gzip,deflate,sdch
host: localhost:8080, content=null}
22:01:00.619 [DEBUG] i.g.h.c.i.HttpAppHandler - Read msg='DefaultHttpResponse(decodeResult: success, version: HTTP/1.1)
HTTP/1.1 200 
Content-Type: application/json;charset=UTF-8
Transfer-Encoding: chunked
Date: Wed, 29 Jan 2020 21:01:00 GMT'
22:01:00.619 [DEBUG] i.g.h.c.i.HttpAppHandler - Read msg='DefaultHttpContent(data: PooledSlicedByteBuf(ridx: 0, widx: 144, cap: 144/144, unwrapped: PooledUnsafeDirectByteBuf(ridx: 278, widx: 283, cap: 512)), decoderResult: success)'
22:01:00.619 [DEBUG] i.g.h.c.i.HttpAppHandler - Read msg='EmptyLastHttpContent'
22:01:00.620 [TRACE] i.g.h.e.r.DefaultStatsProcessor - 
>>>>>>>>>>>>>>>>>>>>>>>>>>
Request:
simple_mini_leak: OK 
=========================
Session:
Session(Acceptance test,76,1580331657052,Map(gatling.http.ssl.sslContexts -> SslContexts(io.netty.handler.ssl.JdkSslContext@323aa526,None), gatling.http.cache.dns -> io.gatling.http.cache.DnsCacheSupport$$anon$1@5898ac4b, gatling.http.cache.baseUrl -> http://localhost:8080),19,OK,List(),io.gatling.core.protocol.ProtocolComponentsRegistry$$Lambda$598/0x000000084055d840@452b12e)
=========================
HTTP request:
GET http://localhost:8080/memory/grow?objects=8&items=54
headers=
Accept: */*
Content-Type: application/json;charset=UTF-8
Accept-Language: en-US,en;q=0.8,nl;q=0.6
User-Agent: Mozilla/5.0 (Windows NT 6.1; WOW64) AppleWebKit/537.36 (KHTML, like Gecko) Chrome/38.0.2125.111 Safari/537.36
accept-encoding: gzip,deflate,sdch
host: localhost:8080
=========================
HTTP response:
status=
200 
headers= 
Content-Type: application/json;charset=UTF-8
Transfer-Encoding: chunked
Date: Wed, 29 Jan 2020 21:01:00 GMT

body=
{"message":"Size of BigFatBastard list is now 11584 objects. It contains 625536 items.","name":"Simple-PropertiesFileName","durationInMillis":4}
<<<<<<<<<<<<<<<<<<<<<<<<<
22:01:00.620 [DEBUG] i.g.c.a.Pause - Pausing for 407ms (real=387ms)
22:01:00.670 [DEBUG] i.g.h.c.i.HttpAppHandler - Read msg='DefaultHttpResponse(decodeResult: success, version: HTTP/1.1)
HTTP/1.1 200 
Content-Type: application/json;charset=UTF-8
Transfer-Encoding: chunked
Date: Wed, 29 Jan 2020 21:01:00 GMT'
22:01:00.670 [DEBUG] i.g.h.c.i.HttpAppHandler - Read msg='DefaultHttpContent(data: PooledSlicedByteBuf(ridx: 0, widx: 95, cap: 95/95, unwrapped: PooledUnsafeDirectByteBuf(ridx: 229, widx: 229, cap: 512)), decoderResult: success)'
22:01:00.670 [DEBUG] i.g.h.c.i.HttpAppHandler - Read msg='EmptyLastHttpContent'
22:01:00.671 [TRACE] i.g.h.e.r.DefaultStatsProcessor - 
>>>>>>>>>>>>>>>>>>>>>>>>>>
Request:
simple_delay: OK 
=========================
Session:
Session(Acceptance test,62,1580331649552,Map(gatling.http.ssl.sslContexts -> SslContexts(io.netty.handler.ssl.JdkSslContext@666e4ed0,None), gatling.http.cache.dns -> io.gatling.http.cache.DnsCacheSupport$$anon$1@5898ac4b, gatling.http.cache.baseUrl -> http://localhost:8080),24,OK,List(),io.gatling.core.protocol.ProtocolComponentsRegistry$$Lambda$598/0x000000084055d840@452b12e)
=========================
HTTP request:
GET http://localhost:8080/delay?duration=555
headers=
Accept: */*
Content-Type: application/json;charset=UTF-8
Accept-Language: en-US,en;q=0.8,nl;q=0.6
User-Agent: Mozilla/5.0 (Windows NT 6.1; WOW64) AppleWebKit/537.36 (KHTML, like Gecko) Chrome/38.0.2125.111 Safari/537.36
accept-encoding: gzip,deflate,sdch
host: localhost:8080
=========================
HTTP response:
status=
200 
headers= 
Content-Type: application/json;charset=UTF-8
Transfer-Encoding: chunked
Date: Wed, 29 Jan 2020 21:01:00 GMT

body=
{"message":"This was a delay of 555","name":"Simple-PropertiesFileName","durationInMillis":555}
<<<<<<<<<<<<<<<<<<<<<<<<<
22:01:00.671 [DEBUG] i.g.c.a.Pause - Pausing for 3124ms (real=3099ms)
22:01:00.792 [DEBUG] i.g.h.e.t.HttpTxExecutor - Sending request=upload-file uri=http://localhost:8080/files/upload: scenario=Acceptance test, userId=72
22:01:00.793 [DEBUG] i.g.h.c.i.HttpAppHandler - Write request WritableRequest{request=DefaultHttpRequest(decodeResult: success, version: HTTP/1.1)
POST /files/upload HTTP/1.1
Accept: */*
Accept-Language: en-US,en;q=0.8,nl;q=0.6
User-Agent: Mozilla/5.0 (Windows NT 6.1; WOW64) AppleWebKit/537.36 (KHTML, like Gecko) Chrome/38.0.2125.111 Safari/537.36
accept-encoding: gzip,deflate,sdch
host: localhost:8080
content-type: multipart/form-data; boundary=1G-hzseyoz_UFQ7KX4n_Bfu6wQPG6C88AjE
content-length: 220, content=io.gatling.http.client.body.multipart.impl.MultipartFileRegion@7068dcc8}
22:01:00.796 [DEBUG] i.g.h.c.i.HttpAppHandler - Read msg='DefaultHttpResponse(decodeResult: success, version: HTTP/1.1)
HTTP/1.1 200 
Content-Type: text/plain;charset=UTF-8
Content-Length: 62
Date: Wed, 29 Jan 2020 21:01:00 GMT'
22:01:00.796 [DEBUG] i.g.h.c.i.HttpAppHandler - Read msg='DefaultLastHttpContent(data: PooledSlicedByteBuf(ridx: 0, widx: 62, cap: 62/62, unwrapped: PooledUnsafeDirectByteBuf(ridx: 176, widx: 176, cap: 496)), decoderResult: success)'
22:01:00.797 [TRACE] i.g.h.e.r.DefaultStatsProcessor - 
>>>>>>>>>>>>>>>>>>>>>>>>>>
Request:
upload-file: OK 
=========================
Session:
Session(Acceptance test,72,1580331655052,Map(gatling.http.ssl.sslContexts -> SslContexts(io.netty.handler.ssl.JdkSslContext@493404ff,None), gatling.http.cache.dns -> io.gatling.http.cache.DnsCacheSupport$$anon$1@5898ac4b, gatling.http.cache.baseUrl -> http://localhost:8080),18,OK,List(),io.gatling.core.protocol.ProtocolComponentsRegistry$$Lambda$598/0x000000084055d840@452b12e)
=========================
HTTP request:
POST http://localhost:8080/files/upload
headers=
Accept: */*
Accept-Language: en-US,en;q=0.8,nl;q=0.6
User-Agent: Mozilla/5.0 (Windows NT 6.1; WOW64) AppleWebKit/537.36 (KHTML, like Gecko) Chrome/38.0.2125.111 Safari/537.36
accept-encoding: gzip,deflate,sdch
host: localhost:8080
content-type: multipart/form-data; boundary=1G-hzseyoz_UFQ7KX4n_Bfu6wQPG6C88AjE
content-length: 220
multipartBody=
ByteArrayPart: name=upload contentType=text/plain dispositionType=null charset=UTF-8 transferEncoding=null contentId=null filename=gatling-upload.txt
=========================
HTTP response:
status=
200 
headers= 
Content-Type: text/plain;charset=UTF-8
Content-Length: 62
Date: Wed, 29 Jan 2020 21:01:00 GMT

body=
File upload succeeded [gatling-upload.txt] of size [17] bytes.
<<<<<<<<<<<<<<<<<<<<<<<<<
22:01:00.797 [DEBUG] i.g.c.a.Exit - End user #72
22:01:00.798 [DEBUG] i.g.c.c.i.Injector - End user #72
22:01:01.022 [DEBUG] i.g.h.e.t.HttpTxExecutor - Sending request=upload-file uri=http://localhost:8080/files/upload: scenario=Acceptance test, userId=76
22:01:01.023 [DEBUG] i.g.h.c.i.HttpAppHandler - Write request WritableRequest{request=DefaultHttpRequest(decodeResult: success, version: HTTP/1.1)
POST /files/upload HTTP/1.1
Accept: */*
Accept-Language: en-US,en;q=0.8,nl;q=0.6
User-Agent: Mozilla/5.0 (Windows NT 6.1; WOW64) AppleWebKit/537.36 (KHTML, like Gecko) Chrome/38.0.2125.111 Safari/537.36
accept-encoding: gzip,deflate,sdch
host: localhost:8080
content-type: multipart/form-data; boundary=-xFa_vlySYPyGCcIotdUFf6rKFoUN-DDtda
content-length: 220, content=io.gatling.http.client.body.multipart.impl.MultipartFileRegion@70aa6b38}
22:01:01.026 [DEBUG] i.g.h.c.i.HttpAppHandler - Read msg='DefaultHttpResponse(decodeResult: success, version: HTTP/1.1)
HTTP/1.1 200 
Content-Type: text/plain;charset=UTF-8
Content-Length: 62
Date: Wed, 29 Jan 2020 21:01:00 GMT'
22:01:01.026 [DEBUG] i.g.h.c.i.HttpAppHandler - Read msg='DefaultLastHttpContent(data: PooledSlicedByteBuf(ridx: 0, widx: 62, cap: 62/62, unwrapped: PooledUnsafeDirectByteBuf(ridx: 176, widx: 176, cap: 512)), decoderResult: success)'
22:01:01.026 [TRACE] i.g.h.e.r.DefaultStatsProcessor - 
>>>>>>>>>>>>>>>>>>>>>>>>>>
Request:
upload-file: OK 
=========================
Session:
Session(Acceptance test,76,1580331657052,Map(gatling.http.ssl.sslContexts -> SslContexts(io.netty.handler.ssl.JdkSslContext@323aa526,None), gatling.http.cache.dns -> io.gatling.http.cache.DnsCacheSupport$$anon$1@5898ac4b, gatling.http.cache.baseUrl -> http://localhost:8080),15,OK,List(),io.gatling.core.protocol.ProtocolComponentsRegistry$$Lambda$598/0x000000084055d840@452b12e)
=========================
HTTP request:
POST http://localhost:8080/files/upload
headers=
Accept: */*
Accept-Language: en-US,en;q=0.8,nl;q=0.6
User-Agent: Mozilla/5.0 (Windows NT 6.1; WOW64) AppleWebKit/537.36 (KHTML, like Gecko) Chrome/38.0.2125.111 Safari/537.36
accept-encoding: gzip,deflate,sdch
host: localhost:8080
content-type: multipart/form-data; boundary=-xFa_vlySYPyGCcIotdUFf6rKFoUN-DDtda
content-length: 220
multipartBody=
ByteArrayPart: name=upload contentType=text/plain dispositionType=null charset=UTF-8 transferEncoding=null contentId=null filename=gatling-upload.txt
=========================
HTTP response:
status=
200 
headers= 
Content-Type: text/plain;charset=UTF-8
Content-Length: 62
Date: Wed, 29 Jan 2020 21:01:00 GMT

body=
File upload succeeded [gatling-upload.txt] of size [17] bytes.
<<<<<<<<<<<<<<<<<<<<<<<<<
22:01:01.027 [DEBUG] i.g.c.a.Exit - End user #76
22:01:01.027 [DEBUG] i.g.c.c.i.Injector - End user #76
22:01:01.052 [DEBUG] i.g.h.e.t.HttpTxExecutor - Sending request=simple_cpu_burn uri=http://localhost:8080/cpu/magic-identity-check?matrixSize=133: scenario=Acceptance test, userId=84
22:01:01.052 [DEBUG] i.g.c.c.i.o.OpenWorkload - Start user #84
22:01:01.053 [DEBUG] i.g.h.c.i.HttpAppHandler - Write request WritableRequest{request=DefaultFullHttpRequest(decodeResult: success, version: HTTP/1.1, content: UnpooledByteBufAllocator$InstrumentedUnpooledUnsafeHeapByteBuf(ridx: 0, widx: 0, cap: 0))
GET /cpu/magic-identity-check?matrixSize=133 HTTP/1.1
Accept: */*
Content-Type: application/json;charset=UTF-8
Accept-Language: en-US,en;q=0.8,nl;q=0.6
User-Agent: Mozilla/5.0 (Windows NT 6.1; WOW64) AppleWebKit/537.36 (KHTML, like Gecko) Chrome/38.0.2125.111 Safari/537.36
accept-encoding: gzip,deflate,sdch
host: localhost:8080, content=null}
22:01:01.065 [DEBUG] i.g.h.c.i.HttpAppHandler - Read msg='DefaultHttpResponse(decodeResult: success, version: HTTP/1.1)
HTTP/1.1 200 
Content-Type: application/json;charset=UTF-8
Transfer-Encoding: chunked
Date: Wed, 29 Jan 2020 21:01:00 GMT'
22:01:01.065 [DEBUG] i.g.h.c.i.HttpAppHandler - Read msg='DefaultHttpContent(data: PooledSlicedByteBuf(ridx: 0, widx: 170, cap: 170/170, unwrapped: PooledUnsafeDirectByteBuf(ridx: 304, widx: 304, cap: 1024)), decoderResult: success)'
22:01:01.065 [DEBUG] i.g.h.c.i.HttpAppHandler - Read msg='EmptyLastHttpContent'
22:01:01.066 [TRACE] i.g.h.e.r.DefaultStatsProcessor - 
>>>>>>>>>>>>>>>>>>>>>>>>>>
Request:
simple_cpu_burn: OK 
=========================
Session:
Session(Acceptance test,84,1580331661051,Map(gatling.http.ssl.sslContexts -> SslContexts(io.netty.handler.ssl.JdkSslContext@5ca91c98,None), gatling.http.cache.dns -> io.gatling.http.cache.DnsCacheSupport$$anon$1@5898ac4b, gatling.http.cache.baseUrl -> http://localhost:8080),0,OK,List(),io.gatling.core.protocol.ProtocolComponentsRegistry$$Lambda$598/0x000000084055d840@452b12e)
=========================
HTTP request:
GET http://localhost:8080/cpu/magic-identity-check?matrixSize=133
headers=
Accept: */*
Content-Type: application/json;charset=UTF-8
Accept-Language: en-US,en;q=0.8,nl;q=0.6
User-Agent: Mozilla/5.0 (Windows NT 6.1; WOW64) AppleWebKit/537.36 (KHTML, like Gecko) Chrome/38.0.2125.111 Safari/537.36
accept-encoding: gzip,deflate,sdch
host: localhost:8080
=========================
HTTP response:
status=
200 
headers= 
Content-Type: application/json;charset=UTF-8
Transfer-Encoding: chunked
Date: Wed, 29 Jan 2020 21:01:00 GMT

body=
{"message":"A simple magic square multiplied by an identity square of size [133] [is equal] to the magic square.","name":"Simple-PropertiesFileName","durationInMillis":9}
<<<<<<<<<<<<<<<<<<<<<<<<<
22:01:01.066 [DEBUG] i.g.c.a.Pause - Pausing for 1802ms (real=1801ms)
22:01:01.201 [DEBUG] i.g.h.e.t.HttpTxExecutor - Sending request=simple_mini_leak uri=http://localhost:8080/memory/grow?objects=8&items=54: scenario=Acceptance test, userId=79
22:01:01.202 [DEBUG] i.g.h.c.i.HttpAppHandler - Write request WritableRequest{request=DefaultFullHttpRequest(decodeResult: success, version: HTTP/1.1, content: UnpooledByteBufAllocator$InstrumentedUnpooledUnsafeHeapByteBuf(ridx: 0, widx: 0, cap: 0))
GET /memory/grow?objects=8&items=54 HTTP/1.1
Accept: */*
Content-Type: application/json;charset=UTF-8
Accept-Language: en-US,en;q=0.8,nl;q=0.6
User-Agent: Mozilla/5.0 (Windows NT 6.1; WOW64) AppleWebKit/537.36 (KHTML, like Gecko) Chrome/38.0.2125.111 Safari/537.36
accept-encoding: gzip,deflate,sdch
host: localhost:8080, content=null}
22:01:01.208 [DEBUG] i.g.h.c.i.HttpAppHandler - Read msg='DefaultHttpResponse(decodeResult: success, version: HTTP/1.1)
HTTP/1.1 200 
Content-Type: application/json;charset=UTF-8
Transfer-Encoding: chunked
Date: Wed, 29 Jan 2020 21:01:01 GMT'
22:01:01.208 [DEBUG] i.g.h.c.i.HttpAppHandler - Read msg='DefaultHttpContent(data: PooledSlicedByteBuf(ridx: 0, widx: 144, cap: 144/144, unwrapped: PooledUnsafeDirectByteBuf(ridx: 278, widx: 283, cap: 512)), decoderResult: success)'
22:01:01.208 [DEBUG] i.g.h.c.i.HttpAppHandler - Read msg='EmptyLastHttpContent'
22:01:01.208 [TRACE] i.g.h.e.r.DefaultStatsProcessor - 
>>>>>>>>>>>>>>>>>>>>>>>>>>
Request:
simple_mini_leak: OK 
=========================
Session:
Session(Acceptance test,79,1580331658551,Map(gatling.http.ssl.sslContexts -> SslContexts(io.netty.handler.ssl.JdkSslContext@9a37ba9,None), gatling.http.cache.dns -> io.gatling.http.cache.DnsCacheSupport$$anon$1@5898ac4b, gatling.http.cache.baseUrl -> http://localhost:8080),15,OK,List(),io.gatling.core.protocol.ProtocolComponentsRegistry$$Lambda$598/0x000000084055d840@452b12e)
=========================
HTTP request:
GET http://localhost:8080/memory/grow?objects=8&items=54
headers=
Accept: */*
Content-Type: application/json;charset=UTF-8
Accept-Language: en-US,en;q=0.8,nl;q=0.6
User-Agent: Mozilla/5.0 (Windows NT 6.1; WOW64) AppleWebKit/537.36 (KHTML, like Gecko) Chrome/38.0.2125.111 Safari/537.36
accept-encoding: gzip,deflate,sdch
host: localhost:8080
=========================
HTTP response:
status=
200 
headers= 
Content-Type: application/json;charset=UTF-8
Transfer-Encoding: chunked
Date: Wed, 29 Jan 2020 21:01:01 GMT

body=
{"message":"Size of BigFatBastard list is now 11592 objects. It contains 625968 items.","name":"Simple-PropertiesFileName","durationInMillis":5}
<<<<<<<<<<<<<<<<<<<<<<<<<
22:01:01.209 [DEBUG] i.g.c.a.Pause - Pausing for 1140ms (real=1124ms)
22:01:01.552 [DEBUG] i.g.h.e.t.HttpTxExecutor - Sending request=simple_cpu_burn uri=http://localhost:8080/cpu/magic-identity-check?matrixSize=133: scenario=Acceptance test, userId=85
22:01:01.552 [DEBUG] i.g.c.c.i.o.OpenWorkload - Injecting 2 users in scenario Acceptance test, continue=true
22:01:01.553 [DEBUG] i.g.c.c.i.o.OpenWorkload - Start user #85
22:01:01.554 [DEBUG] i.g.h.c.i.HttpAppHandler - Write request WritableRequest{request=DefaultFullHttpRequest(decodeResult: success, version: HTTP/1.1, content: UnpooledByteBufAllocator$InstrumentedUnpooledUnsafeHeapByteBuf(ridx: 0, widx: 0, cap: 0))
GET /cpu/magic-identity-check?matrixSize=133 HTTP/1.1
Accept: */*
Content-Type: application/json;charset=UTF-8
Accept-Language: en-US,en;q=0.8,nl;q=0.6
User-Agent: Mozilla/5.0 (Windows NT 6.1; WOW64) AppleWebKit/537.36 (KHTML, like Gecko) Chrome/38.0.2125.111 Safari/537.36
accept-encoding: gzip,deflate,sdch
host: localhost:8080, content=null}
22:01:01.564 [DEBUG] i.g.h.c.i.HttpAppHandler - Read msg='DefaultHttpResponse(decodeResult: success, version: HTTP/1.1)
HTTP/1.1 200 
Content-Type: application/json;charset=UTF-8
Transfer-Encoding: chunked
Date: Wed, 29 Jan 2020 21:01:01 GMT'
22:01:01.565 [DEBUG] i.g.h.c.i.HttpAppHandler - Read msg='DefaultHttpContent(data: PooledSlicedByteBuf(ridx: 0, widx: 170, cap: 170/170, unwrapped: PooledUnsafeDirectByteBuf(ridx: 304, widx: 304, cap: 1024)), decoderResult: success)'
22:01:01.565 [DEBUG] i.g.h.c.i.HttpAppHandler - Read msg='EmptyLastHttpContent'
22:01:01.565 [TRACE] i.g.h.e.r.DefaultStatsProcessor - 
>>>>>>>>>>>>>>>>>>>>>>>>>>
Request:
simple_cpu_burn: OK 
=========================
Session:
Session(Acceptance test,85,1580331661551,Map(gatling.http.ssl.sslContexts -> SslContexts(io.netty.handler.ssl.JdkSslContext@122e1198,None), gatling.http.cache.dns -> io.gatling.http.cache.DnsCacheSupport$$anon$1@5898ac4b, gatling.http.cache.baseUrl -> http://localhost:8080),0,OK,List(),io.gatling.core.protocol.ProtocolComponentsRegistry$$Lambda$598/0x000000084055d840@452b12e)
=========================
HTTP request:
GET http://localhost:8080/cpu/magic-identity-check?matrixSize=133
headers=
Accept: */*
Content-Type: application/json;charset=UTF-8
Accept-Language: en-US,en;q=0.8,nl;q=0.6
User-Agent: Mozilla/5.0 (Windows NT 6.1; WOW64) AppleWebKit/537.36 (KHTML, like Gecko) Chrome/38.0.2125.111 Safari/537.36
accept-encoding: gzip,deflate,sdch
host: localhost:8080
=========================
HTTP response:
status=
200 
headers= 
Content-Type: application/json;charset=UTF-8
Transfer-Encoding: chunked
Date: Wed, 29 Jan 2020 21:01:01 GMT

body=
{"message":"A simple magic square multiplied by an identity square of size [133] [is equal] to the magic square.","name":"Simple-PropertiesFileName","durationInMillis":9}
<<<<<<<<<<<<<<<<<<<<<<<<<
22:01:01.565 [DEBUG] i.g.c.a.Pause - Pausing for 203ms (real=203ms)
22:01:01.792 [DEBUG] i.g.h.e.t.HttpTxExecutor - Sending request=simple_delay uri=http://localhost:8080/delay?duration=555: scenario=Acceptance test, userId=85
22:01:01.792 [DEBUG] i.g.h.c.i.HttpAppHandler - Write request WritableRequest{request=DefaultFullHttpRequest(decodeResult: success, version: HTTP/1.1, content: UnpooledByteBufAllocator$InstrumentedUnpooledUnsafeHeapByteBuf(ridx: 0, widx: 0, cap: 0))
GET /delay?duration=555 HTTP/1.1
Accept: */*
Content-Type: application/json;charset=UTF-8
Accept-Language: en-US,en;q=0.8,nl;q=0.6
User-Agent: Mozilla/5.0 (Windows NT 6.1; WOW64) AppleWebKit/537.36 (KHTML, like Gecko) Chrome/38.0.2125.111 Safari/537.36
accept-encoding: gzip,deflate,sdch
host: localhost:8080, content=null}
22:01:01.942 [DEBUG] i.g.h.e.t.HttpTxExecutor - Sending request=simple_delay uri=http://localhost:8080/delay?duration=555: scenario=Acceptance test, userId=83
22:01:01.942 [DEBUG] i.g.h.c.i.HttpAppHandler - Write request WritableRequest{request=DefaultFullHttpRequest(decodeResult: success, version: HTTP/1.1, content: UnpooledByteBufAllocator$InstrumentedUnpooledUnsafeHeapByteBuf(ridx: 0, widx: 0, cap: 0))
GET /delay?duration=555 HTTP/1.1
Accept: */*
Content-Type: application/json;charset=UTF-8
Accept-Language: en-US,en;q=0.8,nl;q=0.6
User-Agent: Mozilla/5.0 (Windows NT 6.1; WOW64) AppleWebKit/537.36 (KHTML, like Gecko) Chrome/38.0.2125.111 Safari/537.36
accept-encoding: gzip,deflate,sdch
host: localhost:8080, content=null}
22:01:01.952 [DEBUG] i.g.h.e.t.HttpTxExecutor - Sending request=upload-file uri=http://localhost:8080/files/upload: scenario=Acceptance test, userId=55
22:01:01.953 [DEBUG] i.g.h.c.i.HttpAppHandler - Write request WritableRequest{request=DefaultHttpRequest(decodeResult: success, version: HTTP/1.1)
POST /files/upload HTTP/1.1
Accept: */*
Accept-Language: en-US,en;q=0.8,nl;q=0.6
User-Agent: Mozilla/5.0 (Windows NT 6.1; WOW64) AppleWebKit/537.36 (KHTML, like Gecko) Chrome/38.0.2125.111 Safari/537.36
accept-encoding: gzip,deflate,sdch
host: localhost:8080
content-type: multipart/form-data; boundary=7ErbQUjcvU8kQWN5UOzwFojWkVvzytCOFMK
content-length: 220, content=io.gatling.http.client.body.multipart.impl.MultipartFileRegion@6279f6df}
22:01:01.956 [DEBUG] i.g.h.c.i.HttpAppHandler - Read msg='DefaultHttpResponse(decodeResult: success, version: HTTP/1.1)
HTTP/1.1 200 
Content-Type: text/plain;charset=UTF-8
Content-Length: 62
Date: Wed, 29 Jan 2020 21:01:01 GMT'
22:01:01.956 [DEBUG] i.g.h.c.i.HttpAppHandler - Read msg='DefaultLastHttpContent(data: PooledSlicedByteBuf(ridx: 0, widx: 62, cap: 62/62, unwrapped: PooledUnsafeDirectByteBuf(ridx: 176, widx: 176, cap: 496)), decoderResult: success)'
22:01:01.956 [TRACE] i.g.h.e.r.DefaultStatsProcessor - 
>>>>>>>>>>>>>>>>>>>>>>>>>>
Request:
upload-file: OK 
=========================
Session:
Session(Acceptance test,55,1580331645051,Map(gatling.http.ssl.sslContexts -> SslContexts(io.netty.handler.ssl.JdkSslContext@6da0b0d4,None), gatling.http.cache.dns -> io.gatling.http.cache.DnsCacheSupport$$anon$1@5898ac4b, gatling.http.cache.baseUrl -> http://localhost:8080),19,OK,List(),io.gatling.core.protocol.ProtocolComponentsRegistry$$Lambda$598/0x000000084055d840@452b12e)
=========================
HTTP request:
POST http://localhost:8080/files/upload
headers=
Accept: */*
Accept-Language: en-US,en;q=0.8,nl;q=0.6
User-Agent: Mozilla/5.0 (Windows NT 6.1; WOW64) AppleWebKit/537.36 (KHTML, like Gecko) Chrome/38.0.2125.111 Safari/537.36
accept-encoding: gzip,deflate,sdch
host: localhost:8080
content-type: multipart/form-data; boundary=7ErbQUjcvU8kQWN5UOzwFojWkVvzytCOFMK
content-length: 220
multipartBody=
ByteArrayPart: name=upload contentType=text/plain dispositionType=null charset=UTF-8 transferEncoding=null contentId=null filename=gatling-upload.txt
=========================
HTTP response:
status=
200 
headers= 
Content-Type: text/plain;charset=UTF-8
Content-Length: 62
Date: Wed, 29 Jan 2020 21:01:01 GMT

body=
File upload succeeded [gatling-upload.txt] of size [17] bytes.
<<<<<<<<<<<<<<<<<<<<<<<<<
22:01:01.956 [DEBUG] i.g.c.a.Exit - End user #55
22:01:01.957 [DEBUG] i.g.c.c.i.Injector - End user #55
22:01:01.962 [DEBUG] i.g.h.e.t.HttpTxExecutor - Sending request=upload-file uri=http://localhost:8080/files/upload: scenario=Acceptance test, userId=75
22:01:01.963 [DEBUG] i.g.h.c.i.HttpAppHandler - Write request WritableRequest{request=DefaultHttpRequest(decodeResult: success, version: HTTP/1.1)
POST /files/upload HTTP/1.1
Accept: */*
Accept-Language: en-US,en;q=0.8,nl;q=0.6
User-Agent: Mozilla/5.0 (Windows NT 6.1; WOW64) AppleWebKit/537.36 (KHTML, like Gecko) Chrome/38.0.2125.111 Safari/537.36
accept-encoding: gzip,deflate,sdch
host: localhost:8080
content-type: multipart/form-data; boundary=SomMP4LpQoTD2flt7GIF0uhWIPZy6j9rDmn
content-length: 220, content=io.gatling.http.client.body.multipart.impl.MultipartFileRegion@14865cde}
22:01:01.966 [DEBUG] i.g.h.c.i.HttpAppHandler - Read msg='DefaultHttpResponse(decodeResult: success, version: HTTP/1.1)
HTTP/1.1 200 
Content-Type: text/plain;charset=UTF-8
Content-Length: 62
Date: Wed, 29 Jan 2020 21:01:01 GMT'
22:01:01.966 [DEBUG] i.g.h.c.i.HttpAppHandler - Read msg='DefaultLastHttpContent(data: PooledSlicedByteBuf(ridx: 0, widx: 62, cap: 62/62, unwrapped: PooledUnsafeDirectByteBuf(ridx: 176, widx: 176, cap: 480)), decoderResult: success)'
22:01:01.966 [TRACE] i.g.h.e.r.DefaultStatsProcessor - 
>>>>>>>>>>>>>>>>>>>>>>>>>>
Request:
upload-file: OK 
=========================
Session:
Session(Acceptance test,75,1580331656551,Map(gatling.http.ssl.sslContexts -> SslContexts(io.netty.handler.ssl.JdkSslContext@43bbaa20,None), gatling.http.cache.dns -> io.gatling.http.cache.DnsCacheSupport$$anon$1@5898ac4b, gatling.http.cache.baseUrl -> http://localhost:8080),13,OK,List(),io.gatling.core.protocol.ProtocolComponentsRegistry$$Lambda$598/0x000000084055d840@452b12e)
=========================
HTTP request:
POST http://localhost:8080/files/upload
headers=
Accept: */*
Accept-Language: en-US,en;q=0.8,nl;q=0.6
User-Agent: Mozilla/5.0 (Windows NT 6.1; WOW64) AppleWebKit/537.36 (KHTML, like Gecko) Chrome/38.0.2125.111 Safari/537.36
accept-encoding: gzip,deflate,sdch
host: localhost:8080
content-type: multipart/form-data; boundary=SomMP4LpQoTD2flt7GIF0uhWIPZy6j9rDmn
content-length: 220
multipartBody=
ByteArrayPart: name=upload contentType=text/plain dispositionType=null charset=UTF-8 transferEncoding=null contentId=null filename=gatling-upload.txt
=========================
HTTP response:
status=
200 
headers= 
Content-Type: text/plain;charset=UTF-8
Content-Length: 62
Date: Wed, 29 Jan 2020 21:01:01 GMT

body=
File upload succeeded [gatling-upload.txt] of size [17] bytes.
<<<<<<<<<<<<<<<<<<<<<<<<<
22:01:01.966 [DEBUG] i.g.c.a.Exit - End user #75
22:01:01.967 [DEBUG] i.g.c.c.i.Injector - End user #75
22:01:02.052 [DEBUG] i.g.h.e.t.HttpTxExecutor - Sending request=simple_cpu_burn uri=http://localhost:8080/cpu/magic-identity-check?matrixSize=133: scenario=Acceptance test, userId=86
22:01:02.052 [DEBUG] i.g.c.c.i.o.OpenWorkload - Start user #86
22:01:02.053 [DEBUG] i.g.h.c.i.HttpAppHandler - Write request WritableRequest{request=DefaultFullHttpRequest(decodeResult: success, version: HTTP/1.1, content: UnpooledByteBufAllocator$InstrumentedUnpooledUnsafeHeapByteBuf(ridx: 0, widx: 0, cap: 0))
GET /cpu/magic-identity-check?matrixSize=133 HTTP/1.1
Accept: */*
Content-Type: application/json;charset=UTF-8
Accept-Language: en-US,en;q=0.8,nl;q=0.6
User-Agent: Mozilla/5.0 (Windows NT 6.1; WOW64) AppleWebKit/537.36 (KHTML, like Gecko) Chrome/38.0.2125.111 Safari/537.36
accept-encoding: gzip,deflate,sdch
host: localhost:8080, content=null}
22:01:02.056 [DEBUG] i.g.h.c.i.HttpAppHandler - Read msg='DefaultHttpResponse(decodeResult: success, version: HTTP/1.1)
HTTP/1.1 200 
Content-Type: application/json;charset=UTF-8
Transfer-Encoding: chunked
Date: Wed, 29 Jan 2020 21:01:01 GMT'
22:01:02.056 [DEBUG] i.g.h.c.i.HttpAppHandler - Read msg='DefaultHttpContent(data: PooledSlicedByteBuf(ridx: 0, widx: 170, cap: 170/170, unwrapped: PooledUnsafeDirectByteBuf(ridx: 304, widx: 309, cap: 1024)), decoderResult: success)'
22:01:02.056 [DEBUG] i.g.h.c.i.HttpAppHandler - Read msg='EmptyLastHttpContent'
22:01:02.056 [TRACE] i.g.h.e.r.DefaultStatsProcessor - 
>>>>>>>>>>>>>>>>>>>>>>>>>>
Request:
simple_cpu_burn: OK 
=========================
Session:
Session(Acceptance test,86,1580331662052,Map(gatling.http.ssl.sslContexts -> SslContexts(io.netty.handler.ssl.JdkSslContext@7bfec96a,None), gatling.http.cache.dns -> io.gatling.http.cache.DnsCacheSupport$$anon$1@5898ac4b, gatling.http.cache.baseUrl -> http://localhost:8080),0,OK,List(),io.gatling.core.protocol.ProtocolComponentsRegistry$$Lambda$598/0x000000084055d840@452b12e)
=========================
HTTP request:
GET http://localhost:8080/cpu/magic-identity-check?matrixSize=133
headers=
Accept: */*
Content-Type: application/json;charset=UTF-8
Accept-Language: en-US,en;q=0.8,nl;q=0.6
User-Agent: Mozilla/5.0 (Windows NT 6.1; WOW64) AppleWebKit/537.36 (KHTML, like Gecko) Chrome/38.0.2125.111 Safari/537.36
accept-encoding: gzip,deflate,sdch
host: localhost:8080
=========================
HTTP response:
status=
200 
headers= 
Content-Type: application/json;charset=UTF-8
Transfer-Encoding: chunked
Date: Wed, 29 Jan 2020 21:01:01 GMT

body=
{"message":"A simple magic square multiplied by an identity square of size [133] [is equal] to the magic square.","name":"Simple-PropertiesFileName","durationInMillis":2}
<<<<<<<<<<<<<<<<<<<<<<<<<
22:01:02.057 [DEBUG] i.g.c.a.Pause - Pausing for 3318ms (real=3318ms)
22:01:02.091 [DEBUG] i.g.h.e.t.HttpTxExecutor - Sending request=simple_mini_leak uri=http://localhost:8080/memory/grow?objects=8&items=54: scenario=Acceptance test, userId=69
22:01:02.092 [DEBUG] i.g.h.c.i.HttpAppHandler - Write request WritableRequest{request=DefaultFullHttpRequest(decodeResult: success, version: HTTP/1.1, content: UnpooledByteBufAllocator$InstrumentedUnpooledUnsafeHeapByteBuf(ridx: 0, widx: 0, cap: 0))
GET /memory/grow?objects=8&items=54 HTTP/1.1
Accept: */*
Content-Type: application/json;charset=UTF-8
Accept-Language: en-US,en;q=0.8,nl;q=0.6
User-Agent: Mozilla/5.0 (Windows NT 6.1; WOW64) AppleWebKit/537.36 (KHTML, like Gecko) Chrome/38.0.2125.111 Safari/537.36
accept-encoding: gzip,deflate,sdch
host: localhost:8080, content=null}
22:01:02.095 [DEBUG] i.g.h.c.i.HttpAppHandler - Read msg='DefaultHttpResponse(decodeResult: success, version: HTTP/1.1)
HTTP/1.1 200 
Content-Type: application/json;charset=UTF-8
Transfer-Encoding: chunked
Date: Wed, 29 Jan 2020 21:01:01 GMT'
22:01:02.095 [DEBUG] i.g.h.c.i.HttpAppHandler - Read msg='DefaultHttpContent(data: PooledSlicedByteBuf(ridx: 0, widx: 144, cap: 144/144, unwrapped: PooledUnsafeDirectByteBuf(ridx: 278, widx: 283, cap: 512)), decoderResult: success)'
22:01:02.095 [DEBUG] i.g.h.c.i.HttpAppHandler - Read msg='EmptyLastHttpContent'
22:01:02.095 [TRACE] i.g.h.e.r.DefaultStatsProcessor - 
>>>>>>>>>>>>>>>>>>>>>>>>>>
Request:
simple_mini_leak: OK 
=========================
Session:
Session(Acceptance test,69,1580331653051,Map(gatling.http.ssl.sslContexts -> SslContexts(io.netty.handler.ssl.JdkSslContext@2effbc63,None), gatling.http.cache.dns -> io.gatling.http.cache.DnsCacheSupport$$anon$1@5898ac4b, gatling.http.cache.baseUrl -> http://localhost:8080),10,OK,List(),io.gatling.core.protocol.ProtocolComponentsRegistry$$Lambda$598/0x000000084055d840@452b12e)
=========================
HTTP request:
GET http://localhost:8080/memory/grow?objects=8&items=54
headers=
Accept: */*
Content-Type: application/json;charset=UTF-8
Accept-Language: en-US,en;q=0.8,nl;q=0.6
User-Agent: Mozilla/5.0 (Windows NT 6.1; WOW64) AppleWebKit/537.36 (KHTML, like Gecko) Chrome/38.0.2125.111 Safari/537.36
accept-encoding: gzip,deflate,sdch
host: localhost:8080
=========================
HTTP response:
status=
200 
headers= 
Content-Type: application/json;charset=UTF-8
Transfer-Encoding: chunked
Date: Wed, 29 Jan 2020 21:01:01 GMT

body=
{"message":"Size of BigFatBastard list is now 11600 objects. It contains 626400 items.","name":"Simple-PropertiesFileName","durationInMillis":2}
<<<<<<<<<<<<<<<<<<<<<<<<<
22:01:02.095 [DEBUG] i.g.c.a.Pause - Pausing for 2054ms (real=2044ms)
22:01:02.322 [DEBUG] i.g.h.e.t.HttpTxExecutor - Sending request=simple_delay uri=http://localhost:8080/delay?duration=555: scenario=Acceptance test, userId=77
22:01:02.322 [DEBUG] i.g.h.c.i.HttpAppHandler - Write request WritableRequest{request=DefaultFullHttpRequest(decodeResult: success, version: HTTP/1.1, content: UnpooledByteBufAllocator$InstrumentedUnpooledUnsafeHeapByteBuf(ridx: 0, widx: 0, cap: 0))
GET /delay?duration=555 HTTP/1.1
Accept: */*
Content-Type: application/json;charset=UTF-8
Accept-Language: en-US,en;q=0.8,nl;q=0.6
User-Agent: Mozilla/5.0 (Windows NT 6.1; WOW64) AppleWebKit/537.36 (KHTML, like Gecko) Chrome/38.0.2125.111 Safari/537.36
accept-encoding: gzip,deflate,sdch
host: localhost:8080, content=null}
22:01:02.350 [DEBUG] i.g.h.c.i.HttpAppHandler - Read msg='DefaultHttpResponse(decodeResult: success, version: HTTP/1.1)
HTTP/1.1 200 
Content-Type: application/json;charset=UTF-8
Transfer-Encoding: chunked
Date: Wed, 29 Jan 2020 21:01:02 GMT'
22:01:02.350 [DEBUG] i.g.h.c.i.HttpAppHandler - Read msg='DefaultHttpContent(data: PooledSlicedByteBuf(ridx: 0, widx: 95, cap: 95/95, unwrapped: PooledUnsafeDirectByteBuf(ridx: 229, widx: 234, cap: 512)), decoderResult: success)'
22:01:02.350 [DEBUG] i.g.h.c.i.HttpAppHandler - Read msg='EmptyLastHttpContent'
22:01:02.350 [TRACE] i.g.h.e.r.DefaultStatsProcessor - 
>>>>>>>>>>>>>>>>>>>>>>>>>>
Request:
simple_delay: OK 
=========================
Session:
Session(Acceptance test,85,1580331661551,Map(gatling.http.ssl.sslContexts -> SslContexts(io.netty.handler.ssl.JdkSslContext@122e1198,None), gatling.http.cache.dns -> io.gatling.http.cache.DnsCacheSupport$$anon$1@5898ac4b, gatling.http.cache.baseUrl -> http://localhost:8080),24,OK,List(),io.gatling.core.protocol.ProtocolComponentsRegistry$$Lambda$598/0x000000084055d840@452b12e)
=========================
HTTP request:
GET http://localhost:8080/delay?duration=555
headers=
Accept: */*
Content-Type: application/json;charset=UTF-8
Accept-Language: en-US,en;q=0.8,nl;q=0.6
User-Agent: Mozilla/5.0 (Windows NT 6.1; WOW64) AppleWebKit/537.36 (KHTML, like Gecko) Chrome/38.0.2125.111 Safari/537.36
accept-encoding: gzip,deflate,sdch
host: localhost:8080
=========================
HTTP response:
status=
200 
headers= 
Content-Type: application/json;charset=UTF-8
Transfer-Encoding: chunked
Date: Wed, 29 Jan 2020 21:01:02 GMT

body=
{"message":"This was a delay of 555","name":"Simple-PropertiesFileName","durationInMillis":555}
<<<<<<<<<<<<<<<<<<<<<<<<<
22:01:02.351 [DEBUG] i.g.c.a.Pause - Pausing for 549ms (real=525ms)
22:01:02.352 [DEBUG] i.g.h.e.t.HttpTxExecutor - Sending request=upload-file uri=http://localhost:8080/files/upload: scenario=Acceptance test, userId=79
22:01:02.353 [DEBUG] i.g.h.c.i.HttpAppHandler - Write request WritableRequest{request=DefaultHttpRequest(decodeResult: success, version: HTTP/1.1)
POST /files/upload HTTP/1.1
Accept: */*
Accept-Language: en-US,en;q=0.8,nl;q=0.6
User-Agent: Mozilla/5.0 (Windows NT 6.1; WOW64) AppleWebKit/537.36 (KHTML, like Gecko) Chrome/38.0.2125.111 Safari/537.36
accept-encoding: gzip,deflate,sdch
host: localhost:8080
content-type: multipart/form-data; boundary=7jUfTO_TqsC9Ib2nzJb_uCn14kd43kNmA_1
content-length: 220, content=io.gatling.http.client.body.multipart.impl.MultipartFileRegion@13207a13}
22:01:02.356 [DEBUG] i.g.h.c.i.HttpAppHandler - Read msg='DefaultHttpResponse(decodeResult: success, version: HTTP/1.1)
HTTP/1.1 200 
Content-Type: text/plain;charset=UTF-8
Content-Length: 62
Date: Wed, 29 Jan 2020 21:01:02 GMT'
22:01:02.356 [DEBUG] i.g.h.c.i.HttpAppHandler - Read msg='DefaultLastHttpContent(data: PooledSlicedByteBuf(ridx: 0, widx: 62, cap: 62/62, unwrapped: PooledUnsafeDirectByteBuf(ridx: 176, widx: 176, cap: 496)), decoderResult: success)'
22:01:02.356 [TRACE] i.g.h.e.r.DefaultStatsProcessor - 
>>>>>>>>>>>>>>>>>>>>>>>>>>
Request:
upload-file: OK 
=========================
Session:
Session(Acceptance test,79,1580331658551,Map(gatling.http.ssl.sslContexts -> SslContexts(io.netty.handler.ssl.JdkSslContext@9a37ba9,None), gatling.http.cache.dns -> io.gatling.http.cache.DnsCacheSupport$$anon$1@5898ac4b, gatling.http.cache.baseUrl -> http://localhost:8080),19,OK,List(),io.gatling.core.protocol.ProtocolComponentsRegistry$$Lambda$598/0x000000084055d840@452b12e)
=========================
HTTP request:
POST http://localhost:8080/files/upload
headers=
Accept: */*
Accept-Language: en-US,en;q=0.8,nl;q=0.6
User-Agent: Mozilla/5.0 (Windows NT 6.1; WOW64) AppleWebKit/537.36 (KHTML, like Gecko) Chrome/38.0.2125.111 Safari/537.36
accept-encoding: gzip,deflate,sdch
host: localhost:8080
content-type: multipart/form-data; boundary=7jUfTO_TqsC9Ib2nzJb_uCn14kd43kNmA_1
content-length: 220
multipartBody=
ByteArrayPart: name=upload contentType=text/plain dispositionType=null charset=UTF-8 transferEncoding=null contentId=null filename=gatling-upload.txt
=========================
HTTP response:
status=
200 
headers= 
Content-Type: text/plain;charset=UTF-8
Content-Length: 62
Date: Wed, 29 Jan 2020 21:01:02 GMT

body=
File upload succeeded [gatling-upload.txt] of size [17] bytes.
<<<<<<<<<<<<<<<<<<<<<<<<<
22:01:02.357 [DEBUG] i.g.c.a.Exit - End user #79
22:01:02.357 [DEBUG] i.g.c.c.i.Injector - End user #79
22:01:02.500 [DEBUG] i.g.h.c.i.HttpAppHandler - Read msg='DefaultHttpResponse(decodeResult: success, version: HTTP/1.1)
HTTP/1.1 200 
Content-Type: application/json;charset=UTF-8
Transfer-Encoding: chunked
Date: Wed, 29 Jan 2020 21:01:02 GMT'
22:01:02.500 [DEBUG] i.g.h.c.i.HttpAppHandler - Read msg='DefaultHttpContent(data: PooledSlicedByteBuf(ridx: 0, widx: 95, cap: 95/95, unwrapped: PooledUnsafeDirectByteBuf(ridx: 229, widx: 234, cap: 1024)), decoderResult: success)'
22:01:02.500 [DEBUG] i.g.h.c.i.HttpAppHandler - Read msg='EmptyLastHttpContent'
22:01:02.500 [TRACE] i.g.h.e.r.DefaultStatsProcessor - 
>>>>>>>>>>>>>>>>>>>>>>>>>>
Request:
simple_delay: OK 
=========================
Session:
Session(Acceptance test,83,1580331660552,Map(gatling.http.ssl.sslContexts -> SslContexts(io.netty.handler.ssl.JdkSslContext@32e31caf,None), gatling.http.cache.dns -> io.gatling.http.cache.DnsCacheSupport$$anon$1@5898ac4b, gatling.http.cache.baseUrl -> http://localhost:8080),25,OK,List(),io.gatling.core.protocol.ProtocolComponentsRegistry$$Lambda$598/0x000000084055d840@452b12e)
=========================
HTTP request:
GET http://localhost:8080/delay?duration=555
headers=
Accept: */*
Content-Type: application/json;charset=UTF-8
Accept-Language: en-US,en;q=0.8,nl;q=0.6
User-Agent: Mozilla/5.0 (Windows NT 6.1; WOW64) AppleWebKit/537.36 (KHTML, like Gecko) Chrome/38.0.2125.111 Safari/537.36
accept-encoding: gzip,deflate,sdch
host: localhost:8080
=========================
HTTP response:
status=
200 
headers= 
Content-Type: application/json;charset=UTF-8
Transfer-Encoding: chunked
Date: Wed, 29 Jan 2020 21:01:02 GMT

body=
{"message":"This was a delay of 555","name":"Simple-PropertiesFileName","durationInMillis":555}
<<<<<<<<<<<<<<<<<<<<<<<<<
22:01:02.500 [DEBUG] i.g.c.a.Pause - Pausing for 530ms (real=505ms)
22:01:02.513 [DEBUG] i.g.h.e.t.HttpTxExecutor - Sending request=upload-file uri=http://localhost:8080/files/upload: scenario=Acceptance test, userId=35
22:01:02.513 [DEBUG] i.g.h.c.i.HttpAppHandler - Write request WritableRequest{request=DefaultHttpRequest(decodeResult: success, version: HTTP/1.1)
POST /files/upload HTTP/1.1
Accept: */*
Accept-Language: en-US,en;q=0.8,nl;q=0.6
User-Agent: Mozilla/5.0 (Windows NT 6.1; WOW64) AppleWebKit/537.36 (KHTML, like Gecko) Chrome/38.0.2125.111 Safari/537.36
accept-encoding: gzip,deflate,sdch
host: localhost:8080
content-type: multipart/form-data; boundary=UnDCq7Fkx_Qsl-YDqZ5KdNsc6ZrG0sF7ZER
content-length: 220, content=io.gatling.http.client.body.multipart.impl.MultipartFileRegion@53b8d0f7}
22:01:02.516 [DEBUG] i.g.h.c.i.HttpAppHandler - Read msg='DefaultHttpResponse(decodeResult: success, version: HTTP/1.1)
HTTP/1.1 200 
Content-Type: text/plain;charset=UTF-8
Content-Length: 62
Date: Wed, 29 Jan 2020 21:01:02 GMT'
22:01:02.516 [DEBUG] i.g.h.c.i.HttpAppHandler - Read msg='DefaultLastHttpContent(data: PooledSlicedByteBuf(ridx: 0, widx: 62, cap: 62/62, unwrapped: PooledUnsafeDirectByteBuf(ridx: 176, widx: 176, cap: 496)), decoderResult: success)'
22:01:02.516 [TRACE] i.g.h.e.r.DefaultStatsProcessor - 
>>>>>>>>>>>>>>>>>>>>>>>>>>
Request:
upload-file: OK 
=========================
Session:
Session(Acceptance test,35,1580331632552,Map(gatling.http.ssl.sslContexts -> SslContexts(io.netty.handler.ssl.JdkSslContext@10b99dbc,None), gatling.http.cache.dns -> io.gatling.http.cache.DnsCacheSupport$$anon$1@5898ac4b, gatling.http.cache.baseUrl -> http://localhost:8080),19,OK,List(),io.gatling.core.protocol.ProtocolComponentsRegistry$$Lambda$598/0x000000084055d840@452b12e)
=========================
HTTP request:
POST http://localhost:8080/files/upload
headers=
Accept: */*
Accept-Language: en-US,en;q=0.8,nl;q=0.6
User-Agent: Mozilla/5.0 (Windows NT 6.1; WOW64) AppleWebKit/537.36 (KHTML, like Gecko) Chrome/38.0.2125.111 Safari/537.36
accept-encoding: gzip,deflate,sdch
host: localhost:8080
content-type: multipart/form-data; boundary=UnDCq7Fkx_Qsl-YDqZ5KdNsc6ZrG0sF7ZER
content-length: 220
multipartBody=
ByteArrayPart: name=upload contentType=text/plain dispositionType=null charset=UTF-8 transferEncoding=null contentId=null filename=gatling-upload.txt
=========================
HTTP response:
status=
200 
headers= 
Content-Type: text/plain;charset=UTF-8
Content-Length: 62
Date: Wed, 29 Jan 2020 21:01:02 GMT

body=
File upload succeeded [gatling-upload.txt] of size [17] bytes.
<<<<<<<<<<<<<<<<<<<<<<<<<
22:01:02.517 [DEBUG] i.g.c.a.Exit - End user #35
22:01:02.517 [DEBUG] i.g.c.c.i.Injector - End user #35
22:01:02.552 [DEBUG] i.g.h.e.t.HttpTxExecutor - Sending request=simple_cpu_burn uri=http://localhost:8080/cpu/magic-identity-check?matrixSize=133: scenario=Acceptance test, userId=87
22:01:02.552 [DEBUG] i.g.c.c.i.o.OpenWorkload - Start user #87
22:01:02.553 [DEBUG] i.g.c.c.i.o.OpenWorkload - Injecting 2 users in scenario Acceptance test, continue=true
22:01:02.554 [DEBUG] i.g.h.c.i.HttpAppHandler - Write request WritableRequest{request=DefaultFullHttpRequest(decodeResult: success, version: HTTP/1.1, content: UnpooledByteBufAllocator$InstrumentedUnpooledUnsafeHeapByteBuf(ridx: 0, widx: 0, cap: 0))
GET /cpu/magic-identity-check?matrixSize=133 HTTP/1.1
Accept: */*
Content-Type: application/json;charset=UTF-8
Accept-Language: en-US,en;q=0.8,nl;q=0.6
User-Agent: Mozilla/5.0 (Windows NT 6.1; WOW64) AppleWebKit/537.36 (KHTML, like Gecko) Chrome/38.0.2125.111 Safari/537.36
accept-encoding: gzip,deflate,sdch
host: localhost:8080, content=null}
22:01:02.564 [DEBUG] i.g.h.c.i.HttpAppHandler - Read msg='DefaultHttpResponse(decodeResult: success, version: HTTP/1.1)
HTTP/1.1 200 
Content-Type: application/json;charset=UTF-8
Transfer-Encoding: chunked
Date: Wed, 29 Jan 2020 21:01:02 GMT'
22:01:02.564 [DEBUG] i.g.h.c.i.HttpAppHandler - Read msg='DefaultHttpContent(data: PooledSlicedByteBuf(ridx: 0, widx: 170, cap: 170/170, unwrapped: PooledUnsafeDirectByteBuf(ridx: 304, widx: 309, cap: 1024)), decoderResult: success)'
22:01:02.564 [DEBUG] i.g.h.c.i.HttpAppHandler - Read msg='EmptyLastHttpContent'
22:01:02.565 [TRACE] i.g.h.e.r.DefaultStatsProcessor - 
>>>>>>>>>>>>>>>>>>>>>>>>>>
Request:
simple_cpu_burn: OK 
=========================
Session:
Session(Acceptance test,87,1580331662551,Map(gatling.http.ssl.sslContexts -> SslContexts(io.netty.handler.ssl.JdkSslContext@2ad705b5,None), gatling.http.cache.dns -> io.gatling.http.cache.DnsCacheSupport$$anon$1@5898ac4b, gatling.http.cache.baseUrl -> http://localhost:8080),0,OK,List(),io.gatling.core.protocol.ProtocolComponentsRegistry$$Lambda$598/0x000000084055d840@452b12e)
=========================
HTTP request:
GET http://localhost:8080/cpu/magic-identity-check?matrixSize=133
headers=
Accept: */*
Content-Type: application/json;charset=UTF-8
Accept-Language: en-US,en;q=0.8,nl;q=0.6
User-Agent: Mozilla/5.0 (Windows NT 6.1; WOW64) AppleWebKit/537.36 (KHTML, like Gecko) Chrome/38.0.2125.111 Safari/537.36
accept-encoding: gzip,deflate,sdch
host: localhost:8080
=========================
HTTP response:
status=
200 
headers= 
Content-Type: application/json;charset=UTF-8
Transfer-Encoding: chunked
Date: Wed, 29 Jan 2020 21:01:02 GMT

body=
{"message":"A simple magic square multiplied by an identity square of size [133] [is equal] to the magic square.","name":"Simple-PropertiesFileName","durationInMillis":9}
<<<<<<<<<<<<<<<<<<<<<<<<<
22:01:02.565 [DEBUG] i.g.c.a.Pause - Pausing for 16690ms (real=16689ms)
22:01:02.662 [DEBUG] i.g.h.e.t.HttpTxExecutor - Sending request=simple_delay uri=http://localhost:8080/delay?duration=555: scenario=Acceptance test, userId=73
22:01:02.662 [DEBUG] i.g.h.c.i.HttpAppHandler - Write request WritableRequest{request=DefaultFullHttpRequest(decodeResult: success, version: HTTP/1.1, content: UnpooledByteBufAllocator$InstrumentedUnpooledUnsafeHeapByteBuf(ridx: 0, widx: 0, cap: 0))
GET /delay?duration=555 HTTP/1.1
Accept: */*
Content-Type: application/json;charset=UTF-8
Accept-Language: en-US,en;q=0.8,nl;q=0.6
User-Agent: Mozilla/5.0 (Windows NT 6.1; WOW64) AppleWebKit/537.36 (KHTML, like Gecko) Chrome/38.0.2125.111 Safari/537.36
accept-encoding: gzip,deflate,sdch
host: localhost:8080, content=null}
22:01:02.879 [DEBUG] i.g.h.c.i.HttpAppHandler - Read msg='DefaultHttpResponse(decodeResult: success, version: HTTP/1.1)
HTTP/1.1 200 
Content-Type: application/json;charset=UTF-8
Transfer-Encoding: chunked
Date: Wed, 29 Jan 2020 21:01:02 GMT'
22:01:02.879 [DEBUG] i.g.h.c.i.HttpAppHandler - Read msg='DefaultHttpContent(data: PooledSlicedByteBuf(ridx: 0, widx: 95, cap: 95/95, unwrapped: PooledUnsafeDirectByteBuf(ridx: 229, widx: 234, cap: 1024)), decoderResult: success)'
22:01:02.880 [DEBUG] i.g.h.c.i.HttpAppHandler - Read msg='EmptyLastHttpContent'
22:01:02.880 [TRACE] i.g.h.e.r.DefaultStatsProcessor - 
>>>>>>>>>>>>>>>>>>>>>>>>>>
Request:
simple_delay: OK 
=========================
Session:
Session(Acceptance test,77,1580331657551,Map(gatling.http.ssl.sslContexts -> SslContexts(io.netty.handler.ssl.JdkSslContext@9f11197,None), gatling.http.cache.dns -> io.gatling.http.cache.DnsCacheSupport$$anon$1@5898ac4b, gatling.http.cache.baseUrl -> http://localhost:8080),20,OK,List(),io.gatling.core.protocol.ProtocolComponentsRegistry$$Lambda$598/0x000000084055d840@452b12e)
=========================
HTTP request:
GET http://localhost:8080/delay?duration=555
headers=
Accept: */*
Content-Type: application/json;charset=UTF-8
Accept-Language: en-US,en;q=0.8,nl;q=0.6
User-Agent: Mozilla/5.0 (Windows NT 6.1; WOW64) AppleWebKit/537.36 (KHTML, like Gecko) Chrome/38.0.2125.111 Safari/537.36
accept-encoding: gzip,deflate,sdch
host: localhost:8080
=========================
HTTP response:
status=
200 
headers= 
Content-Type: application/json;charset=UTF-8
Transfer-Encoding: chunked
Date: Wed, 29 Jan 2020 21:01:02 GMT

body=
{"message":"This was a delay of 555","name":"Simple-PropertiesFileName","durationInMillis":555}
<<<<<<<<<<<<<<<<<<<<<<<<<
22:01:02.880 [DEBUG] i.g.c.a.Pause - Pausing for 446ms (real=426ms)
22:01:02.892 [DEBUG] i.g.h.e.t.HttpTxExecutor - Sending request=simple_delay uri=http://localhost:8080/delay?duration=555: scenario=Acceptance test, userId=84
22:01:02.892 [DEBUG] i.g.h.e.t.HttpTxExecutor - Sending request=simple_mini_leak uri=http://localhost:8080/memory/grow?objects=8&items=54: scenario=Acceptance test, userId=85
22:01:02.892 [DEBUG] i.g.h.c.i.HttpAppHandler - Write request WritableRequest{request=DefaultFullHttpRequest(decodeResult: success, version: HTTP/1.1, content: UnpooledByteBufAllocator$InstrumentedUnpooledUnsafeHeapByteBuf(ridx: 0, widx: 0, cap: 0))
GET /memory/grow?objects=8&items=54 HTTP/1.1
Accept: */*
Content-Type: application/json;charset=UTF-8
Accept-Language: en-US,en;q=0.8,nl;q=0.6
User-Agent: Mozilla/5.0 (Windows NT 6.1; WOW64) AppleWebKit/537.36 (KHTML, like Gecko) Chrome/38.0.2125.111 Safari/537.36
accept-encoding: gzip,deflate,sdch
host: localhost:8080, content=null}
22:01:02.892 [DEBUG] i.g.h.c.i.HttpAppHandler - Write request WritableRequest{request=DefaultFullHttpRequest(decodeResult: success, version: HTTP/1.1, content: UnpooledByteBufAllocator$InstrumentedUnpooledUnsafeHeapByteBuf(ridx: 0, widx: 0, cap: 0))
GET /delay?duration=555 HTTP/1.1
Accept: */*
Content-Type: application/json;charset=UTF-8
Accept-Language: en-US,en;q=0.8,nl;q=0.6
User-Agent: Mozilla/5.0 (Windows NT 6.1; WOW64) AppleWebKit/537.36 (KHTML, like Gecko) Chrome/38.0.2125.111 Safari/537.36
accept-encoding: gzip,deflate,sdch
host: localhost:8080, content=null}
22:01:02.900 [DEBUG] i.g.h.c.i.HttpAppHandler - Read msg='DefaultHttpResponse(decodeResult: success, version: HTTP/1.1)
HTTP/1.1 200 
Content-Type: application/json;charset=UTF-8
Transfer-Encoding: chunked
Date: Wed, 29 Jan 2020 21:01:02 GMT'
22:01:02.900 [DEBUG] i.g.h.c.i.HttpAppHandler - Read msg='DefaultHttpContent(data: PooledSlicedByteBuf(ridx: 0, widx: 144, cap: 144/144, unwrapped: PooledUnsafeDirectByteBuf(ridx: 278, widx: 283, cap: 512)), decoderResult: success)'
22:01:02.900 [DEBUG] i.g.h.c.i.HttpAppHandler - Read msg='EmptyLastHttpContent'
22:01:02.901 [TRACE] i.g.h.e.r.DefaultStatsProcessor - 
>>>>>>>>>>>>>>>>>>>>>>>>>>
Request:
simple_mini_leak: OK 
=========================
Session:
Session(Acceptance test,85,1580331661551,Map(gatling.http.ssl.sslContexts -> SslContexts(io.netty.handler.ssl.JdkSslContext@122e1198,None), gatling.http.cache.dns -> io.gatling.http.cache.DnsCacheSupport$$anon$1@5898ac4b, gatling.http.cache.baseUrl -> http://localhost:8080),16,OK,List(),io.gatling.core.protocol.ProtocolComponentsRegistry$$Lambda$598/0x000000084055d840@452b12e)
=========================
HTTP request:
GET http://localhost:8080/memory/grow?objects=8&items=54
headers=
Accept: */*
Content-Type: application/json;charset=UTF-8
Accept-Language: en-US,en;q=0.8,nl;q=0.6
User-Agent: Mozilla/5.0 (Windows NT 6.1; WOW64) AppleWebKit/537.36 (KHTML, like Gecko) Chrome/38.0.2125.111 Safari/537.36
accept-encoding: gzip,deflate,sdch
host: localhost:8080
=========================
HTTP response:
status=
200 
headers= 
Content-Type: application/json;charset=UTF-8
Transfer-Encoding: chunked
Date: Wed, 29 Jan 2020 21:01:02 GMT

body=
{"message":"Size of BigFatBastard list is now 11608 objects. It contains 626832 items.","name":"Simple-PropertiesFileName","durationInMillis":5}
<<<<<<<<<<<<<<<<<<<<<<<<<
22:01:02.901 [DEBUG] i.g.c.a.Pause - Pausing for 673ms (real=656ms)
22:01:02.982 [DEBUG] i.g.h.e.t.HttpTxExecutor - Sending request=simple_mini_leak uri=http://localhost:8080/memory/grow?objects=8&items=54: scenario=Acceptance test, userId=78
22:01:02.983 [DEBUG] i.g.h.c.i.HttpAppHandler - Write request WritableRequest{request=DefaultFullHttpRequest(decodeResult: success, version: HTTP/1.1, content: UnpooledByteBufAllocator$InstrumentedUnpooledUnsafeHeapByteBuf(ridx: 0, widx: 0, cap: 0))
GET /memory/grow?objects=8&items=54 HTTP/1.1
Accept: */*
Content-Type: application/json;charset=UTF-8
Accept-Language: en-US,en;q=0.8,nl;q=0.6
User-Agent: Mozilla/5.0 (Windows NT 6.1; WOW64) AppleWebKit/537.36 (KHTML, like Gecko) Chrome/38.0.2125.111 Safari/537.36
accept-encoding: gzip,deflate,sdch
host: localhost:8080, content=null}
22:01:02.990 [DEBUG] i.g.h.c.i.HttpAppHandler - Read msg='DefaultHttpResponse(decodeResult: success, version: HTTP/1.1)
HTTP/1.1 200 
Content-Type: application/json;charset=UTF-8
Transfer-Encoding: chunked
Date: Wed, 29 Jan 2020 21:01:02 GMT'
22:01:02.990 [DEBUG] i.g.h.c.i.HttpAppHandler - Read msg='DefaultHttpContent(data: PooledSlicedByteBuf(ridx: 0, widx: 144, cap: 144/144, unwrapped: PooledUnsafeDirectByteBuf(ridx: 278, widx: 278, cap: 512)), decoderResult: success)'
22:01:02.990 [DEBUG] i.g.h.c.i.HttpAppHandler - Read msg='EmptyLastHttpContent'
22:01:02.991 [TRACE] i.g.h.e.r.DefaultStatsProcessor - 
>>>>>>>>>>>>>>>>>>>>>>>>>>
Request:
simple_mini_leak: OK 
=========================
Session:
Session(Acceptance test,78,1580331658052,Map(gatling.http.ssl.sslContexts -> SslContexts(io.netty.handler.ssl.JdkSslContext@3b10eab1,None), gatling.http.cache.dns -> io.gatling.http.cache.DnsCacheSupport$$anon$1@5898ac4b, gatling.http.cache.baseUrl -> http://localhost:8080),18,OK,List(),io.gatling.core.protocol.ProtocolComponentsRegistry$$Lambda$598/0x000000084055d840@452b12e)
=========================
HTTP request:
GET http://localhost:8080/memory/grow?objects=8&items=54
headers=
Accept: */*
Content-Type: application/json;charset=UTF-8
Accept-Language: en-US,en;q=0.8,nl;q=0.6
User-Agent: Mozilla/5.0 (Windows NT 6.1; WOW64) AppleWebKit/537.36 (KHTML, like Gecko) Chrome/38.0.2125.111 Safari/537.36
accept-encoding: gzip,deflate,sdch
host: localhost:8080
=========================
HTTP response:
status=
200 
headers= 
Content-Type: application/json;charset=UTF-8
Transfer-Encoding: chunked
Date: Wed, 29 Jan 2020 21:01:02 GMT

body=
{"message":"Size of BigFatBastard list is now 11616 objects. It contains 627264 items.","name":"Simple-PropertiesFileName","durationInMillis":5}
<<<<<<<<<<<<<<<<<<<<<<<<<
22:01:02.991 [DEBUG] i.g.c.a.Pause - Pausing for 7817ms (real=7798ms)
22:01:03.022 [DEBUG] i.g.h.e.t.HttpTxExecutor - Sending request=simple_mini_leak uri=http://localhost:8080/memory/grow?objects=8&items=54: scenario=Acceptance test, userId=83
22:01:03.022 [DEBUG] i.g.h.c.i.HttpAppHandler - Write request WritableRequest{request=DefaultFullHttpRequest(decodeResult: success, version: HTTP/1.1, content: UnpooledByteBufAllocator$InstrumentedUnpooledUnsafeHeapByteBuf(ridx: 0, widx: 0, cap: 0))
GET /memory/grow?objects=8&items=54 HTTP/1.1
Accept: */*
Content-Type: application/json;charset=UTF-8
Accept-Language: en-US,en;q=0.8,nl;q=0.6
User-Agent: Mozilla/5.0 (Windows NT 6.1; WOW64) AppleWebKit/537.36 (KHTML, like Gecko) Chrome/38.0.2125.111 Safari/537.36
accept-encoding: gzip,deflate,sdch
host: localhost:8080, content=null}
22:01:03.030 [DEBUG] i.g.h.c.i.HttpAppHandler - Read msg='DefaultHttpResponse(decodeResult: success, version: HTTP/1.1)
HTTP/1.1 200 
Content-Type: application/json;charset=UTF-8
Transfer-Encoding: chunked
Date: Wed, 29 Jan 2020 21:01:02 GMT'
22:01:03.030 [DEBUG] i.g.h.c.i.HttpAppHandler - Read msg='DefaultHttpContent(data: PooledSlicedByteBuf(ridx: 0, widx: 144, cap: 144/144, unwrapped: PooledUnsafeDirectByteBuf(ridx: 278, widx: 278, cap: 512)), decoderResult: success)'
22:01:03.030 [DEBUG] i.g.h.c.i.HttpAppHandler - Read msg='EmptyLastHttpContent'
22:01:03.030 [TRACE] i.g.h.e.r.DefaultStatsProcessor - 
>>>>>>>>>>>>>>>>>>>>>>>>>>
Request:
simple_mini_leak: OK 
=========================
Session:
Session(Acceptance test,83,1580331660552,Map(gatling.http.ssl.sslContexts -> SslContexts(io.netty.handler.ssl.JdkSslContext@32e31caf,None), gatling.http.cache.dns -> io.gatling.http.cache.DnsCacheSupport$$anon$1@5898ac4b, gatling.http.cache.baseUrl -> http://localhost:8080),16,OK,List(),io.gatling.core.protocol.ProtocolComponentsRegistry$$Lambda$598/0x000000084055d840@452b12e)
=========================
HTTP request:
GET http://localhost:8080/memory/grow?objects=8&items=54
headers=
Accept: */*
Content-Type: application/json;charset=UTF-8
Accept-Language: en-US,en;q=0.8,nl;q=0.6
User-Agent: Mozilla/5.0 (Windows NT 6.1; WOW64) AppleWebKit/537.36 (KHTML, like Gecko) Chrome/38.0.2125.111 Safari/537.36
accept-encoding: gzip,deflate,sdch
host: localhost:8080
=========================
HTTP response:
status=
200 
headers= 
Content-Type: application/json;charset=UTF-8
Transfer-Encoding: chunked
Date: Wed, 29 Jan 2020 21:01:02 GMT

body=
{"message":"Size of BigFatBastard list is now 11624 objects. It contains 627696 items.","name":"Simple-PropertiesFileName","durationInMillis":5}
<<<<<<<<<<<<<<<<<<<<<<<<<
22:01:03.031 [DEBUG] i.g.c.a.Pause - Pausing for 3373ms (real=3356ms)
22:01:03.052 [DEBUG] i.g.h.e.t.HttpTxExecutor - Sending request=simple_cpu_burn uri=http://localhost:8080/cpu/magic-identity-check?matrixSize=133: scenario=Acceptance test, userId=88
22:01:03.053 [DEBUG] i.g.c.c.i.o.OpenWorkload - Start user #88
22:01:03.054 [DEBUG] i.g.h.c.i.HttpAppHandler - Write request WritableRequest{request=DefaultFullHttpRequest(decodeResult: success, version: HTTP/1.1, content: UnpooledByteBufAllocator$InstrumentedUnpooledUnsafeHeapByteBuf(ridx: 0, widx: 0, cap: 0))
GET /cpu/magic-identity-check?matrixSize=133 HTTP/1.1
Accept: */*
Content-Type: application/json;charset=UTF-8
Accept-Language: en-US,en;q=0.8,nl;q=0.6
User-Agent: Mozilla/5.0 (Windows NT 6.1; WOW64) AppleWebKit/537.36 (KHTML, like Gecko) Chrome/38.0.2125.111 Safari/537.36
accept-encoding: gzip,deflate,sdch
host: localhost:8080, content=null}
22:01:03.065 [DEBUG] i.g.h.c.i.HttpAppHandler - Read msg='DefaultHttpResponse(decodeResult: success, version: HTTP/1.1)
HTTP/1.1 200 
Content-Type: application/json;charset=UTF-8
Transfer-Encoding: chunked
Date: Wed, 29 Jan 2020 21:01:02 GMT'
22:01:03.065 [DEBUG] i.g.h.c.i.HttpAppHandler - Read msg='DefaultHttpContent(data: PooledSlicedByteBuf(ridx: 0, widx: 170, cap: 170/170, unwrapped: PooledUnsafeDirectByteBuf(ridx: 304, widx: 309, cap: 1024)), decoderResult: success)'
22:01:03.065 [DEBUG] i.g.h.c.i.HttpAppHandler - Read msg='EmptyLastHttpContent'
22:01:03.065 [TRACE] i.g.h.e.r.DefaultStatsProcessor - 
>>>>>>>>>>>>>>>>>>>>>>>>>>
Request:
simple_cpu_burn: OK 
=========================
Session:
Session(Acceptance test,88,1580331663052,Map(gatling.http.ssl.sslContexts -> SslContexts(io.netty.handler.ssl.JdkSslContext@26328504,None), gatling.http.cache.dns -> io.gatling.http.cache.DnsCacheSupport$$anon$1@5898ac4b, gatling.http.cache.baseUrl -> http://localhost:8080),0,OK,List(),io.gatling.core.protocol.ProtocolComponentsRegistry$$Lambda$598/0x000000084055d840@452b12e)
=========================
HTTP request:
GET http://localhost:8080/cpu/magic-identity-check?matrixSize=133
headers=
Accept: */*
Content-Type: application/json;charset=UTF-8
Accept-Language: en-US,en;q=0.8,nl;q=0.6
User-Agent: Mozilla/5.0 (Windows NT 6.1; WOW64) AppleWebKit/537.36 (KHTML, like Gecko) Chrome/38.0.2125.111 Safari/537.36
accept-encoding: gzip,deflate,sdch
host: localhost:8080
=========================
HTTP response:
status=
200 
headers= 
Content-Type: application/json;charset=UTF-8
Transfer-Encoding: chunked
Date: Wed, 29 Jan 2020 21:01:02 GMT

body=
{"message":"A simple magic square multiplied by an identity square of size [133] [is equal] to the magic square.","name":"Simple-PropertiesFileName","durationInMillis":9}
<<<<<<<<<<<<<<<<<<<<<<<<<
22:01:03.066 [DEBUG] i.g.c.a.Pause - Pausing for 1720ms (real=1720ms)
22:01:03.220 [DEBUG] i.g.h.c.i.HttpAppHandler - Read msg='DefaultHttpResponse(decodeResult: success, version: HTTP/1.1)
HTTP/1.1 200 
Content-Type: application/json;charset=UTF-8
Transfer-Encoding: chunked
Date: Wed, 29 Jan 2020 21:01:02 GMT'
22:01:03.220 [DEBUG] i.g.h.c.i.HttpAppHandler - Read msg='DefaultHttpContent(data: PooledSlicedByteBuf(ridx: 0, widx: 95, cap: 95/95, unwrapped: PooledUnsafeDirectByteBuf(ridx: 229, widx: 229, cap: 512)), decoderResult: success)'
22:01:03.220 [DEBUG] i.g.h.c.i.HttpAppHandler - Read msg='EmptyLastHttpContent'
22:01:03.221 [TRACE] i.g.h.e.r.DefaultStatsProcessor - 
>>>>>>>>>>>>>>>>>>>>>>>>>>
Request:
simple_delay: OK 
=========================
Session:
Session(Acceptance test,73,1580331655551,Map(gatling.http.ssl.sslContexts -> SslContexts(io.netty.handler.ssl.JdkSslContext@60ae79f,None), gatling.http.cache.dns -> io.gatling.http.cache.DnsCacheSupport$$anon$1@5898ac4b, gatling.http.cache.baseUrl -> http://localhost:8080),18,OK,List(),io.gatling.core.protocol.ProtocolComponentsRegistry$$Lambda$598/0x000000084055d840@452b12e)
=========================
HTTP request:
GET http://localhost:8080/delay?duration=555
headers=
Accept: */*
Content-Type: application/json;charset=UTF-8
Accept-Language: en-US,en;q=0.8,nl;q=0.6
User-Agent: Mozilla/5.0 (Windows NT 6.1; WOW64) AppleWebKit/537.36 (KHTML, like Gecko) Chrome/38.0.2125.111 Safari/537.36
accept-encoding: gzip,deflate,sdch
host: localhost:8080
=========================
HTTP response:
status=
200 
headers= 
Content-Type: application/json;charset=UTF-8
Transfer-Encoding: chunked
Date: Wed, 29 Jan 2020 21:01:02 GMT

body=
{"message":"This was a delay of 555","name":"Simple-PropertiesFileName","durationInMillis":555}
<<<<<<<<<<<<<<<<<<<<<<<<<
22:01:03.221 [DEBUG] i.g.c.a.Pause - Pausing for 2526ms (real=2507ms)
22:01:03.322 [DEBUG] i.g.h.e.t.HttpTxExecutor - Sending request=simple_mini_leak uri=http://localhost:8080/memory/grow?objects=8&items=54: scenario=Acceptance test, userId=77
22:01:03.322 [DEBUG] i.g.h.c.i.HttpAppHandler - Write request WritableRequest{request=DefaultFullHttpRequest(decodeResult: success, version: HTTP/1.1, content: UnpooledByteBufAllocator$InstrumentedUnpooledUnsafeHeapByteBuf(ridx: 0, widx: 0, cap: 0))
GET /memory/grow?objects=8&items=54 HTTP/1.1
Accept: */*
Content-Type: application/json;charset=UTF-8
Accept-Language: en-US,en;q=0.8,nl;q=0.6
User-Agent: Mozilla/5.0 (Windows NT 6.1; WOW64) AppleWebKit/537.36 (KHTML, like Gecko) Chrome/38.0.2125.111 Safari/537.36
accept-encoding: gzip,deflate,sdch
host: localhost:8080, content=null}
22:01:03.329 [DEBUG] i.g.h.c.i.HttpAppHandler - Read msg='DefaultHttpResponse(decodeResult: success, version: HTTP/1.1)
HTTP/1.1 200 
Content-Type: application/json;charset=UTF-8
Transfer-Encoding: chunked
Date: Wed, 29 Jan 2020 21:01:02 GMT'
22:01:03.329 [DEBUG] i.g.h.c.i.HttpAppHandler - Read msg='DefaultHttpContent(data: PooledSlicedByteBuf(ridx: 0, widx: 144, cap: 144/144, unwrapped: PooledUnsafeDirectByteBuf(ridx: 278, widx: 283, cap: 512)), decoderResult: success)'
22:01:03.329 [DEBUG] i.g.h.c.i.HttpAppHandler - Read msg='EmptyLastHttpContent'
22:01:03.330 [TRACE] i.g.h.e.r.DefaultStatsProcessor - 
>>>>>>>>>>>>>>>>>>>>>>>>>>
Request:
simple_mini_leak: OK 
=========================
Session:
Session(Acceptance test,77,1580331657551,Map(gatling.http.ssl.sslContexts -> SslContexts(io.netty.handler.ssl.JdkSslContext@9f11197,None), gatling.http.cache.dns -> io.gatling.http.cache.DnsCacheSupport$$anon$1@5898ac4b, gatling.http.cache.baseUrl -> http://localhost:8080),15,OK,List(),io.gatling.core.protocol.ProtocolComponentsRegistry$$Lambda$598/0x000000084055d840@452b12e)
=========================
HTTP request:
GET http://localhost:8080/memory/grow?objects=8&items=54
headers=
Accept: */*
Content-Type: application/json;charset=UTF-8
Accept-Language: en-US,en;q=0.8,nl;q=0.6
User-Agent: Mozilla/5.0 (Windows NT 6.1; WOW64) AppleWebKit/537.36 (KHTML, like Gecko) Chrome/38.0.2125.111 Safari/537.36
accept-encoding: gzip,deflate,sdch
host: localhost:8080
=========================
HTTP response:
status=
200 
headers= 
Content-Type: application/json;charset=UTF-8
Transfer-Encoding: chunked
Date: Wed, 29 Jan 2020 21:01:02 GMT

body=
{"message":"Size of BigFatBastard list is now 11632 objects. It contains 628128 items.","name":"Simple-PropertiesFileName","durationInMillis":5}
<<<<<<<<<<<<<<<<<<<<<<<<<
22:01:03.330 [DEBUG] i.g.c.a.Pause - Pausing for 870ms (real=854ms)
22:01:03.450 [DEBUG] i.g.h.c.i.HttpAppHandler - Read msg='DefaultHttpResponse(decodeResult: success, version: HTTP/1.1)
HTTP/1.1 200 
Content-Type: application/json;charset=UTF-8
Transfer-Encoding: chunked
Date: Wed, 29 Jan 2020 21:01:03 GMT'
22:01:03.450 [DEBUG] i.g.h.c.i.HttpAppHandler - Read msg='DefaultHttpContent(data: PooledSlicedByteBuf(ridx: 0, widx: 95, cap: 95/95, unwrapped: PooledUnsafeDirectByteBuf(ridx: 229, widx: 234, cap: 512)), decoderResult: success)'
22:01:03.450 [DEBUG] i.g.h.c.i.HttpAppHandler - Read msg='EmptyLastHttpContent'
22:01:03.451 [TRACE] i.g.h.e.r.DefaultStatsProcessor - 
>>>>>>>>>>>>>>>>>>>>>>>>>>
Request:
simple_delay: OK 
=========================
Session:
Session(Acceptance test,84,1580331661051,Map(gatling.http.ssl.sslContexts -> SslContexts(io.netty.handler.ssl.JdkSslContext@5ca91c98,None), gatling.http.cache.dns -> io.gatling.http.cache.DnsCacheSupport$$anon$1@5898ac4b, gatling.http.cache.baseUrl -> http://localhost:8080),25,OK,List(),io.gatling.core.protocol.ProtocolComponentsRegistry$$Lambda$598/0x000000084055d840@452b12e)
=========================
HTTP request:
GET http://localhost:8080/delay?duration=555
headers=
Accept: */*
Content-Type: application/json;charset=UTF-8
Accept-Language: en-US,en;q=0.8,nl;q=0.6
User-Agent: Mozilla/5.0 (Windows NT 6.1; WOW64) AppleWebKit/537.36 (KHTML, like Gecko) Chrome/38.0.2125.111 Safari/537.36
accept-encoding: gzip,deflate,sdch
host: localhost:8080
=========================
HTTP response:
status=
200 
headers= 
Content-Type: application/json;charset=UTF-8
Transfer-Encoding: chunked
Date: Wed, 29 Jan 2020 21:01:03 GMT

body=
{"message":"This was a delay of 555","name":"Simple-PropertiesFileName","durationInMillis":555}
<<<<<<<<<<<<<<<<<<<<<<<<<
22:01:03.451 [DEBUG] i.g.c.a.Pause - Pausing for 9633ms (real=9607ms)
22:01:03.552 [DEBUG] i.g.c.c.i.o.OpenWorkload - Injecting 2 users in scenario Acceptance test, continue=true
22:01:03.552 [DEBUG] i.g.h.e.t.HttpTxExecutor - Sending request=simple_cpu_burn uri=http://localhost:8080/cpu/magic-identity-check?matrixSize=133: scenario=Acceptance test, userId=89
22:01:03.552 [DEBUG] i.g.c.c.i.o.OpenWorkload - Start user #89
22:01:03.553 [DEBUG] i.g.h.c.i.HttpAppHandler - Write request WritableRequest{request=DefaultFullHttpRequest(decodeResult: success, version: HTTP/1.1, content: UnpooledByteBufAllocator$InstrumentedUnpooledUnsafeHeapByteBuf(ridx: 0, widx: 0, cap: 0))
GET /cpu/magic-identity-check?matrixSize=133 HTTP/1.1
Accept: */*
Content-Type: application/json;charset=UTF-8
Accept-Language: en-US,en;q=0.8,nl;q=0.6
User-Agent: Mozilla/5.0 (Windows NT 6.1; WOW64) AppleWebKit/537.36 (KHTML, like Gecko) Chrome/38.0.2125.111 Safari/537.36
accept-encoding: gzip,deflate,sdch
host: localhost:8080, content=null}
22:01:03.564 [DEBUG] i.g.h.c.i.HttpAppHandler - Read msg='DefaultHttpResponse(decodeResult: success, version: HTTP/1.1)
HTTP/1.1 200 
Content-Type: application/json;charset=UTF-8
Transfer-Encoding: chunked
Date: Wed, 29 Jan 2020 21:01:03 GMT'
22:01:03.564 [DEBUG] i.g.h.c.i.HttpAppHandler - Read msg='DefaultHttpContent(data: PooledSlicedByteBuf(ridx: 0, widx: 170, cap: 170/170, unwrapped: PooledUnsafeDirectByteBuf(ridx: 304, widx: 309, cap: 1024)), decoderResult: success)'
22:01:03.564 [DEBUG] i.g.h.c.i.HttpAppHandler - Read msg='EmptyLastHttpContent'
22:01:03.565 [TRACE] i.g.h.e.r.DefaultStatsProcessor - 
>>>>>>>>>>>>>>>>>>>>>>>>>>
Request:
simple_cpu_burn: OK 
=========================
Session:
Session(Acceptance test,89,1580331663551,Map(gatling.http.ssl.sslContexts -> SslContexts(io.netty.handler.ssl.JdkSslContext@4a02f1db,None), gatling.http.cache.dns -> io.gatling.http.cache.DnsCacheSupport$$anon$1@5898ac4b, gatling.http.cache.baseUrl -> http://localhost:8080),0,OK,List(),io.gatling.core.protocol.ProtocolComponentsRegistry$$Lambda$598/0x000000084055d840@452b12e)
=========================
HTTP request:
GET http://localhost:8080/cpu/magic-identity-check?matrixSize=133
headers=
Accept: */*
Content-Type: application/json;charset=UTF-8
Accept-Language: en-US,en;q=0.8,nl;q=0.6
User-Agent: Mozilla/5.0 (Windows NT 6.1; WOW64) AppleWebKit/537.36 (KHTML, like Gecko) Chrome/38.0.2125.111 Safari/537.36
accept-encoding: gzip,deflate,sdch
host: localhost:8080
=========================
HTTP response:
status=
200 
headers= 
Content-Type: application/json;charset=UTF-8
Transfer-Encoding: chunked
Date: Wed, 29 Jan 2020 21:01:03 GMT

body=
{"message":"A simple magic square multiplied by an identity square of size [133] [is equal] to the magic square.","name":"Simple-PropertiesFileName","durationInMillis":9}
<<<<<<<<<<<<<<<<<<<<<<<<<
22:01:03.565 [DEBUG] i.g.c.a.Pause - Pausing for 547ms (real=546ms)
22:01:03.582 [DEBUG] i.g.h.e.t.HttpTxExecutor - Sending request=upload-file uri=http://localhost:8080/files/upload: scenario=Acceptance test, userId=85
22:01:03.583 [DEBUG] i.g.h.c.i.HttpAppHandler - Write request WritableRequest{request=DefaultHttpRequest(decodeResult: success, version: HTTP/1.1)
POST /files/upload HTTP/1.1
Accept: */*
Accept-Language: en-US,en;q=0.8,nl;q=0.6
User-Agent: Mozilla/5.0 (Windows NT 6.1; WOW64) AppleWebKit/537.36 (KHTML, like Gecko) Chrome/38.0.2125.111 Safari/537.36
accept-encoding: gzip,deflate,sdch
host: localhost:8080
content-type: multipart/form-data; boundary=asTQJtLv6s2QKv1dO1GW9ElDH_PFh5UEpdC
content-length: 220, content=io.gatling.http.client.body.multipart.impl.MultipartFileRegion@4efebf92}
22:01:03.586 [DEBUG] i.g.h.c.i.HttpAppHandler - Read msg='DefaultHttpResponse(decodeResult: success, version: HTTP/1.1)
HTTP/1.1 200 
Content-Type: text/plain;charset=UTF-8
Content-Length: 62
Date: Wed, 29 Jan 2020 21:01:03 GMT'
22:01:03.586 [DEBUG] i.g.h.c.i.HttpAppHandler - Read msg='DefaultLastHttpContent(data: PooledSlicedByteBuf(ridx: 0, widx: 62, cap: 62/62, unwrapped: PooledUnsafeDirectByteBuf(ridx: 176, widx: 176, cap: 496)), decoderResult: success)'
22:01:03.586 [TRACE] i.g.h.e.r.DefaultStatsProcessor - 
>>>>>>>>>>>>>>>>>>>>>>>>>>
Request:
upload-file: OK 
=========================
Session:
Session(Acceptance test,85,1580331661551,Map(gatling.http.ssl.sslContexts -> SslContexts(io.netty.handler.ssl.JdkSslContext@122e1198,None), gatling.http.cache.dns -> io.gatling.http.cache.DnsCacheSupport$$anon$1@5898ac4b, gatling.http.cache.baseUrl -> http://localhost:8080),25,OK,List(),io.gatling.core.protocol.ProtocolComponentsRegistry$$Lambda$598/0x000000084055d840@452b12e)
=========================
HTTP request:
POST http://localhost:8080/files/upload
headers=
Accept: */*
Accept-Language: en-US,en;q=0.8,nl;q=0.6
User-Agent: Mozilla/5.0 (Windows NT 6.1; WOW64) AppleWebKit/537.36 (KHTML, like Gecko) Chrome/38.0.2125.111 Safari/537.36
accept-encoding: gzip,deflate,sdch
host: localhost:8080
content-type: multipart/form-data; boundary=asTQJtLv6s2QKv1dO1GW9ElDH_PFh5UEpdC
content-length: 220
multipartBody=
ByteArrayPart: name=upload contentType=text/plain dispositionType=null charset=UTF-8 transferEncoding=null contentId=null filename=gatling-upload.txt
=========================
HTTP response:
status=
200 
headers= 
Content-Type: text/plain;charset=UTF-8
Content-Length: 62
Date: Wed, 29 Jan 2020 21:01:03 GMT

body=
File upload succeeded [gatling-upload.txt] of size [17] bytes.
<<<<<<<<<<<<<<<<<<<<<<<<<
22:01:03.586 [DEBUG] i.g.c.a.Exit - End user #85
22:01:03.587 [DEBUG] i.g.c.c.i.Injector - End user #85
22:01:03.742 [DEBUG] i.g.h.e.t.HttpTxExecutor - Sending request=simple_mini_leak uri=http://localhost:8080/memory/grow?objects=8&items=54: scenario=Acceptance test, userId=71
22:01:03.742 [DEBUG] i.g.h.c.i.HttpAppHandler - Write request WritableRequest{request=DefaultFullHttpRequest(decodeResult: success, version: HTTP/1.1, content: UnpooledByteBufAllocator$InstrumentedUnpooledUnsafeHeapByteBuf(ridx: 0, widx: 0, cap: 0))
GET /memory/grow?objects=8&items=54 HTTP/1.1
Accept: */*
Content-Type: application/json;charset=UTF-8
Accept-Language: en-US,en;q=0.8,nl;q=0.6
User-Agent: Mozilla/5.0 (Windows NT 6.1; WOW64) AppleWebKit/537.36 (KHTML, like Gecko) Chrome/38.0.2125.111 Safari/537.36
accept-encoding: gzip,deflate,sdch
host: localhost:8080, content=null}
22:01:03.750 [DEBUG] i.g.h.c.i.HttpAppHandler - Read msg='DefaultHttpResponse(decodeResult: success, version: HTTP/1.1)
HTTP/1.1 200 
Content-Type: application/json;charset=UTF-8
Transfer-Encoding: chunked
Date: Wed, 29 Jan 2020 21:01:03 GMT'
22:01:03.750 [DEBUG] i.g.h.c.i.HttpAppHandler - Read msg='DefaultHttpContent(data: PooledSlicedByteBuf(ridx: 0, widx: 144, cap: 144/144, unwrapped: PooledUnsafeDirectByteBuf(ridx: 278, widx: 283, cap: 512)), decoderResult: success)'
22:01:03.750 [DEBUG] i.g.h.c.i.HttpAppHandler - Read msg='EmptyLastHttpContent'
22:01:03.750 [TRACE] i.g.h.e.r.DefaultStatsProcessor - 
>>>>>>>>>>>>>>>>>>>>>>>>>>
Request:
simple_mini_leak: OK 
=========================
Session:
Session(Acceptance test,71,1580331654552,Map(gatling.http.ssl.sslContexts -> SslContexts(io.netty.handler.ssl.JdkSslContext@5e2a82e1,None), gatling.http.cache.dns -> io.gatling.http.cache.DnsCacheSupport$$anon$1@5898ac4b, gatling.http.cache.baseUrl -> http://localhost:8080),20,OK,List(),io.gatling.core.protocol.ProtocolComponentsRegistry$$Lambda$598/0x000000084055d840@452b12e)
=========================
HTTP request:
GET http://localhost:8080/memory/grow?objects=8&items=54
headers=
Accept: */*
Content-Type: application/json;charset=UTF-8
Accept-Language: en-US,en;q=0.8,nl;q=0.6
User-Agent: Mozilla/5.0 (Windows NT 6.1; WOW64) AppleWebKit/537.36 (KHTML, like Gecko) Chrome/38.0.2125.111 Safari/537.36
accept-encoding: gzip,deflate,sdch
host: localhost:8080
=========================
HTTP response:
status=
200 
headers= 
Content-Type: application/json;charset=UTF-8
Transfer-Encoding: chunked
Date: Wed, 29 Jan 2020 21:01:03 GMT

body=
{"message":"Size of BigFatBastard list is now 11640 objects. It contains 628560 items.","name":"Simple-PropertiesFileName","durationInMillis":5}
<<<<<<<<<<<<<<<<<<<<<<<<<
22:01:03.751 [DEBUG] i.g.c.a.Pause - Pausing for 2033ms (real=2012ms)
22:01:03.762 [DEBUG] i.g.h.e.t.HttpTxExecutor - Sending request=upload-file uri=http://localhost:8080/files/upload: scenario=Acceptance test, userId=56
22:01:03.762 [DEBUG] i.g.h.c.i.HttpAppHandler - Write request WritableRequest{request=DefaultHttpRequest(decodeResult: success, version: HTTP/1.1)
POST /files/upload HTTP/1.1
Accept: */*
Accept-Language: en-US,en;q=0.8,nl;q=0.6
User-Agent: Mozilla/5.0 (Windows NT 6.1; WOW64) AppleWebKit/537.36 (KHTML, like Gecko) Chrome/38.0.2125.111 Safari/537.36
accept-encoding: gzip,deflate,sdch
host: localhost:8080
content-type: multipart/form-data; boundary=c9pDJnuWNtEleyyq3lvppLwfTwU-kmpiw3p
content-length: 220, content=io.gatling.http.client.body.multipart.impl.MultipartFileRegion@40d372c9}
22:01:03.765 [DEBUG] i.g.h.c.i.HttpAppHandler - Read msg='DefaultHttpResponse(decodeResult: success, version: HTTP/1.1)
HTTP/1.1 200 
Content-Type: text/plain;charset=UTF-8
Content-Length: 62
Date: Wed, 29 Jan 2020 21:01:03 GMT'
22:01:03.765 [DEBUG] i.g.h.c.i.HttpAppHandler - Read msg='DefaultLastHttpContent(data: PooledSlicedByteBuf(ridx: 0, widx: 62, cap: 62/62, unwrapped: PooledUnsafeDirectByteBuf(ridx: 176, widx: 176, cap: 496)), decoderResult: success)'
22:01:03.766 [TRACE] i.g.h.e.r.DefaultStatsProcessor - 
>>>>>>>>>>>>>>>>>>>>>>>>>>
Request:
upload-file: OK 
=========================
Session:
Session(Acceptance test,56,1580331645552,Map(gatling.http.ssl.sslContexts -> SslContexts(io.netty.handler.ssl.JdkSslContext@1a575398,None), gatling.http.cache.dns -> io.gatling.http.cache.DnsCacheSupport$$anon$1@5898ac4b, gatling.http.cache.baseUrl -> http://localhost:8080),19,OK,List(),io.gatling.core.protocol.ProtocolComponentsRegistry$$Lambda$598/0x000000084055d840@452b12e)
=========================
HTTP request:
POST http://localhost:8080/files/upload
headers=
Accept: */*
Accept-Language: en-US,en;q=0.8,nl;q=0.6
User-Agent: Mozilla/5.0 (Windows NT 6.1; WOW64) AppleWebKit/537.36 (KHTML, like Gecko) Chrome/38.0.2125.111 Safari/537.36
accept-encoding: gzip,deflate,sdch
host: localhost:8080
content-type: multipart/form-data; boundary=c9pDJnuWNtEleyyq3lvppLwfTwU-kmpiw3p
content-length: 220
multipartBody=
ByteArrayPart: name=upload contentType=text/plain dispositionType=null charset=UTF-8 transferEncoding=null contentId=null filename=gatling-upload.txt
=========================
HTTP response:
status=
200 
headers= 
Content-Type: text/plain;charset=UTF-8
Content-Length: 62
Date: Wed, 29 Jan 2020 21:01:03 GMT

body=
File upload succeeded [gatling-upload.txt] of size [17] bytes.
<<<<<<<<<<<<<<<<<<<<<<<<<
22:01:03.766 [DEBUG] i.g.c.a.Exit - End user #56
22:01:03.766 [DEBUG] i.g.c.c.i.Injector - End user #56
22:01:03.782 [DEBUG] i.g.h.e.t.HttpTxExecutor - Sending request=simple_mini_leak uri=http://localhost:8080/memory/grow?objects=8&items=54: scenario=Acceptance test, userId=62
22:01:03.782 [DEBUG] i.g.h.c.i.HttpAppHandler - Write request WritableRequest{request=DefaultFullHttpRequest(decodeResult: success, version: HTTP/1.1, content: UnpooledByteBufAllocator$InstrumentedUnpooledUnsafeHeapByteBuf(ridx: 0, widx: 0, cap: 0))
GET /memory/grow?objects=8&items=54 HTTP/1.1
Accept: */*
Content-Type: application/json;charset=UTF-8
Accept-Language: en-US,en;q=0.8,nl;q=0.6
User-Agent: Mozilla/5.0 (Windows NT 6.1; WOW64) AppleWebKit/537.36 (KHTML, like Gecko) Chrome/38.0.2125.111 Safari/537.36
accept-encoding: gzip,deflate,sdch
host: localhost:8080, content=null}
22:01:03.789 [DEBUG] i.g.h.c.i.HttpAppHandler - Read msg='DefaultHttpResponse(decodeResult: success, version: HTTP/1.1)
HTTP/1.1 200 
Content-Type: application/json;charset=UTF-8
Transfer-Encoding: chunked
Date: Wed, 29 Jan 2020 21:01:03 GMT'
22:01:03.789 [DEBUG] i.g.h.c.i.HttpAppHandler - Read msg='DefaultHttpContent(data: PooledSlicedByteBuf(ridx: 0, widx: 144, cap: 144/144, unwrapped: PooledUnsafeDirectByteBuf(ridx: 278, widx: 283, cap: 496)), decoderResult: success)'
22:01:03.789 [DEBUG] i.g.h.c.i.HttpAppHandler - Read msg='EmptyLastHttpContent'
22:01:03.790 [TRACE] i.g.h.e.r.DefaultStatsProcessor - 
>>>>>>>>>>>>>>>>>>>>>>>>>>
Request:
simple_mini_leak: OK 
=========================
Session:
Session(Acceptance test,62,1580331649552,Map(gatling.http.ssl.sslContexts -> SslContexts(io.netty.handler.ssl.JdkSslContext@666e4ed0,None), gatling.http.cache.dns -> io.gatling.http.cache.DnsCacheSupport$$anon$1@5898ac4b, gatling.http.cache.baseUrl -> http://localhost:8080),11,OK,List(),io.gatling.core.protocol.ProtocolComponentsRegistry$$Lambda$598/0x000000084055d840@452b12e)
=========================
HTTP request:
GET http://localhost:8080/memory/grow?objects=8&items=54
headers=
Accept: */*
Content-Type: application/json;charset=UTF-8
Accept-Language: en-US,en;q=0.8,nl;q=0.6
User-Agent: Mozilla/5.0 (Windows NT 6.1; WOW64) AppleWebKit/537.36 (KHTML, like Gecko) Chrome/38.0.2125.111 Safari/537.36
accept-encoding: gzip,deflate,sdch
host: localhost:8080
=========================
HTTP response:
status=
200 
headers= 
Content-Type: application/json;charset=UTF-8
Transfer-Encoding: chunked
Date: Wed, 29 Jan 2020 21:01:03 GMT

body=
{"message":"Size of BigFatBastard list is now 11648 objects. It contains 628992 items.","name":"Simple-PropertiesFileName","durationInMillis":5}
<<<<<<<<<<<<<<<<<<<<<<<<<
22:01:03.790 [DEBUG] i.g.c.a.Pause - Pausing for 2260ms (real=2248ms)
22:01:04.052 [DEBUG] i.g.h.e.t.HttpTxExecutor - Sending request=simple_cpu_burn uri=http://localhost:8080/cpu/magic-identity-check?matrixSize=133: scenario=Acceptance test, userId=90
22:01:04.053 [DEBUG] i.g.c.c.i.o.OpenWorkload - Start user #90
22:01:04.054 [DEBUG] i.g.h.c.i.HttpAppHandler - Write request WritableRequest{request=DefaultFullHttpRequest(decodeResult: success, version: HTTP/1.1, content: UnpooledByteBufAllocator$InstrumentedUnpooledUnsafeHeapByteBuf(ridx: 0, widx: 0, cap: 0))
GET /cpu/magic-identity-check?matrixSize=133 HTTP/1.1
Accept: */*
Content-Type: application/json;charset=UTF-8
Accept-Language: en-US,en;q=0.8,nl;q=0.6
User-Agent: Mozilla/5.0 (Windows NT 6.1; WOW64) AppleWebKit/537.36 (KHTML, like Gecko) Chrome/38.0.2125.111 Safari/537.36
accept-encoding: gzip,deflate,sdch
host: localhost:8080, content=null}
22:01:04.064 [DEBUG] i.g.h.c.i.HttpAppHandler - Read msg='DefaultHttpResponse(decodeResult: success, version: HTTP/1.1)
HTTP/1.1 200 
Content-Type: application/json;charset=UTF-8
Transfer-Encoding: chunked
Date: Wed, 29 Jan 2020 21:01:03 GMT'
22:01:04.064 [DEBUG] i.g.h.c.i.HttpAppHandler - Read msg='DefaultHttpContent(data: PooledSlicedByteBuf(ridx: 0, widx: 170, cap: 170/170, unwrapped: PooledUnsafeDirectByteBuf(ridx: 304, widx: 309, cap: 1024)), decoderResult: success)'
22:01:04.065 [DEBUG] i.g.h.c.i.HttpAppHandler - Read msg='EmptyLastHttpContent'
22:01:04.065 [TRACE] i.g.h.e.r.DefaultStatsProcessor - 
>>>>>>>>>>>>>>>>>>>>>>>>>>
Request:
simple_cpu_burn: OK 
=========================
Session:
Session(Acceptance test,90,1580331664052,Map(gatling.http.ssl.sslContexts -> SslContexts(io.netty.handler.ssl.JdkSslContext@40aa6484,None), gatling.http.cache.dns -> io.gatling.http.cache.DnsCacheSupport$$anon$1@5898ac4b, gatling.http.cache.baseUrl -> http://localhost:8080),0,OK,List(),io.gatling.core.protocol.ProtocolComponentsRegistry$$Lambda$598/0x000000084055d840@452b12e)
=========================
HTTP request:
GET http://localhost:8080/cpu/magic-identity-check?matrixSize=133
headers=
Accept: */*
Content-Type: application/json;charset=UTF-8
Accept-Language: en-US,en;q=0.8,nl;q=0.6
User-Agent: Mozilla/5.0 (Windows NT 6.1; WOW64) AppleWebKit/537.36 (KHTML, like Gecko) Chrome/38.0.2125.111 Safari/537.36
accept-encoding: gzip,deflate,sdch
host: localhost:8080
=========================
HTTP response:
status=
200 
headers= 
Content-Type: application/json;charset=UTF-8
Transfer-Encoding: chunked
Date: Wed, 29 Jan 2020 21:01:03 GMT

body=
{"message":"A simple magic square multiplied by an identity square of size [133] [is equal] to the magic square.","name":"Simple-PropertiesFileName","durationInMillis":9}
<<<<<<<<<<<<<<<<<<<<<<<<<
22:01:04.065 [DEBUG] i.g.c.a.Pause - Pausing for 8908ms (real=8908ms)
22:01:04.132 [DEBUG] i.g.h.e.t.HttpTxExecutor - Sending request=simple_delay uri=http://localhost:8080/delay?duration=555: scenario=Acceptance test, userId=89
22:01:04.132 [DEBUG] i.g.h.c.i.HttpAppHandler - Write request WritableRequest{request=DefaultFullHttpRequest(decodeResult: success, version: HTTP/1.1, content: UnpooledByteBufAllocator$InstrumentedUnpooledUnsafeHeapByteBuf(ridx: 0, widx: 0, cap: 0))
GET /delay?duration=555 HTTP/1.1
Accept: */*
Content-Type: application/json;charset=UTF-8
Accept-Language: en-US,en;q=0.8,nl;q=0.6
User-Agent: Mozilla/5.0 (Windows NT 6.1; WOW64) AppleWebKit/537.36 (KHTML, like Gecko) Chrome/38.0.2125.111 Safari/537.36
accept-encoding: gzip,deflate,sdch
host: localhost:8080, content=null}
22:01:04.162 [DEBUG] i.g.h.e.t.HttpTxExecutor - Sending request=upload-file uri=http://localhost:8080/files/upload: scenario=Acceptance test, userId=69
22:01:04.162 [DEBUG] i.g.h.c.i.HttpAppHandler - Write request WritableRequest{request=DefaultHttpRequest(decodeResult: success, version: HTTP/1.1)
POST /files/upload HTTP/1.1
Accept: */*
Accept-Language: en-US,en;q=0.8,nl;q=0.6
User-Agent: Mozilla/5.0 (Windows NT 6.1; WOW64) AppleWebKit/537.36 (KHTML, like Gecko) Chrome/38.0.2125.111 Safari/537.36
accept-encoding: gzip,deflate,sdch
host: localhost:8080
content-type: multipart/form-data; boundary=qcqxuzHcstMaJZGpvRekHP09Uuu3w4gMwUp
content-length: 220, content=io.gatling.http.client.body.multipart.impl.MultipartFileRegion@fb16cbd}
22:01:04.165 [DEBUG] i.g.h.c.i.HttpAppHandler - Read msg='DefaultHttpResponse(decodeResult: success, version: HTTP/1.1)
HTTP/1.1 200 
Content-Type: text/plain;charset=UTF-8
Content-Length: 62
Date: Wed, 29 Jan 2020 21:01:03 GMT'
22:01:04.165 [DEBUG] i.g.h.c.i.HttpAppHandler - Read msg='DefaultLastHttpContent(data: PooledSlicedByteBuf(ridx: 0, widx: 62, cap: 62/62, unwrapped: PooledUnsafeDirectByteBuf(ridx: 176, widx: 176, cap: 496)), decoderResult: success)'
22:01:04.166 [TRACE] i.g.h.e.r.DefaultStatsProcessor - 
>>>>>>>>>>>>>>>>>>>>>>>>>>
Request:
upload-file: OK 
=========================
Session:
Session(Acceptance test,69,1580331653051,Map(gatling.http.ssl.sslContexts -> SslContexts(io.netty.handler.ssl.JdkSslContext@2effbc63,None), gatling.http.cache.dns -> io.gatling.http.cache.DnsCacheSupport$$anon$1@5898ac4b, gatling.http.cache.baseUrl -> http://localhost:8080),22,OK,List(),io.gatling.core.protocol.ProtocolComponentsRegistry$$Lambda$598/0x000000084055d840@452b12e)
=========================
HTTP request:
POST http://localhost:8080/files/upload
headers=
Accept: */*
Accept-Language: en-US,en;q=0.8,nl;q=0.6
User-Agent: Mozilla/5.0 (Windows NT 6.1; WOW64) AppleWebKit/537.36 (KHTML, like Gecko) Chrome/38.0.2125.111 Safari/537.36
accept-encoding: gzip,deflate,sdch
host: localhost:8080
content-type: multipart/form-data; boundary=qcqxuzHcstMaJZGpvRekHP09Uuu3w4gMwUp
content-length: 220
multipartBody=
ByteArrayPart: name=upload contentType=text/plain dispositionType=null charset=UTF-8 transferEncoding=null contentId=null filename=gatling-upload.txt
=========================
HTTP response:
status=
200 
headers= 
Content-Type: text/plain;charset=UTF-8
Content-Length: 62
Date: Wed, 29 Jan 2020 21:01:03 GMT

body=
File upload succeeded [gatling-upload.txt] of size [17] bytes.
<<<<<<<<<<<<<<<<<<<<<<<<<
22:01:04.166 [DEBUG] i.g.c.a.Exit - End user #69
22:01:04.167 [DEBUG] i.g.c.c.i.Injector - End user #69

================================================================================
2020-01-29 22:01:04                                          60s elapsed
---- Requests ------------------------------------------------------------------
> Global                                                   (OK=321    KO=1     )
> simple_cpu_burn                                          (OK=90     KO=0     )
> simple_delay                                             (OK=82     KO=0     )
> simple_mini_leak                                         (OK=77     KO=1     )
> upload-file                                              (OK=72     KO=0     )
---- Errors --------------------------------------------------------------------
> status.find.is(200), but actually found 500                         1 (100.0%)

---- Acceptance test -----------------------------------------------------------
[#######--                                                                 ] 10%
          waiting: 600    / active: 18     / done: 72    
================================================================================

22:01:04.175 [DEBUG] i.g.g.m.GraphiteMetrics$ - GraphiteMetrics=gatling2.BurnAfter.acc.afterburner.users.allUsers.active 37 1580331664
gatling2.BurnAfter.acc.afterburner.users.allUsers.waiting 600 1580331664
gatling2.BurnAfter.acc.afterburner.users.allUsers.done 72 1580331664
gatling2.BurnAfter.acc.afterburner.users.Acceptance_test.active 37 1580331664
gatling2.BurnAfter.acc.afterburner.users.Acceptance_test.waiting 600 1580331664
gatling2.BurnAfter.acc.afterburner.users.Acceptance_test.done 72 1580331664
gatling2.BurnAfter.acc.afterburner.simple_delay.ok.count 19 1580331664
gatling2.BurnAfter.acc.afterburner.simple_delay.ok.min 556 1580331664
gatling2.BurnAfter.acc.afterburner.simple_delay.ok.max 559 1580331664
gatling2.BurnAfter.acc.afterburner.simple_delay.ok.mean 558 1580331664
gatling2.BurnAfter.acc.afterburner.simple_delay.ok.stdDev 0 1580331664
gatling2.BurnAfter.acc.afterburner.simple_delay.ok.percentiles50 559 1580331664
gatling2.BurnAfter.acc.afterburner.simple_delay.ok.percentiles75 559 1580331664
gatling2.BurnAfter.acc.afterburner.simple_delay.ok.percentiles95 559 1580331664
gatling2.BurnAfter.acc.afterburner.simple_delay.ok.percentiles99 559 1580331664
gatling2.BurnAfter.acc.afterburner.simple_delay.ko.count 0 1580331664
gatling2.BurnAfter.acc.afterburner.simple_delay.all.count 19 1580331664
gatling2.BurnAfter.acc.afterburner.simple_delay.all.min 556 1580331664
gatling2.BurnAfter.acc.afterburner.simple_delay.all.max 559 1580331664
gatling2.BurnAfter.acc.afterburner.simple_delay.all.mean 558 1580331664
gatling2.BurnAfter.acc.afterburner.simple_delay.all.stdDev 0 1580331664
gatling2.BurnAfter.acc.afterburner.simple_delay.all.percentiles50 559 1580331664
gatling2.BurnAfter.acc.afterburner.simple_delay.all.percentiles75 559 1580331664
gatling2.BurnAfter.acc.afterburner.simple_delay.all.percentiles95 559 1580331664
gatling2.BurnAfter.acc.afterburner.simple_delay.all.percentiles99 559 1580331664
gatling2.BurnAfter.acc.afterburner.upload-file.ok.count 19 1580331664
gatling2.BurnAfter.acc.afterburner.upload-file.ok.min 2 1580331664
gatling2.BurnAfter.acc.afterburner.upload-file.ok.max 4 1580331664
gatling2.BurnAfter.acc.afterburner.upload-file.ok.mean 3 1580331664
gatling2.BurnAfter.acc.afterburner.upload-file.ok.stdDev 0 1580331664
gatling2.BurnAfter.acc.afterburner.upload-file.ok.percentiles50 3 1580331664
gatling2.BurnAfter.acc.afterburner.upload-file.ok.percentiles75 4 1580331664
gatling2.BurnAfter.acc.afterburner.upload-file.ok.percentiles95 4 1580331664
gatling2.BurnAfter.acc.afterburner.upload-file.ok.percentiles99 4 1580331664
gatling2.BurnAfter.acc.afterburner.upload-file.ko.count 0 1580331664
gatling2.BurnAfter.acc.afterburner.upload-file.all.count 19 1580331664
gatling2.BurnAfter.acc.afterburner.upload-file.all.min 2 1580331664
gatling2.BurnAfter.acc.afterburner.upload-file.all.max 4 1580331664
gatling2.BurnAfter.acc.afterburner.upload-file.all.mean 3 1580331664
gatling2.BurnAfter.acc.afterburner.upload-file.all.stdDev 0 1580331664
gatling2.BurnAfter.acc.afterburner.upload-file.all.percentiles50 3 1580331664
gatling2.BurnAfter.acc.afterburner.upload-file.all.percentiles75 4 1580331664
gatling2.BurnAfter.acc.afterburner.upload-file.all.percentiles95 4 1580331664
gatling2.BurnAfter.acc.afterburner.upload-file.all.percentiles99 4 1580331664
gatling2.BurnAfter.acc.afterburner.simple_mini_leak.ok.count 18 1580331664
gatling2.BurnAfter.acc.afterburner.simple_mini_leak.ok.min 3 1580331664
gatling2.BurnAfter.acc.afterburner.simple_mini_leak.ok.max 9 1580331664
gatling2.BurnAfter.acc.afterburner.simple_mini_leak.ok.mean 7 1580331664
gatling2.BurnAfter.acc.afterburner.simple_mini_leak.ok.stdDev 1 1580331664
gatling2.BurnAfter.acc.afterburner.simple_mini_leak.ok.percentiles50 7 1580331664
gatling2.BurnAfter.acc.afterburner.simple_mini_leak.ok.percentiles75 8 1580331664
gatling2.BurnAfter.acc.afterburner.simple_mini_leak.ok.percentiles95 9 1580331664
gatling2.BurnAfter.acc.afterburner.simple_mini_leak.ok.percentiles99 9 1580331664
gatling2.BurnAfter.acc.afterburner.simple_mini_leak.ko.count 0 1580331664
gatling2.BurnAfter.acc.afterburner.simple_mini_leak.all.count 18 1580331664
gatling2.BurnAfter.acc.afterburner.simple_mini_leak.all.min 3 1580331664
gatling2.BurnAfter.acc.afterburner.simple_mini_leak.all.max 9 1580331664
gatling2.BurnAfter.acc.afterburner.simple_mini_leak.all.mean 7 1580331664
gatling2.BurnAfter.acc.afterburner.simple_mini_leak.all.stdDev 1 1580331664
gatling2.BurnAfter.acc.afterburner.simple_mini_leak.all.percentiles50 7 1580331664
gatling2.BurnAfter.acc.afterburner.simple_mini_leak.all.percentiles75 8 1580331664
gatling2.BurnAfter.acc.afterburner.simple_mini_leak.all.percentiles95 9 1580331664
gatling2.BurnAfter.acc.afterburner.simple_mini_leak.all.percentiles99 9 1580331664
gatling2.BurnAfter.acc.afterburner.simple_cpu_burn.ok.count 20 1580331664
gatling2.BurnAfter.acc.afterburner.simple_cpu_burn.ok.min 4 1580331664
gatling2.BurnAfter.acc.afterburner.simple_cpu_burn.ok.max 13 1580331664
gatling2.BurnAfter.acc.afterburner.simple_cpu_burn.ok.mean 10 1580331664
gatling2.BurnAfter.acc.afterburner.simple_cpu_burn.ok.stdDev 3 1580331664
gatling2.BurnAfter.acc.afterburner.simple_cpu_burn.ok.percentiles50 12 1580331664
gatling2.BurnAfter.acc.afterburner.simple_cpu_burn.ok.percentiles75 13 1580331664
gatling2.BurnAfter.acc.afterburner.simple_cpu_burn.ok.percentiles95 13 1580331664
gatling2.BurnAfter.acc.afterburner.simple_cpu_burn.ok.percentiles99 13 1580331664
gatling2.BurnAfter.acc.afterburner.simple_cpu_burn.ko.count 0 1580331664
gatling2.BurnAfter.acc.afterburner.simple_cpu_burn.all.count 20 1580331664
gatling2.BurnAfter.acc.afterburner.simple_cpu_burn.all.min 4 1580331664
gatling2.BurnAfter.acc.afterburner.simple_cpu_burn.all.max 13 1580331664
gatling2.BurnAfter.acc.afterburner.simple_cpu_burn.all.mean 10 1580331664
gatling2.BurnAfter.acc.afterburner.simple_cpu_burn.all.stdDev 3 1580331664
gatling2.BurnAfter.acc.afterburner.simple_cpu_burn.all.percentiles50 12 1580331664
gatling2.BurnAfter.acc.afterburner.simple_cpu_burn.all.percentiles75 13 1580331664
gatling2.BurnAfter.acc.afterburner.simple_cpu_burn.all.percentiles95 13 1580331664
gatling2.BurnAfter.acc.afterburner.simple_cpu_burn.all.percentiles99 13 1580331664
gatling2.BurnAfter.acc.afterburner.allRequests.ok.count 76 1580331664
gatling2.BurnAfter.acc.afterburner.allRequests.ok.min 2 1580331664
gatling2.BurnAfter.acc.afterburner.allRequests.ok.max 559 1580331664
gatling2.BurnAfter.acc.afterburner.allRequests.ok.mean 144 1580331664
gatling2.BurnAfter.acc.afterburner.allRequests.ok.stdDev 238 1580331664
gatling2.BurnAfter.acc.afterburner.allRequests.ok.percentiles50 8 1580331664
gatling2.BurnAfter.acc.afterburner.allRequests.ok.percentiles75 13 1580331664
gatling2.BurnAfter.acc.afterburner.allRequests.ok.percentiles95 559 1580331664
gatling2.BurnAfter.acc.afterburner.allRequests.ok.percentiles99 559 1580331664
gatling2.BurnAfter.acc.afterburner.allRequests.ko.count 0 1580331664
gatling2.BurnAfter.acc.afterburner.allRequests.all.count 76 1580331664
gatling2.BurnAfter.acc.afterburner.allRequests.all.min 2 1580331664
gatling2.BurnAfter.acc.afterburner.allRequests.all.max 559 1580331664
gatling2.BurnAfter.acc.afterburner.allRequests.all.mean 144 1580331664
gatling2.BurnAfter.acc.afterburner.allRequests.all.stdDev 238 1580331664
gatling2.BurnAfter.acc.afterburner.allRequests.all.percentiles50 8 1580331664
gatling2.BurnAfter.acc.afterburner.allRequests.all.percentiles75 13 1580331664
gatling2.BurnAfter.acc.afterburner.allRequests.all.percentiles95 559 1580331664
gatling2.BurnAfter.acc.afterburner.allRequests.all.percentiles99 559 1580331664

22:01:04.175 [DEBUG] i.g.g.s.TcpSender - All connection/sending retries have been exhausted, ignore further messages
22:01:04.202 [DEBUG] i.g.h.e.t.HttpTxExecutor - Sending request=upload-file uri=http://localhost:8080/files/upload: scenario=Acceptance test, userId=77
22:01:04.203 [DEBUG] i.g.h.c.i.HttpAppHandler - Write request WritableRequest{request=DefaultHttpRequest(decodeResult: success, version: HTTP/1.1)
POST /files/upload HTTP/1.1
Accept: */*
Accept-Language: en-US,en;q=0.8,nl;q=0.6
User-Agent: Mozilla/5.0 (Windows NT 6.1; WOW64) AppleWebKit/537.36 (KHTML, like Gecko) Chrome/38.0.2125.111 Safari/537.36
accept-encoding: gzip,deflate,sdch
host: localhost:8080
content-type: multipart/form-data; boundary=GVS-DrQa6UQWX8dmVfN9JWGNCE2qxTQD64_
content-length: 220, content=io.gatling.http.client.body.multipart.impl.MultipartFileRegion@2ec2de9a}
22:01:04.206 [DEBUG] i.g.h.c.i.HttpAppHandler - Read msg='DefaultHttpResponse(decodeResult: success, version: HTTP/1.1)
HTTP/1.1 200 
Content-Type: text/plain;charset=UTF-8
Content-Length: 62
Date: Wed, 29 Jan 2020 21:01:03 GMT'
22:01:04.206 [DEBUG] i.g.h.c.i.HttpAppHandler - Read msg='DefaultLastHttpContent(data: PooledSlicedByteBuf(ridx: 0, widx: 62, cap: 62/62, unwrapped: PooledUnsafeDirectByteBuf(ridx: 176, widx: 176, cap: 512)), decoderResult: success)'
22:01:04.207 [TRACE] i.g.h.e.r.DefaultStatsProcessor - 
>>>>>>>>>>>>>>>>>>>>>>>>>>
Request:
upload-file: OK 
=========================
Session:
Session(Acceptance test,77,1580331657551,Map(gatling.http.ssl.sslContexts -> SslContexts(io.netty.handler.ssl.JdkSslContext@9f11197,None), gatling.http.cache.dns -> io.gatling.http.cache.DnsCacheSupport$$anon$1@5898ac4b, gatling.http.cache.baseUrl -> http://localhost:8080),18,OK,List(),io.gatling.core.protocol.ProtocolComponentsRegistry$$Lambda$598/0x000000084055d840@452b12e)
=========================
HTTP request:
POST http://localhost:8080/files/upload
headers=
Accept: */*
Accept-Language: en-US,en;q=0.8,nl;q=0.6
User-Agent: Mozilla/5.0 (Windows NT 6.1; WOW64) AppleWebKit/537.36 (KHTML, like Gecko) Chrome/38.0.2125.111 Safari/537.36
accept-encoding: gzip,deflate,sdch
host: localhost:8080
content-type: multipart/form-data; boundary=GVS-DrQa6UQWX8dmVfN9JWGNCE2qxTQD64_
content-length: 220
multipartBody=
ByteArrayPart: name=upload contentType=text/plain dispositionType=null charset=UTF-8 transferEncoding=null contentId=null filename=gatling-upload.txt
=========================
HTTP response:
status=
200 
headers= 
Content-Type: text/plain;charset=UTF-8
Content-Length: 62
Date: Wed, 29 Jan 2020 21:01:03 GMT

body=
File upload succeeded [gatling-upload.txt] of size [17] bytes.
<<<<<<<<<<<<<<<<<<<<<<<<<
22:01:04.207 [DEBUG] i.g.c.a.Exit - End user #77
22:01:04.207 [DEBUG] i.g.c.c.i.Injector - End user #77
22:01:04.542 [DEBUG] i.g.h.e.t.HttpTxExecutor - Sending request=simple_delay uri=http://localhost:8080/delay?duration=555: scenario=Acceptance test, userId=81
22:01:04.542 [DEBUG] i.g.h.c.i.HttpAppHandler - Write request WritableRequest{request=DefaultFullHttpRequest(decodeResult: success, version: HTTP/1.1, content: UnpooledByteBufAllocator$InstrumentedUnpooledUnsafeHeapByteBuf(ridx: 0, widx: 0, cap: 0))
GET /delay?duration=555 HTTP/1.1
Accept: */*
Content-Type: application/json;charset=UTF-8
Accept-Language: en-US,en;q=0.8,nl;q=0.6
User-Agent: Mozilla/5.0 (Windows NT 6.1; WOW64) AppleWebKit/537.36 (KHTML, like Gecko) Chrome/38.0.2125.111 Safari/537.36
accept-encoding: gzip,deflate,sdch
host: localhost:8080, content=null}
22:01:04.552 [DEBUG] i.g.c.c.i.o.OpenWorkload - Injecting 2 users in scenario Acceptance test, continue=true
22:01:04.552 [DEBUG] i.g.h.e.t.HttpTxExecutor - Sending request=simple_cpu_burn uri=http://localhost:8080/cpu/magic-identity-check?matrixSize=133: scenario=Acceptance test, userId=91
22:01:04.552 [DEBUG] i.g.c.c.i.o.OpenWorkload - Start user #91
22:01:04.552 [DEBUG] i.g.h.c.i.HttpAppHandler - Write request WritableRequest{request=DefaultFullHttpRequest(decodeResult: success, version: HTTP/1.1, content: UnpooledByteBufAllocator$InstrumentedUnpooledUnsafeHeapByteBuf(ridx: 0, widx: 0, cap: 0))
GET /cpu/magic-identity-check?matrixSize=133 HTTP/1.1
Accept: */*
Content-Type: application/json;charset=UTF-8
Accept-Language: en-US,en;q=0.8,nl;q=0.6
User-Agent: Mozilla/5.0 (Windows NT 6.1; WOW64) AppleWebKit/537.36 (KHTML, like Gecko) Chrome/38.0.2125.111 Safari/537.36
accept-encoding: gzip,deflate,sdch
host: localhost:8080, content=null}
22:01:04.555 [DEBUG] i.g.h.c.i.HttpAppHandler - Read msg='DefaultHttpResponse(decodeResult: success, version: HTTP/1.1)
HTTP/1.1 200 
Content-Type: application/json;charset=UTF-8
Transfer-Encoding: chunked
Date: Wed, 29 Jan 2020 21:01:04 GMT'
22:01:04.556 [DEBUG] i.g.h.c.i.HttpAppHandler - Read msg='DefaultHttpContent(data: PooledSlicedByteBuf(ridx: 0, widx: 170, cap: 170/170, unwrapped: PooledUnsafeDirectByteBuf(ridx: 304, widx: 309, cap: 1024)), decoderResult: success)'
22:01:04.556 [DEBUG] i.g.h.c.i.HttpAppHandler - Read msg='EmptyLastHttpContent'
22:01:04.556 [TRACE] i.g.h.e.r.DefaultStatsProcessor - 
>>>>>>>>>>>>>>>>>>>>>>>>>>
Request:
simple_cpu_burn: OK 
=========================
Session:
Session(Acceptance test,91,1580331664551,Map(gatling.http.ssl.sslContexts -> SslContexts(io.netty.handler.ssl.JdkSslContext@703f0f47,None), gatling.http.cache.dns -> io.gatling.http.cache.DnsCacheSupport$$anon$1@5898ac4b, gatling.http.cache.baseUrl -> http://localhost:8080),0,OK,List(),io.gatling.core.protocol.ProtocolComponentsRegistry$$Lambda$598/0x000000084055d840@452b12e)
=========================
HTTP request:
GET http://localhost:8080/cpu/magic-identity-check?matrixSize=133
headers=
Accept: */*
Content-Type: application/json;charset=UTF-8
Accept-Language: en-US,en;q=0.8,nl;q=0.6
User-Agent: Mozilla/5.0 (Windows NT 6.1; WOW64) AppleWebKit/537.36 (KHTML, like Gecko) Chrome/38.0.2125.111 Safari/537.36
accept-encoding: gzip,deflate,sdch
host: localhost:8080
=========================
HTTP response:
status=
200 
headers= 
Content-Type: application/json;charset=UTF-8
Transfer-Encoding: chunked
Date: Wed, 29 Jan 2020 21:01:04 GMT

body=
{"message":"A simple magic square multiplied by an identity square of size [133] [is equal] to the magic square.","name":"Simple-PropertiesFileName","durationInMillis":2}
<<<<<<<<<<<<<<<<<<<<<<<<<
22:01:04.556 [DEBUG] i.g.c.a.Pause - Pausing for 1023ms (real=1023ms)
22:01:04.611 [DEBUG] i.g.h.e.t.HttpTxExecutor - Sending request=simple_delay uri=http://localhost:8080/delay?duration=555: scenario=Acceptance test, userId=74
22:01:04.612 [DEBUG] i.g.h.c.i.HttpAppHandler - Write request WritableRequest{request=DefaultFullHttpRequest(decodeResult: success, version: HTTP/1.1, content: UnpooledByteBufAllocator$InstrumentedUnpooledUnsafeHeapByteBuf(ridx: 0, widx: 0, cap: 0))
GET /delay?duration=555 HTTP/1.1
Accept: */*
Content-Type: application/json;charset=UTF-8
Accept-Language: en-US,en;q=0.8,nl;q=0.6
User-Agent: Mozilla/5.0 (Windows NT 6.1; WOW64) AppleWebKit/537.36 (KHTML, like Gecko) Chrome/38.0.2125.111 Safari/537.36
accept-encoding: gzip,deflate,sdch
host: localhost:8080, content=null}
22:01:04.690 [DEBUG] i.g.h.c.i.HttpAppHandler - Read msg='DefaultHttpResponse(decodeResult: success, version: HTTP/1.1)
HTTP/1.1 200 
Content-Type: application/json;charset=UTF-8
Transfer-Encoding: chunked
Date: Wed, 29 Jan 2020 21:01:04 GMT'
22:01:04.690 [DEBUG] i.g.h.c.i.HttpAppHandler - Read msg='DefaultHttpContent(data: PooledSlicedByteBuf(ridx: 0, widx: 95, cap: 95/95, unwrapped: PooledUnsafeDirectByteBuf(ridx: 229, widx: 234, cap: 1024)), decoderResult: success)'
22:01:04.690 [DEBUG] i.g.h.c.i.HttpAppHandler - Read msg='EmptyLastHttpContent'
22:01:04.691 [TRACE] i.g.h.e.r.DefaultStatsProcessor - 
>>>>>>>>>>>>>>>>>>>>>>>>>>
Request:
simple_delay: OK 
=========================
Session:
Session(Acceptance test,89,1580331663551,Map(gatling.http.ssl.sslContexts -> SslContexts(io.netty.handler.ssl.JdkSslContext@4a02f1db,None), gatling.http.cache.dns -> io.gatling.http.cache.DnsCacheSupport$$anon$1@5898ac4b, gatling.http.cache.baseUrl -> http://localhost:8080),21,OK,List(),io.gatling.core.protocol.ProtocolComponentsRegistry$$Lambda$598/0x000000084055d840@452b12e)
=========================
HTTP request:
GET http://localhost:8080/delay?duration=555
headers=
Accept: */*
Content-Type: application/json;charset=UTF-8
Accept-Language: en-US,en;q=0.8,nl;q=0.6
User-Agent: Mozilla/5.0 (Windows NT 6.1; WOW64) AppleWebKit/537.36 (KHTML, like Gecko) Chrome/38.0.2125.111 Safari/537.36
accept-encoding: gzip,deflate,sdch
host: localhost:8080
=========================
HTTP response:
status=
200 
headers= 
Content-Type: application/json;charset=UTF-8
Transfer-Encoding: chunked
Date: Wed, 29 Jan 2020 21:01:04 GMT

body=
{"message":"This was a delay of 555","name":"Simple-PropertiesFileName","durationInMillis":555}
<<<<<<<<<<<<<<<<<<<<<<<<<
22:01:04.691 [DEBUG] i.g.c.a.Pause - Pausing for 1451ms (real=1429ms)
22:01:04.802 [DEBUG] i.g.h.e.t.HttpTxExecutor - Sending request=simple_delay uri=http://localhost:8080/delay?duration=555: scenario=Acceptance test, userId=88
22:01:04.802 [DEBUG] i.g.h.c.i.HttpAppHandler - Write request WritableRequest{request=DefaultFullHttpRequest(decodeResult: success, version: HTTP/1.1, content: UnpooledByteBufAllocator$InstrumentedUnpooledUnsafeHeapByteBuf(ridx: 0, widx: 0, cap: 0))
GET /delay?duration=555 HTTP/1.1
Accept: */*
Content-Type: application/json;charset=UTF-8
Accept-Language: en-US,en;q=0.8,nl;q=0.6
User-Agent: Mozilla/5.0 (Windows NT 6.1; WOW64) AppleWebKit/537.36 (KHTML, like Gecko) Chrome/38.0.2125.111 Safari/537.36
accept-encoding: gzip,deflate,sdch
host: localhost:8080, content=null}
22:01:05.052 [DEBUG] i.g.h.e.t.HttpTxExecutor - Sending request=simple_cpu_burn uri=http://localhost:8080/cpu/magic-identity-check?matrixSize=133: scenario=Acceptance test, userId=92
22:01:05.053 [DEBUG] i.g.c.c.i.o.OpenWorkload - Start user #92
22:01:05.054 [DEBUG] i.g.h.c.i.HttpAppHandler - Write request WritableRequest{request=DefaultFullHttpRequest(decodeResult: success, version: HTTP/1.1, content: UnpooledByteBufAllocator$InstrumentedUnpooledUnsafeHeapByteBuf(ridx: 0, widx: 0, cap: 0))
GET /cpu/magic-identity-check?matrixSize=133 HTTP/1.1
Accept: */*
Content-Type: application/json;charset=UTF-8
Accept-Language: en-US,en;q=0.8,nl;q=0.6
User-Agent: Mozilla/5.0 (Windows NT 6.1; WOW64) AppleWebKit/537.36 (KHTML, like Gecko) Chrome/38.0.2125.111 Safari/537.36
accept-encoding: gzip,deflate,sdch
host: localhost:8080, content=null}
22:01:05.060 [DEBUG] i.g.h.c.i.HttpAppHandler - Read msg='DefaultHttpResponse(decodeResult: success, version: HTTP/1.1)
HTTP/1.1 200 
Content-Type: application/json;charset=UTF-8
Transfer-Encoding: chunked
Date: Wed, 29 Jan 2020 21:01:04 GMT'
22:01:05.060 [DEBUG] i.g.h.c.i.HttpAppHandler - Read msg='DefaultHttpContent(data: PooledSlicedByteBuf(ridx: 0, widx: 170, cap: 170/170, unwrapped: PooledUnsafeDirectByteBuf(ridx: 304, widx: 309, cap: 1024)), decoderResult: success)'
22:01:05.060 [DEBUG] i.g.h.c.i.HttpAppHandler - Read msg='EmptyLastHttpContent'
22:01:05.060 [TRACE] i.g.h.e.r.DefaultStatsProcessor - 
>>>>>>>>>>>>>>>>>>>>>>>>>>
Request:
simple_cpu_burn: OK 
=========================
Session:
Session(Acceptance test,92,1580331665052,Map(gatling.http.ssl.sslContexts -> SslContexts(io.netty.handler.ssl.JdkSslContext@77ff9f4e,None), gatling.http.cache.dns -> io.gatling.http.cache.DnsCacheSupport$$anon$1@5898ac4b, gatling.http.cache.baseUrl -> http://localhost:8080),0,OK,List(),io.gatling.core.protocol.ProtocolComponentsRegistry$$Lambda$598/0x000000084055d840@452b12e)
=========================
HTTP request:
GET http://localhost:8080/cpu/magic-identity-check?matrixSize=133
headers=
Accept: */*
Content-Type: application/json;charset=UTF-8
Accept-Language: en-US,en;q=0.8,nl;q=0.6
User-Agent: Mozilla/5.0 (Windows NT 6.1; WOW64) AppleWebKit/537.36 (KHTML, like Gecko) Chrome/38.0.2125.111 Safari/537.36
accept-encoding: gzip,deflate,sdch
host: localhost:8080
=========================
HTTP response:
status=
200 
headers= 
Content-Type: application/json;charset=UTF-8
Transfer-Encoding: chunked
Date: Wed, 29 Jan 2020 21:01:04 GMT

body=
{"message":"A simple magic square multiplied by an identity square of size [133] [is equal] to the magic square.","name":"Simple-PropertiesFileName","durationInMillis":3}
<<<<<<<<<<<<<<<<<<<<<<<<<
22:01:05.060 [DEBUG] i.g.c.a.Pause - Pausing for 11797ms (real=11797ms)
22:01:05.099 [DEBUG] i.g.h.c.i.HttpAppHandler - Read msg='DefaultHttpResponse(decodeResult: success, version: HTTP/1.1)
HTTP/1.1 200 
Content-Type: application/json;charset=UTF-8
Transfer-Encoding: chunked
Date: Wed, 29 Jan 2020 21:01:04 GMT'
22:01:05.099 [DEBUG] i.g.h.c.i.HttpAppHandler - Read msg='DefaultHttpContent(data: PooledSlicedByteBuf(ridx: 0, widx: 95, cap: 95/95, unwrapped: PooledUnsafeDirectByteBuf(ridx: 229, widx: 229, cap: 1024)), decoderResult: success)'
22:01:05.100 [DEBUG] i.g.h.c.i.HttpAppHandler - Read msg='EmptyLastHttpContent'
22:01:05.100 [TRACE] i.g.h.e.r.DefaultStatsProcessor - 
>>>>>>>>>>>>>>>>>>>>>>>>>>
Request:
simple_delay: OK 
=========================
Session:
Session(Acceptance test,81,1580331659551,Map(gatling.http.ssl.sslContexts -> SslContexts(io.netty.handler.ssl.JdkSslContext@5f034302,None), gatling.http.cache.dns -> io.gatling.http.cache.DnsCacheSupport$$anon$1@5898ac4b, gatling.http.cache.baseUrl -> http://localhost:8080),20,OK,List(),io.gatling.core.protocol.ProtocolComponentsRegistry$$Lambda$598/0x000000084055d840@452b12e)
=========================
HTTP request:
GET http://localhost:8080/delay?duration=555
headers=
Accept: */*
Content-Type: application/json;charset=UTF-8
Accept-Language: en-US,en;q=0.8,nl;q=0.6
User-Agent: Mozilla/5.0 (Windows NT 6.1; WOW64) AppleWebKit/537.36 (KHTML, like Gecko) Chrome/38.0.2125.111 Safari/537.36
accept-encoding: gzip,deflate,sdch
host: localhost:8080
=========================
HTTP response:
status=
200 
headers= 
Content-Type: application/json;charset=UTF-8
Transfer-Encoding: chunked
Date: Wed, 29 Jan 2020 21:01:04 GMT

body=
{"message":"This was a delay of 555","name":"Simple-PropertiesFileName","durationInMillis":555}
<<<<<<<<<<<<<<<<<<<<<<<<<
22:01:05.100 [DEBUG] i.g.c.a.Pause - Pausing for 4117ms (real=4097ms)
22:01:05.169 [DEBUG] i.g.h.c.i.HttpAppHandler - Read msg='DefaultHttpResponse(decodeResult: success, version: HTTP/1.1)
HTTP/1.1 200 
Content-Type: application/json;charset=UTF-8
Transfer-Encoding: chunked
Date: Wed, 29 Jan 2020 21:01:04 GMT'
22:01:05.169 [DEBUG] i.g.h.c.i.HttpAppHandler - Read msg='DefaultHttpContent(data: PooledSlicedByteBuf(ridx: 0, widx: 95, cap: 95/95, unwrapped: PooledUnsafeDirectByteBuf(ridx: 229, widx: 234, cap: 1024)), decoderResult: success)'
22:01:05.169 [DEBUG] i.g.h.c.i.HttpAppHandler - Read msg='EmptyLastHttpContent'
22:01:05.170 [TRACE] i.g.h.e.r.DefaultStatsProcessor - 
>>>>>>>>>>>>>>>>>>>>>>>>>>
Request:
simple_delay: OK 
=========================
Session:
Session(Acceptance test,74,1580331656052,Map(gatling.http.ssl.sslContexts -> SslContexts(io.netty.handler.ssl.JdkSslContext@19dbf6c8,None), gatling.http.cache.dns -> io.gatling.http.cache.DnsCacheSupport$$anon$1@5898ac4b, gatling.http.cache.baseUrl -> http://localhost:8080),21,OK,List(),io.gatling.core.protocol.ProtocolComponentsRegistry$$Lambda$598/0x000000084055d840@452b12e)
=========================
HTTP request:
GET http://localhost:8080/delay?duration=555
headers=
Accept: */*
Content-Type: application/json;charset=UTF-8
Accept-Language: en-US,en;q=0.8,nl;q=0.6
User-Agent: Mozilla/5.0 (Windows NT 6.1; WOW64) AppleWebKit/537.36 (KHTML, like Gecko) Chrome/38.0.2125.111 Safari/537.36
accept-encoding: gzip,deflate,sdch
host: localhost:8080
=========================
HTTP response:
status=
200 
headers= 
Content-Type: application/json;charset=UTF-8
Transfer-Encoding: chunked
Date: Wed, 29 Jan 2020 21:01:04 GMT

body=
{"message":"This was a delay of 555","name":"Simple-PropertiesFileName","durationInMillis":555}
<<<<<<<<<<<<<<<<<<<<<<<<<
22:01:05.170 [DEBUG] i.g.c.a.Pause - Pausing for 214ms (real=192ms)
22:01:05.360 [DEBUG] i.g.h.c.i.HttpAppHandler - Read msg='DefaultHttpResponse(decodeResult: success, version: HTTP/1.1)
HTTP/1.1 200 
Content-Type: application/json;charset=UTF-8
Transfer-Encoding: chunked
Date: Wed, 29 Jan 2020 21:01:04 GMT'
22:01:05.360 [DEBUG] i.g.h.c.i.HttpAppHandler - Read msg='DefaultHttpContent(data: PooledSlicedByteBuf(ridx: 0, widx: 95, cap: 95/95, unwrapped: PooledUnsafeDirectByteBuf(ridx: 229, widx: 234, cap: 1024)), decoderResult: success)'
22:01:05.360 [DEBUG] i.g.h.c.i.HttpAppHandler - Read msg='EmptyLastHttpContent'
22:01:05.361 [TRACE] i.g.h.e.r.DefaultStatsProcessor - 
>>>>>>>>>>>>>>>>>>>>>>>>>>
Request:
simple_delay: OK 
=========================
Session:
Session(Acceptance test,88,1580331663052,Map(gatling.http.ssl.sslContexts -> SslContexts(io.netty.handler.ssl.JdkSslContext@26328504,None), gatling.http.cache.dns -> io.gatling.http.cache.DnsCacheSupport$$anon$1@5898ac4b, gatling.http.cache.baseUrl -> http://localhost:8080),15,OK,List(),io.gatling.core.protocol.ProtocolComponentsRegistry$$Lambda$598/0x000000084055d840@452b12e)
=========================
HTTP request:
GET http://localhost:8080/delay?duration=555
headers=
Accept: */*
Content-Type: application/json;charset=UTF-8
Accept-Language: en-US,en;q=0.8,nl;q=0.6
User-Agent: Mozilla/5.0 (Windows NT 6.1; WOW64) AppleWebKit/537.36 (KHTML, like Gecko) Chrome/38.0.2125.111 Safari/537.36
accept-encoding: gzip,deflate,sdch
host: localhost:8080
=========================
HTTP response:
status=
200 
headers= 
Content-Type: application/json;charset=UTF-8
Transfer-Encoding: chunked
Date: Wed, 29 Jan 2020 21:01:04 GMT

body=
{"message":"This was a delay of 555","name":"Simple-PropertiesFileName","durationInMillis":555}
<<<<<<<<<<<<<<<<<<<<<<<<<
22:01:05.361 [DEBUG] i.g.c.a.Pause - Pausing for 2934ms (real=2918ms)
22:01:05.381 [DEBUG] i.g.h.e.t.HttpTxExecutor - Sending request=simple_mini_leak uri=http://localhost:8080/memory/grow?objects=8&items=54: scenario=Acceptance test, userId=74
22:01:05.382 [DEBUG] i.g.h.c.i.HttpAppHandler - Write request WritableRequest{request=DefaultFullHttpRequest(decodeResult: success, version: HTTP/1.1, content: UnpooledByteBufAllocator$InstrumentedUnpooledUnsafeHeapByteBuf(ridx: 0, widx: 0, cap: 0))
GET /memory/grow?objects=8&items=54 HTTP/1.1
Accept: */*
Content-Type: application/json;charset=UTF-8
Accept-Language: en-US,en;q=0.8,nl;q=0.6
User-Agent: Mozilla/5.0 (Windows NT 6.1; WOW64) AppleWebKit/537.36 (KHTML, like Gecko) Chrome/38.0.2125.111 Safari/537.36
accept-encoding: gzip,deflate,sdch
host: localhost:8080, content=null}
22:01:05.389 [DEBUG] i.g.h.c.i.HttpAppHandler - Read msg='DefaultHttpResponse(decodeResult: success, version: HTTP/1.1)
HTTP/1.1 200 
Content-Type: application/json;charset=UTF-8
Transfer-Encoding: chunked
Date: Wed, 29 Jan 2020 21:01:04 GMT'
22:01:05.389 [DEBUG] i.g.h.c.i.HttpAppHandler - Read msg='DefaultHttpContent(data: PooledSlicedByteBuf(ridx: 0, widx: 144, cap: 144/144, unwrapped: PooledUnsafeDirectByteBuf(ridx: 278, widx: 283, cap: 512)), decoderResult: success)'
22:01:05.389 [DEBUG] i.g.h.c.i.HttpAppHandler - Read msg='EmptyLastHttpContent'
22:01:05.390 [TRACE] i.g.h.e.r.DefaultStatsProcessor - 
>>>>>>>>>>>>>>>>>>>>>>>>>>
Request:
simple_mini_leak: OK 
=========================
Session:
Session(Acceptance test,74,1580331656052,Map(gatling.http.ssl.sslContexts -> SslContexts(io.netty.handler.ssl.JdkSslContext@19dbf6c8,None), gatling.http.cache.dns -> io.gatling.http.cache.DnsCacheSupport$$anon$1@5898ac4b, gatling.http.cache.baseUrl -> http://localhost:8080),19,OK,List(),io.gatling.core.protocol.ProtocolComponentsRegistry$$Lambda$598/0x000000084055d840@452b12e)
=========================
HTTP request:
GET http://localhost:8080/memory/grow?objects=8&items=54
headers=
Accept: */*
Content-Type: application/json;charset=UTF-8
Accept-Language: en-US,en;q=0.8,nl;q=0.6
User-Agent: Mozilla/5.0 (Windows NT 6.1; WOW64) AppleWebKit/537.36 (KHTML, like Gecko) Chrome/38.0.2125.111 Safari/537.36
accept-encoding: gzip,deflate,sdch
host: localhost:8080
=========================
HTTP response:
status=
200 
headers= 
Content-Type: application/json;charset=UTF-8
Transfer-Encoding: chunked
Date: Wed, 29 Jan 2020 21:01:04 GMT

body=
{"message":"Size of BigFatBastard list is now 11656 objects. It contains 629424 items.","name":"Simple-PropertiesFileName","durationInMillis":5}
<<<<<<<<<<<<<<<<<<<<<<<<<
22:01:05.390 [DEBUG] i.g.c.a.Pause - Pausing for 384ms (real=364ms)
22:01:05.392 [DEBUG] i.g.h.e.t.HttpTxExecutor - Sending request=simple_delay uri=http://localhost:8080/delay?duration=555: scenario=Acceptance test, userId=86
22:01:05.392 [DEBUG] i.g.h.c.i.HttpAppHandler - Write request WritableRequest{request=DefaultFullHttpRequest(decodeResult: success, version: HTTP/1.1, content: UnpooledByteBufAllocator$InstrumentedUnpooledUnsafeHeapByteBuf(ridx: 0, widx: 0, cap: 0))
GET /delay?duration=555 HTTP/1.1
Accept: */*
Content-Type: application/json;charset=UTF-8
Accept-Language: en-US,en;q=0.8,nl;q=0.6
User-Agent: Mozilla/5.0 (Windows NT 6.1; WOW64) AppleWebKit/537.36 (KHTML, like Gecko) Chrome/38.0.2125.111 Safari/537.36
accept-encoding: gzip,deflate,sdch
host: localhost:8080, content=null}
22:01:05.552 [DEBUG] i.g.c.c.i.o.OpenWorkload - Injecting 2 users in scenario Acceptance test, continue=true
22:01:05.552 [DEBUG] i.g.h.e.t.HttpTxExecutor - Sending request=simple_cpu_burn uri=http://localhost:8080/cpu/magic-identity-check?matrixSize=133: scenario=Acceptance test, userId=93
22:01:05.553 [DEBUG] i.g.c.c.i.o.OpenWorkload - Start user #93
22:01:05.554 [DEBUG] i.g.h.c.i.HttpAppHandler - Write request WritableRequest{request=DefaultFullHttpRequest(decodeResult: success, version: HTTP/1.1, content: UnpooledByteBufAllocator$InstrumentedUnpooledUnsafeHeapByteBuf(ridx: 0, widx: 0, cap: 0))
GET /cpu/magic-identity-check?matrixSize=133 HTTP/1.1
Accept: */*
Content-Type: application/json;charset=UTF-8
Accept-Language: en-US,en;q=0.8,nl;q=0.6
User-Agent: Mozilla/5.0 (Windows NT 6.1; WOW64) AppleWebKit/537.36 (KHTML, like Gecko) Chrome/38.0.2125.111 Safari/537.36
accept-encoding: gzip,deflate,sdch
host: localhost:8080, content=null}
22:01:05.565 [DEBUG] i.g.h.c.i.HttpAppHandler - Read msg='DefaultHttpResponse(decodeResult: success, version: HTTP/1.1)
HTTP/1.1 200 
Content-Type: application/json;charset=UTF-8
Transfer-Encoding: chunked
Date: Wed, 29 Jan 2020 21:01:05 GMT'
22:01:05.565 [DEBUG] i.g.h.c.i.HttpAppHandler - Read msg='DefaultHttpContent(data: PooledSlicedByteBuf(ridx: 0, widx: 170, cap: 170/170, unwrapped: PooledUnsafeDirectByteBuf(ridx: 304, widx: 309, cap: 1024)), decoderResult: success)'
22:01:05.565 [DEBUG] i.g.h.c.i.HttpAppHandler - Read msg='EmptyLastHttpContent'
22:01:05.565 [TRACE] i.g.h.e.r.DefaultStatsProcessor - 
>>>>>>>>>>>>>>>>>>>>>>>>>>
Request:
simple_cpu_burn: OK 
=========================
Session:
Session(Acceptance test,93,1580331665551,Map(gatling.http.ssl.sslContexts -> SslContexts(io.netty.handler.ssl.JdkSslContext@1eebeb3a,None), gatling.http.cache.dns -> io.gatling.http.cache.DnsCacheSupport$$anon$1@5898ac4b, gatling.http.cache.baseUrl -> http://localhost:8080),0,OK,List(),io.gatling.core.protocol.ProtocolComponentsRegistry$$Lambda$598/0x000000084055d840@452b12e)
=========================
HTTP request:
GET http://localhost:8080/cpu/magic-identity-check?matrixSize=133
headers=
Accept: */*
Content-Type: application/json;charset=UTF-8
Accept-Language: en-US,en;q=0.8,nl;q=0.6
User-Agent: Mozilla/5.0 (Windows NT 6.1; WOW64) AppleWebKit/537.36 (KHTML, like Gecko) Chrome/38.0.2125.111 Safari/537.36
accept-encoding: gzip,deflate,sdch
host: localhost:8080
=========================
HTTP response:
status=
200 
headers= 
Content-Type: application/json;charset=UTF-8
Transfer-Encoding: chunked
Date: Wed, 29 Jan 2020 21:01:05 GMT

body=
{"message":"A simple magic square multiplied by an identity square of size [133] [is equal] to the magic square.","name":"Simple-PropertiesFileName","durationInMillis":8}
<<<<<<<<<<<<<<<<<<<<<<<<<
22:01:05.566 [DEBUG] i.g.c.a.Pause - Pausing for 2597ms (real=2596ms)
22:01:05.601 [DEBUG] i.g.h.e.t.HttpTxExecutor - Sending request=simple_delay uri=http://localhost:8080/delay?duration=555: scenario=Acceptance test, userId=91
22:01:05.601 [DEBUG] i.g.h.c.i.HttpAppHandler - Write request WritableRequest{request=DefaultFullHttpRequest(decodeResult: success, version: HTTP/1.1, content: UnpooledByteBufAllocator$InstrumentedUnpooledUnsafeHeapByteBuf(ridx: 0, widx: 0, cap: 0))
GET /delay?duration=555 HTTP/1.1
Accept: */*
Content-Type: application/json;charset=UTF-8
Accept-Language: en-US,en;q=0.8,nl;q=0.6
User-Agent: Mozilla/5.0 (Windows NT 6.1; WOW64) AppleWebKit/537.36 (KHTML, like Gecko) Chrome/38.0.2125.111 Safari/537.36
accept-encoding: gzip,deflate,sdch
host: localhost:8080, content=null}
22:01:05.742 [DEBUG] i.g.h.e.t.HttpTxExecutor - Sending request=simple_mini_leak uri=http://localhost:8080/memory/grow?objects=8&items=54: scenario=Acceptance test, userId=73
22:01:05.743 [DEBUG] i.g.h.c.i.HttpAppHandler - Write request WritableRequest{request=DefaultFullHttpRequest(decodeResult: success, version: HTTP/1.1, content: UnpooledByteBufAllocator$InstrumentedUnpooledUnsafeHeapByteBuf(ridx: 0, widx: 0, cap: 0))
GET /memory/grow?objects=8&items=54 HTTP/1.1
Accept: */*
Content-Type: application/json;charset=UTF-8
Accept-Language: en-US,en;q=0.8,nl;q=0.6
User-Agent: Mozilla/5.0 (Windows NT 6.1; WOW64) AppleWebKit/537.36 (KHTML, like Gecko) Chrome/38.0.2125.111 Safari/537.36
accept-encoding: gzip,deflate,sdch
host: localhost:8080, content=null}
22:01:05.750 [DEBUG] i.g.h.c.i.HttpAppHandler - Read msg='DefaultHttpResponse(decodeResult: success, version: HTTP/1.1)
HTTP/1.1 200 
Content-Type: application/json;charset=UTF-8
Transfer-Encoding: chunked
Date: Wed, 29 Jan 2020 21:01:05 GMT'
22:01:05.751 [DEBUG] i.g.h.c.i.HttpAppHandler - Read msg='DefaultHttpContent(data: PooledSlicedByteBuf(ridx: 0, widx: 144, cap: 144/144, unwrapped: PooledUnsafeDirectByteBuf(ridx: 278, widx: 283, cap: 496)), decoderResult: success)'
22:01:05.751 [DEBUG] i.g.h.c.i.HttpAppHandler - Read msg='EmptyLastHttpContent'
22:01:05.751 [TRACE] i.g.h.e.r.DefaultStatsProcessor - 
>>>>>>>>>>>>>>>>>>>>>>>>>>
Request:
simple_mini_leak: OK 
=========================
Session:
Session(Acceptance test,73,1580331655551,Map(gatling.http.ssl.sslContexts -> SslContexts(io.netty.handler.ssl.JdkSslContext@60ae79f,None), gatling.http.cache.dns -> io.gatling.http.cache.DnsCacheSupport$$anon$1@5898ac4b, gatling.http.cache.baseUrl -> http://localhost:8080),14,OK,List(),io.gatling.core.protocol.ProtocolComponentsRegistry$$Lambda$598/0x000000084055d840@452b12e)
=========================
HTTP request:
GET http://localhost:8080/memory/grow?objects=8&items=54
headers=
Accept: */*
Content-Type: application/json;charset=UTF-8
Accept-Language: en-US,en;q=0.8,nl;q=0.6
User-Agent: Mozilla/5.0 (Windows NT 6.1; WOW64) AppleWebKit/537.36 (KHTML, like Gecko) Chrome/38.0.2125.111 Safari/537.36
accept-encoding: gzip,deflate,sdch
host: localhost:8080
=========================
HTTP response:
status=
200 
headers= 
Content-Type: application/json;charset=UTF-8
Transfer-Encoding: chunked
Date: Wed, 29 Jan 2020 21:01:05 GMT

body=
{"message":"Size of BigFatBastard list is now 11664 objects. It contains 629856 items.","name":"Simple-PropertiesFileName","durationInMillis":6}
<<<<<<<<<<<<<<<<<<<<<<<<<
22:01:05.752 [DEBUG] i.g.c.a.Pause - Pausing for 1310ms (real=1295ms)
22:01:05.772 [DEBUG] i.g.h.e.t.HttpTxExecutor - Sending request=upload-file uri=http://localhost:8080/files/upload: scenario=Acceptance test, userId=74
22:01:05.772 [DEBUG] i.g.h.c.i.HttpAppHandler - Write request WritableRequest{request=DefaultHttpRequest(decodeResult: success, version: HTTP/1.1)
POST /files/upload HTTP/1.1
Accept: */*
Accept-Language: en-US,en;q=0.8,nl;q=0.6
User-Agent: Mozilla/5.0 (Windows NT 6.1; WOW64) AppleWebKit/537.36 (KHTML, like Gecko) Chrome/38.0.2125.111 Safari/537.36
accept-encoding: gzip,deflate,sdch
host: localhost:8080
content-type: multipart/form-data; boundary=lxUamC_8RvsclFoRfozVnvKLY0QDQ-tWkv5
content-length: 220, content=io.gatling.http.client.body.multipart.impl.MultipartFileRegion@3a6ed45e}
22:01:05.775 [DEBUG] i.g.h.c.i.HttpAppHandler - Read msg='DefaultHttpResponse(decodeResult: success, version: HTTP/1.1)
HTTP/1.1 200 
Content-Type: text/plain;charset=UTF-8
Content-Length: 62
Date: Wed, 29 Jan 2020 21:01:05 GMT'
22:01:05.775 [DEBUG] i.g.h.c.i.HttpAppHandler - Read msg='DefaultLastHttpContent(data: PooledSlicedByteBuf(ridx: 0, widx: 62, cap: 62/62, unwrapped: PooledUnsafeDirectByteBuf(ridx: 176, widx: 176, cap: 512)), decoderResult: success)'
22:01:05.776 [TRACE] i.g.h.e.r.DefaultStatsProcessor - 
>>>>>>>>>>>>>>>>>>>>>>>>>>
Request:
upload-file: OK 
=========================
Session:
Session(Acceptance test,74,1580331656052,Map(gatling.http.ssl.sslContexts -> SslContexts(io.netty.handler.ssl.JdkSslContext@19dbf6c8,None), gatling.http.cache.dns -> io.gatling.http.cache.DnsCacheSupport$$anon$1@5898ac4b, gatling.http.cache.baseUrl -> http://localhost:8080),17,OK,List(),io.gatling.core.protocol.ProtocolComponentsRegistry$$Lambda$598/0x000000084055d840@452b12e)
=========================
HTTP request:
POST http://localhost:8080/files/upload
headers=
Accept: */*
Accept-Language: en-US,en;q=0.8,nl;q=0.6
User-Agent: Mozilla/5.0 (Windows NT 6.1; WOW64) AppleWebKit/537.36 (KHTML, like Gecko) Chrome/38.0.2125.111 Safari/537.36
accept-encoding: gzip,deflate,sdch
host: localhost:8080
content-type: multipart/form-data; boundary=lxUamC_8RvsclFoRfozVnvKLY0QDQ-tWkv5
content-length: 220
multipartBody=
ByteArrayPart: name=upload contentType=text/plain dispositionType=null charset=UTF-8 transferEncoding=null contentId=null filename=gatling-upload.txt
=========================
HTTP response:
status=
200 
headers= 
Content-Type: text/plain;charset=UTF-8
Content-Length: 62
Date: Wed, 29 Jan 2020 21:01:05 GMT

body=
File upload succeeded [gatling-upload.txt] of size [17] bytes.
<<<<<<<<<<<<<<<<<<<<<<<<<
22:01:05.776 [DEBUG] i.g.c.a.Exit - End user #74
22:01:05.776 [DEBUG] i.g.c.c.i.Injector - End user #74
22:01:05.782 [DEBUG] i.g.h.e.t.HttpTxExecutor - Sending request=upload-file uri=http://localhost:8080/files/upload: scenario=Acceptance test, userId=71
22:01:05.782 [DEBUG] i.g.h.c.i.HttpAppHandler - Write request WritableRequest{request=DefaultHttpRequest(decodeResult: success, version: HTTP/1.1)
POST /files/upload HTTP/1.1
Accept: */*
Accept-Language: en-US,en;q=0.8,nl;q=0.6
User-Agent: Mozilla/5.0 (Windows NT 6.1; WOW64) AppleWebKit/537.36 (KHTML, like Gecko) Chrome/38.0.2125.111 Safari/537.36
accept-encoding: gzip,deflate,sdch
host: localhost:8080
content-type: multipart/form-data; boundary=bf0W8CMv6pXtYbVCRjE8ifA7dwxbbyMqniy
content-length: 220, content=io.gatling.http.client.body.multipart.impl.MultipartFileRegion@f05a959}
22:01:05.785 [DEBUG] i.g.h.c.i.HttpAppHandler - Read msg='DefaultHttpResponse(decodeResult: success, version: HTTP/1.1)
HTTP/1.1 200 
Content-Type: text/plain;charset=UTF-8
Content-Length: 62
Date: Wed, 29 Jan 2020 21:01:05 GMT'
22:01:05.785 [DEBUG] i.g.h.c.i.HttpAppHandler - Read msg='DefaultLastHttpContent(data: PooledSlicedByteBuf(ridx: 0, widx: 62, cap: 62/62, unwrapped: PooledUnsafeDirectByteBuf(ridx: 176, widx: 176, cap: 496)), decoderResult: success)'
22:01:05.786 [TRACE] i.g.h.e.r.DefaultStatsProcessor - 
>>>>>>>>>>>>>>>>>>>>>>>>>>
Request:
upload-file: OK 
=========================
Session:
Session(Acceptance test,71,1580331654552,Map(gatling.http.ssl.sslContexts -> SslContexts(io.netty.handler.ssl.JdkSslContext@5e2a82e1,None), gatling.http.cache.dns -> io.gatling.http.cache.DnsCacheSupport$$anon$1@5898ac4b, gatling.http.cache.baseUrl -> http://localhost:8080),18,OK,List(),io.gatling.core.protocol.ProtocolComponentsRegistry$$Lambda$598/0x000000084055d840@452b12e)
=========================
HTTP request:
POST http://localhost:8080/files/upload
headers=
Accept: */*
Accept-Language: en-US,en;q=0.8,nl;q=0.6
User-Agent: Mozilla/5.0 (Windows NT 6.1; WOW64) AppleWebKit/537.36 (KHTML, like Gecko) Chrome/38.0.2125.111 Safari/537.36
accept-encoding: gzip,deflate,sdch
host: localhost:8080
content-type: multipart/form-data; boundary=bf0W8CMv6pXtYbVCRjE8ifA7dwxbbyMqniy
content-length: 220
multipartBody=
ByteArrayPart: name=upload contentType=text/plain dispositionType=null charset=UTF-8 transferEncoding=null contentId=null filename=gatling-upload.txt
=========================
HTTP response:
status=
200 
headers= 
Content-Type: text/plain;charset=UTF-8
Content-Length: 62
Date: Wed, 29 Jan 2020 21:01:05 GMT

body=
File upload succeeded [gatling-upload.txt] of size [17] bytes.
<<<<<<<<<<<<<<<<<<<<<<<<<
22:01:05.786 [DEBUG] i.g.c.a.Exit - End user #71
22:01:05.786 [DEBUG] i.g.c.c.i.Injector - End user #71
22:01:05.949 [DEBUG] i.g.h.c.i.HttpAppHandler - Read msg='DefaultHttpResponse(decodeResult: success, version: HTTP/1.1)
HTTP/1.1 200 
Content-Type: application/json;charset=UTF-8
Transfer-Encoding: chunked
Date: Wed, 29 Jan 2020 21:01:05 GMT'
22:01:05.949 [DEBUG] i.g.h.c.i.HttpAppHandler - Read msg='DefaultHttpContent(data: PooledSlicedByteBuf(ridx: 0, widx: 95, cap: 95/95, unwrapped: PooledUnsafeDirectByteBuf(ridx: 229, widx: 229, cap: 1024)), decoderResult: success)'
22:01:05.949 [DEBUG] i.g.h.c.i.HttpAppHandler - Read msg='EmptyLastHttpContent'
22:01:05.950 [TRACE] i.g.h.e.r.DefaultStatsProcessor - 
>>>>>>>>>>>>>>>>>>>>>>>>>>
Request:
simple_delay: OK 
=========================
Session:
Session(Acceptance test,86,1580331662052,Map(gatling.http.ssl.sslContexts -> SslContexts(io.netty.handler.ssl.JdkSslContext@7bfec96a,None), gatling.http.cache.dns -> io.gatling.http.cache.DnsCacheSupport$$anon$1@5898ac4b, gatling.http.cache.baseUrl -> http://localhost:8080),16,OK,List(),io.gatling.core.protocol.ProtocolComponentsRegistry$$Lambda$598/0x000000084055d840@452b12e)
=========================
HTTP request:
GET http://localhost:8080/delay?duration=555
headers=
Accept: */*
Content-Type: application/json;charset=UTF-8
Accept-Language: en-US,en;q=0.8,nl;q=0.6
User-Agent: Mozilla/5.0 (Windows NT 6.1; WOW64) AppleWebKit/537.36 (KHTML, like Gecko) Chrome/38.0.2125.111 Safari/537.36
accept-encoding: gzip,deflate,sdch
host: localhost:8080
=========================
HTTP response:
status=
200 
headers= 
Content-Type: application/json;charset=UTF-8
Transfer-Encoding: chunked
Date: Wed, 29 Jan 2020 21:01:05 GMT

body=
{"message":"This was a delay of 555","name":"Simple-PropertiesFileName","durationInMillis":555}
<<<<<<<<<<<<<<<<<<<<<<<<<
22:01:05.950 [DEBUG] i.g.c.a.Pause - Pausing for 1260ms (real=1243ms)
22:01:06.052 [DEBUG] i.g.h.e.t.HttpTxExecutor - Sending request=simple_cpu_burn uri=http://localhost:8080/cpu/magic-identity-check?matrixSize=133: scenario=Acceptance test, userId=94
22:01:06.052 [DEBUG] i.g.h.e.t.HttpTxExecutor - Sending request=upload-file uri=http://localhost:8080/files/upload: scenario=Acceptance test, userId=62
22:01:06.052 [DEBUG] i.g.c.c.i.o.OpenWorkload - Start user #94
22:01:06.052 [DEBUG] i.g.h.c.i.HttpAppHandler - Write request WritableRequest{request=DefaultHttpRequest(decodeResult: success, version: HTTP/1.1)
POST /files/upload HTTP/1.1
Accept: */*
Accept-Language: en-US,en;q=0.8,nl;q=0.6
User-Agent: Mozilla/5.0 (Windows NT 6.1; WOW64) AppleWebKit/537.36 (KHTML, like Gecko) Chrome/38.0.2125.111 Safari/537.36
accept-encoding: gzip,deflate,sdch
host: localhost:8080
content-type: multipart/form-data; boundary=-emaZJB3I_9LBbvIU_WyKbqhZzW3o5Y7eiS
content-length: 220, content=io.gatling.http.client.body.multipart.impl.MultipartFileRegion@6ff2000b}
22:01:06.053 [DEBUG] i.g.h.c.i.HttpAppHandler - Write request WritableRequest{request=DefaultFullHttpRequest(decodeResult: success, version: HTTP/1.1, content: UnpooledByteBufAllocator$InstrumentedUnpooledUnsafeHeapByteBuf(ridx: 0, widx: 0, cap: 0))
GET /cpu/magic-identity-check?matrixSize=133 HTTP/1.1
Accept: */*
Content-Type: application/json;charset=UTF-8
Accept-Language: en-US,en;q=0.8,nl;q=0.6
User-Agent: Mozilla/5.0 (Windows NT 6.1; WOW64) AppleWebKit/537.36 (KHTML, like Gecko) Chrome/38.0.2125.111 Safari/537.36
accept-encoding: gzip,deflate,sdch
host: localhost:8080, content=null}
22:01:06.055 [DEBUG] i.g.h.c.i.HttpAppHandler - Read msg='DefaultHttpResponse(decodeResult: success, version: HTTP/1.1)
HTTP/1.1 200 
Content-Type: text/plain;charset=UTF-8
Content-Length: 62
Date: Wed, 29 Jan 2020 21:01:05 GMT'
22:01:06.055 [DEBUG] i.g.h.c.i.HttpAppHandler - Read msg='DefaultLastHttpContent(data: PooledSlicedByteBuf(ridx: 0, widx: 62, cap: 62/62, unwrapped: PooledUnsafeDirectByteBuf(ridx: 176, widx: 176, cap: 496)), decoderResult: success)'
22:01:06.056 [TRACE] i.g.h.e.r.DefaultStatsProcessor - 
>>>>>>>>>>>>>>>>>>>>>>>>>>
Request:
upload-file: OK 
=========================
Session:
Session(Acceptance test,62,1580331649552,Map(gatling.http.ssl.sslContexts -> SslContexts(io.netty.handler.ssl.JdkSslContext@666e4ed0,None), gatling.http.cache.dns -> io.gatling.http.cache.DnsCacheSupport$$anon$1@5898ac4b, gatling.http.cache.baseUrl -> http://localhost:8080),13,OK,List(),io.gatling.core.protocol.ProtocolComponentsRegistry$$Lambda$598/0x000000084055d840@452b12e)
=========================
HTTP request:
POST http://localhost:8080/files/upload
headers=
Accept: */*
Accept-Language: en-US,en;q=0.8,nl;q=0.6
User-Agent: Mozilla/5.0 (Windows NT 6.1; WOW64) AppleWebKit/537.36 (KHTML, like Gecko) Chrome/38.0.2125.111 Safari/537.36
accept-encoding: gzip,deflate,sdch
host: localhost:8080
content-type: multipart/form-data; boundary=-emaZJB3I_9LBbvIU_WyKbqhZzW3o5Y7eiS
content-length: 220
multipartBody=
ByteArrayPart: name=upload contentType=text/plain dispositionType=null charset=UTF-8 transferEncoding=null contentId=null filename=gatling-upload.txt
=========================
HTTP response:
status=
200 
headers= 
Content-Type: text/plain;charset=UTF-8
Content-Length: 62
Date: Wed, 29 Jan 2020 21:01:05 GMT

body=
File upload succeeded [gatling-upload.txt] of size [17] bytes.
<<<<<<<<<<<<<<<<<<<<<<<<<
22:01:06.056 [DEBUG] i.g.c.a.Exit - End user #62
22:01:06.056 [DEBUG] i.g.c.c.i.Injector - End user #62
22:01:06.060 [DEBUG] i.g.h.c.i.HttpAppHandler - Read msg='DefaultHttpResponse(decodeResult: success, version: HTTP/1.1)
HTTP/1.1 200 
Content-Type: application/json;charset=UTF-8
Transfer-Encoding: chunked
Date: Wed, 29 Jan 2020 21:01:05 GMT'
22:01:06.060 [DEBUG] i.g.h.c.i.HttpAppHandler - Read msg='DefaultHttpContent(data: PooledSlicedByteBuf(ridx: 0, widx: 170, cap: 170/170, unwrapped: PooledUnsafeDirectByteBuf(ridx: 304, widx: 304, cap: 1024)), decoderResult: success)'
22:01:06.060 [DEBUG] i.g.h.c.i.HttpAppHandler - Read msg='EmptyLastHttpContent'
22:01:06.060 [TRACE] i.g.h.e.r.DefaultStatsProcessor - 
>>>>>>>>>>>>>>>>>>>>>>>>>>
Request:
simple_cpu_burn: OK 
=========================
Session:
Session(Acceptance test,94,1580331666051,Map(gatling.http.ssl.sslContexts -> SslContexts(io.netty.handler.ssl.JdkSslContext@3a1c757a,None), gatling.http.cache.dns -> io.gatling.http.cache.DnsCacheSupport$$anon$1@5898ac4b, gatling.http.cache.baseUrl -> http://localhost:8080),0,OK,List(),io.gatling.core.protocol.ProtocolComponentsRegistry$$Lambda$598/0x000000084055d840@452b12e)
=========================
HTTP request:
GET http://localhost:8080/cpu/magic-identity-check?matrixSize=133
headers=
Accept: */*
Content-Type: application/json;charset=UTF-8
Accept-Language: en-US,en;q=0.8,nl;q=0.6
User-Agent: Mozilla/5.0 (Windows NT 6.1; WOW64) AppleWebKit/537.36 (KHTML, like Gecko) Chrome/38.0.2125.111 Safari/537.36
accept-encoding: gzip,deflate,sdch
host: localhost:8080
=========================
HTTP response:
status=
200 
headers= 
Content-Type: application/json;charset=UTF-8
Transfer-Encoding: chunked
Date: Wed, 29 Jan 2020 21:01:05 GMT

body=
{"message":"A simple magic square multiplied by an identity square of size [133] [is equal] to the magic square.","name":"Simple-PropertiesFileName","durationInMillis":5}
<<<<<<<<<<<<<<<<<<<<<<<<<
22:01:06.060 [DEBUG] i.g.c.a.Pause - Pausing for 752ms (real=752ms)
22:01:06.131 [DEBUG] i.g.h.e.t.HttpTxExecutor - Sending request=simple_mini_leak uri=http://localhost:8080/memory/grow?objects=8&items=54: scenario=Acceptance test, userId=89
22:01:06.132 [DEBUG] i.g.h.c.i.HttpAppHandler - Write request WritableRequest{request=DefaultFullHttpRequest(decodeResult: success, version: HTTP/1.1, content: UnpooledByteBufAllocator$InstrumentedUnpooledUnsafeHeapByteBuf(ridx: 0, widx: 0, cap: 0))
GET /memory/grow?objects=8&items=54 HTTP/1.1
Accept: */*
Content-Type: application/json;charset=UTF-8
Accept-Language: en-US,en;q=0.8,nl;q=0.6
User-Agent: Mozilla/5.0 (Windows NT 6.1; WOW64) AppleWebKit/537.36 (KHTML, like Gecko) Chrome/38.0.2125.111 Safari/537.36
accept-encoding: gzip,deflate,sdch
host: localhost:8080, content=null}
22:01:06.138 [DEBUG] i.g.h.c.i.HttpAppHandler - Read msg='DefaultHttpResponse(decodeResult: success, version: HTTP/1.1)
HTTP/1.1 200 
Content-Type: application/json;charset=UTF-8
Transfer-Encoding: chunked
Date: Wed, 29 Jan 2020 21:01:05 GMT'
22:01:06.139 [DEBUG] i.g.h.c.i.HttpAppHandler - Read msg='DefaultHttpContent(data: PooledSlicedByteBuf(ridx: 0, widx: 144, cap: 144/144, unwrapped: PooledUnsafeDirectByteBuf(ridx: 278, widx: 283, cap: 512)), decoderResult: success)'
22:01:06.139 [DEBUG] i.g.h.c.i.HttpAppHandler - Read msg='EmptyLastHttpContent'
22:01:06.139 [TRACE] i.g.h.e.r.DefaultStatsProcessor - 
>>>>>>>>>>>>>>>>>>>>>>>>>>
Request:
simple_mini_leak: OK 
=========================
Session:
Session(Acceptance test,89,1580331663551,Map(gatling.http.ssl.sslContexts -> SslContexts(io.netty.handler.ssl.JdkSslContext@4a02f1db,None), gatling.http.cache.dns -> io.gatling.http.cache.DnsCacheSupport$$anon$1@5898ac4b, gatling.http.cache.baseUrl -> http://localhost:8080),11,OK,List(),io.gatling.core.protocol.ProtocolComponentsRegistry$$Lambda$598/0x000000084055d840@452b12e)
=========================
HTTP request:
GET http://localhost:8080/memory/grow?objects=8&items=54
headers=
Accept: */*
Content-Type: application/json;charset=UTF-8
Accept-Language: en-US,en;q=0.8,nl;q=0.6
User-Agent: Mozilla/5.0 (Windows NT 6.1; WOW64) AppleWebKit/537.36 (KHTML, like Gecko) Chrome/38.0.2125.111 Safari/537.36
accept-encoding: gzip,deflate,sdch
host: localhost:8080
=========================
HTTP response:
status=
200 
headers= 
Content-Type: application/json;charset=UTF-8
Transfer-Encoding: chunked
Date: Wed, 29 Jan 2020 21:01:05 GMT

body=
{"message":"Size of BigFatBastard list is now 11672 objects. It contains 630288 items.","name":"Simple-PropertiesFileName","durationInMillis":5}
<<<<<<<<<<<<<<<<<<<<<<<<<
22:01:06.139 [DEBUG] i.g.c.a.Pause - Pausing for 779ms (real=768ms)
22:01:06.158 [DEBUG] i.g.h.c.i.HttpAppHandler - Read msg='DefaultHttpResponse(decodeResult: success, version: HTTP/1.1)
HTTP/1.1 200 
Content-Type: application/json;charset=UTF-8
Transfer-Encoding: chunked
Date: Wed, 29 Jan 2020 21:01:05 GMT'
22:01:06.158 [DEBUG] i.g.h.c.i.HttpAppHandler - Read msg='DefaultHttpContent(data: PooledSlicedByteBuf(ridx: 0, widx: 95, cap: 95/95, unwrapped: PooledUnsafeDirectByteBuf(ridx: 229, widx: 234, cap: 1024)), decoderResult: success)'
22:01:06.158 [DEBUG] i.g.h.c.i.HttpAppHandler - Read msg='EmptyLastHttpContent'
22:01:06.158 [TRACE] i.g.h.e.r.DefaultStatsProcessor - 
>>>>>>>>>>>>>>>>>>>>>>>>>>
Request:
simple_delay: OK 
=========================
Session:
Session(Acceptance test,91,1580331664551,Map(gatling.http.ssl.sslContexts -> SslContexts(io.netty.handler.ssl.JdkSslContext@703f0f47,None), gatling.http.cache.dns -> io.gatling.http.cache.DnsCacheSupport$$anon$1@5898ac4b, gatling.http.cache.baseUrl -> http://localhost:8080),22,OK,List(),io.gatling.core.protocol.ProtocolComponentsRegistry$$Lambda$598/0x000000084055d840@452b12e)
=========================
HTTP request:
GET http://localhost:8080/delay?duration=555
headers=
Accept: */*
Content-Type: application/json;charset=UTF-8
Accept-Language: en-US,en;q=0.8,nl;q=0.6
User-Agent: Mozilla/5.0 (Windows NT 6.1; WOW64) AppleWebKit/537.36 (KHTML, like Gecko) Chrome/38.0.2125.111 Safari/537.36
accept-encoding: gzip,deflate,sdch
host: localhost:8080
=========================
HTTP response:
status=
200 
headers= 
Content-Type: application/json;charset=UTF-8
Transfer-Encoding: chunked
Date: Wed, 29 Jan 2020 21:01:05 GMT

body=
{"message":"This was a delay of 555","name":"Simple-PropertiesFileName","durationInMillis":555}
<<<<<<<<<<<<<<<<<<<<<<<<<
22:01:06.159 [DEBUG] i.g.c.a.Pause - Pausing for 12216ms (real=12193ms)
22:01:06.402 [DEBUG] i.g.h.e.t.HttpTxExecutor - Sending request=upload-file uri=http://localhost:8080/files/upload: scenario=Acceptance test, userId=83
22:01:06.403 [DEBUG] i.g.h.c.i.HttpAppHandler - Write request WritableRequest{request=DefaultHttpRequest(decodeResult: success, version: HTTP/1.1)
POST /files/upload HTTP/1.1
Accept: */*
Accept-Language: en-US,en;q=0.8,nl;q=0.6
User-Agent: Mozilla/5.0 (Windows NT 6.1; WOW64) AppleWebKit/537.36 (KHTML, like Gecko) Chrome/38.0.2125.111 Safari/537.36
accept-encoding: gzip,deflate,sdch
host: localhost:8080
content-type: multipart/form-data; boundary=_3nbZHYDdbXqa9tqaT6MCai97mtbfjn9INa
content-length: 220, content=io.gatling.http.client.body.multipart.impl.MultipartFileRegion@4c53d10f}
22:01:06.406 [DEBUG] i.g.h.c.i.HttpAppHandler - Read msg='DefaultHttpResponse(decodeResult: success, version: HTTP/1.1)
HTTP/1.1 200 
Content-Type: text/plain;charset=UTF-8
Content-Length: 62
Date: Wed, 29 Jan 2020 21:01:05 GMT'
22:01:06.406 [DEBUG] i.g.h.c.i.HttpAppHandler - Read msg='DefaultLastHttpContent(data: PooledSlicedByteBuf(ridx: 0, widx: 62, cap: 62/62, unwrapped: PooledUnsafeDirectByteBuf(ridx: 176, widx: 176, cap: 496)), decoderResult: success)'
22:01:06.407 [TRACE] i.g.h.e.r.DefaultStatsProcessor - 
>>>>>>>>>>>>>>>>>>>>>>>>>>
Request:
upload-file: OK 
=========================
Session:
Session(Acceptance test,83,1580331660552,Map(gatling.http.ssl.sslContexts -> SslContexts(io.netty.handler.ssl.JdkSslContext@32e31caf,None), gatling.http.cache.dns -> io.gatling.http.cache.DnsCacheSupport$$anon$1@5898ac4b, gatling.http.cache.baseUrl -> http://localhost:8080),15,OK,List(),io.gatling.core.protocol.ProtocolComponentsRegistry$$Lambda$598/0x000000084055d840@452b12e)
=========================
HTTP request:
POST http://localhost:8080/files/upload
headers=
Accept: */*
Accept-Language: en-US,en;q=0.8,nl;q=0.6
User-Agent: Mozilla/5.0 (Windows NT 6.1; WOW64) AppleWebKit/537.36 (KHTML, like Gecko) Chrome/38.0.2125.111 Safari/537.36
accept-encoding: gzip,deflate,sdch
host: localhost:8080
content-type: multipart/form-data; boundary=_3nbZHYDdbXqa9tqaT6MCai97mtbfjn9INa
content-length: 220
multipartBody=
ByteArrayPart: name=upload contentType=text/plain dispositionType=null charset=UTF-8 transferEncoding=null contentId=null filename=gatling-upload.txt
=========================
HTTP response:
status=
200 
headers= 
Content-Type: text/plain;charset=UTF-8
Content-Length: 62
Date: Wed, 29 Jan 2020 21:01:05 GMT

body=
File upload succeeded [gatling-upload.txt] of size [17] bytes.
<<<<<<<<<<<<<<<<<<<<<<<<<
22:01:06.407 [DEBUG] i.g.c.a.Exit - End user #83
22:01:06.407 [DEBUG] i.g.c.c.i.Injector - End user #83
22:01:06.462 [DEBUG] i.g.h.e.t.HttpTxExecutor - Sending request=simple_mini_leak uri=http://localhost:8080/memory/grow?objects=8&items=54: scenario=Acceptance test, userId=80
22:01:06.462 [DEBUG] i.g.h.c.i.HttpAppHandler - Write request WritableRequest{request=DefaultFullHttpRequest(decodeResult: success, version: HTTP/1.1, content: UnpooledByteBufAllocator$InstrumentedUnpooledUnsafeHeapByteBuf(ridx: 0, widx: 0, cap: 0))
GET /memory/grow?objects=8&items=54 HTTP/1.1
Accept: */*
Content-Type: application/json;charset=UTF-8
Accept-Language: en-US,en;q=0.8,nl;q=0.6
User-Agent: Mozilla/5.0 (Windows NT 6.1; WOW64) AppleWebKit/537.36 (KHTML, like Gecko) Chrome/38.0.2125.111 Safari/537.36
accept-encoding: gzip,deflate,sdch
host: localhost:8080, content=null}
22:01:06.469 [DEBUG] i.g.h.c.i.HttpAppHandler - Read msg='DefaultHttpResponse(decodeResult: success, version: HTTP/1.1)
HTTP/1.1 200 
Content-Type: application/json;charset=UTF-8
Transfer-Encoding: chunked
Date: Wed, 29 Jan 2020 21:01:05 GMT'
22:01:06.469 [DEBUG] i.g.h.c.i.HttpAppHandler - Read msg='DefaultHttpContent(data: PooledSlicedByteBuf(ridx: 0, widx: 144, cap: 144/144, unwrapped: PooledUnsafeDirectByteBuf(ridx: 278, widx: 283, cap: 512)), decoderResult: success)'
22:01:06.469 [DEBUG] i.g.h.c.i.HttpAppHandler - Read msg='EmptyLastHttpContent'
22:01:06.469 [TRACE] i.g.h.e.r.DefaultStatsProcessor - 
>>>>>>>>>>>>>>>>>>>>>>>>>>
Request:
simple_mini_leak: OK 
=========================
Session:
Session(Acceptance test,80,1580331659051,Map(gatling.http.ssl.sslContexts -> SslContexts(io.netty.handler.ssl.JdkSslContext@60b836d5,None), gatling.http.cache.dns -> io.gatling.http.cache.DnsCacheSupport$$anon$1@5898ac4b, gatling.http.cache.baseUrl -> http://localhost:8080),19,OK,List(),io.gatling.core.protocol.ProtocolComponentsRegistry$$Lambda$598/0x000000084055d840@452b12e)
=========================
HTTP request:
GET http://localhost:8080/memory/grow?objects=8&items=54
headers=
Accept: */*
Content-Type: application/json;charset=UTF-8
Accept-Language: en-US,en;q=0.8,nl;q=0.6
User-Agent: Mozilla/5.0 (Windows NT 6.1; WOW64) AppleWebKit/537.36 (KHTML, like Gecko) Chrome/38.0.2125.111 Safari/537.36
accept-encoding: gzip,deflate,sdch
host: localhost:8080
=========================
HTTP response:
status=
200 
headers= 
Content-Type: application/json;charset=UTF-8
Transfer-Encoding: chunked
Date: Wed, 29 Jan 2020 21:01:05 GMT

body=
{"message":"Size of BigFatBastard list is now 11680 objects. It contains 630720 items.","name":"Simple-PropertiesFileName","durationInMillis":5}
<<<<<<<<<<<<<<<<<<<<<<<<<
22:01:06.469 [DEBUG] i.g.c.a.Pause - Pausing for 810ms (real=791ms)
22:01:06.551 [DEBUG] i.g.c.c.i.o.OpenWorkload - Injecting 2 users in scenario Acceptance test, continue=true
22:01:06.552 [DEBUG] i.g.h.e.t.HttpTxExecutor - Sending request=simple_cpu_burn uri=http://localhost:8080/cpu/magic-identity-check?matrixSize=133: scenario=Acceptance test, userId=95
22:01:06.552 [DEBUG] i.g.c.c.i.o.OpenWorkload - Start user #95
22:01:06.553 [DEBUG] i.g.h.c.i.HttpAppHandler - Write request WritableRequest{request=DefaultFullHttpRequest(decodeResult: success, version: HTTP/1.1, content: UnpooledByteBufAllocator$InstrumentedUnpooledUnsafeHeapByteBuf(ridx: 0, widx: 0, cap: 0))
GET /cpu/magic-identity-check?matrixSize=133 HTTP/1.1
Accept: */*
Content-Type: application/json;charset=UTF-8
Accept-Language: en-US,en;q=0.8,nl;q=0.6
User-Agent: Mozilla/5.0 (Windows NT 6.1; WOW64) AppleWebKit/537.36 (KHTML, like Gecko) Chrome/38.0.2125.111 Safari/537.36
accept-encoding: gzip,deflate,sdch
host: localhost:8080, content=null}
22:01:06.563 [DEBUG] i.g.h.c.i.HttpAppHandler - Read msg='DefaultHttpResponse(decodeResult: success, version: HTTP/1.1)
HTTP/1.1 200 
Content-Type: application/json;charset=UTF-8
Transfer-Encoding: chunked
Date: Wed, 29 Jan 2020 21:01:05 GMT'
22:01:06.564 [DEBUG] i.g.h.c.i.HttpAppHandler - Read msg='DefaultHttpContent(data: PooledSlicedByteBuf(ridx: 0, widx: 170, cap: 170/170, unwrapped: PooledUnsafeDirectByteBuf(ridx: 304, widx: 304, cap: 1024)), decoderResult: success)'
22:01:06.564 [DEBUG] i.g.h.c.i.HttpAppHandler - Read msg='EmptyLastHttpContent'
22:01:06.564 [TRACE] i.g.h.e.r.DefaultStatsProcessor - 
>>>>>>>>>>>>>>>>>>>>>>>>>>
Request:
simple_cpu_burn: OK 
=========================
Session:
Session(Acceptance test,95,1580331666551,Map(gatling.http.ssl.sslContexts -> SslContexts(io.netty.handler.ssl.JdkSslContext@328bb707,None), gatling.http.cache.dns -> io.gatling.http.cache.DnsCacheSupport$$anon$1@5898ac4b, gatling.http.cache.baseUrl -> http://localhost:8080),0,OK,List(),io.gatling.core.protocol.ProtocolComponentsRegistry$$Lambda$598/0x000000084055d840@452b12e)
=========================
HTTP request:
GET http://localhost:8080/cpu/magic-identity-check?matrixSize=133
headers=
Accept: */*
Content-Type: application/json;charset=UTF-8
Accept-Language: en-US,en;q=0.8,nl;q=0.6
User-Agent: Mozilla/5.0 (Windows NT 6.1; WOW64) AppleWebKit/537.36 (KHTML, like Gecko) Chrome/38.0.2125.111 Safari/537.36
accept-encoding: gzip,deflate,sdch
host: localhost:8080
=========================
HTTP response:
status=
200 
headers= 
Content-Type: application/json;charset=UTF-8
Transfer-Encoding: chunked
Date: Wed, 29 Jan 2020 21:01:05 GMT

body=
{"message":"A simple magic square multiplied by an identity square of size [133] [is equal] to the magic square.","name":"Simple-PropertiesFileName","durationInMillis":9}
<<<<<<<<<<<<<<<<<<<<<<<<<
22:01:06.564 [DEBUG] i.g.c.a.Pause - Pausing for 3493ms (real=3493ms)
22:01:06.832 [DEBUG] i.g.h.e.t.HttpTxExecutor - Sending request=simple_delay uri=http://localhost:8080/delay?duration=555: scenario=Acceptance test, userId=94
22:01:06.832 [DEBUG] i.g.h.c.i.HttpAppHandler - Write request WritableRequest{request=DefaultFullHttpRequest(decodeResult: success, version: HTTP/1.1, content: UnpooledByteBufAllocator$InstrumentedUnpooledUnsafeHeapByteBuf(ridx: 0, widx: 0, cap: 0))
GET /delay?duration=555 HTTP/1.1
Accept: */*
Content-Type: application/json;charset=UTF-8
Accept-Language: en-US,en;q=0.8,nl;q=0.6
User-Agent: Mozilla/5.0 (Windows NT 6.1; WOW64) AppleWebKit/537.36 (KHTML, like Gecko) Chrome/38.0.2125.111 Safari/537.36
accept-encoding: gzip,deflate,sdch
host: localhost:8080, content=null}
22:01:06.922 [DEBUG] i.g.h.e.t.HttpTxExecutor - Sending request=upload-file uri=http://localhost:8080/files/upload: scenario=Acceptance test, userId=89
22:01:06.923 [DEBUG] i.g.h.c.i.HttpAppHandler - Write request WritableRequest{request=DefaultHttpRequest(decodeResult: success, version: HTTP/1.1)
POST /files/upload HTTP/1.1
Accept: */*
Accept-Language: en-US,en;q=0.8,nl;q=0.6
User-Agent: Mozilla/5.0 (Windows NT 6.1; WOW64) AppleWebKit/537.36 (KHTML, like Gecko) Chrome/38.0.2125.111 Safari/537.36
accept-encoding: gzip,deflate,sdch
host: localhost:8080
content-type: multipart/form-data; boundary=Ahr6UVRoUc1_kfHBnCHUWYZ-ZlLICO5Qf8_
content-length: 220, content=io.gatling.http.client.body.multipart.impl.MultipartFileRegion@2fac28a7}
22:01:06.926 [DEBUG] i.g.h.c.i.HttpAppHandler - Read msg='DefaultHttpResponse(decodeResult: success, version: HTTP/1.1)
HTTP/1.1 200 
Content-Type: text/plain;charset=UTF-8
Content-Length: 62
Date: Wed, 29 Jan 2020 21:01:06 GMT'
22:01:06.926 [DEBUG] i.g.h.c.i.HttpAppHandler - Read msg='DefaultLastHttpContent(data: PooledSlicedByteBuf(ridx: 0, widx: 62, cap: 62/62, unwrapped: PooledUnsafeDirectByteBuf(ridx: 176, widx: 176, cap: 512)), decoderResult: success)'
22:01:06.927 [TRACE] i.g.h.e.r.DefaultStatsProcessor - 
>>>>>>>>>>>>>>>>>>>>>>>>>>
Request:
upload-file: OK 
=========================
Session:
Session(Acceptance test,89,1580331663551,Map(gatling.http.ssl.sslContexts -> SslContexts(io.netty.handler.ssl.JdkSslContext@4a02f1db,None), gatling.http.cache.dns -> io.gatling.http.cache.DnsCacheSupport$$anon$1@5898ac4b, gatling.http.cache.baseUrl -> http://localhost:8080),15,OK,List(),io.gatling.core.protocol.ProtocolComponentsRegistry$$Lambda$598/0x000000084055d840@452b12e)
=========================
HTTP request:
POST http://localhost:8080/files/upload
headers=
Accept: */*
Accept-Language: en-US,en;q=0.8,nl;q=0.6
User-Agent: Mozilla/5.0 (Windows NT 6.1; WOW64) AppleWebKit/537.36 (KHTML, like Gecko) Chrome/38.0.2125.111 Safari/537.36
accept-encoding: gzip,deflate,sdch
host: localhost:8080
content-type: multipart/form-data; boundary=Ahr6UVRoUc1_kfHBnCHUWYZ-ZlLICO5Qf8_
content-length: 220
multipartBody=
ByteArrayPart: name=upload contentType=text/plain dispositionType=null charset=UTF-8 transferEncoding=null contentId=null filename=gatling-upload.txt
=========================
HTTP response:
status=
200 
headers= 
Content-Type: text/plain;charset=UTF-8
Content-Length: 62
Date: Wed, 29 Jan 2020 21:01:06 GMT

body=
File upload succeeded [gatling-upload.txt] of size [17] bytes.
<<<<<<<<<<<<<<<<<<<<<<<<<
22:01:06.927 [DEBUG] i.g.c.a.Exit - End user #89
22:01:06.927 [DEBUG] i.g.c.c.i.Injector - End user #89
22:01:07.052 [DEBUG] i.g.h.e.t.HttpTxExecutor - Sending request=simple_cpu_burn uri=http://localhost:8080/cpu/magic-identity-check?matrixSize=133: scenario=Acceptance test, userId=96
22:01:07.052 [DEBUG] i.g.c.c.i.o.OpenWorkload - Start user #96
22:01:07.054 [DEBUG] i.g.h.c.i.HttpAppHandler - Write request WritableRequest{request=DefaultFullHttpRequest(decodeResult: success, version: HTTP/1.1, content: UnpooledByteBufAllocator$InstrumentedUnpooledUnsafeHeapByteBuf(ridx: 0, widx: 0, cap: 0))
GET /cpu/magic-identity-check?matrixSize=133 HTTP/1.1
Accept: */*
Content-Type: application/json;charset=UTF-8
Accept-Language: en-US,en;q=0.8,nl;q=0.6
User-Agent: Mozilla/5.0 (Windows NT 6.1; WOW64) AppleWebKit/537.36 (KHTML, like Gecko) Chrome/38.0.2125.111 Safari/537.36
accept-encoding: gzip,deflate,sdch
host: localhost:8080, content=null}
22:01:07.062 [DEBUG] i.g.h.e.t.HttpTxExecutor - Sending request=upload-file uri=http://localhost:8080/files/upload: scenario=Acceptance test, userId=73
22:01:07.063 [DEBUG] i.g.h.c.i.HttpAppHandler - Write request WritableRequest{request=DefaultHttpRequest(decodeResult: success, version: HTTP/1.1)
POST /files/upload HTTP/1.1
Accept: */*
Accept-Language: en-US,en;q=0.8,nl;q=0.6
User-Agent: Mozilla/5.0 (Windows NT 6.1; WOW64) AppleWebKit/537.36 (KHTML, like Gecko) Chrome/38.0.2125.111 Safari/537.36
accept-encoding: gzip,deflate,sdch
host: localhost:8080
content-type: multipart/form-data; boundary=n9P-vBqba4m3XL1h0O8SifZA0rqw4F1Ue6V
content-length: 220, content=io.gatling.http.client.body.multipart.impl.MultipartFileRegion@5d21219d}
22:01:07.064 [DEBUG] i.g.h.c.i.HttpAppHandler - Read msg='DefaultHttpResponse(decodeResult: success, version: HTTP/1.1)
HTTP/1.1 200 
Content-Type: application/json;charset=UTF-8
Transfer-Encoding: chunked
Date: Wed, 29 Jan 2020 21:01:06 GMT'
22:01:07.064 [DEBUG] i.g.h.c.i.HttpAppHandler - Read msg='DefaultHttpContent(data: PooledSlicedByteBuf(ridx: 0, widx: 170, cap: 170/170, unwrapped: PooledUnsafeDirectByteBuf(ridx: 304, widx: 304, cap: 1024)), decoderResult: success)'
22:01:07.065 [DEBUG] i.g.h.c.i.HttpAppHandler - Read msg='EmptyLastHttpContent'
22:01:07.065 [TRACE] i.g.h.e.r.DefaultStatsProcessor - 
>>>>>>>>>>>>>>>>>>>>>>>>>>
Request:
simple_cpu_burn: OK 
=========================
Session:
Session(Acceptance test,96,1580331667051,Map(gatling.http.ssl.sslContexts -> SslContexts(io.netty.handler.ssl.JdkSslContext@9bbcaa7,None), gatling.http.cache.dns -> io.gatling.http.cache.DnsCacheSupport$$anon$1@5898ac4b, gatling.http.cache.baseUrl -> http://localhost:8080),0,OK,List(),io.gatling.core.protocol.ProtocolComponentsRegistry$$Lambda$598/0x000000084055d840@452b12e)
=========================
HTTP request:
GET http://localhost:8080/cpu/magic-identity-check?matrixSize=133
headers=
Accept: */*
Content-Type: application/json;charset=UTF-8
Accept-Language: en-US,en;q=0.8,nl;q=0.6
User-Agent: Mozilla/5.0 (Windows NT 6.1; WOW64) AppleWebKit/537.36 (KHTML, like Gecko) Chrome/38.0.2125.111 Safari/537.36
accept-encoding: gzip,deflate,sdch
host: localhost:8080
=========================
HTTP response:
status=
200 
headers= 
Content-Type: application/json;charset=UTF-8
Transfer-Encoding: chunked
Date: Wed, 29 Jan 2020 21:01:06 GMT

body=
{"message":"A simple magic square multiplied by an identity square of size [133] [is equal] to the magic square.","name":"Simple-PropertiesFileName","durationInMillis":9}
<<<<<<<<<<<<<<<<<<<<<<<<<
22:01:07.065 [DEBUG] i.g.c.a.Pause - Pausing for 5585ms (real=5585ms)
22:01:07.065 [DEBUG] i.g.h.c.i.HttpAppHandler - Read msg='DefaultHttpResponse(decodeResult: success, version: HTTP/1.1)
HTTP/1.1 200 
Content-Type: text/plain;charset=UTF-8
Content-Length: 62
Date: Wed, 29 Jan 2020 21:01:06 GMT'
22:01:07.065 [DEBUG] i.g.h.c.i.HttpAppHandler - Read msg='DefaultLastHttpContent(data: PooledSlicedByteBuf(ridx: 0, widx: 62, cap: 62/62, unwrapped: PooledUnsafeDirectByteBuf(ridx: 176, widx: 176, cap: 496)), decoderResult: success)'
22:01:07.066 [TRACE] i.g.h.e.r.DefaultStatsProcessor - 
>>>>>>>>>>>>>>>>>>>>>>>>>>
Request:
upload-file: OK 
=========================
Session:
Session(Acceptance test,73,1580331655551,Map(gatling.http.ssl.sslContexts -> SslContexts(io.netty.handler.ssl.JdkSslContext@60ae79f,None), gatling.http.cache.dns -> io.gatling.http.cache.DnsCacheSupport$$anon$1@5898ac4b, gatling.http.cache.baseUrl -> http://localhost:8080),15,OK,List(),io.gatling.core.protocol.ProtocolComponentsRegistry$$Lambda$598/0x000000084055d840@452b12e)
=========================
HTTP request:
POST http://localhost:8080/files/upload
headers=
Accept: */*
Accept-Language: en-US,en;q=0.8,nl;q=0.6
User-Agent: Mozilla/5.0 (Windows NT 6.1; WOW64) AppleWebKit/537.36 (KHTML, like Gecko) Chrome/38.0.2125.111 Safari/537.36
accept-encoding: gzip,deflate,sdch
host: localhost:8080
content-type: multipart/form-data; boundary=n9P-vBqba4m3XL1h0O8SifZA0rqw4F1Ue6V
content-length: 220
multipartBody=
ByteArrayPart: name=upload contentType=text/plain dispositionType=null charset=UTF-8 transferEncoding=null contentId=null filename=gatling-upload.txt
=========================
HTTP response:
status=
200 
headers= 
Content-Type: text/plain;charset=UTF-8
Content-Length: 62
Date: Wed, 29 Jan 2020 21:01:06 GMT

body=
File upload succeeded [gatling-upload.txt] of size [17] bytes.
<<<<<<<<<<<<<<<<<<<<<<<<<
22:01:07.066 [DEBUG] i.g.c.a.Exit - End user #73
22:01:07.066 [DEBUG] i.g.c.c.i.Injector - End user #73
22:01:07.212 [DEBUG] i.g.h.e.t.HttpTxExecutor - Sending request=simple_mini_leak uri=http://localhost:8080/memory/grow?objects=8&items=54: scenario=Acceptance test, userId=86
22:01:07.212 [DEBUG] i.g.h.c.i.HttpAppHandler - Write request WritableRequest{request=DefaultFullHttpRequest(decodeResult: success, version: HTTP/1.1, content: UnpooledByteBufAllocator$InstrumentedUnpooledUnsafeHeapByteBuf(ridx: 0, widx: 0, cap: 0))
GET /memory/grow?objects=8&items=54 HTTP/1.1
Accept: */*
Content-Type: application/json;charset=UTF-8
Accept-Language: en-US,en;q=0.8,nl;q=0.6
User-Agent: Mozilla/5.0 (Windows NT 6.1; WOW64) AppleWebKit/537.36 (KHTML, like Gecko) Chrome/38.0.2125.111 Safari/537.36
accept-encoding: gzip,deflate,sdch
host: localhost:8080, content=null}
22:01:07.219 [DEBUG] i.g.h.c.i.HttpAppHandler - Read msg='DefaultHttpResponse(decodeResult: success, version: HTTP/1.1)
HTTP/1.1 200 
Content-Type: application/json;charset=UTF-8
Transfer-Encoding: chunked
Date: Wed, 29 Jan 2020 21:01:06 GMT'
22:01:07.219 [DEBUG] i.g.h.c.i.HttpAppHandler - Read msg='DefaultHttpContent(data: PooledSlicedByteBuf(ridx: 0, widx: 144, cap: 144/144, unwrapped: PooledUnsafeDirectByteBuf(ridx: 278, widx: 283, cap: 512)), decoderResult: success)'
22:01:07.219 [DEBUG] i.g.h.c.i.HttpAppHandler - Read msg='EmptyLastHttpContent'
22:01:07.219 [TRACE] i.g.h.e.r.DefaultStatsProcessor - 
>>>>>>>>>>>>>>>>>>>>>>>>>>
Request:
simple_mini_leak: OK 
=========================
Session:
Session(Acceptance test,86,1580331662052,Map(gatling.http.ssl.sslContexts -> SslContexts(io.netty.handler.ssl.JdkSslContext@7bfec96a,None), gatling.http.cache.dns -> io.gatling.http.cache.DnsCacheSupport$$anon$1@5898ac4b, gatling.http.cache.baseUrl -> http://localhost:8080),18,OK,List(),io.gatling.core.protocol.ProtocolComponentsRegistry$$Lambda$598/0x000000084055d840@452b12e)
=========================
HTTP request:
GET http://localhost:8080/memory/grow?objects=8&items=54
headers=
Accept: */*
Content-Type: application/json;charset=UTF-8
Accept-Language: en-US,en;q=0.8,nl;q=0.6
User-Agent: Mozilla/5.0 (Windows NT 6.1; WOW64) AppleWebKit/537.36 (KHTML, like Gecko) Chrome/38.0.2125.111 Safari/537.36
accept-encoding: gzip,deflate,sdch
host: localhost:8080
=========================
HTTP response:
status=
200 
headers= 
Content-Type: application/json;charset=UTF-8
Transfer-Encoding: chunked
Date: Wed, 29 Jan 2020 21:01:06 GMT

body=
{"message":"Size of BigFatBastard list is now 11688 objects. It contains 631152 items.","name":"Simple-PropertiesFileName","durationInMillis":5}
<<<<<<<<<<<<<<<<<<<<<<<<<
22:01:07.219 [DEBUG] i.g.c.a.Pause - Pausing for 2431ms (real=2413ms)
22:01:07.282 [DEBUG] i.g.h.e.t.HttpTxExecutor - Sending request=upload-file uri=http://localhost:8080/files/upload: scenario=Acceptance test, userId=80
22:01:07.283 [DEBUG] i.g.h.c.i.HttpAppHandler - Write request WritableRequest{request=DefaultHttpRequest(decodeResult: success, version: HTTP/1.1)
POST /files/upload HTTP/1.1
Accept: */*
Accept-Language: en-US,en;q=0.8,nl;q=0.6
User-Agent: Mozilla/5.0 (Windows NT 6.1; WOW64) AppleWebKit/537.36 (KHTML, like Gecko) Chrome/38.0.2125.111 Safari/537.36
accept-encoding: gzip,deflate,sdch
host: localhost:8080
content-type: multipart/form-data; boundary=IXnqoS7y6pwQ71AMiFn0wT9soDquIKTs7tj
content-length: 220, content=io.gatling.http.client.body.multipart.impl.MultipartFileRegion@69926898}
22:01:07.285 [DEBUG] i.g.h.c.i.HttpAppHandler - Read msg='DefaultHttpResponse(decodeResult: success, version: HTTP/1.1)
HTTP/1.1 200 
Content-Type: text/plain;charset=UTF-8
Content-Length: 62
Date: Wed, 29 Jan 2020 21:01:06 GMT'
22:01:07.286 [DEBUG] i.g.h.c.i.HttpAppHandler - Read msg='DefaultLastHttpContent(data: PooledSlicedByteBuf(ridx: 0, widx: 62, cap: 62/62, unwrapped: PooledUnsafeDirectByteBuf(ridx: 176, widx: 176, cap: 496)), decoderResult: success)'
22:01:07.286 [TRACE] i.g.h.e.r.DefaultStatsProcessor - 
>>>>>>>>>>>>>>>>>>>>>>>>>>
Request:
upload-file: OK 
=========================
Session:
Session(Acceptance test,80,1580331659051,Map(gatling.http.ssl.sslContexts -> SslContexts(io.netty.handler.ssl.JdkSslContext@60b836d5,None), gatling.http.cache.dns -> io.gatling.http.cache.DnsCacheSupport$$anon$1@5898ac4b, gatling.http.cache.baseUrl -> http://localhost:8080),21,OK,List(),io.gatling.core.protocol.ProtocolComponentsRegistry$$Lambda$598/0x000000084055d840@452b12e)
=========================
HTTP request:
POST http://localhost:8080/files/upload
headers=
Accept: */*
Accept-Language: en-US,en;q=0.8,nl;q=0.6
User-Agent: Mozilla/5.0 (Windows NT 6.1; WOW64) AppleWebKit/537.36 (KHTML, like Gecko) Chrome/38.0.2125.111 Safari/537.36
accept-encoding: gzip,deflate,sdch
host: localhost:8080
content-type: multipart/form-data; boundary=IXnqoS7y6pwQ71AMiFn0wT9soDquIKTs7tj
content-length: 220
multipartBody=
ByteArrayPart: name=upload contentType=text/plain dispositionType=null charset=UTF-8 transferEncoding=null contentId=null filename=gatling-upload.txt
=========================
HTTP response:
status=
200 
headers= 
Content-Type: text/plain;charset=UTF-8
Content-Length: 62
Date: Wed, 29 Jan 2020 21:01:06 GMT

body=
File upload succeeded [gatling-upload.txt] of size [17] bytes.
<<<<<<<<<<<<<<<<<<<<<<<<<
22:01:07.286 [DEBUG] i.g.c.a.Exit - End user #80
22:01:07.287 [DEBUG] i.g.c.c.i.Injector - End user #80
22:01:07.390 [DEBUG] i.g.h.c.i.HttpAppHandler - Read msg='DefaultHttpResponse(decodeResult: success, version: HTTP/1.1)
HTTP/1.1 200 
Content-Type: application/json;charset=UTF-8
Transfer-Encoding: chunked
Date: Wed, 29 Jan 2020 21:01:06 GMT'
22:01:07.390 [DEBUG] i.g.h.c.i.HttpAppHandler - Read msg='DefaultHttpContent(data: PooledSlicedByteBuf(ridx: 0, widx: 95, cap: 95/95, unwrapped: PooledUnsafeDirectByteBuf(ridx: 229, widx: 229, cap: 512)), decoderResult: success)'
22:01:07.390 [DEBUG] i.g.h.c.i.HttpAppHandler - Read msg='EmptyLastHttpContent'
22:01:07.390 [TRACE] i.g.h.e.r.DefaultStatsProcessor - 
>>>>>>>>>>>>>>>>>>>>>>>>>>
Request:
simple_delay: OK 
=========================
Session:
Session(Acceptance test,94,1580331666051,Map(gatling.http.ssl.sslContexts -> SslContexts(io.netty.handler.ssl.JdkSslContext@3a1c757a,None), gatling.http.cache.dns -> io.gatling.http.cache.DnsCacheSupport$$anon$1@5898ac4b, gatling.http.cache.baseUrl -> http://localhost:8080),20,OK,List(),io.gatling.core.protocol.ProtocolComponentsRegistry$$Lambda$598/0x000000084055d840@452b12e)
=========================
HTTP request:
GET http://localhost:8080/delay?duration=555
headers=
Accept: */*
Content-Type: application/json;charset=UTF-8
Accept-Language: en-US,en;q=0.8,nl;q=0.6
User-Agent: Mozilla/5.0 (Windows NT 6.1; WOW64) AppleWebKit/537.36 (KHTML, like Gecko) Chrome/38.0.2125.111 Safari/537.36
accept-encoding: gzip,deflate,sdch
host: localhost:8080
=========================
HTTP response:
status=
200 
headers= 
Content-Type: application/json;charset=UTF-8
Transfer-Encoding: chunked
Date: Wed, 29 Jan 2020 21:01:06 GMT

body=
{"message":"This was a delay of 555","name":"Simple-PropertiesFileName","durationInMillis":555}
<<<<<<<<<<<<<<<<<<<<<<<<<
22:01:07.391 [DEBUG] i.g.c.a.Pause - Pausing for 554ms (real=534ms)
22:01:07.551 [DEBUG] i.g.c.c.i.o.OpenWorkload - Injecting 2 users in scenario Acceptance test, continue=true
22:01:07.552 [DEBUG] i.g.h.e.t.HttpTxExecutor - Sending request=simple_cpu_burn uri=http://localhost:8080/cpu/magic-identity-check?matrixSize=133: scenario=Acceptance test, userId=97
22:01:07.552 [DEBUG] i.g.c.c.i.o.OpenWorkload - Start user #97
22:01:07.553 [DEBUG] i.g.h.c.i.HttpAppHandler - Write request WritableRequest{request=DefaultFullHttpRequest(decodeResult: success, version: HTTP/1.1, content: UnpooledByteBufAllocator$InstrumentedUnpooledUnsafeHeapByteBuf(ridx: 0, widx: 0, cap: 0))
GET /cpu/magic-identity-check?matrixSize=133 HTTP/1.1
Accept: */*
Content-Type: application/json;charset=UTF-8
Accept-Language: en-US,en;q=0.8,nl;q=0.6
User-Agent: Mozilla/5.0 (Windows NT 6.1; WOW64) AppleWebKit/537.36 (KHTML, like Gecko) Chrome/38.0.2125.111 Safari/537.36
accept-encoding: gzip,deflate,sdch
host: localhost:8080, content=null}
22:01:07.564 [DEBUG] i.g.h.c.i.HttpAppHandler - Read msg='DefaultHttpResponse(decodeResult: success, version: HTTP/1.1)
HTTP/1.1 200 
Content-Type: application/json;charset=UTF-8
Transfer-Encoding: chunked
Date: Wed, 29 Jan 2020 21:01:06 GMT'
22:01:07.564 [DEBUG] i.g.h.c.i.HttpAppHandler - Read msg='DefaultHttpContent(data: PooledSlicedByteBuf(ridx: 0, widx: 170, cap: 170/170, unwrapped: PooledUnsafeDirectByteBuf(ridx: 304, widx: 309, cap: 1024)), decoderResult: success)'
22:01:07.564 [DEBUG] i.g.h.c.i.HttpAppHandler - Read msg='EmptyLastHttpContent'
22:01:07.564 [TRACE] i.g.h.e.r.DefaultStatsProcessor - 
>>>>>>>>>>>>>>>>>>>>>>>>>>
Request:
simple_cpu_burn: OK 
=========================
Session:
Session(Acceptance test,97,1580331667551,Map(gatling.http.ssl.sslContexts -> SslContexts(io.netty.handler.ssl.JdkSslContext@33524a1a,None), gatling.http.cache.dns -> io.gatling.http.cache.DnsCacheSupport$$anon$1@5898ac4b, gatling.http.cache.baseUrl -> http://localhost:8080),0,OK,List(),io.gatling.core.protocol.ProtocolComponentsRegistry$$Lambda$598/0x000000084055d840@452b12e)
=========================
HTTP request:
GET http://localhost:8080/cpu/magic-identity-check?matrixSize=133
headers=
Accept: */*
Content-Type: application/json;charset=UTF-8
Accept-Language: en-US,en;q=0.8,nl;q=0.6
User-Agent: Mozilla/5.0 (Windows NT 6.1; WOW64) AppleWebKit/537.36 (KHTML, like Gecko) Chrome/38.0.2125.111 Safari/537.36
accept-encoding: gzip,deflate,sdch
host: localhost:8080
=========================
HTTP response:
status=
200 
headers= 
Content-Type: application/json;charset=UTF-8
Transfer-Encoding: chunked
Date: Wed, 29 Jan 2020 21:01:06 GMT

body=
{"message":"A simple magic square multiplied by an identity square of size [133] [is equal] to the magic square.","name":"Simple-PropertiesFileName","durationInMillis":8}
<<<<<<<<<<<<<<<<<<<<<<<<<
22:01:07.565 [DEBUG] i.g.c.a.Pause - Pausing for 6255ms (real=6254ms)
22:01:07.942 [DEBUG] i.g.h.e.t.HttpTxExecutor - Sending request=simple_mini_leak uri=http://localhost:8080/memory/grow?objects=8&items=54: scenario=Acceptance test, userId=94
22:01:07.943 [DEBUG] i.g.h.c.i.HttpAppHandler - Write request WritableRequest{request=DefaultFullHttpRequest(decodeResult: success, version: HTTP/1.1, content: UnpooledByteBufAllocator$InstrumentedUnpooledUnsafeHeapByteBuf(ridx: 0, widx: 0, cap: 0))
GET /memory/grow?objects=8&items=54 HTTP/1.1
Accept: */*
Content-Type: application/json;charset=UTF-8
Accept-Language: en-US,en;q=0.8,nl;q=0.6
User-Agent: Mozilla/5.0 (Windows NT 6.1; WOW64) AppleWebKit/537.36 (KHTML, like Gecko) Chrome/38.0.2125.111 Safari/537.36
accept-encoding: gzip,deflate,sdch
host: localhost:8080, content=null}
22:01:07.950 [DEBUG] i.g.h.c.i.HttpAppHandler - Read msg='DefaultHttpResponse(decodeResult: success, version: HTTP/1.1)
HTTP/1.1 200 
Content-Type: application/json;charset=UTF-8
Transfer-Encoding: chunked
Date: Wed, 29 Jan 2020 21:01:07 GMT'
22:01:07.950 [DEBUG] i.g.h.c.i.HttpAppHandler - Read msg='DefaultHttpContent(data: PooledSlicedByteBuf(ridx: 0, widx: 144, cap: 144/144, unwrapped: PooledUnsafeDirectByteBuf(ridx: 278, widx: 283, cap: 496)), decoderResult: success)'
22:01:07.950 [DEBUG] i.g.h.c.i.HttpAppHandler - Read msg='EmptyLastHttpContent'
22:01:07.950 [TRACE] i.g.h.e.r.DefaultStatsProcessor - 
>>>>>>>>>>>>>>>>>>>>>>>>>>
Request:
simple_mini_leak: OK 
=========================
Session:
Session(Acceptance test,94,1580331666051,Map(gatling.http.ssl.sslContexts -> SslContexts(io.netty.handler.ssl.JdkSslContext@3a1c757a,None), gatling.http.cache.dns -> io.gatling.http.cache.DnsCacheSupport$$anon$1@5898ac4b, gatling.http.cache.baseUrl -> http://localhost:8080),17,OK,List(),io.gatling.core.protocol.ProtocolComponentsRegistry$$Lambda$598/0x000000084055d840@452b12e)
=========================
HTTP request:
GET http://localhost:8080/memory/grow?objects=8&items=54
headers=
Accept: */*
Content-Type: application/json;charset=UTF-8
Accept-Language: en-US,en;q=0.8,nl;q=0.6
User-Agent: Mozilla/5.0 (Windows NT 6.1; WOW64) AppleWebKit/537.36 (KHTML, like Gecko) Chrome/38.0.2125.111 Safari/537.36
accept-encoding: gzip,deflate,sdch
host: localhost:8080
=========================
HTTP response:
status=
200 
headers= 
Content-Type: application/json;charset=UTF-8
Transfer-Encoding: chunked
Date: Wed, 29 Jan 2020 21:01:07 GMT

body=
{"message":"Size of BigFatBastard list is now 11696 objects. It contains 631584 items.","name":"Simple-PropertiesFileName","durationInMillis":5}
<<<<<<<<<<<<<<<<<<<<<<<<<
22:01:07.951 [DEBUG] i.g.c.a.Pause - Pausing for 7812ms (real=7795ms)
22:01:08.052 [DEBUG] i.g.h.e.t.HttpTxExecutor - Sending request=simple_cpu_burn uri=http://localhost:8080/cpu/magic-identity-check?matrixSize=133: scenario=Acceptance test, userId=98
22:01:08.052 [DEBUG] i.g.c.c.i.o.OpenWorkload - Start user #98
22:01:08.053 [DEBUG] i.g.h.c.i.HttpAppHandler - Write request WritableRequest{request=DefaultFullHttpRequest(decodeResult: success, version: HTTP/1.1, content: UnpooledByteBufAllocator$InstrumentedUnpooledUnsafeHeapByteBuf(ridx: 0, widx: 0, cap: 0))
GET /cpu/magic-identity-check?matrixSize=133 HTTP/1.1
Accept: */*
Content-Type: application/json;charset=UTF-8
Accept-Language: en-US,en;q=0.8,nl;q=0.6
User-Agent: Mozilla/5.0 (Windows NT 6.1; WOW64) AppleWebKit/537.36 (KHTML, like Gecko) Chrome/38.0.2125.111 Safari/537.36
accept-encoding: gzip,deflate,sdch
host: localhost:8080, content=null}
22:01:08.064 [DEBUG] i.g.h.c.i.HttpAppHandler - Read msg='DefaultHttpResponse(decodeResult: success, version: HTTP/1.1)
HTTP/1.1 200 
Content-Type: application/json;charset=UTF-8
Transfer-Encoding: chunked
Date: Wed, 29 Jan 2020 21:01:07 GMT'
22:01:08.064 [DEBUG] i.g.h.c.i.HttpAppHandler - Read msg='DefaultHttpContent(data: PooledSlicedByteBuf(ridx: 0, widx: 170, cap: 170/170, unwrapped: PooledUnsafeDirectByteBuf(ridx: 304, widx: 304, cap: 1024)), decoderResult: success)'
22:01:08.064 [DEBUG] i.g.h.c.i.HttpAppHandler - Read msg='EmptyLastHttpContent'
22:01:08.065 [TRACE] i.g.h.e.r.DefaultStatsProcessor - 
>>>>>>>>>>>>>>>>>>>>>>>>>>
Request:
simple_cpu_burn: OK 
=========================
Session:
Session(Acceptance test,98,1580331668051,Map(gatling.http.ssl.sslContexts -> SslContexts(io.netty.handler.ssl.JdkSslContext@6dbecadb,None), gatling.http.cache.dns -> io.gatling.http.cache.DnsCacheSupport$$anon$1@5898ac4b, gatling.http.cache.baseUrl -> http://localhost:8080),0,OK,List(),io.gatling.core.protocol.ProtocolComponentsRegistry$$Lambda$598/0x000000084055d840@452b12e)
=========================
HTTP request:
GET http://localhost:8080/cpu/magic-identity-check?matrixSize=133
headers=
Accept: */*
Content-Type: application/json;charset=UTF-8
Accept-Language: en-US,en;q=0.8,nl;q=0.6
User-Agent: Mozilla/5.0 (Windows NT 6.1; WOW64) AppleWebKit/537.36 (KHTML, like Gecko) Chrome/38.0.2125.111 Safari/537.36
accept-encoding: gzip,deflate,sdch
host: localhost:8080
=========================
HTTP response:
status=
200 
headers= 
Content-Type: application/json;charset=UTF-8
Transfer-Encoding: chunked
Date: Wed, 29 Jan 2020 21:01:07 GMT

body=
{"message":"A simple magic square multiplied by an identity square of size [133] [is equal] to the magic square.","name":"Simple-PropertiesFileName","durationInMillis":8}
<<<<<<<<<<<<<<<<<<<<<<<<<
22:01:08.065 [DEBUG] i.g.c.a.Pause - Pausing for 2142ms (real=2141ms)
22:01:08.182 [DEBUG] i.g.h.e.t.HttpTxExecutor - Sending request=simple_delay uri=http://localhost:8080/delay?duration=555: scenario=Acceptance test, userId=93
22:01:08.183 [DEBUG] i.g.h.c.i.HttpAppHandler - Write request WritableRequest{request=DefaultFullHttpRequest(decodeResult: success, version: HTTP/1.1, content: UnpooledByteBufAllocator$InstrumentedUnpooledUnsafeHeapByteBuf(ridx: 0, widx: 0, cap: 0))
GET /delay?duration=555 HTTP/1.1
Accept: */*
Content-Type: application/json;charset=UTF-8
Accept-Language: en-US,en;q=0.8,nl;q=0.6
User-Agent: Mozilla/5.0 (Windows NT 6.1; WOW64) AppleWebKit/537.36 (KHTML, like Gecko) Chrome/38.0.2125.111 Safari/537.36
accept-encoding: gzip,deflate,sdch
host: localhost:8080, content=null}
22:01:08.291 [DEBUG] i.g.h.e.t.HttpTxExecutor - Sending request=simple_mini_leak uri=http://localhost:8080/memory/grow?objects=8&items=54: scenario=Acceptance test, userId=88
22:01:08.292 [DEBUG] i.g.h.c.i.HttpAppHandler - Write request WritableRequest{request=DefaultFullHttpRequest(decodeResult: success, version: HTTP/1.1, content: UnpooledByteBufAllocator$InstrumentedUnpooledUnsafeHeapByteBuf(ridx: 0, widx: 0, cap: 0))
GET /memory/grow?objects=8&items=54 HTTP/1.1
Accept: */*
Content-Type: application/json;charset=UTF-8
Accept-Language: en-US,en;q=0.8,nl;q=0.6
User-Agent: Mozilla/5.0 (Windows NT 6.1; WOW64) AppleWebKit/537.36 (KHTML, like Gecko) Chrome/38.0.2125.111 Safari/537.36
accept-encoding: gzip,deflate,sdch
host: localhost:8080, content=null}
22:01:08.299 [DEBUG] i.g.h.c.i.HttpAppHandler - Read msg='DefaultHttpResponse(decodeResult: success, version: HTTP/1.1)
HTTP/1.1 200 
Content-Type: application/json;charset=UTF-8
Transfer-Encoding: chunked
Date: Wed, 29 Jan 2020 21:01:07 GMT'
22:01:08.299 [DEBUG] i.g.h.c.i.HttpAppHandler - Read msg='DefaultHttpContent(data: PooledSlicedByteBuf(ridx: 0, widx: 144, cap: 144/144, unwrapped: PooledUnsafeDirectByteBuf(ridx: 278, widx: 283, cap: 512)), decoderResult: success)'
22:01:08.299 [DEBUG] i.g.h.c.i.HttpAppHandler - Read msg='EmptyLastHttpContent'
22:01:08.300 [TRACE] i.g.h.e.r.DefaultStatsProcessor - 
>>>>>>>>>>>>>>>>>>>>>>>>>>
Request:
simple_mini_leak: OK 
=========================
Session:
Session(Acceptance test,88,1580331663052,Map(gatling.http.ssl.sslContexts -> SslContexts(io.netty.handler.ssl.JdkSslContext@26328504,None), gatling.http.cache.dns -> io.gatling.http.cache.DnsCacheSupport$$anon$1@5898ac4b, gatling.http.cache.baseUrl -> http://localhost:8080),12,OK,List(),io.gatling.core.protocol.ProtocolComponentsRegistry$$Lambda$598/0x000000084055d840@452b12e)
=========================
HTTP request:
GET http://localhost:8080/memory/grow?objects=8&items=54
headers=
Accept: */*
Content-Type: application/json;charset=UTF-8
Accept-Language: en-US,en;q=0.8,nl;q=0.6
User-Agent: Mozilla/5.0 (Windows NT 6.1; WOW64) AppleWebKit/537.36 (KHTML, like Gecko) Chrome/38.0.2125.111 Safari/537.36
accept-encoding: gzip,deflate,sdch
host: localhost:8080
=========================
HTTP response:
status=
200 
headers= 
Content-Type: application/json;charset=UTF-8
Transfer-Encoding: chunked
Date: Wed, 29 Jan 2020 21:01:07 GMT

body=
{"message":"Size of BigFatBastard list is now 11704 objects. It contains 632016 items.","name":"Simple-PropertiesFileName","durationInMillis":5}
<<<<<<<<<<<<<<<<<<<<<<<<<
22:01:08.300 [DEBUG] i.g.c.a.Pause - Pausing for 811ms (real=798ms)
22:01:08.552 [DEBUG] i.g.c.c.i.o.OpenWorkload - Injecting 2 users in scenario Acceptance test, continue=true
22:01:08.552 [DEBUG] i.g.h.e.t.HttpTxExecutor - Sending request=simple_cpu_burn uri=http://localhost:8080/cpu/magic-identity-check?matrixSize=133: scenario=Acceptance test, userId=99
22:01:08.552 [DEBUG] i.g.c.c.i.o.OpenWorkload - Start user #99
22:01:08.554 [DEBUG] i.g.h.c.i.HttpAppHandler - Write request WritableRequest{request=DefaultFullHttpRequest(decodeResult: success, version: HTTP/1.1, content: UnpooledByteBufAllocator$InstrumentedUnpooledUnsafeHeapByteBuf(ridx: 0, widx: 0, cap: 0))
GET /cpu/magic-identity-check?matrixSize=133 HTTP/1.1
Accept: */*
Content-Type: application/json;charset=UTF-8
Accept-Language: en-US,en;q=0.8,nl;q=0.6
User-Agent: Mozilla/5.0 (Windows NT 6.1; WOW64) AppleWebKit/537.36 (KHTML, like Gecko) Chrome/38.0.2125.111 Safari/537.36
accept-encoding: gzip,deflate,sdch
host: localhost:8080, content=null}
22:01:08.561 [DEBUG] i.g.h.c.i.HttpAppHandler - Read msg='DefaultHttpResponse(decodeResult: success, version: HTTP/1.1)
HTTP/1.1 200 
Content-Type: application/json;charset=UTF-8
Transfer-Encoding: chunked
Date: Wed, 29 Jan 2020 21:01:07 GMT'
22:01:08.561 [DEBUG] i.g.h.c.i.HttpAppHandler - Read msg='DefaultHttpContent(data: PooledSlicedByteBuf(ridx: 0, widx: 170, cap: 170/170, unwrapped: PooledUnsafeDirectByteBuf(ridx: 304, widx: 309, cap: 1024)), decoderResult: success)'
22:01:08.561 [DEBUG] i.g.h.c.i.HttpAppHandler - Read msg='EmptyLastHttpContent'
22:01:08.561 [TRACE] i.g.h.e.r.DefaultStatsProcessor - 
>>>>>>>>>>>>>>>>>>>>>>>>>>
Request:
simple_cpu_burn: OK 
=========================
Session:
Session(Acceptance test,99,1580331668551,Map(gatling.http.ssl.sslContexts -> SslContexts(io.netty.handler.ssl.JdkSslContext@5990258c,None), gatling.http.cache.dns -> io.gatling.http.cache.DnsCacheSupport$$anon$1@5898ac4b, gatling.http.cache.baseUrl -> http://localhost:8080),0,OK,List(),io.gatling.core.protocol.ProtocolComponentsRegistry$$Lambda$598/0x000000084055d840@452b12e)
=========================
HTTP request:
GET http://localhost:8080/cpu/magic-identity-check?matrixSize=133
headers=
Accept: */*
Content-Type: application/json;charset=UTF-8
Accept-Language: en-US,en;q=0.8,nl;q=0.6
User-Agent: Mozilla/5.0 (Windows NT 6.1; WOW64) AppleWebKit/537.36 (KHTML, like Gecko) Chrome/38.0.2125.111 Safari/537.36
accept-encoding: gzip,deflate,sdch
host: localhost:8080
=========================
HTTP response:
status=
200 
headers= 
Content-Type: application/json;charset=UTF-8
Transfer-Encoding: chunked
Date: Wed, 29 Jan 2020 21:01:07 GMT

body=
{"message":"A simple magic square multiplied by an identity square of size [133] [is equal] to the magic square.","name":"Simple-PropertiesFileName","durationInMillis":5}
<<<<<<<<<<<<<<<<<<<<<<<<<
22:01:08.562 [DEBUG] i.g.c.a.Pause - Pausing for 569ms (real=568ms)
22:01:08.740 [DEBUG] i.g.h.c.i.HttpAppHandler - Read msg='DefaultHttpResponse(decodeResult: success, version: HTTP/1.1)
HTTP/1.1 200 
Content-Type: application/json;charset=UTF-8
Transfer-Encoding: chunked
Date: Wed, 29 Jan 2020 21:01:07 GMT'
22:01:08.740 [DEBUG] i.g.h.c.i.HttpAppHandler - Read msg='DefaultHttpContent(data: PooledSlicedByteBuf(ridx: 0, widx: 95, cap: 95/95, unwrapped: PooledUnsafeDirectByteBuf(ridx: 229, widx: 229, cap: 1024)), decoderResult: success)'
22:01:08.740 [DEBUG] i.g.h.c.i.HttpAppHandler - Read msg='EmptyLastHttpContent'
22:01:08.741 [TRACE] i.g.h.e.r.DefaultStatsProcessor - 
>>>>>>>>>>>>>>>>>>>>>>>>>>
Request:
simple_delay: OK 
=========================
Session:
Session(Acceptance test,93,1580331665551,Map(gatling.http.ssl.sslContexts -> SslContexts(io.netty.handler.ssl.JdkSslContext@1eebeb3a,None), gatling.http.cache.dns -> io.gatling.http.cache.DnsCacheSupport$$anon$1@5898ac4b, gatling.http.cache.baseUrl -> http://localhost:8080),20,OK,List(),io.gatling.core.protocol.ProtocolComponentsRegistry$$Lambda$598/0x000000084055d840@452b12e)
=========================
HTTP request:
GET http://localhost:8080/delay?duration=555
headers=
Accept: */*
Content-Type: application/json;charset=UTF-8
Accept-Language: en-US,en;q=0.8,nl;q=0.6
User-Agent: Mozilla/5.0 (Windows NT 6.1; WOW64) AppleWebKit/537.36 (KHTML, like Gecko) Chrome/38.0.2125.111 Safari/537.36
accept-encoding: gzip,deflate,sdch
host: localhost:8080
=========================
HTTP response:
status=
200 
headers= 
Content-Type: application/json;charset=UTF-8
Transfer-Encoding: chunked
Date: Wed, 29 Jan 2020 21:01:07 GMT

body=
{"message":"This was a delay of 555","name":"Simple-PropertiesFileName","durationInMillis":555}
<<<<<<<<<<<<<<<<<<<<<<<<<
22:01:08.741 [DEBUG] i.g.c.a.Pause - Pausing for 366ms (real=345ms)
22:01:09.052 [DEBUG] i.g.h.e.t.HttpTxExecutor - Sending request=simple_cpu_burn uri=http://localhost:8080/cpu/magic-identity-check?matrixSize=133: scenario=Acceptance test, userId=100
22:01:09.052 [DEBUG] i.g.c.c.i.o.OpenWorkload - Start user #100
22:01:09.053 [DEBUG] i.g.h.c.i.HttpAppHandler - Write request WritableRequest{request=DefaultFullHttpRequest(decodeResult: success, version: HTTP/1.1, content: UnpooledByteBufAllocator$InstrumentedUnpooledUnsafeHeapByteBuf(ridx: 0, widx: 0, cap: 0))
GET /cpu/magic-identity-check?matrixSize=133 HTTP/1.1
Accept: */*
Content-Type: application/json;charset=UTF-8
Accept-Language: en-US,en;q=0.8,nl;q=0.6
User-Agent: Mozilla/5.0 (Windows NT 6.1; WOW64) AppleWebKit/537.36 (KHTML, like Gecko) Chrome/38.0.2125.111 Safari/537.36
accept-encoding: gzip,deflate,sdch
host: localhost:8080, content=null}
22:01:09.064 [DEBUG] i.g.h.c.i.HttpAppHandler - Read msg='DefaultHttpResponse(decodeResult: success, version: HTTP/1.1)
HTTP/1.1 200 
Content-Type: application/json;charset=UTF-8
Transfer-Encoding: chunked
Date: Wed, 29 Jan 2020 21:01:09 GMT'
22:01:09.064 [DEBUG] i.g.h.c.i.HttpAppHandler - Read msg='DefaultHttpContent(data: PooledSlicedByteBuf(ridx: 0, widx: 170, cap: 170/170, unwrapped: PooledUnsafeDirectByteBuf(ridx: 304, widx: 304, cap: 1024)), decoderResult: success)'
22:01:09.064 [DEBUG] i.g.h.c.i.HttpAppHandler - Read msg='EmptyLastHttpContent'
22:01:09.065 [TRACE] i.g.h.e.r.DefaultStatsProcessor - 
>>>>>>>>>>>>>>>>>>>>>>>>>>
Request:
simple_cpu_burn: OK 
=========================
Session:
Session(Acceptance test,100,1580331669051,Map(gatling.http.ssl.sslContexts -> SslContexts(io.netty.handler.ssl.JdkSslContext@46adeee6,None), gatling.http.cache.dns -> io.gatling.http.cache.DnsCacheSupport$$anon$1@5898ac4b, gatling.http.cache.baseUrl -> http://localhost:8080),0,OK,List(),io.gatling.core.protocol.ProtocolComponentsRegistry$$Lambda$598/0x000000084055d840@452b12e)
=========================
HTTP request:
GET http://localhost:8080/cpu/magic-identity-check?matrixSize=133
headers=
Accept: */*
Content-Type: application/json;charset=UTF-8
Accept-Language: en-US,en;q=0.8,nl;q=0.6
User-Agent: Mozilla/5.0 (Windows NT 6.1; WOW64) AppleWebKit/537.36 (KHTML, like Gecko) Chrome/38.0.2125.111 Safari/537.36
accept-encoding: gzip,deflate,sdch
host: localhost:8080
=========================
HTTP response:
status=
200 
headers= 
Content-Type: application/json;charset=UTF-8
Transfer-Encoding: chunked
Date: Wed, 29 Jan 2020 21:01:09 GMT

body=
{"message":"A simple magic square multiplied by an identity square of size [133] [is equal] to the magic square.","name":"Simple-PropertiesFileName","durationInMillis":9}
<<<<<<<<<<<<<<<<<<<<<<<<<
22:01:09.065 [DEBUG] i.g.c.a.Pause - Pausing for 945ms (real=944ms)
22:01:09.112 [DEBUG] i.g.h.e.t.HttpTxExecutor - Sending request=simple_mini_leak uri=http://localhost:8080/memory/grow?objects=8&items=54: scenario=Acceptance test, userId=93
22:01:09.112 [DEBUG] i.g.h.e.t.HttpTxExecutor - Sending request=upload-file uri=http://localhost:8080/files/upload: scenario=Acceptance test, userId=88
22:01:09.112 [DEBUG] i.g.h.c.i.HttpAppHandler - Write request WritableRequest{request=DefaultFullHttpRequest(decodeResult: success, version: HTTP/1.1, content: UnpooledByteBufAllocator$InstrumentedUnpooledUnsafeHeapByteBuf(ridx: 0, widx: 0, cap: 0))
GET /memory/grow?objects=8&items=54 HTTP/1.1
Accept: */*
Content-Type: application/json;charset=UTF-8
Accept-Language: en-US,en;q=0.8,nl;q=0.6
User-Agent: Mozilla/5.0 (Windows NT 6.1; WOW64) AppleWebKit/537.36 (KHTML, like Gecko) Chrome/38.0.2125.111 Safari/537.36
accept-encoding: gzip,deflate,sdch
host: localhost:8080, content=null}
22:01:09.113 [DEBUG] i.g.h.c.i.HttpAppHandler - Write request WritableRequest{request=DefaultHttpRequest(decodeResult: success, version: HTTP/1.1)
POST /files/upload HTTP/1.1
Accept: */*
Accept-Language: en-US,en;q=0.8,nl;q=0.6
User-Agent: Mozilla/5.0 (Windows NT 6.1; WOW64) AppleWebKit/537.36 (KHTML, like Gecko) Chrome/38.0.2125.111 Safari/537.36
accept-encoding: gzip,deflate,sdch
host: localhost:8080
content-type: multipart/form-data; boundary=3dv-JoPXxAYjOcT0MEf5ABOKnlNeWIFW-v1
content-length: 220, content=io.gatling.http.client.body.multipart.impl.MultipartFileRegion@4128c2f6}
22:01:09.116 [DEBUG] i.g.h.c.i.HttpAppHandler - Read msg='DefaultHttpResponse(decodeResult: success, version: HTTP/1.1)
HTTP/1.1 200 
Content-Type: text/plain;charset=UTF-8
Content-Length: 62
Date: Wed, 29 Jan 2020 21:01:09 GMT'
22:01:09.116 [DEBUG] i.g.h.c.i.HttpAppHandler - Read msg='DefaultLastHttpContent(data: PooledSlicedByteBuf(ridx: 0, widx: 62, cap: 62/62, unwrapped: PooledUnsafeDirectByteBuf(ridx: 176, widx: 176, cap: 512)), decoderResult: success)'
22:01:09.116 [TRACE] i.g.h.e.r.DefaultStatsProcessor - 
>>>>>>>>>>>>>>>>>>>>>>>>>>
Request:
upload-file: OK 
=========================
Session:
Session(Acceptance test,88,1580331663052,Map(gatling.http.ssl.sslContexts -> SslContexts(io.netty.handler.ssl.JdkSslContext@26328504,None), gatling.http.cache.dns -> io.gatling.http.cache.DnsCacheSupport$$anon$1@5898ac4b, gatling.http.cache.baseUrl -> http://localhost:8080),14,OK,List(),io.gatling.core.protocol.ProtocolComponentsRegistry$$Lambda$598/0x000000084055d840@452b12e)
=========================
HTTP request:
POST http://localhost:8080/files/upload
headers=
Accept: */*
Accept-Language: en-US,en;q=0.8,nl;q=0.6
User-Agent: Mozilla/5.0 (Windows NT 6.1; WOW64) AppleWebKit/537.36 (KHTML, like Gecko) Chrome/38.0.2125.111 Safari/537.36
accept-encoding: gzip,deflate,sdch
host: localhost:8080
content-type: multipart/form-data; boundary=3dv-JoPXxAYjOcT0MEf5ABOKnlNeWIFW-v1
content-length: 220
multipartBody=
ByteArrayPart: name=upload contentType=text/plain dispositionType=null charset=UTF-8 transferEncoding=null contentId=null filename=gatling-upload.txt
=========================
HTTP response:
status=
200 
headers= 
Content-Type: text/plain;charset=UTF-8
Content-Length: 62
Date: Wed, 29 Jan 2020 21:01:09 GMT

body=
File upload succeeded [gatling-upload.txt] of size [17] bytes.
<<<<<<<<<<<<<<<<<<<<<<<<<
22:01:09.116 [DEBUG] i.g.c.a.Exit - End user #88
22:01:09.117 [DEBUG] i.g.c.c.i.Injector - End user #88
22:01:09.120 [DEBUG] i.g.h.c.i.HttpAppHandler - Read msg='DefaultHttpResponse(decodeResult: success, version: HTTP/1.1)
HTTP/1.1 200 
Content-Type: application/json;charset=UTF-8
Transfer-Encoding: chunked
Date: Wed, 29 Jan 2020 21:01:09 GMT'
22:01:09.120 [DEBUG] i.g.h.c.i.HttpAppHandler - Read msg='DefaultHttpContent(data: PooledSlicedByteBuf(ridx: 0, widx: 144, cap: 144/144, unwrapped: PooledUnsafeDirectByteBuf(ridx: 278, widx: 283, cap: 512)), decoderResult: success)'
22:01:09.120 [DEBUG] i.g.h.c.i.HttpAppHandler - Read msg='EmptyLastHttpContent'
22:01:09.120 [TRACE] i.g.h.e.r.DefaultStatsProcessor - 
>>>>>>>>>>>>>>>>>>>>>>>>>>
Request:
simple_mini_leak: OK 
=========================
Session:
Session(Acceptance test,93,1580331665551,Map(gatling.http.ssl.sslContexts -> SslContexts(io.netty.handler.ssl.JdkSslContext@1eebeb3a,None), gatling.http.cache.dns -> io.gatling.http.cache.DnsCacheSupport$$anon$1@5898ac4b, gatling.http.cache.baseUrl -> http://localhost:8080),26,OK,List(),io.gatling.core.protocol.ProtocolComponentsRegistry$$Lambda$598/0x000000084055d840@452b12e)
=========================
HTTP request:
GET http://localhost:8080/memory/grow?objects=8&items=54
headers=
Accept: */*
Content-Type: application/json;charset=UTF-8
Accept-Language: en-US,en;q=0.8,nl;q=0.6
User-Agent: Mozilla/5.0 (Windows NT 6.1; WOW64) AppleWebKit/537.36 (KHTML, like Gecko) Chrome/38.0.2125.111 Safari/537.36
accept-encoding: gzip,deflate,sdch
host: localhost:8080
=========================
HTTP response:
status=
200 
headers= 
Content-Type: application/json;charset=UTF-8
Transfer-Encoding: chunked
Date: Wed, 29 Jan 2020 21:01:09 GMT

body=
{"message":"Size of BigFatBastard list is now 11712 objects. It contains 632448 items.","name":"Simple-PropertiesFileName","durationInMillis":5}
<<<<<<<<<<<<<<<<<<<<<<<<<
22:01:09.120 [DEBUG] i.g.c.a.Pause - Pausing for 3303ms (real=3277ms)
22:01:09.152 [DEBUG] i.g.h.e.t.HttpTxExecutor - Sending request=simple_delay uri=http://localhost:8080/delay?duration=555: scenario=Acceptance test, userId=99
22:01:09.152 [DEBUG] i.g.h.c.i.HttpAppHandler - Write request WritableRequest{request=DefaultFullHttpRequest(decodeResult: success, version: HTTP/1.1, content: UnpooledByteBufAllocator$InstrumentedUnpooledUnsafeHeapByteBuf(ridx: 0, widx: 0, cap: 0))
GET /delay?duration=555 HTTP/1.1
Accept: */*
Content-Type: application/json;charset=UTF-8
Accept-Language: en-US,en;q=0.8,nl;q=0.6
User-Agent: Mozilla/5.0 (Windows NT 6.1; WOW64) AppleWebKit/537.36 (KHTML, like Gecko) Chrome/38.0.2125.111 Safari/537.36
accept-encoding: gzip,deflate,sdch
host: localhost:8080, content=null}

================================================================================
2020-01-29 22:01:09                                          65s elapsed
---- Requests ------------------------------------------------------------------
> Global                                                   (OK=356    KO=1     )
> simple_cpu_burn                                          (OK=100    KO=0     )
> simple_delay                                             (OK=90     KO=0     )
> simple_mini_leak                                         (OK=85     KO=1     )
> upload-file                                              (OK=81     KO=0     )
---- Errors --------------------------------------------------------------------
> status.find.is(200), but actually found 500                         1 (100.0%)

---- Acceptance test -----------------------------------------------------------
[########---                                                               ] 11%
          waiting: 590    / active: 19     / done: 81    
================================================================================

22:01:09.211 [DEBUG] i.g.h.e.t.HttpTxExecutor - Sending request=simple_mini_leak uri=http://localhost:8080/memory/grow?objects=8&items=54: scenario=Acceptance test, userId=81
22:01:09.212 [DEBUG] i.g.h.c.i.HttpAppHandler - Write request WritableRequest{request=DefaultFullHttpRequest(decodeResult: success, version: HTTP/1.1, content: UnpooledByteBufAllocator$InstrumentedUnpooledUnsafeHeapByteBuf(ridx: 0, widx: 0, cap: 0))
GET /memory/grow?objects=8&items=54 HTTP/1.1
Accept: */*
Content-Type: application/json;charset=UTF-8
Accept-Language: en-US,en;q=0.8,nl;q=0.6
User-Agent: Mozilla/5.0 (Windows NT 6.1; WOW64) AppleWebKit/537.36 (KHTML, like Gecko) Chrome/38.0.2125.111 Safari/537.36
accept-encoding: gzip,deflate,sdch
host: localhost:8080, content=null}
22:01:09.219 [DEBUG] i.g.h.c.i.HttpAppHandler - Read msg='DefaultHttpResponse(decodeResult: success, version: HTTP/1.1)
HTTP/1.1 200 
Content-Type: application/json;charset=UTF-8
Transfer-Encoding: chunked
Date: Wed, 29 Jan 2020 21:01:09 GMT'
22:01:09.219 [DEBUG] i.g.h.c.i.HttpAppHandler - Read msg='DefaultHttpContent(data: PooledSlicedByteBuf(ridx: 0, widx: 144, cap: 144/144, unwrapped: PooledUnsafeDirectByteBuf(ridx: 278, widx: 283, cap: 512)), decoderResult: success)'
22:01:09.219 [DEBUG] i.g.h.c.i.HttpAppHandler - Read msg='EmptyLastHttpContent'
22:01:09.220 [TRACE] i.g.h.e.r.DefaultStatsProcessor - 
>>>>>>>>>>>>>>>>>>>>>>>>>>
Request:
simple_mini_leak: OK 
=========================
Session:
Session(Acceptance test,81,1580331659551,Map(gatling.http.ssl.sslContexts -> SslContexts(io.netty.handler.ssl.JdkSslContext@5f034302,None), gatling.http.cache.dns -> io.gatling.http.cache.DnsCacheSupport$$anon$1@5898ac4b, gatling.http.cache.baseUrl -> http://localhost:8080),14,OK,List(),io.gatling.core.protocol.ProtocolComponentsRegistry$$Lambda$598/0x000000084055d840@452b12e)
=========================
HTTP request:
GET http://localhost:8080/memory/grow?objects=8&items=54
headers=
Accept: */*
Content-Type: application/json;charset=UTF-8
Accept-Language: en-US,en;q=0.8,nl;q=0.6
User-Agent: Mozilla/5.0 (Windows NT 6.1; WOW64) AppleWebKit/537.36 (KHTML, like Gecko) Chrome/38.0.2125.111 Safari/537.36
accept-encoding: gzip,deflate,sdch
host: localhost:8080
=========================
HTTP response:
status=
200 
headers= 
Content-Type: application/json;charset=UTF-8
Transfer-Encoding: chunked
Date: Wed, 29 Jan 2020 21:01:09 GMT

body=
{"message":"Size of BigFatBastard list is now 11720 objects. It contains 632880 items.","name":"Simple-PropertiesFileName","durationInMillis":5}
<<<<<<<<<<<<<<<<<<<<<<<<<
22:01:09.220 [DEBUG] i.g.c.a.Pause - Pausing for 3148ms (real=3133ms)
22:01:09.552 [DEBUG] i.g.c.c.i.o.OpenWorkload - Injecting 2 users in scenario Acceptance test, continue=true
22:01:09.552 [DEBUG] i.g.h.e.t.HttpTxExecutor - Sending request=simple_cpu_burn uri=http://localhost:8080/cpu/magic-identity-check?matrixSize=133: scenario=Acceptance test, userId=101
22:01:09.552 [DEBUG] i.g.c.c.i.o.OpenWorkload - Start user #101
22:01:09.554 [DEBUG] i.g.h.c.i.HttpAppHandler - Write request WritableRequest{request=DefaultFullHttpRequest(decodeResult: success, version: HTTP/1.1, content: UnpooledByteBufAllocator$InstrumentedUnpooledUnsafeHeapByteBuf(ridx: 0, widx: 0, cap: 0))
GET /cpu/magic-identity-check?matrixSize=133 HTTP/1.1
Accept: */*
Content-Type: application/json;charset=UTF-8
Accept-Language: en-US,en;q=0.8,nl;q=0.6
User-Agent: Mozilla/5.0 (Windows NT 6.1; WOW64) AppleWebKit/537.36 (KHTML, like Gecko) Chrome/38.0.2125.111 Safari/537.36
accept-encoding: gzip,deflate,sdch
host: localhost:8080, content=null}
22:01:09.564 [DEBUG] i.g.h.c.i.HttpAppHandler - Read msg='DefaultHttpResponse(decodeResult: success, version: HTTP/1.1)
HTTP/1.1 200 
Content-Type: application/json;charset=UTF-8
Transfer-Encoding: chunked
Date: Wed, 29 Jan 2020 21:01:09 GMT'
22:01:09.565 [DEBUG] i.g.h.c.i.HttpAppHandler - Read msg='DefaultHttpContent(data: PooledSlicedByteBuf(ridx: 0, widx: 170, cap: 170/170, unwrapped: PooledUnsafeDirectByteBuf(ridx: 304, widx: 304, cap: 1024)), decoderResult: success)'
22:01:09.565 [DEBUG] i.g.h.c.i.HttpAppHandler - Read msg='EmptyLastHttpContent'
22:01:09.565 [TRACE] i.g.h.e.r.DefaultStatsProcessor - 
>>>>>>>>>>>>>>>>>>>>>>>>>>
Request:
simple_cpu_burn: OK 
=========================
Session:
Session(Acceptance test,101,1580331669552,Map(gatling.http.ssl.sslContexts -> SslContexts(io.netty.handler.ssl.JdkSslContext@5a6adfda,None), gatling.http.cache.dns -> io.gatling.http.cache.DnsCacheSupport$$anon$1@5898ac4b, gatling.http.cache.baseUrl -> http://localhost:8080),0,OK,List(),io.gatling.core.protocol.ProtocolComponentsRegistry$$Lambda$598/0x000000084055d840@452b12e)
=========================
HTTP request:
GET http://localhost:8080/cpu/magic-identity-check?matrixSize=133
headers=
Accept: */*
Content-Type: application/json;charset=UTF-8
Accept-Language: en-US,en;q=0.8,nl;q=0.6
User-Agent: Mozilla/5.0 (Windows NT 6.1; WOW64) AppleWebKit/537.36 (KHTML, like Gecko) Chrome/38.0.2125.111 Safari/537.36
accept-encoding: gzip,deflate,sdch
host: localhost:8080
=========================
HTTP response:
status=
200 
headers= 
Content-Type: application/json;charset=UTF-8
Transfer-Encoding: chunked
Date: Wed, 29 Jan 2020 21:01:09 GMT

body=
{"message":"A simple magic square multiplied by an identity square of size [133] [is equal] to the magic square.","name":"Simple-PropertiesFileName","durationInMillis":9}
<<<<<<<<<<<<<<<<<<<<<<<<<
22:01:09.565 [DEBUG] i.g.c.a.Pause - Pausing for 5446ms (real=5446ms)
22:01:09.652 [DEBUG] i.g.h.e.t.HttpTxExecutor - Sending request=upload-file uri=http://localhost:8080/files/upload: scenario=Acceptance test, userId=86
22:01:09.652 [DEBUG] i.g.h.c.i.HttpAppHandler - Write request WritableRequest{request=DefaultHttpRequest(decodeResult: success, version: HTTP/1.1)
POST /files/upload HTTP/1.1
Accept: */*
Accept-Language: en-US,en;q=0.8,nl;q=0.6
User-Agent: Mozilla/5.0 (Windows NT 6.1; WOW64) AppleWebKit/537.36 (KHTML, like Gecko) Chrome/38.0.2125.111 Safari/537.36
accept-encoding: gzip,deflate,sdch
host: localhost:8080
content-type: multipart/form-data; boundary=mvsJEpSvIZ7Gpd_V32KQ4vCpCqiZgHGeBgL
content-length: 220, content=io.gatling.http.client.body.multipart.impl.MultipartFileRegion@782791b6}
22:01:09.655 [DEBUG] i.g.h.c.i.HttpAppHandler - Read msg='DefaultHttpResponse(decodeResult: success, version: HTTP/1.1)
HTTP/1.1 200 
Content-Type: text/plain;charset=UTF-8
Content-Length: 62
Date: Wed, 29 Jan 2020 21:01:09 GMT'
22:01:09.655 [DEBUG] i.g.h.c.i.HttpAppHandler - Read msg='DefaultLastHttpContent(data: PooledSlicedByteBuf(ridx: 0, widx: 62, cap: 62/62, unwrapped: PooledUnsafeDirectByteBuf(ridx: 176, widx: 176, cap: 496)), decoderResult: success)'
22:01:09.656 [TRACE] i.g.h.e.r.DefaultStatsProcessor - 
>>>>>>>>>>>>>>>>>>>>>>>>>>
Request:
upload-file: OK 
=========================
Session:
Session(Acceptance test,86,1580331662052,Map(gatling.http.ssl.sslContexts -> SslContexts(io.netty.handler.ssl.JdkSslContext@7bfec96a,None), gatling.http.cache.dns -> io.gatling.http.cache.DnsCacheSupport$$anon$1@5898ac4b, gatling.http.cache.baseUrl -> http://localhost:8080),19,OK,List(),io.gatling.core.protocol.ProtocolComponentsRegistry$$Lambda$598/0x000000084055d840@452b12e)
=========================
HTTP request:
POST http://localhost:8080/files/upload
headers=
Accept: */*
Accept-Language: en-US,en;q=0.8,nl;q=0.6
User-Agent: Mozilla/5.0 (Windows NT 6.1; WOW64) AppleWebKit/537.36 (KHTML, like Gecko) Chrome/38.0.2125.111 Safari/537.36
accept-encoding: gzip,deflate,sdch
host: localhost:8080
content-type: multipart/form-data; boundary=mvsJEpSvIZ7Gpd_V32KQ4vCpCqiZgHGeBgL
content-length: 220
multipartBody=
ByteArrayPart: name=upload contentType=text/plain dispositionType=null charset=UTF-8 transferEncoding=null contentId=null filename=gatling-upload.txt
=========================
HTTP response:
status=
200 
headers= 
Content-Type: text/plain;charset=UTF-8
Content-Length: 62
Date: Wed, 29 Jan 2020 21:01:09 GMT

body=
File upload succeeded [gatling-upload.txt] of size [17] bytes.
<<<<<<<<<<<<<<<<<<<<<<<<<
22:01:09.656 [DEBUG] i.g.c.a.Exit - End user #86
22:01:09.656 [DEBUG] i.g.c.c.i.Injector - End user #86
22:01:09.710 [DEBUG] i.g.h.c.i.HttpAppHandler - Read msg='DefaultHttpResponse(decodeResult: success, version: HTTP/1.1)
HTTP/1.1 200 
Content-Type: application/json;charset=UTF-8
Transfer-Encoding: chunked
Date: Wed, 29 Jan 2020 21:01:09 GMT'
22:01:09.710 [DEBUG] i.g.h.c.i.HttpAppHandler - Read msg='DefaultHttpContent(data: PooledSlicedByteBuf(ridx: 0, widx: 95, cap: 95/95, unwrapped: PooledUnsafeDirectByteBuf(ridx: 229, widx: 229, cap: 1024)), decoderResult: success)'
22:01:09.710 [DEBUG] i.g.h.c.i.HttpAppHandler - Read msg='EmptyLastHttpContent'
22:01:09.711 [TRACE] i.g.h.e.r.DefaultStatsProcessor - 
>>>>>>>>>>>>>>>>>>>>>>>>>>
Request:
simple_delay: OK 
=========================
Session:
Session(Acceptance test,99,1580331668551,Map(gatling.http.ssl.sslContexts -> SslContexts(io.netty.handler.ssl.JdkSslContext@5990258c,None), gatling.http.cache.dns -> io.gatling.http.cache.DnsCacheSupport$$anon$1@5898ac4b, gatling.http.cache.baseUrl -> http://localhost:8080),21,OK,List(),io.gatling.core.protocol.ProtocolComponentsRegistry$$Lambda$598/0x000000084055d840@452b12e)
=========================
HTTP request:
GET http://localhost:8080/delay?duration=555
headers=
Accept: */*
Content-Type: application/json;charset=UTF-8
Accept-Language: en-US,en;q=0.8,nl;q=0.6
User-Agent: Mozilla/5.0 (Windows NT 6.1; WOW64) AppleWebKit/537.36 (KHTML, like Gecko) Chrome/38.0.2125.111 Safari/537.36
accept-encoding: gzip,deflate,sdch
host: localhost:8080
=========================
HTTP response:
status=
200 
headers= 
Content-Type: application/json;charset=UTF-8
Transfer-Encoding: chunked
Date: Wed, 29 Jan 2020 21:01:09 GMT

body=
{"message":"This was a delay of 555","name":"Simple-PropertiesFileName","durationInMillis":555}
<<<<<<<<<<<<<<<<<<<<<<<<<
22:01:09.711 [DEBUG] i.g.c.a.Pause - Pausing for 226ms (real=204ms)
22:01:09.932 [DEBUG] i.g.h.e.t.HttpTxExecutor - Sending request=simple_mini_leak uri=http://localhost:8080/memory/grow?objects=8&items=54: scenario=Acceptance test, userId=99
22:01:09.932 [DEBUG] i.g.h.c.i.HttpAppHandler - Write request WritableRequest{request=DefaultFullHttpRequest(decodeResult: success, version: HTTP/1.1, content: UnpooledByteBufAllocator$InstrumentedUnpooledUnsafeHeapByteBuf(ridx: 0, widx: 0, cap: 0))
GET /memory/grow?objects=8&items=54 HTTP/1.1
Accept: */*
Content-Type: application/json;charset=UTF-8
Accept-Language: en-US,en;q=0.8,nl;q=0.6
User-Agent: Mozilla/5.0 (Windows NT 6.1; WOW64) AppleWebKit/537.36 (KHTML, like Gecko) Chrome/38.0.2125.111 Safari/537.36
accept-encoding: gzip,deflate,sdch
host: localhost:8080, content=null}
22:01:09.939 [DEBUG] i.g.h.c.i.HttpAppHandler - Read msg='DefaultHttpResponse(decodeResult: success, version: HTTP/1.1)
HTTP/1.1 200 
Content-Type: application/json;charset=UTF-8
Transfer-Encoding: chunked
Date: Wed, 29 Jan 2020 21:01:09 GMT'
22:01:09.939 [DEBUG] i.g.h.c.i.HttpAppHandler - Read msg='DefaultHttpContent(data: PooledSlicedByteBuf(ridx: 0, widx: 144, cap: 144/144, unwrapped: PooledUnsafeDirectByteBuf(ridx: 278, widx: 278, cap: 512)), decoderResult: success)'
22:01:09.939 [DEBUG] i.g.h.c.i.HttpAppHandler - Read msg='EmptyLastHttpContent'
22:01:09.939 [TRACE] i.g.h.e.r.DefaultStatsProcessor - 
>>>>>>>>>>>>>>>>>>>>>>>>>>
Request:
simple_mini_leak: OK 
=========================
Session:
Session(Acceptance test,99,1580331668551,Map(gatling.http.ssl.sslContexts -> SslContexts(io.netty.handler.ssl.JdkSslContext@5990258c,None), gatling.http.cache.dns -> io.gatling.http.cache.DnsCacheSupport$$anon$1@5898ac4b, gatling.http.cache.baseUrl -> http://localhost:8080),16,OK,List(),io.gatling.core.protocol.ProtocolComponentsRegistry$$Lambda$598/0x000000084055d840@452b12e)
=========================
HTTP request:
GET http://localhost:8080/memory/grow?objects=8&items=54
headers=
Accept: */*
Content-Type: application/json;charset=UTF-8
Accept-Language: en-US,en;q=0.8,nl;q=0.6
User-Agent: Mozilla/5.0 (Windows NT 6.1; WOW64) AppleWebKit/537.36 (KHTML, like Gecko) Chrome/38.0.2125.111 Safari/537.36
accept-encoding: gzip,deflate,sdch
host: localhost:8080
=========================
HTTP response:
status=
200 
headers= 
Content-Type: application/json;charset=UTF-8
Transfer-Encoding: chunked
Date: Wed, 29 Jan 2020 21:01:09 GMT

body=
{"message":"Size of BigFatBastard list is now 11728 objects. It contains 633312 items.","name":"Simple-PropertiesFileName","durationInMillis":5}
<<<<<<<<<<<<<<<<<<<<<<<<<
22:01:09.939 [DEBUG] i.g.c.a.Pause - Pausing for 1404ms (real=1388ms)
22:01:10.031 [DEBUG] i.g.h.e.t.HttpTxExecutor - Sending request=simple_delay uri=http://localhost:8080/delay?duration=555: scenario=Acceptance test, userId=100
22:01:10.032 [DEBUG] i.g.h.c.i.HttpAppHandler - Write request WritableRequest{request=DefaultFullHttpRequest(decodeResult: success, version: HTTP/1.1, content: UnpooledByteBufAllocator$InstrumentedUnpooledUnsafeHeapByteBuf(ridx: 0, widx: 0, cap: 0))
GET /delay?duration=555 HTTP/1.1
Accept: */*
Content-Type: application/json;charset=UTF-8
Accept-Language: en-US,en;q=0.8,nl;q=0.6
User-Agent: Mozilla/5.0 (Windows NT 6.1; WOW64) AppleWebKit/537.36 (KHTML, like Gecko) Chrome/38.0.2125.111 Safari/537.36
accept-encoding: gzip,deflate,sdch
host: localhost:8080, content=null}
22:01:10.052 [DEBUG] i.g.h.e.t.HttpTxExecutor - Sending request=simple_cpu_burn uri=http://localhost:8080/cpu/magic-identity-check?matrixSize=133: scenario=Acceptance test, userId=102
22:01:10.052 [DEBUG] i.g.c.c.i.o.OpenWorkload - Start user #102
22:01:10.053 [DEBUG] i.g.h.c.i.HttpAppHandler - Write request WritableRequest{request=DefaultFullHttpRequest(decodeResult: success, version: HTTP/1.1, content: UnpooledByteBufAllocator$InstrumentedUnpooledUnsafeHeapByteBuf(ridx: 0, widx: 0, cap: 0))
GET /cpu/magic-identity-check?matrixSize=133 HTTP/1.1
Accept: */*
Content-Type: application/json;charset=UTF-8
Accept-Language: en-US,en;q=0.8,nl;q=0.6
User-Agent: Mozilla/5.0 (Windows NT 6.1; WOW64) AppleWebKit/537.36 (KHTML, like Gecko) Chrome/38.0.2125.111 Safari/537.36
accept-encoding: gzip,deflate,sdch
host: localhost:8080, content=null}
22:01:10.061 [DEBUG] i.g.h.c.i.HttpAppHandler - Read msg='DefaultHttpResponse(decodeResult: success, version: HTTP/1.1)
HTTP/1.1 200 
Content-Type: application/json;charset=UTF-8
Transfer-Encoding: chunked
Date: Wed, 29 Jan 2020 21:01:09 GMT'
22:01:10.061 [DEBUG] i.g.h.c.i.HttpAppHandler - Read msg='DefaultHttpContent(data: PooledSlicedByteBuf(ridx: 0, widx: 170, cap: 170/170, unwrapped: PooledUnsafeDirectByteBuf(ridx: 304, widx: 309, cap: 1024)), decoderResult: success)'
22:01:10.061 [DEBUG] i.g.h.c.i.HttpAppHandler - Read msg='EmptyLastHttpContent'
22:01:10.062 [TRACE] i.g.h.e.r.DefaultStatsProcessor - 
>>>>>>>>>>>>>>>>>>>>>>>>>>
Request:
simple_cpu_burn: OK 
=========================
Session:
Session(Acceptance test,102,1580331670051,Map(gatling.http.ssl.sslContexts -> SslContexts(io.netty.handler.ssl.JdkSslContext@12559bf7,None), gatling.http.cache.dns -> io.gatling.http.cache.DnsCacheSupport$$anon$1@5898ac4b, gatling.http.cache.baseUrl -> http://localhost:8080),0,OK,List(),io.gatling.core.protocol.ProtocolComponentsRegistry$$Lambda$598/0x000000084055d840@452b12e)
=========================
HTTP request:
GET http://localhost:8080/cpu/magic-identity-check?matrixSize=133
headers=
Accept: */*
Content-Type: application/json;charset=UTF-8
Accept-Language: en-US,en;q=0.8,nl;q=0.6
User-Agent: Mozilla/5.0 (Windows NT 6.1; WOW64) AppleWebKit/537.36 (KHTML, like Gecko) Chrome/38.0.2125.111 Safari/537.36
accept-encoding: gzip,deflate,sdch
host: localhost:8080
=========================
HTTP response:
status=
200 
headers= 
Content-Type: application/json;charset=UTF-8
Transfer-Encoding: chunked
Date: Wed, 29 Jan 2020 21:01:09 GMT

body=
{"message":"A simple magic square multiplied by an identity square of size [133] [is equal] to the magic square.","name":"Simple-PropertiesFileName","durationInMillis":6}
<<<<<<<<<<<<<<<<<<<<<<<<<
22:01:10.062 [DEBUG] i.g.c.a.Pause - Pausing for 1987ms (real=1986ms)
22:01:10.082 [DEBUG] i.g.h.e.t.HttpTxExecutor - Sending request=simple_delay uri=http://localhost:8080/delay?duration=555: scenario=Acceptance test, userId=95
22:01:10.082 [DEBUG] i.g.h.c.i.HttpAppHandler - Write request WritableRequest{request=DefaultFullHttpRequest(decodeResult: success, version: HTTP/1.1, content: UnpooledByteBufAllocator$InstrumentedUnpooledUnsafeHeapByteBuf(ridx: 0, widx: 0, cap: 0))
GET /delay?duration=555 HTTP/1.1
Accept: */*
Content-Type: application/json;charset=UTF-8
Accept-Language: en-US,en;q=0.8,nl;q=0.6
User-Agent: Mozilla/5.0 (Windows NT 6.1; WOW64) AppleWebKit/537.36 (KHTML, like Gecko) Chrome/38.0.2125.111 Safari/537.36
accept-encoding: gzip,deflate,sdch
host: localhost:8080, content=null}
22:01:10.232 [DEBUG] i.g.h.e.t.HttpTxExecutor - Sending request=simple_delay uri=http://localhost:8080/delay?duration=555: scenario=Acceptance test, userId=98
22:01:10.232 [DEBUG] i.g.h.c.i.HttpAppHandler - Write request WritableRequest{request=DefaultFullHttpRequest(decodeResult: success, version: HTTP/1.1, content: UnpooledByteBufAllocator$InstrumentedUnpooledUnsafeHeapByteBuf(ridx: 0, widx: 0, cap: 0))
GET /delay?duration=555 HTTP/1.1
Accept: */*
Content-Type: application/json;charset=UTF-8
Accept-Language: en-US,en;q=0.8,nl;q=0.6
User-Agent: Mozilla/5.0 (Windows NT 6.1; WOW64) AppleWebKit/537.36 (KHTML, like Gecko) Chrome/38.0.2125.111 Safari/537.36
accept-encoding: gzip,deflate,sdch
host: localhost:8080, content=null}
22:01:10.552 [DEBUG] i.g.c.c.i.o.OpenWorkload - Injecting 2 users in scenario Acceptance test, continue=true
22:01:10.553 [DEBUG] i.g.h.e.t.HttpTxExecutor - Sending request=simple_cpu_burn uri=http://localhost:8080/cpu/magic-identity-check?matrixSize=133: scenario=Acceptance test, userId=103
22:01:10.553 [DEBUG] i.g.c.c.i.o.OpenWorkload - Start user #103
22:01:10.554 [DEBUG] i.g.h.c.i.HttpAppHandler - Write request WritableRequest{request=DefaultFullHttpRequest(decodeResult: success, version: HTTP/1.1, content: UnpooledByteBufAllocator$InstrumentedUnpooledUnsafeHeapByteBuf(ridx: 0, widx: 0, cap: 0))
GET /cpu/magic-identity-check?matrixSize=133 HTTP/1.1
Accept: */*
Content-Type: application/json;charset=UTF-8
Accept-Language: en-US,en;q=0.8,nl;q=0.6
User-Agent: Mozilla/5.0 (Windows NT 6.1; WOW64) AppleWebKit/537.36 (KHTML, like Gecko) Chrome/38.0.2125.111 Safari/537.36
accept-encoding: gzip,deflate,sdch
host: localhost:8080, content=null}
22:01:10.561 [DEBUG] i.g.h.c.i.HttpAppHandler - Read msg='DefaultHttpResponse(decodeResult: success, version: HTTP/1.1)
HTTP/1.1 200 
Content-Type: application/json;charset=UTF-8
Transfer-Encoding: chunked
Date: Wed, 29 Jan 2020 21:01:10 GMT'
22:01:10.561 [DEBUG] i.g.h.c.i.HttpAppHandler - Read msg='DefaultHttpContent(data: PooledSlicedByteBuf(ridx: 0, widx: 170, cap: 170/170, unwrapped: PooledUnsafeDirectByteBuf(ridx: 304, widx: 309, cap: 1024)), decoderResult: success)'
22:01:10.561 [DEBUG] i.g.h.c.i.HttpAppHandler - Read msg='EmptyLastHttpContent'
22:01:10.561 [TRACE] i.g.h.e.r.DefaultStatsProcessor - 
>>>>>>>>>>>>>>>>>>>>>>>>>>
Request:
simple_cpu_burn: OK 
=========================
Session:
Session(Acceptance test,103,1580331670552,Map(gatling.http.ssl.sslContexts -> SslContexts(io.netty.handler.ssl.JdkSslContext@2742d060,None), gatling.http.cache.dns -> io.gatling.http.cache.DnsCacheSupport$$anon$1@5898ac4b, gatling.http.cache.baseUrl -> http://localhost:8080),0,OK,List(),io.gatling.core.protocol.ProtocolComponentsRegistry$$Lambda$598/0x000000084055d840@452b12e)
=========================
HTTP request:
GET http://localhost:8080/cpu/magic-identity-check?matrixSize=133
headers=
Accept: */*
Content-Type: application/json;charset=UTF-8
Accept-Language: en-US,en;q=0.8,nl;q=0.6
User-Agent: Mozilla/5.0 (Windows NT 6.1; WOW64) AppleWebKit/537.36 (KHTML, like Gecko) Chrome/38.0.2125.111 Safari/537.36
accept-encoding: gzip,deflate,sdch
host: localhost:8080
=========================
HTTP response:
status=
200 
headers= 
Content-Type: application/json;charset=UTF-8
Transfer-Encoding: chunked
Date: Wed, 29 Jan 2020 21:01:10 GMT

body=
{"message":"A simple magic square multiplied by an identity square of size [133] [is equal] to the magic square.","name":"Simple-PropertiesFileName","durationInMillis":5}
<<<<<<<<<<<<<<<<<<<<<<<<<
22:01:10.561 [DEBUG] i.g.c.a.Pause - Pausing for 3101ms (real=3101ms)
22:01:10.589 [DEBUG] i.g.h.c.i.HttpAppHandler - Read msg='DefaultHttpResponse(decodeResult: success, version: HTTP/1.1)
HTTP/1.1 200 
Content-Type: application/json;charset=UTF-8
Transfer-Encoding: chunked
Date: Wed, 29 Jan 2020 21:01:10 GMT'
22:01:10.589 [DEBUG] i.g.h.c.i.HttpAppHandler - Read msg='DefaultHttpContent(data: PooledSlicedByteBuf(ridx: 0, widx: 95, cap: 95/95, unwrapped: PooledUnsafeDirectByteBuf(ridx: 229, widx: 234, cap: 512)), decoderResult: success)'
22:01:10.589 [DEBUG] i.g.h.c.i.HttpAppHandler - Read msg='EmptyLastHttpContent'
22:01:10.589 [TRACE] i.g.h.e.r.DefaultStatsProcessor - 
>>>>>>>>>>>>>>>>>>>>>>>>>>
Request:
simple_delay: OK 
=========================
Session:
Session(Acceptance test,100,1580331669051,Map(gatling.http.ssl.sslContexts -> SslContexts(io.netty.handler.ssl.JdkSslContext@46adeee6,None), gatling.http.cache.dns -> io.gatling.http.cache.DnsCacheSupport$$anon$1@5898ac4b, gatling.http.cache.baseUrl -> http://localhost:8080),22,OK,List(),io.gatling.core.protocol.ProtocolComponentsRegistry$$Lambda$598/0x000000084055d840@452b12e)
=========================
HTTP request:
GET http://localhost:8080/delay?duration=555
headers=
Accept: */*
Content-Type: application/json;charset=UTF-8
Accept-Language: en-US,en;q=0.8,nl;q=0.6
User-Agent: Mozilla/5.0 (Windows NT 6.1; WOW64) AppleWebKit/537.36 (KHTML, like Gecko) Chrome/38.0.2125.111 Safari/537.36
accept-encoding: gzip,deflate,sdch
host: localhost:8080
=========================
HTTP response:
status=
200 
headers= 
Content-Type: application/json;charset=UTF-8
Transfer-Encoding: chunked
Date: Wed, 29 Jan 2020 21:01:10 GMT

body=
{"message":"This was a delay of 555","name":"Simple-PropertiesFileName","durationInMillis":555}
<<<<<<<<<<<<<<<<<<<<<<<<<
22:01:10.589 [DEBUG] i.g.c.a.Pause - Pausing for 7710ms (real=7688ms)
22:01:10.638 [DEBUG] i.g.h.c.i.HttpAppHandler - Read msg='DefaultHttpResponse(decodeResult: success, version: HTTP/1.1)
HTTP/1.1 200 
Content-Type: application/json;charset=UTF-8
Transfer-Encoding: chunked
Date: Wed, 29 Jan 2020 21:01:10 GMT'
22:01:10.638 [DEBUG] i.g.h.c.i.HttpAppHandler - Read msg='DefaultHttpContent(data: PooledSlicedByteBuf(ridx: 0, widx: 95, cap: 95/95, unwrapped: PooledUnsafeDirectByteBuf(ridx: 229, widx: 234, cap: 512)), decoderResult: success)'
22:01:10.638 [DEBUG] i.g.h.c.i.HttpAppHandler - Read msg='EmptyLastHttpContent'
22:01:10.639 [TRACE] i.g.h.e.r.DefaultStatsProcessor - 
>>>>>>>>>>>>>>>>>>>>>>>>>>
Request:
simple_delay: OK 
=========================
Session:
Session(Acceptance test,95,1580331666551,Map(gatling.http.ssl.sslContexts -> SslContexts(io.netty.handler.ssl.JdkSslContext@328bb707,None), gatling.http.cache.dns -> io.gatling.http.cache.DnsCacheSupport$$anon$1@5898ac4b, gatling.http.cache.baseUrl -> http://localhost:8080),25,OK,List(),io.gatling.core.protocol.ProtocolComponentsRegistry$$Lambda$598/0x000000084055d840@452b12e)
=========================
HTTP request:
GET http://localhost:8080/delay?duration=555
headers=
Accept: */*
Content-Type: application/json;charset=UTF-8
Accept-Language: en-US,en;q=0.8,nl;q=0.6
User-Agent: Mozilla/5.0 (Windows NT 6.1; WOW64) AppleWebKit/537.36 (KHTML, like Gecko) Chrome/38.0.2125.111 Safari/537.36
accept-encoding: gzip,deflate,sdch
host: localhost:8080
=========================
HTTP response:
status=
200 
headers= 
Content-Type: application/json;charset=UTF-8
Transfer-Encoding: chunked
Date: Wed, 29 Jan 2020 21:01:10 GMT

body=
{"message":"This was a delay of 555","name":"Simple-PropertiesFileName","durationInMillis":555}
<<<<<<<<<<<<<<<<<<<<<<<<<
22:01:10.639 [DEBUG] i.g.c.a.Pause - Pausing for 3478ms (real=3452ms)
22:01:10.790 [DEBUG] i.g.h.c.i.HttpAppHandler - Read msg='DefaultHttpResponse(decodeResult: success, version: HTTP/1.1)
HTTP/1.1 200 
Content-Type: application/json;charset=UTF-8
Transfer-Encoding: chunked
Date: Wed, 29 Jan 2020 21:01:10 GMT'
22:01:10.790 [DEBUG] i.g.h.c.i.HttpAppHandler - Read msg='DefaultHttpContent(data: PooledSlicedByteBuf(ridx: 0, widx: 95, cap: 95/95, unwrapped: PooledUnsafeDirectByteBuf(ridx: 229, widx: 234, cap: 512)), decoderResult: success)'
22:01:10.790 [DEBUG] i.g.h.c.i.HttpAppHandler - Read msg='EmptyLastHttpContent'
22:01:10.790 [TRACE] i.g.h.e.r.DefaultStatsProcessor - 
>>>>>>>>>>>>>>>>>>>>>>>>>>
Request:
simple_delay: OK 
=========================
Session:
Session(Acceptance test,98,1580331668051,Map(gatling.http.ssl.sslContexts -> SslContexts(io.netty.handler.ssl.JdkSslContext@6dbecadb,None), gatling.http.cache.dns -> io.gatling.http.cache.DnsCacheSupport$$anon$1@5898ac4b, gatling.http.cache.baseUrl -> http://localhost:8080),26,OK,List(),io.gatling.core.protocol.ProtocolComponentsRegistry$$Lambda$598/0x000000084055d840@452b12e)
=========================
HTTP request:
GET http://localhost:8080/delay?duration=555
headers=
Accept: */*
Content-Type: application/json;charset=UTF-8
Accept-Language: en-US,en;q=0.8,nl;q=0.6
User-Agent: Mozilla/5.0 (Windows NT 6.1; WOW64) AppleWebKit/537.36 (KHTML, like Gecko) Chrome/38.0.2125.111 Safari/537.36
accept-encoding: gzip,deflate,sdch
host: localhost:8080
=========================
HTTP response:
status=
200 
headers= 
Content-Type: application/json;charset=UTF-8
Transfer-Encoding: chunked
Date: Wed, 29 Jan 2020 21:01:10 GMT

body=
{"message":"This was a delay of 555","name":"Simple-PropertiesFileName","durationInMillis":555}
<<<<<<<<<<<<<<<<<<<<<<<<<
22:01:10.790 [DEBUG] i.g.c.a.Pause - Pausing for 3556ms (real=3530ms)
22:01:10.812 [DEBUG] i.g.h.e.t.HttpTxExecutor - Sending request=upload-file uri=http://localhost:8080/files/upload: scenario=Acceptance test, userId=78
22:01:10.812 [DEBUG] i.g.h.c.i.HttpAppHandler - Write request WritableRequest{request=DefaultHttpRequest(decodeResult: success, version: HTTP/1.1)
POST /files/upload HTTP/1.1
Accept: */*
Accept-Language: en-US,en;q=0.8,nl;q=0.6
User-Agent: Mozilla/5.0 (Windows NT 6.1; WOW64) AppleWebKit/537.36 (KHTML, like Gecko) Chrome/38.0.2125.111 Safari/537.36
accept-encoding: gzip,deflate,sdch
host: localhost:8080
content-type: multipart/form-data; boundary=KjgV7aaqakokF_mwc297QM2ClYoldko8Sdv
content-length: 220, content=io.gatling.http.client.body.multipart.impl.MultipartFileRegion@2eacbe6e}
22:01:10.815 [DEBUG] i.g.h.c.i.HttpAppHandler - Read msg='DefaultHttpResponse(decodeResult: success, version: HTTP/1.1)
HTTP/1.1 200 
Content-Type: text/plain;charset=UTF-8
Content-Length: 62
Date: Wed, 29 Jan 2020 21:01:10 GMT'
22:01:10.815 [DEBUG] i.g.h.c.i.HttpAppHandler - Read msg='DefaultLastHttpContent(data: PooledSlicedByteBuf(ridx: 0, widx: 62, cap: 62/62, unwrapped: PooledUnsafeDirectByteBuf(ridx: 176, widx: 176, cap: 496)), decoderResult: success)'
22:01:10.816 [TRACE] i.g.h.e.r.DefaultStatsProcessor - 
>>>>>>>>>>>>>>>>>>>>>>>>>>
Request:
upload-file: OK 
=========================
Session:
Session(Acceptance test,78,1580331658052,Map(gatling.http.ssl.sslContexts -> SslContexts(io.netty.handler.ssl.JdkSslContext@3b10eab1,None), gatling.http.cache.dns -> io.gatling.http.cache.DnsCacheSupport$$anon$1@5898ac4b, gatling.http.cache.baseUrl -> http://localhost:8080),22,OK,List(),io.gatling.core.protocol.ProtocolComponentsRegistry$$Lambda$598/0x000000084055d840@452b12e)
=========================
HTTP request:
POST http://localhost:8080/files/upload
headers=
Accept: */*
Accept-Language: en-US,en;q=0.8,nl;q=0.6
User-Agent: Mozilla/5.0 (Windows NT 6.1; WOW64) AppleWebKit/537.36 (KHTML, like Gecko) Chrome/38.0.2125.111 Safari/537.36
accept-encoding: gzip,deflate,sdch
host: localhost:8080
content-type: multipart/form-data; boundary=KjgV7aaqakokF_mwc297QM2ClYoldko8Sdv
content-length: 220
multipartBody=
ByteArrayPart: name=upload contentType=text/plain dispositionType=null charset=UTF-8 transferEncoding=null contentId=null filename=gatling-upload.txt
=========================
HTTP response:
status=
200 
headers= 
Content-Type: text/plain;charset=UTF-8
Content-Length: 62
Date: Wed, 29 Jan 2020 21:01:10 GMT

body=
File upload succeeded [gatling-upload.txt] of size [17] bytes.
<<<<<<<<<<<<<<<<<<<<<<<<<
22:01:10.816 [DEBUG] i.g.c.a.Exit - End user #78
22:01:10.816 [DEBUG] i.g.c.c.i.Injector - End user #78
22:01:11.052 [DEBUG] i.g.h.e.t.HttpTxExecutor - Sending request=simple_cpu_burn uri=http://localhost:8080/cpu/magic-identity-check?matrixSize=133: scenario=Acceptance test, userId=104
22:01:11.052 [DEBUG] i.g.c.c.i.o.OpenWorkload - Start user #104
22:01:11.053 [DEBUG] i.g.h.c.i.HttpAppHandler - Write request WritableRequest{request=DefaultFullHttpRequest(decodeResult: success, version: HTTP/1.1, content: UnpooledByteBufAllocator$InstrumentedUnpooledUnsafeHeapByteBuf(ridx: 0, widx: 0, cap: 0))
GET /cpu/magic-identity-check?matrixSize=133 HTTP/1.1
Accept: */*
Content-Type: application/json;charset=UTF-8
Accept-Language: en-US,en;q=0.8,nl;q=0.6
User-Agent: Mozilla/5.0 (Windows NT 6.1; WOW64) AppleWebKit/537.36 (KHTML, like Gecko) Chrome/38.0.2125.111 Safari/537.36
accept-encoding: gzip,deflate,sdch
host: localhost:8080, content=null}
22:01:11.059 [DEBUG] i.g.h.c.i.HttpAppHandler - Read msg='DefaultHttpResponse(decodeResult: success, version: HTTP/1.1)
HTTP/1.1 200 
Content-Type: application/json;charset=UTF-8
Transfer-Encoding: chunked
Date: Wed, 29 Jan 2020 21:01:10 GMT'
22:01:11.060 [DEBUG] i.g.h.c.i.HttpAppHandler - Read msg='DefaultHttpContent(data: PooledSlicedByteBuf(ridx: 0, widx: 170, cap: 170/170, unwrapped: PooledUnsafeDirectByteBuf(ridx: 304, widx: 304, cap: 1024)), decoderResult: success)'
22:01:11.060 [DEBUG] i.g.h.c.i.HttpAppHandler - Read msg='EmptyLastHttpContent'
22:01:11.060 [TRACE] i.g.h.e.r.DefaultStatsProcessor - 
>>>>>>>>>>>>>>>>>>>>>>>>>>
Request:
simple_cpu_burn: OK 
=========================
Session:
Session(Acceptance test,104,1580331671051,Map(gatling.http.ssl.sslContexts -> SslContexts(io.netty.handler.ssl.JdkSslContext@bd5f9bb,None), gatling.http.cache.dns -> io.gatling.http.cache.DnsCacheSupport$$anon$1@5898ac4b, gatling.http.cache.baseUrl -> http://localhost:8080),0,OK,List(),io.gatling.core.protocol.ProtocolComponentsRegistry$$Lambda$598/0x000000084055d840@452b12e)
=========================
HTTP request:
GET http://localhost:8080/cpu/magic-identity-check?matrixSize=133
headers=
Accept: */*
Content-Type: application/json;charset=UTF-8
Accept-Language: en-US,en;q=0.8,nl;q=0.6
User-Agent: Mozilla/5.0 (Windows NT 6.1; WOW64) AppleWebKit/537.36 (KHTML, like Gecko) Chrome/38.0.2125.111 Safari/537.36
accept-encoding: gzip,deflate,sdch
host: localhost:8080
=========================
HTTP response:
status=
200 
headers= 
Content-Type: application/json;charset=UTF-8
Transfer-Encoding: chunked
Date: Wed, 29 Jan 2020 21:01:10 GMT

body=
{"message":"A simple magic square multiplied by an identity square of size [133] [is equal] to the magic square.","name":"Simple-PropertiesFileName","durationInMillis":4}
<<<<<<<<<<<<<<<<<<<<<<<<<
22:01:11.060 [DEBUG] i.g.c.a.Pause - Pausing for 3114ms (real=3114ms)
22:01:11.261 [DEBUG] i.g.h.e.t.HttpTxExecutor - Sending request=simple_mini_leak uri=http://localhost:8080/memory/grow?objects=8&items=54: scenario=Acceptance test, userId=60
22:01:11.262 [DEBUG] i.g.h.c.i.HttpAppHandler - Write request WritableRequest{request=DefaultFullHttpRequest(decodeResult: success, version: HTTP/1.1, content: UnpooledByteBufAllocator$InstrumentedUnpooledUnsafeHeapByteBuf(ridx: 0, widx: 0, cap: 0))
GET /memory/grow?objects=8&items=54 HTTP/1.1
Accept: */*
Content-Type: application/json;charset=UTF-8
Accept-Language: en-US,en;q=0.8,nl;q=0.6
User-Agent: Mozilla/5.0 (Windows NT 6.1; WOW64) AppleWebKit/537.36 (KHTML, like Gecko) Chrome/38.0.2125.111 Safari/537.36
accept-encoding: gzip,deflate,sdch
host: localhost:8080, content=null}
22:01:11.268 [DEBUG] i.g.h.c.i.HttpAppHandler - Read msg='DefaultHttpResponse(decodeResult: success, version: HTTP/1.1)
HTTP/1.1 200 
Content-Type: application/json;charset=UTF-8
Transfer-Encoding: chunked
Date: Wed, 29 Jan 2020 21:01:10 GMT'
22:01:11.268 [DEBUG] i.g.h.c.i.HttpAppHandler - Read msg='DefaultHttpContent(data: PooledSlicedByteBuf(ridx: 0, widx: 144, cap: 144/144, unwrapped: PooledUnsafeDirectByteBuf(ridx: 278, widx: 283, cap: 512)), decoderResult: success)'
22:01:11.268 [DEBUG] i.g.h.c.i.HttpAppHandler - Read msg='EmptyLastHttpContent'
22:01:11.268 [TRACE] i.g.h.e.r.DefaultStatsProcessor - 
>>>>>>>>>>>>>>>>>>>>>>>>>>
Request:
simple_mini_leak: OK 
=========================
Session:
Session(Acceptance test,60,1580331648051,Map(gatling.http.ssl.sslContexts -> SslContexts(io.netty.handler.ssl.JdkSslContext@93639cb,None), gatling.http.cache.dns -> io.gatling.http.cache.DnsCacheSupport$$anon$1@5898ac4b, gatling.http.cache.baseUrl -> http://localhost:8080),17,OK,List(),io.gatling.core.protocol.ProtocolComponentsRegistry$$Lambda$598/0x000000084055d840@452b12e)
=========================
HTTP request:
GET http://localhost:8080/memory/grow?objects=8&items=54
headers=
Accept: */*
Content-Type: application/json;charset=UTF-8
Accept-Language: en-US,en;q=0.8,nl;q=0.6
User-Agent: Mozilla/5.0 (Windows NT 6.1; WOW64) AppleWebKit/537.36 (KHTML, like Gecko) Chrome/38.0.2125.111 Safari/537.36
accept-encoding: gzip,deflate,sdch
host: localhost:8080
=========================
HTTP response:
status=
200 
headers= 
Content-Type: application/json;charset=UTF-8
Transfer-Encoding: chunked
Date: Wed, 29 Jan 2020 21:01:10 GMT

body=
{"message":"Size of BigFatBastard list is now 11736 objects. It contains 633744 items.","name":"Simple-PropertiesFileName","durationInMillis":5}
<<<<<<<<<<<<<<<<<<<<<<<<<
22:01:11.268 [DEBUG] i.g.c.a.Pause - Pausing for 1829ms (real=1812ms)
22:01:11.342 [DEBUG] i.g.h.e.t.HttpTxExecutor - Sending request=upload-file uri=http://localhost:8080/files/upload: scenario=Acceptance test, userId=99
22:01:11.342 [DEBUG] i.g.h.c.i.HttpAppHandler - Write request WritableRequest{request=DefaultHttpRequest(decodeResult: success, version: HTTP/1.1)
POST /files/upload HTTP/1.1
Accept: */*
Accept-Language: en-US,en;q=0.8,nl;q=0.6
User-Agent: Mozilla/5.0 (Windows NT 6.1; WOW64) AppleWebKit/537.36 (KHTML, like Gecko) Chrome/38.0.2125.111 Safari/537.36
accept-encoding: gzip,deflate,sdch
host: localhost:8080
content-type: multipart/form-data; boundary=EuOKf_2w5SvlMwCe-KVYtGL6D3O888PvkRw
content-length: 220, content=io.gatling.http.client.body.multipart.impl.MultipartFileRegion@7fd6e2cc}
22:01:11.345 [DEBUG] i.g.h.c.i.HttpAppHandler - Read msg='DefaultHttpResponse(decodeResult: success, version: HTTP/1.1)
HTTP/1.1 200 
Content-Type: text/plain;charset=UTF-8
Content-Length: 62
Date: Wed, 29 Jan 2020 21:01:10 GMT'
22:01:11.345 [DEBUG] i.g.h.c.i.HttpAppHandler - Read msg='DefaultLastHttpContent(data: PooledSlicedByteBuf(ridx: 0, widx: 62, cap: 62/62, unwrapped: PooledUnsafeDirectByteBuf(ridx: 176, widx: 176, cap: 496)), decoderResult: success)'
22:01:11.346 [TRACE] i.g.h.e.r.DefaultStatsProcessor - 
>>>>>>>>>>>>>>>>>>>>>>>>>>
Request:
upload-file: OK 
=========================
Session:
Session(Acceptance test,99,1580331668551,Map(gatling.http.ssl.sslContexts -> SslContexts(io.netty.handler.ssl.JdkSslContext@5990258c,None), gatling.http.cache.dns -> io.gatling.http.cache.DnsCacheSupport$$anon$1@5898ac4b, gatling.http.cache.baseUrl -> http://localhost:8080),14,OK,List(),io.gatling.core.protocol.ProtocolComponentsRegistry$$Lambda$598/0x000000084055d840@452b12e)
=========================
HTTP request:
POST http://localhost:8080/files/upload
headers=
Accept: */*
Accept-Language: en-US,en;q=0.8,nl;q=0.6
User-Agent: Mozilla/5.0 (Windows NT 6.1; WOW64) AppleWebKit/537.36 (KHTML, like Gecko) Chrome/38.0.2125.111 Safari/537.36
accept-encoding: gzip,deflate,sdch
host: localhost:8080
content-type: multipart/form-data; boundary=EuOKf_2w5SvlMwCe-KVYtGL6D3O888PvkRw
content-length: 220
multipartBody=
ByteArrayPart: name=upload contentType=text/plain dispositionType=null charset=UTF-8 transferEncoding=null contentId=null filename=gatling-upload.txt
=========================
HTTP response:
status=
200 
headers= 
Content-Type: text/plain;charset=UTF-8
Content-Length: 62
Date: Wed, 29 Jan 2020 21:01:10 GMT

body=
File upload succeeded [gatling-upload.txt] of size [17] bytes.
<<<<<<<<<<<<<<<<<<<<<<<<<
22:01:11.346 [DEBUG] i.g.c.a.Exit - End user #99
22:01:11.346 [DEBUG] i.g.c.c.i.Injector - End user #99
22:01:11.362 [DEBUG] i.g.h.e.t.HttpTxExecutor - Sending request=upload-file uri=http://localhost:8080/files/upload: scenario=Acceptance test, userId=52
22:01:11.362 [DEBUG] i.g.h.c.i.HttpAppHandler - Write request WritableRequest{request=DefaultHttpRequest(decodeResult: success, version: HTTP/1.1)
POST /files/upload HTTP/1.1
Accept: */*
Accept-Language: en-US,en;q=0.8,nl;q=0.6
User-Agent: Mozilla/5.0 (Windows NT 6.1; WOW64) AppleWebKit/537.36 (KHTML, like Gecko) Chrome/38.0.2125.111 Safari/537.36
accept-encoding: gzip,deflate,sdch
host: localhost:8080
content-type: multipart/form-data; boundary=371VokuLCYCfkqIU29Bl4TdkV0loAAuxjzt
content-length: 220, content=io.gatling.http.client.body.multipart.impl.MultipartFileRegion@657dbea0}
22:01:11.363 [DEBUG] i.g.h.c.i.HttpAppHandler - Read msg='DefaultHttpResponse(decodeResult: success, version: HTTP/1.1)
HTTP/1.1 200 
Content-Type: text/plain;charset=UTF-8
Content-Length: 62
Date: Wed, 29 Jan 2020 21:01:10 GMT'
22:01:11.363 [DEBUG] i.g.h.c.i.HttpAppHandler - Read msg='DefaultLastHttpContent(data: PooledSlicedByteBuf(ridx: 0, widx: 62, cap: 62/62, unwrapped: PooledUnsafeDirectByteBuf(ridx: 176, widx: 176, cap: 496)), decoderResult: success)'
22:01:11.363 [TRACE] i.g.h.e.r.DefaultStatsProcessor - 
>>>>>>>>>>>>>>>>>>>>>>>>>>
Request:
upload-file: OK 
=========================
Session:
Session(Acceptance test,52,1580331643552,Map(gatling.http.ssl.sslContexts -> SslContexts(io.netty.handler.ssl.JdkSslContext@62c412d3,None), gatling.http.cache.dns -> io.gatling.http.cache.DnsCacheSupport$$anon$1@5898ac4b, gatling.http.cache.baseUrl -> http://localhost:8080),14,OK,List(),io.gatling.core.protocol.ProtocolComponentsRegistry$$Lambda$598/0x000000084055d840@452b12e)
=========================
HTTP request:
POST http://localhost:8080/files/upload
headers=
Accept: */*
Accept-Language: en-US,en;q=0.8,nl;q=0.6
User-Agent: Mozilla/5.0 (Windows NT 6.1; WOW64) AppleWebKit/537.36 (KHTML, like Gecko) Chrome/38.0.2125.111 Safari/537.36
accept-encoding: gzip,deflate,sdch
host: localhost:8080
content-type: multipart/form-data; boundary=371VokuLCYCfkqIU29Bl4TdkV0loAAuxjzt
content-length: 220
multipartBody=
ByteArrayPart: name=upload contentType=text/plain dispositionType=null charset=UTF-8 transferEncoding=null contentId=null filename=gatling-upload.txt
=========================
HTTP response:
status=
200 
headers= 
Content-Type: text/plain;charset=UTF-8
Content-Length: 62
Date: Wed, 29 Jan 2020 21:01:10 GMT

body=
File upload succeeded [gatling-upload.txt] of size [17] bytes.
<<<<<<<<<<<<<<<<<<<<<<<<<
22:01:11.363 [DEBUG] i.g.c.a.Exit - End user #52
22:01:11.364 [DEBUG] i.g.c.c.i.Injector - End user #52
22:01:11.552 [DEBUG] i.g.c.c.i.o.OpenWorkload - Injecting 2 users in scenario Acceptance test, continue=true
22:01:11.552 [DEBUG] i.g.h.e.t.HttpTxExecutor - Sending request=simple_cpu_burn uri=http://localhost:8080/cpu/magic-identity-check?matrixSize=133: scenario=Acceptance test, userId=105
22:01:11.552 [DEBUG] i.g.c.c.i.o.OpenWorkload - Start user #105
22:01:11.553 [DEBUG] i.g.h.c.i.HttpAppHandler - Write request WritableRequest{request=DefaultFullHttpRequest(decodeResult: success, version: HTTP/1.1, content: UnpooledByteBufAllocator$InstrumentedUnpooledUnsafeHeapByteBuf(ridx: 0, widx: 0, cap: 0))
GET /cpu/magic-identity-check?matrixSize=133 HTTP/1.1
Accept: */*
Content-Type: application/json;charset=UTF-8
Accept-Language: en-US,en;q=0.8,nl;q=0.6
User-Agent: Mozilla/5.0 (Windows NT 6.1; WOW64) AppleWebKit/537.36 (KHTML, like Gecko) Chrome/38.0.2125.111 Safari/537.36
accept-encoding: gzip,deflate,sdch
host: localhost:8080, content=null}
22:01:11.564 [DEBUG] i.g.h.c.i.HttpAppHandler - Read msg='DefaultHttpResponse(decodeResult: success, version: HTTP/1.1)
HTTP/1.1 200 
Content-Type: application/json;charset=UTF-8
Transfer-Encoding: chunked
Date: Wed, 29 Jan 2020 21:01:11 GMT'
22:01:11.564 [DEBUG] i.g.h.c.i.HttpAppHandler - Read msg='DefaultHttpContent(data: PooledSlicedByteBuf(ridx: 0, widx: 170, cap: 170/170, unwrapped: PooledUnsafeDirectByteBuf(ridx: 304, widx: 309, cap: 1024)), decoderResult: success)'
22:01:11.564 [DEBUG] i.g.h.c.i.HttpAppHandler - Read msg='EmptyLastHttpContent'
22:01:11.564 [TRACE] i.g.h.e.r.DefaultStatsProcessor - 
>>>>>>>>>>>>>>>>>>>>>>>>>>
Request:
simple_cpu_burn: OK 
=========================
Session:
Session(Acceptance test,105,1580331671551,Map(gatling.http.ssl.sslContexts -> SslContexts(io.netty.handler.ssl.JdkSslContext@7feb9ec9,None), gatling.http.cache.dns -> io.gatling.http.cache.DnsCacheSupport$$anon$1@5898ac4b, gatling.http.cache.baseUrl -> http://localhost:8080),0,OK,List(),io.gatling.core.protocol.ProtocolComponentsRegistry$$Lambda$598/0x000000084055d840@452b12e)
=========================
HTTP request:
GET http://localhost:8080/cpu/magic-identity-check?matrixSize=133
headers=
Accept: */*
Content-Type: application/json;charset=UTF-8
Accept-Language: en-US,en;q=0.8,nl;q=0.6
User-Agent: Mozilla/5.0 (Windows NT 6.1; WOW64) AppleWebKit/537.36 (KHTML, like Gecko) Chrome/38.0.2125.111 Safari/537.36
accept-encoding: gzip,deflate,sdch
host: localhost:8080
=========================
HTTP response:
status=
200 
headers= 
Content-Type: application/json;charset=UTF-8
Transfer-Encoding: chunked
Date: Wed, 29 Jan 2020 21:01:11 GMT

body=
{"message":"A simple magic square multiplied by an identity square of size [133] [is equal] to the magic square.","name":"Simple-PropertiesFileName","durationInMillis":8}
<<<<<<<<<<<<<<<<<<<<<<<<<
22:01:11.565 [DEBUG] i.g.c.a.Pause - Pausing for 2311ms (real=2311ms)
22:01:12.052 [DEBUG] i.g.h.e.t.HttpTxExecutor - Sending request=simple_cpu_burn uri=http://localhost:8080/cpu/magic-identity-check?matrixSize=133: scenario=Acceptance test, userId=106
22:01:12.052 [DEBUG] i.g.c.c.i.o.OpenWorkload - Start user #106
22:01:12.054 [DEBUG] i.g.h.c.i.HttpAppHandler - Write request WritableRequest{request=DefaultFullHttpRequest(decodeResult: success, version: HTTP/1.1, content: UnpooledByteBufAllocator$InstrumentedUnpooledUnsafeHeapByteBuf(ridx: 0, widx: 0, cap: 0))
GET /cpu/magic-identity-check?matrixSize=133 HTTP/1.1
Accept: */*
Content-Type: application/json;charset=UTF-8
Accept-Language: en-US,en;q=0.8,nl;q=0.6
User-Agent: Mozilla/5.0 (Windows NT 6.1; WOW64) AppleWebKit/537.36 (KHTML, like Gecko) Chrome/38.0.2125.111 Safari/537.36
accept-encoding: gzip,deflate,sdch
host: localhost:8080, content=null}
22:01:12.060 [DEBUG] i.g.h.c.i.HttpAppHandler - Read msg='DefaultHttpResponse(decodeResult: success, version: HTTP/1.1)
HTTP/1.1 200 
Content-Type: application/json;charset=UTF-8
Transfer-Encoding: chunked
Date: Wed, 29 Jan 2020 21:01:11 GMT'
22:01:12.060 [DEBUG] i.g.h.c.i.HttpAppHandler - Read msg='DefaultHttpContent(data: PooledSlicedByteBuf(ridx: 0, widx: 170, cap: 170/170, unwrapped: PooledUnsafeDirectByteBuf(ridx: 304, widx: 304, cap: 1024)), decoderResult: success)'
22:01:12.060 [DEBUG] i.g.h.c.i.HttpAppHandler - Read msg='EmptyLastHttpContent'
22:01:12.060 [TRACE] i.g.h.e.r.DefaultStatsProcessor - 
>>>>>>>>>>>>>>>>>>>>>>>>>>
Request:
simple_cpu_burn: OK 
=========================
Session:
Session(Acceptance test,106,1580331672052,Map(gatling.http.ssl.sslContexts -> SslContexts(io.netty.handler.ssl.JdkSslContext@32caa4cb,None), gatling.http.cache.dns -> io.gatling.http.cache.DnsCacheSupport$$anon$1@5898ac4b, gatling.http.cache.baseUrl -> http://localhost:8080),0,OK,List(),io.gatling.core.protocol.ProtocolComponentsRegistry$$Lambda$598/0x000000084055d840@452b12e)
=========================
HTTP request:
GET http://localhost:8080/cpu/magic-identity-check?matrixSize=133
headers=
Accept: */*
Content-Type: application/json;charset=UTF-8
Accept-Language: en-US,en;q=0.8,nl;q=0.6
User-Agent: Mozilla/5.0 (Windows NT 6.1; WOW64) AppleWebKit/537.36 (KHTML, like Gecko) Chrome/38.0.2125.111 Safari/537.36
accept-encoding: gzip,deflate,sdch
host: localhost:8080
=========================
HTTP response:
status=
200 
headers= 
Content-Type: application/json;charset=UTF-8
Transfer-Encoding: chunked
Date: Wed, 29 Jan 2020 21:01:11 GMT

body=
{"message":"A simple magic square multiplied by an identity square of size [133] [is equal] to the magic square.","name":"Simple-PropertiesFileName","durationInMillis":3}
<<<<<<<<<<<<<<<<<<<<<<<<<
22:01:12.060 [DEBUG] i.g.c.a.Pause - Pausing for 665ms (real=665ms)
22:01:12.072 [DEBUG] i.g.h.e.t.HttpTxExecutor - Sending request=simple_delay uri=http://localhost:8080/delay?duration=555: scenario=Acceptance test, userId=102
22:01:12.072 [DEBUG] i.g.h.c.i.HttpAppHandler - Write request WritableRequest{request=DefaultFullHttpRequest(decodeResult: success, version: HTTP/1.1, content: UnpooledByteBufAllocator$InstrumentedUnpooledUnsafeHeapByteBuf(ridx: 0, widx: 0, cap: 0))
GET /delay?duration=555 HTTP/1.1
Accept: */*
Content-Type: application/json;charset=UTF-8
Accept-Language: en-US,en;q=0.8,nl;q=0.6
User-Agent: Mozilla/5.0 (Windows NT 6.1; WOW64) AppleWebKit/537.36 (KHTML, like Gecko) Chrome/38.0.2125.111 Safari/537.36
accept-encoding: gzip,deflate,sdch
host: localhost:8080, content=null}
22:01:12.372 [DEBUG] i.g.h.e.t.HttpTxExecutor - Sending request=upload-file uri=http://localhost:8080/files/upload: scenario=Acceptance test, userId=81
22:01:12.373 [DEBUG] i.g.h.c.i.HttpAppHandler - Write request WritableRequest{request=DefaultHttpRequest(decodeResult: success, version: HTTP/1.1)
POST /files/upload HTTP/1.1
Accept: */*
Accept-Language: en-US,en;q=0.8,nl;q=0.6
User-Agent: Mozilla/5.0 (Windows NT 6.1; WOW64) AppleWebKit/537.36 (KHTML, like Gecko) Chrome/38.0.2125.111 Safari/537.36
accept-encoding: gzip,deflate,sdch
host: localhost:8080
content-type: multipart/form-data; boundary=JzHqwujSz650_6NTMm9sEzI_UQBs7m9YYEu
content-length: 220, content=io.gatling.http.client.body.multipart.impl.MultipartFileRegion@3a35d965}
22:01:12.376 [DEBUG] i.g.h.c.i.HttpAppHandler - Read msg='DefaultHttpResponse(decodeResult: success, version: HTTP/1.1)
HTTP/1.1 200 
Content-Type: text/plain;charset=UTF-8
Content-Length: 62
Date: Wed, 29 Jan 2020 21:01:11 GMT'
22:01:12.376 [DEBUG] i.g.h.c.i.HttpAppHandler - Read msg='DefaultLastHttpContent(data: PooledSlicedByteBuf(ridx: 0, widx: 62, cap: 62/62, unwrapped: PooledUnsafeDirectByteBuf(ridx: 176, widx: 176, cap: 496)), decoderResult: success)'
22:01:12.377 [TRACE] i.g.h.e.r.DefaultStatsProcessor - 
>>>>>>>>>>>>>>>>>>>>>>>>>>
Request:
upload-file: OK 
=========================
Session:
Session(Acceptance test,81,1580331659551,Map(gatling.http.ssl.sslContexts -> SslContexts(io.netty.handler.ssl.JdkSslContext@5f034302,None), gatling.http.cache.dns -> io.gatling.http.cache.DnsCacheSupport$$anon$1@5898ac4b, gatling.http.cache.baseUrl -> http://localhost:8080),19,OK,List(),io.gatling.core.protocol.ProtocolComponentsRegistry$$Lambda$598/0x000000084055d840@452b12e)
=========================
HTTP request:
POST http://localhost:8080/files/upload
headers=
Accept: */*
Accept-Language: en-US,en;q=0.8,nl;q=0.6
User-Agent: Mozilla/5.0 (Windows NT 6.1; WOW64) AppleWebKit/537.36 (KHTML, like Gecko) Chrome/38.0.2125.111 Safari/537.36
accept-encoding: gzip,deflate,sdch
host: localhost:8080
content-type: multipart/form-data; boundary=JzHqwujSz650_6NTMm9sEzI_UQBs7m9YYEu
content-length: 220
multipartBody=
ByteArrayPart: name=upload contentType=text/plain dispositionType=null charset=UTF-8 transferEncoding=null contentId=null filename=gatling-upload.txt
=========================
HTTP response:
status=
200 
headers= 
Content-Type: text/plain;charset=UTF-8
Content-Length: 62
Date: Wed, 29 Jan 2020 21:01:11 GMT

body=
File upload succeeded [gatling-upload.txt] of size [17] bytes.
<<<<<<<<<<<<<<<<<<<<<<<<<
22:01:12.377 [DEBUG] i.g.c.a.Exit - End user #81
22:01:12.378 [DEBUG] i.g.c.c.i.Injector - End user #81
22:01:12.381 [DEBUG] i.g.h.e.t.HttpTxExecutor - Sending request=simple_delay uri=http://localhost:8080/delay?duration=555: scenario=Acceptance test, userId=82
22:01:12.382 [DEBUG] i.g.h.c.i.HttpAppHandler - Write request WritableRequest{request=DefaultFullHttpRequest(decodeResult: success, version: HTTP/1.1, content: UnpooledByteBufAllocator$InstrumentedUnpooledUnsafeHeapByteBuf(ridx: 0, widx: 0, cap: 0))
GET /delay?duration=555 HTTP/1.1
Accept: */*
Content-Type: application/json;charset=UTF-8
Accept-Language: en-US,en;q=0.8,nl;q=0.6
User-Agent: Mozilla/5.0 (Windows NT 6.1; WOW64) AppleWebKit/537.36 (KHTML, like Gecko) Chrome/38.0.2125.111 Safari/537.36
accept-encoding: gzip,deflate,sdch
host: localhost:8080, content=null}
22:01:12.412 [DEBUG] i.g.h.e.t.HttpTxExecutor - Sending request=upload-file uri=http://localhost:8080/files/upload: scenario=Acceptance test, userId=93
22:01:12.412 [DEBUG] i.g.h.c.i.HttpAppHandler - Write request WritableRequest{request=DefaultHttpRequest(decodeResult: success, version: HTTP/1.1)
POST /files/upload HTTP/1.1
Accept: */*
Accept-Language: en-US,en;q=0.8,nl;q=0.6
User-Agent: Mozilla/5.0 (Windows NT 6.1; WOW64) AppleWebKit/537.36 (KHTML, like Gecko) Chrome/38.0.2125.111 Safari/537.36
accept-encoding: gzip,deflate,sdch
host: localhost:8080
content-type: multipart/form-data; boundary=j3Mvpdf952gLAL19TJSxjg4uW4Y4orf_qpl
content-length: 220, content=io.gatling.http.client.body.multipart.impl.MultipartFileRegion@5995cc5d}
22:01:12.415 [DEBUG] i.g.h.c.i.HttpAppHandler - Read msg='DefaultHttpResponse(decodeResult: success, version: HTTP/1.1)
HTTP/1.1 200 
Content-Type: text/plain;charset=UTF-8
Content-Length: 62
Date: Wed, 29 Jan 2020 21:01:11 GMT'
22:01:12.415 [DEBUG] i.g.h.c.i.HttpAppHandler - Read msg='DefaultLastHttpContent(data: PooledSlicedByteBuf(ridx: 0, widx: 62, cap: 62/62, unwrapped: PooledUnsafeDirectByteBuf(ridx: 176, widx: 176, cap: 496)), decoderResult: success)'
22:01:12.416 [TRACE] i.g.h.e.r.DefaultStatsProcessor - 
>>>>>>>>>>>>>>>>>>>>>>>>>>
Request:
upload-file: OK 
=========================
Session:
Session(Acceptance test,93,1580331665551,Map(gatling.http.ssl.sslContexts -> SslContexts(io.netty.handler.ssl.JdkSslContext@1eebeb3a,None), gatling.http.cache.dns -> io.gatling.http.cache.DnsCacheSupport$$anon$1@5898ac4b, gatling.http.cache.baseUrl -> http://localhost:8080),14,OK,List(),io.gatling.core.protocol.ProtocolComponentsRegistry$$Lambda$598/0x000000084055d840@452b12e)
=========================
HTTP request:
POST http://localhost:8080/files/upload
headers=
Accept: */*
Accept-Language: en-US,en;q=0.8,nl;q=0.6
User-Agent: Mozilla/5.0 (Windows NT 6.1; WOW64) AppleWebKit/537.36 (KHTML, like Gecko) Chrome/38.0.2125.111 Safari/537.36
accept-encoding: gzip,deflate,sdch
host: localhost:8080
content-type: multipart/form-data; boundary=j3Mvpdf952gLAL19TJSxjg4uW4Y4orf_qpl
content-length: 220
multipartBody=
ByteArrayPart: name=upload contentType=text/plain dispositionType=null charset=UTF-8 transferEncoding=null contentId=null filename=gatling-upload.txt
=========================
HTTP response:
status=
200 
headers= 
Content-Type: text/plain;charset=UTF-8
Content-Length: 62
Date: Wed, 29 Jan 2020 21:01:11 GMT

body=
File upload succeeded [gatling-upload.txt] of size [17] bytes.
<<<<<<<<<<<<<<<<<<<<<<<<<
22:01:12.416 [DEBUG] i.g.c.a.Exit - End user #93
22:01:12.417 [DEBUG] i.g.c.c.i.Injector - End user #93
22:01:12.552 [DEBUG] i.g.c.c.i.o.OpenWorkload - Injecting 2 users in scenario Acceptance test, continue=true
22:01:12.552 [DEBUG] i.g.h.e.t.HttpTxExecutor - Sending request=simple_cpu_burn uri=http://localhost:8080/cpu/magic-identity-check?matrixSize=133: scenario=Acceptance test, userId=107
22:01:12.552 [DEBUG] i.g.c.c.i.o.OpenWorkload - Start user #107
22:01:12.553 [DEBUG] i.g.h.c.i.HttpAppHandler - Write request WritableRequest{request=DefaultFullHttpRequest(decodeResult: success, version: HTTP/1.1, content: UnpooledByteBufAllocator$InstrumentedUnpooledUnsafeHeapByteBuf(ridx: 0, widx: 0, cap: 0))
GET /cpu/magic-identity-check?matrixSize=133 HTTP/1.1
Accept: */*
Content-Type: application/json;charset=UTF-8
Accept-Language: en-US,en;q=0.8,nl;q=0.6
User-Agent: Mozilla/5.0 (Windows NT 6.1; WOW64) AppleWebKit/537.36 (KHTML, like Gecko) Chrome/38.0.2125.111 Safari/537.36
accept-encoding: gzip,deflate,sdch
host: localhost:8080, content=null}
22:01:12.564 [DEBUG] i.g.h.c.i.HttpAppHandler - Read msg='DefaultHttpResponse(decodeResult: success, version: HTTP/1.1)
HTTP/1.1 200 
Content-Type: application/json;charset=UTF-8
Transfer-Encoding: chunked
Date: Wed, 29 Jan 2020 21:01:11 GMT'
22:01:12.564 [DEBUG] i.g.h.c.i.HttpAppHandler - Read msg='DefaultHttpContent(data: PooledSlicedByteBuf(ridx: 0, widx: 170, cap: 170/170, unwrapped: PooledUnsafeDirectByteBuf(ridx: 304, widx: 304, cap: 1024)), decoderResult: success)'
22:01:12.564 [DEBUG] i.g.h.c.i.HttpAppHandler - Read msg='EmptyLastHttpContent'
22:01:12.564 [TRACE] i.g.h.e.r.DefaultStatsProcessor - 
>>>>>>>>>>>>>>>>>>>>>>>>>>
Request:
simple_cpu_burn: OK 
=========================
Session:
Session(Acceptance test,107,1580331672551,Map(gatling.http.ssl.sslContexts -> SslContexts(io.netty.handler.ssl.JdkSslContext@1b27bf08,None), gatling.http.cache.dns -> io.gatling.http.cache.DnsCacheSupport$$anon$1@5898ac4b, gatling.http.cache.baseUrl -> http://localhost:8080),0,OK,List(),io.gatling.core.protocol.ProtocolComponentsRegistry$$Lambda$598/0x000000084055d840@452b12e)
=========================
HTTP request:
GET http://localhost:8080/cpu/magic-identity-check?matrixSize=133
headers=
Accept: */*
Content-Type: application/json;charset=UTF-8
Accept-Language: en-US,en;q=0.8,nl;q=0.6
User-Agent: Mozilla/5.0 (Windows NT 6.1; WOW64) AppleWebKit/537.36 (KHTML, like Gecko) Chrome/38.0.2125.111 Safari/537.36
accept-encoding: gzip,deflate,sdch
host: localhost:8080
=========================
HTTP response:
status=
200 
headers= 
Content-Type: application/json;charset=UTF-8
Transfer-Encoding: chunked
Date: Wed, 29 Jan 2020 21:01:11 GMT

body=
{"message":"A simple magic square multiplied by an identity square of size [133] [is equal] to the magic square.","name":"Simple-PropertiesFileName","durationInMillis":8}
<<<<<<<<<<<<<<<<<<<<<<<<<
22:01:12.565 [DEBUG] i.g.c.a.Pause - Pausing for 4110ms (real=4109ms)
22:01:12.628 [DEBUG] i.g.h.c.i.HttpAppHandler - Read msg='DefaultHttpResponse(decodeResult: success, version: HTTP/1.1)
HTTP/1.1 200 
Content-Type: application/json;charset=UTF-8
Transfer-Encoding: chunked
Date: Wed, 29 Jan 2020 21:01:12 GMT'
22:01:12.629 [DEBUG] i.g.h.c.i.HttpAppHandler - Read msg='DefaultHttpContent(data: PooledSlicedByteBuf(ridx: 0, widx: 95, cap: 95/95, unwrapped: PooledUnsafeDirectByteBuf(ridx: 229, widx: 229, cap: 1024)), decoderResult: success)'
22:01:12.629 [DEBUG] i.g.h.c.i.HttpAppHandler - Read msg='EmptyLastHttpContent'
22:01:12.629 [TRACE] i.g.h.e.r.DefaultStatsProcessor - 
>>>>>>>>>>>>>>>>>>>>>>>>>>
Request:
simple_delay: OK 
=========================
Session:
Session(Acceptance test,102,1580331670051,Map(gatling.http.ssl.sslContexts -> SslContexts(io.netty.handler.ssl.JdkSslContext@12559bf7,None), gatling.http.cache.dns -> io.gatling.http.cache.DnsCacheSupport$$anon$1@5898ac4b, gatling.http.cache.baseUrl -> http://localhost:8080),24,OK,List(),io.gatling.core.protocol.ProtocolComponentsRegistry$$Lambda$598/0x000000084055d840@452b12e)
=========================
HTTP request:
GET http://localhost:8080/delay?duration=555
headers=
Accept: */*
Content-Type: application/json;charset=UTF-8
Accept-Language: en-US,en;q=0.8,nl;q=0.6
User-Agent: Mozilla/5.0 (Windows NT 6.1; WOW64) AppleWebKit/537.36 (KHTML, like Gecko) Chrome/38.0.2125.111 Safari/537.36
accept-encoding: gzip,deflate,sdch
host: localhost:8080
=========================
HTTP response:
status=
200 
headers= 
Content-Type: application/json;charset=UTF-8
Transfer-Encoding: chunked
Date: Wed, 29 Jan 2020 21:01:12 GMT

body=
{"message":"This was a delay of 555","name":"Simple-PropertiesFileName","durationInMillis":555}
<<<<<<<<<<<<<<<<<<<<<<<<<
22:01:12.629 [DEBUG] i.g.c.a.Pause - Pausing for 1259ms (real=1235ms)
22:01:12.672 [DEBUG] i.g.h.e.t.HttpTxExecutor - Sending request=simple_delay uri=http://localhost:8080/delay?duration=555: scenario=Acceptance test, userId=96
22:01:12.672 [DEBUG] i.g.h.c.i.HttpAppHandler - Write request WritableRequest{request=DefaultFullHttpRequest(decodeResult: success, version: HTTP/1.1, content: UnpooledByteBufAllocator$InstrumentedUnpooledUnsafeHeapByteBuf(ridx: 0, widx: 0, cap: 0))
GET /delay?duration=555 HTTP/1.1
Accept: */*
Content-Type: application/json;charset=UTF-8
Accept-Language: en-US,en;q=0.8,nl;q=0.6
User-Agent: Mozilla/5.0 (Windows NT 6.1; WOW64) AppleWebKit/537.36 (KHTML, like Gecko) Chrome/38.0.2125.111 Safari/537.36
accept-encoding: gzip,deflate,sdch
host: localhost:8080, content=null}
22:01:12.742 [DEBUG] i.g.h.e.t.HttpTxExecutor - Sending request=simple_delay uri=http://localhost:8080/delay?duration=555: scenario=Acceptance test, userId=106
22:01:12.742 [DEBUG] i.g.h.c.i.HttpAppHandler - Write request WritableRequest{request=DefaultFullHttpRequest(decodeResult: success, version: HTTP/1.1, content: UnpooledByteBufAllocator$InstrumentedUnpooledUnsafeHeapByteBuf(ridx: 0, widx: 0, cap: 0))
GET /delay?duration=555 HTTP/1.1
Accept: */*
Content-Type: application/json;charset=UTF-8
Accept-Language: en-US,en;q=0.8,nl;q=0.6
User-Agent: Mozilla/5.0 (Windows NT 6.1; WOW64) AppleWebKit/537.36 (KHTML, like Gecko) Chrome/38.0.2125.111 Safari/537.36
accept-encoding: gzip,deflate,sdch
host: localhost:8080, content=null}
22:01:12.939 [DEBUG] i.g.h.c.i.HttpAppHandler - Read msg='DefaultHttpResponse(decodeResult: success, version: HTTP/1.1)
HTTP/1.1 200 
Content-Type: application/json;charset=UTF-8
Transfer-Encoding: chunked
Date: Wed, 29 Jan 2020 21:01:12 GMT'
22:01:12.939 [DEBUG] i.g.h.c.i.HttpAppHandler - Read msg='DefaultHttpContent(data: PooledSlicedByteBuf(ridx: 0, widx: 95, cap: 95/95, unwrapped: PooledUnsafeDirectByteBuf(ridx: 229, widx: 229, cap: 1024)), decoderResult: success)'
22:01:12.939 [DEBUG] i.g.h.c.i.HttpAppHandler - Read msg='EmptyLastHttpContent'
22:01:12.940 [TRACE] i.g.h.e.r.DefaultStatsProcessor - 
>>>>>>>>>>>>>>>>>>>>>>>>>>
Request:
simple_delay: OK 
=========================
Session:
Session(Acceptance test,82,1580331660052,Map(gatling.http.ssl.sslContexts -> SslContexts(io.netty.handler.ssl.JdkSslContext@5c00c19a,None), gatling.http.cache.dns -> io.gatling.http.cache.DnsCacheSupport$$anon$1@5898ac4b, gatling.http.cache.baseUrl -> http://localhost:8080),29,OK,List(),io.gatling.core.protocol.ProtocolComponentsRegistry$$Lambda$598/0x000000084055d840@452b12e)
=========================
HTTP request:
GET http://localhost:8080/delay?duration=555
headers=
Accept: */*
Content-Type: application/json;charset=UTF-8
Accept-Language: en-US,en;q=0.8,nl;q=0.6
User-Agent: Mozilla/5.0 (Windows NT 6.1; WOW64) AppleWebKit/537.36 (KHTML, like Gecko) Chrome/38.0.2125.111 Safari/537.36
accept-encoding: gzip,deflate,sdch
host: localhost:8080
=========================
HTTP response:
status=
200 
headers= 
Content-Type: application/json;charset=UTF-8
Transfer-Encoding: chunked
Date: Wed, 29 Jan 2020 21:01:12 GMT

body=
{"message":"This was a delay of 555","name":"Simple-PropertiesFileName","durationInMillis":555}
<<<<<<<<<<<<<<<<<<<<<<<<<
22:01:12.940 [DEBUG] i.g.c.a.Pause - Pausing for 1894ms (real=1864ms)
22:01:12.992 [DEBUG] i.g.h.e.t.HttpTxExecutor - Sending request=simple_delay uri=http://localhost:8080/delay?duration=555: scenario=Acceptance test, userId=90
22:01:12.993 [DEBUG] i.g.h.c.i.HttpAppHandler - Write request WritableRequest{request=DefaultFullHttpRequest(decodeResult: success, version: HTTP/1.1, content: UnpooledByteBufAllocator$InstrumentedUnpooledUnsafeHeapByteBuf(ridx: 0, widx: 0, cap: 0))
GET /delay?duration=555 HTTP/1.1
Accept: */*
Content-Type: application/json;charset=UTF-8
Accept-Language: en-US,en;q=0.8,nl;q=0.6
User-Agent: Mozilla/5.0 (Windows NT 6.1; WOW64) AppleWebKit/537.36 (KHTML, like Gecko) Chrome/38.0.2125.111 Safari/537.36
accept-encoding: gzip,deflate,sdch
host: localhost:8080, content=null}
22:01:13.052 [DEBUG] i.g.h.e.t.HttpTxExecutor - Sending request=simple_cpu_burn uri=http://localhost:8080/cpu/magic-identity-check?matrixSize=133: scenario=Acceptance test, userId=108
22:01:13.053 [DEBUG] i.g.c.c.i.o.OpenWorkload - Start user #108
22:01:13.054 [DEBUG] i.g.h.c.i.HttpAppHandler - Write request WritableRequest{request=DefaultFullHttpRequest(decodeResult: success, version: HTTP/1.1, content: UnpooledByteBufAllocator$InstrumentedUnpooledUnsafeHeapByteBuf(ridx: 0, widx: 0, cap: 0))
GET /cpu/magic-identity-check?matrixSize=133 HTTP/1.1
Accept: */*
Content-Type: application/json;charset=UTF-8
Accept-Language: en-US,en;q=0.8,nl;q=0.6
User-Agent: Mozilla/5.0 (Windows NT 6.1; WOW64) AppleWebKit/537.36 (KHTML, like Gecko) Chrome/38.0.2125.111 Safari/537.36
accept-encoding: gzip,deflate,sdch
host: localhost:8080, content=null}
22:01:13.060 [DEBUG] i.g.h.c.i.HttpAppHandler - Read msg='DefaultHttpResponse(decodeResult: success, version: HTTP/1.1)
HTTP/1.1 200 
Content-Type: application/json;charset=UTF-8
Transfer-Encoding: chunked
Date: Wed, 29 Jan 2020 21:01:12 GMT'
22:01:13.060 [DEBUG] i.g.h.c.i.HttpAppHandler - Read msg='DefaultHttpContent(data: PooledSlicedByteBuf(ridx: 0, widx: 170, cap: 170/170, unwrapped: PooledUnsafeDirectByteBuf(ridx: 304, widx: 309, cap: 1024)), decoderResult: success)'
22:01:13.060 [DEBUG] i.g.h.c.i.HttpAppHandler - Read msg='EmptyLastHttpContent'
22:01:13.060 [TRACE] i.g.h.e.r.DefaultStatsProcessor - 
>>>>>>>>>>>>>>>>>>>>>>>>>>
Request:
simple_cpu_burn: OK 
=========================
Session:
Session(Acceptance test,108,1580331673052,Map(gatling.http.ssl.sslContexts -> SslContexts(io.netty.handler.ssl.JdkSslContext@5afabf13,None), gatling.http.cache.dns -> io.gatling.http.cache.DnsCacheSupport$$anon$1@5898ac4b, gatling.http.cache.baseUrl -> http://localhost:8080),0,OK,List(),io.gatling.core.protocol.ProtocolComponentsRegistry$$Lambda$598/0x000000084055d840@452b12e)
=========================
HTTP request:
GET http://localhost:8080/cpu/magic-identity-check?matrixSize=133
headers=
Accept: */*
Content-Type: application/json;charset=UTF-8
Accept-Language: en-US,en;q=0.8,nl;q=0.6
User-Agent: Mozilla/5.0 (Windows NT 6.1; WOW64) AppleWebKit/537.36 (KHTML, like Gecko) Chrome/38.0.2125.111 Safari/537.36
accept-encoding: gzip,deflate,sdch
host: localhost:8080
=========================
HTTP response:
status=
200 
headers= 
Content-Type: application/json;charset=UTF-8
Transfer-Encoding: chunked
Date: Wed, 29 Jan 2020 21:01:12 GMT

body=
{"message":"A simple magic square multiplied by an identity square of size [133] [is equal] to the magic square.","name":"Simple-PropertiesFileName","durationInMillis":4}
<<<<<<<<<<<<<<<<<<<<<<<<<
22:01:13.060 [DEBUG] i.g.c.a.Pause - Pausing for 2985ms (real=2985ms)
22:01:13.082 [DEBUG] i.g.h.e.t.HttpTxExecutor - Sending request=simple_mini_leak uri=http://localhost:8080/memory/grow?objects=8&items=54: scenario=Acceptance test, userId=84
22:01:13.082 [DEBUG] i.g.h.c.i.HttpAppHandler - Write request WritableRequest{request=DefaultFullHttpRequest(decodeResult: success, version: HTTP/1.1, content: UnpooledByteBufAllocator$InstrumentedUnpooledUnsafeHeapByteBuf(ridx: 0, widx: 0, cap: 0))
GET /memory/grow?objects=8&items=54 HTTP/1.1
Accept: */*
Content-Type: application/json;charset=UTF-8
Accept-Language: en-US,en;q=0.8,nl;q=0.6
User-Agent: Mozilla/5.0 (Windows NT 6.1; WOW64) AppleWebKit/537.36 (KHTML, like Gecko) Chrome/38.0.2125.111 Safari/537.36
accept-encoding: gzip,deflate,sdch
host: localhost:8080, content=null}
22:01:13.089 [DEBUG] i.g.h.c.i.HttpAppHandler - Read msg='DefaultHttpResponse(decodeResult: success, version: HTTP/1.1)
HTTP/1.1 200 
Content-Type: application/json;charset=UTF-8
Transfer-Encoding: chunked
Date: Wed, 29 Jan 2020 21:01:12 GMT'
22:01:13.089 [DEBUG] i.g.h.c.i.HttpAppHandler - Read msg='DefaultHttpContent(data: PooledSlicedByteBuf(ridx: 0, widx: 144, cap: 144/144, unwrapped: PooledUnsafeDirectByteBuf(ridx: 278, widx: 278, cap: 512)), decoderResult: success)'
22:01:13.089 [DEBUG] i.g.h.c.i.HttpAppHandler - Read msg='EmptyLastHttpContent'
22:01:13.090 [TRACE] i.g.h.e.r.DefaultStatsProcessor - 
>>>>>>>>>>>>>>>>>>>>>>>>>>
Request:
simple_mini_leak: OK 
=========================
Session:
Session(Acceptance test,84,1580331661051,Map(gatling.http.ssl.sslContexts -> SslContexts(io.netty.handler.ssl.JdkSslContext@5ca91c98,None), gatling.http.cache.dns -> io.gatling.http.cache.DnsCacheSupport$$anon$1@5898ac4b, gatling.http.cache.baseUrl -> http://localhost:8080),23,OK,List(),io.gatling.core.protocol.ProtocolComponentsRegistry$$Lambda$598/0x000000084055d840@452b12e)
=========================
HTTP request:
GET http://localhost:8080/memory/grow?objects=8&items=54
headers=
Accept: */*
Content-Type: application/json;charset=UTF-8
Accept-Language: en-US,en;q=0.8,nl;q=0.6
User-Agent: Mozilla/5.0 (Windows NT 6.1; WOW64) AppleWebKit/537.36 (KHTML, like Gecko) Chrome/38.0.2125.111 Safari/537.36
accept-encoding: gzip,deflate,sdch
host: localhost:8080
=========================
HTTP response:
status=
200 
headers= 
Content-Type: application/json;charset=UTF-8
Transfer-Encoding: chunked
Date: Wed, 29 Jan 2020 21:01:12 GMT

body=
{"message":"Size of BigFatBastard list is now 11744 objects. It contains 634176 items.","name":"Simple-PropertiesFileName","durationInMillis":5}
<<<<<<<<<<<<<<<<<<<<<<<<<
22:01:13.090 [DEBUG] i.g.c.a.Pause - Pausing for 4503ms (real=4479ms)
22:01:13.102 [DEBUG] i.g.h.e.t.HttpTxExecutor - Sending request=upload-file uri=http://localhost:8080/files/upload: scenario=Acceptance test, userId=60
22:01:13.103 [DEBUG] i.g.h.c.i.HttpAppHandler - Write request WritableRequest{request=DefaultHttpRequest(decodeResult: success, version: HTTP/1.1)
POST /files/upload HTTP/1.1
Accept: */*
Accept-Language: en-US,en;q=0.8,nl;q=0.6
User-Agent: Mozilla/5.0 (Windows NT 6.1; WOW64) AppleWebKit/537.36 (KHTML, like Gecko) Chrome/38.0.2125.111 Safari/537.36
accept-encoding: gzip,deflate,sdch
host: localhost:8080
content-type: multipart/form-data; boundary=kjJDm5yQ1zQTbKYZBGOTP-nr2uf8BFG7pd2
content-length: 220, content=io.gatling.http.client.body.multipart.impl.MultipartFileRegion@4e233508}
22:01:13.105 [DEBUG] i.g.h.c.i.HttpAppHandler - Read msg='DefaultHttpResponse(decodeResult: success, version: HTTP/1.1)
HTTP/1.1 200 
Content-Type: text/plain;charset=UTF-8
Content-Length: 62
Date: Wed, 29 Jan 2020 21:01:12 GMT'
22:01:13.106 [DEBUG] i.g.h.c.i.HttpAppHandler - Read msg='DefaultLastHttpContent(data: PooledSlicedByteBuf(ridx: 0, widx: 62, cap: 62/62, unwrapped: PooledUnsafeDirectByteBuf(ridx: 176, widx: 176, cap: 496)), decoderResult: success)'
22:01:13.106 [TRACE] i.g.h.e.r.DefaultStatsProcessor - 
>>>>>>>>>>>>>>>>>>>>>>>>>>
Request:
upload-file: OK 
=========================
Session:
Session(Acceptance test,60,1580331648051,Map(gatling.http.ssl.sslContexts -> SslContexts(io.netty.handler.ssl.JdkSslContext@93639cb,None), gatling.http.cache.dns -> io.gatling.http.cache.DnsCacheSupport$$anon$1@5898ac4b, gatling.http.cache.baseUrl -> http://localhost:8080),21,OK,List(),io.gatling.core.protocol.ProtocolComponentsRegistry$$Lambda$598/0x000000084055d840@452b12e)
=========================
HTTP request:
POST http://localhost:8080/files/upload
headers=
Accept: */*
Accept-Language: en-US,en;q=0.8,nl;q=0.6
User-Agent: Mozilla/5.0 (Windows NT 6.1; WOW64) AppleWebKit/537.36 (KHTML, like Gecko) Chrome/38.0.2125.111 Safari/537.36
accept-encoding: gzip,deflate,sdch
host: localhost:8080
content-type: multipart/form-data; boundary=kjJDm5yQ1zQTbKYZBGOTP-nr2uf8BFG7pd2
content-length: 220
multipartBody=
ByteArrayPart: name=upload contentType=text/plain dispositionType=null charset=UTF-8 transferEncoding=null contentId=null filename=gatling-upload.txt
=========================
HTTP response:
status=
200 
headers= 
Content-Type: text/plain;charset=UTF-8
Content-Length: 62
Date: Wed, 29 Jan 2020 21:01:12 GMT

body=
File upload succeeded [gatling-upload.txt] of size [17] bytes.
<<<<<<<<<<<<<<<<<<<<<<<<<
22:01:13.106 [DEBUG] i.g.c.a.Exit - End user #60
22:01:13.107 [DEBUG] i.g.c.c.i.Injector - End user #60
22:01:13.230 [DEBUG] i.g.h.c.i.HttpAppHandler - Read msg='DefaultHttpResponse(decodeResult: success, version: HTTP/1.1)
HTTP/1.1 200 
Content-Type: application/json;charset=UTF-8
Transfer-Encoding: chunked
Date: Wed, 29 Jan 2020 21:01:12 GMT'
22:01:13.230 [DEBUG] i.g.h.c.i.HttpAppHandler - Read msg='DefaultHttpContent(data: PooledSlicedByteBuf(ridx: 0, widx: 95, cap: 95/95, unwrapped: PooledUnsafeDirectByteBuf(ridx: 229, widx: 229, cap: 512)), decoderResult: success)'
22:01:13.230 [DEBUG] i.g.h.c.i.HttpAppHandler - Read msg='EmptyLastHttpContent'
22:01:13.231 [TRACE] i.g.h.e.r.DefaultStatsProcessor - 
>>>>>>>>>>>>>>>>>>>>>>>>>>
Request:
simple_delay: OK 
=========================
Session:
Session(Acceptance test,96,1580331667051,Map(gatling.http.ssl.sslContexts -> SslContexts(io.netty.handler.ssl.JdkSslContext@9bbcaa7,None), gatling.http.cache.dns -> io.gatling.http.cache.DnsCacheSupport$$anon$1@5898ac4b, gatling.http.cache.baseUrl -> http://localhost:8080),22,OK,List(),io.gatling.core.protocol.ProtocolComponentsRegistry$$Lambda$598/0x000000084055d840@452b12e)
=========================
HTTP request:
GET http://localhost:8080/delay?duration=555
headers=
Accept: */*
Content-Type: application/json;charset=UTF-8
Accept-Language: en-US,en;q=0.8,nl;q=0.6
User-Agent: Mozilla/5.0 (Windows NT 6.1; WOW64) AppleWebKit/537.36 (KHTML, like Gecko) Chrome/38.0.2125.111 Safari/537.36
accept-encoding: gzip,deflate,sdch
host: localhost:8080
=========================
HTTP response:
status=
200 
headers= 
Content-Type: application/json;charset=UTF-8
Transfer-Encoding: chunked
Date: Wed, 29 Jan 2020 21:01:12 GMT

body=
{"message":"This was a delay of 555","name":"Simple-PropertiesFileName","durationInMillis":555}
<<<<<<<<<<<<<<<<<<<<<<<<<
22:01:13.231 [DEBUG] i.g.c.a.Pause - Pausing for 3200ms (real=3177ms)
22:01:13.299 [DEBUG] i.g.h.c.i.HttpAppHandler - Read msg='DefaultHttpResponse(decodeResult: success, version: HTTP/1.1)
HTTP/1.1 200 
Content-Type: application/json;charset=UTF-8
Transfer-Encoding: chunked
Date: Wed, 29 Jan 2020 21:01:12 GMT'
22:01:13.300 [DEBUG] i.g.h.c.i.HttpAppHandler - Read msg='DefaultHttpContent(data: PooledSlicedByteBuf(ridx: 0, widx: 95, cap: 95/95, unwrapped: PooledUnsafeDirectByteBuf(ridx: 229, widx: 229, cap: 512)), decoderResult: success)'
22:01:13.300 [DEBUG] i.g.h.c.i.HttpAppHandler - Read msg='EmptyLastHttpContent'
22:01:13.300 [TRACE] i.g.h.e.r.DefaultStatsProcessor - 
>>>>>>>>>>>>>>>>>>>>>>>>>>
Request:
simple_delay: OK 
=========================
Session:
Session(Acceptance test,106,1580331672052,Map(gatling.http.ssl.sslContexts -> SslContexts(io.netty.handler.ssl.JdkSslContext@32caa4cb,None), gatling.http.cache.dns -> io.gatling.http.cache.DnsCacheSupport$$anon$1@5898ac4b, gatling.http.cache.baseUrl -> http://localhost:8080),17,OK,List(),io.gatling.core.protocol.ProtocolComponentsRegistry$$Lambda$598/0x000000084055d840@452b12e)
=========================
HTTP request:
GET http://localhost:8080/delay?duration=555
headers=
Accept: */*
Content-Type: application/json;charset=UTF-8
Accept-Language: en-US,en;q=0.8,nl;q=0.6
User-Agent: Mozilla/5.0 (Windows NT 6.1; WOW64) AppleWebKit/537.36 (KHTML, like Gecko) Chrome/38.0.2125.111 Safari/537.36
accept-encoding: gzip,deflate,sdch
host: localhost:8080
=========================
HTTP response:
status=
200 
headers= 
Content-Type: application/json;charset=UTF-8
Transfer-Encoding: chunked
Date: Wed, 29 Jan 2020 21:01:12 GMT

body=
{"message":"This was a delay of 555","name":"Simple-PropertiesFileName","durationInMillis":555}
<<<<<<<<<<<<<<<<<<<<<<<<<
22:01:13.301 [DEBUG] i.g.c.a.Pause - Pausing for 3374ms (real=3356ms)
22:01:13.550 [DEBUG] i.g.h.c.i.HttpAppHandler - Read msg='DefaultHttpResponse(decodeResult: success, version: HTTP/1.1)
HTTP/1.1 200 
Content-Type: application/json;charset=UTF-8
Transfer-Encoding: chunked
Date: Wed, 29 Jan 2020 21:01:12 GMT'
22:01:13.550 [DEBUG] i.g.h.c.i.HttpAppHandler - Read msg='DefaultHttpContent(data: PooledSlicedByteBuf(ridx: 0, widx: 95, cap: 95/95, unwrapped: PooledUnsafeDirectByteBuf(ridx: 229, widx: 229, cap: 1024)), decoderResult: success)'
22:01:13.551 [DEBUG] i.g.h.c.i.HttpAppHandler - Read msg='EmptyLastHttpContent'
22:01:13.551 [TRACE] i.g.h.e.r.DefaultStatsProcessor - 
>>>>>>>>>>>>>>>>>>>>>>>>>>
Request:
simple_delay: OK 
=========================
Session:
Session(Acceptance test,90,1580331664052,Map(gatling.http.ssl.sslContexts -> SslContexts(io.netty.handler.ssl.JdkSslContext@40aa6484,None), gatling.http.cache.dns -> io.gatling.http.cache.DnsCacheSupport$$anon$1@5898ac4b, gatling.http.cache.baseUrl -> http://localhost:8080),19,OK,List(),io.gatling.core.protocol.ProtocolComponentsRegistry$$Lambda$598/0x000000084055d840@452b12e)
=========================
HTTP request:
GET http://localhost:8080/delay?duration=555
headers=
Accept: */*
Content-Type: application/json;charset=UTF-8
Accept-Language: en-US,en;q=0.8,nl;q=0.6
User-Agent: Mozilla/5.0 (Windows NT 6.1; WOW64) AppleWebKit/537.36 (KHTML, like Gecko) Chrome/38.0.2125.111 Safari/537.36
accept-encoding: gzip,deflate,sdch
host: localhost:8080
=========================
HTTP response:
status=
200 
headers= 
Content-Type: application/json;charset=UTF-8
Transfer-Encoding: chunked
Date: Wed, 29 Jan 2020 21:01:12 GMT

body=
{"message":"This was a delay of 555","name":"Simple-PropertiesFileName","durationInMillis":555}
<<<<<<<<<<<<<<<<<<<<<<<<<
22:01:13.552 [DEBUG] i.g.c.a.Pause - Pausing for 6049ms (real=6030ms)
22:01:13.552 [DEBUG] i.g.c.c.i.o.OpenWorkload - Injecting 2 users in scenario Acceptance test, continue=true
22:01:13.552 [DEBUG] i.g.h.e.t.HttpTxExecutor - Sending request=simple_cpu_burn uri=http://localhost:8080/cpu/magic-identity-check?matrixSize=133: scenario=Acceptance test, userId=109
22:01:13.553 [DEBUG] i.g.c.c.i.o.OpenWorkload - Start user #109
22:01:13.554 [DEBUG] i.g.h.c.i.HttpAppHandler - Write request WritableRequest{request=DefaultFullHttpRequest(decodeResult: success, version: HTTP/1.1, content: UnpooledByteBufAllocator$InstrumentedUnpooledUnsafeHeapByteBuf(ridx: 0, widx: 0, cap: 0))
GET /cpu/magic-identity-check?matrixSize=133 HTTP/1.1
Accept: */*
Content-Type: application/json;charset=UTF-8
Accept-Language: en-US,en;q=0.8,nl;q=0.6
User-Agent: Mozilla/5.0 (Windows NT 6.1; WOW64) AppleWebKit/537.36 (KHTML, like Gecko) Chrome/38.0.2125.111 Safari/537.36
accept-encoding: gzip,deflate,sdch
host: localhost:8080, content=null}
22:01:13.559 [DEBUG] i.g.h.c.i.HttpAppHandler - Read msg='DefaultHttpResponse(decodeResult: success, version: HTTP/1.1)
HTTP/1.1 200 
Content-Type: application/json;charset=UTF-8
Transfer-Encoding: chunked
Date: Wed, 29 Jan 2020 21:01:12 GMT'
22:01:13.559 [DEBUG] i.g.h.c.i.HttpAppHandler - Read msg='DefaultHttpContent(data: PooledSlicedByteBuf(ridx: 0, widx: 170, cap: 170/170, unwrapped: PooledUnsafeDirectByteBuf(ridx: 304, widx: 309, cap: 1024)), decoderResult: success)'
22:01:13.559 [DEBUG] i.g.h.c.i.HttpAppHandler - Read msg='EmptyLastHttpContent'
22:01:13.559 [TRACE] i.g.h.e.r.DefaultStatsProcessor - 
>>>>>>>>>>>>>>>>>>>>>>>>>>
Request:
simple_cpu_burn: OK 
=========================
Session:
Session(Acceptance test,109,1580331673551,Map(gatling.http.ssl.sslContexts -> SslContexts(io.netty.handler.ssl.JdkSslContext@106994f3,None), gatling.http.cache.dns -> io.gatling.http.cache.DnsCacheSupport$$anon$1@5898ac4b, gatling.http.cache.baseUrl -> http://localhost:8080),0,OK,List(),io.gatling.core.protocol.ProtocolComponentsRegistry$$Lambda$598/0x000000084055d840@452b12e)
=========================
HTTP request:
GET http://localhost:8080/cpu/magic-identity-check?matrixSize=133
headers=
Accept: */*
Content-Type: application/json;charset=UTF-8
Accept-Language: en-US,en;q=0.8,nl;q=0.6
User-Agent: Mozilla/5.0 (Windows NT 6.1; WOW64) AppleWebKit/537.36 (KHTML, like Gecko) Chrome/38.0.2125.111 Safari/537.36
accept-encoding: gzip,deflate,sdch
host: localhost:8080
=========================
HTTP response:
status=
200 
headers= 
Content-Type: application/json;charset=UTF-8
Transfer-Encoding: chunked
Date: Wed, 29 Jan 2020 21:01:12 GMT

body=
{"message":"A simple magic square multiplied by an identity square of size [133] [is equal] to the magic square.","name":"Simple-PropertiesFileName","durationInMillis":2}
<<<<<<<<<<<<<<<<<<<<<<<<<
22:01:13.559 [DEBUG] i.g.c.a.Pause - Pausing for 323ms (real=323ms)
22:01:13.691 [DEBUG] i.g.h.e.t.HttpTxExecutor - Sending request=simple_delay uri=http://localhost:8080/delay?duration=555: scenario=Acceptance test, userId=103
22:01:13.692 [DEBUG] i.g.h.c.i.HttpAppHandler - Write request WritableRequest{request=DefaultFullHttpRequest(decodeResult: success, version: HTTP/1.1, content: UnpooledByteBufAllocator$InstrumentedUnpooledUnsafeHeapByteBuf(ridx: 0, widx: 0, cap: 0))
GET /delay?duration=555 HTTP/1.1
Accept: */*
Content-Type: application/json;charset=UTF-8
Accept-Language: en-US,en;q=0.8,nl;q=0.6
User-Agent: Mozilla/5.0 (Windows NT 6.1; WOW64) AppleWebKit/537.36 (KHTML, like Gecko) Chrome/38.0.2125.111 Safari/537.36
accept-encoding: gzip,deflate,sdch
host: localhost:8080, content=null}
22:01:13.841 [DEBUG] i.g.h.e.t.HttpTxExecutor - Sending request=simple_delay uri=http://localhost:8080/delay?duration=555: scenario=Acceptance test, userId=97
22:01:13.842 [DEBUG] i.g.h.c.i.HttpAppHandler - Write request WritableRequest{request=DefaultFullHttpRequest(decodeResult: success, version: HTTP/1.1, content: UnpooledByteBufAllocator$InstrumentedUnpooledUnsafeHeapByteBuf(ridx: 0, widx: 0, cap: 0))
GET /delay?duration=555 HTTP/1.1
Accept: */*
Content-Type: application/json;charset=UTF-8
Accept-Language: en-US,en;q=0.8,nl;q=0.6
User-Agent: Mozilla/5.0 (Windows NT 6.1; WOW64) AppleWebKit/537.36 (KHTML, like Gecko) Chrome/38.0.2125.111 Safari/537.36
accept-encoding: gzip,deflate,sdch
host: localhost:8080, content=null}
22:01:13.882 [DEBUG] i.g.h.e.t.HttpTxExecutor - Sending request=simple_mini_leak uri=http://localhost:8080/memory/grow?objects=8&items=54: scenario=Acceptance test, userId=102
22:01:13.882 [DEBUG] i.g.h.c.i.HttpAppHandler - Write request WritableRequest{request=DefaultFullHttpRequest(decodeResult: success, version: HTTP/1.1, content: UnpooledByteBufAllocator$InstrumentedUnpooledUnsafeHeapByteBuf(ridx: 0, widx: 0, cap: 0))
GET /memory/grow?objects=8&items=54 HTTP/1.1
Accept: */*
Content-Type: application/json;charset=UTF-8
Accept-Language: en-US,en;q=0.8,nl;q=0.6
User-Agent: Mozilla/5.0 (Windows NT 6.1; WOW64) AppleWebKit/537.36 (KHTML, like Gecko) Chrome/38.0.2125.111 Safari/537.36
accept-encoding: gzip,deflate,sdch
host: localhost:8080, content=null}
22:01:13.889 [DEBUG] i.g.h.c.i.HttpAppHandler - Read msg='DefaultHttpResponse(decodeResult: success, version: HTTP/1.1)
HTTP/1.1 200 
Content-Type: application/json;charset=UTF-8
Transfer-Encoding: chunked
Date: Wed, 29 Jan 2020 21:01:13 GMT'
22:01:13.889 [DEBUG] i.g.h.c.i.HttpAppHandler - Read msg='DefaultHttpContent(data: PooledSlicedByteBuf(ridx: 0, widx: 144, cap: 144/144, unwrapped: PooledUnsafeDirectByteBuf(ridx: 278, widx: 283, cap: 512)), decoderResult: success)'
22:01:13.890 [DEBUG] i.g.h.c.i.HttpAppHandler - Read msg='EmptyLastHttpContent'
22:01:13.890 [TRACE] i.g.h.e.r.DefaultStatsProcessor - 
>>>>>>>>>>>>>>>>>>>>>>>>>>
Request:
simple_mini_leak: OK 
=========================
Session:
Session(Acceptance test,102,1580331670051,Map(gatling.http.ssl.sslContexts -> SslContexts(io.netty.handler.ssl.JdkSslContext@12559bf7,None), gatling.http.cache.dns -> io.gatling.http.cache.DnsCacheSupport$$anon$1@5898ac4b, gatling.http.cache.baseUrl -> http://localhost:8080),18,OK,List(),io.gatling.core.protocol.ProtocolComponentsRegistry$$Lambda$598/0x000000084055d840@452b12e)
=========================
HTTP request:
GET http://localhost:8080/memory/grow?objects=8&items=54
headers=
Accept: */*
Content-Type: application/json;charset=UTF-8
Accept-Language: en-US,en;q=0.8,nl;q=0.6
User-Agent: Mozilla/5.0 (Windows NT 6.1; WOW64) AppleWebKit/537.36 (KHTML, like Gecko) Chrome/38.0.2125.111 Safari/537.36
accept-encoding: gzip,deflate,sdch
host: localhost:8080
=========================
HTTP response:
status=
200 
headers= 
Content-Type: application/json;charset=UTF-8
Transfer-Encoding: chunked
Date: Wed, 29 Jan 2020 21:01:13 GMT

body=
{"message":"Size of BigFatBastard list is now 11752 objects. It contains 634608 items.","name":"Simple-PropertiesFileName","durationInMillis":5}
<<<<<<<<<<<<<<<<<<<<<<<<<
22:01:13.890 [DEBUG] i.g.c.a.Pause - Pausing for 341ms (real=323ms)
22:01:13.902 [DEBUG] i.g.h.e.t.HttpTxExecutor - Sending request=simple_delay uri=http://localhost:8080/delay?duration=555: scenario=Acceptance test, userId=105
22:01:13.902 [DEBUG] i.g.h.e.t.HttpTxExecutor - Sending request=simple_delay uri=http://localhost:8080/delay?duration=555: scenario=Acceptance test, userId=109
22:01:13.903 [DEBUG] i.g.h.c.i.HttpAppHandler - Write request WritableRequest{request=DefaultFullHttpRequest(decodeResult: success, version: HTTP/1.1, content: UnpooledByteBufAllocator$InstrumentedUnpooledUnsafeHeapByteBuf(ridx: 0, widx: 0, cap: 0))
GET /delay?duration=555 HTTP/1.1
Accept: */*
Content-Type: application/json;charset=UTF-8
Accept-Language: en-US,en;q=0.8,nl;q=0.6
User-Agent: Mozilla/5.0 (Windows NT 6.1; WOW64) AppleWebKit/537.36 (KHTML, like Gecko) Chrome/38.0.2125.111 Safari/537.36
accept-encoding: gzip,deflate,sdch
host: localhost:8080, content=null}
22:01:13.903 [DEBUG] i.g.h.c.i.HttpAppHandler - Write request WritableRequest{request=DefaultFullHttpRequest(decodeResult: success, version: HTTP/1.1, content: UnpooledByteBufAllocator$InstrumentedUnpooledUnsafeHeapByteBuf(ridx: 0, widx: 0, cap: 0))
GET /delay?duration=555 HTTP/1.1
Accept: */*
Content-Type: application/json;charset=UTF-8
Accept-Language: en-US,en;q=0.8,nl;q=0.6
User-Agent: Mozilla/5.0 (Windows NT 6.1; WOW64) AppleWebKit/537.36 (KHTML, like Gecko) Chrome/38.0.2125.111 Safari/537.36
accept-encoding: gzip,deflate,sdch
host: localhost:8080, content=null}
22:01:14.052 [DEBUG] i.g.h.e.t.HttpTxExecutor - Sending request=simple_cpu_burn uri=http://localhost:8080/cpu/magic-identity-check?matrixSize=133: scenario=Acceptance test, userId=110
22:01:14.052 [DEBUG] i.g.c.c.i.o.OpenWorkload - Start user #110
22:01:14.053 [DEBUG] i.g.h.c.i.HttpAppHandler - Write request WritableRequest{request=DefaultFullHttpRequest(decodeResult: success, version: HTTP/1.1, content: UnpooledByteBufAllocator$InstrumentedUnpooledUnsafeHeapByteBuf(ridx: 0, widx: 0, cap: 0))
GET /cpu/magic-identity-check?matrixSize=133 HTTP/1.1
Accept: */*
Content-Type: application/json;charset=UTF-8
Accept-Language: en-US,en;q=0.8,nl;q=0.6
User-Agent: Mozilla/5.0 (Windows NT 6.1; WOW64) AppleWebKit/537.36 (KHTML, like Gecko) Chrome/38.0.2125.111 Safari/537.36
accept-encoding: gzip,deflate,sdch
host: localhost:8080, content=null}
22:01:14.064 [DEBUG] i.g.h.c.i.HttpAppHandler - Read msg='DefaultHttpResponse(decodeResult: success, version: HTTP/1.1)
HTTP/1.1 200 
Content-Type: application/json;charset=UTF-8
Transfer-Encoding: chunked
Date: Wed, 29 Jan 2020 21:01:13 GMT'
22:01:14.064 [DEBUG] i.g.h.c.i.HttpAppHandler - Read msg='DefaultHttpContent(data: PooledSlicedByteBuf(ridx: 0, widx: 170, cap: 170/170, unwrapped: PooledUnsafeDirectByteBuf(ridx: 304, widx: 304, cap: 1024)), decoderResult: success)'
22:01:14.064 [DEBUG] i.g.h.c.i.HttpAppHandler - Read msg='EmptyLastHttpContent'
22:01:14.065 [TRACE] i.g.h.e.r.DefaultStatsProcessor - 
>>>>>>>>>>>>>>>>>>>>>>>>>>
Request:
simple_cpu_burn: OK 
=========================
Session:
Session(Acceptance test,110,1580331674051,Map(gatling.http.ssl.sslContexts -> SslContexts(io.netty.handler.ssl.JdkSslContext@2d1f427d,None), gatling.http.cache.dns -> io.gatling.http.cache.DnsCacheSupport$$anon$1@5898ac4b, gatling.http.cache.baseUrl -> http://localhost:8080),0,OK,List(),io.gatling.core.protocol.ProtocolComponentsRegistry$$Lambda$598/0x000000084055d840@452b12e)
=========================
HTTP request:
GET http://localhost:8080/cpu/magic-identity-check?matrixSize=133
headers=
Accept: */*
Content-Type: application/json;charset=UTF-8
Accept-Language: en-US,en;q=0.8,nl;q=0.6
User-Agent: Mozilla/5.0 (Windows NT 6.1; WOW64) AppleWebKit/537.36 (KHTML, like Gecko) Chrome/38.0.2125.111 Safari/537.36
accept-encoding: gzip,deflate,sdch
host: localhost:8080
=========================
HTTP response:
status=
200 
headers= 
Content-Type: application/json;charset=UTF-8
Transfer-Encoding: chunked
Date: Wed, 29 Jan 2020 21:01:13 GMT

body=
{"message":"A simple magic square multiplied by an identity square of size [133] [is equal] to the magic square.","name":"Simple-PropertiesFileName","durationInMillis":9}
<<<<<<<<<<<<<<<<<<<<<<<<<
22:01:14.065 [DEBUG] i.g.c.a.Pause - Pausing for 4489ms (real=4488ms)
22:01:14.112 [DEBUG] i.g.h.e.t.HttpTxExecutor - Sending request=simple_mini_leak uri=http://localhost:8080/memory/grow?objects=8&items=54: scenario=Acceptance test, userId=95
22:01:14.112 [DEBUG] i.g.h.c.i.HttpAppHandler - Write request WritableRequest{request=DefaultFullHttpRequest(decodeResult: success, version: HTTP/1.1, content: UnpooledByteBufAllocator$InstrumentedUnpooledUnsafeHeapByteBuf(ridx: 0, widx: 0, cap: 0))
GET /memory/grow?objects=8&items=54 HTTP/1.1
Accept: */*
Content-Type: application/json;charset=UTF-8
Accept-Language: en-US,en;q=0.8,nl;q=0.6
User-Agent: Mozilla/5.0 (Windows NT 6.1; WOW64) AppleWebKit/537.36 (KHTML, like Gecko) Chrome/38.0.2125.111 Safari/537.36
accept-encoding: gzip,deflate,sdch
host: localhost:8080, content=null}
22:01:14.119 [DEBUG] i.g.h.c.i.HttpAppHandler - Read msg='DefaultHttpResponse(decodeResult: success, version: HTTP/1.1)
HTTP/1.1 200 
Content-Type: application/json;charset=UTF-8
Transfer-Encoding: chunked
Date: Wed, 29 Jan 2020 21:01:13 GMT'
22:01:14.120 [DEBUG] i.g.h.c.i.HttpAppHandler - Read msg='DefaultHttpContent(data: PooledSlicedByteBuf(ridx: 0, widx: 144, cap: 144/144, unwrapped: PooledUnsafeDirectByteBuf(ridx: 278, widx: 283, cap: 512)), decoderResult: success)'
22:01:14.120 [DEBUG] i.g.h.c.i.HttpAppHandler - Read msg='EmptyLastHttpContent'
22:01:14.120 [TRACE] i.g.h.e.r.DefaultStatsProcessor - 
>>>>>>>>>>>>>>>>>>>>>>>>>>
Request:
simple_mini_leak: OK 
=========================
Session:
Session(Acceptance test,95,1580331666551,Map(gatling.http.ssl.sslContexts -> SslContexts(io.netty.handler.ssl.JdkSslContext@328bb707,None), gatling.http.cache.dns -> io.gatling.http.cache.DnsCacheSupport$$anon$1@5898ac4b, gatling.http.cache.baseUrl -> http://localhost:8080),21,OK,List(),io.gatling.core.protocol.ProtocolComponentsRegistry$$Lambda$598/0x000000084055d840@452b12e)
=========================
HTTP request:
GET http://localhost:8080/memory/grow?objects=8&items=54
headers=
Accept: */*
Content-Type: application/json;charset=UTF-8
Accept-Language: en-US,en;q=0.8,nl;q=0.6
User-Agent: Mozilla/5.0 (Windows NT 6.1; WOW64) AppleWebKit/537.36 (KHTML, like Gecko) Chrome/38.0.2125.111 Safari/537.36
accept-encoding: gzip,deflate,sdch
host: localhost:8080
=========================
HTTP response:
status=
200 
headers= 
Content-Type: application/json;charset=UTF-8
Transfer-Encoding: chunked
Date: Wed, 29 Jan 2020 21:01:13 GMT

body=
{"message":"Size of BigFatBastard list is now 11760 objects. It contains 635040 items.","name":"Simple-PropertiesFileName","durationInMillis":5}
<<<<<<<<<<<<<<<<<<<<<<<<<
22:01:14.120 [DEBUG] i.g.c.a.Pause - Pausing for 5365ms (real=5344ms)

================================================================================
2020-01-29 22:01:14                                          70s elapsed
---- Requests ------------------------------------------------------------------
> Global                                                   (OK=388    KO=1     )
> simple_cpu_burn                                          (OK=110    KO=0     )
> simple_delay                                             (OK=99     KO=0     )
> simple_mini_leak                                         (OK=91     KO=1     )
> upload-file                                              (OK=88     KO=0     )
---- Errors --------------------------------------------------------------------
> status.find.is(200), but actually found 500                         1 (100.0%)

---- Acceptance test -----------------------------------------------------------
[#########---                                                              ] 12%
          waiting: 580    / active: 22     / done: 88    
================================================================================

22:01:14.174 [DEBUG] i.g.g.m.GraphiteMetrics$ - GraphiteMetrics=gatling2.BurnAfter.acc.afterburner.users.allUsers.active 38 1580331674
gatling2.BurnAfter.acc.afterburner.users.allUsers.waiting 580 1580331674
gatling2.BurnAfter.acc.afterburner.users.allUsers.done 88 1580331674
gatling2.BurnAfter.acc.afterburner.users.Acceptance_test.active 38 1580331674
gatling2.BurnAfter.acc.afterburner.users.Acceptance_test.waiting 580 1580331674
gatling2.BurnAfter.acc.afterburner.users.Acceptance_test.done 88 1580331674
gatling2.BurnAfter.acc.afterburner.simple_delay.ok.count 17 1580331674
gatling2.BurnAfter.acc.afterburner.simple_delay.ok.min 556 1580331674
gatling2.BurnAfter.acc.afterburner.simple_delay.ok.max 559 1580331674
gatling2.BurnAfter.acc.afterburner.simple_delay.ok.mean 558 1580331674
gatling2.BurnAfter.acc.afterburner.simple_delay.ok.stdDev 0 1580331674
gatling2.BurnAfter.acc.afterburner.simple_delay.ok.percentiles50 559 1580331674
gatling2.BurnAfter.acc.afterburner.simple_delay.ok.percentiles75 559 1580331674
gatling2.BurnAfter.acc.afterburner.simple_delay.ok.percentiles95 559 1580331674
gatling2.BurnAfter.acc.afterburner.simple_delay.ok.percentiles99 559 1580331674
gatling2.BurnAfter.acc.afterburner.simple_delay.ko.count 0 1580331674
gatling2.BurnAfter.acc.afterburner.simple_delay.all.count 17 1580331674
gatling2.BurnAfter.acc.afterburner.simple_delay.all.min 556 1580331674
gatling2.BurnAfter.acc.afterburner.simple_delay.all.max 559 1580331674
gatling2.BurnAfter.acc.afterburner.simple_delay.all.mean 558 1580331674
gatling2.BurnAfter.acc.afterburner.simple_delay.all.stdDev 0 1580331674
gatling2.BurnAfter.acc.afterburner.simple_delay.all.percentiles50 559 1580331674
gatling2.BurnAfter.acc.afterburner.simple_delay.all.percentiles75 559 1580331674
gatling2.BurnAfter.acc.afterburner.simple_delay.all.percentiles95 559 1580331674
gatling2.BurnAfter.acc.afterburner.simple_delay.all.percentiles99 559 1580331674
gatling2.BurnAfter.acc.afterburner.upload-file.ok.count 16 1580331674
gatling2.BurnAfter.acc.afterburner.upload-file.ok.min 1 1580331674
gatling2.BurnAfter.acc.afterburner.upload-file.ok.max 4 1580331674
gatling2.BurnAfter.acc.afterburner.upload-file.ok.mean 3 1580331674
gatling2.BurnAfter.acc.afterburner.upload-file.ok.stdDev 0 1580331674
gatling2.BurnAfter.acc.afterburner.upload-file.ok.percentiles50 3 1580331674
gatling2.BurnAfter.acc.afterburner.upload-file.ok.percentiles75 3 1580331674
gatling2.BurnAfter.acc.afterburner.upload-file.ok.percentiles95 4 1580331674
gatling2.BurnAfter.acc.afterburner.upload-file.ok.percentiles99 4 1580331674
gatling2.BurnAfter.acc.afterburner.upload-file.ko.count 0 1580331674
gatling2.BurnAfter.acc.afterburner.upload-file.all.count 16 1580331674
gatling2.BurnAfter.acc.afterburner.upload-file.all.min 1 1580331674
gatling2.BurnAfter.acc.afterburner.upload-file.all.max 4 1580331674
gatling2.BurnAfter.acc.afterburner.upload-file.all.mean 3 1580331674
gatling2.BurnAfter.acc.afterburner.upload-file.all.stdDev 0 1580331674
gatling2.BurnAfter.acc.afterburner.upload-file.all.percentiles50 3 1580331674
gatling2.BurnAfter.acc.afterburner.upload-file.all.percentiles75 3 1580331674
gatling2.BurnAfter.acc.afterburner.upload-file.all.percentiles95 4 1580331674
gatling2.BurnAfter.acc.afterburner.upload-file.all.percentiles99 4 1580331674
gatling2.BurnAfter.acc.afterburner.simple_mini_leak.ok.count 14 1580331674
gatling2.BurnAfter.acc.afterburner.simple_mini_leak.ok.min 7 1580331674
gatling2.BurnAfter.acc.afterburner.simple_mini_leak.ok.max 9 1580331674
gatling2.BurnAfter.acc.afterburner.simple_mini_leak.ok.mean 7 1580331674
gatling2.BurnAfter.acc.afterburner.simple_mini_leak.ok.stdDev 0 1580331674
gatling2.BurnAfter.acc.afterburner.simple_mini_leak.ok.percentiles50 7 1580331674
gatling2.BurnAfter.acc.afterburner.simple_mini_leak.ok.percentiles75 8 1580331674
gatling2.BurnAfter.acc.afterburner.simple_mini_leak.ok.percentiles95 9 1580331674
gatling2.BurnAfter.acc.afterburner.simple_mini_leak.ok.percentiles99 9 1580331674
gatling2.BurnAfter.acc.afterburner.simple_mini_leak.ko.count 0 1580331674
gatling2.BurnAfter.acc.afterburner.simple_mini_leak.all.count 14 1580331674
gatling2.BurnAfter.acc.afterburner.simple_mini_leak.all.min 7 1580331674
gatling2.BurnAfter.acc.afterburner.simple_mini_leak.all.max 9 1580331674
gatling2.BurnAfter.acc.afterburner.simple_mini_leak.all.mean 7 1580331674
gatling2.BurnAfter.acc.afterburner.simple_mini_leak.all.stdDev 0 1580331674
gatling2.BurnAfter.acc.afterburner.simple_mini_leak.all.percentiles50 7 1580331674
gatling2.BurnAfter.acc.afterburner.simple_mini_leak.all.percentiles75 8 1580331674
gatling2.BurnAfter.acc.afterburner.simple_mini_leak.all.percentiles95 9 1580331674
gatling2.BurnAfter.acc.afterburner.simple_mini_leak.all.percentiles99 9 1580331674
gatling2.BurnAfter.acc.afterburner.simple_cpu_burn.ok.count 20 1580331674
gatling2.BurnAfter.acc.afterburner.simple_cpu_burn.ok.min 4 1580331674
gatling2.BurnAfter.acc.afterburner.simple_cpu_burn.ok.max 13 1580331674
gatling2.BurnAfter.acc.afterburner.simple_cpu_burn.ok.mean 9 1580331674
gatling2.BurnAfter.acc.afterburner.simple_cpu_burn.ok.stdDev 2 1580331674
gatling2.BurnAfter.acc.afterburner.simple_cpu_burn.ok.percentiles50 9 1580331674
gatling2.BurnAfter.acc.afterburner.simple_cpu_burn.ok.percentiles75 12 1580331674
gatling2.BurnAfter.acc.afterburner.simple_cpu_burn.ok.percentiles95 13 1580331674
gatling2.BurnAfter.acc.afterburner.simple_cpu_burn.ok.percentiles99 13 1580331674
gatling2.BurnAfter.acc.afterburner.simple_cpu_burn.ko.count 0 1580331674
gatling2.BurnAfter.acc.afterburner.simple_cpu_burn.all.count 20 1580331674
gatling2.BurnAfter.acc.afterburner.simple_cpu_burn.all.min 4 1580331674
gatling2.BurnAfter.acc.afterburner.simple_cpu_burn.all.max 13 1580331674
gatling2.BurnAfter.acc.afterburner.simple_cpu_burn.all.mean 9 1580331674
gatling2.BurnAfter.acc.afterburner.simple_cpu_burn.all.stdDev 2 1580331674
gatling2.BurnAfter.acc.afterburner.simple_cpu_burn.all.percentiles50 9 1580331674
gatling2.BurnAfter.acc.afterburner.simple_cpu_burn.all.percentiles75 12 1580331674
gatling2.BurnAfter.acc.afterburner.simple_cpu_burn.all.percentiles95 13 1580331674
gatling2.BurnAfter.acc.afterburner.simple_cpu_burn.all.percentiles99 13 1580331674
gatling2.BurnAfter.acc.afterburner.allRequests.ok.count 67 1580331674
gatling2.BurnAfter.acc.afterburner.allRequests.ok.min 1 1580331674
gatling2.BurnAfter.acc.afterburner.allRequests.ok.max 559 1580331674
gatling2.BurnAfter.acc.afterburner.allRequests.ok.mean 146 1580331674
gatling2.BurnAfter.acc.afterburner.allRequests.ok.stdDev 239 1580331674
gatling2.BurnAfter.acc.afterburner.allRequests.ok.percentiles50 8 1580331674
gatling2.BurnAfter.acc.afterburner.allRequests.ok.percentiles75 559 1580331674
gatling2.BurnAfter.acc.afterburner.allRequests.ok.percentiles95 559 1580331674
gatling2.BurnAfter.acc.afterburner.allRequests.ok.percentiles99 559 1580331674
gatling2.BurnAfter.acc.afterburner.allRequests.ko.count 0 1580331674
gatling2.BurnAfter.acc.afterburner.allRequests.all.count 67 1580331674
gatling2.BurnAfter.acc.afterburner.allRequests.all.min 1 1580331674
gatling2.BurnAfter.acc.afterburner.allRequests.all.max 559 1580331674
gatling2.BurnAfter.acc.afterburner.allRequests.all.mean 146 1580331674
gatling2.BurnAfter.acc.afterburner.allRequests.all.stdDev 239 1580331674
gatling2.BurnAfter.acc.afterburner.allRequests.all.percentiles50 8 1580331674
gatling2.BurnAfter.acc.afterburner.allRequests.all.percentiles75 559 1580331674
gatling2.BurnAfter.acc.afterburner.allRequests.all.percentiles95 559 1580331674
gatling2.BurnAfter.acc.afterburner.allRequests.all.percentiles99 559 1580331674

22:01:14.174 [DEBUG] i.g.g.s.TcpSender - All connection/sending retries have been exhausted, ignore further messages
22:01:14.192 [DEBUG] i.g.h.e.t.HttpTxExecutor - Sending request=simple_delay uri=http://localhost:8080/delay?duration=555: scenario=Acceptance test, userId=104
22:01:14.192 [DEBUG] i.g.h.c.i.HttpAppHandler - Write request WritableRequest{request=DefaultFullHttpRequest(decodeResult: success, version: HTTP/1.1, content: UnpooledByteBufAllocator$InstrumentedUnpooledUnsafeHeapByteBuf(ridx: 0, widx: 0, cap: 0))
GET /delay?duration=555 HTTP/1.1
Accept: */*
Content-Type: application/json;charset=UTF-8
Accept-Language: en-US,en;q=0.8,nl;q=0.6
User-Agent: Mozilla/5.0 (Windows NT 6.1; WOW64) AppleWebKit/537.36 (KHTML, like Gecko) Chrome/38.0.2125.111 Safari/537.36
accept-encoding: gzip,deflate,sdch
host: localhost:8080, content=null}
22:01:14.232 [DEBUG] i.g.h.e.t.HttpTxExecutor - Sending request=upload-file uri=http://localhost:8080/files/upload: scenario=Acceptance test, userId=102
22:01:14.232 [DEBUG] i.g.h.c.i.HttpAppHandler - Write request WritableRequest{request=DefaultHttpRequest(decodeResult: success, version: HTTP/1.1)
POST /files/upload HTTP/1.1
Accept: */*
Accept-Language: en-US,en;q=0.8,nl;q=0.6
User-Agent: Mozilla/5.0 (Windows NT 6.1; WOW64) AppleWebKit/537.36 (KHTML, like Gecko) Chrome/38.0.2125.111 Safari/537.36
accept-encoding: gzip,deflate,sdch
host: localhost:8080
content-type: multipart/form-data; boundary=eklq0Bs9hJ9owgOoznwJVBWtcaOClRncEVW
content-length: 220, content=io.gatling.http.client.body.multipart.impl.MultipartFileRegion@6a528abd}
22:01:14.235 [DEBUG] i.g.h.c.i.HttpAppHandler - Read msg='DefaultHttpResponse(decodeResult: success, version: HTTP/1.1)
HTTP/1.1 200 
Content-Type: text/plain;charset=UTF-8
Content-Length: 62
Date: Wed, 29 Jan 2020 21:01:13 GMT'
22:01:14.235 [DEBUG] i.g.h.c.i.HttpAppHandler - Read msg='DefaultLastHttpContent(data: PooledSlicedByteBuf(ridx: 0, widx: 62, cap: 62/62, unwrapped: PooledUnsafeDirectByteBuf(ridx: 176, widx: 176, cap: 496)), decoderResult: success)'
22:01:14.236 [TRACE] i.g.h.e.r.DefaultStatsProcessor - 
>>>>>>>>>>>>>>>>>>>>>>>>>>
Request:
upload-file: OK 
=========================
Session:
Session(Acceptance test,102,1580331670051,Map(gatling.http.ssl.sslContexts -> SslContexts(io.netty.handler.ssl.JdkSslContext@12559bf7,None), gatling.http.cache.dns -> io.gatling.http.cache.DnsCacheSupport$$anon$1@5898ac4b, gatling.http.cache.baseUrl -> http://localhost:8080),18,OK,List(),io.gatling.core.protocol.ProtocolComponentsRegistry$$Lambda$598/0x000000084055d840@452b12e)
=========================
HTTP request:
POST http://localhost:8080/files/upload
headers=
Accept: */*
Accept-Language: en-US,en;q=0.8,nl;q=0.6
User-Agent: Mozilla/5.0 (Windows NT 6.1; WOW64) AppleWebKit/537.36 (KHTML, like Gecko) Chrome/38.0.2125.111 Safari/537.36
accept-encoding: gzip,deflate,sdch
host: localhost:8080
content-type: multipart/form-data; boundary=eklq0Bs9hJ9owgOoznwJVBWtcaOClRncEVW
content-length: 220
multipartBody=
ByteArrayPart: name=upload contentType=text/plain dispositionType=null charset=UTF-8 transferEncoding=null contentId=null filename=gatling-upload.txt
=========================
HTTP response:
status=
200 
headers= 
Content-Type: text/plain;charset=UTF-8
Content-Length: 62
Date: Wed, 29 Jan 2020 21:01:13 GMT

body=
File upload succeeded [gatling-upload.txt] of size [17] bytes.
<<<<<<<<<<<<<<<<<<<<<<<<<
22:01:14.236 [DEBUG] i.g.c.a.Exit - End user #102
22:01:14.236 [DEBUG] i.g.c.c.i.Injector - End user #102
22:01:14.249 [DEBUG] i.g.h.c.i.HttpAppHandler - Read msg='DefaultHttpResponse(decodeResult: success, version: HTTP/1.1)
HTTP/1.1 200 
Content-Type: application/json;charset=UTF-8
Transfer-Encoding: chunked
Date: Wed, 29 Jan 2020 21:01:13 GMT'
22:01:14.249 [DEBUG] i.g.h.c.i.HttpAppHandler - Read msg='DefaultHttpContent(data: PooledSlicedByteBuf(ridx: 0, widx: 95, cap: 95/95, unwrapped: PooledUnsafeDirectByteBuf(ridx: 229, widx: 229, cap: 1024)), decoderResult: success)'
22:01:14.249 [DEBUG] i.g.h.c.i.HttpAppHandler - Read msg='EmptyLastHttpContent'
22:01:14.250 [TRACE] i.g.h.e.r.DefaultStatsProcessor - 
>>>>>>>>>>>>>>>>>>>>>>>>>>
Request:
simple_delay: OK 
=========================
Session:
Session(Acceptance test,103,1580331670552,Map(gatling.http.ssl.sslContexts -> SslContexts(io.netty.handler.ssl.JdkSslContext@2742d060,None), gatling.http.cache.dns -> io.gatling.http.cache.DnsCacheSupport$$anon$1@5898ac4b, gatling.http.cache.baseUrl -> http://localhost:8080),29,OK,List(),io.gatling.core.protocol.ProtocolComponentsRegistry$$Lambda$598/0x000000084055d840@452b12e)
=========================
HTTP request:
GET http://localhost:8080/delay?duration=555
headers=
Accept: */*
Content-Type: application/json;charset=UTF-8
Accept-Language: en-US,en;q=0.8,nl;q=0.6
User-Agent: Mozilla/5.0 (Windows NT 6.1; WOW64) AppleWebKit/537.36 (KHTML, like Gecko) Chrome/38.0.2125.111 Safari/537.36
accept-encoding: gzip,deflate,sdch
host: localhost:8080
=========================
HTTP response:
status=
200 
headers= 
Content-Type: application/json;charset=UTF-8
Transfer-Encoding: chunked
Date: Wed, 29 Jan 2020 21:01:13 GMT

body=
{"message":"This was a delay of 555","name":"Simple-PropertiesFileName","durationInMillis":555}
<<<<<<<<<<<<<<<<<<<<<<<<<
22:01:14.250 [DEBUG] i.g.c.a.Pause - Pausing for 4303ms (real=4273ms)
22:01:14.332 [DEBUG] i.g.h.e.t.HttpTxExecutor - Sending request=simple_mini_leak uri=http://localhost:8080/memory/grow?objects=8&items=54: scenario=Acceptance test, userId=98
22:01:14.332 [DEBUG] i.g.h.c.i.HttpAppHandler - Write request WritableRequest{request=DefaultFullHttpRequest(decodeResult: success, version: HTTP/1.1, content: UnpooledByteBufAllocator$InstrumentedUnpooledUnsafeHeapByteBuf(ridx: 0, widx: 0, cap: 0))
GET /memory/grow?objects=8&items=54 HTTP/1.1
Accept: */*
Content-Type: application/json;charset=UTF-8
Accept-Language: en-US,en;q=0.8,nl;q=0.6
User-Agent: Mozilla/5.0 (Windows NT 6.1; WOW64) AppleWebKit/537.36 (KHTML, like Gecko) Chrome/38.0.2125.111 Safari/537.36
accept-encoding: gzip,deflate,sdch
host: localhost:8080, content=null}
22:01:14.339 [DEBUG] i.g.h.c.i.HttpAppHandler - Read msg='DefaultHttpResponse(decodeResult: success, version: HTTP/1.1)
HTTP/1.1 200 
Content-Type: application/json;charset=UTF-8
Transfer-Encoding: chunked
Date: Wed, 29 Jan 2020 21:01:13 GMT'
22:01:14.339 [DEBUG] i.g.h.c.i.HttpAppHandler - Read msg='DefaultHttpContent(data: PooledSlicedByteBuf(ridx: 0, widx: 144, cap: 144/144, unwrapped: PooledUnsafeDirectByteBuf(ridx: 278, widx: 278, cap: 512)), decoderResult: success)'
22:01:14.340 [DEBUG] i.g.h.c.i.HttpAppHandler - Read msg='EmptyLastHttpContent'
22:01:14.340 [TRACE] i.g.h.e.r.DefaultStatsProcessor - 
>>>>>>>>>>>>>>>>>>>>>>>>>>
Request:
simple_mini_leak: OK 
=========================
Session:
Session(Acceptance test,98,1580331668051,Map(gatling.http.ssl.sslContexts -> SslContexts(io.netty.handler.ssl.JdkSslContext@6dbecadb,None), gatling.http.cache.dns -> io.gatling.http.cache.DnsCacheSupport$$anon$1@5898ac4b, gatling.http.cache.baseUrl -> http://localhost:8080),12,OK,List(),io.gatling.core.protocol.ProtocolComponentsRegistry$$Lambda$598/0x000000084055d840@452b12e)
=========================
HTTP request:
GET http://localhost:8080/memory/grow?objects=8&items=54
headers=
Accept: */*
Content-Type: application/json;charset=UTF-8
Accept-Language: en-US,en;q=0.8,nl;q=0.6
User-Agent: Mozilla/5.0 (Windows NT 6.1; WOW64) AppleWebKit/537.36 (KHTML, like Gecko) Chrome/38.0.2125.111 Safari/537.36
accept-encoding: gzip,deflate,sdch
host: localhost:8080
=========================
HTTP response:
status=
200 
headers= 
Content-Type: application/json;charset=UTF-8
Transfer-Encoding: chunked
Date: Wed, 29 Jan 2020 21:01:13 GMT

body=
{"message":"Size of BigFatBastard list is now 11768 objects. It contains 635472 items.","name":"Simple-PropertiesFileName","durationInMillis":5}
<<<<<<<<<<<<<<<<<<<<<<<<<
22:01:14.340 [DEBUG] i.g.c.a.Pause - Pausing for 1432ms (real=1420ms)
22:01:14.399 [DEBUG] i.g.h.c.i.HttpAppHandler - Read msg='DefaultHttpResponse(decodeResult: success, version: HTTP/1.1)
HTTP/1.1 200 
Content-Type: application/json;charset=UTF-8
Transfer-Encoding: chunked
Date: Wed, 29 Jan 2020 21:01:13 GMT'
22:01:14.399 [DEBUG] i.g.h.c.i.HttpAppHandler - Read msg='DefaultHttpContent(data: PooledSlicedByteBuf(ridx: 0, widx: 95, cap: 95/95, unwrapped: PooledUnsafeDirectByteBuf(ridx: 229, widx: 234, cap: 1024)), decoderResult: success)'
22:01:14.399 [DEBUG] i.g.h.c.i.HttpAppHandler - Read msg='EmptyLastHttpContent'
22:01:14.400 [TRACE] i.g.h.e.r.DefaultStatsProcessor - 
>>>>>>>>>>>>>>>>>>>>>>>>>>
Request:
simple_delay: OK 
=========================
Session:
Session(Acceptance test,97,1580331667551,Map(gatling.http.ssl.sslContexts -> SslContexts(io.netty.handler.ssl.JdkSslContext@33524a1a,None), gatling.http.cache.dns -> io.gatling.http.cache.DnsCacheSupport$$anon$1@5898ac4b, gatling.http.cache.baseUrl -> http://localhost:8080),22,OK,List(),io.gatling.core.protocol.ProtocolComponentsRegistry$$Lambda$598/0x000000084055d840@452b12e)
=========================
HTTP request:
GET http://localhost:8080/delay?duration=555
headers=
Accept: */*
Content-Type: application/json;charset=UTF-8
Accept-Language: en-US,en;q=0.8,nl;q=0.6
User-Agent: Mozilla/5.0 (Windows NT 6.1; WOW64) AppleWebKit/537.36 (KHTML, like Gecko) Chrome/38.0.2125.111 Safari/537.36
accept-encoding: gzip,deflate,sdch
host: localhost:8080
=========================
HTTP response:
status=
200 
headers= 
Content-Type: application/json;charset=UTF-8
Transfer-Encoding: chunked
Date: Wed, 29 Jan 2020 21:01:13 GMT

body=
{"message":"This was a delay of 555","name":"Simple-PropertiesFileName","durationInMillis":555}
<<<<<<<<<<<<<<<<<<<<<<<<<
22:01:14.400 [DEBUG] i.g.c.a.Pause - Pausing for 1747ms (real=1724ms)
22:01:14.460 [DEBUG] i.g.h.c.i.HttpAppHandler - Read msg='DefaultHttpResponse(decodeResult: success, version: HTTP/1.1)
HTTP/1.1 200 
Content-Type: application/json;charset=UTF-8
Transfer-Encoding: chunked
Date: Wed, 29 Jan 2020 21:01:13 GMT'
22:01:14.460 [DEBUG] i.g.h.c.i.HttpAppHandler - Read msg='DefaultHttpResponse(decodeResult: success, version: HTTP/1.1)
HTTP/1.1 200 
Content-Type: application/json;charset=UTF-8
Transfer-Encoding: chunked
Date: Wed, 29 Jan 2020 21:01:13 GMT'
22:01:14.460 [DEBUG] i.g.h.c.i.HttpAppHandler - Read msg='DefaultHttpContent(data: PooledSlicedByteBuf(ridx: 0, widx: 95, cap: 95/95, unwrapped: PooledUnsafeDirectByteBuf(ridx: 229, widx: 234, cap: 1024)), decoderResult: success)'
22:01:14.460 [DEBUG] i.g.h.c.i.HttpAppHandler - Read msg='DefaultHttpContent(data: PooledSlicedByteBuf(ridx: 0, widx: 95, cap: 95/95, unwrapped: PooledUnsafeDirectByteBuf(ridx: 229, widx: 229, cap: 1024)), decoderResult: success)'
22:01:14.460 [DEBUG] i.g.h.c.i.HttpAppHandler - Read msg='EmptyLastHttpContent'
22:01:14.460 [DEBUG] i.g.h.c.i.HttpAppHandler - Read msg='EmptyLastHttpContent'
22:01:14.461 [TRACE] i.g.h.e.r.DefaultStatsProcessor - 
>>>>>>>>>>>>>>>>>>>>>>>>>>
Request:
simple_delay: OK 
=========================
Session:
Session(Acceptance test,109,1580331673551,Map(gatling.http.ssl.sslContexts -> SslContexts(io.netty.handler.ssl.JdkSslContext@106994f3,None), gatling.http.cache.dns -> io.gatling.http.cache.DnsCacheSupport$$anon$1@5898ac4b, gatling.http.cache.baseUrl -> http://localhost:8080),20,OK,List(),io.gatling.core.protocol.ProtocolComponentsRegistry$$Lambda$598/0x000000084055d840@452b12e)
=========================
HTTP request:
GET http://localhost:8080/delay?duration=555
headers=
Accept: */*
Content-Type: application/json;charset=UTF-8
Accept-Language: en-US,en;q=0.8,nl;q=0.6
User-Agent: Mozilla/5.0 (Windows NT 6.1; WOW64) AppleWebKit/537.36 (KHTML, like Gecko) Chrome/38.0.2125.111 Safari/537.36
accept-encoding: gzip,deflate,sdch
host: localhost:8080
=========================
HTTP response:
status=
200 
headers= 
Content-Type: application/json;charset=UTF-8
Transfer-Encoding: chunked
Date: Wed, 29 Jan 2020 21:01:13 GMT

body=
{"message":"This was a delay of 555","name":"Simple-PropertiesFileName","durationInMillis":555}
<<<<<<<<<<<<<<<<<<<<<<<<<
22:01:14.461 [TRACE] i.g.h.e.r.DefaultStatsProcessor - 
>>>>>>>>>>>>>>>>>>>>>>>>>>
Request:
simple_delay: OK 
=========================
Session:
Session(Acceptance test,105,1580331671551,Map(gatling.http.ssl.sslContexts -> SslContexts(io.netty.handler.ssl.JdkSslContext@7feb9ec9,None), gatling.http.cache.dns -> io.gatling.http.cache.DnsCacheSupport$$anon$1@5898ac4b, gatling.http.cache.baseUrl -> http://localhost:8080),26,OK,List(),io.gatling.core.protocol.ProtocolComponentsRegistry$$Lambda$598/0x000000084055d840@452b12e)
=========================
HTTP request:
GET http://localhost:8080/delay?duration=555
headers=
Accept: */*
Content-Type: application/json;charset=UTF-8
Accept-Language: en-US,en;q=0.8,nl;q=0.6
User-Agent: Mozilla/5.0 (Windows NT 6.1; WOW64) AppleWebKit/537.36 (KHTML, like Gecko) Chrome/38.0.2125.111 Safari/537.36
accept-encoding: gzip,deflate,sdch
host: localhost:8080
=========================
HTTP response:
status=
200 
headers= 
Content-Type: application/json;charset=UTF-8
Transfer-Encoding: chunked
Date: Wed, 29 Jan 2020 21:01:13 GMT

body=
{"message":"This was a delay of 555","name":"Simple-PropertiesFileName","durationInMillis":555}
<<<<<<<<<<<<<<<<<<<<<<<<<
22:01:14.461 [DEBUG] i.g.c.a.Pause - Pausing for 5135ms (real=5114ms)
22:01:14.461 [DEBUG] i.g.c.a.Pause - Pausing for 2379ms (real=2352ms)
22:01:14.552 [DEBUG] i.g.c.c.i.o.OpenWorkload - Injecting 2 users in scenario Acceptance test, continue=true
22:01:14.552 [DEBUG] i.g.h.e.t.HttpTxExecutor - Sending request=simple_cpu_burn uri=http://localhost:8080/cpu/magic-identity-check?matrixSize=133: scenario=Acceptance test, userId=111
22:01:14.553 [DEBUG] i.g.c.c.i.o.OpenWorkload - Start user #111
22:01:14.554 [DEBUG] i.g.h.c.i.HttpAppHandler - Write request WritableRequest{request=DefaultFullHttpRequest(decodeResult: success, version: HTTP/1.1, content: UnpooledByteBufAllocator$InstrumentedUnpooledUnsafeHeapByteBuf(ridx: 0, widx: 0, cap: 0))
GET /cpu/magic-identity-check?matrixSize=133 HTTP/1.1
Accept: */*
Content-Type: application/json;charset=UTF-8
Accept-Language: en-US,en;q=0.8,nl;q=0.6
User-Agent: Mozilla/5.0 (Windows NT 6.1; WOW64) AppleWebKit/537.36 (KHTML, like Gecko) Chrome/38.0.2125.111 Safari/537.36
accept-encoding: gzip,deflate,sdch
host: localhost:8080, content=null}
22:01:14.561 [DEBUG] i.g.h.c.i.HttpAppHandler - Read msg='DefaultHttpResponse(decodeResult: success, version: HTTP/1.1)
HTTP/1.1 200 
Content-Type: application/json;charset=UTF-8
Transfer-Encoding: chunked
Date: Wed, 29 Jan 2020 21:01:13 GMT'
22:01:14.561 [DEBUG] i.g.h.c.i.HttpAppHandler - Read msg='DefaultHttpContent(data: PooledSlicedByteBuf(ridx: 0, widx: 170, cap: 170/170, unwrapped: PooledUnsafeDirectByteBuf(ridx: 304, widx: 304, cap: 1024)), decoderResult: success)'
22:01:14.561 [DEBUG] i.g.h.c.i.HttpAppHandler - Read msg='EmptyLastHttpContent'
22:01:14.561 [TRACE] i.g.h.e.r.DefaultStatsProcessor - 
>>>>>>>>>>>>>>>>>>>>>>>>>>
Request:
simple_cpu_burn: OK 
=========================
Session:
Session(Acceptance test,111,1580331674552,Map(gatling.http.ssl.sslContexts -> SslContexts(io.netty.handler.ssl.JdkSslContext@196e51c4,None), gatling.http.cache.dns -> io.gatling.http.cache.DnsCacheSupport$$anon$1@5898ac4b, gatling.http.cache.baseUrl -> http://localhost:8080),0,OK,List(),io.gatling.core.protocol.ProtocolComponentsRegistry$$Lambda$598/0x000000084055d840@452b12e)
=========================
HTTP request:
GET http://localhost:8080/cpu/magic-identity-check?matrixSize=133
headers=
Accept: */*
Content-Type: application/json;charset=UTF-8
Accept-Language: en-US,en;q=0.8,nl;q=0.6
User-Agent: Mozilla/5.0 (Windows NT 6.1; WOW64) AppleWebKit/537.36 (KHTML, like Gecko) Chrome/38.0.2125.111 Safari/537.36
accept-encoding: gzip,deflate,sdch
host: localhost:8080
=========================
HTTP response:
status=
200 
headers= 
Content-Type: application/json;charset=UTF-8
Transfer-Encoding: chunked
Date: Wed, 29 Jan 2020 21:01:13 GMT

body=
{"message":"A simple magic square multiplied by an identity square of size [133] [is equal] to the magic square.","name":"Simple-PropertiesFileName","durationInMillis":6}
<<<<<<<<<<<<<<<<<<<<<<<<<
22:01:14.561 [DEBUG] i.g.c.a.Pause - Pausing for 1445ms (real=1445ms)
22:01:14.750 [DEBUG] i.g.h.c.i.HttpAppHandler - Read msg='DefaultHttpResponse(decodeResult: success, version: HTTP/1.1)
HTTP/1.1 200 
Content-Type: application/json;charset=UTF-8
Transfer-Encoding: chunked
Date: Wed, 29 Jan 2020 21:01:13 GMT'
22:01:14.750 [DEBUG] i.g.h.c.i.HttpAppHandler - Read msg='DefaultHttpContent(data: PooledSlicedByteBuf(ridx: 0, widx: 95, cap: 95/95, unwrapped: PooledUnsafeDirectByteBuf(ridx: 229, widx: 229, cap: 512)), decoderResult: success)'
22:01:14.750 [DEBUG] i.g.h.c.i.HttpAppHandler - Read msg='EmptyLastHttpContent'
22:01:14.751 [TRACE] i.g.h.e.r.DefaultStatsProcessor - 
>>>>>>>>>>>>>>>>>>>>>>>>>>
Request:
simple_delay: OK 
=========================
Session:
Session(Acceptance test,104,1580331671051,Map(gatling.http.ssl.sslContexts -> SslContexts(io.netty.handler.ssl.JdkSslContext@bd5f9bb,None), gatling.http.cache.dns -> io.gatling.http.cache.DnsCacheSupport$$anon$1@5898ac4b, gatling.http.cache.baseUrl -> http://localhost:8080),18,OK,List(),io.gatling.core.protocol.ProtocolComponentsRegistry$$Lambda$598/0x000000084055d840@452b12e)
=========================
HTTP request:
GET http://localhost:8080/delay?duration=555
headers=
Accept: */*
Content-Type: application/json;charset=UTF-8
Accept-Language: en-US,en;q=0.8,nl;q=0.6
User-Agent: Mozilla/5.0 (Windows NT 6.1; WOW64) AppleWebKit/537.36 (KHTML, like Gecko) Chrome/38.0.2125.111 Safari/537.36
accept-encoding: gzip,deflate,sdch
host: localhost:8080
=========================
HTTP response:
status=
200 
headers= 
Content-Type: application/json;charset=UTF-8
Transfer-Encoding: chunked
Date: Wed, 29 Jan 2020 21:01:13 GMT

body=
{"message":"This was a delay of 555","name":"Simple-PropertiesFileName","durationInMillis":555}
<<<<<<<<<<<<<<<<<<<<<<<<<
22:01:14.751 [DEBUG] i.g.c.a.Pause - Pausing for 1029ms (real=1010ms)
22:01:14.821 [DEBUG] i.g.h.e.t.HttpTxExecutor - Sending request=simple_mini_leak uri=http://localhost:8080/memory/grow?objects=8&items=54: scenario=Acceptance test, userId=82
22:01:14.822 [DEBUG] i.g.h.c.i.HttpAppHandler - Write request WritableRequest{request=DefaultFullHttpRequest(decodeResult: success, version: HTTP/1.1, content: UnpooledByteBufAllocator$InstrumentedUnpooledUnsafeHeapByteBuf(ridx: 0, widx: 0, cap: 0))
GET /memory/grow?objects=8&items=54 HTTP/1.1
Accept: */*
Content-Type: application/json;charset=UTF-8
Accept-Language: en-US,en;q=0.8,nl;q=0.6
User-Agent: Mozilla/5.0 (Windows NT 6.1; WOW64) AppleWebKit/537.36 (KHTML, like Gecko) Chrome/38.0.2125.111 Safari/537.36
accept-encoding: gzip,deflate,sdch
host: localhost:8080, content=null}
22:01:14.828 [DEBUG] i.g.h.c.i.HttpAppHandler - Read msg='DefaultHttpResponse(decodeResult: success, version: HTTP/1.1)
HTTP/1.1 200 
Content-Type: application/json;charset=UTF-8
Transfer-Encoding: chunked
Date: Wed, 29 Jan 2020 21:01:13 GMT'
22:01:14.828 [DEBUG] i.g.h.c.i.HttpAppHandler - Read msg='DefaultHttpContent(data: PooledSlicedByteBuf(ridx: 0, widx: 144, cap: 144/144, unwrapped: PooledUnsafeDirectByteBuf(ridx: 278, widx: 283, cap: 512)), decoderResult: success)'
22:01:14.828 [DEBUG] i.g.h.c.i.HttpAppHandler - Read msg='EmptyLastHttpContent'
22:01:14.829 [TRACE] i.g.h.e.r.DefaultStatsProcessor - 
>>>>>>>>>>>>>>>>>>>>>>>>>>
Request:
simple_mini_leak: OK 
=========================
Session:
Session(Acceptance test,82,1580331660052,Map(gatling.http.ssl.sslContexts -> SslContexts(io.netty.handler.ssl.JdkSslContext@5c00c19a,None), gatling.http.cache.dns -> io.gatling.http.cache.DnsCacheSupport$$anon$1@5898ac4b, gatling.http.cache.baseUrl -> http://localhost:8080),17,OK,List(),io.gatling.core.protocol.ProtocolComponentsRegistry$$Lambda$598/0x000000084055d840@452b12e)
=========================
HTTP request:
GET http://localhost:8080/memory/grow?objects=8&items=54
headers=
Accept: */*
Content-Type: application/json;charset=UTF-8
Accept-Language: en-US,en;q=0.8,nl;q=0.6
User-Agent: Mozilla/5.0 (Windows NT 6.1; WOW64) AppleWebKit/537.36 (KHTML, like Gecko) Chrome/38.0.2125.111 Safari/537.36
accept-encoding: gzip,deflate,sdch
host: localhost:8080
=========================
HTTP response:
status=
200 
headers= 
Content-Type: application/json;charset=UTF-8
Transfer-Encoding: chunked
Date: Wed, 29 Jan 2020 21:01:13 GMT

body=
{"message":"Size of BigFatBastard list is now 11776 objects. It contains 635904 items.","name":"Simple-PropertiesFileName","durationInMillis":5}
<<<<<<<<<<<<<<<<<<<<<<<<<
22:01:14.829 [DEBUG] i.g.c.a.Pause - Pausing for 2018ms (real=2000ms)
22:01:15.032 [DEBUG] i.g.h.e.t.HttpTxExecutor - Sending request=simple_delay uri=http://localhost:8080/delay?duration=555: scenario=Acceptance test, userId=101
22:01:15.033 [DEBUG] i.g.h.c.i.HttpAppHandler - Write request WritableRequest{request=DefaultFullHttpRequest(decodeResult: success, version: HTTP/1.1, content: UnpooledByteBufAllocator$InstrumentedUnpooledUnsafeHeapByteBuf(ridx: 0, widx: 0, cap: 0))
GET /delay?duration=555 HTTP/1.1
Accept: */*
Content-Type: application/json;charset=UTF-8
Accept-Language: en-US,en;q=0.8,nl;q=0.6
User-Agent: Mozilla/5.0 (Windows NT 6.1; WOW64) AppleWebKit/537.36 (KHTML, like Gecko) Chrome/38.0.2125.111 Safari/537.36
accept-encoding: gzip,deflate,sdch
host: localhost:8080, content=null}
22:01:15.052 [DEBUG] i.g.h.e.t.HttpTxExecutor - Sending request=simple_cpu_burn uri=http://localhost:8080/cpu/magic-identity-check?matrixSize=133: scenario=Acceptance test, userId=112
22:01:15.052 [DEBUG] i.g.c.c.i.o.OpenWorkload - Start user #112
22:01:15.053 [DEBUG] i.g.h.c.i.HttpAppHandler - Write request WritableRequest{request=DefaultFullHttpRequest(decodeResult: success, version: HTTP/1.1, content: UnpooledByteBufAllocator$InstrumentedUnpooledUnsafeHeapByteBuf(ridx: 0, widx: 0, cap: 0))
GET /cpu/magic-identity-check?matrixSize=133 HTTP/1.1
Accept: */*
Content-Type: application/json;charset=UTF-8
Accept-Language: en-US,en;q=0.8,nl;q=0.6
User-Agent: Mozilla/5.0 (Windows NT 6.1; WOW64) AppleWebKit/537.36 (KHTML, like Gecko) Chrome/38.0.2125.111 Safari/537.36
accept-encoding: gzip,deflate,sdch
host: localhost:8080, content=null}
22:01:15.064 [DEBUG] i.g.h.c.i.HttpAppHandler - Read msg='DefaultHttpResponse(decodeResult: success, version: HTTP/1.1)
HTTP/1.1 200 
Content-Type: application/json;charset=UTF-8
Transfer-Encoding: chunked
Date: Wed, 29 Jan 2020 21:01:15 GMT'
22:01:15.064 [DEBUG] i.g.h.c.i.HttpAppHandler - Read msg='DefaultHttpContent(data: PooledSlicedByteBuf(ridx: 0, widx: 170, cap: 170/170, unwrapped: PooledUnsafeDirectByteBuf(ridx: 304, widx: 309, cap: 1024)), decoderResult: success)'
22:01:15.064 [DEBUG] i.g.h.c.i.HttpAppHandler - Read msg='EmptyLastHttpContent'
22:01:15.065 [TRACE] i.g.h.e.r.DefaultStatsProcessor - 
>>>>>>>>>>>>>>>>>>>>>>>>>>
Request:
simple_cpu_burn: OK 
=========================
Session:
Session(Acceptance test,112,1580331675051,Map(gatling.http.ssl.sslContexts -> SslContexts(io.netty.handler.ssl.JdkSslContext@581f292b,None), gatling.http.cache.dns -> io.gatling.http.cache.DnsCacheSupport$$anon$1@5898ac4b, gatling.http.cache.baseUrl -> http://localhost:8080),0,OK,List(),io.gatling.core.protocol.ProtocolComponentsRegistry$$Lambda$598/0x000000084055d840@452b12e)
=========================
HTTP request:
GET http://localhost:8080/cpu/magic-identity-check?matrixSize=133
headers=
Accept: */*
Content-Type: application/json;charset=UTF-8
Accept-Language: en-US,en;q=0.8,nl;q=0.6
User-Agent: Mozilla/5.0 (Windows NT 6.1; WOW64) AppleWebKit/537.36 (KHTML, like Gecko) Chrome/38.0.2125.111 Safari/537.36
accept-encoding: gzip,deflate,sdch
host: localhost:8080
=========================
HTTP response:
status=
200 
headers= 
Content-Type: application/json;charset=UTF-8
Transfer-Encoding: chunked
Date: Wed, 29 Jan 2020 21:01:15 GMT

body=
{"message":"A simple magic square multiplied by an identity square of size [133] [is equal] to the magic square.","name":"Simple-PropertiesFileName","durationInMillis":9}
<<<<<<<<<<<<<<<<<<<<<<<<<
22:01:15.065 [DEBUG] i.g.c.a.Pause - Pausing for 6030ms (real=6029ms)
22:01:15.552 [DEBUG] i.g.c.c.i.o.OpenWorkload - Injecting 2 users in scenario Acceptance test, continue=true
22:01:15.552 [DEBUG] i.g.h.e.t.HttpTxExecutor - Sending request=simple_cpu_burn uri=http://localhost:8080/cpu/magic-identity-check?matrixSize=133: scenario=Acceptance test, userId=113
22:01:15.553 [DEBUG] i.g.c.c.i.o.OpenWorkload - Start user #113
22:01:15.554 [DEBUG] i.g.h.c.i.HttpAppHandler - Write request WritableRequest{request=DefaultFullHttpRequest(decodeResult: success, version: HTTP/1.1, content: UnpooledByteBufAllocator$InstrumentedUnpooledUnsafeHeapByteBuf(ridx: 0, widx: 0, cap: 0))
GET /cpu/magic-identity-check?matrixSize=133 HTTP/1.1
Accept: */*
Content-Type: application/json;charset=UTF-8
Accept-Language: en-US,en;q=0.8,nl;q=0.6
User-Agent: Mozilla/5.0 (Windows NT 6.1; WOW64) AppleWebKit/537.36 (KHTML, like Gecko) Chrome/38.0.2125.111 Safari/537.36
accept-encoding: gzip,deflate,sdch
host: localhost:8080, content=null}
22:01:15.561 [DEBUG] i.g.h.c.i.HttpAppHandler - Read msg='DefaultHttpResponse(decodeResult: success, version: HTTP/1.1)
HTTP/1.1 200 
Content-Type: application/json;charset=UTF-8
Transfer-Encoding: chunked
Date: Wed, 29 Jan 2020 21:01:15 GMT'
22:01:15.561 [DEBUG] i.g.h.c.i.HttpAppHandler - Read msg='DefaultHttpContent(data: PooledSlicedByteBuf(ridx: 0, widx: 170, cap: 170/170, unwrapped: PooledUnsafeDirectByteBuf(ridx: 304, widx: 304, cap: 1024)), decoderResult: success)'
22:01:15.561 [DEBUG] i.g.h.c.i.HttpAppHandler - Read msg='EmptyLastHttpContent'
22:01:15.561 [TRACE] i.g.h.e.r.DefaultStatsProcessor - 
>>>>>>>>>>>>>>>>>>>>>>>>>>
Request:
simple_cpu_burn: OK 
=========================
Session:
Session(Acceptance test,113,1580331675552,Map(gatling.http.ssl.sslContexts -> SslContexts(io.netty.handler.ssl.JdkSslContext@7d8a578d,None), gatling.http.cache.dns -> io.gatling.http.cache.DnsCacheSupport$$anon$1@5898ac4b, gatling.http.cache.baseUrl -> http://localhost:8080),0,OK,List(),io.gatling.core.protocol.ProtocolComponentsRegistry$$Lambda$598/0x000000084055d840@452b12e)
=========================
HTTP request:
GET http://localhost:8080/cpu/magic-identity-check?matrixSize=133
headers=
Accept: */*
Content-Type: application/json;charset=UTF-8
Accept-Language: en-US,en;q=0.8,nl;q=0.6
User-Agent: Mozilla/5.0 (Windows NT 6.1; WOW64) AppleWebKit/537.36 (KHTML, like Gecko) Chrome/38.0.2125.111 Safari/537.36
accept-encoding: gzip,deflate,sdch
host: localhost:8080
=========================
HTTP response:
status=
200 
headers= 
Content-Type: application/json;charset=UTF-8
Transfer-Encoding: chunked
Date: Wed, 29 Jan 2020 21:01:15 GMT

body=
{"message":"A simple magic square multiplied by an identity square of size [133] [is equal] to the magic square.","name":"Simple-PropertiesFileName","durationInMillis":6}
<<<<<<<<<<<<<<<<<<<<<<<<<
22:01:15.561 [DEBUG] i.g.c.a.Pause - Pausing for 4129ms (real=4129ms)
22:01:15.590 [DEBUG] i.g.h.c.i.HttpAppHandler - Read msg='DefaultHttpResponse(decodeResult: success, version: HTTP/1.1)
HTTP/1.1 200 
Content-Type: application/json;charset=UTF-8
Transfer-Encoding: chunked
Date: Wed, 29 Jan 2020 21:01:15 GMT'
22:01:15.590 [DEBUG] i.g.h.c.i.HttpAppHandler - Read msg='DefaultHttpContent(data: PooledSlicedByteBuf(ridx: 0, widx: 95, cap: 95/95, unwrapped: PooledUnsafeDirectByteBuf(ridx: 229, widx: 229, cap: 512)), decoderResult: success)'
22:01:15.590 [DEBUG] i.g.h.c.i.HttpAppHandler - Read msg='EmptyLastHttpContent'
22:01:15.591 [TRACE] i.g.h.e.r.DefaultStatsProcessor - 
>>>>>>>>>>>>>>>>>>>>>>>>>>
Request:
simple_delay: OK 
=========================
Session:
Session(Acceptance test,101,1580331669552,Map(gatling.http.ssl.sslContexts -> SslContexts(io.netty.handler.ssl.JdkSslContext@5a6adfda,None), gatling.http.cache.dns -> io.gatling.http.cache.DnsCacheSupport$$anon$1@5898ac4b, gatling.http.cache.baseUrl -> http://localhost:8080),21,OK,List(),io.gatling.core.protocol.ProtocolComponentsRegistry$$Lambda$598/0x000000084055d840@452b12e)
=========================
HTTP request:
GET http://localhost:8080/delay?duration=555
headers=
Accept: */*
Content-Type: application/json;charset=UTF-8
Accept-Language: en-US,en;q=0.8,nl;q=0.6
User-Agent: Mozilla/5.0 (Windows NT 6.1; WOW64) AppleWebKit/537.36 (KHTML, like Gecko) Chrome/38.0.2125.111 Safari/537.36
accept-encoding: gzip,deflate,sdch
host: localhost:8080
=========================
HTTP response:
status=
200 
headers= 
Content-Type: application/json;charset=UTF-8
Transfer-Encoding: chunked
Date: Wed, 29 Jan 2020 21:01:15 GMT

body=
{"message":"This was a delay of 555","name":"Simple-PropertiesFileName","durationInMillis":555}
<<<<<<<<<<<<<<<<<<<<<<<<<
22:01:15.591 [DEBUG] i.g.c.a.Pause - Pausing for 259ms (real=237ms)
22:01:15.762 [DEBUG] i.g.h.e.t.HttpTxExecutor - Sending request=upload-file uri=http://localhost:8080/files/upload: scenario=Acceptance test, userId=94
22:01:15.763 [DEBUG] i.g.h.c.i.HttpAppHandler - Write request WritableRequest{request=DefaultHttpRequest(decodeResult: success, version: HTTP/1.1)
POST /files/upload HTTP/1.1
Accept: */*
Accept-Language: en-US,en;q=0.8,nl;q=0.6
User-Agent: Mozilla/5.0 (Windows NT 6.1; WOW64) AppleWebKit/537.36 (KHTML, like Gecko) Chrome/38.0.2125.111 Safari/537.36
accept-encoding: gzip,deflate,sdch
host: localhost:8080
content-type: multipart/form-data; boundary=lHQgy2AZyl5dq9LvTC2E6-w-5q4Gx0VAVE-
content-length: 220, content=io.gatling.http.client.body.multipart.impl.MultipartFileRegion@32805262}
22:01:15.766 [DEBUG] i.g.h.c.i.HttpAppHandler - Read msg='DefaultHttpResponse(decodeResult: success, version: HTTP/1.1)
HTTP/1.1 200 
Content-Type: text/plain;charset=UTF-8
Content-Length: 62
Date: Wed, 29 Jan 2020 21:01:15 GMT'
22:01:15.766 [DEBUG] i.g.h.c.i.HttpAppHandler - Read msg='DefaultLastHttpContent(data: PooledSlicedByteBuf(ridx: 0, widx: 62, cap: 62/62, unwrapped: PooledUnsafeDirectByteBuf(ridx: 176, widx: 176, cap: 496)), decoderResult: success)'
22:01:15.767 [TRACE] i.g.h.e.r.DefaultStatsProcessor - 
>>>>>>>>>>>>>>>>>>>>>>>>>>
Request:
upload-file: OK 
=========================
Session:
Session(Acceptance test,94,1580331666051,Map(gatling.http.ssl.sslContexts -> SslContexts(io.netty.handler.ssl.JdkSslContext@3a1c757a,None), gatling.http.cache.dns -> io.gatling.http.cache.DnsCacheSupport$$anon$1@5898ac4b, gatling.http.cache.baseUrl -> http://localhost:8080),15,OK,List(),io.gatling.core.protocol.ProtocolComponentsRegistry$$Lambda$598/0x000000084055d840@452b12e)
=========================
HTTP request:
POST http://localhost:8080/files/upload
headers=
Accept: */*
Accept-Language: en-US,en;q=0.8,nl;q=0.6
User-Agent: Mozilla/5.0 (Windows NT 6.1; WOW64) AppleWebKit/537.36 (KHTML, like Gecko) Chrome/38.0.2125.111 Safari/537.36
accept-encoding: gzip,deflate,sdch
host: localhost:8080
content-type: multipart/form-data; boundary=lHQgy2AZyl5dq9LvTC2E6-w-5q4Gx0VAVE-
content-length: 220
multipartBody=
ByteArrayPart: name=upload contentType=text/plain dispositionType=null charset=UTF-8 transferEncoding=null contentId=null filename=gatling-upload.txt
=========================
HTTP response:
status=
200 
headers= 
Content-Type: text/plain;charset=UTF-8
Content-Length: 62
Date: Wed, 29 Jan 2020 21:01:15 GMT

body=
File upload succeeded [gatling-upload.txt] of size [17] bytes.
<<<<<<<<<<<<<<<<<<<<<<<<<
22:01:15.767 [DEBUG] i.g.c.a.Exit - End user #94
22:01:15.767 [DEBUG] i.g.c.c.i.Injector - End user #94
22:01:15.772 [DEBUG] i.g.h.e.t.HttpTxExecutor - Sending request=simple_mini_leak uri=http://localhost:8080/memory/grow?objects=8&items=54: scenario=Acceptance test, userId=104
22:01:15.772 [DEBUG] i.g.h.e.t.HttpTxExecutor - Sending request=upload-file uri=http://localhost:8080/files/upload: scenario=Acceptance test, userId=98
22:01:15.772 [DEBUG] i.g.h.c.i.HttpAppHandler - Write request WritableRequest{request=DefaultFullHttpRequest(decodeResult: success, version: HTTP/1.1, content: UnpooledByteBufAllocator$InstrumentedUnpooledUnsafeHeapByteBuf(ridx: 0, widx: 0, cap: 0))
GET /memory/grow?objects=8&items=54 HTTP/1.1
Accept: */*
Content-Type: application/json;charset=UTF-8
Accept-Language: en-US,en;q=0.8,nl;q=0.6
User-Agent: Mozilla/5.0 (Windows NT 6.1; WOW64) AppleWebKit/537.36 (KHTML, like Gecko) Chrome/38.0.2125.111 Safari/537.36
accept-encoding: gzip,deflate,sdch
host: localhost:8080, content=null}
22:01:15.773 [DEBUG] i.g.h.c.i.HttpAppHandler - Write request WritableRequest{request=DefaultHttpRequest(decodeResult: success, version: HTTP/1.1)
POST /files/upload HTTP/1.1
Accept: */*
Accept-Language: en-US,en;q=0.8,nl;q=0.6
User-Agent: Mozilla/5.0 (Windows NT 6.1; WOW64) AppleWebKit/537.36 (KHTML, like Gecko) Chrome/38.0.2125.111 Safari/537.36
accept-encoding: gzip,deflate,sdch
host: localhost:8080
content-type: multipart/form-data; boundary=kq7ms-dPW_gd7h0D0simNR30mTLRk5-da1L
content-length: 220, content=io.gatling.http.client.body.multipart.impl.MultipartFileRegion@213e2f16}
22:01:15.775 [DEBUG] i.g.h.c.i.HttpAppHandler - Read msg='DefaultHttpResponse(decodeResult: success, version: HTTP/1.1)
HTTP/1.1 200 
Content-Type: text/plain;charset=UTF-8
Content-Length: 62
Date: Wed, 29 Jan 2020 21:01:15 GMT'
22:01:15.775 [DEBUG] i.g.h.c.i.HttpAppHandler - Read msg='DefaultLastHttpContent(data: PooledSlicedByteBuf(ridx: 0, widx: 62, cap: 62/62, unwrapped: PooledUnsafeDirectByteBuf(ridx: 176, widx: 176, cap: 496)), decoderResult: success)'
22:01:15.776 [TRACE] i.g.h.e.r.DefaultStatsProcessor - 
>>>>>>>>>>>>>>>>>>>>>>>>>>
Request:
upload-file: OK 
=========================
Session:
Session(Acceptance test,98,1580331668051,Map(gatling.http.ssl.sslContexts -> SslContexts(io.netty.handler.ssl.JdkSslContext@6dbecadb,None), gatling.http.cache.dns -> io.gatling.http.cache.DnsCacheSupport$$anon$1@5898ac4b, gatling.http.cache.baseUrl -> http://localhost:8080),12,OK,List(),io.gatling.core.protocol.ProtocolComponentsRegistry$$Lambda$598/0x000000084055d840@452b12e)
=========================
HTTP request:
POST http://localhost:8080/files/upload
headers=
Accept: */*
Accept-Language: en-US,en;q=0.8,nl;q=0.6
User-Agent: Mozilla/5.0 (Windows NT 6.1; WOW64) AppleWebKit/537.36 (KHTML, like Gecko) Chrome/38.0.2125.111 Safari/537.36
accept-encoding: gzip,deflate,sdch
host: localhost:8080
content-type: multipart/form-data; boundary=kq7ms-dPW_gd7h0D0simNR30mTLRk5-da1L
content-length: 220
multipartBody=
ByteArrayPart: name=upload contentType=text/plain dispositionType=null charset=UTF-8 transferEncoding=null contentId=null filename=gatling-upload.txt
=========================
HTTP response:
status=
200 
headers= 
Content-Type: text/plain;charset=UTF-8
Content-Length: 62
Date: Wed, 29 Jan 2020 21:01:15 GMT

body=
File upload succeeded [gatling-upload.txt] of size [17] bytes.
<<<<<<<<<<<<<<<<<<<<<<<<<
22:01:15.776 [DEBUG] i.g.c.a.Exit - End user #98
22:01:15.776 [DEBUG] i.g.c.c.i.Injector - End user #98
22:01:15.780 [DEBUG] i.g.h.c.i.HttpAppHandler - Read msg='DefaultHttpResponse(decodeResult: success, version: HTTP/1.1)
HTTP/1.1 200 
Content-Type: application/json;charset=UTF-8
Transfer-Encoding: chunked
Date: Wed, 29 Jan 2020 21:01:15 GMT'
22:01:15.780 [DEBUG] i.g.h.c.i.HttpAppHandler - Read msg='DefaultHttpContent(data: PooledSlicedByteBuf(ridx: 0, widx: 144, cap: 144/144, unwrapped: PooledUnsafeDirectByteBuf(ridx: 278, widx: 278, cap: 496)), decoderResult: success)'
22:01:15.780 [DEBUG] i.g.h.c.i.HttpAppHandler - Read msg='EmptyLastHttpContent'
22:01:15.780 [TRACE] i.g.h.e.r.DefaultStatsProcessor - 
>>>>>>>>>>>>>>>>>>>>>>>>>>
Request:
simple_mini_leak: OK 
=========================
Session:
Session(Acceptance test,104,1580331671051,Map(gatling.http.ssl.sslContexts -> SslContexts(io.netty.handler.ssl.JdkSslContext@bd5f9bb,None), gatling.http.cache.dns -> io.gatling.http.cache.DnsCacheSupport$$anon$1@5898ac4b, gatling.http.cache.baseUrl -> http://localhost:8080),11,OK,List(),io.gatling.core.protocol.ProtocolComponentsRegistry$$Lambda$598/0x000000084055d840@452b12e)
=========================
HTTP request:
GET http://localhost:8080/memory/grow?objects=8&items=54
headers=
Accept: */*
Content-Type: application/json;charset=UTF-8
Accept-Language: en-US,en;q=0.8,nl;q=0.6
User-Agent: Mozilla/5.0 (Windows NT 6.1; WOW64) AppleWebKit/537.36 (KHTML, like Gecko) Chrome/38.0.2125.111 Safari/537.36
accept-encoding: gzip,deflate,sdch
host: localhost:8080
=========================
HTTP response:
status=
200 
headers= 
Content-Type: application/json;charset=UTF-8
Transfer-Encoding: chunked
Date: Wed, 29 Jan 2020 21:01:15 GMT

body=
{"message":"Size of BigFatBastard list is now 11784 objects. It contains 636336 items.","name":"Simple-PropertiesFileName","durationInMillis":5}
<<<<<<<<<<<<<<<<<<<<<<<<<
22:01:15.781 [DEBUG] i.g.c.a.Pause - Pausing for 1935ms (real=1923ms)
22:01:15.852 [DEBUG] i.g.h.e.t.HttpTxExecutor - Sending request=simple_mini_leak uri=http://localhost:8080/memory/grow?objects=8&items=54: scenario=Acceptance test, userId=101
22:01:15.852 [DEBUG] i.g.h.c.i.HttpAppHandler - Write request WritableRequest{request=DefaultFullHttpRequest(decodeResult: success, version: HTTP/1.1, content: UnpooledByteBufAllocator$InstrumentedUnpooledUnsafeHeapByteBuf(ridx: 0, widx: 0, cap: 0))
GET /memory/grow?objects=8&items=54 HTTP/1.1
Accept: */*
Content-Type: application/json;charset=UTF-8
Accept-Language: en-US,en;q=0.8,nl;q=0.6
User-Agent: Mozilla/5.0 (Windows NT 6.1; WOW64) AppleWebKit/537.36 (KHTML, like Gecko) Chrome/38.0.2125.111 Safari/537.36
accept-encoding: gzip,deflate,sdch
host: localhost:8080, content=null}
22:01:15.859 [DEBUG] i.g.h.c.i.HttpAppHandler - Read msg='DefaultHttpResponse(decodeResult: success, version: HTTP/1.1)
HTTP/1.1 200 
Content-Type: application/json;charset=UTF-8
Transfer-Encoding: chunked
Date: Wed, 29 Jan 2020 21:01:15 GMT'
22:01:15.860 [DEBUG] i.g.h.c.i.HttpAppHandler - Read msg='DefaultHttpContent(data: PooledSlicedByteBuf(ridx: 0, widx: 144, cap: 144/144, unwrapped: PooledUnsafeDirectByteBuf(ridx: 278, widx: 283, cap: 496)), decoderResult: success)'
22:01:15.860 [DEBUG] i.g.h.c.i.HttpAppHandler - Read msg='EmptyLastHttpContent'
22:01:15.860 [TRACE] i.g.h.e.r.DefaultStatsProcessor - 
>>>>>>>>>>>>>>>>>>>>>>>>>>
Request:
simple_mini_leak: OK 
=========================
Session:
Session(Acceptance test,101,1580331669552,Map(gatling.http.ssl.sslContexts -> SslContexts(io.netty.handler.ssl.JdkSslContext@5a6adfda,None), gatling.http.cache.dns -> io.gatling.http.cache.DnsCacheSupport$$anon$1@5898ac4b, gatling.http.cache.baseUrl -> http://localhost:8080),24,OK,List(),io.gatling.core.protocol.ProtocolComponentsRegistry$$Lambda$598/0x000000084055d840@452b12e)
=========================
HTTP request:
GET http://localhost:8080/memory/grow?objects=8&items=54
headers=
Accept: */*
Content-Type: application/json;charset=UTF-8
Accept-Language: en-US,en;q=0.8,nl;q=0.6
User-Agent: Mozilla/5.0 (Windows NT 6.1; WOW64) AppleWebKit/537.36 (KHTML, like Gecko) Chrome/38.0.2125.111 Safari/537.36
accept-encoding: gzip,deflate,sdch
host: localhost:8080
=========================
HTTP response:
status=
200 
headers= 
Content-Type: application/json;charset=UTF-8
Transfer-Encoding: chunked
Date: Wed, 29 Jan 2020 21:01:15 GMT

body=
{"message":"Size of BigFatBastard list is now 11792 objects. It contains 636768 items.","name":"Simple-PropertiesFileName","durationInMillis":5}
<<<<<<<<<<<<<<<<<<<<<<<<<
22:01:15.860 [DEBUG] i.g.c.a.Pause - Pausing for 9027ms (real=9003ms)
22:01:16.031 [DEBUG] i.g.h.e.t.HttpTxExecutor - Sending request=simple_delay uri=http://localhost:8080/delay?duration=555: scenario=Acceptance test, userId=111
22:01:16.032 [DEBUG] i.g.h.c.i.HttpAppHandler - Write request WritableRequest{request=DefaultFullHttpRequest(decodeResult: success, version: HTTP/1.1, content: UnpooledByteBufAllocator$InstrumentedUnpooledUnsafeHeapByteBuf(ridx: 0, widx: 0, cap: 0))
GET /delay?duration=555 HTTP/1.1
Accept: */*
Content-Type: application/json;charset=UTF-8
Accept-Language: en-US,en;q=0.8,nl;q=0.6
User-Agent: Mozilla/5.0 (Windows NT 6.1; WOW64) AppleWebKit/537.36 (KHTML, like Gecko) Chrome/38.0.2125.111 Safari/537.36
accept-encoding: gzip,deflate,sdch
host: localhost:8080, content=null}
22:01:16.052 [DEBUG] i.g.h.e.t.HttpTxExecutor - Sending request=simple_cpu_burn uri=http://localhost:8080/cpu/magic-identity-check?matrixSize=133: scenario=Acceptance test, userId=114
22:01:16.052 [DEBUG] i.g.c.c.i.o.OpenWorkload - Start user #114
22:01:16.053 [DEBUG] i.g.h.c.i.HttpAppHandler - Write request WritableRequest{request=DefaultFullHttpRequest(decodeResult: success, version: HTTP/1.1, content: UnpooledByteBufAllocator$InstrumentedUnpooledUnsafeHeapByteBuf(ridx: 0, widx: 0, cap: 0))
GET /cpu/magic-identity-check?matrixSize=133 HTTP/1.1
Accept: */*
Content-Type: application/json;charset=UTF-8
Accept-Language: en-US,en;q=0.8,nl;q=0.6
User-Agent: Mozilla/5.0 (Windows NT 6.1; WOW64) AppleWebKit/537.36 (KHTML, like Gecko) Chrome/38.0.2125.111 Safari/537.36
accept-encoding: gzip,deflate,sdch
host: localhost:8080, content=null}
22:01:16.062 [DEBUG] i.g.h.e.t.HttpTxExecutor - Sending request=simple_delay uri=http://localhost:8080/delay?duration=555: scenario=Acceptance test, userId=108
22:01:16.062 [DEBUG] i.g.h.c.i.HttpAppHandler - Write request WritableRequest{request=DefaultFullHttpRequest(decodeResult: success, version: HTTP/1.1, content: UnpooledByteBufAllocator$InstrumentedUnpooledUnsafeHeapByteBuf(ridx: 0, widx: 0, cap: 0))
GET /delay?duration=555 HTTP/1.1
Accept: */*
Content-Type: application/json;charset=UTF-8
Accept-Language: en-US,en;q=0.8,nl;q=0.6
User-Agent: Mozilla/5.0 (Windows NT 6.1; WOW64) AppleWebKit/537.36 (KHTML, like Gecko) Chrome/38.0.2125.111 Safari/537.36
accept-encoding: gzip,deflate,sdch
host: localhost:8080, content=null}
22:01:16.065 [DEBUG] i.g.h.c.i.HttpAppHandler - Read msg='DefaultHttpResponse(decodeResult: success, version: HTTP/1.1)
HTTP/1.1 200 
Content-Type: application/json;charset=UTF-8
Transfer-Encoding: chunked
Date: Wed, 29 Jan 2020 21:01:15 GMT'
22:01:16.065 [DEBUG] i.g.h.c.i.HttpAppHandler - Read msg='DefaultHttpContent(data: PooledSlicedByteBuf(ridx: 0, widx: 170, cap: 170/170, unwrapped: PooledUnsafeDirectByteBuf(ridx: 304, widx: 304, cap: 1024)), decoderResult: success)'
22:01:16.065 [DEBUG] i.g.h.c.i.HttpAppHandler - Read msg='EmptyLastHttpContent'
22:01:16.065 [TRACE] i.g.h.e.r.DefaultStatsProcessor - 
>>>>>>>>>>>>>>>>>>>>>>>>>>
Request:
simple_cpu_burn: OK 
=========================
Session:
Session(Acceptance test,114,1580331676051,Map(gatling.http.ssl.sslContexts -> SslContexts(io.netty.handler.ssl.JdkSslContext@7acd286d,None), gatling.http.cache.dns -> io.gatling.http.cache.DnsCacheSupport$$anon$1@5898ac4b, gatling.http.cache.baseUrl -> http://localhost:8080),0,OK,List(),io.gatling.core.protocol.ProtocolComponentsRegistry$$Lambda$598/0x000000084055d840@452b12e)
=========================
HTTP request:
GET http://localhost:8080/cpu/magic-identity-check?matrixSize=133
headers=
Accept: */*
Content-Type: application/json;charset=UTF-8
Accept-Language: en-US,en;q=0.8,nl;q=0.6
User-Agent: Mozilla/5.0 (Windows NT 6.1; WOW64) AppleWebKit/537.36 (KHTML, like Gecko) Chrome/38.0.2125.111 Safari/537.36
accept-encoding: gzip,deflate,sdch
host: localhost:8080
=========================
HTTP response:
status=
200 
headers= 
Content-Type: application/json;charset=UTF-8
Transfer-Encoding: chunked
Date: Wed, 29 Jan 2020 21:01:15 GMT

body=
{"message":"A simple magic square multiplied by an identity square of size [133] [is equal] to the magic square.","name":"Simple-PropertiesFileName","durationInMillis":9}
<<<<<<<<<<<<<<<<<<<<<<<<<
22:01:16.065 [DEBUG] i.g.c.a.Pause - Pausing for 158ms (real=158ms)
22:01:16.142 [DEBUG] i.g.h.e.t.HttpTxExecutor - Sending request=simple_mini_leak uri=http://localhost:8080/memory/grow?objects=8&items=54: scenario=Acceptance test, userId=97
22:01:16.142 [DEBUG] i.g.h.c.i.HttpAppHandler - Write request WritableRequest{request=DefaultFullHttpRequest(decodeResult: success, version: HTTP/1.1, content: UnpooledByteBufAllocator$InstrumentedUnpooledUnsafeHeapByteBuf(ridx: 0, widx: 0, cap: 0))
GET /memory/grow?objects=8&items=54 HTTP/1.1
Accept: */*
Content-Type: application/json;charset=UTF-8
Accept-Language: en-US,en;q=0.8,nl;q=0.6
User-Agent: Mozilla/5.0 (Windows NT 6.1; WOW64) AppleWebKit/537.36 (KHTML, like Gecko) Chrome/38.0.2125.111 Safari/537.36
accept-encoding: gzip,deflate,sdch
host: localhost:8080, content=null}
22:01:16.149 [DEBUG] i.g.h.c.i.HttpAppHandler - Read msg='DefaultHttpResponse(decodeResult: success, version: HTTP/1.1)
HTTP/1.1 200 
Content-Type: application/json;charset=UTF-8
Transfer-Encoding: chunked
Date: Wed, 29 Jan 2020 21:01:16 GMT'
22:01:16.149 [DEBUG] i.g.h.c.i.HttpAppHandler - Read msg='DefaultHttpContent(data: PooledSlicedByteBuf(ridx: 0, widx: 144, cap: 144/144, unwrapped: PooledUnsafeDirectByteBuf(ridx: 278, widx: 283, cap: 512)), decoderResult: success)'
22:01:16.149 [DEBUG] i.g.h.c.i.HttpAppHandler - Read msg='EmptyLastHttpContent'
22:01:16.150 [TRACE] i.g.h.e.r.DefaultStatsProcessor - 
>>>>>>>>>>>>>>>>>>>>>>>>>>
Request:
simple_mini_leak: OK 
=========================
Session:
Session(Acceptance test,97,1580331667551,Map(gatling.http.ssl.sslContexts -> SslContexts(io.netty.handler.ssl.JdkSslContext@33524a1a,None), gatling.http.cache.dns -> io.gatling.http.cache.DnsCacheSupport$$anon$1@5898ac4b, gatling.http.cache.baseUrl -> http://localhost:8080),17,OK,List(),io.gatling.core.protocol.ProtocolComponentsRegistry$$Lambda$598/0x000000084055d840@452b12e)
=========================
HTTP request:
GET http://localhost:8080/memory/grow?objects=8&items=54
headers=
Accept: */*
Content-Type: application/json;charset=UTF-8
Accept-Language: en-US,en;q=0.8,nl;q=0.6
User-Agent: Mozilla/5.0 (Windows NT 6.1; WOW64) AppleWebKit/537.36 (KHTML, like Gecko) Chrome/38.0.2125.111 Safari/537.36
accept-encoding: gzip,deflate,sdch
host: localhost:8080
=========================
HTTP response:
status=
200 
headers= 
Content-Type: application/json;charset=UTF-8
Transfer-Encoding: chunked
Date: Wed, 29 Jan 2020 21:01:16 GMT

body=
{"message":"Size of BigFatBastard list is now 11800 objects. It contains 637200 items.","name":"Simple-PropertiesFileName","durationInMillis":5}
<<<<<<<<<<<<<<<<<<<<<<<<<
22:01:16.150 [DEBUG] i.g.c.a.Pause - Pausing for 1841ms (real=1823ms)
22:01:16.242 [DEBUG] i.g.h.e.t.HttpTxExecutor - Sending request=simple_delay uri=http://localhost:8080/delay?duration=555: scenario=Acceptance test, userId=114
22:01:16.242 [DEBUG] i.g.h.c.i.HttpAppHandler - Write request WritableRequest{request=DefaultFullHttpRequest(decodeResult: success, version: HTTP/1.1, content: UnpooledByteBufAllocator$InstrumentedUnpooledUnsafeHeapByteBuf(ridx: 0, widx: 0, cap: 0))
GET /delay?duration=555 HTTP/1.1
Accept: */*
Content-Type: application/json;charset=UTF-8
Accept-Language: en-US,en;q=0.8,nl;q=0.6
User-Agent: Mozilla/5.0 (Windows NT 6.1; WOW64) AppleWebKit/537.36 (KHTML, like Gecko) Chrome/38.0.2125.111 Safari/537.36
accept-encoding: gzip,deflate,sdch
host: localhost:8080, content=null}
22:01:16.422 [DEBUG] i.g.h.e.t.HttpTxExecutor - Sending request=simple_mini_leak uri=http://localhost:8080/memory/grow?objects=8&items=54: scenario=Acceptance test, userId=96
22:01:16.422 [DEBUG] i.g.h.c.i.HttpAppHandler - Write request WritableRequest{request=DefaultFullHttpRequest(decodeResult: success, version: HTTP/1.1, content: UnpooledByteBufAllocator$InstrumentedUnpooledUnsafeHeapByteBuf(ridx: 0, widx: 0, cap: 0))
GET /memory/grow?objects=8&items=54 HTTP/1.1
Accept: */*
Content-Type: application/json;charset=UTF-8
Accept-Language: en-US,en;q=0.8,nl;q=0.6
User-Agent: Mozilla/5.0 (Windows NT 6.1; WOW64) AppleWebKit/537.36 (KHTML, like Gecko) Chrome/38.0.2125.111 Safari/537.36
accept-encoding: gzip,deflate,sdch
host: localhost:8080, content=null}
22:01:16.429 [DEBUG] i.g.h.c.i.HttpAppHandler - Read msg='DefaultHttpResponse(decodeResult: success, version: HTTP/1.1)
HTTP/1.1 200 
Content-Type: application/json;charset=UTF-8
Transfer-Encoding: chunked
Date: Wed, 29 Jan 2020 21:01:16 GMT'
22:01:16.429 [DEBUG] i.g.h.c.i.HttpAppHandler - Read msg='DefaultHttpContent(data: PooledSlicedByteBuf(ridx: 0, widx: 144, cap: 144/144, unwrapped: PooledUnsafeDirectByteBuf(ridx: 278, widx: 283, cap: 496)), decoderResult: success)'
22:01:16.429 [DEBUG] i.g.h.c.i.HttpAppHandler - Read msg='EmptyLastHttpContent'
22:01:16.429 [TRACE] i.g.h.e.r.DefaultStatsProcessor - 
>>>>>>>>>>>>>>>>>>>>>>>>>>
Request:
simple_mini_leak: OK 
=========================
Session:
Session(Acceptance test,96,1580331667051,Map(gatling.http.ssl.sslContexts -> SslContexts(io.netty.handler.ssl.JdkSslContext@9bbcaa7,None), gatling.http.cache.dns -> io.gatling.http.cache.DnsCacheSupport$$anon$1@5898ac4b, gatling.http.cache.baseUrl -> http://localhost:8080),13,OK,List(),io.gatling.core.protocol.ProtocolComponentsRegistry$$Lambda$598/0x000000084055d840@452b12e)
=========================
HTTP request:
GET http://localhost:8080/memory/grow?objects=8&items=54
headers=
Accept: */*
Content-Type: application/json;charset=UTF-8
Accept-Language: en-US,en;q=0.8,nl;q=0.6
User-Agent: Mozilla/5.0 (Windows NT 6.1; WOW64) AppleWebKit/537.36 (KHTML, like Gecko) Chrome/38.0.2125.111 Safari/537.36
accept-encoding: gzip,deflate,sdch
host: localhost:8080
=========================
HTTP response:
status=
200 
headers= 
Content-Type: application/json;charset=UTF-8
Transfer-Encoding: chunked
Date: Wed, 29 Jan 2020 21:01:16 GMT

body=
{"message":"Size of BigFatBastard list is now 11808 objects. It contains 637632 items.","name":"Simple-PropertiesFileName","durationInMillis":5}
<<<<<<<<<<<<<<<<<<<<<<<<<
22:01:16.429 [DEBUG] i.g.c.a.Pause - Pausing for 2074ms (real=2061ms)
22:01:16.551 [DEBUG] i.g.c.c.i.o.OpenWorkload - Injecting 2 users in scenario Acceptance test, continue=true
22:01:16.552 [DEBUG] i.g.h.e.t.HttpTxExecutor - Sending request=simple_cpu_burn uri=http://localhost:8080/cpu/magic-identity-check?matrixSize=133: scenario=Acceptance test, userId=115
22:01:16.552 [DEBUG] i.g.c.c.i.o.OpenWorkload - Start user #115
22:01:16.553 [DEBUG] i.g.h.c.i.HttpAppHandler - Write request WritableRequest{request=DefaultFullHttpRequest(decodeResult: success, version: HTTP/1.1, content: UnpooledByteBufAllocator$InstrumentedUnpooledUnsafeHeapByteBuf(ridx: 0, widx: 0, cap: 0))
GET /cpu/magic-identity-check?matrixSize=133 HTTP/1.1
Accept: */*
Content-Type: application/json;charset=UTF-8
Accept-Language: en-US,en;q=0.8,nl;q=0.6
User-Agent: Mozilla/5.0 (Windows NT 6.1; WOW64) AppleWebKit/537.36 (KHTML, like Gecko) Chrome/38.0.2125.111 Safari/537.36
accept-encoding: gzip,deflate,sdch
host: localhost:8080, content=null}
22:01:16.572 [DEBUG] i.g.h.c.i.HttpAppHandler - Read msg='DefaultHttpResponse(decodeResult: success, version: HTTP/1.1)
HTTP/1.1 200 
Content-Type: application/json;charset=UTF-8
Transfer-Encoding: chunked
Date: Wed, 29 Jan 2020 21:01:16 GMT'
22:01:16.572 [DEBUG] i.g.h.c.i.HttpAppHandler - Read msg='DefaultHttpContent(data: PooledSlicedByteBuf(ridx: 0, widx: 171, cap: 171/171, unwrapped: PooledUnsafeDirectByteBuf(ridx: 305, widx: 305, cap: 1024)), decoderResult: success)'
22:01:16.572 [DEBUG] i.g.h.c.i.HttpAppHandler - Read msg='EmptyLastHttpContent'
22:01:16.573 [TRACE] i.g.h.e.r.DefaultStatsProcessor - 
>>>>>>>>>>>>>>>>>>>>>>>>>>
Request:
simple_cpu_burn: OK 
=========================
Session:
Session(Acceptance test,115,1580331676551,Map(gatling.http.ssl.sslContexts -> SslContexts(io.netty.handler.ssl.JdkSslContext@4f841b44,None), gatling.http.cache.dns -> io.gatling.http.cache.DnsCacheSupport$$anon$1@5898ac4b, gatling.http.cache.baseUrl -> http://localhost:8080),0,OK,List(),io.gatling.core.protocol.ProtocolComponentsRegistry$$Lambda$598/0x000000084055d840@452b12e)
=========================
HTTP request:
GET http://localhost:8080/cpu/magic-identity-check?matrixSize=133
headers=
Accept: */*
Content-Type: application/json;charset=UTF-8
Accept-Language: en-US,en;q=0.8,nl;q=0.6
User-Agent: Mozilla/5.0 (Windows NT 6.1; WOW64) AppleWebKit/537.36 (KHTML, like Gecko) Chrome/38.0.2125.111 Safari/537.36
accept-encoding: gzip,deflate,sdch
host: localhost:8080
=========================
HTTP response:
status=
200 
headers= 
Content-Type: application/json;charset=UTF-8
Transfer-Encoding: chunked
Date: Wed, 29 Jan 2020 21:01:16 GMT

body=
{"message":"A simple magic square multiplied by an identity square of size [133] [is equal] to the magic square.","name":"Simple-PropertiesFileName","durationInMillis":16}
<<<<<<<<<<<<<<<<<<<<<<<<<
22:01:16.573 [DEBUG] i.g.c.a.Pause - Pausing for 3263ms (real=3262ms)
22:01:16.589 [DEBUG] i.g.h.c.i.HttpAppHandler - Read msg='DefaultHttpResponse(decodeResult: success, version: HTTP/1.1)
HTTP/1.1 200 
Content-Type: application/json;charset=UTF-8
Transfer-Encoding: chunked
Date: Wed, 29 Jan 2020 21:01:16 GMT'
22:01:16.589 [DEBUG] i.g.h.c.i.HttpAppHandler - Read msg='DefaultHttpContent(data: PooledSlicedByteBuf(ridx: 0, widx: 95, cap: 95/95, unwrapped: PooledUnsafeDirectByteBuf(ridx: 229, widx: 234, cap: 512)), decoderResult: success)'
22:01:16.589 [DEBUG] i.g.h.c.i.HttpAppHandler - Read msg='EmptyLastHttpContent'
22:01:16.589 [TRACE] i.g.h.e.r.DefaultStatsProcessor - 
>>>>>>>>>>>>>>>>>>>>>>>>>>
Request:
simple_delay: OK 
=========================
Session:
Session(Acceptance test,111,1580331674552,Map(gatling.http.ssl.sslContexts -> SslContexts(io.netty.handler.ssl.JdkSslContext@196e51c4,None), gatling.http.cache.dns -> io.gatling.http.cache.DnsCacheSupport$$anon$1@5898ac4b, gatling.http.cache.baseUrl -> http://localhost:8080),25,OK,List(),io.gatling.core.protocol.ProtocolComponentsRegistry$$Lambda$598/0x000000084055d840@452b12e)
=========================
HTTP request:
GET http://localhost:8080/delay?duration=555
headers=
Accept: */*
Content-Type: application/json;charset=UTF-8
Accept-Language: en-US,en;q=0.8,nl;q=0.6
User-Agent: Mozilla/5.0 (Windows NT 6.1; WOW64) AppleWebKit/537.36 (KHTML, like Gecko) Chrome/38.0.2125.111 Safari/537.36
accept-encoding: gzip,deflate,sdch
host: localhost:8080
=========================
HTTP response:
status=
200 
headers= 
Content-Type: application/json;charset=UTF-8
Transfer-Encoding: chunked
Date: Wed, 29 Jan 2020 21:01:16 GMT

body=
{"message":"This was a delay of 555","name":"Simple-PropertiesFileName","durationInMillis":555}
<<<<<<<<<<<<<<<<<<<<<<<<<
22:01:16.590 [DEBUG] i.g.c.a.Pause - Pausing for 1114ms (real=1089ms)
22:01:16.619 [DEBUG] i.g.h.c.i.HttpAppHandler - Read msg='DefaultHttpResponse(decodeResult: success, version: HTTP/1.1)
HTTP/1.1 200 
Content-Type: application/json;charset=UTF-8
Transfer-Encoding: chunked
Date: Wed, 29 Jan 2020 21:01:16 GMT'
22:01:16.619 [DEBUG] i.g.h.c.i.HttpAppHandler - Read msg='DefaultHttpContent(data: PooledSlicedByteBuf(ridx: 0, widx: 95, cap: 95/95, unwrapped: PooledUnsafeDirectByteBuf(ridx: 229, widx: 229, cap: 1024)), decoderResult: success)'
22:01:16.619 [DEBUG] i.g.h.c.i.HttpAppHandler - Read msg='EmptyLastHttpContent'
22:01:16.620 [TRACE] i.g.h.e.r.DefaultStatsProcessor - 
>>>>>>>>>>>>>>>>>>>>>>>>>>
Request:
simple_delay: OK 
=========================
Session:
Session(Acceptance test,108,1580331673052,Map(gatling.http.ssl.sslContexts -> SslContexts(io.netty.handler.ssl.JdkSslContext@5afabf13,None), gatling.http.cache.dns -> io.gatling.http.cache.DnsCacheSupport$$anon$1@5898ac4b, gatling.http.cache.baseUrl -> http://localhost:8080),16,OK,List(),io.gatling.core.protocol.ProtocolComponentsRegistry$$Lambda$598/0x000000084055d840@452b12e)
=========================
HTTP request:
GET http://localhost:8080/delay?duration=555
headers=
Accept: */*
Content-Type: application/json;charset=UTF-8
Accept-Language: en-US,en;q=0.8,nl;q=0.6
User-Agent: Mozilla/5.0 (Windows NT 6.1; WOW64) AppleWebKit/537.36 (KHTML, like Gecko) Chrome/38.0.2125.111 Safari/537.36
accept-encoding: gzip,deflate,sdch
host: localhost:8080
=========================
HTTP response:
status=
200 
headers= 
Content-Type: application/json;charset=UTF-8
Transfer-Encoding: chunked
Date: Wed, 29 Jan 2020 21:01:16 GMT

body=
{"message":"This was a delay of 555","name":"Simple-PropertiesFileName","durationInMillis":555}
<<<<<<<<<<<<<<<<<<<<<<<<<
22:01:16.620 [DEBUG] i.g.c.a.Pause - Pausing for 10436ms (real=10419ms)
22:01:16.672 [DEBUG] i.g.h.e.t.HttpTxExecutor - Sending request=simple_mini_leak uri=http://localhost:8080/memory/grow?objects=8&items=54: scenario=Acceptance test, userId=106
22:01:16.672 [DEBUG] i.g.h.c.i.HttpAppHandler - Write request WritableRequest{request=DefaultFullHttpRequest(decodeResult: success, version: HTTP/1.1, content: UnpooledByteBufAllocator$InstrumentedUnpooledUnsafeHeapByteBuf(ridx: 0, widx: 0, cap: 0))
GET /memory/grow?objects=8&items=54 HTTP/1.1
Accept: */*
Content-Type: application/json;charset=UTF-8
Accept-Language: en-US,en;q=0.8,nl;q=0.6
User-Agent: Mozilla/5.0 (Windows NT 6.1; WOW64) AppleWebKit/537.36 (KHTML, like Gecko) Chrome/38.0.2125.111 Safari/537.36
accept-encoding: gzip,deflate,sdch
host: localhost:8080, content=null}
22:01:16.679 [DEBUG] i.g.h.c.i.HttpAppHandler - Read msg='DefaultHttpResponse(decodeResult: success, version: HTTP/1.1)
HTTP/1.1 200 
Content-Type: application/json;charset=UTF-8
Transfer-Encoding: chunked
Date: Wed, 29 Jan 2020 21:01:16 GMT'
22:01:16.679 [DEBUG] i.g.h.c.i.HttpAppHandler - Read msg='DefaultHttpContent(data: PooledSlicedByteBuf(ridx: 0, widx: 144, cap: 144/144, unwrapped: PooledUnsafeDirectByteBuf(ridx: 278, widx: 278, cap: 496)), decoderResult: success)'
22:01:16.679 [DEBUG] i.g.h.c.i.HttpAppHandler - Read msg='EmptyLastHttpContent'
22:01:16.680 [TRACE] i.g.h.e.r.DefaultStatsProcessor - 
>>>>>>>>>>>>>>>>>>>>>>>>>>
Request:
simple_mini_leak: OK 
=========================
Session:
Session(Acceptance test,106,1580331672052,Map(gatling.http.ssl.sslContexts -> SslContexts(io.netty.handler.ssl.JdkSslContext@32caa4cb,None), gatling.http.cache.dns -> io.gatling.http.cache.DnsCacheSupport$$anon$1@5898ac4b, gatling.http.cache.baseUrl -> http://localhost:8080),15,OK,List(),io.gatling.core.protocol.ProtocolComponentsRegistry$$Lambda$598/0x000000084055d840@452b12e)
=========================
HTTP request:
GET http://localhost:8080/memory/grow?objects=8&items=54
headers=
Accept: */*
Content-Type: application/json;charset=UTF-8
Accept-Language: en-US,en;q=0.8,nl;q=0.6
User-Agent: Mozilla/5.0 (Windows NT 6.1; WOW64) AppleWebKit/537.36 (KHTML, like Gecko) Chrome/38.0.2125.111 Safari/537.36
accept-encoding: gzip,deflate,sdch
host: localhost:8080
=========================
HTTP response:
status=
200 
headers= 
Content-Type: application/json;charset=UTF-8
Transfer-Encoding: chunked
Date: Wed, 29 Jan 2020 21:01:16 GMT

body=
{"message":"Size of BigFatBastard list is now 11816 objects. It contains 638064 items.","name":"Simple-PropertiesFileName","durationInMillis":5}
<<<<<<<<<<<<<<<<<<<<<<<<<
22:01:16.680 [DEBUG] i.g.c.a.Pause - Pausing for 5072ms (real=5056ms)
22:01:16.692 [DEBUG] i.g.h.e.t.HttpTxExecutor - Sending request=simple_delay uri=http://localhost:8080/delay?duration=555: scenario=Acceptance test, userId=107
22:01:16.692 [DEBUG] i.g.h.c.i.HttpAppHandler - Write request WritableRequest{request=DefaultFullHttpRequest(decodeResult: success, version: HTTP/1.1, content: UnpooledByteBufAllocator$InstrumentedUnpooledUnsafeHeapByteBuf(ridx: 0, widx: 0, cap: 0))
GET /delay?duration=555 HTTP/1.1
Accept: */*
Content-Type: application/json;charset=UTF-8
Accept-Language: en-US,en;q=0.8,nl;q=0.6
User-Agent: Mozilla/5.0 (Windows NT 6.1; WOW64) AppleWebKit/537.36 (KHTML, like Gecko) Chrome/38.0.2125.111 Safari/537.36
accept-encoding: gzip,deflate,sdch
host: localhost:8080, content=null}
22:01:16.800 [DEBUG] i.g.h.c.i.HttpAppHandler - Read msg='DefaultHttpResponse(decodeResult: success, version: HTTP/1.1)
HTTP/1.1 200 
Content-Type: application/json;charset=UTF-8
Transfer-Encoding: chunked
Date: Wed, 29 Jan 2020 21:01:16 GMT'
22:01:16.800 [DEBUG] i.g.h.c.i.HttpAppHandler - Read msg='DefaultHttpContent(data: PooledSlicedByteBuf(ridx: 0, widx: 95, cap: 95/95, unwrapped: PooledUnsafeDirectByteBuf(ridx: 229, widx: 229, cap: 512)), decoderResult: success)'
22:01:16.800 [DEBUG] i.g.h.c.i.HttpAppHandler - Read msg='EmptyLastHttpContent'
22:01:16.800 [TRACE] i.g.h.e.r.DefaultStatsProcessor - 
>>>>>>>>>>>>>>>>>>>>>>>>>>
Request:
simple_delay: OK 
=========================
Session:
Session(Acceptance test,114,1580331676051,Map(gatling.http.ssl.sslContexts -> SslContexts(io.netty.handler.ssl.JdkSslContext@7acd286d,None), gatling.http.cache.dns -> io.gatling.http.cache.DnsCacheSupport$$anon$1@5898ac4b, gatling.http.cache.baseUrl -> http://localhost:8080),19,OK,List(),io.gatling.core.protocol.ProtocolComponentsRegistry$$Lambda$598/0x000000084055d840@452b12e)
=========================
HTTP request:
GET http://localhost:8080/delay?duration=555
headers=
Accept: */*
Content-Type: application/json;charset=UTF-8
Accept-Language: en-US,en;q=0.8,nl;q=0.6
User-Agent: Mozilla/5.0 (Windows NT 6.1; WOW64) AppleWebKit/537.36 (KHTML, like Gecko) Chrome/38.0.2125.111 Safari/537.36
accept-encoding: gzip,deflate,sdch
host: localhost:8080
=========================
HTTP response:
status=
200 
headers= 
Content-Type: application/json;charset=UTF-8
Transfer-Encoding: chunked
Date: Wed, 29 Jan 2020 21:01:16 GMT

body=
{"message":"This was a delay of 555","name":"Simple-PropertiesFileName","durationInMillis":555}
<<<<<<<<<<<<<<<<<<<<<<<<<
22:01:16.801 [DEBUG] i.g.c.a.Pause - Pausing for 4209ms (real=4189ms)
22:01:16.832 [DEBUG] i.g.h.e.t.HttpTxExecutor - Sending request=simple_mini_leak uri=http://localhost:8080/memory/grow?objects=8&items=54: scenario=Acceptance test, userId=105
22:01:16.832 [DEBUG] i.g.h.c.i.HttpAppHandler - Write request WritableRequest{request=DefaultFullHttpRequest(decodeResult: success, version: HTTP/1.1, content: UnpooledByteBufAllocator$InstrumentedUnpooledUnsafeHeapByteBuf(ridx: 0, widx: 0, cap: 0))
GET /memory/grow?objects=8&items=54 HTTP/1.1
Accept: */*
Content-Type: application/json;charset=UTF-8
Accept-Language: en-US,en;q=0.8,nl;q=0.6
User-Agent: Mozilla/5.0 (Windows NT 6.1; WOW64) AppleWebKit/537.36 (KHTML, like Gecko) Chrome/38.0.2125.111 Safari/537.36
accept-encoding: gzip,deflate,sdch
host: localhost:8080, content=null}
22:01:16.839 [DEBUG] i.g.h.c.i.HttpAppHandler - Read msg='DefaultHttpResponse(decodeResult: success, version: HTTP/1.1)
HTTP/1.1 200 
Content-Type: application/json;charset=UTF-8
Transfer-Encoding: chunked
Date: Wed, 29 Jan 2020 21:01:16 GMT'
22:01:16.839 [DEBUG] i.g.h.c.i.HttpAppHandler - Read msg='DefaultHttpContent(data: PooledSlicedByteBuf(ridx: 0, widx: 144, cap: 144/144, unwrapped: PooledUnsafeDirectByteBuf(ridx: 278, widx: 278, cap: 512)), decoderResult: success)'
22:01:16.840 [DEBUG] i.g.h.c.i.HttpAppHandler - Read msg='EmptyLastHttpContent'
22:01:16.840 [TRACE] i.g.h.e.r.DefaultStatsProcessor - 
>>>>>>>>>>>>>>>>>>>>>>>>>>
Request:
simple_mini_leak: OK 
=========================
Session:
Session(Acceptance test,105,1580331671551,Map(gatling.http.ssl.sslContexts -> SslContexts(io.netty.handler.ssl.JdkSslContext@7feb9ec9,None), gatling.http.cache.dns -> io.gatling.http.cache.DnsCacheSupport$$anon$1@5898ac4b, gatling.http.cache.baseUrl -> http://localhost:8080),19,OK,List(),io.gatling.core.protocol.ProtocolComponentsRegistry$$Lambda$598/0x000000084055d840@452b12e)
=========================
HTTP request:
GET http://localhost:8080/memory/grow?objects=8&items=54
headers=
Accept: */*
Content-Type: application/json;charset=UTF-8
Accept-Language: en-US,en;q=0.8,nl;q=0.6
User-Agent: Mozilla/5.0 (Windows NT 6.1; WOW64) AppleWebKit/537.36 (KHTML, like Gecko) Chrome/38.0.2125.111 Safari/537.36
accept-encoding: gzip,deflate,sdch
host: localhost:8080
=========================
HTTP response:
status=
200 
headers= 
Content-Type: application/json;charset=UTF-8
Transfer-Encoding: chunked
Date: Wed, 29 Jan 2020 21:01:16 GMT

body=
{"message":"Size of BigFatBastard list is now 11824 objects. It contains 638496 items.","name":"Simple-PropertiesFileName","durationInMillis":5}
<<<<<<<<<<<<<<<<<<<<<<<<<
22:01:16.840 [DEBUG] i.g.c.a.Pause - Pausing for 4278ms (real=4259ms)
22:01:16.842 [DEBUG] i.g.h.e.t.HttpTxExecutor - Sending request=upload-file uri=http://localhost:8080/files/upload: scenario=Acceptance test, userId=82
22:01:16.843 [DEBUG] i.g.h.c.i.HttpAppHandler - Write request WritableRequest{request=DefaultHttpRequest(decodeResult: success, version: HTTP/1.1)
POST /files/upload HTTP/1.1
Accept: */*
Accept-Language: en-US,en;q=0.8,nl;q=0.6
User-Agent: Mozilla/5.0 (Windows NT 6.1; WOW64) AppleWebKit/537.36 (KHTML, like Gecko) Chrome/38.0.2125.111 Safari/537.36
accept-encoding: gzip,deflate,sdch
host: localhost:8080
content-type: multipart/form-data; boundary=wNbqrJ9sSNElPF3QL3CnFDgkBGn3fLJS3Eg
content-length: 220, content=io.gatling.http.client.body.multipart.impl.MultipartFileRegion@689cbf19}
22:01:16.846 [DEBUG] i.g.h.c.i.HttpAppHandler - Read msg='DefaultHttpResponse(decodeResult: success, version: HTTP/1.1)
HTTP/1.1 200 
Content-Type: text/plain;charset=UTF-8
Content-Length: 62
Date: Wed, 29 Jan 2020 21:01:16 GMT'
22:01:16.846 [DEBUG] i.g.h.c.i.HttpAppHandler - Read msg='DefaultLastHttpContent(data: PooledSlicedByteBuf(ridx: 0, widx: 62, cap: 62/62, unwrapped: PooledUnsafeDirectByteBuf(ridx: 176, widx: 176, cap: 496)), decoderResult: success)'
22:01:16.846 [TRACE] i.g.h.e.r.DefaultStatsProcessor - 
>>>>>>>>>>>>>>>>>>>>>>>>>>
Request:
upload-file: OK 
=========================
Session:
Session(Acceptance test,82,1580331660052,Map(gatling.http.ssl.sslContexts -> SslContexts(io.netty.handler.ssl.JdkSslContext@5c00c19a,None), gatling.http.cache.dns -> io.gatling.http.cache.DnsCacheSupport$$anon$1@5898ac4b, gatling.http.cache.baseUrl -> http://localhost:8080),13,OK,List(),io.gatling.core.protocol.ProtocolComponentsRegistry$$Lambda$598/0x000000084055d840@452b12e)
=========================
HTTP request:
POST http://localhost:8080/files/upload
headers=
Accept: */*
Accept-Language: en-US,en;q=0.8,nl;q=0.6
User-Agent: Mozilla/5.0 (Windows NT 6.1; WOW64) AppleWebKit/537.36 (KHTML, like Gecko) Chrome/38.0.2125.111 Safari/537.36
accept-encoding: gzip,deflate,sdch
host: localhost:8080
content-type: multipart/form-data; boundary=wNbqrJ9sSNElPF3QL3CnFDgkBGn3fLJS3Eg
content-length: 220
multipartBody=
ByteArrayPart: name=upload contentType=text/plain dispositionType=null charset=UTF-8 transferEncoding=null contentId=null filename=gatling-upload.txt
=========================
HTTP response:
status=
200 
headers= 
Content-Type: text/plain;charset=UTF-8
Content-Length: 62
Date: Wed, 29 Jan 2020 21:01:16 GMT

body=
File upload succeeded [gatling-upload.txt] of size [17] bytes.
<<<<<<<<<<<<<<<<<<<<<<<<<
22:01:16.846 [DEBUG] i.g.c.a.Exit - End user #82
22:01:16.847 [DEBUG] i.g.c.c.i.Injector - End user #82
22:01:16.871 [DEBUG] i.g.h.e.t.HttpTxExecutor - Sending request=simple_delay uri=http://localhost:8080/delay?duration=555: scenario=Acceptance test, userId=92
22:01:16.872 [DEBUG] i.g.h.c.i.HttpAppHandler - Write request WritableRequest{request=DefaultFullHttpRequest(decodeResult: success, version: HTTP/1.1, content: UnpooledByteBufAllocator$InstrumentedUnpooledUnsafeHeapByteBuf(ridx: 0, widx: 0, cap: 0))
GET /delay?duration=555 HTTP/1.1
Accept: */*
Content-Type: application/json;charset=UTF-8
Accept-Language: en-US,en;q=0.8,nl;q=0.6
User-Agent: Mozilla/5.0 (Windows NT 6.1; WOW64) AppleWebKit/537.36 (KHTML, like Gecko) Chrome/38.0.2125.111 Safari/537.36
accept-encoding: gzip,deflate,sdch
host: localhost:8080, content=null}
22:01:17.052 [DEBUG] i.g.h.e.t.HttpTxExecutor - Sending request=simple_cpu_burn uri=http://localhost:8080/cpu/magic-identity-check?matrixSize=133: scenario=Acceptance test, userId=116
22:01:17.053 [DEBUG] i.g.c.c.i.o.OpenWorkload - Start user #116
22:01:17.054 [DEBUG] i.g.h.c.i.HttpAppHandler - Write request WritableRequest{request=DefaultFullHttpRequest(decodeResult: success, version: HTTP/1.1, content: UnpooledByteBufAllocator$InstrumentedUnpooledUnsafeHeapByteBuf(ridx: 0, widx: 0, cap: 0))
GET /cpu/magic-identity-check?matrixSize=133 HTTP/1.1
Accept: */*
Content-Type: application/json;charset=UTF-8
Accept-Language: en-US,en;q=0.8,nl;q=0.6
User-Agent: Mozilla/5.0 (Windows NT 6.1; WOW64) AppleWebKit/537.36 (KHTML, like Gecko) Chrome/38.0.2125.111 Safari/537.36
accept-encoding: gzip,deflate,sdch
host: localhost:8080, content=null}
22:01:17.065 [DEBUG] i.g.h.c.i.HttpAppHandler - Read msg='DefaultHttpResponse(decodeResult: success, version: HTTP/1.1)
HTTP/1.1 200 
Content-Type: application/json;charset=UTF-8
Transfer-Encoding: chunked
Date: Wed, 29 Jan 2020 21:01:16 GMT'
22:01:17.065 [DEBUG] i.g.h.c.i.HttpAppHandler - Read msg='DefaultHttpContent(data: PooledSlicedByteBuf(ridx: 0, widx: 170, cap: 170/170, unwrapped: PooledUnsafeDirectByteBuf(ridx: 304, widx: 304, cap: 1024)), decoderResult: success)'
22:01:17.065 [DEBUG] i.g.h.c.i.HttpAppHandler - Read msg='EmptyLastHttpContent'
22:01:17.065 [TRACE] i.g.h.e.r.DefaultStatsProcessor - 
>>>>>>>>>>>>>>>>>>>>>>>>>>
Request:
simple_cpu_burn: OK 
=========================
Session:
Session(Acceptance test,116,1580331677052,Map(gatling.http.ssl.sslContexts -> SslContexts(io.netty.handler.ssl.JdkSslContext@2d5e5568,None), gatling.http.cache.dns -> io.gatling.http.cache.DnsCacheSupport$$anon$1@5898ac4b, gatling.http.cache.baseUrl -> http://localhost:8080),0,OK,List(),io.gatling.core.protocol.ProtocolComponentsRegistry$$Lambda$598/0x000000084055d840@452b12e)
=========================
HTTP request:
GET http://localhost:8080/cpu/magic-identity-check?matrixSize=133
headers=
Accept: */*
Content-Type: application/json;charset=UTF-8
Accept-Language: en-US,en;q=0.8,nl;q=0.6
User-Agent: Mozilla/5.0 (Windows NT 6.1; WOW64) AppleWebKit/537.36 (KHTML, like Gecko) Chrome/38.0.2125.111 Safari/537.36
accept-encoding: gzip,deflate,sdch
host: localhost:8080
=========================
HTTP response:
status=
200 
headers= 
Content-Type: application/json;charset=UTF-8
Transfer-Encoding: chunked
Date: Wed, 29 Jan 2020 21:01:16 GMT

body=
{"message":"A simple magic square multiplied by an identity square of size [133] [is equal] to the magic square.","name":"Simple-PropertiesFileName","durationInMillis":9}
<<<<<<<<<<<<<<<<<<<<<<<<<
22:01:17.066 [DEBUG] i.g.c.a.Pause - Pausing for 1635ms (real=1635ms)
22:01:17.250 [DEBUG] i.g.h.c.i.HttpAppHandler - Read msg='DefaultHttpResponse(decodeResult: success, version: HTTP/1.1)
HTTP/1.1 200 
Content-Type: application/json;charset=UTF-8
Transfer-Encoding: chunked
Date: Wed, 29 Jan 2020 21:01:17 GMT'
22:01:17.250 [DEBUG] i.g.h.c.i.HttpAppHandler - Read msg='DefaultHttpContent(data: PooledSlicedByteBuf(ridx: 0, widx: 95, cap: 95/95, unwrapped: PooledUnsafeDirectByteBuf(ridx: 229, widx: 229, cap: 512)), decoderResult: success)'
22:01:17.250 [DEBUG] i.g.h.c.i.HttpAppHandler - Read msg='EmptyLastHttpContent'
22:01:17.251 [TRACE] i.g.h.e.r.DefaultStatsProcessor - 
>>>>>>>>>>>>>>>>>>>>>>>>>>
Request:
simple_delay: OK 
=========================
Session:
Session(Acceptance test,107,1580331672551,Map(gatling.http.ssl.sslContexts -> SslContexts(io.netty.handler.ssl.JdkSslContext@1b27bf08,None), gatling.http.cache.dns -> io.gatling.http.cache.DnsCacheSupport$$anon$1@5898ac4b, gatling.http.cache.baseUrl -> http://localhost:8080),18,OK,List(),io.gatling.core.protocol.ProtocolComponentsRegistry$$Lambda$598/0x000000084055d840@452b12e)
=========================
HTTP request:
GET http://localhost:8080/delay?duration=555
headers=
Accept: */*
Content-Type: application/json;charset=UTF-8
Accept-Language: en-US,en;q=0.8,nl;q=0.6
User-Agent: Mozilla/5.0 (Windows NT 6.1; WOW64) AppleWebKit/537.36 (KHTML, like Gecko) Chrome/38.0.2125.111 Safari/537.36
accept-encoding: gzip,deflate,sdch
host: localhost:8080
=========================
HTTP response:
status=
200 
headers= 
Content-Type: application/json;charset=UTF-8
Transfer-Encoding: chunked
Date: Wed, 29 Jan 2020 21:01:17 GMT

body=
{"message":"This was a delay of 555","name":"Simple-PropertiesFileName","durationInMillis":555}
<<<<<<<<<<<<<<<<<<<<<<<<<
22:01:17.251 [DEBUG] i.g.c.a.Pause - Pausing for 1036ms (real=1017ms)
22:01:17.429 [DEBUG] i.g.h.c.i.HttpAppHandler - Read msg='DefaultHttpResponse(decodeResult: success, version: HTTP/1.1)
HTTP/1.1 200 
Content-Type: application/json;charset=UTF-8
Transfer-Encoding: chunked
Date: Wed, 29 Jan 2020 21:01:17 GMT'
22:01:17.429 [DEBUG] i.g.h.c.i.HttpAppHandler - Read msg='DefaultHttpContent(data: PooledSlicedByteBuf(ridx: 0, widx: 95, cap: 95/95, unwrapped: PooledUnsafeDirectByteBuf(ridx: 229, widx: 229, cap: 1024)), decoderResult: success)'
22:01:17.429 [DEBUG] i.g.h.c.i.HttpAppHandler - Read msg='EmptyLastHttpContent'
22:01:17.430 [TRACE] i.g.h.e.r.DefaultStatsProcessor - 
>>>>>>>>>>>>>>>>>>>>>>>>>>
Request:
simple_delay: OK 
=========================
Session:
Session(Acceptance test,92,1580331665052,Map(gatling.http.ssl.sslContexts -> SslContexts(io.netty.handler.ssl.JdkSslContext@77ff9f4e,None), gatling.http.cache.dns -> io.gatling.http.cache.DnsCacheSupport$$anon$1@5898ac4b, gatling.http.cache.baseUrl -> http://localhost:8080),14,OK,List(),io.gatling.core.protocol.ProtocolComponentsRegistry$$Lambda$598/0x000000084055d840@452b12e)
=========================
HTTP request:
GET http://localhost:8080/delay?duration=555
headers=
Accept: */*
Content-Type: application/json;charset=UTF-8
Accept-Language: en-US,en;q=0.8,nl;q=0.6
User-Agent: Mozilla/5.0 (Windows NT 6.1; WOW64) AppleWebKit/537.36 (KHTML, like Gecko) Chrome/38.0.2125.111 Safari/537.36
accept-encoding: gzip,deflate,sdch
host: localhost:8080
=========================
HTTP response:
status=
200 
headers= 
Content-Type: application/json;charset=UTF-8
Transfer-Encoding: chunked
Date: Wed, 29 Jan 2020 21:01:17 GMT

body=
{"message":"This was a delay of 555","name":"Simple-PropertiesFileName","durationInMillis":555}
<<<<<<<<<<<<<<<<<<<<<<<<<
22:01:17.430 [DEBUG] i.g.c.a.Pause - Pausing for 3347ms (real=3332ms)
22:01:17.551 [DEBUG] i.g.c.c.i.o.OpenWorkload - Injecting 2 users in scenario Acceptance test, continue=true
22:01:17.552 [DEBUG] i.g.h.e.t.HttpTxExecutor - Sending request=simple_cpu_burn uri=http://localhost:8080/cpu/magic-identity-check?matrixSize=133: scenario=Acceptance test, userId=117
22:01:17.552 [DEBUG] i.g.c.c.i.o.OpenWorkload - Start user #117
22:01:17.553 [DEBUG] i.g.h.c.i.HttpAppHandler - Write request WritableRequest{request=DefaultFullHttpRequest(decodeResult: success, version: HTTP/1.1, content: UnpooledByteBufAllocator$InstrumentedUnpooledUnsafeHeapByteBuf(ridx: 0, widx: 0, cap: 0))
GET /cpu/magic-identity-check?matrixSize=133 HTTP/1.1
Accept: */*
Content-Type: application/json;charset=UTF-8
Accept-Language: en-US,en;q=0.8,nl;q=0.6
User-Agent: Mozilla/5.0 (Windows NT 6.1; WOW64) AppleWebKit/537.36 (KHTML, like Gecko) Chrome/38.0.2125.111 Safari/537.36
accept-encoding: gzip,deflate,sdch
host: localhost:8080, content=null}
22:01:17.563 [DEBUG] i.g.h.c.i.HttpAppHandler - Read msg='DefaultHttpResponse(decodeResult: success, version: HTTP/1.1)
HTTP/1.1 200 
Content-Type: application/json;charset=UTF-8
Transfer-Encoding: chunked
Date: Wed, 29 Jan 2020 21:01:17 GMT'
22:01:17.563 [DEBUG] i.g.h.c.i.HttpAppHandler - Read msg='DefaultHttpContent(data: PooledSlicedByteBuf(ridx: 0, widx: 170, cap: 170/170, unwrapped: PooledUnsafeDirectByteBuf(ridx: 304, widx: 304, cap: 1024)), decoderResult: success)'
22:01:17.564 [DEBUG] i.g.h.c.i.HttpAppHandler - Read msg='EmptyLastHttpContent'
22:01:17.564 [TRACE] i.g.h.e.r.DefaultStatsProcessor - 
>>>>>>>>>>>>>>>>>>>>>>>>>>
Request:
simple_cpu_burn: OK 
=========================
Session:
Session(Acceptance test,117,1580331677551,Map(gatling.http.ssl.sslContexts -> SslContexts(io.netty.handler.ssl.JdkSslContext@30c5078d,None), gatling.http.cache.dns -> io.gatling.http.cache.DnsCacheSupport$$anon$1@5898ac4b, gatling.http.cache.baseUrl -> http://localhost:8080),0,OK,List(),io.gatling.core.protocol.ProtocolComponentsRegistry$$Lambda$598/0x000000084055d840@452b12e)
=========================
HTTP request:
GET http://localhost:8080/cpu/magic-identity-check?matrixSize=133
headers=
Accept: */*
Content-Type: application/json;charset=UTF-8
Accept-Language: en-US,en;q=0.8,nl;q=0.6
User-Agent: Mozilla/5.0 (Windows NT 6.1; WOW64) AppleWebKit/537.36 (KHTML, like Gecko) Chrome/38.0.2125.111 Safari/537.36
accept-encoding: gzip,deflate,sdch
host: localhost:8080
=========================
HTTP response:
status=
200 
headers= 
Content-Type: application/json;charset=UTF-8
Transfer-Encoding: chunked
Date: Wed, 29 Jan 2020 21:01:17 GMT

body=
{"message":"A simple magic square multiplied by an identity square of size [133] [is equal] to the magic square.","name":"Simple-PropertiesFileName","durationInMillis":9}
<<<<<<<<<<<<<<<<<<<<<<<<<
22:01:17.564 [DEBUG] i.g.c.a.Pause - Pausing for 740ms (real=740ms)
22:01:17.582 [DEBUG] i.g.h.e.t.HttpTxExecutor - Sending request=upload-file uri=http://localhost:8080/files/upload: scenario=Acceptance test, userId=84
22:01:17.582 [DEBUG] i.g.h.c.i.HttpAppHandler - Write request WritableRequest{request=DefaultHttpRequest(decodeResult: success, version: HTTP/1.1)
POST /files/upload HTTP/1.1
Accept: */*
Accept-Language: en-US,en;q=0.8,nl;q=0.6
User-Agent: Mozilla/5.0 (Windows NT 6.1; WOW64) AppleWebKit/537.36 (KHTML, like Gecko) Chrome/38.0.2125.111 Safari/537.36
accept-encoding: gzip,deflate,sdch
host: localhost:8080
content-type: multipart/form-data; boundary=SPmHyf27R36N7BKi1K-BWtuc5XZ9WCQ0-g_
content-length: 220, content=io.gatling.http.client.body.multipart.impl.MultipartFileRegion@661786cd}
22:01:17.584 [DEBUG] i.g.h.c.i.HttpAppHandler - Read msg='DefaultHttpResponse(decodeResult: success, version: HTTP/1.1)
HTTP/1.1 200 
Content-Type: text/plain;charset=UTF-8
Content-Length: 62
Date: Wed, 29 Jan 2020 21:01:17 GMT'
22:01:17.585 [DEBUG] i.g.h.c.i.HttpAppHandler - Read msg='DefaultLastHttpContent(data: PooledSlicedByteBuf(ridx: 0, widx: 62, cap: 62/62, unwrapped: PooledUnsafeDirectByteBuf(ridx: 176, widx: 176, cap: 496)), decoderResult: success)'
22:01:17.585 [TRACE] i.g.h.e.r.DefaultStatsProcessor - 
>>>>>>>>>>>>>>>>>>>>>>>>>>
Request:
upload-file: OK 
=========================
Session:
Session(Acceptance test,84,1580331661051,Map(gatling.http.ssl.sslContexts -> SslContexts(io.netty.handler.ssl.JdkSslContext@5ca91c98,None), gatling.http.cache.dns -> io.gatling.http.cache.DnsCacheSupport$$anon$1@5898ac4b, gatling.http.cache.baseUrl -> http://localhost:8080),12,OK,List(),io.gatling.core.protocol.ProtocolComponentsRegistry$$Lambda$598/0x000000084055d840@452b12e)
=========================
HTTP request:
POST http://localhost:8080/files/upload
headers=
Accept: */*
Accept-Language: en-US,en;q=0.8,nl;q=0.6
User-Agent: Mozilla/5.0 (Windows NT 6.1; WOW64) AppleWebKit/537.36 (KHTML, like Gecko) Chrome/38.0.2125.111 Safari/537.36
accept-encoding: gzip,deflate,sdch
host: localhost:8080
content-type: multipart/form-data; boundary=SPmHyf27R36N7BKi1K-BWtuc5XZ9WCQ0-g_
content-length: 220
multipartBody=
ByteArrayPart: name=upload contentType=text/plain dispositionType=null charset=UTF-8 transferEncoding=null contentId=null filename=gatling-upload.txt
=========================
HTTP response:
status=
200 
headers= 
Content-Type: text/plain;charset=UTF-8
Content-Length: 62
Date: Wed, 29 Jan 2020 21:01:17 GMT

body=
File upload succeeded [gatling-upload.txt] of size [17] bytes.
<<<<<<<<<<<<<<<<<<<<<<<<<
22:01:17.585 [DEBUG] i.g.c.a.Exit - End user #84
22:01:17.585 [DEBUG] i.g.c.c.i.Injector - End user #84
22:01:17.692 [DEBUG] i.g.h.e.t.HttpTxExecutor - Sending request=simple_mini_leak uri=http://localhost:8080/memory/grow?objects=8&items=54: scenario=Acceptance test, userId=111
22:01:17.692 [DEBUG] i.g.h.c.i.HttpAppHandler - Write request WritableRequest{request=DefaultFullHttpRequest(decodeResult: success, version: HTTP/1.1, content: UnpooledByteBufAllocator$InstrumentedUnpooledUnsafeHeapByteBuf(ridx: 0, widx: 0, cap: 0))
GET /memory/grow?objects=8&items=54 HTTP/1.1
Accept: */*
Content-Type: application/json;charset=UTF-8
Accept-Language: en-US,en;q=0.8,nl;q=0.6
User-Agent: Mozilla/5.0 (Windows NT 6.1; WOW64) AppleWebKit/537.36 (KHTML, like Gecko) Chrome/38.0.2125.111 Safari/537.36
accept-encoding: gzip,deflate,sdch
host: localhost:8080, content=null}
22:01:17.699 [DEBUG] i.g.h.c.i.HttpAppHandler - Read msg='DefaultHttpResponse(decodeResult: success, version: HTTP/1.1)
HTTP/1.1 200 
Content-Type: application/json;charset=UTF-8
Transfer-Encoding: chunked
Date: Wed, 29 Jan 2020 21:01:17 GMT'
22:01:17.699 [DEBUG] i.g.h.c.i.HttpAppHandler - Read msg='DefaultHttpContent(data: PooledSlicedByteBuf(ridx: 0, widx: 144, cap: 144/144, unwrapped: PooledUnsafeDirectByteBuf(ridx: 278, widx: 278, cap: 512)), decoderResult: success)'
22:01:17.699 [DEBUG] i.g.h.c.i.HttpAppHandler - Read msg='EmptyLastHttpContent'
22:01:17.700 [TRACE] i.g.h.e.r.DefaultStatsProcessor - 
>>>>>>>>>>>>>>>>>>>>>>>>>>
Request:
simple_mini_leak: OK 
=========================
Session:
Session(Acceptance test,111,1580331674552,Map(gatling.http.ssl.sslContexts -> SslContexts(io.netty.handler.ssl.JdkSslContext@196e51c4,None), gatling.http.cache.dns -> io.gatling.http.cache.DnsCacheSupport$$anon$1@5898ac4b, gatling.http.cache.baseUrl -> http://localhost:8080),13,OK,List(),io.gatling.core.protocol.ProtocolComponentsRegistry$$Lambda$598/0x000000084055d840@452b12e)
=========================
HTTP request:
GET http://localhost:8080/memory/grow?objects=8&items=54
headers=
Accept: */*
Content-Type: application/json;charset=UTF-8
Accept-Language: en-US,en;q=0.8,nl;q=0.6
User-Agent: Mozilla/5.0 (Windows NT 6.1; WOW64) AppleWebKit/537.36 (KHTML, like Gecko) Chrome/38.0.2125.111 Safari/537.36
accept-encoding: gzip,deflate,sdch
host: localhost:8080
=========================
HTTP response:
status=
200 
headers= 
Content-Type: application/json;charset=UTF-8
Transfer-Encoding: chunked
Date: Wed, 29 Jan 2020 21:01:17 GMT

body=
{"message":"Size of BigFatBastard list is now 11832 objects. It contains 638928 items.","name":"Simple-PropertiesFileName","durationInMillis":5}
<<<<<<<<<<<<<<<<<<<<<<<<<
22:01:17.700 [DEBUG] i.g.c.a.Pause - Pausing for 4473ms (real=4459ms)
22:01:17.722 [DEBUG] i.g.h.e.t.HttpTxExecutor - Sending request=upload-file uri=http://localhost:8080/files/upload: scenario=Acceptance test, userId=104
22:01:17.722 [DEBUG] i.g.h.c.i.HttpAppHandler - Write request WritableRequest{request=DefaultHttpRequest(decodeResult: success, version: HTTP/1.1)
POST /files/upload HTTP/1.1
Accept: */*
Accept-Language: en-US,en;q=0.8,nl;q=0.6
User-Agent: Mozilla/5.0 (Windows NT 6.1; WOW64) AppleWebKit/537.36 (KHTML, like Gecko) Chrome/38.0.2125.111 Safari/537.36
accept-encoding: gzip,deflate,sdch
host: localhost:8080
content-type: multipart/form-data; boundary=UD_jPgmsEtKkJKELDZMiPdObBGhBMnCfHKu
content-length: 220, content=io.gatling.http.client.body.multipart.impl.MultipartFileRegion@717996f1}
22:01:17.725 [DEBUG] i.g.h.c.i.HttpAppHandler - Read msg='DefaultHttpResponse(decodeResult: success, version: HTTP/1.1)
HTTP/1.1 200 
Content-Type: text/plain;charset=UTF-8
Content-Length: 62
Date: Wed, 29 Jan 2020 21:01:17 GMT'
22:01:17.725 [DEBUG] i.g.h.c.i.HttpAppHandler - Read msg='DefaultLastHttpContent(data: PooledSlicedByteBuf(ridx: 0, widx: 62, cap: 62/62, unwrapped: PooledUnsafeDirectByteBuf(ridx: 176, widx: 176, cap: 480)), decoderResult: success)'
22:01:17.725 [TRACE] i.g.h.e.r.DefaultStatsProcessor - 
>>>>>>>>>>>>>>>>>>>>>>>>>>
Request:
upload-file: OK 
=========================
Session:
Session(Acceptance test,104,1580331671051,Map(gatling.http.ssl.sslContexts -> SslContexts(io.netty.handler.ssl.JdkSslContext@bd5f9bb,None), gatling.http.cache.dns -> io.gatling.http.cache.DnsCacheSupport$$anon$1@5898ac4b, gatling.http.cache.baseUrl -> http://localhost:8080),17,OK,List(),io.gatling.core.protocol.ProtocolComponentsRegistry$$Lambda$598/0x000000084055d840@452b12e)
=========================
HTTP request:
POST http://localhost:8080/files/upload
headers=
Accept: */*
Accept-Language: en-US,en;q=0.8,nl;q=0.6
User-Agent: Mozilla/5.0 (Windows NT 6.1; WOW64) AppleWebKit/537.36 (KHTML, like Gecko) Chrome/38.0.2125.111 Safari/537.36
accept-encoding: gzip,deflate,sdch
host: localhost:8080
content-type: multipart/form-data; boundary=UD_jPgmsEtKkJKELDZMiPdObBGhBMnCfHKu
content-length: 220
multipartBody=
ByteArrayPart: name=upload contentType=text/plain dispositionType=null charset=UTF-8 transferEncoding=null contentId=null filename=gatling-upload.txt
=========================
HTTP response:
status=
200 
headers= 
Content-Type: text/plain;charset=UTF-8
Content-Length: 62
Date: Wed, 29 Jan 2020 21:01:17 GMT

body=
File upload succeeded [gatling-upload.txt] of size [17] bytes.
<<<<<<<<<<<<<<<<<<<<<<<<<
22:01:17.726 [DEBUG] i.g.c.a.Exit - End user #104
22:01:17.726 [DEBUG] i.g.c.c.i.Injector - End user #104
22:01:17.992 [DEBUG] i.g.h.e.t.HttpTxExecutor - Sending request=upload-file uri=http://localhost:8080/files/upload: scenario=Acceptance test, userId=97
22:01:17.993 [DEBUG] i.g.h.c.i.HttpAppHandler - Write request WritableRequest{request=DefaultHttpRequest(decodeResult: success, version: HTTP/1.1)
POST /files/upload HTTP/1.1
Accept: */*
Accept-Language: en-US,en;q=0.8,nl;q=0.6
User-Agent: Mozilla/5.0 (Windows NT 6.1; WOW64) AppleWebKit/537.36 (KHTML, like Gecko) Chrome/38.0.2125.111 Safari/537.36
accept-encoding: gzip,deflate,sdch
host: localhost:8080
content-type: multipart/form-data; boundary=n4iuQT_2n5sYfNvJWfxS_baVf2AiBDOre-t
content-length: 220, content=io.gatling.http.client.body.multipart.impl.MultipartFileRegion@672bb824}
22:01:17.996 [DEBUG] i.g.h.c.i.HttpAppHandler - Read msg='DefaultHttpResponse(decodeResult: success, version: HTTP/1.1)
HTTP/1.1 200 
Content-Type: text/plain;charset=UTF-8
Content-Length: 62
Date: Wed, 29 Jan 2020 21:01:17 GMT'
22:01:17.996 [DEBUG] i.g.h.c.i.HttpAppHandler - Read msg='DefaultLastHttpContent(data: PooledSlicedByteBuf(ridx: 0, widx: 62, cap: 62/62, unwrapped: PooledUnsafeDirectByteBuf(ridx: 176, widx: 176, cap: 512)), decoderResult: success)'
22:01:17.996 [TRACE] i.g.h.e.r.DefaultStatsProcessor - 
>>>>>>>>>>>>>>>>>>>>>>>>>>
Request:
upload-file: OK 
=========================
Session:
Session(Acceptance test,97,1580331667551,Map(gatling.http.ssl.sslContexts -> SslContexts(io.netty.handler.ssl.JdkSslContext@33524a1a,None), gatling.http.cache.dns -> io.gatling.http.cache.DnsCacheSupport$$anon$1@5898ac4b, gatling.http.cache.baseUrl -> http://localhost:8080),18,OK,List(),io.gatling.core.protocol.ProtocolComponentsRegistry$$Lambda$598/0x000000084055d840@452b12e)
=========================
HTTP request:
POST http://localhost:8080/files/upload
headers=
Accept: */*
Accept-Language: en-US,en;q=0.8,nl;q=0.6
User-Agent: Mozilla/5.0 (Windows NT 6.1; WOW64) AppleWebKit/537.36 (KHTML, like Gecko) Chrome/38.0.2125.111 Safari/537.36
accept-encoding: gzip,deflate,sdch
host: localhost:8080
content-type: multipart/form-data; boundary=n4iuQT_2n5sYfNvJWfxS_baVf2AiBDOre-t
content-length: 220
multipartBody=
ByteArrayPart: name=upload contentType=text/plain dispositionType=null charset=UTF-8 transferEncoding=null contentId=null filename=gatling-upload.txt
=========================
HTTP response:
status=
200 
headers= 
Content-Type: text/plain;charset=UTF-8
Content-Length: 62
Date: Wed, 29 Jan 2020 21:01:17 GMT

body=
File upload succeeded [gatling-upload.txt] of size [17] bytes.
<<<<<<<<<<<<<<<<<<<<<<<<<
22:01:17.996 [DEBUG] i.g.c.a.Exit - End user #97
22:01:17.997 [DEBUG] i.g.c.c.i.Injector - End user #97
22:01:18.052 [DEBUG] i.g.h.e.t.HttpTxExecutor - Sending request=simple_cpu_burn uri=http://localhost:8080/cpu/magic-identity-check?matrixSize=133: scenario=Acceptance test, userId=118
22:01:18.052 [DEBUG] i.g.c.c.i.o.OpenWorkload - Start user #118
22:01:18.053 [DEBUG] i.g.h.c.i.HttpAppHandler - Write request WritableRequest{request=DefaultFullHttpRequest(decodeResult: success, version: HTTP/1.1, content: UnpooledByteBufAllocator$InstrumentedUnpooledUnsafeHeapByteBuf(ridx: 0, widx: 0, cap: 0))
GET /cpu/magic-identity-check?matrixSize=133 HTTP/1.1
Accept: */*
Content-Type: application/json;charset=UTF-8
Accept-Language: en-US,en;q=0.8,nl;q=0.6
User-Agent: Mozilla/5.0 (Windows NT 6.1; WOW64) AppleWebKit/537.36 (KHTML, like Gecko) Chrome/38.0.2125.111 Safari/537.36
accept-encoding: gzip,deflate,sdch
host: localhost:8080, content=null}
22:01:18.063 [DEBUG] i.g.h.c.i.HttpAppHandler - Read msg='DefaultHttpResponse(decodeResult: success, version: HTTP/1.1)
HTTP/1.1 200 
Content-Type: application/json;charset=UTF-8
Transfer-Encoding: chunked
Date: Wed, 29 Jan 2020 21:01:17 GMT'
22:01:18.064 [DEBUG] i.g.h.c.i.HttpAppHandler - Read msg='DefaultHttpContent(data: PooledSlicedByteBuf(ridx: 0, widx: 170, cap: 170/170, unwrapped: PooledUnsafeDirectByteBuf(ridx: 304, widx: 304, cap: 1024)), decoderResult: success)'
22:01:18.064 [DEBUG] i.g.h.c.i.HttpAppHandler - Read msg='EmptyLastHttpContent'
22:01:18.064 [TRACE] i.g.h.e.r.DefaultStatsProcessor - 
>>>>>>>>>>>>>>>>>>>>>>>>>>
Request:
simple_cpu_burn: OK 
=========================
Session:
Session(Acceptance test,118,1580331678051,Map(gatling.http.ssl.sslContexts -> SslContexts(io.netty.handler.ssl.JdkSslContext@1f7b4a86,None), gatling.http.cache.dns -> io.gatling.http.cache.DnsCacheSupport$$anon$1@5898ac4b, gatling.http.cache.baseUrl -> http://localhost:8080),0,OK,List(),io.gatling.core.protocol.ProtocolComponentsRegistry$$Lambda$598/0x000000084055d840@452b12e)
=========================
HTTP request:
GET http://localhost:8080/cpu/magic-identity-check?matrixSize=133
headers=
Accept: */*
Content-Type: application/json;charset=UTF-8
Accept-Language: en-US,en;q=0.8,nl;q=0.6
User-Agent: Mozilla/5.0 (Windows NT 6.1; WOW64) AppleWebKit/537.36 (KHTML, like Gecko) Chrome/38.0.2125.111 Safari/537.36
accept-encoding: gzip,deflate,sdch
host: localhost:8080
=========================
HTTP response:
status=
200 
headers= 
Content-Type: application/json;charset=UTF-8
Transfer-Encoding: chunked
Date: Wed, 29 Jan 2020 21:01:17 GMT

body=
{"message":"A simple magic square multiplied by an identity square of size [133] [is equal] to the magic square.","name":"Simple-PropertiesFileName","durationInMillis":9}
<<<<<<<<<<<<<<<<<<<<<<<<<
22:01:18.064 [DEBUG] i.g.c.a.Pause - Pausing for 796ms (real=796ms)
22:01:18.282 [DEBUG] i.g.h.e.t.HttpTxExecutor - Sending request=simple_mini_leak uri=http://localhost:8080/memory/grow?objects=8&items=54: scenario=Acceptance test, userId=107
22:01:18.282 [DEBUG] i.g.h.c.i.HttpAppHandler - Write request WritableRequest{request=DefaultFullHttpRequest(decodeResult: success, version: HTTP/1.1, content: UnpooledByteBufAllocator$InstrumentedUnpooledUnsafeHeapByteBuf(ridx: 0, widx: 0, cap: 0))
GET /memory/grow?objects=8&items=54 HTTP/1.1
Accept: */*
Content-Type: application/json;charset=UTF-8
Accept-Language: en-US,en;q=0.8,nl;q=0.6
User-Agent: Mozilla/5.0 (Windows NT 6.1; WOW64) AppleWebKit/537.36 (KHTML, like Gecko) Chrome/38.0.2125.111 Safari/537.36
accept-encoding: gzip,deflate,sdch
host: localhost:8080, content=null}
22:01:18.289 [DEBUG] i.g.h.c.i.HttpAppHandler - Read msg='DefaultHttpResponse(decodeResult: success, version: HTTP/1.1)
HTTP/1.1 200 
Content-Type: application/json;charset=UTF-8
Transfer-Encoding: chunked
Date: Wed, 29 Jan 2020 21:01:18 GMT'
22:01:18.289 [DEBUG] i.g.h.c.i.HttpAppHandler - Read msg='DefaultHttpContent(data: PooledSlicedByteBuf(ridx: 0, widx: 144, cap: 144/144, unwrapped: PooledUnsafeDirectByteBuf(ridx: 278, widx: 278, cap: 496)), decoderResult: success)'
22:01:18.289 [DEBUG] i.g.h.c.i.HttpAppHandler - Read msg='EmptyLastHttpContent'
22:01:18.290 [TRACE] i.g.h.e.r.DefaultStatsProcessor - 
>>>>>>>>>>>>>>>>>>>>>>>>>>
Request:
simple_mini_leak: OK 
=========================
Session:
Session(Acceptance test,107,1580331672551,Map(gatling.http.ssl.sslContexts -> SslContexts(io.netty.handler.ssl.JdkSslContext@1b27bf08,None), gatling.http.cache.dns -> io.gatling.http.cache.DnsCacheSupport$$anon$1@5898ac4b, gatling.http.cache.baseUrl -> http://localhost:8080),13,OK,List(),io.gatling.core.protocol.ProtocolComponentsRegistry$$Lambda$598/0x000000084055d840@452b12e)
=========================
HTTP request:
GET http://localhost:8080/memory/grow?objects=8&items=54
headers=
Accept: */*
Content-Type: application/json;charset=UTF-8
Accept-Language: en-US,en;q=0.8,nl;q=0.6
User-Agent: Mozilla/5.0 (Windows NT 6.1; WOW64) AppleWebKit/537.36 (KHTML, like Gecko) Chrome/38.0.2125.111 Safari/537.36
accept-encoding: gzip,deflate,sdch
host: localhost:8080
=========================
HTTP response:
status=
200 
headers= 
Content-Type: application/json;charset=UTF-8
Transfer-Encoding: chunked
Date: Wed, 29 Jan 2020 21:01:18 GMT

body=
{"message":"Size of BigFatBastard list is now 11840 objects. It contains 639360 items.","name":"Simple-PropertiesFileName","durationInMillis":5}
<<<<<<<<<<<<<<<<<<<<<<<<<
22:01:18.290 [DEBUG] i.g.c.a.Pause - Pausing for 693ms (real=680ms)
22:01:18.292 [DEBUG] i.g.h.e.t.HttpTxExecutor - Sending request=simple_mini_leak uri=http://localhost:8080/memory/grow?objects=8&items=54: scenario=Acceptance test, userId=100
22:01:18.292 [DEBUG] i.g.h.c.i.HttpAppHandler - Write request WritableRequest{request=DefaultFullHttpRequest(decodeResult: success, version: HTTP/1.1, content: UnpooledByteBufAllocator$InstrumentedUnpooledUnsafeHeapByteBuf(ridx: 0, widx: 0, cap: 0))
GET /memory/grow?objects=8&items=54 HTTP/1.1
Accept: */*
Content-Type: application/json;charset=UTF-8
Accept-Language: en-US,en;q=0.8,nl;q=0.6
User-Agent: Mozilla/5.0 (Windows NT 6.1; WOW64) AppleWebKit/537.36 (KHTML, like Gecko) Chrome/38.0.2125.111 Safari/537.36
accept-encoding: gzip,deflate,sdch
host: localhost:8080, content=null}
22:01:18.299 [DEBUG] i.g.h.c.i.HttpAppHandler - Read msg='DefaultHttpResponse(decodeResult: success, version: HTTP/1.1)
HTTP/1.1 200 
Content-Type: application/json;charset=UTF-8
Transfer-Encoding: chunked
Date: Wed, 29 Jan 2020 21:01:18 GMT'
22:01:18.299 [DEBUG] i.g.h.c.i.HttpAppHandler - Read msg='DefaultHttpContent(data: PooledSlicedByteBuf(ridx: 0, widx: 144, cap: 144/144, unwrapped: PooledUnsafeDirectByteBuf(ridx: 278, widx: 278, cap: 512)), decoderResult: success)'
22:01:18.299 [DEBUG] i.g.h.c.i.HttpAppHandler - Read msg='EmptyLastHttpContent'
22:01:18.300 [TRACE] i.g.h.e.r.DefaultStatsProcessor - 
>>>>>>>>>>>>>>>>>>>>>>>>>>
Request:
simple_mini_leak: OK 
=========================
Session:
Session(Acceptance test,100,1580331669051,Map(gatling.http.ssl.sslContexts -> SslContexts(io.netty.handler.ssl.JdkSslContext@46adeee6,None), gatling.http.cache.dns -> io.gatling.http.cache.DnsCacheSupport$$anon$1@5898ac4b, gatling.http.cache.baseUrl -> http://localhost:8080),14,OK,List(),io.gatling.core.protocol.ProtocolComponentsRegistry$$Lambda$598/0x000000084055d840@452b12e)
=========================
HTTP request:
GET http://localhost:8080/memory/grow?objects=8&items=54
headers=
Accept: */*
Content-Type: application/json;charset=UTF-8
Accept-Language: en-US,en;q=0.8,nl;q=0.6
User-Agent: Mozilla/5.0 (Windows NT 6.1; WOW64) AppleWebKit/537.36 (KHTML, like Gecko) Chrome/38.0.2125.111 Safari/537.36
accept-encoding: gzip,deflate,sdch
host: localhost:8080
=========================
HTTP response:
status=
200 
headers= 
Content-Type: application/json;charset=UTF-8
Transfer-Encoding: chunked
Date: Wed, 29 Jan 2020 21:01:18 GMT

body=
{"message":"Size of BigFatBastard list is now 11848 objects. It contains 639792 items.","name":"Simple-PropertiesFileName","durationInMillis":5}
<<<<<<<<<<<<<<<<<<<<<<<<<
22:01:18.300 [DEBUG] i.g.c.a.Pause - Pausing for 8580ms (real=8565ms)
22:01:18.322 [DEBUG] i.g.h.e.t.HttpTxExecutor - Sending request=simple_delay uri=http://localhost:8080/delay?duration=555: scenario=Acceptance test, userId=117
22:01:18.322 [DEBUG] i.g.h.c.i.HttpAppHandler - Write request WritableRequest{request=DefaultFullHttpRequest(decodeResult: success, version: HTTP/1.1, content: UnpooledByteBufAllocator$InstrumentedUnpooledUnsafeHeapByteBuf(ridx: 0, widx: 0, cap: 0))
GET /delay?duration=555 HTTP/1.1
Accept: */*
Content-Type: application/json;charset=UTF-8
Accept-Language: en-US,en;q=0.8,nl;q=0.6
User-Agent: Mozilla/5.0 (Windows NT 6.1; WOW64) AppleWebKit/537.36 (KHTML, like Gecko) Chrome/38.0.2125.111 Safari/537.36
accept-encoding: gzip,deflate,sdch
host: localhost:8080, content=null}
22:01:18.371 [DEBUG] i.g.h.e.t.HttpTxExecutor - Sending request=simple_mini_leak uri=http://localhost:8080/memory/grow?objects=8&items=54: scenario=Acceptance test, userId=91
22:01:18.371 [DEBUG] i.g.h.c.i.HttpAppHandler - Write request WritableRequest{request=DefaultFullHttpRequest(decodeResult: success, version: HTTP/1.1, content: UnpooledByteBufAllocator$InstrumentedUnpooledUnsafeHeapByteBuf(ridx: 0, widx: 0, cap: 0))
GET /memory/grow?objects=8&items=54 HTTP/1.1
Accept: */*
Content-Type: application/json;charset=UTF-8
Accept-Language: en-US,en;q=0.8,nl;q=0.6
User-Agent: Mozilla/5.0 (Windows NT 6.1; WOW64) AppleWebKit/537.36 (KHTML, like Gecko) Chrome/38.0.2125.111 Safari/537.36
accept-encoding: gzip,deflate,sdch
host: localhost:8080, content=null}
22:01:18.374 [DEBUG] i.g.h.c.i.HttpAppHandler - Read msg='DefaultHttpResponse(decodeResult: success, version: HTTP/1.1)
HTTP/1.1 200 
Content-Type: application/json;charset=UTF-8
Transfer-Encoding: chunked
Date: Wed, 29 Jan 2020 21:01:18 GMT'
22:01:18.374 [DEBUG] i.g.h.c.i.HttpAppHandler - Read msg='DefaultHttpContent(data: PooledSlicedByteBuf(ridx: 0, widx: 144, cap: 144/144, unwrapped: PooledUnsafeDirectByteBuf(ridx: 278, widx: 283, cap: 512)), decoderResult: success)'
22:01:18.374 [DEBUG] i.g.h.c.i.HttpAppHandler - Read msg='EmptyLastHttpContent'
22:01:18.374 [TRACE] i.g.h.e.r.DefaultStatsProcessor - 
>>>>>>>>>>>>>>>>>>>>>>>>>>
Request:
simple_mini_leak: OK 
=========================
Session:
Session(Acceptance test,91,1580331664551,Map(gatling.http.ssl.sslContexts -> SslContexts(io.netty.handler.ssl.JdkSslContext@703f0f47,None), gatling.http.cache.dns -> io.gatling.http.cache.DnsCacheSupport$$anon$1@5898ac4b, gatling.http.cache.baseUrl -> http://localhost:8080),19,OK,List(),io.gatling.core.protocol.ProtocolComponentsRegistry$$Lambda$598/0x000000084055d840@452b12e)
=========================
HTTP request:
GET http://localhost:8080/memory/grow?objects=8&items=54
headers=
Accept: */*
Content-Type: application/json;charset=UTF-8
Accept-Language: en-US,en;q=0.8,nl;q=0.6
User-Agent: Mozilla/5.0 (Windows NT 6.1; WOW64) AppleWebKit/537.36 (KHTML, like Gecko) Chrome/38.0.2125.111 Safari/537.36
accept-encoding: gzip,deflate,sdch
host: localhost:8080
=========================
HTTP response:
status=
200 
headers= 
Content-Type: application/json;charset=UTF-8
Transfer-Encoding: chunked
Date: Wed, 29 Jan 2020 21:01:18 GMT

body=
{"message":"Size of BigFatBastard list is now 11856 objects. It contains 640224 items.","name":"Simple-PropertiesFileName","durationInMillis":2}
<<<<<<<<<<<<<<<<<<<<<<<<<
22:01:18.374 [DEBUG] i.g.c.a.Pause - Pausing for 6866ms (real=6847ms)
22:01:18.512 [DEBUG] i.g.h.e.t.HttpTxExecutor - Sending request=upload-file uri=http://localhost:8080/files/upload: scenario=Acceptance test, userId=96
22:01:18.512 [DEBUG] i.g.h.c.i.HttpAppHandler - Write request WritableRequest{request=DefaultHttpRequest(decodeResult: success, version: HTTP/1.1)
POST /files/upload HTTP/1.1
Accept: */*
Accept-Language: en-US,en;q=0.8,nl;q=0.6
User-Agent: Mozilla/5.0 (Windows NT 6.1; WOW64) AppleWebKit/537.36 (KHTML, like Gecko) Chrome/38.0.2125.111 Safari/537.36
accept-encoding: gzip,deflate,sdch
host: localhost:8080
content-type: multipart/form-data; boundary=8-XQiikd8J2jPWScY7ZnM_1EHtswudAn-8G
content-length: 220, content=io.gatling.http.client.body.multipart.impl.MultipartFileRegion@3f83c9c4}
22:01:18.515 [DEBUG] i.g.h.c.i.HttpAppHandler - Read msg='DefaultHttpResponse(decodeResult: success, version: HTTP/1.1)
HTTP/1.1 200 
Content-Type: text/plain;charset=UTF-8
Content-Length: 62
Date: Wed, 29 Jan 2020 21:01:18 GMT'
22:01:18.515 [DEBUG] i.g.h.c.i.HttpAppHandler - Read msg='DefaultLastHttpContent(data: PooledSlicedByteBuf(ridx: 0, widx: 62, cap: 62/62, unwrapped: PooledUnsafeDirectByteBuf(ridx: 176, widx: 176, cap: 496)), decoderResult: success)'
22:01:18.516 [TRACE] i.g.h.e.r.DefaultStatsProcessor - 
>>>>>>>>>>>>>>>>>>>>>>>>>>
Request:
upload-file: OK 
=========================
Session:
Session(Acceptance test,96,1580331667051,Map(gatling.http.ssl.sslContexts -> SslContexts(io.netty.handler.ssl.JdkSslContext@9bbcaa7,None), gatling.http.cache.dns -> io.gatling.http.cache.DnsCacheSupport$$anon$1@5898ac4b, gatling.http.cache.baseUrl -> http://localhost:8080),21,OK,List(),io.gatling.core.protocol.ProtocolComponentsRegistry$$Lambda$598/0x000000084055d840@452b12e)
=========================
HTTP request:
POST http://localhost:8080/files/upload
headers=
Accept: */*
Accept-Language: en-US,en;q=0.8,nl;q=0.6
User-Agent: Mozilla/5.0 (Windows NT 6.1; WOW64) AppleWebKit/537.36 (KHTML, like Gecko) Chrome/38.0.2125.111 Safari/537.36
accept-encoding: gzip,deflate,sdch
host: localhost:8080
content-type: multipart/form-data; boundary=8-XQiikd8J2jPWScY7ZnM_1EHtswudAn-8G
content-length: 220
multipartBody=
ByteArrayPart: name=upload contentType=text/plain dispositionType=null charset=UTF-8 transferEncoding=null contentId=null filename=gatling-upload.txt
=========================
HTTP response:
status=
200 
headers= 
Content-Type: text/plain;charset=UTF-8
Content-Length: 62
Date: Wed, 29 Jan 2020 21:01:18 GMT

body=
File upload succeeded [gatling-upload.txt] of size [17] bytes.
<<<<<<<<<<<<<<<<<<<<<<<<<
22:01:18.516 [DEBUG] i.g.c.a.Exit - End user #96
22:01:18.516 [DEBUG] i.g.c.c.i.Injector - End user #96
22:01:18.542 [DEBUG] i.g.h.e.t.HttpTxExecutor - Sending request=simple_mini_leak uri=http://localhost:8080/memory/grow?objects=8&items=54: scenario=Acceptance test, userId=103
22:01:18.542 [DEBUG] i.g.h.c.i.HttpAppHandler - Write request WritableRequest{request=DefaultFullHttpRequest(decodeResult: success, version: HTTP/1.1, content: UnpooledByteBufAllocator$InstrumentedUnpooledUnsafeHeapByteBuf(ridx: 0, widx: 0, cap: 0))
GET /memory/grow?objects=8&items=54 HTTP/1.1
Accept: */*
Content-Type: application/json;charset=UTF-8
Accept-Language: en-US,en;q=0.8,nl;q=0.6
User-Agent: Mozilla/5.0 (Windows NT 6.1; WOW64) AppleWebKit/537.36 (KHTML, like Gecko) Chrome/38.0.2125.111 Safari/537.36
accept-encoding: gzip,deflate,sdch
host: localhost:8080, content=null}
22:01:18.549 [DEBUG] i.g.h.c.i.HttpAppHandler - Read msg='DefaultHttpResponse(decodeResult: success, version: HTTP/1.1)
HTTP/1.1 200 
Content-Type: application/json;charset=UTF-8
Transfer-Encoding: chunked
Date: Wed, 29 Jan 2020 21:01:18 GMT'
22:01:18.550 [DEBUG] i.g.h.c.i.HttpAppHandler - Read msg='DefaultHttpContent(data: PooledSlicedByteBuf(ridx: 0, widx: 144, cap: 144/144, unwrapped: PooledUnsafeDirectByteBuf(ridx: 278, widx: 283, cap: 512)), decoderResult: success)'
22:01:18.550 [DEBUG] i.g.h.c.i.HttpAppHandler - Read msg='EmptyLastHttpContent'
22:01:18.550 [TRACE] i.g.h.e.r.DefaultStatsProcessor - 
>>>>>>>>>>>>>>>>>>>>>>>>>>
Request:
simple_mini_leak: OK 
=========================
Session:
Session(Acceptance test,103,1580331670552,Map(gatling.http.ssl.sslContexts -> SslContexts(io.netty.handler.ssl.JdkSslContext@2742d060,None), gatling.http.cache.dns -> io.gatling.http.cache.DnsCacheSupport$$anon$1@5898ac4b, gatling.http.cache.baseUrl -> http://localhost:8080),19,OK,List(),io.gatling.core.protocol.ProtocolComponentsRegistry$$Lambda$598/0x000000084055d840@452b12e)
=========================
HTTP request:
GET http://localhost:8080/memory/grow?objects=8&items=54
headers=
Accept: */*
Content-Type: application/json;charset=UTF-8
Accept-Language: en-US,en;q=0.8,nl;q=0.6
User-Agent: Mozilla/5.0 (Windows NT 6.1; WOW64) AppleWebKit/537.36 (KHTML, like Gecko) Chrome/38.0.2125.111 Safari/537.36
accept-encoding: gzip,deflate,sdch
host: localhost:8080
=========================
HTTP response:
status=
200 
headers= 
Content-Type: application/json;charset=UTF-8
Transfer-Encoding: chunked
Date: Wed, 29 Jan 2020 21:01:18 GMT

body=
{"message":"Size of BigFatBastard list is now 11864 objects. It contains 640656 items.","name":"Simple-PropertiesFileName","durationInMillis":5}
<<<<<<<<<<<<<<<<<<<<<<<<<
22:01:18.550 [DEBUG] i.g.c.a.Pause - Pausing for 2587ms (real=2568ms)
22:01:18.552 [DEBUG] i.g.c.c.i.o.OpenWorkload - Injecting 2 users in scenario Acceptance test, continue=true
22:01:18.552 [DEBUG] i.g.h.e.t.HttpTxExecutor - Sending request=simple_cpu_burn uri=http://localhost:8080/cpu/magic-identity-check?matrixSize=133: scenario=Acceptance test, userId=119
22:01:18.552 [DEBUG] i.g.c.c.i.o.OpenWorkload - Start user #119
22:01:18.554 [DEBUG] i.g.h.c.i.HttpAppHandler - Write request WritableRequest{request=DefaultFullHttpRequest(decodeResult: success, version: HTTP/1.1, content: UnpooledByteBufAllocator$InstrumentedUnpooledUnsafeHeapByteBuf(ridx: 0, widx: 0, cap: 0))
GET /cpu/magic-identity-check?matrixSize=133 HTTP/1.1
Accept: */*
Content-Type: application/json;charset=UTF-8
Accept-Language: en-US,en;q=0.8,nl;q=0.6
User-Agent: Mozilla/5.0 (Windows NT 6.1; WOW64) AppleWebKit/537.36 (KHTML, like Gecko) Chrome/38.0.2125.111 Safari/537.36
accept-encoding: gzip,deflate,sdch
host: localhost:8080, content=null}
22:01:18.564 [DEBUG] i.g.h.c.i.HttpAppHandler - Read msg='DefaultHttpResponse(decodeResult: success, version: HTTP/1.1)
HTTP/1.1 200 
Content-Type: application/json;charset=UTF-8
Transfer-Encoding: chunked
Date: Wed, 29 Jan 2020 21:01:18 GMT'
22:01:18.564 [DEBUG] i.g.h.c.i.HttpAppHandler - Read msg='DefaultHttpContent(data: PooledSlicedByteBuf(ridx: 0, widx: 170, cap: 170/170, unwrapped: PooledUnsafeDirectByteBuf(ridx: 304, widx: 309, cap: 1024)), decoderResult: success)'
22:01:18.564 [DEBUG] i.g.h.c.i.HttpAppHandler - Read msg='EmptyLastHttpContent'
22:01:18.565 [TRACE] i.g.h.e.r.DefaultStatsProcessor - 
>>>>>>>>>>>>>>>>>>>>>>>>>>
Request:
simple_cpu_burn: OK 
=========================
Session:
Session(Acceptance test,119,1580331678552,Map(gatling.http.ssl.sslContexts -> SslContexts(io.netty.handler.ssl.JdkSslContext@5be4478f,None), gatling.http.cache.dns -> io.gatling.http.cache.DnsCacheSupport$$anon$1@5898ac4b, gatling.http.cache.baseUrl -> http://localhost:8080),0,OK,List(),io.gatling.core.protocol.ProtocolComponentsRegistry$$Lambda$598/0x000000084055d840@452b12e)
=========================
HTTP request:
GET http://localhost:8080/cpu/magic-identity-check?matrixSize=133
headers=
Accept: */*
Content-Type: application/json;charset=UTF-8
Accept-Language: en-US,en;q=0.8,nl;q=0.6
User-Agent: Mozilla/5.0 (Windows NT 6.1; WOW64) AppleWebKit/537.36 (KHTML, like Gecko) Chrome/38.0.2125.111 Safari/537.36
accept-encoding: gzip,deflate,sdch
host: localhost:8080
=========================
HTTP response:
status=
200 
headers= 
Content-Type: application/json;charset=UTF-8
Transfer-Encoding: chunked
Date: Wed, 29 Jan 2020 21:01:18 GMT

body=
{"message":"A simple magic square multiplied by an identity square of size [133] [is equal] to the magic square.","name":"Simple-PropertiesFileName","durationInMillis":8}
<<<<<<<<<<<<<<<<<<<<<<<<<
22:01:18.565 [DEBUG] i.g.c.a.Pause - Pausing for 221ms (real=220ms)
22:01:18.571 [DEBUG] i.g.h.e.t.HttpTxExecutor - Sending request=simple_delay uri=http://localhost:8080/delay?duration=555: scenario=Acceptance test, userId=110
22:01:18.571 [DEBUG] i.g.h.c.i.HttpAppHandler - Write request WritableRequest{request=DefaultFullHttpRequest(decodeResult: success, version: HTTP/1.1, content: UnpooledByteBufAllocator$InstrumentedUnpooledUnsafeHeapByteBuf(ridx: 0, widx: 0, cap: 0))
GET /delay?duration=555 HTTP/1.1
Accept: */*
Content-Type: application/json;charset=UTF-8
Accept-Language: en-US,en;q=0.8,nl;q=0.6
User-Agent: Mozilla/5.0 (Windows NT 6.1; WOW64) AppleWebKit/537.36 (KHTML, like Gecko) Chrome/38.0.2125.111 Safari/537.36
accept-encoding: gzip,deflate,sdch
host: localhost:8080, content=null}
22:01:18.721 [DEBUG] i.g.h.e.t.HttpTxExecutor - Sending request=simple_delay uri=http://localhost:8080/delay?duration=555: scenario=Acceptance test, userId=116
22:01:18.722 [DEBUG] i.g.h.c.i.HttpAppHandler - Write request WritableRequest{request=DefaultFullHttpRequest(decodeResult: success, version: HTTP/1.1, content: UnpooledByteBufAllocator$InstrumentedUnpooledUnsafeHeapByteBuf(ridx: 0, widx: 0, cap: 0))
GET /delay?duration=555 HTTP/1.1
Accept: */*
Content-Type: application/json;charset=UTF-8
Accept-Language: en-US,en;q=0.8,nl;q=0.6
User-Agent: Mozilla/5.0 (Windows NT 6.1; WOW64) AppleWebKit/537.36 (KHTML, like Gecko) Chrome/38.0.2125.111 Safari/537.36
accept-encoding: gzip,deflate,sdch
host: localhost:8080, content=null}
22:01:18.801 [DEBUG] i.g.h.e.t.HttpTxExecutor - Sending request=simple_delay uri=http://localhost:8080/delay?duration=555: scenario=Acceptance test, userId=119
22:01:18.801 [DEBUG] i.g.h.c.i.HttpAppHandler - Write request WritableRequest{request=DefaultFullHttpRequest(decodeResult: success, version: HTTP/1.1, content: UnpooledByteBufAllocator$InstrumentedUnpooledUnsafeHeapByteBuf(ridx: 0, widx: 0, cap: 0))
GET /delay?duration=555 HTTP/1.1
Accept: */*
Content-Type: application/json;charset=UTF-8
Accept-Language: en-US,en;q=0.8,nl;q=0.6
User-Agent: Mozilla/5.0 (Windows NT 6.1; WOW64) AppleWebKit/537.36 (KHTML, like Gecko) Chrome/38.0.2125.111 Safari/537.36
accept-encoding: gzip,deflate,sdch
host: localhost:8080, content=null}
22:01:18.879 [DEBUG] i.g.h.c.i.HttpAppHandler - Read msg='DefaultHttpResponse(decodeResult: success, version: HTTP/1.1)
HTTP/1.1 200 
Content-Type: application/json;charset=UTF-8
Transfer-Encoding: chunked
Date: Wed, 29 Jan 2020 21:01:18 GMT'
22:01:18.879 [DEBUG] i.g.h.c.i.HttpAppHandler - Read msg='DefaultHttpContent(data: PooledSlicedByteBuf(ridx: 0, widx: 95, cap: 95/95, unwrapped: PooledUnsafeDirectByteBuf(ridx: 229, widx: 229, cap: 512)), decoderResult: success)'
22:01:18.879 [DEBUG] i.g.h.c.i.HttpAppHandler - Read msg='EmptyLastHttpContent'
22:01:18.880 [TRACE] i.g.h.e.r.DefaultStatsProcessor - 
>>>>>>>>>>>>>>>>>>>>>>>>>>
Request:
simple_delay: OK 
=========================
Session:
Session(Acceptance test,117,1580331677551,Map(gatling.http.ssl.sslContexts -> SslContexts(io.netty.handler.ssl.JdkSslContext@30c5078d,None), gatling.http.cache.dns -> io.gatling.http.cache.DnsCacheSupport$$anon$1@5898ac4b, gatling.http.cache.baseUrl -> http://localhost:8080),18,OK,List(),io.gatling.core.protocol.ProtocolComponentsRegistry$$Lambda$598/0x000000084055d840@452b12e)
=========================
HTTP request:
GET http://localhost:8080/delay?duration=555
headers=
Accept: */*
Content-Type: application/json;charset=UTF-8
Accept-Language: en-US,en;q=0.8,nl;q=0.6
User-Agent: Mozilla/5.0 (Windows NT 6.1; WOW64) AppleWebKit/537.36 (KHTML, like Gecko) Chrome/38.0.2125.111 Safari/537.36
accept-encoding: gzip,deflate,sdch
host: localhost:8080
=========================
HTTP response:
status=
200 
headers= 
Content-Type: application/json;charset=UTF-8
Transfer-Encoding: chunked
Date: Wed, 29 Jan 2020 21:01:18 GMT

body=
{"message":"This was a delay of 555","name":"Simple-PropertiesFileName","durationInMillis":555}
<<<<<<<<<<<<<<<<<<<<<<<<<
22:01:18.880 [DEBUG] i.g.c.a.Pause - Pausing for 875ms (real=856ms)
22:01:18.881 [DEBUG] i.g.h.e.t.HttpTxExecutor - Sending request=simple_delay uri=http://localhost:8080/delay?duration=555: scenario=Acceptance test, userId=118
22:01:18.882 [DEBUG] i.g.h.c.i.HttpAppHandler - Write request WritableRequest{request=DefaultFullHttpRequest(decodeResult: success, version: HTTP/1.1, content: UnpooledByteBufAllocator$InstrumentedUnpooledUnsafeHeapByteBuf(ridx: 0, widx: 0, cap: 0))
GET /delay?duration=555 HTTP/1.1
Accept: */*
Content-Type: application/json;charset=UTF-8
Accept-Language: en-US,en;q=0.8,nl;q=0.6
User-Agent: Mozilla/5.0 (Windows NT 6.1; WOW64) AppleWebKit/537.36 (KHTML, like Gecko) Chrome/38.0.2125.111 Safari/537.36
accept-encoding: gzip,deflate,sdch
host: localhost:8080, content=null}
22:01:18.982 [DEBUG] i.g.h.e.t.HttpTxExecutor - Sending request=upload-file uri=http://localhost:8080/files/upload: scenario=Acceptance test, userId=107
22:01:18.983 [DEBUG] i.g.h.c.i.HttpAppHandler - Write request WritableRequest{request=DefaultHttpRequest(decodeResult: success, version: HTTP/1.1)
POST /files/upload HTTP/1.1
Accept: */*
Accept-Language: en-US,en;q=0.8,nl;q=0.6
User-Agent: Mozilla/5.0 (Windows NT 6.1; WOW64) AppleWebKit/537.36 (KHTML, like Gecko) Chrome/38.0.2125.111 Safari/537.36
accept-encoding: gzip,deflate,sdch
host: localhost:8080
content-type: multipart/form-data; boundary=22gRDOnxZda6-RUk5nk7bIVgZqcewSgVW91
content-length: 220, content=io.gatling.http.client.body.multipart.impl.MultipartFileRegion@492ececa}
22:01:18.986 [DEBUG] i.g.h.c.i.HttpAppHandler - Read msg='DefaultHttpResponse(decodeResult: success, version: HTTP/1.1)
HTTP/1.1 200 
Content-Type: text/plain;charset=UTF-8
Content-Length: 62
Date: Wed, 29 Jan 2020 21:01:18 GMT'
22:01:18.986 [DEBUG] i.g.h.c.i.HttpAppHandler - Read msg='DefaultLastHttpContent(data: PooledSlicedByteBuf(ridx: 0, widx: 62, cap: 62/62, unwrapped: PooledUnsafeDirectByteBuf(ridx: 176, widx: 176, cap: 480)), decoderResult: success)'
22:01:18.987 [TRACE] i.g.h.e.r.DefaultStatsProcessor - 
>>>>>>>>>>>>>>>>>>>>>>>>>>
Request:
upload-file: OK 
=========================
Session:
Session(Acceptance test,107,1580331672551,Map(gatling.http.ssl.sslContexts -> SslContexts(io.netty.handler.ssl.JdkSslContext@1b27bf08,None), gatling.http.cache.dns -> io.gatling.http.cache.DnsCacheSupport$$anon$1@5898ac4b, gatling.http.cache.baseUrl -> http://localhost:8080),12,OK,List(),io.gatling.core.protocol.ProtocolComponentsRegistry$$Lambda$598/0x000000084055d840@452b12e)
=========================
HTTP request:
POST http://localhost:8080/files/upload
headers=
Accept: */*
Accept-Language: en-US,en;q=0.8,nl;q=0.6
User-Agent: Mozilla/5.0 (Windows NT 6.1; WOW64) AppleWebKit/537.36 (KHTML, like Gecko) Chrome/38.0.2125.111 Safari/537.36
accept-encoding: gzip,deflate,sdch
host: localhost:8080
content-type: multipart/form-data; boundary=22gRDOnxZda6-RUk5nk7bIVgZqcewSgVW91
content-length: 220
multipartBody=
ByteArrayPart: name=upload contentType=text/plain dispositionType=null charset=UTF-8 transferEncoding=null contentId=null filename=gatling-upload.txt
=========================
HTTP response:
status=
200 
headers= 
Content-Type: text/plain;charset=UTF-8
Content-Length: 62
Date: Wed, 29 Jan 2020 21:01:18 GMT

body=
File upload succeeded [gatling-upload.txt] of size [17] bytes.
<<<<<<<<<<<<<<<<<<<<<<<<<
22:01:18.987 [DEBUG] i.g.c.a.Exit - End user #107
22:01:18.987 [DEBUG] i.g.c.c.i.Injector - End user #107
22:01:19.052 [DEBUG] i.g.h.e.t.HttpTxExecutor - Sending request=simple_cpu_burn uri=http://localhost:8080/cpu/magic-identity-check?matrixSize=133: scenario=Acceptance test, userId=120
22:01:19.052 [DEBUG] i.g.c.c.i.o.OpenWorkload - Start user #120
22:01:19.053 [DEBUG] i.g.h.c.i.HttpAppHandler - Write request WritableRequest{request=DefaultFullHttpRequest(decodeResult: success, version: HTTP/1.1, content: UnpooledByteBufAllocator$InstrumentedUnpooledUnsafeHeapByteBuf(ridx: 0, widx: 0, cap: 0))
GET /cpu/magic-identity-check?matrixSize=133 HTTP/1.1
Accept: */*
Content-Type: application/json;charset=UTF-8
Accept-Language: en-US,en;q=0.8,nl;q=0.6
User-Agent: Mozilla/5.0 (Windows NT 6.1; WOW64) AppleWebKit/537.36 (KHTML, like Gecko) Chrome/38.0.2125.111 Safari/537.36
accept-encoding: gzip,deflate,sdch
host: localhost:8080, content=null}
22:01:19.064 [DEBUG] i.g.h.c.i.HttpAppHandler - Read msg='DefaultHttpResponse(decodeResult: success, version: HTTP/1.1)
HTTP/1.1 200 
Content-Type: application/json;charset=UTF-8
Transfer-Encoding: chunked
Date: Wed, 29 Jan 2020 21:01:18 GMT'
22:01:19.064 [DEBUG] i.g.h.c.i.HttpAppHandler - Read msg='DefaultHttpContent(data: PooledSlicedByteBuf(ridx: 0, widx: 170, cap: 170/170, unwrapped: PooledUnsafeDirectByteBuf(ridx: 304, widx: 309, cap: 1024)), decoderResult: success)'
22:01:19.064 [DEBUG] i.g.h.c.i.HttpAppHandler - Read msg='EmptyLastHttpContent'
22:01:19.064 [TRACE] i.g.h.e.r.DefaultStatsProcessor - 
>>>>>>>>>>>>>>>>>>>>>>>>>>
Request:
simple_cpu_burn: OK 
=========================
Session:
Session(Acceptance test,120,1580331679051,Map(gatling.http.ssl.sslContexts -> SslContexts(io.netty.handler.ssl.JdkSslContext@b0507ee,None), gatling.http.cache.dns -> io.gatling.http.cache.DnsCacheSupport$$anon$1@5898ac4b, gatling.http.cache.baseUrl -> http://localhost:8080),0,OK,List(),io.gatling.core.protocol.ProtocolComponentsRegistry$$Lambda$598/0x000000084055d840@452b12e)
=========================
HTTP request:
GET http://localhost:8080/cpu/magic-identity-check?matrixSize=133
headers=
Accept: */*
Content-Type: application/json;charset=UTF-8
Accept-Language: en-US,en;q=0.8,nl;q=0.6
User-Agent: Mozilla/5.0 (Windows NT 6.1; WOW64) AppleWebKit/537.36 (KHTML, like Gecko) Chrome/38.0.2125.111 Safari/537.36
accept-encoding: gzip,deflate,sdch
host: localhost:8080
=========================
HTTP response:
status=
200 
headers= 
Content-Type: application/json;charset=UTF-8
Transfer-Encoding: chunked
Date: Wed, 29 Jan 2020 21:01:18 GMT

body=
{"message":"A simple magic square multiplied by an identity square of size [133] [is equal] to the magic square.","name":"Simple-PropertiesFileName","durationInMillis":8}
<<<<<<<<<<<<<<<<<<<<<<<<<
22:01:19.065 [DEBUG] i.g.c.a.Pause - Pausing for 2018ms (real=2017ms)
22:01:19.129 [DEBUG] i.g.h.c.i.HttpAppHandler - Read msg='DefaultHttpResponse(decodeResult: success, version: HTTP/1.1)
HTTP/1.1 200 
Content-Type: application/json;charset=UTF-8
Transfer-Encoding: chunked
Date: Wed, 29 Jan 2020 21:01:18 GMT'
22:01:19.129 [DEBUG] i.g.h.c.i.HttpAppHandler - Read msg='DefaultHttpContent(data: PooledSlicedByteBuf(ridx: 0, widx: 95, cap: 95/95, unwrapped: PooledUnsafeDirectByteBuf(ridx: 229, widx: 229, cap: 512)), decoderResult: success)'
22:01:19.129 [DEBUG] i.g.h.c.i.HttpAppHandler - Read msg='EmptyLastHttpContent'
22:01:19.129 [TRACE] i.g.h.e.r.DefaultStatsProcessor - 
>>>>>>>>>>>>>>>>>>>>>>>>>>
Request:
simple_delay: OK 
=========================
Session:
Session(Acceptance test,110,1580331674051,Map(gatling.http.ssl.sslContexts -> SslContexts(io.netty.handler.ssl.JdkSslContext@2d1f427d,None), gatling.http.cache.dns -> io.gatling.http.cache.DnsCacheSupport$$anon$1@5898ac4b, gatling.http.cache.baseUrl -> http://localhost:8080),18,OK,List(),io.gatling.core.protocol.ProtocolComponentsRegistry$$Lambda$598/0x000000084055d840@452b12e)
=========================
HTTP request:
GET http://localhost:8080/delay?duration=555
headers=
Accept: */*
Content-Type: application/json;charset=UTF-8
Accept-Language: en-US,en;q=0.8,nl;q=0.6
User-Agent: Mozilla/5.0 (Windows NT 6.1; WOW64) AppleWebKit/537.36 (KHTML, like Gecko) Chrome/38.0.2125.111 Safari/537.36
accept-encoding: gzip,deflate,sdch
host: localhost:8080
=========================
HTTP response:
status=
200 
headers= 
Content-Type: application/json;charset=UTF-8
Transfer-Encoding: chunked
Date: Wed, 29 Jan 2020 21:01:18 GMT

body=
{"message":"This was a delay of 555","name":"Simple-PropertiesFileName","durationInMillis":555}
<<<<<<<<<<<<<<<<<<<<<<<<<
22:01:19.130 [DEBUG] i.g.c.a.Pause - Pausing for 1107ms (real=1089ms)

================================================================================
2020-01-29 22:01:19                                          75s elapsed
---- Requests ------------------------------------------------------------------
> Global                                                   (OK=433    KO=1     )
> simple_cpu_burn                                          (OK=120    KO=0     )
> simple_delay                                             (OK=112    KO=0     )
> simple_mini_leak                                         (OK=104    KO=1     )
> upload-file                                              (OK=97     KO=0     )
---- Errors --------------------------------------------------------------------
> status.find.is(200), but actually found 500                         1 (100.0%)

---- Acceptance test -----------------------------------------------------------
[##########---                                                             ] 14%
          waiting: 570    / active: 23     / done: 97    
================================================================================

22:01:19.271 [DEBUG] i.g.h.e.t.HttpTxExecutor - Sending request=simple_delay uri=http://localhost:8080/delay?duration=555: scenario=Acceptance test, userId=87
22:01:19.272 [DEBUG] i.g.h.c.i.HttpAppHandler - Write request WritableRequest{request=DefaultFullHttpRequest(decodeResult: success, version: HTTP/1.1, content: UnpooledByteBufAllocator$InstrumentedUnpooledUnsafeHeapByteBuf(ridx: 0, widx: 0, cap: 0))
GET /delay?duration=555 HTTP/1.1
Accept: */*
Content-Type: application/json;charset=UTF-8
Accept-Language: en-US,en;q=0.8,nl;q=0.6
User-Agent: Mozilla/5.0 (Windows NT 6.1; WOW64) AppleWebKit/537.36 (KHTML, like Gecko) Chrome/38.0.2125.111 Safari/537.36
accept-encoding: gzip,deflate,sdch
host: localhost:8080, content=null}
22:01:19.279 [DEBUG] i.g.h.c.i.HttpAppHandler - Read msg='DefaultHttpResponse(decodeResult: success, version: HTTP/1.1)
HTTP/1.1 200 
Content-Type: application/json;charset=UTF-8
Transfer-Encoding: chunked
Date: Wed, 29 Jan 2020 21:01:18 GMT'
22:01:19.279 [DEBUG] i.g.h.c.i.HttpAppHandler - Read msg='DefaultHttpContent(data: PooledSlicedByteBuf(ridx: 0, widx: 95, cap: 95/95, unwrapped: PooledUnsafeDirectByteBuf(ridx: 229, widx: 229, cap: 512)), decoderResult: success)'
22:01:19.279 [DEBUG] i.g.h.c.i.HttpAppHandler - Read msg='EmptyLastHttpContent'
22:01:19.280 [TRACE] i.g.h.e.r.DefaultStatsProcessor - 
>>>>>>>>>>>>>>>>>>>>>>>>>>
Request:
simple_delay: OK 
=========================
Session:
Session(Acceptance test,116,1580331677052,Map(gatling.http.ssl.sslContexts -> SslContexts(io.netty.handler.ssl.JdkSslContext@2d5e5568,None), gatling.http.cache.dns -> io.gatling.http.cache.DnsCacheSupport$$anon$1@5898ac4b, gatling.http.cache.baseUrl -> http://localhost:8080),20,OK,List(),io.gatling.core.protocol.ProtocolComponentsRegistry$$Lambda$598/0x000000084055d840@452b12e)
=========================
HTTP request:
GET http://localhost:8080/delay?duration=555
headers=
Accept: */*
Content-Type: application/json;charset=UTF-8
Accept-Language: en-US,en;q=0.8,nl;q=0.6
User-Agent: Mozilla/5.0 (Windows NT 6.1; WOW64) AppleWebKit/537.36 (KHTML, like Gecko) Chrome/38.0.2125.111 Safari/537.36
accept-encoding: gzip,deflate,sdch
host: localhost:8080
=========================
HTTP response:
status=
200 
headers= 
Content-Type: application/json;charset=UTF-8
Transfer-Encoding: chunked
Date: Wed, 29 Jan 2020 21:01:18 GMT

body=
{"message":"This was a delay of 555","name":"Simple-PropertiesFileName","durationInMillis":555}
<<<<<<<<<<<<<<<<<<<<<<<<<
22:01:19.280 [DEBUG] i.g.c.a.Pause - Pausing for 1973ms (real=1952ms)
22:01:19.358 [DEBUG] i.g.h.c.i.HttpAppHandler - Read msg='DefaultHttpResponse(decodeResult: success, version: HTTP/1.1)
HTTP/1.1 200 
Content-Type: application/json;charset=UTF-8
Transfer-Encoding: chunked
Date: Wed, 29 Jan 2020 21:01:19 GMT'
22:01:19.358 [DEBUG] i.g.h.c.i.HttpAppHandler - Read msg='DefaultHttpContent(data: PooledSlicedByteBuf(ridx: 0, widx: 95, cap: 95/95, unwrapped: PooledUnsafeDirectByteBuf(ridx: 229, widx: 229, cap: 1024)), decoderResult: success)'
22:01:19.358 [DEBUG] i.g.h.c.i.HttpAppHandler - Read msg='EmptyLastHttpContent'
22:01:19.358 [TRACE] i.g.h.e.r.DefaultStatsProcessor - 
>>>>>>>>>>>>>>>>>>>>>>>>>>
Request:
simple_delay: OK 
=========================
Session:
Session(Acceptance test,119,1580331678552,Map(gatling.http.ssl.sslContexts -> SslContexts(io.netty.handler.ssl.JdkSslContext@5be4478f,None), gatling.http.cache.dns -> io.gatling.http.cache.DnsCacheSupport$$anon$1@5898ac4b, gatling.http.cache.baseUrl -> http://localhost:8080),16,OK,List(),io.gatling.core.protocol.ProtocolComponentsRegistry$$Lambda$598/0x000000084055d840@452b12e)
=========================
HTTP request:
GET http://localhost:8080/delay?duration=555
headers=
Accept: */*
Content-Type: application/json;charset=UTF-8
Accept-Language: en-US,en;q=0.8,nl;q=0.6
User-Agent: Mozilla/5.0 (Windows NT 6.1; WOW64) AppleWebKit/537.36 (KHTML, like Gecko) Chrome/38.0.2125.111 Safari/537.36
accept-encoding: gzip,deflate,sdch
host: localhost:8080
=========================
HTTP response:
status=
200 
headers= 
Content-Type: application/json;charset=UTF-8
Transfer-Encoding: chunked
Date: Wed, 29 Jan 2020 21:01:19 GMT

body=
{"message":"This was a delay of 555","name":"Simple-PropertiesFileName","durationInMillis":555}
<<<<<<<<<<<<<<<<<<<<<<<<<
22:01:19.359 [DEBUG] i.g.c.a.Pause - Pausing for 522ms (real=506ms)
22:01:19.439 [DEBUG] i.g.h.c.i.HttpAppHandler - Read msg='DefaultHttpResponse(decodeResult: success, version: HTTP/1.1)
HTTP/1.1 200 
Content-Type: application/json;charset=UTF-8
Transfer-Encoding: chunked
Date: Wed, 29 Jan 2020 21:01:19 GMT'
22:01:19.439 [DEBUG] i.g.h.c.i.HttpAppHandler - Read msg='DefaultHttpContent(data: PooledSlicedByteBuf(ridx: 0, widx: 95, cap: 95/95, unwrapped: PooledUnsafeDirectByteBuf(ridx: 229, widx: 234, cap: 512)), decoderResult: success)'
22:01:19.439 [DEBUG] i.g.h.c.i.HttpAppHandler - Read msg='EmptyLastHttpContent'
22:01:19.439 [TRACE] i.g.h.e.r.DefaultStatsProcessor - 
>>>>>>>>>>>>>>>>>>>>>>>>>>
Request:
simple_delay: OK 
=========================
Session:
Session(Acceptance test,118,1580331678051,Map(gatling.http.ssl.sslContexts -> SslContexts(io.netty.handler.ssl.JdkSslContext@1f7b4a86,None), gatling.http.cache.dns -> io.gatling.http.cache.DnsCacheSupport$$anon$1@5898ac4b, gatling.http.cache.baseUrl -> http://localhost:8080),21,OK,List(),io.gatling.core.protocol.ProtocolComponentsRegistry$$Lambda$598/0x000000084055d840@452b12e)
=========================
HTTP request:
GET http://localhost:8080/delay?duration=555
headers=
Accept: */*
Content-Type: application/json;charset=UTF-8
Accept-Language: en-US,en;q=0.8,nl;q=0.6
User-Agent: Mozilla/5.0 (Windows NT 6.1; WOW64) AppleWebKit/537.36 (KHTML, like Gecko) Chrome/38.0.2125.111 Safari/537.36
accept-encoding: gzip,deflate,sdch
host: localhost:8080
=========================
HTTP response:
status=
200 
headers= 
Content-Type: application/json;charset=UTF-8
Transfer-Encoding: chunked
Date: Wed, 29 Jan 2020 21:01:19 GMT

body=
{"message":"This was a delay of 555","name":"Simple-PropertiesFileName","durationInMillis":555}
<<<<<<<<<<<<<<<<<<<<<<<<<
22:01:19.440 [DEBUG] i.g.c.a.Pause - Pausing for 1282ms (real=1260ms)
22:01:19.482 [DEBUG] i.g.h.e.t.HttpTxExecutor - Sending request=upload-file uri=http://localhost:8080/files/upload: scenario=Acceptance test, userId=95
22:01:19.483 [DEBUG] i.g.h.c.i.HttpAppHandler - Write request WritableRequest{request=DefaultHttpRequest(decodeResult: success, version: HTTP/1.1)
POST /files/upload HTTP/1.1
Accept: */*
Accept-Language: en-US,en;q=0.8,nl;q=0.6
User-Agent: Mozilla/5.0 (Windows NT 6.1; WOW64) AppleWebKit/537.36 (KHTML, like Gecko) Chrome/38.0.2125.111 Safari/537.36
accept-encoding: gzip,deflate,sdch
host: localhost:8080
content-type: multipart/form-data; boundary=mX9CGpDqIPa8A4XuL8S_rfoz8tNhJw4oxmb
content-length: 220, content=io.gatling.http.client.body.multipart.impl.MultipartFileRegion@3438e07b}
22:01:19.486 [DEBUG] i.g.h.c.i.HttpAppHandler - Read msg='DefaultHttpResponse(decodeResult: success, version: HTTP/1.1)
HTTP/1.1 200 
Content-Type: text/plain;charset=UTF-8
Content-Length: 62
Date: Wed, 29 Jan 2020 21:01:19 GMT'
22:01:19.486 [DEBUG] i.g.h.c.i.HttpAppHandler - Read msg='DefaultLastHttpContent(data: PooledSlicedByteBuf(ridx: 0, widx: 62, cap: 62/62, unwrapped: PooledUnsafeDirectByteBuf(ridx: 176, widx: 176, cap: 496)), decoderResult: success)'
22:01:19.486 [TRACE] i.g.h.e.r.DefaultStatsProcessor - 
>>>>>>>>>>>>>>>>>>>>>>>>>>
Request:
upload-file: OK 
=========================
Session:
Session(Acceptance test,95,1580331666551,Map(gatling.http.ssl.sslContexts -> SslContexts(io.netty.handler.ssl.JdkSslContext@328bb707,None), gatling.http.cache.dns -> io.gatling.http.cache.DnsCacheSupport$$anon$1@5898ac4b, gatling.http.cache.baseUrl -> http://localhost:8080),18,OK,List(),io.gatling.core.protocol.ProtocolComponentsRegistry$$Lambda$598/0x000000084055d840@452b12e)
=========================
HTTP request:
POST http://localhost:8080/files/upload
headers=
Accept: */*
Accept-Language: en-US,en;q=0.8,nl;q=0.6
User-Agent: Mozilla/5.0 (Windows NT 6.1; WOW64) AppleWebKit/537.36 (KHTML, like Gecko) Chrome/38.0.2125.111 Safari/537.36
accept-encoding: gzip,deflate,sdch
host: localhost:8080
content-type: multipart/form-data; boundary=mX9CGpDqIPa8A4XuL8S_rfoz8tNhJw4oxmb
content-length: 220
multipartBody=
ByteArrayPart: name=upload contentType=text/plain dispositionType=null charset=UTF-8 transferEncoding=null contentId=null filename=gatling-upload.txt
=========================
HTTP response:
status=
200 
headers= 
Content-Type: text/plain;charset=UTF-8
Content-Length: 62
Date: Wed, 29 Jan 2020 21:01:19 GMT

body=
File upload succeeded [gatling-upload.txt] of size [17] bytes.
<<<<<<<<<<<<<<<<<<<<<<<<<
22:01:19.486 [DEBUG] i.g.c.a.Exit - End user #95
22:01:19.487 [DEBUG] i.g.c.c.i.Injector - End user #95
22:01:19.552 [DEBUG] i.g.c.c.i.o.OpenWorkload - Injecting 2 users in scenario Acceptance test, continue=true
22:01:19.553 [DEBUG] i.g.h.e.t.HttpTxExecutor - Sending request=simple_cpu_burn uri=http://localhost:8080/cpu/magic-identity-check?matrixSize=133: scenario=Acceptance test, userId=121
22:01:19.553 [DEBUG] i.g.c.c.i.o.OpenWorkload - Start user #121
22:01:19.554 [DEBUG] i.g.h.c.i.HttpAppHandler - Write request WritableRequest{request=DefaultFullHttpRequest(decodeResult: success, version: HTTP/1.1, content: UnpooledByteBufAllocator$InstrumentedUnpooledUnsafeHeapByteBuf(ridx: 0, widx: 0, cap: 0))
GET /cpu/magic-identity-check?matrixSize=133 HTTP/1.1
Accept: */*
Content-Type: application/json;charset=UTF-8
Accept-Language: en-US,en;q=0.8,nl;q=0.6
User-Agent: Mozilla/5.0 (Windows NT 6.1; WOW64) AppleWebKit/537.36 (KHTML, like Gecko) Chrome/38.0.2125.111 Safari/537.36
accept-encoding: gzip,deflate,sdch
host: localhost:8080, content=null}
22:01:19.557 [DEBUG] i.g.h.c.i.HttpAppHandler - Read msg='DefaultHttpResponse(decodeResult: success, version: HTTP/1.1)
HTTP/1.1 200 
Content-Type: application/json;charset=UTF-8
Transfer-Encoding: chunked
Date: Wed, 29 Jan 2020 21:01:19 GMT'
22:01:19.557 [DEBUG] i.g.h.c.i.HttpAppHandler - Read msg='DefaultHttpContent(data: PooledSlicedByteBuf(ridx: 0, widx: 170, cap: 170/170, unwrapped: PooledUnsafeDirectByteBuf(ridx: 304, widx: 309, cap: 1024)), decoderResult: success)'
22:01:19.557 [DEBUG] i.g.h.c.i.HttpAppHandler - Read msg='EmptyLastHttpContent'
22:01:19.557 [TRACE] i.g.h.e.r.DefaultStatsProcessor - 
>>>>>>>>>>>>>>>>>>>>>>>>>>
Request:
simple_cpu_burn: OK 
=========================
Session:
Session(Acceptance test,121,1580331679552,Map(gatling.http.ssl.sslContexts -> SslContexts(io.netty.handler.ssl.JdkSslContext@391bf7e4,None), gatling.http.cache.dns -> io.gatling.http.cache.DnsCacheSupport$$anon$1@5898ac4b, gatling.http.cache.baseUrl -> http://localhost:8080),0,OK,List(),io.gatling.core.protocol.ProtocolComponentsRegistry$$Lambda$598/0x000000084055d840@452b12e)
=========================
HTTP request:
GET http://localhost:8080/cpu/magic-identity-check?matrixSize=133
headers=
Accept: */*
Content-Type: application/json;charset=UTF-8
Accept-Language: en-US,en;q=0.8,nl;q=0.6
User-Agent: Mozilla/5.0 (Windows NT 6.1; WOW64) AppleWebKit/537.36 (KHTML, like Gecko) Chrome/38.0.2125.111 Safari/537.36
accept-encoding: gzip,deflate,sdch
host: localhost:8080
=========================
HTTP response:
status=
200 
headers= 
Content-Type: application/json;charset=UTF-8
Transfer-Encoding: chunked
Date: Wed, 29 Jan 2020 21:01:19 GMT

body=
{"message":"A simple magic square multiplied by an identity square of size [133] [is equal] to the magic square.","name":"Simple-PropertiesFileName","durationInMillis":3}
<<<<<<<<<<<<<<<<<<<<<<<<<
22:01:19.557 [DEBUG] i.g.c.a.Pause - Pausing for 1856ms (real=1856ms)
22:01:19.592 [DEBUG] i.g.h.e.t.HttpTxExecutor - Sending request=simple_mini_leak uri=http://localhost:8080/memory/grow?objects=8&items=54: scenario=Acceptance test, userId=109
22:01:19.592 [DEBUG] i.g.h.c.i.HttpAppHandler - Write request WritableRequest{request=DefaultFullHttpRequest(decodeResult: success, version: HTTP/1.1, content: UnpooledByteBufAllocator$InstrumentedUnpooledUnsafeHeapByteBuf(ridx: 0, widx: 0, cap: 0))
GET /memory/grow?objects=8&items=54 HTTP/1.1
Accept: */*
Content-Type: application/json;charset=UTF-8
Accept-Language: en-US,en;q=0.8,nl;q=0.6
User-Agent: Mozilla/5.0 (Windows NT 6.1; WOW64) AppleWebKit/537.36 (KHTML, like Gecko) Chrome/38.0.2125.111 Safari/537.36
accept-encoding: gzip,deflate,sdch
host: localhost:8080, content=null}
22:01:19.599 [DEBUG] i.g.h.c.i.HttpAppHandler - Read msg='DefaultHttpResponse(decodeResult: success, version: HTTP/1.1)
HTTP/1.1 200 
Content-Type: application/json;charset=UTF-8
Transfer-Encoding: chunked
Date: Wed, 29 Jan 2020 21:01:19 GMT'
22:01:19.599 [DEBUG] i.g.h.c.i.HttpAppHandler - Read msg='DefaultHttpContent(data: PooledSlicedByteBuf(ridx: 0, widx: 144, cap: 144/144, unwrapped: PooledUnsafeDirectByteBuf(ridx: 278, widx: 283, cap: 512)), decoderResult: success)'
22:01:19.599 [DEBUG] i.g.h.c.i.HttpAppHandler - Read msg='EmptyLastHttpContent'
22:01:19.600 [TRACE] i.g.h.e.r.DefaultStatsProcessor - 
>>>>>>>>>>>>>>>>>>>>>>>>>>
Request:
simple_mini_leak: OK 
=========================
Session:
Session(Acceptance test,109,1580331673551,Map(gatling.http.ssl.sslContexts -> SslContexts(io.netty.handler.ssl.JdkSslContext@106994f3,None), gatling.http.cache.dns -> io.gatling.http.cache.DnsCacheSupport$$anon$1@5898ac4b, gatling.http.cache.baseUrl -> http://localhost:8080),16,OK,List(),io.gatling.core.protocol.ProtocolComponentsRegistry$$Lambda$598/0x000000084055d840@452b12e)
=========================
HTTP request:
GET http://localhost:8080/memory/grow?objects=8&items=54
headers=
Accept: */*
Content-Type: application/json;charset=UTF-8
Accept-Language: en-US,en;q=0.8,nl;q=0.6
User-Agent: Mozilla/5.0 (Windows NT 6.1; WOW64) AppleWebKit/537.36 (KHTML, like Gecko) Chrome/38.0.2125.111 Safari/537.36
accept-encoding: gzip,deflate,sdch
host: localhost:8080
=========================
HTTP response:
status=
200 
headers= 
Content-Type: application/json;charset=UTF-8
Transfer-Encoding: chunked
Date: Wed, 29 Jan 2020 21:01:19 GMT

body=
{"message":"Size of BigFatBastard list is now 11872 objects. It contains 641088 items.","name":"Simple-PropertiesFileName","durationInMillis":5}
<<<<<<<<<<<<<<<<<<<<<<<<<
22:01:19.600 [DEBUG] i.g.c.a.Pause - Pausing for 1166ms (real=1149ms)
22:01:19.602 [DEBUG] i.g.h.e.t.HttpTxExecutor - Sending request=simple_mini_leak uri=http://localhost:8080/memory/grow?objects=8&items=54: scenario=Acceptance test, userId=90
22:01:19.602 [DEBUG] i.g.h.c.i.HttpAppHandler - Write request WritableRequest{request=DefaultFullHttpRequest(decodeResult: success, version: HTTP/1.1, content: UnpooledByteBufAllocator$InstrumentedUnpooledUnsafeHeapByteBuf(ridx: 0, widx: 0, cap: 0))
GET /memory/grow?objects=8&items=54 HTTP/1.1
Accept: */*
Content-Type: application/json;charset=UTF-8
Accept-Language: en-US,en;q=0.8,nl;q=0.6
User-Agent: Mozilla/5.0 (Windows NT 6.1; WOW64) AppleWebKit/537.36 (KHTML, like Gecko) Chrome/38.0.2125.111 Safari/537.36
accept-encoding: gzip,deflate,sdch
host: localhost:8080, content=null}
22:01:19.609 [DEBUG] i.g.h.c.i.HttpAppHandler - Read msg='DefaultHttpResponse(decodeResult: success, version: HTTP/1.1)
HTTP/1.1 200 
Content-Type: application/json;charset=UTF-8
Transfer-Encoding: chunked
Date: Wed, 29 Jan 2020 21:01:19 GMT'
22:01:19.609 [DEBUG] i.g.h.c.i.HttpAppHandler - Read msg='DefaultHttpContent(data: PooledSlicedByteBuf(ridx: 0, widx: 144, cap: 144/144, unwrapped: PooledUnsafeDirectByteBuf(ridx: 278, widx: 283, cap: 512)), decoderResult: success)'
22:01:19.609 [DEBUG] i.g.h.c.i.HttpAppHandler - Read msg='EmptyLastHttpContent'
22:01:19.610 [TRACE] i.g.h.e.r.DefaultStatsProcessor - 
>>>>>>>>>>>>>>>>>>>>>>>>>>
Request:
simple_mini_leak: OK 
=========================
Session:
Session(Acceptance test,90,1580331664052,Map(gatling.http.ssl.sslContexts -> SslContexts(io.netty.handler.ssl.JdkSslContext@40aa6484,None), gatling.http.cache.dns -> io.gatling.http.cache.DnsCacheSupport$$anon$1@5898ac4b, gatling.http.cache.baseUrl -> http://localhost:8080),20,OK,List(),io.gatling.core.protocol.ProtocolComponentsRegistry$$Lambda$598/0x000000084055d840@452b12e)
=========================
HTTP request:
GET http://localhost:8080/memory/grow?objects=8&items=54
headers=
Accept: */*
Content-Type: application/json;charset=UTF-8
Accept-Language: en-US,en;q=0.8,nl;q=0.6
User-Agent: Mozilla/5.0 (Windows NT 6.1; WOW64) AppleWebKit/537.36 (KHTML, like Gecko) Chrome/38.0.2125.111 Safari/537.36
accept-encoding: gzip,deflate,sdch
host: localhost:8080
=========================
HTTP response:
status=
200 
headers= 
Content-Type: application/json;charset=UTF-8
Transfer-Encoding: chunked
Date: Wed, 29 Jan 2020 21:01:19 GMT

body=
{"message":"Size of BigFatBastard list is now 11880 objects. It contains 641520 items.","name":"Simple-PropertiesFileName","durationInMillis":6}
<<<<<<<<<<<<<<<<<<<<<<<<<
22:01:19.610 [DEBUG] i.g.c.a.Pause - Pausing for 660ms (real=639ms)
22:01:19.711 [DEBUG] i.g.h.e.t.HttpTxExecutor - Sending request=simple_delay uri=http://localhost:8080/delay?duration=555: scenario=Acceptance test, userId=113
22:01:19.712 [DEBUG] i.g.h.c.i.HttpAppHandler - Write request WritableRequest{request=DefaultFullHttpRequest(decodeResult: success, version: HTTP/1.1, content: UnpooledByteBufAllocator$InstrumentedUnpooledUnsafeHeapByteBuf(ridx: 0, widx: 0, cap: 0))
GET /delay?duration=555 HTTP/1.1
Accept: */*
Content-Type: application/json;charset=UTF-8
Accept-Language: en-US,en;q=0.8,nl;q=0.6
User-Agent: Mozilla/5.0 (Windows NT 6.1; WOW64) AppleWebKit/537.36 (KHTML, like Gecko) Chrome/38.0.2125.111 Safari/537.36
accept-encoding: gzip,deflate,sdch
host: localhost:8080, content=null}
22:01:19.752 [DEBUG] i.g.h.e.t.HttpTxExecutor - Sending request=simple_mini_leak uri=http://localhost:8080/memory/grow?objects=8&items=54: scenario=Acceptance test, userId=117
22:01:19.752 [DEBUG] i.g.h.c.i.HttpAppHandler - Write request WritableRequest{request=DefaultFullHttpRequest(decodeResult: success, version: HTTP/1.1, content: UnpooledByteBufAllocator$InstrumentedUnpooledUnsafeHeapByteBuf(ridx: 0, widx: 0, cap: 0))
GET /memory/grow?objects=8&items=54 HTTP/1.1
Accept: */*
Content-Type: application/json;charset=UTF-8
Accept-Language: en-US,en;q=0.8,nl;q=0.6
User-Agent: Mozilla/5.0 (Windows NT 6.1; WOW64) AppleWebKit/537.36 (KHTML, like Gecko) Chrome/38.0.2125.111 Safari/537.36
accept-encoding: gzip,deflate,sdch
host: localhost:8080, content=null}
22:01:19.759 [DEBUG] i.g.h.c.i.HttpAppHandler - Read msg='DefaultHttpResponse(decodeResult: success, version: HTTP/1.1)
HTTP/1.1 200 
Content-Type: application/json;charset=UTF-8
Transfer-Encoding: chunked
Date: Wed, 29 Jan 2020 21:01:19 GMT'
22:01:19.759 [DEBUG] i.g.h.c.i.HttpAppHandler - Read msg='DefaultHttpContent(data: PooledSlicedByteBuf(ridx: 0, widx: 144, cap: 144/144, unwrapped: PooledUnsafeDirectByteBuf(ridx: 278, widx: 283, cap: 496)), decoderResult: success)'
22:01:19.759 [DEBUG] i.g.h.c.i.HttpAppHandler - Read msg='EmptyLastHttpContent'
22:01:19.760 [TRACE] i.g.h.e.r.DefaultStatsProcessor - 
>>>>>>>>>>>>>>>>>>>>>>>>>>
Request:
simple_mini_leak: OK 
=========================
Session:
Session(Acceptance test,117,1580331677551,Map(gatling.http.ssl.sslContexts -> SslContexts(io.netty.handler.ssl.JdkSslContext@30c5078d,None), gatling.http.cache.dns -> io.gatling.http.cache.DnsCacheSupport$$anon$1@5898ac4b, gatling.http.cache.baseUrl -> http://localhost:8080),16,OK,List(),io.gatling.core.protocol.ProtocolComponentsRegistry$$Lambda$598/0x000000084055d840@452b12e)
=========================
HTTP request:
GET http://localhost:8080/memory/grow?objects=8&items=54
headers=
Accept: */*
Content-Type: application/json;charset=UTF-8
Accept-Language: en-US,en;q=0.8,nl;q=0.6
User-Agent: Mozilla/5.0 (Windows NT 6.1; WOW64) AppleWebKit/537.36 (KHTML, like Gecko) Chrome/38.0.2125.111 Safari/537.36
accept-encoding: gzip,deflate,sdch
host: localhost:8080
=========================
HTTP response:
status=
200 
headers= 
Content-Type: application/json;charset=UTF-8
Transfer-Encoding: chunked
Date: Wed, 29 Jan 2020 21:01:19 GMT

body=
{"message":"Size of BigFatBastard list is now 11888 objects. It contains 641952 items.","name":"Simple-PropertiesFileName","durationInMillis":5}
<<<<<<<<<<<<<<<<<<<<<<<<<
22:01:19.760 [DEBUG] i.g.c.a.Pause - Pausing for 7019ms (real=7002ms)
22:01:19.829 [DEBUG] i.g.h.c.i.HttpAppHandler - Read msg='DefaultHttpResponse(decodeResult: success, version: HTTP/1.1)
HTTP/1.1 200 
Content-Type: application/json;charset=UTF-8
Transfer-Encoding: chunked
Date: Wed, 29 Jan 2020 21:01:19 GMT'
22:01:19.829 [DEBUG] i.g.h.c.i.HttpAppHandler - Read msg='DefaultHttpContent(data: PooledSlicedByteBuf(ridx: 0, widx: 95, cap: 95/95, unwrapped: PooledUnsafeDirectByteBuf(ridx: 229, widx: 229, cap: 1024)), decoderResult: success)'
22:01:19.829 [DEBUG] i.g.h.c.i.HttpAppHandler - Read msg='EmptyLastHttpContent'
22:01:19.830 [TRACE] i.g.h.e.r.DefaultStatsProcessor - 
>>>>>>>>>>>>>>>>>>>>>>>>>>
Request:
simple_delay: OK 
=========================
Session:
Session(Acceptance test,87,1580331662551,Map(gatling.http.ssl.sslContexts -> SslContexts(io.netty.handler.ssl.JdkSslContext@2ad705b5,None), gatling.http.cache.dns -> io.gatling.http.cache.DnsCacheSupport$$anon$1@5898ac4b, gatling.http.cache.baseUrl -> http://localhost:8080),17,OK,List(),io.gatling.core.protocol.ProtocolComponentsRegistry$$Lambda$598/0x000000084055d840@452b12e)
=========================
HTTP request:
GET http://localhost:8080/delay?duration=555
headers=
Accept: */*
Content-Type: application/json;charset=UTF-8
Accept-Language: en-US,en;q=0.8,nl;q=0.6
User-Agent: Mozilla/5.0 (Windows NT 6.1; WOW64) AppleWebKit/537.36 (KHTML, like Gecko) Chrome/38.0.2125.111 Safari/537.36
accept-encoding: gzip,deflate,sdch
host: localhost:8080
=========================
HTTP response:
status=
200 
headers= 
Content-Type: application/json;charset=UTF-8
Transfer-Encoding: chunked
Date: Wed, 29 Jan 2020 21:01:19 GMT

body=
{"message":"This was a delay of 555","name":"Simple-PropertiesFileName","durationInMillis":555}
<<<<<<<<<<<<<<<<<<<<<<<<<
22:01:19.830 [DEBUG] i.g.c.a.Pause - Pausing for 8794ms (real=8776ms)
22:01:19.861 [DEBUG] i.g.h.e.t.HttpTxExecutor - Sending request=simple_delay uri=http://localhost:8080/delay?duration=555: scenario=Acceptance test, userId=115
22:01:19.862 [DEBUG] i.g.h.c.i.HttpAppHandler - Write request WritableRequest{request=DefaultFullHttpRequest(decodeResult: success, version: HTTP/1.1, content: UnpooledByteBufAllocator$InstrumentedUnpooledUnsafeHeapByteBuf(ridx: 0, widx: 0, cap: 0))
GET /delay?duration=555 HTTP/1.1
Accept: */*
Content-Type: application/json;charset=UTF-8
Accept-Language: en-US,en;q=0.8,nl;q=0.6
User-Agent: Mozilla/5.0 (Windows NT 6.1; WOW64) AppleWebKit/537.36 (KHTML, like Gecko) Chrome/38.0.2125.111 Safari/537.36
accept-encoding: gzip,deflate,sdch
host: localhost:8080, content=null}
22:01:19.882 [DEBUG] i.g.h.e.t.HttpTxExecutor - Sending request=simple_mini_leak uri=http://localhost:8080/memory/grow?objects=8&items=54: scenario=Acceptance test, userId=119
22:01:19.882 [DEBUG] i.g.h.c.i.HttpAppHandler - Write request WritableRequest{request=DefaultFullHttpRequest(decodeResult: success, version: HTTP/1.1, content: UnpooledByteBufAllocator$InstrumentedUnpooledUnsafeHeapByteBuf(ridx: 0, widx: 0, cap: 0))
GET /memory/grow?objects=8&items=54 HTTP/1.1
Accept: */*
Content-Type: application/json;charset=UTF-8
Accept-Language: en-US,en;q=0.8,nl;q=0.6
User-Agent: Mozilla/5.0 (Windows NT 6.1; WOW64) AppleWebKit/537.36 (KHTML, like Gecko) Chrome/38.0.2125.111 Safari/537.36
accept-encoding: gzip,deflate,sdch
host: localhost:8080, content=null}
22:01:19.889 [DEBUG] i.g.h.c.i.HttpAppHandler - Read msg='DefaultHttpResponse(decodeResult: success, version: HTTP/1.1)
HTTP/1.1 200 
Content-Type: application/json;charset=UTF-8
Transfer-Encoding: chunked
Date: Wed, 29 Jan 2020 21:01:19 GMT'
22:01:19.889 [DEBUG] i.g.h.c.i.HttpAppHandler - Read msg='DefaultHttpContent(data: PooledSlicedByteBuf(ridx: 0, widx: 144, cap: 144/144, unwrapped: PooledUnsafeDirectByteBuf(ridx: 278, widx: 278, cap: 512)), decoderResult: success)'
22:01:19.889 [DEBUG] i.g.h.c.i.HttpAppHandler - Read msg='EmptyLastHttpContent'
22:01:19.890 [TRACE] i.g.h.e.r.DefaultStatsProcessor - 
>>>>>>>>>>>>>>>>>>>>>>>>>>
Request:
simple_mini_leak: OK 
=========================
Session:
Session(Acceptance test,119,1580331678552,Map(gatling.http.ssl.sslContexts -> SslContexts(io.netty.handler.ssl.JdkSslContext@5be4478f,None), gatling.http.cache.dns -> io.gatling.http.cache.DnsCacheSupport$$anon$1@5898ac4b, gatling.http.cache.baseUrl -> http://localhost:8080),16,OK,List(),io.gatling.core.protocol.ProtocolComponentsRegistry$$Lambda$598/0x000000084055d840@452b12e)
=========================
HTTP request:
GET http://localhost:8080/memory/grow?objects=8&items=54
headers=
Accept: */*
Content-Type: application/json;charset=UTF-8
Accept-Language: en-US,en;q=0.8,nl;q=0.6
User-Agent: Mozilla/5.0 (Windows NT 6.1; WOW64) AppleWebKit/537.36 (KHTML, like Gecko) Chrome/38.0.2125.111 Safari/537.36
accept-encoding: gzip,deflate,sdch
host: localhost:8080
=========================
HTTP response:
status=
200 
headers= 
Content-Type: application/json;charset=UTF-8
Transfer-Encoding: chunked
Date: Wed, 29 Jan 2020 21:01:19 GMT

body=
{"message":"Size of BigFatBastard list is now 11896 objects. It contains 642384 items.","name":"Simple-PropertiesFileName","durationInMillis":5}
<<<<<<<<<<<<<<<<<<<<<<<<<
22:01:19.890 [DEBUG] i.g.c.a.Pause - Pausing for 123ms (real=106ms)
22:01:20.012 [DEBUG] i.g.h.e.t.HttpTxExecutor - Sending request=upload-file uri=http://localhost:8080/files/upload: scenario=Acceptance test, userId=119
22:01:20.012 [DEBUG] i.g.h.c.i.HttpAppHandler - Write request WritableRequest{request=DefaultHttpRequest(decodeResult: success, version: HTTP/1.1)
POST /files/upload HTTP/1.1
Accept: */*
Accept-Language: en-US,en;q=0.8,nl;q=0.6
User-Agent: Mozilla/5.0 (Windows NT 6.1; WOW64) AppleWebKit/537.36 (KHTML, like Gecko) Chrome/38.0.2125.111 Safari/537.36
accept-encoding: gzip,deflate,sdch
host: localhost:8080
content-type: multipart/form-data; boundary=KWeyzsgAnHO1ksyOYPmHGOjuInch7ULPsnL
content-length: 220, content=io.gatling.http.client.body.multipart.impl.MultipartFileRegion@1001846d}
22:01:20.016 [DEBUG] i.g.h.c.i.HttpAppHandler - Read msg='DefaultHttpResponse(decodeResult: success, version: HTTP/1.1)
HTTP/1.1 200 
Content-Type: text/plain;charset=UTF-8
Content-Length: 62
Date: Wed, 29 Jan 2020 21:01:19 GMT'
22:01:20.016 [DEBUG] i.g.h.c.i.HttpAppHandler - Read msg='DefaultLastHttpContent(data: PooledSlicedByteBuf(ridx: 0, widx: 62, cap: 62/62, unwrapped: PooledUnsafeDirectByteBuf(ridx: 176, widx: 176, cap: 496)), decoderResult: success)'
22:01:20.016 [TRACE] i.g.h.e.r.DefaultStatsProcessor - 
>>>>>>>>>>>>>>>>>>>>>>>>>>
Request:
upload-file: OK 
=========================
Session:
Session(Acceptance test,119,1580331678552,Map(gatling.http.ssl.sslContexts -> SslContexts(io.netty.handler.ssl.JdkSslContext@5be4478f,None), gatling.http.cache.dns -> io.gatling.http.cache.DnsCacheSupport$$anon$1@5898ac4b, gatling.http.cache.baseUrl -> http://localhost:8080),15,OK,List(),io.gatling.core.protocol.ProtocolComponentsRegistry$$Lambda$598/0x000000084055d840@452b12e)
=========================
HTTP request:
POST http://localhost:8080/files/upload
headers=
Accept: */*
Accept-Language: en-US,en;q=0.8,nl;q=0.6
User-Agent: Mozilla/5.0 (Windows NT 6.1; WOW64) AppleWebKit/537.36 (KHTML, like Gecko) Chrome/38.0.2125.111 Safari/537.36
accept-encoding: gzip,deflate,sdch
host: localhost:8080
content-type: multipart/form-data; boundary=KWeyzsgAnHO1ksyOYPmHGOjuInch7ULPsnL
content-length: 220
multipartBody=
ByteArrayPart: name=upload contentType=text/plain dispositionType=null charset=UTF-8 transferEncoding=null contentId=null filename=gatling-upload.txt
=========================
HTTP response:
status=
200 
headers= 
Content-Type: text/plain;charset=UTF-8
Content-Length: 62
Date: Wed, 29 Jan 2020 21:01:19 GMT

body=
File upload succeeded [gatling-upload.txt] of size [17] bytes.
<<<<<<<<<<<<<<<<<<<<<<<<<
22:01:20.016 [DEBUG] i.g.c.a.Exit - End user #119
22:01:20.017 [DEBUG] i.g.c.c.i.Injector - End user #119
22:01:20.052 [DEBUG] i.g.h.e.t.HttpTxExecutor - Sending request=simple_cpu_burn uri=http://localhost:8080/cpu/magic-identity-check?matrixSize=133: scenario=Acceptance test, userId=122
22:01:20.053 [DEBUG] i.g.c.c.i.o.OpenWorkload - Start user #122
22:01:20.054 [DEBUG] i.g.h.c.i.HttpAppHandler - Write request WritableRequest{request=DefaultFullHttpRequest(decodeResult: success, version: HTTP/1.1, content: UnpooledByteBufAllocator$InstrumentedUnpooledUnsafeHeapByteBuf(ridx: 0, widx: 0, cap: 0))
GET /cpu/magic-identity-check?matrixSize=133 HTTP/1.1
Accept: */*
Content-Type: application/json;charset=UTF-8
Accept-Language: en-US,en;q=0.8,nl;q=0.6
User-Agent: Mozilla/5.0 (Windows NT 6.1; WOW64) AppleWebKit/537.36 (KHTML, like Gecko) Chrome/38.0.2125.111 Safari/537.36
accept-encoding: gzip,deflate,sdch
host: localhost:8080, content=null}
22:01:20.064 [DEBUG] i.g.h.c.i.HttpAppHandler - Read msg='DefaultHttpResponse(decodeResult: success, version: HTTP/1.1)
HTTP/1.1 200 
Content-Type: application/json;charset=UTF-8
Transfer-Encoding: chunked
Date: Wed, 29 Jan 2020 21:01:19 GMT'
22:01:20.064 [DEBUG] i.g.h.c.i.HttpAppHandler - Read msg='DefaultHttpContent(data: PooledSlicedByteBuf(ridx: 0, widx: 170, cap: 170/170, unwrapped: PooledUnsafeDirectByteBuf(ridx: 304, widx: 309, cap: 1024)), decoderResult: success)'
22:01:20.065 [DEBUG] i.g.h.c.i.HttpAppHandler - Read msg='EmptyLastHttpContent'
22:01:20.065 [TRACE] i.g.h.e.r.DefaultStatsProcessor - 
>>>>>>>>>>>>>>>>>>>>>>>>>>
Request:
simple_cpu_burn: OK 
=========================
Session:
Session(Acceptance test,122,1580331680052,Map(gatling.http.ssl.sslContexts -> SslContexts(io.netty.handler.ssl.JdkSslContext@3669cdb1,None), gatling.http.cache.dns -> io.gatling.http.cache.DnsCacheSupport$$anon$1@5898ac4b, gatling.http.cache.baseUrl -> http://localhost:8080),0,OK,List(),io.gatling.core.protocol.ProtocolComponentsRegistry$$Lambda$598/0x000000084055d840@452b12e)
=========================
HTTP request:
GET http://localhost:8080/cpu/magic-identity-check?matrixSize=133
headers=
Accept: */*
Content-Type: application/json;charset=UTF-8
Accept-Language: en-US,en;q=0.8,nl;q=0.6
User-Agent: Mozilla/5.0 (Windows NT 6.1; WOW64) AppleWebKit/537.36 (KHTML, like Gecko) Chrome/38.0.2125.111 Safari/537.36
accept-encoding: gzip,deflate,sdch
host: localhost:8080
=========================
HTTP response:
status=
200 
headers= 
Content-Type: application/json;charset=UTF-8
Transfer-Encoding: chunked
Date: Wed, 29 Jan 2020 21:01:19 GMT

body=
{"message":"A simple magic square multiplied by an identity square of size [133] [is equal] to the magic square.","name":"Simple-PropertiesFileName","durationInMillis":9}
<<<<<<<<<<<<<<<<<<<<<<<<<
22:01:20.065 [DEBUG] i.g.c.a.Pause - Pausing for 1271ms (real=1271ms)
22:01:20.231 [DEBUG] i.g.h.e.t.HttpTxExecutor - Sending request=simple_mini_leak uri=http://localhost:8080/memory/grow?objects=8&items=54: scenario=Acceptance test, userId=110
22:01:20.232 [DEBUG] i.g.h.c.i.HttpAppHandler - Write request WritableRequest{request=DefaultFullHttpRequest(decodeResult: success, version: HTTP/1.1, content: UnpooledByteBufAllocator$InstrumentedUnpooledUnsafeHeapByteBuf(ridx: 0, widx: 0, cap: 0))
GET /memory/grow?objects=8&items=54 HTTP/1.1
Accept: */*
Content-Type: application/json;charset=UTF-8
Accept-Language: en-US,en;q=0.8,nl;q=0.6
User-Agent: Mozilla/5.0 (Windows NT 6.1; WOW64) AppleWebKit/537.36 (KHTML, like Gecko) Chrome/38.0.2125.111 Safari/537.36
accept-encoding: gzip,deflate,sdch
host: localhost:8080, content=null}
22:01:20.238 [DEBUG] i.g.h.c.i.HttpAppHandler - Read msg='DefaultHttpResponse(decodeResult: success, version: HTTP/1.1)
HTTP/1.1 200 
Content-Type: application/json;charset=UTF-8
Transfer-Encoding: chunked
Date: Wed, 29 Jan 2020 21:01:19 GMT'
22:01:20.238 [DEBUG] i.g.h.c.i.HttpAppHandler - Read msg='DefaultHttpContent(data: PooledSlicedByteBuf(ridx: 0, widx: 144, cap: 144/144, unwrapped: PooledUnsafeDirectByteBuf(ridx: 278, widx: 283, cap: 496)), decoderResult: success)'
22:01:20.238 [DEBUG] i.g.h.c.i.HttpAppHandler - Read msg='EmptyLastHttpContent'
22:01:20.238 [TRACE] i.g.h.e.r.DefaultStatsProcessor - 
>>>>>>>>>>>>>>>>>>>>>>>>>>
Request:
simple_mini_leak: OK 
=========================
Session:
Session(Acceptance test,110,1580331674051,Map(gatling.http.ssl.sslContexts -> SslContexts(io.netty.handler.ssl.JdkSslContext@2d1f427d,None), gatling.http.cache.dns -> io.gatling.http.cache.DnsCacheSupport$$anon$1@5898ac4b, gatling.http.cache.baseUrl -> http://localhost:8080),12,OK,List(),io.gatling.core.protocol.ProtocolComponentsRegistry$$Lambda$598/0x000000084055d840@452b12e)
=========================
HTTP request:
GET http://localhost:8080/memory/grow?objects=8&items=54
headers=
Accept: */*
Content-Type: application/json;charset=UTF-8
Accept-Language: en-US,en;q=0.8,nl;q=0.6
User-Agent: Mozilla/5.0 (Windows NT 6.1; WOW64) AppleWebKit/537.36 (KHTML, like Gecko) Chrome/38.0.2125.111 Safari/537.36
accept-encoding: gzip,deflate,sdch
host: localhost:8080
=========================
HTTP response:
status=
200 
headers= 
Content-Type: application/json;charset=UTF-8
Transfer-Encoding: chunked
Date: Wed, 29 Jan 2020 21:01:19 GMT

body=
{"message":"Size of BigFatBastard list is now 11904 objects. It contains 642816 items.","name":"Simple-PropertiesFileName","durationInMillis":5}
<<<<<<<<<<<<<<<<<<<<<<<<<
22:01:20.239 [DEBUG] i.g.c.a.Pause - Pausing for 2139ms (real=2127ms)
22:01:20.262 [DEBUG] i.g.h.e.t.HttpTxExecutor - Sending request=upload-file uri=http://localhost:8080/files/upload: scenario=Acceptance test, userId=90
22:01:20.262 [DEBUG] i.g.h.c.i.HttpAppHandler - Write request WritableRequest{request=DefaultHttpRequest(decodeResult: success, version: HTTP/1.1)
POST /files/upload HTTP/1.1
Accept: */*
Accept-Language: en-US,en;q=0.8,nl;q=0.6
User-Agent: Mozilla/5.0 (Windows NT 6.1; WOW64) AppleWebKit/537.36 (KHTML, like Gecko) Chrome/38.0.2125.111 Safari/537.36
accept-encoding: gzip,deflate,sdch
host: localhost:8080
content-type: multipart/form-data; boundary=9yqtC5oIttdygVa2yflBXrJUkTWGHnsv0gE
content-length: 220, content=io.gatling.http.client.body.multipart.impl.MultipartFileRegion@6950edf4}
22:01:20.263 [DEBUG] i.g.h.c.i.HttpAppHandler - Read msg='DefaultHttpResponse(decodeResult: success, version: HTTP/1.1)
HTTP/1.1 200 
Content-Type: text/plain;charset=UTF-8
Content-Length: 62
Date: Wed, 29 Jan 2020 21:01:19 GMT'
22:01:20.263 [DEBUG] i.g.h.c.i.HttpAppHandler - Read msg='DefaultLastHttpContent(data: PooledSlicedByteBuf(ridx: 0, widx: 62, cap: 62/62, unwrapped: PooledUnsafeDirectByteBuf(ridx: 176, widx: 176, cap: 496)), decoderResult: success)'
22:01:20.264 [TRACE] i.g.h.e.r.DefaultStatsProcessor - 
>>>>>>>>>>>>>>>>>>>>>>>>>>
Request:
upload-file: OK 
=========================
Session:
Session(Acceptance test,90,1580331664052,Map(gatling.http.ssl.sslContexts -> SslContexts(io.netty.handler.ssl.JdkSslContext@40aa6484,None), gatling.http.cache.dns -> io.gatling.http.cache.DnsCacheSupport$$anon$1@5898ac4b, gatling.http.cache.baseUrl -> http://localhost:8080),12,OK,List(),io.gatling.core.protocol.ProtocolComponentsRegistry$$Lambda$598/0x000000084055d840@452b12e)
=========================
HTTP request:
POST http://localhost:8080/files/upload
headers=
Accept: */*
Accept-Language: en-US,en;q=0.8,nl;q=0.6
User-Agent: Mozilla/5.0 (Windows NT 6.1; WOW64) AppleWebKit/537.36 (KHTML, like Gecko) Chrome/38.0.2125.111 Safari/537.36
accept-encoding: gzip,deflate,sdch
host: localhost:8080
content-type: multipart/form-data; boundary=9yqtC5oIttdygVa2yflBXrJUkTWGHnsv0gE
content-length: 220
multipartBody=
ByteArrayPart: name=upload contentType=text/plain dispositionType=null charset=UTF-8 transferEncoding=null contentId=null filename=gatling-upload.txt
=========================
HTTP response:
status=
200 
headers= 
Content-Type: text/plain;charset=UTF-8
Content-Length: 62
Date: Wed, 29 Jan 2020 21:01:19 GMT

body=
File upload succeeded [gatling-upload.txt] of size [17] bytes.
<<<<<<<<<<<<<<<<<<<<<<<<<
22:01:20.264 [DEBUG] i.g.c.a.Exit - End user #90
22:01:20.264 [DEBUG] i.g.c.c.i.Injector - End user #90
22:01:20.268 [DEBUG] i.g.h.c.i.HttpAppHandler - Read msg='DefaultHttpResponse(decodeResult: success, version: HTTP/1.1)
HTTP/1.1 200 
Content-Type: application/json;charset=UTF-8
Transfer-Encoding: chunked
Date: Wed, 29 Jan 2020 21:01:19 GMT'
22:01:20.269 [DEBUG] i.g.h.c.i.HttpAppHandler - Read msg='DefaultHttpContent(data: PooledSlicedByteBuf(ridx: 0, widx: 95, cap: 95/95, unwrapped: PooledUnsafeDirectByteBuf(ridx: 229, widx: 234, cap: 512)), decoderResult: success)'
22:01:20.269 [DEBUG] i.g.h.c.i.HttpAppHandler - Read msg='EmptyLastHttpContent'
22:01:20.269 [TRACE] i.g.h.e.r.DefaultStatsProcessor - 
>>>>>>>>>>>>>>>>>>>>>>>>>>
Request:
simple_delay: OK 
=========================
Session:
Session(Acceptance test,113,1580331675552,Map(gatling.http.ssl.sslContexts -> SslContexts(io.netty.handler.ssl.JdkSslContext@7d8a578d,None), gatling.http.cache.dns -> io.gatling.http.cache.DnsCacheSupport$$anon$1@5898ac4b, gatling.http.cache.baseUrl -> http://localhost:8080),21,OK,List(),io.gatling.core.protocol.ProtocolComponentsRegistry$$Lambda$598/0x000000084055d840@452b12e)
=========================
HTTP request:
GET http://localhost:8080/delay?duration=555
headers=
Accept: */*
Content-Type: application/json;charset=UTF-8
Accept-Language: en-US,en;q=0.8,nl;q=0.6
User-Agent: Mozilla/5.0 (Windows NT 6.1; WOW64) AppleWebKit/537.36 (KHTML, like Gecko) Chrome/38.0.2125.111 Safari/537.36
accept-encoding: gzip,deflate,sdch
host: localhost:8080
=========================
HTTP response:
status=
200 
headers= 
Content-Type: application/json;charset=UTF-8
Transfer-Encoding: chunked
Date: Wed, 29 Jan 2020 21:01:19 GMT

body=
{"message":"This was a delay of 555","name":"Simple-PropertiesFileName","durationInMillis":555}
<<<<<<<<<<<<<<<<<<<<<<<<<
22:01:20.269 [DEBUG] i.g.c.a.Pause - Pausing for 7913ms (real=7892ms)
22:01:20.419 [DEBUG] i.g.h.c.i.HttpAppHandler - Read msg='DefaultHttpResponse(decodeResult: success, version: HTTP/1.1)
HTTP/1.1 200 
Content-Type: application/json;charset=UTF-8
Transfer-Encoding: chunked
Date: Wed, 29 Jan 2020 21:01:20 GMT'
22:01:20.419 [DEBUG] i.g.h.c.i.HttpAppHandler - Read msg='DefaultHttpContent(data: PooledSlicedByteBuf(ridx: 0, widx: 95, cap: 95/95, unwrapped: PooledUnsafeDirectByteBuf(ridx: 229, widx: 229, cap: 512)), decoderResult: success)'
22:01:20.419 [DEBUG] i.g.h.c.i.HttpAppHandler - Read msg='EmptyLastHttpContent'
22:01:20.420 [TRACE] i.g.h.e.r.DefaultStatsProcessor - 
>>>>>>>>>>>>>>>>>>>>>>>>>>
Request:
simple_delay: OK 
=========================
Session:
Session(Acceptance test,115,1580331676551,Map(gatling.http.ssl.sslContexts -> SslContexts(io.netty.handler.ssl.JdkSslContext@4f841b44,None), gatling.http.cache.dns -> io.gatling.http.cache.DnsCacheSupport$$anon$1@5898ac4b, gatling.http.cache.baseUrl -> http://localhost:8080),26,OK,List(),io.gatling.core.protocol.ProtocolComponentsRegistry$$Lambda$598/0x000000084055d840@452b12e)
=========================
HTTP request:
GET http://localhost:8080/delay?duration=555
headers=
Accept: */*
Content-Type: application/json;charset=UTF-8
Accept-Language: en-US,en;q=0.8,nl;q=0.6
User-Agent: Mozilla/5.0 (Windows NT 6.1; WOW64) AppleWebKit/537.36 (KHTML, like Gecko) Chrome/38.0.2125.111 Safari/537.36
accept-encoding: gzip,deflate,sdch
host: localhost:8080
=========================
HTTP response:
status=
200 
headers= 
Content-Type: application/json;charset=UTF-8
Transfer-Encoding: chunked
Date: Wed, 29 Jan 2020 21:01:20 GMT

body=
{"message":"This was a delay of 555","name":"Simple-PropertiesFileName","durationInMillis":555}
<<<<<<<<<<<<<<<<<<<<<<<<<
22:01:20.420 [DEBUG] i.g.c.a.Pause - Pausing for 2850ms (real=2823ms)
22:01:20.552 [DEBUG] i.g.c.c.i.o.OpenWorkload - Injecting 2 users in scenario Acceptance test, continue=true
22:01:20.552 [DEBUG] i.g.h.e.t.HttpTxExecutor - Sending request=simple_cpu_burn uri=http://localhost:8080/cpu/magic-identity-check?matrixSize=133: scenario=Acceptance test, userId=123
22:01:20.552 [DEBUG] i.g.c.c.i.o.OpenWorkload - Start user #123
22:01:20.553 [DEBUG] i.g.h.c.i.HttpAppHandler - Write request WritableRequest{request=DefaultFullHttpRequest(decodeResult: success, version: HTTP/1.1, content: UnpooledByteBufAllocator$InstrumentedUnpooledUnsafeHeapByteBuf(ridx: 0, widx: 0, cap: 0))
GET /cpu/magic-identity-check?matrixSize=133 HTTP/1.1
Accept: */*
Content-Type: application/json;charset=UTF-8
Accept-Language: en-US,en;q=0.8,nl;q=0.6
User-Agent: Mozilla/5.0 (Windows NT 6.1; WOW64) AppleWebKit/537.36 (KHTML, like Gecko) Chrome/38.0.2125.111 Safari/537.36
accept-encoding: gzip,deflate,sdch
host: localhost:8080, content=null}
22:01:20.559 [DEBUG] i.g.h.c.i.HttpAppHandler - Read msg='DefaultHttpResponse(decodeResult: success, version: HTTP/1.1)
HTTP/1.1 200 
Content-Type: application/json;charset=UTF-8
Transfer-Encoding: chunked
Date: Wed, 29 Jan 2020 21:01:20 GMT'
22:01:20.559 [DEBUG] i.g.h.c.i.HttpAppHandler - Read msg='DefaultHttpContent(data: PooledSlicedByteBuf(ridx: 0, widx: 170, cap: 170/170, unwrapped: PooledUnsafeDirectByteBuf(ridx: 304, widx: 309, cap: 1024)), decoderResult: success)'
22:01:20.559 [DEBUG] i.g.h.c.i.HttpAppHandler - Read msg='EmptyLastHttpContent'
22:01:20.559 [TRACE] i.g.h.e.r.DefaultStatsProcessor - 
>>>>>>>>>>>>>>>>>>>>>>>>>>
Request:
simple_cpu_burn: OK 
=========================
Session:
Session(Acceptance test,123,1580331680551,Map(gatling.http.ssl.sslContexts -> SslContexts(io.netty.handler.ssl.JdkSslContext@f3e1aca,None), gatling.http.cache.dns -> io.gatling.http.cache.DnsCacheSupport$$anon$1@5898ac4b, gatling.http.cache.baseUrl -> http://localhost:8080),0,OK,List(),io.gatling.core.protocol.ProtocolComponentsRegistry$$Lambda$598/0x000000084055d840@452b12e)
=========================
HTTP request:
GET http://localhost:8080/cpu/magic-identity-check?matrixSize=133
headers=
Accept: */*
Content-Type: application/json;charset=UTF-8
Accept-Language: en-US,en;q=0.8,nl;q=0.6
User-Agent: Mozilla/5.0 (Windows NT 6.1; WOW64) AppleWebKit/537.36 (KHTML, like Gecko) Chrome/38.0.2125.111 Safari/537.36
accept-encoding: gzip,deflate,sdch
host: localhost:8080
=========================
HTTP response:
status=
200 
headers= 
Content-Type: application/json;charset=UTF-8
Transfer-Encoding: chunked
Date: Wed, 29 Jan 2020 21:01:20 GMT

body=
{"message":"A simple magic square multiplied by an identity square of size [133] [is equal] to the magic square.","name":"Simple-PropertiesFileName","durationInMillis":4}
<<<<<<<<<<<<<<<<<<<<<<<<<
22:01:20.559 [DEBUG] i.g.c.a.Pause - Pausing for 570ms (real=570ms)
22:01:20.712 [DEBUG] i.g.h.e.t.HttpTxExecutor - Sending request=simple_mini_leak uri=http://localhost:8080/memory/grow?objects=8&items=54: scenario=Acceptance test, userId=118
22:01:20.712 [DEBUG] i.g.h.c.i.HttpAppHandler - Write request WritableRequest{request=DefaultFullHttpRequest(decodeResult: success, version: HTTP/1.1, content: UnpooledByteBufAllocator$InstrumentedUnpooledUnsafeHeapByteBuf(ridx: 0, widx: 0, cap: 0))
GET /memory/grow?objects=8&items=54 HTTP/1.1
Accept: */*
Content-Type: application/json;charset=UTF-8
Accept-Language: en-US,en;q=0.8,nl;q=0.6
User-Agent: Mozilla/5.0 (Windows NT 6.1; WOW64) AppleWebKit/537.36 (KHTML, like Gecko) Chrome/38.0.2125.111 Safari/537.36
accept-encoding: gzip,deflate,sdch
host: localhost:8080, content=null}
22:01:20.718 [DEBUG] i.g.h.c.i.HttpAppHandler - Read msg='DefaultHttpResponse(decodeResult: success, version: HTTP/1.1)
HTTP/1.1 200 
Content-Type: application/json;charset=UTF-8
Transfer-Encoding: chunked
Date: Wed, 29 Jan 2020 21:01:20 GMT'
22:01:20.718 [DEBUG] i.g.h.c.i.HttpAppHandler - Read msg='DefaultHttpContent(data: PooledSlicedByteBuf(ridx: 0, widx: 144, cap: 144/144, unwrapped: PooledUnsafeDirectByteBuf(ridx: 278, widx: 283, cap: 512)), decoderResult: success)'
22:01:20.718 [DEBUG] i.g.h.c.i.HttpAppHandler - Read msg='EmptyLastHttpContent'
22:01:20.719 [TRACE] i.g.h.e.r.DefaultStatsProcessor - 
>>>>>>>>>>>>>>>>>>>>>>>>>>
Request:
simple_mini_leak: OK 
=========================
Session:
Session(Acceptance test,118,1580331678051,Map(gatling.http.ssl.sslContexts -> SslContexts(io.netty.handler.ssl.JdkSslContext@1f7b4a86,None), gatling.http.cache.dns -> io.gatling.http.cache.DnsCacheSupport$$anon$1@5898ac4b, gatling.http.cache.baseUrl -> http://localhost:8080),11,OK,List(),io.gatling.core.protocol.ProtocolComponentsRegistry$$Lambda$598/0x000000084055d840@452b12e)
=========================
HTTP request:
GET http://localhost:8080/memory/grow?objects=8&items=54
headers=
Accept: */*
Content-Type: application/json;charset=UTF-8
Accept-Language: en-US,en;q=0.8,nl;q=0.6
User-Agent: Mozilla/5.0 (Windows NT 6.1; WOW64) AppleWebKit/537.36 (KHTML, like Gecko) Chrome/38.0.2125.111 Safari/537.36
accept-encoding: gzip,deflate,sdch
host: localhost:8080
=========================
HTTP response:
status=
200 
headers= 
Content-Type: application/json;charset=UTF-8
Transfer-Encoding: chunked
Date: Wed, 29 Jan 2020 21:01:20 GMT

body=
{"message":"Size of BigFatBastard list is now 11912 objects. It contains 643248 items.","name":"Simple-PropertiesFileName","durationInMillis":5}
<<<<<<<<<<<<<<<<<<<<<<<<<
22:01:20.719 [DEBUG] i.g.c.a.Pause - Pausing for 9777ms (real=9765ms)
22:01:20.761 [DEBUG] i.g.h.e.t.HttpTxExecutor - Sending request=upload-file uri=http://localhost:8080/files/upload: scenario=Acceptance test, userId=109
22:01:20.762 [DEBUG] i.g.h.c.i.HttpAppHandler - Write request WritableRequest{request=DefaultHttpRequest(decodeResult: success, version: HTTP/1.1)
POST /files/upload HTTP/1.1
Accept: */*
Accept-Language: en-US,en;q=0.8,nl;q=0.6
User-Agent: Mozilla/5.0 (Windows NT 6.1; WOW64) AppleWebKit/537.36 (KHTML, like Gecko) Chrome/38.0.2125.111 Safari/537.36
accept-encoding: gzip,deflate,sdch
host: localhost:8080
content-type: multipart/form-data; boundary=YZMSpvM7taOGuzUy4-AmsdxmhulgEOHpqGN
content-length: 220, content=io.gatling.http.client.body.multipart.impl.MultipartFileRegion@2b50ab43}
22:01:20.764 [DEBUG] i.g.h.c.i.HttpAppHandler - Read msg='DefaultHttpResponse(decodeResult: success, version: HTTP/1.1)
HTTP/1.1 200 
Content-Type: text/plain;charset=UTF-8
Content-Length: 62
Date: Wed, 29 Jan 2020 21:01:20 GMT'
22:01:20.764 [DEBUG] i.g.h.c.i.HttpAppHandler - Read msg='DefaultLastHttpContent(data: PooledSlicedByteBuf(ridx: 0, widx: 62, cap: 62/62, unwrapped: PooledUnsafeDirectByteBuf(ridx: 176, widx: 176, cap: 512)), decoderResult: success)'
22:01:20.764 [TRACE] i.g.h.e.r.DefaultStatsProcessor - 
>>>>>>>>>>>>>>>>>>>>>>>>>>
Request:
upload-file: OK 
=========================
Session:
Session(Acceptance test,109,1580331673551,Map(gatling.http.ssl.sslContexts -> SslContexts(io.netty.handler.ssl.JdkSslContext@106994f3,None), gatling.http.cache.dns -> io.gatling.http.cache.DnsCacheSupport$$anon$1@5898ac4b, gatling.http.cache.baseUrl -> http://localhost:8080),12,OK,List(),io.gatling.core.protocol.ProtocolComponentsRegistry$$Lambda$598/0x000000084055d840@452b12e)
=========================
HTTP request:
POST http://localhost:8080/files/upload
headers=
Accept: */*
Accept-Language: en-US,en;q=0.8,nl;q=0.6
User-Agent: Mozilla/5.0 (Windows NT 6.1; WOW64) AppleWebKit/537.36 (KHTML, like Gecko) Chrome/38.0.2125.111 Safari/537.36
accept-encoding: gzip,deflate,sdch
host: localhost:8080
content-type: multipart/form-data; boundary=YZMSpvM7taOGuzUy4-AmsdxmhulgEOHpqGN
content-length: 220
multipartBody=
ByteArrayPart: name=upload contentType=text/plain dispositionType=null charset=UTF-8 transferEncoding=null contentId=null filename=gatling-upload.txt
=========================
HTTP response:
status=
200 
headers= 
Content-Type: text/plain;charset=UTF-8
Content-Length: 62
Date: Wed, 29 Jan 2020 21:01:20 GMT

body=
File upload succeeded [gatling-upload.txt] of size [17] bytes.
<<<<<<<<<<<<<<<<<<<<<<<<<
22:01:20.764 [DEBUG] i.g.c.a.Exit - End user #109
22:01:20.765 [DEBUG] i.g.c.c.i.Injector - End user #109
22:01:20.782 [DEBUG] i.g.h.e.t.HttpTxExecutor - Sending request=simple_mini_leak uri=http://localhost:8080/memory/grow?objects=8&items=54: scenario=Acceptance test, userId=92
22:01:20.782 [DEBUG] i.g.h.c.i.HttpAppHandler - Write request WritableRequest{request=DefaultFullHttpRequest(decodeResult: success, version: HTTP/1.1, content: UnpooledByteBufAllocator$InstrumentedUnpooledUnsafeHeapByteBuf(ridx: 0, widx: 0, cap: 0))
GET /memory/grow?objects=8&items=54 HTTP/1.1
Accept: */*
Content-Type: application/json;charset=UTF-8
Accept-Language: en-US,en;q=0.8,nl;q=0.6
User-Agent: Mozilla/5.0 (Windows NT 6.1; WOW64) AppleWebKit/537.36 (KHTML, like Gecko) Chrome/38.0.2125.111 Safari/537.36
accept-encoding: gzip,deflate,sdch
host: localhost:8080, content=null}
22:01:20.789 [DEBUG] i.g.h.c.i.HttpAppHandler - Read msg='DefaultHttpResponse(decodeResult: success, version: HTTP/1.1)
HTTP/1.1 200 
Content-Type: application/json;charset=UTF-8
Transfer-Encoding: chunked
Date: Wed, 29 Jan 2020 21:01:20 GMT'
22:01:20.789 [DEBUG] i.g.h.c.i.HttpAppHandler - Read msg='DefaultHttpContent(data: PooledSlicedByteBuf(ridx: 0, widx: 144, cap: 144/144, unwrapped: PooledUnsafeDirectByteBuf(ridx: 278, widx: 283, cap: 512)), decoderResult: success)'
22:01:20.789 [DEBUG] i.g.h.c.i.HttpAppHandler - Read msg='EmptyLastHttpContent'
22:01:20.789 [TRACE] i.g.h.e.r.DefaultStatsProcessor - 
>>>>>>>>>>>>>>>>>>>>>>>>>>
Request:
simple_mini_leak: OK 
=========================
Session:
Session(Acceptance test,92,1580331665052,Map(gatling.http.ssl.sslContexts -> SslContexts(io.netty.handler.ssl.JdkSslContext@77ff9f4e,None), gatling.http.cache.dns -> io.gatling.http.cache.DnsCacheSupport$$anon$1@5898ac4b, gatling.http.cache.baseUrl -> http://localhost:8080),19,OK,List(),io.gatling.core.protocol.ProtocolComponentsRegistry$$Lambda$598/0x000000084055d840@452b12e)
=========================
HTTP request:
GET http://localhost:8080/memory/grow?objects=8&items=54
headers=
Accept: */*
Content-Type: application/json;charset=UTF-8
Accept-Language: en-US,en;q=0.8,nl;q=0.6
User-Agent: Mozilla/5.0 (Windows NT 6.1; WOW64) AppleWebKit/537.36 (KHTML, like Gecko) Chrome/38.0.2125.111 Safari/537.36
accept-encoding: gzip,deflate,sdch
host: localhost:8080
=========================
HTTP response:
status=
200 
headers= 
Content-Type: application/json;charset=UTF-8
Transfer-Encoding: chunked
Date: Wed, 29 Jan 2020 21:01:20 GMT

body=
{"message":"Size of BigFatBastard list is now 11920 objects. It contains 643680 items.","name":"Simple-PropertiesFileName","durationInMillis":5}
<<<<<<<<<<<<<<<<<<<<<<<<<
22:01:20.790 [DEBUG] i.g.c.a.Pause - Pausing for 430ms (real=411ms)
22:01:21.001 [DEBUG] i.g.h.e.t.HttpTxExecutor - Sending request=simple_mini_leak uri=http://localhost:8080/memory/grow?objects=8&items=54: scenario=Acceptance test, userId=114
22:01:21.002 [DEBUG] i.g.h.c.i.HttpAppHandler - Write request WritableRequest{request=DefaultFullHttpRequest(decodeResult: success, version: HTTP/1.1, content: UnpooledByteBufAllocator$InstrumentedUnpooledUnsafeHeapByteBuf(ridx: 0, widx: 0, cap: 0))
GET /memory/grow?objects=8&items=54 HTTP/1.1
Accept: */*
Content-Type: application/json;charset=UTF-8
Accept-Language: en-US,en;q=0.8,nl;q=0.6
User-Agent: Mozilla/5.0 (Windows NT 6.1; WOW64) AppleWebKit/537.36 (KHTML, like Gecko) Chrome/38.0.2125.111 Safari/537.36
accept-encoding: gzip,deflate,sdch
host: localhost:8080, content=null}
22:01:21.008 [DEBUG] i.g.h.c.i.HttpAppHandler - Read msg='DefaultHttpResponse(decodeResult: success, version: HTTP/1.1)
HTTP/1.1 200 
Content-Type: application/json;charset=UTF-8
Transfer-Encoding: chunked
Date: Wed, 29 Jan 2020 21:01:20 GMT'
22:01:21.008 [DEBUG] i.g.h.c.i.HttpAppHandler - Read msg='DefaultHttpContent(data: PooledSlicedByteBuf(ridx: 0, widx: 144, cap: 144/144, unwrapped: PooledUnsafeDirectByteBuf(ridx: 278, widx: 283, cap: 496)), decoderResult: success)'
22:01:21.008 [DEBUG] i.g.h.c.i.HttpAppHandler - Read msg='EmptyLastHttpContent'
22:01:21.009 [TRACE] i.g.h.e.r.DefaultStatsProcessor - 
>>>>>>>>>>>>>>>>>>>>>>>>>>
Request:
simple_mini_leak: OK 
=========================
Session:
Session(Acceptance test,114,1580331676051,Map(gatling.http.ssl.sslContexts -> SslContexts(io.netty.handler.ssl.JdkSslContext@7acd286d,None), gatling.http.cache.dns -> io.gatling.http.cache.DnsCacheSupport$$anon$1@5898ac4b, gatling.http.cache.baseUrl -> http://localhost:8080),11,OK,List(),io.gatling.core.protocol.ProtocolComponentsRegistry$$Lambda$598/0x000000084055d840@452b12e)
=========================
HTTP request:
GET http://localhost:8080/memory/grow?objects=8&items=54
headers=
Accept: */*
Content-Type: application/json;charset=UTF-8
Accept-Language: en-US,en;q=0.8,nl;q=0.6
User-Agent: Mozilla/5.0 (Windows NT 6.1; WOW64) AppleWebKit/537.36 (KHTML, like Gecko) Chrome/38.0.2125.111 Safari/537.36
accept-encoding: gzip,deflate,sdch
host: localhost:8080
=========================
HTTP response:
status=
200 
headers= 
Content-Type: application/json;charset=UTF-8
Transfer-Encoding: chunked
Date: Wed, 29 Jan 2020 21:01:20 GMT

body=
{"message":"Size of BigFatBastard list is now 11928 objects. It contains 644112 items.","name":"Simple-PropertiesFileName","durationInMillis":5}
<<<<<<<<<<<<<<<<<<<<<<<<<
22:01:21.009 [DEBUG] i.g.c.a.Pause - Pausing for 2123ms (real=2111ms)
22:01:21.051 [DEBUG] i.g.h.e.t.HttpTxExecutor - Sending request=simple_cpu_burn uri=http://localhost:8080/cpu/magic-identity-check?matrixSize=133: scenario=Acceptance test, userId=124
22:01:21.052 [DEBUG] i.g.c.c.i.o.OpenWorkload - Start user #124
22:01:21.053 [DEBUG] i.g.h.c.i.HttpAppHandler - Write request WritableRequest{request=DefaultFullHttpRequest(decodeResult: success, version: HTTP/1.1, content: UnpooledByteBufAllocator$InstrumentedUnpooledUnsafeHeapByteBuf(ridx: 0, widx: 0, cap: 0))
GET /cpu/magic-identity-check?matrixSize=133 HTTP/1.1
Accept: */*
Content-Type: application/json;charset=UTF-8
Accept-Language: en-US,en;q=0.8,nl;q=0.6
User-Agent: Mozilla/5.0 (Windows NT 6.1; WOW64) AppleWebKit/537.36 (KHTML, like Gecko) Chrome/38.0.2125.111 Safari/537.36
accept-encoding: gzip,deflate,sdch
host: localhost:8080, content=null}
22:01:21.059 [DEBUG] i.g.h.c.i.HttpAppHandler - Read msg='DefaultHttpResponse(decodeResult: success, version: HTTP/1.1)
HTTP/1.1 200 
Content-Type: application/json;charset=UTF-8
Transfer-Encoding: chunked
Date: Wed, 29 Jan 2020 21:01:20 GMT'
22:01:21.060 [DEBUG] i.g.h.c.i.HttpAppHandler - Read msg='DefaultHttpContent(data: PooledSlicedByteBuf(ridx: 0, widx: 170, cap: 170/170, unwrapped: PooledUnsafeDirectByteBuf(ridx: 304, widx: 304, cap: 1024)), decoderResult: success)'
22:01:21.060 [DEBUG] i.g.h.c.i.HttpAppHandler - Read msg='EmptyLastHttpContent'
22:01:21.060 [TRACE] i.g.h.e.r.DefaultStatsProcessor - 
>>>>>>>>>>>>>>>>>>>>>>>>>>
Request:
simple_cpu_burn: OK 
=========================
Session:
Session(Acceptance test,124,1580331681051,Map(gatling.http.ssl.sslContexts -> SslContexts(io.netty.handler.ssl.JdkSslContext@3dbd90c3,None), gatling.http.cache.dns -> io.gatling.http.cache.DnsCacheSupport$$anon$1@5898ac4b, gatling.http.cache.baseUrl -> http://localhost:8080),0,OK,List(),io.gatling.core.protocol.ProtocolComponentsRegistry$$Lambda$598/0x000000084055d840@452b12e)
=========================
HTTP request:
GET http://localhost:8080/cpu/magic-identity-check?matrixSize=133
headers=
Accept: */*
Content-Type: application/json;charset=UTF-8
Accept-Language: en-US,en;q=0.8,nl;q=0.6
User-Agent: Mozilla/5.0 (Windows NT 6.1; WOW64) AppleWebKit/537.36 (KHTML, like Gecko) Chrome/38.0.2125.111 Safari/537.36
accept-encoding: gzip,deflate,sdch
host: localhost:8080
=========================
HTTP response:
status=
200 
headers= 
Content-Type: application/json;charset=UTF-8
Transfer-Encoding: chunked
Date: Wed, 29 Jan 2020 21:01:20 GMT

body=
{"message":"A simple magic square multiplied by an identity square of size [133] [is equal] to the magic square.","name":"Simple-PropertiesFileName","durationInMillis":5}
<<<<<<<<<<<<<<<<<<<<<<<<<
22:01:21.060 [DEBUG] i.g.c.a.Pause - Pausing for 1737ms (real=1737ms)
22:01:21.102 [DEBUG] i.g.h.e.t.HttpTxExecutor - Sending request=simple_delay uri=http://localhost:8080/delay?duration=555: scenario=Acceptance test, userId=120
22:01:21.102 [DEBUG] i.g.h.c.i.HttpAppHandler - Write request WritableRequest{request=DefaultFullHttpRequest(decodeResult: success, version: HTTP/1.1, content: UnpooledByteBufAllocator$InstrumentedUnpooledUnsafeHeapByteBuf(ridx: 0, widx: 0, cap: 0))
GET /delay?duration=555 HTTP/1.1
Accept: */*
Content-Type: application/json;charset=UTF-8
Accept-Language: en-US,en;q=0.8,nl;q=0.6
User-Agent: Mozilla/5.0 (Windows NT 6.1; WOW64) AppleWebKit/537.36 (KHTML, like Gecko) Chrome/38.0.2125.111 Safari/537.36
accept-encoding: gzip,deflate,sdch
host: localhost:8080, content=null}
22:01:21.112 [DEBUG] i.g.h.e.t.HttpTxExecutor - Sending request=simple_delay uri=http://localhost:8080/delay?duration=555: scenario=Acceptance test, userId=112
22:01:21.112 [DEBUG] i.g.h.e.t.HttpTxExecutor - Sending request=upload-file uri=http://localhost:8080/files/upload: scenario=Acceptance test, userId=105
22:01:21.112 [DEBUG] i.g.h.c.i.HttpAppHandler - Write request WritableRequest{request=DefaultFullHttpRequest(decodeResult: success, version: HTTP/1.1, content: UnpooledByteBufAllocator$InstrumentedUnpooledUnsafeHeapByteBuf(ridx: 0, widx: 0, cap: 0))
GET /delay?duration=555 HTTP/1.1
Accept: */*
Content-Type: application/json;charset=UTF-8
Accept-Language: en-US,en;q=0.8,nl;q=0.6
User-Agent: Mozilla/5.0 (Windows NT 6.1; WOW64) AppleWebKit/537.36 (KHTML, like Gecko) Chrome/38.0.2125.111 Safari/537.36
accept-encoding: gzip,deflate,sdch
host: localhost:8080, content=null}
22:01:21.113 [DEBUG] i.g.h.c.i.HttpAppHandler - Write request WritableRequest{request=DefaultHttpRequest(decodeResult: success, version: HTTP/1.1)
POST /files/upload HTTP/1.1
Accept: */*
Accept-Language: en-US,en;q=0.8,nl;q=0.6
User-Agent: Mozilla/5.0 (Windows NT 6.1; WOW64) AppleWebKit/537.36 (KHTML, like Gecko) Chrome/38.0.2125.111 Safari/537.36
accept-encoding: gzip,deflate,sdch
host: localhost:8080
content-type: multipart/form-data; boundary=oS8QoRyPBFr2X9KOpv3MnIaLRycq7Dxt1eW
content-length: 220, content=io.gatling.http.client.body.multipart.impl.MultipartFileRegion@7acff8d8}
22:01:21.115 [DEBUG] i.g.h.c.i.HttpAppHandler - Read msg='DefaultHttpResponse(decodeResult: success, version: HTTP/1.1)
HTTP/1.1 200 
Content-Type: text/plain;charset=UTF-8
Content-Length: 62
Date: Wed, 29 Jan 2020 21:01:20 GMT'
22:01:21.115 [DEBUG] i.g.h.c.i.HttpAppHandler - Read msg='DefaultLastHttpContent(data: PooledSlicedByteBuf(ridx: 0, widx: 62, cap: 62/62, unwrapped: PooledUnsafeDirectByteBuf(ridx: 176, widx: 176, cap: 496)), decoderResult: success)'
22:01:21.116 [TRACE] i.g.h.e.r.DefaultStatsProcessor - 
>>>>>>>>>>>>>>>>>>>>>>>>>>
Request:
upload-file: OK 
=========================
Session:
Session(Acceptance test,105,1580331671551,Map(gatling.http.ssl.sslContexts -> SslContexts(io.netty.handler.ssl.JdkSslContext@7feb9ec9,None), gatling.http.cache.dns -> io.gatling.http.cache.DnsCacheSupport$$anon$1@5898ac4b, gatling.http.cache.baseUrl -> http://localhost:8080),13,OK,List(),io.gatling.core.protocol.ProtocolComponentsRegistry$$Lambda$598/0x000000084055d840@452b12e)
=========================
HTTP request:
POST http://localhost:8080/files/upload
headers=
Accept: */*
Accept-Language: en-US,en;q=0.8,nl;q=0.6
User-Agent: Mozilla/5.0 (Windows NT 6.1; WOW64) AppleWebKit/537.36 (KHTML, like Gecko) Chrome/38.0.2125.111 Safari/537.36
accept-encoding: gzip,deflate,sdch
host: localhost:8080
content-type: multipart/form-data; boundary=oS8QoRyPBFr2X9KOpv3MnIaLRycq7Dxt1eW
content-length: 220
multipartBody=
ByteArrayPart: name=upload contentType=text/plain dispositionType=null charset=UTF-8 transferEncoding=null contentId=null filename=gatling-upload.txt
=========================
HTTP response:
status=
200 
headers= 
Content-Type: text/plain;charset=UTF-8
Content-Length: 62
Date: Wed, 29 Jan 2020 21:01:20 GMT

body=
File upload succeeded [gatling-upload.txt] of size [17] bytes.
<<<<<<<<<<<<<<<<<<<<<<<<<
22:01:21.116 [DEBUG] i.g.c.a.Exit - End user #105
22:01:21.116 [DEBUG] i.g.c.c.i.Injector - End user #105
22:01:21.132 [DEBUG] i.g.h.e.t.HttpTxExecutor - Sending request=upload-file uri=http://localhost:8080/files/upload: scenario=Acceptance test, userId=103
22:01:21.132 [DEBUG] i.g.h.c.i.HttpAppHandler - Write request WritableRequest{request=DefaultHttpRequest(decodeResult: success, version: HTTP/1.1)
POST /files/upload HTTP/1.1
Accept: */*
Accept-Language: en-US,en;q=0.8,nl;q=0.6
User-Agent: Mozilla/5.0 (Windows NT 6.1; WOW64) AppleWebKit/537.36 (KHTML, like Gecko) Chrome/38.0.2125.111 Safari/537.36
accept-encoding: gzip,deflate,sdch
host: localhost:8080
content-type: multipart/form-data; boundary=32r2HD24S15lx7iFeRy4kZPM3IwzxdEc9Mc
content-length: 220, content=io.gatling.http.client.body.multipart.impl.MultipartFileRegion@3722c679}
22:01:21.135 [DEBUG] i.g.h.c.i.HttpAppHandler - Read msg='DefaultHttpResponse(decodeResult: success, version: HTTP/1.1)
HTTP/1.1 200 
Content-Type: text/plain;charset=UTF-8
Content-Length: 62
Date: Wed, 29 Jan 2020 21:01:20 GMT'
22:01:21.135 [DEBUG] i.g.h.c.i.HttpAppHandler - Read msg='DefaultLastHttpContent(data: PooledSlicedByteBuf(ridx: 0, widx: 62, cap: 62/62, unwrapped: PooledUnsafeDirectByteBuf(ridx: 176, widx: 176, cap: 496)), decoderResult: success)'
22:01:21.136 [TRACE] i.g.h.e.r.DefaultStatsProcessor - 
>>>>>>>>>>>>>>>>>>>>>>>>>>
Request:
upload-file: OK 
=========================
Session:
Session(Acceptance test,103,1580331670552,Map(gatling.http.ssl.sslContexts -> SslContexts(io.netty.handler.ssl.JdkSslContext@2742d060,None), gatling.http.cache.dns -> io.gatling.http.cache.DnsCacheSupport$$anon$1@5898ac4b, gatling.http.cache.baseUrl -> http://localhost:8080),13,OK,List(),io.gatling.core.protocol.ProtocolComponentsRegistry$$Lambda$598/0x000000084055d840@452b12e)
=========================
HTTP request:
POST http://localhost:8080/files/upload
headers=
Accept: */*
Accept-Language: en-US,en;q=0.8,nl;q=0.6
User-Agent: Mozilla/5.0 (Windows NT 6.1; WOW64) AppleWebKit/537.36 (KHTML, like Gecko) Chrome/38.0.2125.111 Safari/537.36
accept-encoding: gzip,deflate,sdch
host: localhost:8080
content-type: multipart/form-data; boundary=32r2HD24S15lx7iFeRy4kZPM3IwzxdEc9Mc
content-length: 220
multipartBody=
ByteArrayPart: name=upload contentType=text/plain dispositionType=null charset=UTF-8 transferEncoding=null contentId=null filename=gatling-upload.txt
=========================
HTTP response:
status=
200 
headers= 
Content-Type: text/plain;charset=UTF-8
Content-Length: 62
Date: Wed, 29 Jan 2020 21:01:20 GMT

body=
File upload succeeded [gatling-upload.txt] of size [17] bytes.
<<<<<<<<<<<<<<<<<<<<<<<<<
22:01:21.136 [DEBUG] i.g.c.a.Exit - End user #103
22:01:21.136 [DEBUG] i.g.c.c.i.Injector - End user #103
22:01:21.141 [DEBUG] i.g.h.e.t.HttpTxExecutor - Sending request=simple_delay uri=http://localhost:8080/delay?duration=555: scenario=Acceptance test, userId=123
22:01:21.142 [DEBUG] i.g.h.c.i.HttpAppHandler - Write request WritableRequest{request=DefaultFullHttpRequest(decodeResult: success, version: HTTP/1.1, content: UnpooledByteBufAllocator$InstrumentedUnpooledUnsafeHeapByteBuf(ridx: 0, widx: 0, cap: 0))
GET /delay?duration=555 HTTP/1.1
Accept: */*
Content-Type: application/json;charset=UTF-8
Accept-Language: en-US,en;q=0.8,nl;q=0.6
User-Agent: Mozilla/5.0 (Windows NT 6.1; WOW64) AppleWebKit/537.36 (KHTML, like Gecko) Chrome/38.0.2125.111 Safari/537.36
accept-encoding: gzip,deflate,sdch
host: localhost:8080, content=null}
22:01:21.222 [DEBUG] i.g.h.e.t.HttpTxExecutor - Sending request=upload-file uri=http://localhost:8080/files/upload: scenario=Acceptance test, userId=92
22:01:21.222 [DEBUG] i.g.h.c.i.HttpAppHandler - Write request WritableRequest{request=DefaultHttpRequest(decodeResult: success, version: HTTP/1.1)
POST /files/upload HTTP/1.1
Accept: */*
Accept-Language: en-US,en;q=0.8,nl;q=0.6
User-Agent: Mozilla/5.0 (Windows NT 6.1; WOW64) AppleWebKit/537.36 (KHTML, like Gecko) Chrome/38.0.2125.111 Safari/537.36
accept-encoding: gzip,deflate,sdch
host: localhost:8080
content-type: multipart/form-data; boundary=57M5PM78j5iAFnsnEf2aQeCtoPqsEh0kEOo
content-length: 220, content=io.gatling.http.client.body.multipart.impl.MultipartFileRegion@26d0aa62}
22:01:21.225 [DEBUG] i.g.h.c.i.HttpAppHandler - Read msg='DefaultHttpResponse(decodeResult: success, version: HTTP/1.1)
HTTP/1.1 200 
Content-Type: text/plain;charset=UTF-8
Content-Length: 62
Date: Wed, 29 Jan 2020 21:01:20 GMT'
22:01:21.225 [DEBUG] i.g.h.c.i.HttpAppHandler - Read msg='DefaultLastHttpContent(data: PooledSlicedByteBuf(ridx: 0, widx: 62, cap: 62/62, unwrapped: PooledUnsafeDirectByteBuf(ridx: 176, widx: 176, cap: 496)), decoderResult: success)'
22:01:21.226 [TRACE] i.g.h.e.r.DefaultStatsProcessor - 
>>>>>>>>>>>>>>>>>>>>>>>>>>
Request:
upload-file: OK 
=========================
Session:
Session(Acceptance test,92,1580331665052,Map(gatling.http.ssl.sslContexts -> SslContexts(io.netty.handler.ssl.JdkSslContext@77ff9f4e,None), gatling.http.cache.dns -> io.gatling.http.cache.DnsCacheSupport$$anon$1@5898ac4b, gatling.http.cache.baseUrl -> http://localhost:8080),20,OK,List(),io.gatling.core.protocol.ProtocolComponentsRegistry$$Lambda$598/0x000000084055d840@452b12e)
=========================
HTTP request:
POST http://localhost:8080/files/upload
headers=
Accept: */*
Accept-Language: en-US,en;q=0.8,nl;q=0.6
User-Agent: Mozilla/5.0 (Windows NT 6.1; WOW64) AppleWebKit/537.36 (KHTML, like Gecko) Chrome/38.0.2125.111 Safari/537.36
accept-encoding: gzip,deflate,sdch
host: localhost:8080
content-type: multipart/form-data; boundary=57M5PM78j5iAFnsnEf2aQeCtoPqsEh0kEOo
content-length: 220
multipartBody=
ByteArrayPart: name=upload contentType=text/plain dispositionType=null charset=UTF-8 transferEncoding=null contentId=null filename=gatling-upload.txt
=========================
HTTP response:
status=
200 
headers= 
Content-Type: text/plain;charset=UTF-8
Content-Length: 62
Date: Wed, 29 Jan 2020 21:01:20 GMT

body=
File upload succeeded [gatling-upload.txt] of size [17] bytes.
<<<<<<<<<<<<<<<<<<<<<<<<<
22:01:21.226 [DEBUG] i.g.c.a.Exit - End user #92
22:01:21.226 [DEBUG] i.g.c.c.i.Injector - End user #92
22:01:21.252 [DEBUG] i.g.h.e.t.HttpTxExecutor - Sending request=simple_mini_leak uri=http://localhost:8080/memory/grow?objects=8&items=54: scenario=Acceptance test, userId=116
22:01:21.252 [DEBUG] i.g.h.c.i.HttpAppHandler - Write request WritableRequest{request=DefaultFullHttpRequest(decodeResult: success, version: HTTP/1.1, content: UnpooledByteBufAllocator$InstrumentedUnpooledUnsafeHeapByteBuf(ridx: 0, widx: 0, cap: 0))
GET /memory/grow?objects=8&items=54 HTTP/1.1
Accept: */*
Content-Type: application/json;charset=UTF-8
Accept-Language: en-US,en;q=0.8,nl;q=0.6
User-Agent: Mozilla/5.0 (Windows NT 6.1; WOW64) AppleWebKit/537.36 (KHTML, like Gecko) Chrome/38.0.2125.111 Safari/537.36
accept-encoding: gzip,deflate,sdch
host: localhost:8080, content=null}
22:01:21.259 [DEBUG] i.g.h.c.i.HttpAppHandler - Read msg='DefaultHttpResponse(decodeResult: success, version: HTTP/1.1)
HTTP/1.1 200 
Content-Type: application/json;charset=UTF-8
Transfer-Encoding: chunked
Date: Wed, 29 Jan 2020 21:01:20 GMT'
22:01:21.259 [DEBUG] i.g.h.c.i.HttpAppHandler - Read msg='DefaultHttpContent(data: PooledSlicedByteBuf(ridx: 0, widx: 144, cap: 144/144, unwrapped: PooledUnsafeDirectByteBuf(ridx: 278, widx: 278, cap: 496)), decoderResult: success)'
22:01:21.260 [DEBUG] i.g.h.c.i.HttpAppHandler - Read msg='EmptyLastHttpContent'
22:01:21.260 [TRACE] i.g.h.e.r.DefaultStatsProcessor - 
>>>>>>>>>>>>>>>>>>>>>>>>>>
Request:
simple_mini_leak: OK 
=========================
Session:
Session(Acceptance test,116,1580331677052,Map(gatling.http.ssl.sslContexts -> SslContexts(io.netty.handler.ssl.JdkSslContext@2d5e5568,None), gatling.http.cache.dns -> io.gatling.http.cache.DnsCacheSupport$$anon$1@5898ac4b, gatling.http.cache.baseUrl -> http://localhost:8080),20,OK,List(),io.gatling.core.protocol.ProtocolComponentsRegistry$$Lambda$598/0x000000084055d840@452b12e)
=========================
HTTP request:
GET http://localhost:8080/memory/grow?objects=8&items=54
headers=
Accept: */*
Content-Type: application/json;charset=UTF-8
Accept-Language: en-US,en;q=0.8,nl;q=0.6
User-Agent: Mozilla/5.0 (Windows NT 6.1; WOW64) AppleWebKit/537.36 (KHTML, like Gecko) Chrome/38.0.2125.111 Safari/537.36
accept-encoding: gzip,deflate,sdch
host: localhost:8080
=========================
HTTP response:
status=
200 
headers= 
Content-Type: application/json;charset=UTF-8
Transfer-Encoding: chunked
Date: Wed, 29 Jan 2020 21:01:20 GMT

body=
{"message":"Size of BigFatBastard list is now 11936 objects. It contains 644544 items.","name":"Simple-PropertiesFileName","durationInMillis":5}
<<<<<<<<<<<<<<<<<<<<<<<<<
22:01:21.260 [DEBUG] i.g.c.a.Pause - Pausing for 2122ms (real=2102ms)
22:01:21.362 [DEBUG] i.g.h.e.t.HttpTxExecutor - Sending request=simple_delay uri=http://localhost:8080/delay?duration=555: scenario=Acceptance test, userId=122
22:01:21.362 [DEBUG] i.g.h.c.i.HttpAppHandler - Write request WritableRequest{request=DefaultFullHttpRequest(decodeResult: success, version: HTTP/1.1, content: UnpooledByteBufAllocator$InstrumentedUnpooledUnsafeHeapByteBuf(ridx: 0, widx: 0, cap: 0))
GET /delay?duration=555 HTTP/1.1
Accept: */*
Content-Type: application/json;charset=UTF-8
Accept-Language: en-US,en;q=0.8,nl;q=0.6
User-Agent: Mozilla/5.0 (Windows NT 6.1; WOW64) AppleWebKit/537.36 (KHTML, like Gecko) Chrome/38.0.2125.111 Safari/537.36
accept-encoding: gzip,deflate,sdch
host: localhost:8080, content=null}
22:01:21.431 [DEBUG] i.g.h.e.t.HttpTxExecutor - Sending request=simple_delay uri=http://localhost:8080/delay?duration=555: scenario=Acceptance test, userId=121
22:01:21.432 [DEBUG] i.g.h.c.i.HttpAppHandler - Write request WritableRequest{request=DefaultFullHttpRequest(decodeResult: success, version: HTTP/1.1, content: UnpooledByteBufAllocator$InstrumentedUnpooledUnsafeHeapByteBuf(ridx: 0, widx: 0, cap: 0))
GET /delay?duration=555 HTTP/1.1
Accept: */*
Content-Type: application/json;charset=UTF-8
Accept-Language: en-US,en;q=0.8,nl;q=0.6
User-Agent: Mozilla/5.0 (Windows NT 6.1; WOW64) AppleWebKit/537.36 (KHTML, like Gecko) Chrome/38.0.2125.111 Safari/537.36
accept-encoding: gzip,deflate,sdch
host: localhost:8080, content=null}
22:01:21.551 [DEBUG] i.g.c.c.i.o.OpenWorkload - Injecting 2 users in scenario Acceptance test, continue=true
22:01:21.552 [DEBUG] i.g.h.e.t.HttpTxExecutor - Sending request=simple_cpu_burn uri=http://localhost:8080/cpu/magic-identity-check?matrixSize=133: scenario=Acceptance test, userId=125
22:01:21.552 [DEBUG] i.g.c.c.i.o.OpenWorkload - Start user #125
22:01:21.553 [DEBUG] i.g.h.c.i.HttpAppHandler - Write request WritableRequest{request=DefaultFullHttpRequest(decodeResult: success, version: HTTP/1.1, content: UnpooledByteBufAllocator$InstrumentedUnpooledUnsafeHeapByteBuf(ridx: 0, widx: 0, cap: 0))
GET /cpu/magic-identity-check?matrixSize=133 HTTP/1.1
Accept: */*
Content-Type: application/json;charset=UTF-8
Accept-Language: en-US,en;q=0.8,nl;q=0.6
User-Agent: Mozilla/5.0 (Windows NT 6.1; WOW64) AppleWebKit/537.36 (KHTML, like Gecko) Chrome/38.0.2125.111 Safari/537.36
accept-encoding: gzip,deflate,sdch
host: localhost:8080, content=null}
22:01:21.560 [DEBUG] i.g.h.c.i.HttpAppHandler - Read msg='DefaultHttpResponse(decodeResult: success, version: HTTP/1.1)
HTTP/1.1 200 
Content-Type: application/json;charset=UTF-8
Transfer-Encoding: chunked
Date: Wed, 29 Jan 2020 21:01:21 GMT'
22:01:21.560 [DEBUG] i.g.h.c.i.HttpAppHandler - Read msg='DefaultHttpContent(data: PooledSlicedByteBuf(ridx: 0, widx: 170, cap: 170/170, unwrapped: PooledUnsafeDirectByteBuf(ridx: 304, widx: 309, cap: 1024)), decoderResult: success)'
22:01:21.560 [DEBUG] i.g.h.c.i.HttpAppHandler - Read msg='EmptyLastHttpContent'
22:01:21.560 [TRACE] i.g.h.e.r.DefaultStatsProcessor - 
>>>>>>>>>>>>>>>>>>>>>>>>>>
Request:
simple_cpu_burn: OK 
=========================
Session:
Session(Acceptance test,125,1580331681551,Map(gatling.http.ssl.sslContexts -> SslContexts(io.netty.handler.ssl.JdkSslContext@23190d48,None), gatling.http.cache.dns -> io.gatling.http.cache.DnsCacheSupport$$anon$1@5898ac4b, gatling.http.cache.baseUrl -> http://localhost:8080),0,OK,List(),io.gatling.core.protocol.ProtocolComponentsRegistry$$Lambda$598/0x000000084055d840@452b12e)
=========================
HTTP request:
GET http://localhost:8080/cpu/magic-identity-check?matrixSize=133
headers=
Accept: */*
Content-Type: application/json;charset=UTF-8
Accept-Language: en-US,en;q=0.8,nl;q=0.6
User-Agent: Mozilla/5.0 (Windows NT 6.1; WOW64) AppleWebKit/537.36 (KHTML, like Gecko) Chrome/38.0.2125.111 Safari/537.36
accept-encoding: gzip,deflate,sdch
host: localhost:8080
=========================
HTTP response:
status=
200 
headers= 
Content-Type: application/json;charset=UTF-8
Transfer-Encoding: chunked
Date: Wed, 29 Jan 2020 21:01:21 GMT

body=
{"message":"A simple magic square multiplied by an identity square of size [133] [is equal] to the magic square.","name":"Simple-PropertiesFileName","durationInMillis":4}
<<<<<<<<<<<<<<<<<<<<<<<<<
22:01:21.560 [DEBUG] i.g.c.a.Pause - Pausing for 1104ms (real=1104ms)
22:01:21.659 [DEBUG] i.g.h.c.i.HttpAppHandler - Read msg='DefaultHttpResponse(decodeResult: success, version: HTTP/1.1)
HTTP/1.1 200 
Content-Type: application/json;charset=UTF-8
Transfer-Encoding: chunked
Date: Wed, 29 Jan 2020 21:01:21 GMT'
22:01:21.659 [DEBUG] i.g.h.c.i.HttpAppHandler - Read msg='DefaultHttpContent(data: PooledSlicedByteBuf(ridx: 0, widx: 95, cap: 95/95, unwrapped: PooledUnsafeDirectByteBuf(ridx: 229, widx: 234, cap: 1024)), decoderResult: success)'
22:01:21.659 [DEBUG] i.g.h.c.i.HttpAppHandler - Read msg='EmptyLastHttpContent'
22:01:21.660 [TRACE] i.g.h.e.r.DefaultStatsProcessor - 
>>>>>>>>>>>>>>>>>>>>>>>>>>
Request:
simple_delay: OK 
=========================
Session:
Session(Acceptance test,120,1580331679051,Map(gatling.http.ssl.sslContexts -> SslContexts(io.netty.handler.ssl.JdkSslContext@b0507ee,None), gatling.http.cache.dns -> io.gatling.http.cache.DnsCacheSupport$$anon$1@5898ac4b, gatling.http.cache.baseUrl -> http://localhost:8080),20,OK,List(),io.gatling.core.protocol.ProtocolComponentsRegistry$$Lambda$598/0x000000084055d840@452b12e)
=========================
HTTP request:
GET http://localhost:8080/delay?duration=555
headers=
Accept: */*
Content-Type: application/json;charset=UTF-8
Accept-Language: en-US,en;q=0.8,nl;q=0.6
User-Agent: Mozilla/5.0 (Windows NT 6.1; WOW64) AppleWebKit/537.36 (KHTML, like Gecko) Chrome/38.0.2125.111 Safari/537.36
accept-encoding: gzip,deflate,sdch
host: localhost:8080
=========================
HTTP response:
status=
200 
headers= 
Content-Type: application/json;charset=UTF-8
Transfer-Encoding: chunked
Date: Wed, 29 Jan 2020 21:01:21 GMT

body=
{"message":"This was a delay of 555","name":"Simple-PropertiesFileName","durationInMillis":555}
<<<<<<<<<<<<<<<<<<<<<<<<<
22:01:21.660 [DEBUG] i.g.c.a.Pause - Pausing for 6677ms (real=6656ms)
22:01:21.669 [DEBUG] i.g.h.c.i.HttpAppHandler - Read msg='DefaultHttpResponse(decodeResult: success, version: HTTP/1.1)
HTTP/1.1 200 
Content-Type: application/json;charset=UTF-8
Transfer-Encoding: chunked
Date: Wed, 29 Jan 2020 21:01:21 GMT'
22:01:21.669 [DEBUG] i.g.h.c.i.HttpAppHandler - Read msg='DefaultHttpContent(data: PooledSlicedByteBuf(ridx: 0, widx: 95, cap: 95/95, unwrapped: PooledUnsafeDirectByteBuf(ridx: 229, widx: 234, cap: 1024)), decoderResult: success)'
22:01:21.669 [DEBUG] i.g.h.c.i.HttpAppHandler - Read msg='EmptyLastHttpContent'
22:01:21.670 [TRACE] i.g.h.e.r.DefaultStatsProcessor - 
>>>>>>>>>>>>>>>>>>>>>>>>>>
Request:
simple_delay: OK 
=========================
Session:
Session(Acceptance test,112,1580331675051,Map(gatling.http.ssl.sslContexts -> SslContexts(io.netty.handler.ssl.JdkSslContext@581f292b,None), gatling.http.cache.dns -> io.gatling.http.cache.DnsCacheSupport$$anon$1@5898ac4b, gatling.http.cache.baseUrl -> http://localhost:8080),18,OK,List(),io.gatling.core.protocol.ProtocolComponentsRegistry$$Lambda$598/0x000000084055d840@452b12e)
=========================
HTTP request:
GET http://localhost:8080/delay?duration=555
headers=
Accept: */*
Content-Type: application/json;charset=UTF-8
Accept-Language: en-US,en;q=0.8,nl;q=0.6
User-Agent: Mozilla/5.0 (Windows NT 6.1; WOW64) AppleWebKit/537.36 (KHTML, like Gecko) Chrome/38.0.2125.111 Safari/537.36
accept-encoding: gzip,deflate,sdch
host: localhost:8080
=========================
HTTP response:
status=
200 
headers= 
Content-Type: application/json;charset=UTF-8
Transfer-Encoding: chunked
Date: Wed, 29 Jan 2020 21:01:21 GMT

body=
{"message":"This was a delay of 555","name":"Simple-PropertiesFileName","durationInMillis":555}
<<<<<<<<<<<<<<<<<<<<<<<<<
22:01:21.670 [DEBUG] i.g.c.a.Pause - Pausing for 2516ms (real=2497ms)
22:01:21.699 [DEBUG] i.g.h.c.i.HttpAppHandler - Read msg='DefaultHttpResponse(decodeResult: success, version: HTTP/1.1)
HTTP/1.1 200 
Content-Type: application/json;charset=UTF-8
Transfer-Encoding: chunked
Date: Wed, 29 Jan 2020 21:01:21 GMT'
22:01:21.699 [DEBUG] i.g.h.c.i.HttpAppHandler - Read msg='DefaultHttpContent(data: PooledSlicedByteBuf(ridx: 0, widx: 95, cap: 95/95, unwrapped: PooledUnsafeDirectByteBuf(ridx: 229, widx: 234, cap: 1024)), decoderResult: success)'
22:01:21.699 [DEBUG] i.g.h.c.i.HttpAppHandler - Read msg='EmptyLastHttpContent'
22:01:21.699 [TRACE] i.g.h.e.r.DefaultStatsProcessor - 
>>>>>>>>>>>>>>>>>>>>>>>>>>
Request:
simple_delay: OK 
=========================
Session:
Session(Acceptance test,123,1580331680551,Map(gatling.http.ssl.sslContexts -> SslContexts(io.netty.handler.ssl.JdkSslContext@f3e1aca,None), gatling.http.cache.dns -> io.gatling.http.cache.DnsCacheSupport$$anon$1@5898ac4b, gatling.http.cache.baseUrl -> http://localhost:8080),12,OK,List(),io.gatling.core.protocol.ProtocolComponentsRegistry$$Lambda$598/0x000000084055d840@452b12e)
=========================
HTTP request:
GET http://localhost:8080/delay?duration=555
headers=
Accept: */*
Content-Type: application/json;charset=UTF-8
Accept-Language: en-US,en;q=0.8,nl;q=0.6
User-Agent: Mozilla/5.0 (Windows NT 6.1; WOW64) AppleWebKit/537.36 (KHTML, like Gecko) Chrome/38.0.2125.111 Safari/537.36
accept-encoding: gzip,deflate,sdch
host: localhost:8080
=========================
HTTP response:
status=
200 
headers= 
Content-Type: application/json;charset=UTF-8
Transfer-Encoding: chunked
Date: Wed, 29 Jan 2020 21:01:21 GMT

body=
{"message":"This was a delay of 555","name":"Simple-PropertiesFileName","durationInMillis":555}
<<<<<<<<<<<<<<<<<<<<<<<<<
22:01:21.700 [DEBUG] i.g.c.a.Pause - Pausing for 2734ms (real=2722ms)
22:01:21.752 [DEBUG] i.g.h.e.t.HttpTxExecutor - Sending request=upload-file uri=http://localhost:8080/files/upload: scenario=Acceptance test, userId=106
22:01:21.752 [DEBUG] i.g.h.c.i.HttpAppHandler - Write request WritableRequest{request=DefaultHttpRequest(decodeResult: success, version: HTTP/1.1)
POST /files/upload HTTP/1.1
Accept: */*
Accept-Language: en-US,en;q=0.8,nl;q=0.6
User-Agent: Mozilla/5.0 (Windows NT 6.1; WOW64) AppleWebKit/537.36 (KHTML, like Gecko) Chrome/38.0.2125.111 Safari/537.36
accept-encoding: gzip,deflate,sdch
host: localhost:8080
content-type: multipart/form-data; boundary=L9mVa_dB8h8bk_Fh5EtXzFLcpM5bK5NzaXW
content-length: 220, content=io.gatling.http.client.body.multipart.impl.MultipartFileRegion@779abe81}
22:01:21.755 [DEBUG] i.g.h.c.i.HttpAppHandler - Read msg='DefaultHttpResponse(decodeResult: success, version: HTTP/1.1)
HTTP/1.1 200 
Content-Type: text/plain;charset=UTF-8
Content-Length: 62
Date: Wed, 29 Jan 2020 21:01:21 GMT'
22:01:21.755 [DEBUG] i.g.h.c.i.HttpAppHandler - Read msg='DefaultLastHttpContent(data: PooledSlicedByteBuf(ridx: 0, widx: 62, cap: 62/62, unwrapped: PooledUnsafeDirectByteBuf(ridx: 176, widx: 176, cap: 480)), decoderResult: success)'
22:01:21.756 [TRACE] i.g.h.e.r.DefaultStatsProcessor - 
>>>>>>>>>>>>>>>>>>>>>>>>>>
Request:
upload-file: OK 
=========================
Session:
Session(Acceptance test,106,1580331672052,Map(gatling.http.ssl.sslContexts -> SslContexts(io.netty.handler.ssl.JdkSslContext@32caa4cb,None), gatling.http.cache.dns -> io.gatling.http.cache.DnsCacheSupport$$anon$1@5898ac4b, gatling.http.cache.baseUrl -> http://localhost:8080),15,OK,List(),io.gatling.core.protocol.ProtocolComponentsRegistry$$Lambda$598/0x000000084055d840@452b12e)
=========================
HTTP request:
POST http://localhost:8080/files/upload
headers=
Accept: */*
Accept-Language: en-US,en;q=0.8,nl;q=0.6
User-Agent: Mozilla/5.0 (Windows NT 6.1; WOW64) AppleWebKit/537.36 (KHTML, like Gecko) Chrome/38.0.2125.111 Safari/537.36
accept-encoding: gzip,deflate,sdch
host: localhost:8080
content-type: multipart/form-data; boundary=L9mVa_dB8h8bk_Fh5EtXzFLcpM5bK5NzaXW
content-length: 220
multipartBody=
ByteArrayPart: name=upload contentType=text/plain dispositionType=null charset=UTF-8 transferEncoding=null contentId=null filename=gatling-upload.txt
=========================
HTTP response:
status=
200 
headers= 
Content-Type: text/plain;charset=UTF-8
Content-Length: 62
Date: Wed, 29 Jan 2020 21:01:21 GMT

body=
File upload succeeded [gatling-upload.txt] of size [17] bytes.
<<<<<<<<<<<<<<<<<<<<<<<<<
22:01:21.756 [DEBUG] i.g.c.a.Exit - End user #106
22:01:21.756 [DEBUG] i.g.c.c.i.Injector - End user #106
22:01:21.919 [DEBUG] i.g.h.c.i.HttpAppHandler - Read msg='DefaultHttpResponse(decodeResult: success, version: HTTP/1.1)
HTTP/1.1 200 
Content-Type: application/json;charset=UTF-8
Transfer-Encoding: chunked
Date: Wed, 29 Jan 2020 21:01:21 GMT'
22:01:21.919 [DEBUG] i.g.h.c.i.HttpAppHandler - Read msg='DefaultHttpContent(data: PooledSlicedByteBuf(ridx: 0, widx: 95, cap: 95/95, unwrapped: PooledUnsafeDirectByteBuf(ridx: 229, widx: 229, cap: 1024)), decoderResult: success)'
22:01:21.919 [DEBUG] i.g.h.c.i.HttpAppHandler - Read msg='EmptyLastHttpContent'
22:01:21.920 [TRACE] i.g.h.e.r.DefaultStatsProcessor - 
>>>>>>>>>>>>>>>>>>>>>>>>>>
Request:
simple_delay: OK 
=========================
Session:
Session(Acceptance test,122,1580331680052,Map(gatling.http.ssl.sslContexts -> SslContexts(io.netty.handler.ssl.JdkSslContext@3669cdb1,None), gatling.http.cache.dns -> io.gatling.http.cache.DnsCacheSupport$$anon$1@5898ac4b, gatling.http.cache.baseUrl -> http://localhost:8080),25,OK,List(),io.gatling.core.protocol.ProtocolComponentsRegistry$$Lambda$598/0x000000084055d840@452b12e)
=========================
HTTP request:
GET http://localhost:8080/delay?duration=555
headers=
Accept: */*
Content-Type: application/json;charset=UTF-8
Accept-Language: en-US,en;q=0.8,nl;q=0.6
User-Agent: Mozilla/5.0 (Windows NT 6.1; WOW64) AppleWebKit/537.36 (KHTML, like Gecko) Chrome/38.0.2125.111 Safari/537.36
accept-encoding: gzip,deflate,sdch
host: localhost:8080
=========================
HTTP response:
status=
200 
headers= 
Content-Type: application/json;charset=UTF-8
Transfer-Encoding: chunked
Date: Wed, 29 Jan 2020 21:01:21 GMT

body=
{"message":"This was a delay of 555","name":"Simple-PropertiesFileName","durationInMillis":555}
<<<<<<<<<<<<<<<<<<<<<<<<<
22:01:21.920 [DEBUG] i.g.c.a.Pause - Pausing for 2254ms (real=2228ms)
22:01:21.989 [DEBUG] i.g.h.c.i.HttpAppHandler - Read msg='DefaultHttpResponse(decodeResult: success, version: HTTP/1.1)
HTTP/1.1 200 
Content-Type: application/json;charset=UTF-8
Transfer-Encoding: chunked
Date: Wed, 29 Jan 2020 21:01:21 GMT'
22:01:21.989 [DEBUG] i.g.h.c.i.HttpAppHandler - Read msg='DefaultHttpContent(data: PooledSlicedByteBuf(ridx: 0, widx: 95, cap: 95/95, unwrapped: PooledUnsafeDirectByteBuf(ridx: 229, widx: 229, cap: 1024)), decoderResult: success)'
22:01:21.989 [DEBUG] i.g.h.c.i.HttpAppHandler - Read msg='EmptyLastHttpContent'
22:01:21.990 [TRACE] i.g.h.e.r.DefaultStatsProcessor - 
>>>>>>>>>>>>>>>>>>>>>>>>>>
Request:
simple_delay: OK 
=========================
Session:
Session(Acceptance test,121,1580331679552,Map(gatling.http.ssl.sslContexts -> SslContexts(io.netty.handler.ssl.JdkSslContext@391bf7e4,None), gatling.http.cache.dns -> io.gatling.http.cache.DnsCacheSupport$$anon$1@5898ac4b, gatling.http.cache.baseUrl -> http://localhost:8080),18,OK,List(),io.gatling.core.protocol.ProtocolComponentsRegistry$$Lambda$598/0x000000084055d840@452b12e)
=========================
HTTP request:
GET http://localhost:8080/delay?duration=555
headers=
Accept: */*
Content-Type: application/json;charset=UTF-8
Accept-Language: en-US,en;q=0.8,nl;q=0.6
User-Agent: Mozilla/5.0 (Windows NT 6.1; WOW64) AppleWebKit/537.36 (KHTML, like Gecko) Chrome/38.0.2125.111 Safari/537.36
accept-encoding: gzip,deflate,sdch
host: localhost:8080
=========================
HTTP response:
status=
200 
headers= 
Content-Type: application/json;charset=UTF-8
Transfer-Encoding: chunked
Date: Wed, 29 Jan 2020 21:01:21 GMT

body=
{"message":"This was a delay of 555","name":"Simple-PropertiesFileName","durationInMillis":555}
<<<<<<<<<<<<<<<<<<<<<<<<<
22:01:21.990 [DEBUG] i.g.c.a.Pause - Pausing for 5883ms (real=5864ms)
22:01:22.052 [DEBUG] i.g.h.e.t.HttpTxExecutor - Sending request=simple_cpu_burn uri=http://localhost:8080/cpu/magic-identity-check?matrixSize=133: scenario=Acceptance test, userId=126
22:01:22.052 [DEBUG] i.g.c.c.i.o.OpenWorkload - Start user #126
22:01:22.053 [DEBUG] i.g.h.c.i.HttpAppHandler - Write request WritableRequest{request=DefaultFullHttpRequest(decodeResult: success, version: HTTP/1.1, content: UnpooledByteBufAllocator$InstrumentedUnpooledUnsafeHeapByteBuf(ridx: 0, widx: 0, cap: 0))
GET /cpu/magic-identity-check?matrixSize=133 HTTP/1.1
Accept: */*
Content-Type: application/json;charset=UTF-8
Accept-Language: en-US,en;q=0.8,nl;q=0.6
User-Agent: Mozilla/5.0 (Windows NT 6.1; WOW64) AppleWebKit/537.36 (KHTML, like Gecko) Chrome/38.0.2125.111 Safari/537.36
accept-encoding: gzip,deflate,sdch
host: localhost:8080, content=null}
22:01:22.065 [DEBUG] i.g.h.c.i.HttpAppHandler - Read msg='DefaultHttpResponse(decodeResult: success, version: HTTP/1.1)
HTTP/1.1 200 
Content-Type: application/json;charset=UTF-8
Transfer-Encoding: chunked
Date: Wed, 29 Jan 2020 21:01:21 GMT'
22:01:22.065 [DEBUG] i.g.h.c.i.HttpAppHandler - Read msg='DefaultHttpContent(data: PooledSlicedByteBuf(ridx: 0, widx: 170, cap: 170/170, unwrapped: PooledUnsafeDirectByteBuf(ridx: 304, widx: 309, cap: 1024)), decoderResult: success)'
22:01:22.065 [DEBUG] i.g.h.c.i.HttpAppHandler - Read msg='EmptyLastHttpContent'
22:01:22.065 [TRACE] i.g.h.e.r.DefaultStatsProcessor - 
>>>>>>>>>>>>>>>>>>>>>>>>>>
Request:
simple_cpu_burn: OK 
=========================
Session:
Session(Acceptance test,126,1580331682051,Map(gatling.http.ssl.sslContexts -> SslContexts(io.netty.handler.ssl.JdkSslContext@4337c8d6,None), gatling.http.cache.dns -> io.gatling.http.cache.DnsCacheSupport$$anon$1@5898ac4b, gatling.http.cache.baseUrl -> http://localhost:8080),0,OK,List(),io.gatling.core.protocol.ProtocolComponentsRegistry$$Lambda$598/0x000000084055d840@452b12e)
=========================
HTTP request:
GET http://localhost:8080/cpu/magic-identity-check?matrixSize=133
headers=
Accept: */*
Content-Type: application/json;charset=UTF-8
Accept-Language: en-US,en;q=0.8,nl;q=0.6
User-Agent: Mozilla/5.0 (Windows NT 6.1; WOW64) AppleWebKit/537.36 (KHTML, like Gecko) Chrome/38.0.2125.111 Safari/537.36
accept-encoding: gzip,deflate,sdch
host: localhost:8080
=========================
HTTP response:
status=
200 
headers= 
Content-Type: application/json;charset=UTF-8
Transfer-Encoding: chunked
Date: Wed, 29 Jan 2020 21:01:21 GMT

body=
{"message":"A simple magic square multiplied by an identity square of size [133] [is equal] to the magic square.","name":"Simple-PropertiesFileName","durationInMillis":9}
<<<<<<<<<<<<<<<<<<<<<<<<<
22:01:22.065 [DEBUG] i.g.c.a.Pause - Pausing for 2352ms (real=2352ms)
22:01:22.172 [DEBUG] i.g.h.e.t.HttpTxExecutor - Sending request=upload-file uri=http://localhost:8080/files/upload: scenario=Acceptance test, userId=111
22:01:22.173 [DEBUG] i.g.h.c.i.HttpAppHandler - Write request WritableRequest{request=DefaultHttpRequest(decodeResult: success, version: HTTP/1.1)
POST /files/upload HTTP/1.1
Accept: */*
Accept-Language: en-US,en;q=0.8,nl;q=0.6
User-Agent: Mozilla/5.0 (Windows NT 6.1; WOW64) AppleWebKit/537.36 (KHTML, like Gecko) Chrome/38.0.2125.111 Safari/537.36
accept-encoding: gzip,deflate,sdch
host: localhost:8080
content-type: multipart/form-data; boundary=Che2P8nUIs1YEwiMExvGufmjuFS8nO98DVR
content-length: 220, content=io.gatling.http.client.body.multipart.impl.MultipartFileRegion@3715a7e6}
22:01:22.175 [DEBUG] i.g.h.c.i.HttpAppHandler - Read msg='DefaultHttpResponse(decodeResult: success, version: HTTP/1.1)
HTTP/1.1 200 
Content-Type: text/plain;charset=UTF-8
Content-Length: 62
Date: Wed, 29 Jan 2020 21:01:21 GMT'
22:01:22.175 [DEBUG] i.g.h.c.i.HttpAppHandler - Read msg='DefaultLastHttpContent(data: PooledSlicedByteBuf(ridx: 0, widx: 62, cap: 62/62, unwrapped: PooledUnsafeDirectByteBuf(ridx: 176, widx: 176, cap: 496)), decoderResult: success)'
22:01:22.176 [TRACE] i.g.h.e.r.DefaultStatsProcessor - 
>>>>>>>>>>>>>>>>>>>>>>>>>>
Request:
upload-file: OK 
=========================
Session:
Session(Acceptance test,111,1580331674552,Map(gatling.http.ssl.sslContexts -> SslContexts(io.netty.handler.ssl.JdkSslContext@196e51c4,None), gatling.http.cache.dns -> io.gatling.http.cache.DnsCacheSupport$$anon$1@5898ac4b, gatling.http.cache.baseUrl -> http://localhost:8080),13,OK,List(),io.gatling.core.protocol.ProtocolComponentsRegistry$$Lambda$598/0x000000084055d840@452b12e)
=========================
HTTP request:
POST http://localhost:8080/files/upload
headers=
Accept: */*
Accept-Language: en-US,en;q=0.8,nl;q=0.6
User-Agent: Mozilla/5.0 (Windows NT 6.1; WOW64) AppleWebKit/537.36 (KHTML, like Gecko) Chrome/38.0.2125.111 Safari/537.36
accept-encoding: gzip,deflate,sdch
host: localhost:8080
content-type: multipart/form-data; boundary=Che2P8nUIs1YEwiMExvGufmjuFS8nO98DVR
content-length: 220
multipartBody=
ByteArrayPart: name=upload contentType=text/plain dispositionType=null charset=UTF-8 transferEncoding=null contentId=null filename=gatling-upload.txt
=========================
HTTP response:
status=
200 
headers= 
Content-Type: text/plain;charset=UTF-8
Content-Length: 62
Date: Wed, 29 Jan 2020 21:01:21 GMT

body=
File upload succeeded [gatling-upload.txt] of size [17] bytes.
<<<<<<<<<<<<<<<<<<<<<<<<<
22:01:22.176 [DEBUG] i.g.c.a.Exit - End user #111
22:01:22.177 [DEBUG] i.g.c.c.i.Injector - End user #111
22:01:22.382 [DEBUG] i.g.h.e.t.HttpTxExecutor - Sending request=upload-file uri=http://localhost:8080/files/upload: scenario=Acceptance test, userId=110
22:01:22.382 [DEBUG] i.g.h.c.i.HttpAppHandler - Write request WritableRequest{request=DefaultHttpRequest(decodeResult: success, version: HTTP/1.1)
POST /files/upload HTTP/1.1
Accept: */*
Accept-Language: en-US,en;q=0.8,nl;q=0.6
User-Agent: Mozilla/5.0 (Windows NT 6.1; WOW64) AppleWebKit/537.36 (KHTML, like Gecko) Chrome/38.0.2125.111 Safari/537.36
accept-encoding: gzip,deflate,sdch
host: localhost:8080
content-type: multipart/form-data; boundary=LNZ_gFjJZiZamUjmuEKPDgp0gX8rLppIhdO
content-length: 220, content=io.gatling.http.client.body.multipart.impl.MultipartFileRegion@6971cc49}
22:01:22.385 [DEBUG] i.g.h.c.i.HttpAppHandler - Read msg='DefaultHttpResponse(decodeResult: success, version: HTTP/1.1)
HTTP/1.1 200 
Content-Type: text/plain;charset=UTF-8
Content-Length: 62
Date: Wed, 29 Jan 2020 21:01:21 GMT'
22:01:22.385 [DEBUG] i.g.h.c.i.HttpAppHandler - Read msg='DefaultLastHttpContent(data: PooledSlicedByteBuf(ridx: 0, widx: 62, cap: 62/62, unwrapped: PooledUnsafeDirectByteBuf(ridx: 176, widx: 176, cap: 496)), decoderResult: success)'
22:01:22.386 [TRACE] i.g.h.e.r.DefaultStatsProcessor - 
>>>>>>>>>>>>>>>>>>>>>>>>>>
Request:
upload-file: OK 
=========================
Session:
Session(Acceptance test,110,1580331674051,Map(gatling.http.ssl.sslContexts -> SslContexts(io.netty.handler.ssl.JdkSslContext@2d1f427d,None), gatling.http.cache.dns -> io.gatling.http.cache.DnsCacheSupport$$anon$1@5898ac4b, gatling.http.cache.baseUrl -> http://localhost:8080),15,OK,List(),io.gatling.core.protocol.ProtocolComponentsRegistry$$Lambda$598/0x000000084055d840@452b12e)
=========================
HTTP request:
POST http://localhost:8080/files/upload
headers=
Accept: */*
Accept-Language: en-US,en;q=0.8,nl;q=0.6
User-Agent: Mozilla/5.0 (Windows NT 6.1; WOW64) AppleWebKit/537.36 (KHTML, like Gecko) Chrome/38.0.2125.111 Safari/537.36
accept-encoding: gzip,deflate,sdch
host: localhost:8080
content-type: multipart/form-data; boundary=LNZ_gFjJZiZamUjmuEKPDgp0gX8rLppIhdO
content-length: 220
multipartBody=
ByteArrayPart: name=upload contentType=text/plain dispositionType=null charset=UTF-8 transferEncoding=null contentId=null filename=gatling-upload.txt
=========================
HTTP response:
status=
200 
headers= 
Content-Type: text/plain;charset=UTF-8
Content-Length: 62
Date: Wed, 29 Jan 2020 21:01:21 GMT

body=
File upload succeeded [gatling-upload.txt] of size [17] bytes.
<<<<<<<<<<<<<<<<<<<<<<<<<
22:01:22.386 [DEBUG] i.g.c.a.Exit - End user #110
22:01:22.386 [DEBUG] i.g.c.c.i.Injector - End user #110
22:01:22.552 [DEBUG] i.g.c.c.i.o.OpenWorkload - Injecting 2 users in scenario Acceptance test, continue=true
22:01:22.552 [DEBUG] i.g.h.e.t.HttpTxExecutor - Sending request=simple_cpu_burn uri=http://localhost:8080/cpu/magic-identity-check?matrixSize=133: scenario=Acceptance test, userId=127
22:01:22.552 [DEBUG] i.g.c.c.i.o.OpenWorkload - Start user #127
22:01:22.554 [DEBUG] i.g.h.c.i.HttpAppHandler - Write request WritableRequest{request=DefaultFullHttpRequest(decodeResult: success, version: HTTP/1.1, content: UnpooledByteBufAllocator$InstrumentedUnpooledUnsafeHeapByteBuf(ridx: 0, widx: 0, cap: 0))
GET /cpu/magic-identity-check?matrixSize=133 HTTP/1.1
Accept: */*
Content-Type: application/json;charset=UTF-8
Accept-Language: en-US,en;q=0.8,nl;q=0.6
User-Agent: Mozilla/5.0 (Windows NT 6.1; WOW64) AppleWebKit/537.36 (KHTML, like Gecko) Chrome/38.0.2125.111 Safari/537.36
accept-encoding: gzip,deflate,sdch
host: localhost:8080, content=null}
22:01:22.559 [DEBUG] i.g.h.c.i.HttpAppHandler - Read msg='DefaultHttpResponse(decodeResult: success, version: HTTP/1.1)
HTTP/1.1 200 
Content-Type: application/json;charset=UTF-8
Transfer-Encoding: chunked
Date: Wed, 29 Jan 2020 21:01:21 GMT'
22:01:22.559 [DEBUG] i.g.h.c.i.HttpAppHandler - Read msg='DefaultHttpContent(data: PooledSlicedByteBuf(ridx: 0, widx: 170, cap: 170/170, unwrapped: PooledUnsafeDirectByteBuf(ridx: 304, widx: 309, cap: 1024)), decoderResult: success)'
22:01:22.559 [DEBUG] i.g.h.c.i.HttpAppHandler - Read msg='EmptyLastHttpContent'
22:01:22.559 [TRACE] i.g.h.e.r.DefaultStatsProcessor - 
>>>>>>>>>>>>>>>>>>>>>>>>>>
Request:
simple_cpu_burn: OK 
=========================
Session:
Session(Acceptance test,127,1580331682552,Map(gatling.http.ssl.sslContexts -> SslContexts(io.netty.handler.ssl.JdkSslContext@763a1e3d,None), gatling.http.cache.dns -> io.gatling.http.cache.DnsCacheSupport$$anon$1@5898ac4b, gatling.http.cache.baseUrl -> http://localhost:8080),0,OK,List(),io.gatling.core.protocol.ProtocolComponentsRegistry$$Lambda$598/0x000000084055d840@452b12e)
=========================
HTTP request:
GET http://localhost:8080/cpu/magic-identity-check?matrixSize=133
headers=
Accept: */*
Content-Type: application/json;charset=UTF-8
Accept-Language: en-US,en;q=0.8,nl;q=0.6
User-Agent: Mozilla/5.0 (Windows NT 6.1; WOW64) AppleWebKit/537.36 (KHTML, like Gecko) Chrome/38.0.2125.111 Safari/537.36
accept-encoding: gzip,deflate,sdch
host: localhost:8080
=========================
HTTP response:
status=
200 
headers= 
Content-Type: application/json;charset=UTF-8
Transfer-Encoding: chunked
Date: Wed, 29 Jan 2020 21:01:21 GMT

body=
{"message":"A simple magic square multiplied by an identity square of size [133] [is equal] to the magic square.","name":"Simple-PropertiesFileName","durationInMillis":4}
<<<<<<<<<<<<<<<<<<<<<<<<<
22:01:22.560 [DEBUG] i.g.c.a.Pause - Pausing for 312ms (real=311ms)
22:01:22.682 [DEBUG] i.g.h.e.t.HttpTxExecutor - Sending request=simple_delay uri=http://localhost:8080/delay?duration=555: scenario=Acceptance test, userId=125
22:01:22.682 [DEBUG] i.g.h.c.i.HttpAppHandler - Write request WritableRequest{request=DefaultFullHttpRequest(decodeResult: success, version: HTTP/1.1, content: UnpooledByteBufAllocator$InstrumentedUnpooledUnsafeHeapByteBuf(ridx: 0, widx: 0, cap: 0))
GET /delay?duration=555 HTTP/1.1
Accept: */*
Content-Type: application/json;charset=UTF-8
Accept-Language: en-US,en;q=0.8,nl;q=0.6
User-Agent: Mozilla/5.0 (Windows NT 6.1; WOW64) AppleWebKit/537.36 (KHTML, like Gecko) Chrome/38.0.2125.111 Safari/537.36
accept-encoding: gzip,deflate,sdch
host: localhost:8080, content=null}
22:01:22.812 [DEBUG] i.g.h.e.t.HttpTxExecutor - Sending request=simple_delay uri=http://localhost:8080/delay?duration=555: scenario=Acceptance test, userId=124
22:01:22.812 [DEBUG] i.g.h.c.i.HttpAppHandler - Write request WritableRequest{request=DefaultFullHttpRequest(decodeResult: success, version: HTTP/1.1, content: UnpooledByteBufAllocator$InstrumentedUnpooledUnsafeHeapByteBuf(ridx: 0, widx: 0, cap: 0))
GET /delay?duration=555 HTTP/1.1
Accept: */*
Content-Type: application/json;charset=UTF-8
Accept-Language: en-US,en;q=0.8,nl;q=0.6
User-Agent: Mozilla/5.0 (Windows NT 6.1; WOW64) AppleWebKit/537.36 (KHTML, like Gecko) Chrome/38.0.2125.111 Safari/537.36
accept-encoding: gzip,deflate,sdch
host: localhost:8080, content=null}
22:01:22.892 [DEBUG] i.g.h.e.t.HttpTxExecutor - Sending request=simple_delay uri=http://localhost:8080/delay?duration=555: scenario=Acceptance test, userId=127
22:01:22.892 [DEBUG] i.g.h.c.i.HttpAppHandler - Write request WritableRequest{request=DefaultFullHttpRequest(decodeResult: success, version: HTTP/1.1, content: UnpooledByteBufAllocator$InstrumentedUnpooledUnsafeHeapByteBuf(ridx: 0, widx: 0, cap: 0))
GET /delay?duration=555 HTTP/1.1
Accept: */*
Content-Type: application/json;charset=UTF-8
Accept-Language: en-US,en;q=0.8,nl;q=0.6
User-Agent: Mozilla/5.0 (Windows NT 6.1; WOW64) AppleWebKit/537.36 (KHTML, like Gecko) Chrome/38.0.2125.111 Safari/537.36
accept-encoding: gzip,deflate,sdch
host: localhost:8080, content=null}
22:01:23.052 [DEBUG] i.g.h.e.t.HttpTxExecutor - Sending request=simple_cpu_burn uri=http://localhost:8080/cpu/magic-identity-check?matrixSize=133: scenario=Acceptance test, userId=128
22:01:23.053 [DEBUG] i.g.c.c.i.o.OpenWorkload - Start user #128
22:01:23.054 [DEBUG] i.g.h.c.i.HttpAppHandler - Write request WritableRequest{request=DefaultFullHttpRequest(decodeResult: success, version: HTTP/1.1, content: UnpooledByteBufAllocator$InstrumentedUnpooledUnsafeHeapByteBuf(ridx: 0, widx: 0, cap: 0))
GET /cpu/magic-identity-check?matrixSize=133 HTTP/1.1
Accept: */*
Content-Type: application/json;charset=UTF-8
Accept-Language: en-US,en;q=0.8,nl;q=0.6
User-Agent: Mozilla/5.0 (Windows NT 6.1; WOW64) AppleWebKit/537.36 (KHTML, like Gecko) Chrome/38.0.2125.111 Safari/537.36
accept-encoding: gzip,deflate,sdch
host: localhost:8080, content=null}
22:01:23.064 [DEBUG] i.g.h.c.i.HttpAppHandler - Read msg='DefaultHttpResponse(decodeResult: success, version: HTTP/1.1)
HTTP/1.1 200 
Content-Type: application/json;charset=UTF-8
Transfer-Encoding: chunked
Date: Wed, 29 Jan 2020 21:01:23 GMT'
22:01:23.065 [DEBUG] i.g.h.c.i.HttpAppHandler - Read msg='DefaultHttpContent(data: PooledSlicedByteBuf(ridx: 0, widx: 170, cap: 170/170, unwrapped: PooledUnsafeDirectByteBuf(ridx: 304, widx: 304, cap: 1024)), decoderResult: success)'
22:01:23.065 [DEBUG] i.g.h.c.i.HttpAppHandler - Read msg='EmptyLastHttpContent'
22:01:23.065 [TRACE] i.g.h.e.r.DefaultStatsProcessor - 
>>>>>>>>>>>>>>>>>>>>>>>>>>
Request:
simple_cpu_burn: OK 
=========================
Session:
Session(Acceptance test,128,1580331683052,Map(gatling.http.ssl.sslContexts -> SslContexts(io.netty.handler.ssl.JdkSslContext@8c4ca01,None), gatling.http.cache.dns -> io.gatling.http.cache.DnsCacheSupport$$anon$1@5898ac4b, gatling.http.cache.baseUrl -> http://localhost:8080),0,OK,List(),io.gatling.core.protocol.ProtocolComponentsRegistry$$Lambda$598/0x000000084055d840@452b12e)
=========================
HTTP request:
GET http://localhost:8080/cpu/magic-identity-check?matrixSize=133
headers=
Accept: */*
Content-Type: application/json;charset=UTF-8
Accept-Language: en-US,en;q=0.8,nl;q=0.6
User-Agent: Mozilla/5.0 (Windows NT 6.1; WOW64) AppleWebKit/537.36 (KHTML, like Gecko) Chrome/38.0.2125.111 Safari/537.36
accept-encoding: gzip,deflate,sdch
host: localhost:8080
=========================
HTTP response:
status=
200 
headers= 
Content-Type: application/json;charset=UTF-8
Transfer-Encoding: chunked
Date: Wed, 29 Jan 2020 21:01:23 GMT

body=
{"message":"A simple magic square multiplied by an identity square of size [133] [is equal] to the magic square.","name":"Simple-PropertiesFileName","durationInMillis":9}
<<<<<<<<<<<<<<<<<<<<<<<<<
22:01:23.066 [DEBUG] i.g.c.a.Pause - Pausing for 826ms (real=826ms)
22:01:23.142 [DEBUG] i.g.h.e.t.HttpTxExecutor - Sending request=upload-file uri=http://localhost:8080/files/upload: scenario=Acceptance test, userId=114
22:01:23.143 [DEBUG] i.g.h.c.i.HttpAppHandler - Write request WritableRequest{request=DefaultHttpRequest(decodeResult: success, version: HTTP/1.1)
POST /files/upload HTTP/1.1
Accept: */*
Accept-Language: en-US,en;q=0.8,nl;q=0.6
User-Agent: Mozilla/5.0 (Windows NT 6.1; WOW64) AppleWebKit/537.36 (KHTML, like Gecko) Chrome/38.0.2125.111 Safari/537.36
accept-encoding: gzip,deflate,sdch
host: localhost:8080
content-type: multipart/form-data; boundary=LwAkMS6wttitRp4kZ9eqtNzWkO1gvh6ESye
content-length: 220, content=io.gatling.http.client.body.multipart.impl.MultipartFileRegion@473c34f4}
22:01:23.146 [DEBUG] i.g.h.c.i.HttpAppHandler - Read msg='DefaultHttpResponse(decodeResult: success, version: HTTP/1.1)
HTTP/1.1 200 
Content-Type: text/plain;charset=UTF-8
Content-Length: 62
Date: Wed, 29 Jan 2020 21:01:23 GMT'
22:01:23.146 [DEBUG] i.g.h.c.i.HttpAppHandler - Read msg='DefaultLastHttpContent(data: PooledSlicedByteBuf(ridx: 0, widx: 62, cap: 62/62, unwrapped: PooledUnsafeDirectByteBuf(ridx: 176, widx: 176, cap: 496)), decoderResult: success)'
22:01:23.146 [TRACE] i.g.h.e.r.DefaultStatsProcessor - 
>>>>>>>>>>>>>>>>>>>>>>>>>>
Request:
upload-file: OK 
=========================
Session:
Session(Acceptance test,114,1580331676051,Map(gatling.http.ssl.sslContexts -> SslContexts(io.netty.handler.ssl.JdkSslContext@7acd286d,None), gatling.http.cache.dns -> io.gatling.http.cache.DnsCacheSupport$$anon$1@5898ac4b, gatling.http.cache.baseUrl -> http://localhost:8080),22,OK,List(),io.gatling.core.protocol.ProtocolComponentsRegistry$$Lambda$598/0x000000084055d840@452b12e)
=========================
HTTP request:
POST http://localhost:8080/files/upload
headers=
Accept: */*
Accept-Language: en-US,en;q=0.8,nl;q=0.6
User-Agent: Mozilla/5.0 (Windows NT 6.1; WOW64) AppleWebKit/537.36 (KHTML, like Gecko) Chrome/38.0.2125.111 Safari/537.36
accept-encoding: gzip,deflate,sdch
host: localhost:8080
content-type: multipart/form-data; boundary=LwAkMS6wttitRp4kZ9eqtNzWkO1gvh6ESye
content-length: 220
multipartBody=
ByteArrayPart: name=upload contentType=text/plain dispositionType=null charset=UTF-8 transferEncoding=null contentId=null filename=gatling-upload.txt
=========================
HTTP response:
status=
200 
headers= 
Content-Type: text/plain;charset=UTF-8
Content-Length: 62
Date: Wed, 29 Jan 2020 21:01:23 GMT

body=
File upload succeeded [gatling-upload.txt] of size [17] bytes.
<<<<<<<<<<<<<<<<<<<<<<<<<
22:01:23.146 [DEBUG] i.g.c.a.Exit - End user #114
22:01:23.147 [DEBUG] i.g.c.c.i.Injector - End user #114
22:01:23.239 [DEBUG] i.g.h.c.i.HttpAppHandler - Read msg='DefaultHttpResponse(decodeResult: success, version: HTTP/1.1)
HTTP/1.1 200 
Content-Type: application/json;charset=UTF-8
Transfer-Encoding: chunked
Date: Wed, 29 Jan 2020 21:01:23 GMT'
22:01:23.239 [DEBUG] i.g.h.c.i.HttpAppHandler - Read msg='DefaultHttpContent(data: PooledSlicedByteBuf(ridx: 0, widx: 95, cap: 95/95, unwrapped: PooledUnsafeDirectByteBuf(ridx: 229, widx: 229, cap: 1024)), decoderResult: success)'
22:01:23.239 [DEBUG] i.g.h.c.i.HttpAppHandler - Read msg='EmptyLastHttpContent'
22:01:23.240 [TRACE] i.g.h.e.r.DefaultStatsProcessor - 
>>>>>>>>>>>>>>>>>>>>>>>>>>
Request:
simple_delay: OK 
=========================
Session:
Session(Acceptance test,125,1580331681551,Map(gatling.http.ssl.sslContexts -> SslContexts(io.netty.handler.ssl.JdkSslContext@23190d48,None), gatling.http.cache.dns -> io.gatling.http.cache.DnsCacheSupport$$anon$1@5898ac4b, gatling.http.cache.baseUrl -> http://localhost:8080),17,OK,List(),io.gatling.core.protocol.ProtocolComponentsRegistry$$Lambda$598/0x000000084055d840@452b12e)
=========================
HTTP request:
GET http://localhost:8080/delay?duration=555
headers=
Accept: */*
Content-Type: application/json;charset=UTF-8
Accept-Language: en-US,en;q=0.8,nl;q=0.6
User-Agent: Mozilla/5.0 (Windows NT 6.1; WOW64) AppleWebKit/537.36 (KHTML, like Gecko) Chrome/38.0.2125.111 Safari/537.36
accept-encoding: gzip,deflate,sdch
host: localhost:8080
=========================
HTTP response:
status=
200 
headers= 
Content-Type: application/json;charset=UTF-8
Transfer-Encoding: chunked
Date: Wed, 29 Jan 2020 21:01:23 GMT

body=
{"message":"This was a delay of 555","name":"Simple-PropertiesFileName","durationInMillis":555}
<<<<<<<<<<<<<<<<<<<<<<<<<
22:01:23.240 [DEBUG] i.g.c.a.Pause - Pausing for 310ms (real=292ms)
22:01:23.262 [DEBUG] i.g.h.e.t.HttpTxExecutor - Sending request=simple_mini_leak uri=http://localhost:8080/memory/grow?objects=8&items=54: scenario=Acceptance test, userId=115
22:01:23.262 [DEBUG] i.g.h.c.i.HttpAppHandler - Write request WritableRequest{request=DefaultFullHttpRequest(decodeResult: success, version: HTTP/1.1, content: UnpooledByteBufAllocator$InstrumentedUnpooledUnsafeHeapByteBuf(ridx: 0, widx: 0, cap: 0))
GET /memory/grow?objects=8&items=54 HTTP/1.1
Accept: */*
Content-Type: application/json;charset=UTF-8
Accept-Language: en-US,en;q=0.8,nl;q=0.6
User-Agent: Mozilla/5.0 (Windows NT 6.1; WOW64) AppleWebKit/537.36 (KHTML, like Gecko) Chrome/38.0.2125.111 Safari/537.36
accept-encoding: gzip,deflate,sdch
host: localhost:8080, content=null}
22:01:23.270 [DEBUG] i.g.h.c.i.HttpAppHandler - Read msg='DefaultHttpResponse(decodeResult: success, version: HTTP/1.1)
HTTP/1.1 200 
Content-Type: application/json;charset=UTF-8
Transfer-Encoding: chunked
Date: Wed, 29 Jan 2020 21:01:23 GMT'
22:01:23.270 [DEBUG] i.g.h.c.i.HttpAppHandler - Read msg='DefaultHttpContent(data: PooledSlicedByteBuf(ridx: 0, widx: 144, cap: 144/144, unwrapped: PooledUnsafeDirectByteBuf(ridx: 278, widx: 283, cap: 496)), decoderResult: success)'
22:01:23.270 [DEBUG] i.g.h.c.i.HttpAppHandler - Read msg='EmptyLastHttpContent'
22:01:23.271 [TRACE] i.g.h.e.r.DefaultStatsProcessor - 
>>>>>>>>>>>>>>>>>>>>>>>>>>
Request:
simple_mini_leak: OK 
=========================
Session:
Session(Acceptance test,115,1580331676551,Map(gatling.http.ssl.sslContexts -> SslContexts(io.netty.handler.ssl.JdkSslContext@4f841b44,None), gatling.http.cache.dns -> io.gatling.http.cache.DnsCacheSupport$$anon$1@5898ac4b, gatling.http.cache.baseUrl -> http://localhost:8080),18,OK,List(),io.gatling.core.protocol.ProtocolComponentsRegistry$$Lambda$598/0x000000084055d840@452b12e)
=========================
HTTP request:
GET http://localhost:8080/memory/grow?objects=8&items=54
headers=
Accept: */*
Content-Type: application/json;charset=UTF-8
Accept-Language: en-US,en;q=0.8,nl;q=0.6
User-Agent: Mozilla/5.0 (Windows NT 6.1; WOW64) AppleWebKit/537.36 (KHTML, like Gecko) Chrome/38.0.2125.111 Safari/537.36
accept-encoding: gzip,deflate,sdch
host: localhost:8080
=========================
HTTP response:
status=
200 
headers= 
Content-Type: application/json;charset=UTF-8
Transfer-Encoding: chunked
Date: Wed, 29 Jan 2020 21:01:23 GMT

body=
{"message":"Size of BigFatBastard list is now 11944 objects. It contains 644976 items.","name":"Simple-PropertiesFileName","durationInMillis":5}
<<<<<<<<<<<<<<<<<<<<<<<<<
22:01:23.271 [DEBUG] i.g.c.a.Pause - Pausing for 1918ms (real=1899ms)
22:01:23.369 [DEBUG] i.g.h.c.i.HttpAppHandler - Read msg='DefaultHttpResponse(decodeResult: success, version: HTTP/1.1)
HTTP/1.1 200 
Content-Type: application/json;charset=UTF-8
Transfer-Encoding: chunked
Date: Wed, 29 Jan 2020 21:01:23 GMT'
22:01:23.369 [DEBUG] i.g.h.c.i.HttpAppHandler - Read msg='DefaultHttpContent(data: PooledSlicedByteBuf(ridx: 0, widx: 95, cap: 95/95, unwrapped: PooledUnsafeDirectByteBuf(ridx: 229, widx: 229, cap: 512)), decoderResult: success)'
22:01:23.369 [DEBUG] i.g.h.c.i.HttpAppHandler - Read msg='EmptyLastHttpContent'
22:01:23.370 [TRACE] i.g.h.e.r.DefaultStatsProcessor - 
>>>>>>>>>>>>>>>>>>>>>>>>>>
Request:
simple_delay: OK 
=========================
Session:
Session(Acceptance test,124,1580331681051,Map(gatling.http.ssl.sslContexts -> SslContexts(io.netty.handler.ssl.JdkSslContext@3dbd90c3,None), gatling.http.cache.dns -> io.gatling.http.cache.DnsCacheSupport$$anon$1@5898ac4b, gatling.http.cache.baseUrl -> http://localhost:8080),14,OK,List(),io.gatling.core.protocol.ProtocolComponentsRegistry$$Lambda$598/0x000000084055d840@452b12e)
=========================
HTTP request:
GET http://localhost:8080/delay?duration=555
headers=
Accept: */*
Content-Type: application/json;charset=UTF-8
Accept-Language: en-US,en;q=0.8,nl;q=0.6
User-Agent: Mozilla/5.0 (Windows NT 6.1; WOW64) AppleWebKit/537.36 (KHTML, like Gecko) Chrome/38.0.2125.111 Safari/537.36
accept-encoding: gzip,deflate,sdch
host: localhost:8080
=========================
HTTP response:
status=
200 
headers= 
Content-Type: application/json;charset=UTF-8
Transfer-Encoding: chunked
Date: Wed, 29 Jan 2020 21:01:23 GMT

body=
{"message":"This was a delay of 555","name":"Simple-PropertiesFileName","durationInMillis":555}
<<<<<<<<<<<<<<<<<<<<<<<<<
22:01:23.370 [DEBUG] i.g.c.a.Pause - Pausing for 8159ms (real=8144ms)
22:01:23.382 [DEBUG] i.g.h.e.t.HttpTxExecutor - Sending request=upload-file uri=http://localhost:8080/files/upload: scenario=Acceptance test, userId=116
22:01:23.382 [DEBUG] i.g.h.c.i.HttpAppHandler - Write request WritableRequest{request=DefaultHttpRequest(decodeResult: success, version: HTTP/1.1)
POST /files/upload HTTP/1.1
Accept: */*
Accept-Language: en-US,en;q=0.8,nl;q=0.6
User-Agent: Mozilla/5.0 (Windows NT 6.1; WOW64) AppleWebKit/537.36 (KHTML, like Gecko) Chrome/38.0.2125.111 Safari/537.36
accept-encoding: gzip,deflate,sdch
host: localhost:8080
content-type: multipart/form-data; boundary=U20BqSdkYDDOmYfzrjfPeNvblcaX7HIWLQK
content-length: 220, content=io.gatling.http.client.body.multipart.impl.MultipartFileRegion@2b9ee66f}
22:01:23.385 [DEBUG] i.g.h.c.i.HttpAppHandler - Read msg='DefaultHttpResponse(decodeResult: success, version: HTTP/1.1)
HTTP/1.1 200 
Content-Type: text/plain;charset=UTF-8
Content-Length: 62
Date: Wed, 29 Jan 2020 21:01:23 GMT'
22:01:23.385 [DEBUG] i.g.h.c.i.HttpAppHandler - Read msg='DefaultLastHttpContent(data: PooledSlicedByteBuf(ridx: 0, widx: 62, cap: 62/62, unwrapped: PooledUnsafeDirectByteBuf(ridx: 176, widx: 176, cap: 480)), decoderResult: success)'
22:01:23.386 [TRACE] i.g.h.e.r.DefaultStatsProcessor - 
>>>>>>>>>>>>>>>>>>>>>>>>>>
Request:
upload-file: OK 
=========================
Session:
Session(Acceptance test,116,1580331677052,Map(gatling.http.ssl.sslContexts -> SslContexts(io.netty.handler.ssl.JdkSslContext@2d5e5568,None), gatling.http.cache.dns -> io.gatling.http.cache.DnsCacheSupport$$anon$1@5898ac4b, gatling.http.cache.baseUrl -> http://localhost:8080),19,OK,List(),io.gatling.core.protocol.ProtocolComponentsRegistry$$Lambda$598/0x000000084055d840@452b12e)
=========================
HTTP request:
POST http://localhost:8080/files/upload
headers=
Accept: */*
Accept-Language: en-US,en;q=0.8,nl;q=0.6
User-Agent: Mozilla/5.0 (Windows NT 6.1; WOW64) AppleWebKit/537.36 (KHTML, like Gecko) Chrome/38.0.2125.111 Safari/537.36
accept-encoding: gzip,deflate,sdch
host: localhost:8080
content-type: multipart/form-data; boundary=U20BqSdkYDDOmYfzrjfPeNvblcaX7HIWLQK
content-length: 220
multipartBody=
ByteArrayPart: name=upload contentType=text/plain dispositionType=null charset=UTF-8 transferEncoding=null contentId=null filename=gatling-upload.txt
=========================
HTTP response:
status=
200 
headers= 
Content-Type: text/plain;charset=UTF-8
Content-Length: 62
Date: Wed, 29 Jan 2020 21:01:23 GMT

body=
File upload succeeded [gatling-upload.txt] of size [17] bytes.
<<<<<<<<<<<<<<<<<<<<<<<<<
22:01:23.386 [DEBUG] i.g.c.a.Exit - End user #116
22:01:23.386 [DEBUG] i.g.c.c.i.Injector - End user #116
22:01:23.449 [DEBUG] i.g.h.c.i.HttpAppHandler - Read msg='DefaultHttpResponse(decodeResult: success, version: HTTP/1.1)
HTTP/1.1 200 
Content-Type: application/json;charset=UTF-8
Transfer-Encoding: chunked
Date: Wed, 29 Jan 2020 21:01:23 GMT'
22:01:23.450 [DEBUG] i.g.h.c.i.HttpAppHandler - Read msg='DefaultHttpContent(data: PooledSlicedByteBuf(ridx: 0, widx: 95, cap: 95/95, unwrapped: PooledUnsafeDirectByteBuf(ridx: 229, widx: 229, cap: 1024)), decoderResult: success)'
22:01:23.450 [DEBUG] i.g.h.c.i.HttpAppHandler - Read msg='EmptyLastHttpContent'
22:01:23.450 [TRACE] i.g.h.e.r.DefaultStatsProcessor - 
>>>>>>>>>>>>>>>>>>>>>>>>>>
Request:
simple_delay: OK 
=========================
Session:
Session(Acceptance test,127,1580331682552,Map(gatling.http.ssl.sslContexts -> SslContexts(io.netty.handler.ssl.JdkSslContext@763a1e3d,None), gatling.http.cache.dns -> io.gatling.http.cache.DnsCacheSupport$$anon$1@5898ac4b, gatling.http.cache.baseUrl -> http://localhost:8080),20,OK,List(),io.gatling.core.protocol.ProtocolComponentsRegistry$$Lambda$598/0x000000084055d840@452b12e)
=========================
HTTP request:
GET http://localhost:8080/delay?duration=555
headers=
Accept: */*
Content-Type: application/json;charset=UTF-8
Accept-Language: en-US,en;q=0.8,nl;q=0.6
User-Agent: Mozilla/5.0 (Windows NT 6.1; WOW64) AppleWebKit/537.36 (KHTML, like Gecko) Chrome/38.0.2125.111 Safari/537.36
accept-encoding: gzip,deflate,sdch
host: localhost:8080
=========================
HTTP response:
status=
200 
headers= 
Content-Type: application/json;charset=UTF-8
Transfer-Encoding: chunked
Date: Wed, 29 Jan 2020 21:01:23 GMT

body=
{"message":"This was a delay of 555","name":"Simple-PropertiesFileName","durationInMillis":555}
<<<<<<<<<<<<<<<<<<<<<<<<<
22:01:23.450 [DEBUG] i.g.c.a.Pause - Pausing for 1206ms (real=1186ms)
22:01:23.552 [DEBUG] i.g.h.e.t.HttpTxExecutor - Sending request=simple_mini_leak uri=http://localhost:8080/memory/grow?objects=8&items=54: scenario=Acceptance test, userId=125
22:01:23.552 [DEBUG] i.g.c.c.i.o.OpenWorkload - Injecting 2 users in scenario Acceptance test, continue=true
22:01:23.552 [DEBUG] i.g.h.e.t.HttpTxExecutor - Sending request=simple_cpu_burn uri=http://localhost:8080/cpu/magic-identity-check?matrixSize=133: scenario=Acceptance test, userId=129
22:01:23.552 [DEBUG] i.g.c.c.i.o.OpenWorkload - Start user #129
22:01:23.552 [DEBUG] i.g.h.c.i.HttpAppHandler - Write request WritableRequest{request=DefaultFullHttpRequest(decodeResult: success, version: HTTP/1.1, content: UnpooledByteBufAllocator$InstrumentedUnpooledUnsafeHeapByteBuf(ridx: 0, widx: 0, cap: 0))
GET /memory/grow?objects=8&items=54 HTTP/1.1
Accept: */*
Content-Type: application/json;charset=UTF-8
Accept-Language: en-US,en;q=0.8,nl;q=0.6
User-Agent: Mozilla/5.0 (Windows NT 6.1; WOW64) AppleWebKit/537.36 (KHTML, like Gecko) Chrome/38.0.2125.111 Safari/537.36
accept-encoding: gzip,deflate,sdch
host: localhost:8080, content=null}
22:01:23.554 [DEBUG] i.g.h.c.i.HttpAppHandler - Write request WritableRequest{request=DefaultFullHttpRequest(decodeResult: success, version: HTTP/1.1, content: UnpooledByteBufAllocator$InstrumentedUnpooledUnsafeHeapByteBuf(ridx: 0, widx: 0, cap: 0))
GET /cpu/magic-identity-check?matrixSize=133 HTTP/1.1
Accept: */*
Content-Type: application/json;charset=UTF-8
Accept-Language: en-US,en;q=0.8,nl;q=0.6
User-Agent: Mozilla/5.0 (Windows NT 6.1; WOW64) AppleWebKit/537.36 (KHTML, like Gecko) Chrome/38.0.2125.111 Safari/537.36
accept-encoding: gzip,deflate,sdch
host: localhost:8080, content=null}
22:01:23.560 [DEBUG] i.g.h.c.i.HttpAppHandler - Read msg='DefaultHttpResponse(decodeResult: success, version: HTTP/1.1)
HTTP/1.1 200 
Content-Type: application/json;charset=UTF-8
Transfer-Encoding: chunked
Date: Wed, 29 Jan 2020 21:01:23 GMT'
22:01:23.560 [DEBUG] i.g.h.c.i.HttpAppHandler - Read msg='DefaultHttpContent(data: PooledSlicedByteBuf(ridx: 0, widx: 144, cap: 144/144, unwrapped: PooledUnsafeDirectByteBuf(ridx: 278, widx: 278, cap: 512)), decoderResult: success)'
22:01:23.560 [DEBUG] i.g.h.c.i.HttpAppHandler - Read msg='EmptyLastHttpContent'
22:01:23.561 [TRACE] i.g.h.e.r.DefaultStatsProcessor - 
>>>>>>>>>>>>>>>>>>>>>>>>>>
Request:
simple_mini_leak: OK 
=========================
Session:
Session(Acceptance test,125,1580331681551,Map(gatling.http.ssl.sslContexts -> SslContexts(io.netty.handler.ssl.JdkSslContext@23190d48,None), gatling.http.cache.dns -> io.gatling.http.cache.DnsCacheSupport$$anon$1@5898ac4b, gatling.http.cache.baseUrl -> http://localhost:8080),20,OK,List(),io.gatling.core.protocol.ProtocolComponentsRegistry$$Lambda$598/0x000000084055d840@452b12e)
=========================
HTTP request:
GET http://localhost:8080/memory/grow?objects=8&items=54
headers=
Accept: */*
Content-Type: application/json;charset=UTF-8
Accept-Language: en-US,en;q=0.8,nl;q=0.6
User-Agent: Mozilla/5.0 (Windows NT 6.1; WOW64) AppleWebKit/537.36 (KHTML, like Gecko) Chrome/38.0.2125.111 Safari/537.36
accept-encoding: gzip,deflate,sdch
host: localhost:8080
=========================
HTTP response:
status=
200 
headers= 
Content-Type: application/json;charset=UTF-8
Transfer-Encoding: chunked
Date: Wed, 29 Jan 2020 21:01:23 GMT

body=
{"message":"Size of BigFatBastard list is now 11952 objects. It contains 645408 items.","name":"Simple-PropertiesFileName","durationInMillis":5}
<<<<<<<<<<<<<<<<<<<<<<<<<
22:01:23.561 [DEBUG] i.g.c.a.Pause - Pausing for 2653ms (real=2632ms)
22:01:23.564 [DEBUG] i.g.h.c.i.HttpAppHandler - Read msg='DefaultHttpResponse(decodeResult: success, version: HTTP/1.1)
HTTP/1.1 200 
Content-Type: application/json;charset=UTF-8
Transfer-Encoding: chunked
Date: Wed, 29 Jan 2020 21:01:23 GMT'
22:01:23.564 [DEBUG] i.g.h.c.i.HttpAppHandler - Read msg='DefaultHttpContent(data: PooledSlicedByteBuf(ridx: 0, widx: 170, cap: 170/170, unwrapped: PooledUnsafeDirectByteBuf(ridx: 304, widx: 304, cap: 1024)), decoderResult: success)'
22:01:23.564 [DEBUG] i.g.h.c.i.HttpAppHandler - Read msg='EmptyLastHttpContent'
22:01:23.565 [TRACE] i.g.h.e.r.DefaultStatsProcessor - 
>>>>>>>>>>>>>>>>>>>>>>>>>>
Request:
simple_cpu_burn: OK 
=========================
Session:
Session(Acceptance test,129,1580331683552,Map(gatling.http.ssl.sslContexts -> SslContexts(io.netty.handler.ssl.JdkSslContext@403f531f,None), gatling.http.cache.dns -> io.gatling.http.cache.DnsCacheSupport$$anon$1@5898ac4b, gatling.http.cache.baseUrl -> http://localhost:8080),0,OK,List(),io.gatling.core.protocol.ProtocolComponentsRegistry$$Lambda$598/0x000000084055d840@452b12e)
=========================
HTTP request:
GET http://localhost:8080/cpu/magic-identity-check?matrixSize=133
headers=
Accept: */*
Content-Type: application/json;charset=UTF-8
Accept-Language: en-US,en;q=0.8,nl;q=0.6
User-Agent: Mozilla/5.0 (Windows NT 6.1; WOW64) AppleWebKit/537.36 (KHTML, like Gecko) Chrome/38.0.2125.111 Safari/537.36
accept-encoding: gzip,deflate,sdch
host: localhost:8080
=========================
HTTP response:
status=
200 
headers= 
Content-Type: application/json;charset=UTF-8
Transfer-Encoding: chunked
Date: Wed, 29 Jan 2020 21:01:23 GMT

body=
{"message":"A simple magic square multiplied by an identity square of size [133] [is equal] to the magic square.","name":"Simple-PropertiesFileName","durationInMillis":9}
<<<<<<<<<<<<<<<<<<<<<<<<<
22:01:23.565 [DEBUG] i.g.c.a.Pause - Pausing for 3754ms (real=3754ms)
22:01:23.912 [DEBUG] i.g.h.e.t.HttpTxExecutor - Sending request=simple_delay uri=http://localhost:8080/delay?duration=555: scenario=Acceptance test, userId=128
22:01:23.912 [DEBUG] i.g.h.c.i.HttpAppHandler - Write request WritableRequest{request=DefaultFullHttpRequest(decodeResult: success, version: HTTP/1.1, content: UnpooledByteBufAllocator$InstrumentedUnpooledUnsafeHeapByteBuf(ridx: 0, widx: 0, cap: 0))
GET /delay?duration=555 HTTP/1.1
Accept: */*
Content-Type: application/json;charset=UTF-8
Accept-Language: en-US,en;q=0.8,nl;q=0.6
User-Agent: Mozilla/5.0 (Windows NT 6.1; WOW64) AppleWebKit/537.36 (KHTML, like Gecko) Chrome/38.0.2125.111 Safari/537.36
accept-encoding: gzip,deflate,sdch
host: localhost:8080, content=null}
22:01:24.052 [DEBUG] i.g.h.e.t.HttpTxExecutor - Sending request=simple_cpu_burn uri=http://localhost:8080/cpu/magic-identity-check?matrixSize=133: scenario=Acceptance test, userId=130
22:01:24.052 [DEBUG] i.g.c.c.i.o.OpenWorkload - Start user #130
22:01:24.053 [DEBUG] i.g.h.c.i.HttpAppHandler - Write request WritableRequest{request=DefaultFullHttpRequest(decodeResult: success, version: HTTP/1.1, content: UnpooledByteBufAllocator$InstrumentedUnpooledUnsafeHeapByteBuf(ridx: 0, widx: 0, cap: 0))
GET /cpu/magic-identity-check?matrixSize=133 HTTP/1.1
Accept: */*
Content-Type: application/json;charset=UTF-8
Accept-Language: en-US,en;q=0.8,nl;q=0.6
User-Agent: Mozilla/5.0 (Windows NT 6.1; WOW64) AppleWebKit/537.36 (KHTML, like Gecko) Chrome/38.0.2125.111 Safari/537.36
accept-encoding: gzip,deflate,sdch
host: localhost:8080, content=null}
22:01:24.061 [DEBUG] i.g.h.c.i.HttpAppHandler - Read msg='DefaultHttpResponse(decodeResult: success, version: HTTP/1.1)
HTTP/1.1 200 
Content-Type: application/json;charset=UTF-8
Transfer-Encoding: chunked
Date: Wed, 29 Jan 2020 21:01:23 GMT'
22:01:24.061 [DEBUG] i.g.h.c.i.HttpAppHandler - Read msg='DefaultHttpContent(data: PooledSlicedByteBuf(ridx: 0, widx: 170, cap: 170/170, unwrapped: PooledUnsafeDirectByteBuf(ridx: 304, widx: 309, cap: 1024)), decoderResult: success)'
22:01:24.061 [DEBUG] i.g.h.c.i.HttpAppHandler - Read msg='EmptyLastHttpContent'
22:01:24.061 [TRACE] i.g.h.e.r.DefaultStatsProcessor - 
>>>>>>>>>>>>>>>>>>>>>>>>>>
Request:
simple_cpu_burn: OK 
=========================
Session:
Session(Acceptance test,130,1580331684051,Map(gatling.http.ssl.sslContexts -> SslContexts(io.netty.handler.ssl.JdkSslContext@7b64de2d,None), gatling.http.cache.dns -> io.gatling.http.cache.DnsCacheSupport$$anon$1@5898ac4b, gatling.http.cache.baseUrl -> http://localhost:8080),0,OK,List(),io.gatling.core.protocol.ProtocolComponentsRegistry$$Lambda$598/0x000000084055d840@452b12e)
=========================
HTTP request:
GET http://localhost:8080/cpu/magic-identity-check?matrixSize=133
headers=
Accept: */*
Content-Type: application/json;charset=UTF-8
Accept-Language: en-US,en;q=0.8,nl;q=0.6
User-Agent: Mozilla/5.0 (Windows NT 6.1; WOW64) AppleWebKit/537.36 (KHTML, like Gecko) Chrome/38.0.2125.111 Safari/537.36
accept-encoding: gzip,deflate,sdch
host: localhost:8080
=========================
HTTP response:
status=
200 
headers= 
Content-Type: application/json;charset=UTF-8
Transfer-Encoding: chunked
Date: Wed, 29 Jan 2020 21:01:23 GMT

body=
{"message":"A simple magic square multiplied by an identity square of size [133] [is equal] to the magic square.","name":"Simple-PropertiesFileName","durationInMillis":5}
<<<<<<<<<<<<<<<<<<<<<<<<<
22:01:24.061 [DEBUG] i.g.c.a.Pause - Pausing for 1607ms (real=1607ms)
22:01:24.162 [DEBUG] i.g.h.e.t.HttpTxExecutor - Sending request=simple_mini_leak uri=http://localhost:8080/memory/grow?objects=8&items=54: scenario=Acceptance test, userId=122
22:01:24.162 [DEBUG] i.g.h.c.i.HttpAppHandler - Write request WritableRequest{request=DefaultFullHttpRequest(decodeResult: success, version: HTTP/1.1, content: UnpooledByteBufAllocator$InstrumentedUnpooledUnsafeHeapByteBuf(ridx: 0, widx: 0, cap: 0))
GET /memory/grow?objects=8&items=54 HTTP/1.1
Accept: */*
Content-Type: application/json;charset=UTF-8
Accept-Language: en-US,en;q=0.8,nl;q=0.6
User-Agent: Mozilla/5.0 (Windows NT 6.1; WOW64) AppleWebKit/537.36 (KHTML, like Gecko) Chrome/38.0.2125.111 Safari/537.36
accept-encoding: gzip,deflate,sdch
host: localhost:8080, content=null}
22:01:24.169 [DEBUG] i.g.h.c.i.HttpAppHandler - Read msg='DefaultHttpResponse(decodeResult: success, version: HTTP/1.1)
HTTP/1.1 200 
Content-Type: application/json;charset=UTF-8
Transfer-Encoding: chunked
Date: Wed, 29 Jan 2020 21:01:24 GMT'
22:01:24.169 [DEBUG] i.g.h.c.i.HttpAppHandler - Read msg='DefaultHttpContent(data: PooledSlicedByteBuf(ridx: 0, widx: 144, cap: 144/144, unwrapped: PooledUnsafeDirectByteBuf(ridx: 278, widx: 283, cap: 512)), decoderResult: success)'
22:01:24.169 [DEBUG] i.g.h.c.i.HttpAppHandler - Read msg='EmptyLastHttpContent'
22:01:24.170 [TRACE] i.g.h.e.r.DefaultStatsProcessor - 
>>>>>>>>>>>>>>>>>>>>>>>>>>
Request:
simple_mini_leak: OK 
=========================
Session:
Session(Acceptance test,122,1580331680052,Map(gatling.http.ssl.sslContexts -> SslContexts(io.netty.handler.ssl.JdkSslContext@3669cdb1,None), gatling.http.cache.dns -> io.gatling.http.cache.DnsCacheSupport$$anon$1@5898ac4b, gatling.http.cache.baseUrl -> http://localhost:8080),14,OK,List(),io.gatling.core.protocol.ProtocolComponentsRegistry$$Lambda$598/0x000000084055d840@452b12e)
=========================
HTTP request:
GET http://localhost:8080/memory/grow?objects=8&items=54
headers=
Accept: */*
Content-Type: application/json;charset=UTF-8
Accept-Language: en-US,en;q=0.8,nl;q=0.6
User-Agent: Mozilla/5.0 (Windows NT 6.1; WOW64) AppleWebKit/537.36 (KHTML, like Gecko) Chrome/38.0.2125.111 Safari/537.36
accept-encoding: gzip,deflate,sdch
host: localhost:8080
=========================
HTTP response:
status=
200 
headers= 
Content-Type: application/json;charset=UTF-8
Transfer-Encoding: chunked
Date: Wed, 29 Jan 2020 21:01:24 GMT

body=
{"message":"Size of BigFatBastard list is now 11960 objects. It contains 645840 items.","name":"Simple-PropertiesFileName","durationInMillis":5}
<<<<<<<<<<<<<<<<<<<<<<<<<
22:01:24.170 [DEBUG] i.g.c.a.Pause - Pausing for 506ms (real=492ms)

================================================================================
2020-01-29 22:01:24                                          80s elapsed
---- Requests ------------------------------------------------------------------
> Global                                                   (OK=481    KO=1     )
> simple_cpu_burn                                          (OK=130    KO=0     )
> simple_delay                                             (OK=126    KO=0     )
> simple_mini_leak                                         (OK=116    KO=1     )
> upload-file                                              (OK=109    KO=0     )
---- Errors --------------------------------------------------------------------
> status.find.is(200), but actually found 500                         1 (100.0%)

---- Acceptance test -----------------------------------------------------------
[###########---                                                            ] 15%
          waiting: 560    / active: 21     / done: 109   
================================================================================

22:01:24.176 [DEBUG] i.g.g.m.GraphiteMetrics$ - GraphiteMetrics=gatling2.BurnAfter.acc.afterburner.users.allUsers.active 42 1580331684
gatling2.BurnAfter.acc.afterburner.users.allUsers.waiting 560 1580331684
gatling2.BurnAfter.acc.afterburner.users.allUsers.done 109 1580331684
gatling2.BurnAfter.acc.afterburner.users.Acceptance_test.active 42 1580331684
gatling2.BurnAfter.acc.afterburner.users.Acceptance_test.waiting 560 1580331684
gatling2.BurnAfter.acc.afterburner.users.Acceptance_test.done 109 1580331684
gatling2.BurnAfter.acc.afterburner.simple_delay.ok.count 27 1580331684
gatling2.BurnAfter.acc.afterburner.simple_delay.ok.min 556 1580331684
gatling2.BurnAfter.acc.afterburner.simple_delay.ok.max 559 1580331684
gatling2.BurnAfter.acc.afterburner.simple_delay.ok.mean 558 1580331684
gatling2.BurnAfter.acc.afterburner.simple_delay.ok.stdDev 0 1580331684
gatling2.BurnAfter.acc.afterburner.simple_delay.ok.percentiles50 559 1580331684
gatling2.BurnAfter.acc.afterburner.simple_delay.ok.percentiles75 559 1580331684
gatling2.BurnAfter.acc.afterburner.simple_delay.ok.percentiles95 559 1580331684
gatling2.BurnAfter.acc.afterburner.simple_delay.ok.percentiles99 559 1580331684
gatling2.BurnAfter.acc.afterburner.simple_delay.ko.count 0 1580331684
gatling2.BurnAfter.acc.afterburner.simple_delay.all.count 27 1580331684
gatling2.BurnAfter.acc.afterburner.simple_delay.all.min 556 1580331684
gatling2.BurnAfter.acc.afterburner.simple_delay.all.max 559 1580331684
gatling2.BurnAfter.acc.afterburner.simple_delay.all.mean 558 1580331684
gatling2.BurnAfter.acc.afterburner.simple_delay.all.stdDev 0 1580331684
gatling2.BurnAfter.acc.afterburner.simple_delay.all.percentiles50 559 1580331684
gatling2.BurnAfter.acc.afterburner.simple_delay.all.percentiles75 559 1580331684
gatling2.BurnAfter.acc.afterburner.simple_delay.all.percentiles95 559 1580331684
gatling2.BurnAfter.acc.afterburner.simple_delay.all.percentiles99 559 1580331684
gatling2.BurnAfter.acc.afterburner.upload-file.ok.count 21 1580331684
gatling2.BurnAfter.acc.afterburner.upload-file.ok.min 1 1580331684
gatling2.BurnAfter.acc.afterburner.upload-file.ok.max 4 1580331684
gatling2.BurnAfter.acc.afterburner.upload-file.ok.mean 3 1580331684
gatling2.BurnAfter.acc.afterburner.upload-file.ok.stdDev 0 1580331684
gatling2.BurnAfter.acc.afterburner.upload-file.ok.percentiles50 3 1580331684
gatling2.BurnAfter.acc.afterburner.upload-file.ok.percentiles75 4 1580331684
gatling2.BurnAfter.acc.afterburner.upload-file.ok.percentiles95 4 1580331684
gatling2.BurnAfter.acc.afterburner.upload-file.ok.percentiles99 4 1580331684
gatling2.BurnAfter.acc.afterburner.upload-file.ko.count 0 1580331684
gatling2.BurnAfter.acc.afterburner.upload-file.all.count 21 1580331684
gatling2.BurnAfter.acc.afterburner.upload-file.all.min 1 1580331684
gatling2.BurnAfter.acc.afterburner.upload-file.all.max 4 1580331684
gatling2.BurnAfter.acc.afterburner.upload-file.all.mean 3 1580331684
gatling2.BurnAfter.acc.afterburner.upload-file.all.stdDev 0 1580331684
gatling2.BurnAfter.acc.afterburner.upload-file.all.percentiles50 3 1580331684
gatling2.BurnAfter.acc.afterburner.upload-file.all.percentiles75 4 1580331684
gatling2.BurnAfter.acc.afterburner.upload-file.all.percentiles95 4 1580331684
gatling2.BurnAfter.acc.afterburner.upload-file.all.percentiles99 4 1580331684
gatling2.BurnAfter.acc.afterburner.simple_mini_leak.ok.count 25 1580331684
gatling2.BurnAfter.acc.afterburner.simple_mini_leak.ok.min 3 1580331684
gatling2.BurnAfter.acc.afterburner.simple_mini_leak.ok.max 8 1580331684
gatling2.BurnAfter.acc.afterburner.simple_mini_leak.ok.mean 7 1580331684
gatling2.BurnAfter.acc.afterburner.simple_mini_leak.ok.stdDev 1 1580331684
gatling2.BurnAfter.acc.afterburner.simple_mini_leak.ok.percentiles50 7 1580331684
gatling2.BurnAfter.acc.afterburner.simple_mini_leak.ok.percentiles75 8 1580331684
gatling2.BurnAfter.acc.afterburner.simple_mini_leak.ok.percentiles95 8 1580331684
gatling2.BurnAfter.acc.afterburner.simple_mini_leak.ok.percentiles99 8 1580331684
gatling2.BurnAfter.acc.afterburner.simple_mini_leak.ko.count 0 1580331684
gatling2.BurnAfter.acc.afterburner.simple_mini_leak.all.count 25 1580331684
gatling2.BurnAfter.acc.afterburner.simple_mini_leak.all.min 3 1580331684
gatling2.BurnAfter.acc.afterburner.simple_mini_leak.all.max 8 1580331684
gatling2.BurnAfter.acc.afterburner.simple_mini_leak.all.mean 7 1580331684
gatling2.BurnAfter.acc.afterburner.simple_mini_leak.all.stdDev 1 1580331684
gatling2.BurnAfter.acc.afterburner.simple_mini_leak.all.percentiles50 7 1580331684
gatling2.BurnAfter.acc.afterburner.simple_mini_leak.all.percentiles75 8 1580331684
gatling2.BurnAfter.acc.afterburner.simple_mini_leak.all.percentiles95 8 1580331684
gatling2.BurnAfter.acc.afterburner.simple_mini_leak.all.percentiles99 8 1580331684
gatling2.BurnAfter.acc.afterburner.simple_cpu_burn.ok.count 20 1580331684
gatling2.BurnAfter.acc.afterburner.simple_cpu_burn.ok.min 4 1580331684
gatling2.BurnAfter.acc.afterburner.simple_cpu_burn.ok.max 20 1580331684
gatling2.BurnAfter.acc.afterburner.simple_cpu_burn.ok.mean 10 1580331684
gatling2.BurnAfter.acc.afterburner.simple_cpu_burn.ok.stdDev 3 1580331684
gatling2.BurnAfter.acc.afterburner.simple_cpu_burn.ok.percentiles50 12 1580331684
gatling2.BurnAfter.acc.afterburner.simple_cpu_burn.ok.percentiles75 12 1580331684
gatling2.BurnAfter.acc.afterburner.simple_cpu_burn.ok.percentiles95 13 1580331684
gatling2.BurnAfter.acc.afterburner.simple_cpu_burn.ok.percentiles99 20 1580331684
gatling2.BurnAfter.acc.afterburner.simple_cpu_burn.ko.count 0 1580331684
gatling2.BurnAfter.acc.afterburner.simple_cpu_burn.all.count 20 1580331684
gatling2.BurnAfter.acc.afterburner.simple_cpu_burn.all.min 4 1580331684
gatling2.BurnAfter.acc.afterburner.simple_cpu_burn.all.max 20 1580331684
gatling2.BurnAfter.acc.afterburner.simple_cpu_burn.all.mean 10 1580331684
gatling2.BurnAfter.acc.afterburner.simple_cpu_burn.all.stdDev 3 1580331684
gatling2.BurnAfter.acc.afterburner.simple_cpu_burn.all.percentiles50 12 1580331684
gatling2.BurnAfter.acc.afterburner.simple_cpu_burn.all.percentiles75 12 1580331684
gatling2.BurnAfter.acc.afterburner.simple_cpu_burn.all.percentiles95 13 1580331684
gatling2.BurnAfter.acc.afterburner.simple_cpu_burn.all.percentiles99 20 1580331684
gatling2.BurnAfter.acc.afterburner.allRequests.ok.count 93 1580331684
gatling2.BurnAfter.acc.afterburner.allRequests.ok.min 1 1580331684
gatling2.BurnAfter.acc.afterburner.allRequests.ok.max 559 1580331684
gatling2.BurnAfter.acc.afterburner.allRequests.ok.mean 166 1580331684
gatling2.BurnAfter.acc.afterburner.allRequests.ok.stdDev 250 1580331684
gatling2.BurnAfter.acc.afterburner.allRequests.ok.percentiles50 8 1580331684
gatling2.BurnAfter.acc.afterburner.allRequests.ok.percentiles75 559 1580331684
gatling2.BurnAfter.acc.afterburner.allRequests.ok.percentiles95 559 1580331684
gatling2.BurnAfter.acc.afterburner.allRequests.ok.percentiles99 559 1580331684
gatling2.BurnAfter.acc.afterburner.allRequests.ko.count 0 1580331684
gatling2.BurnAfter.acc.afterburner.allRequests.all.count 93 1580331684
gatling2.BurnAfter.acc.afterburner.allRequests.all.min 1 1580331684
gatling2.BurnAfter.acc.afterburner.allRequests.all.max 559 1580331684
gatling2.BurnAfter.acc.afterburner.allRequests.all.mean 166 1580331684
gatling2.BurnAfter.acc.afterburner.allRequests.all.stdDev 250 1580331684
gatling2.BurnAfter.acc.afterburner.allRequests.all.percentiles50 8 1580331684
gatling2.BurnAfter.acc.afterburner.allRequests.all.percentiles75 559 1580331684
gatling2.BurnAfter.acc.afterburner.allRequests.all.percentiles95 559 1580331684
gatling2.BurnAfter.acc.afterburner.allRequests.all.percentiles99 559 1580331684

22:01:24.176 [DEBUG] i.g.g.s.TcpSender - All connection/sending retries have been exhausted, ignore further messages
22:01:24.181 [DEBUG] i.g.h.e.t.HttpTxExecutor - Sending request=simple_mini_leak uri=http://localhost:8080/memory/grow?objects=8&items=54: scenario=Acceptance test, userId=112
22:01:24.182 [DEBUG] i.g.h.c.i.HttpAppHandler - Write request WritableRequest{request=DefaultFullHttpRequest(decodeResult: success, version: HTTP/1.1, content: UnpooledByteBufAllocator$InstrumentedUnpooledUnsafeHeapByteBuf(ridx: 0, widx: 0, cap: 0))
GET /memory/grow?objects=8&items=54 HTTP/1.1
Accept: */*
Content-Type: application/json;charset=UTF-8
Accept-Language: en-US,en;q=0.8,nl;q=0.6
User-Agent: Mozilla/5.0 (Windows NT 6.1; WOW64) AppleWebKit/537.36 (KHTML, like Gecko) Chrome/38.0.2125.111 Safari/537.36
accept-encoding: gzip,deflate,sdch
host: localhost:8080, content=null}
22:01:24.188 [DEBUG] i.g.h.c.i.HttpAppHandler - Read msg='DefaultHttpResponse(decodeResult: success, version: HTTP/1.1)
HTTP/1.1 200 
Content-Type: application/json;charset=UTF-8
Transfer-Encoding: chunked
Date: Wed, 29 Jan 2020 21:01:24 GMT'
22:01:24.188 [DEBUG] i.g.h.c.i.HttpAppHandler - Read msg='DefaultHttpContent(data: PooledSlicedByteBuf(ridx: 0, widx: 144, cap: 144/144, unwrapped: PooledUnsafeDirectByteBuf(ridx: 278, widx: 278, cap: 512)), decoderResult: success)'
22:01:24.189 [DEBUG] i.g.h.c.i.HttpAppHandler - Read msg='EmptyLastHttpContent'
22:01:24.189 [TRACE] i.g.h.e.r.DefaultStatsProcessor - 
>>>>>>>>>>>>>>>>>>>>>>>>>>
Request:
simple_mini_leak: OK 
=========================
Session:
Session(Acceptance test,112,1580331675051,Map(gatling.http.ssl.sslContexts -> SslContexts(io.netty.handler.ssl.JdkSslContext@581f292b,None), gatling.http.cache.dns -> io.gatling.http.cache.DnsCacheSupport$$anon$1@5898ac4b, gatling.http.cache.baseUrl -> http://localhost:8080),14,OK,List(),io.gatling.core.protocol.ProtocolComponentsRegistry$$Lambda$598/0x000000084055d840@452b12e)
=========================
HTTP request:
GET http://localhost:8080/memory/grow?objects=8&items=54
headers=
Accept: */*
Content-Type: application/json;charset=UTF-8
Accept-Language: en-US,en;q=0.8,nl;q=0.6
User-Agent: Mozilla/5.0 (Windows NT 6.1; WOW64) AppleWebKit/537.36 (KHTML, like Gecko) Chrome/38.0.2125.111 Safari/537.36
accept-encoding: gzip,deflate,sdch
host: localhost:8080
=========================
HTTP response:
status=
200 
headers= 
Content-Type: application/json;charset=UTF-8
Transfer-Encoding: chunked
Date: Wed, 29 Jan 2020 21:01:24 GMT

body=
{"message":"Size of BigFatBastard list is now 11968 objects. It contains 646272 items.","name":"Simple-PropertiesFileName","durationInMillis":5}
<<<<<<<<<<<<<<<<<<<<<<<<<
22:01:24.189 [DEBUG] i.g.c.a.Pause - Pausing for 1864ms (real=1850ms)
22:01:24.442 [DEBUG] i.g.h.e.t.HttpTxExecutor - Sending request=simple_mini_leak uri=http://localhost:8080/memory/grow?objects=8&items=54: scenario=Acceptance test, userId=123
22:01:24.442 [DEBUG] i.g.h.e.t.HttpTxExecutor - Sending request=simple_delay uri=http://localhost:8080/delay?duration=555: scenario=Acceptance test, userId=126
22:01:24.442 [DEBUG] i.g.h.c.i.HttpAppHandler - Write request WritableRequest{request=DefaultFullHttpRequest(decodeResult: success, version: HTTP/1.1, content: UnpooledByteBufAllocator$InstrumentedUnpooledUnsafeHeapByteBuf(ridx: 0, widx: 0, cap: 0))
GET /memory/grow?objects=8&items=54 HTTP/1.1
Accept: */*
Content-Type: application/json;charset=UTF-8
Accept-Language: en-US,en;q=0.8,nl;q=0.6
User-Agent: Mozilla/5.0 (Windows NT 6.1; WOW64) AppleWebKit/537.36 (KHTML, like Gecko) Chrome/38.0.2125.111 Safari/537.36
accept-encoding: gzip,deflate,sdch
host: localhost:8080, content=null}
22:01:24.442 [DEBUG] i.g.h.c.i.HttpAppHandler - Write request WritableRequest{request=DefaultFullHttpRequest(decodeResult: success, version: HTTP/1.1, content: UnpooledByteBufAllocator$InstrumentedUnpooledUnsafeHeapByteBuf(ridx: 0, widx: 0, cap: 0))
GET /delay?duration=555 HTTP/1.1
Accept: */*
Content-Type: application/json;charset=UTF-8
Accept-Language: en-US,en;q=0.8,nl;q=0.6
User-Agent: Mozilla/5.0 (Windows NT 6.1; WOW64) AppleWebKit/537.36 (KHTML, like Gecko) Chrome/38.0.2125.111 Safari/537.36
accept-encoding: gzip,deflate,sdch
host: localhost:8080, content=null}
22:01:24.449 [DEBUG] i.g.h.c.i.HttpAppHandler - Read msg='DefaultHttpResponse(decodeResult: success, version: HTTP/1.1)
HTTP/1.1 200 
Content-Type: application/json;charset=UTF-8
Transfer-Encoding: chunked
Date: Wed, 29 Jan 2020 21:01:24 GMT'
22:01:24.449 [DEBUG] i.g.h.c.i.HttpAppHandler - Read msg='DefaultHttpContent(data: PooledSlicedByteBuf(ridx: 0, widx: 144, cap: 144/144, unwrapped: PooledUnsafeDirectByteBuf(ridx: 278, widx: 278, cap: 512)), decoderResult: success)'
22:01:24.449 [DEBUG] i.g.h.c.i.HttpAppHandler - Read msg='EmptyLastHttpContent'
22:01:24.449 [TRACE] i.g.h.e.r.DefaultStatsProcessor - 
>>>>>>>>>>>>>>>>>>>>>>>>>>
Request:
simple_mini_leak: OK 
=========================
Session:
Session(Acceptance test,123,1580331680551,Map(gatling.http.ssl.sslContexts -> SslContexts(io.netty.handler.ssl.JdkSslContext@f3e1aca,None), gatling.http.cache.dns -> io.gatling.http.cache.DnsCacheSupport$$anon$1@5898ac4b, gatling.http.cache.baseUrl -> http://localhost:8080),20,OK,List(),io.gatling.core.protocol.ProtocolComponentsRegistry$$Lambda$598/0x000000084055d840@452b12e)
=========================
HTTP request:
GET http://localhost:8080/memory/grow?objects=8&items=54
headers=
Accept: */*
Content-Type: application/json;charset=UTF-8
Accept-Language: en-US,en;q=0.8,nl;q=0.6
User-Agent: Mozilla/5.0 (Windows NT 6.1; WOW64) AppleWebKit/537.36 (KHTML, like Gecko) Chrome/38.0.2125.111 Safari/537.36
accept-encoding: gzip,deflate,sdch
host: localhost:8080
=========================
HTTP response:
status=
200 
headers= 
Content-Type: application/json;charset=UTF-8
Transfer-Encoding: chunked
Date: Wed, 29 Jan 2020 21:01:24 GMT

body=
{"message":"Size of BigFatBastard list is now 11976 objects. It contains 646704 items.","name":"Simple-PropertiesFileName","durationInMillis":4}
<<<<<<<<<<<<<<<<<<<<<<<<<
22:01:24.449 [DEBUG] i.g.c.a.Pause - Pausing for 2753ms (real=2733ms)
22:01:24.469 [DEBUG] i.g.h.c.i.HttpAppHandler - Read msg='DefaultHttpResponse(decodeResult: success, version: HTTP/1.1)
HTTP/1.1 200 
Content-Type: application/json;charset=UTF-8
Transfer-Encoding: chunked
Date: Wed, 29 Jan 2020 21:01:24 GMT'
22:01:24.469 [DEBUG] i.g.h.c.i.HttpAppHandler - Read msg='DefaultHttpContent(data: PooledSlicedByteBuf(ridx: 0, widx: 95, cap: 95/95, unwrapped: PooledUnsafeDirectByteBuf(ridx: 229, widx: 234, cap: 512)), decoderResult: success)'
22:01:24.469 [DEBUG] i.g.h.c.i.HttpAppHandler - Read msg='EmptyLastHttpContent'
22:01:24.469 [TRACE] i.g.h.e.r.DefaultStatsProcessor - 
>>>>>>>>>>>>>>>>>>>>>>>>>>
Request:
simple_delay: OK 
=========================
Session:
Session(Acceptance test,128,1580331683052,Map(gatling.http.ssl.sslContexts -> SslContexts(io.netty.handler.ssl.JdkSslContext@8c4ca01,None), gatling.http.cache.dns -> io.gatling.http.cache.DnsCacheSupport$$anon$1@5898ac4b, gatling.http.cache.baseUrl -> http://localhost:8080),19,OK,List(),io.gatling.core.protocol.ProtocolComponentsRegistry$$Lambda$598/0x000000084055d840@452b12e)
=========================
HTTP request:
GET http://localhost:8080/delay?duration=555
headers=
Accept: */*
Content-Type: application/json;charset=UTF-8
Accept-Language: en-US,en;q=0.8,nl;q=0.6
User-Agent: Mozilla/5.0 (Windows NT 6.1; WOW64) AppleWebKit/537.36 (KHTML, like Gecko) Chrome/38.0.2125.111 Safari/537.36
accept-encoding: gzip,deflate,sdch
host: localhost:8080
=========================
HTTP response:
status=
200 
headers= 
Content-Type: application/json;charset=UTF-8
Transfer-Encoding: chunked
Date: Wed, 29 Jan 2020 21:01:24 GMT

body=
{"message":"This was a delay of 555","name":"Simple-PropertiesFileName","durationInMillis":555}
<<<<<<<<<<<<<<<<<<<<<<<<<
22:01:24.469 [DEBUG] i.g.c.a.Pause - Pausing for 473ms (real=454ms)
22:01:24.552 [DEBUG] i.g.c.c.i.o.OpenWorkload - Injecting 2 users in scenario Acceptance test, continue=true
22:01:24.552 [DEBUG] i.g.h.e.t.HttpTxExecutor - Sending request=simple_cpu_burn uri=http://localhost:8080/cpu/magic-identity-check?matrixSize=133: scenario=Acceptance test, userId=131
22:01:24.552 [DEBUG] i.g.c.c.i.o.OpenWorkload - Start user #131
22:01:24.553 [DEBUG] i.g.h.c.i.HttpAppHandler - Write request WritableRequest{request=DefaultFullHttpRequest(decodeResult: success, version: HTTP/1.1, content: UnpooledByteBufAllocator$InstrumentedUnpooledUnsafeHeapByteBuf(ridx: 0, widx: 0, cap: 0))
GET /cpu/magic-identity-check?matrixSize=133 HTTP/1.1
Accept: */*
Content-Type: application/json;charset=UTF-8
Accept-Language: en-US,en;q=0.8,nl;q=0.6
User-Agent: Mozilla/5.0 (Windows NT 6.1; WOW64) AppleWebKit/537.36 (KHTML, like Gecko) Chrome/38.0.2125.111 Safari/537.36
accept-encoding: gzip,deflate,sdch
host: localhost:8080, content=null}
22:01:24.560 [DEBUG] i.g.h.c.i.HttpAppHandler - Read msg='DefaultHttpResponse(decodeResult: success, version: HTTP/1.1)
HTTP/1.1 200 
Content-Type: application/json;charset=UTF-8
Transfer-Encoding: chunked
Date: Wed, 29 Jan 2020 21:01:24 GMT'
22:01:24.560 [DEBUG] i.g.h.c.i.HttpAppHandler - Read msg='DefaultHttpContent(data: PooledSlicedByteBuf(ridx: 0, widx: 170, cap: 170/170, unwrapped: PooledUnsafeDirectByteBuf(ridx: 304, widx: 309, cap: 1024)), decoderResult: success)'
22:01:24.560 [DEBUG] i.g.h.c.i.HttpAppHandler - Read msg='EmptyLastHttpContent'
22:01:24.560 [TRACE] i.g.h.e.r.DefaultStatsProcessor - 
>>>>>>>>>>>>>>>>>>>>>>>>>>
Request:
simple_cpu_burn: OK 
=========================
Session:
Session(Acceptance test,131,1580331684551,Map(gatling.http.ssl.sslContexts -> SslContexts(io.netty.handler.ssl.JdkSslContext@2600fbfd,None), gatling.http.cache.dns -> io.gatling.http.cache.DnsCacheSupport$$anon$1@5898ac4b, gatling.http.cache.baseUrl -> http://localhost:8080),0,OK,List(),io.gatling.core.protocol.ProtocolComponentsRegistry$$Lambda$598/0x000000084055d840@452b12e)
=========================
HTTP request:
GET http://localhost:8080/cpu/magic-identity-check?matrixSize=133
headers=
Accept: */*
Content-Type: application/json;charset=UTF-8
Accept-Language: en-US,en;q=0.8,nl;q=0.6
User-Agent: Mozilla/5.0 (Windows NT 6.1; WOW64) AppleWebKit/537.36 (KHTML, like Gecko) Chrome/38.0.2125.111 Safari/537.36
accept-encoding: gzip,deflate,sdch
host: localhost:8080
=========================
HTTP response:
status=
200 
headers= 
Content-Type: application/json;charset=UTF-8
Transfer-Encoding: chunked
Date: Wed, 29 Jan 2020 21:01:24 GMT

body=
{"message":"A simple magic square multiplied by an identity square of size [133] [is equal] to the magic square.","name":"Simple-PropertiesFileName","durationInMillis":5}
<<<<<<<<<<<<<<<<<<<<<<<<<
22:01:24.560 [DEBUG] i.g.c.a.Pause - Pausing for 18253ms (real=18253ms)
22:01:24.652 [DEBUG] i.g.h.e.t.HttpTxExecutor - Sending request=simple_mini_leak uri=http://localhost:8080/memory/grow?objects=8&items=54: scenario=Acceptance test, userId=127
22:01:24.652 [DEBUG] i.g.h.c.i.HttpAppHandler - Write request WritableRequest{request=DefaultFullHttpRequest(decodeResult: success, version: HTTP/1.1, content: UnpooledByteBufAllocator$InstrumentedUnpooledUnsafeHeapByteBuf(ridx: 0, widx: 0, cap: 0))
GET /memory/grow?objects=8&items=54 HTTP/1.1
Accept: */*
Content-Type: application/json;charset=UTF-8
Accept-Language: en-US,en;q=0.8,nl;q=0.6
User-Agent: Mozilla/5.0 (Windows NT 6.1; WOW64) AppleWebKit/537.36 (KHTML, like Gecko) Chrome/38.0.2125.111 Safari/537.36
accept-encoding: gzip,deflate,sdch
host: localhost:8080, content=null}
22:01:24.659 [DEBUG] i.g.h.c.i.HttpAppHandler - Read msg='DefaultHttpResponse(decodeResult: success, version: HTTP/1.1)
HTTP/1.1 200 
Content-Type: application/json;charset=UTF-8
Transfer-Encoding: chunked
Date: Wed, 29 Jan 2020 21:01:24 GMT'
22:01:24.659 [DEBUG] i.g.h.c.i.HttpAppHandler - Read msg='DefaultHttpContent(data: PooledSlicedByteBuf(ridx: 0, widx: 144, cap: 144/144, unwrapped: PooledUnsafeDirectByteBuf(ridx: 278, widx: 283, cap: 512)), decoderResult: success)'
22:01:24.659 [DEBUG] i.g.h.c.i.HttpAppHandler - Read msg='EmptyLastHttpContent'
22:01:24.660 [TRACE] i.g.h.e.r.DefaultStatsProcessor - 
>>>>>>>>>>>>>>>>>>>>>>>>>>
Request:
simple_mini_leak: OK 
=========================
Session:
Session(Acceptance test,127,1580331682552,Map(gatling.http.ssl.sslContexts -> SslContexts(io.netty.handler.ssl.JdkSslContext@763a1e3d,None), gatling.http.cache.dns -> io.gatling.http.cache.DnsCacheSupport$$anon$1@5898ac4b, gatling.http.cache.baseUrl -> http://localhost:8080),16,OK,List(),io.gatling.core.protocol.ProtocolComponentsRegistry$$Lambda$598/0x000000084055d840@452b12e)
=========================
HTTP request:
GET http://localhost:8080/memory/grow?objects=8&items=54
headers=
Accept: */*
Content-Type: application/json;charset=UTF-8
Accept-Language: en-US,en;q=0.8,nl;q=0.6
User-Agent: Mozilla/5.0 (Windows NT 6.1; WOW64) AppleWebKit/537.36 (KHTML, like Gecko) Chrome/38.0.2125.111 Safari/537.36
accept-encoding: gzip,deflate,sdch
host: localhost:8080
=========================
HTTP response:
status=
200 
headers= 
Content-Type: application/json;charset=UTF-8
Transfer-Encoding: chunked
Date: Wed, 29 Jan 2020 21:01:24 GMT

body=
{"message":"Size of BigFatBastard list is now 11984 objects. It contains 647136 items.","name":"Simple-PropertiesFileName","durationInMillis":5}
<<<<<<<<<<<<<<<<<<<<<<<<<
22:01:24.660 [DEBUG] i.g.c.a.Pause - Pausing for 2672ms (real=2655ms)
22:01:24.682 [DEBUG] i.g.h.e.t.HttpTxExecutor - Sending request=upload-file uri=http://localhost:8080/files/upload: scenario=Acceptance test, userId=122
22:01:24.682 [DEBUG] i.g.h.c.i.HttpAppHandler - Write request WritableRequest{request=DefaultHttpRequest(decodeResult: success, version: HTTP/1.1)
POST /files/upload HTTP/1.1
Accept: */*
Accept-Language: en-US,en;q=0.8,nl;q=0.6
User-Agent: Mozilla/5.0 (Windows NT 6.1; WOW64) AppleWebKit/537.36 (KHTML, like Gecko) Chrome/38.0.2125.111 Safari/537.36
accept-encoding: gzip,deflate,sdch
host: localhost:8080
content-type: multipart/form-data; boundary=GyszKQzLMFBwXejMMt5uIGj2onGKvBRWuXE
content-length: 220, content=io.gatling.http.client.body.multipart.impl.MultipartFileRegion@66ff02f5}
22:01:24.685 [DEBUG] i.g.h.c.i.HttpAppHandler - Read msg='DefaultHttpResponse(decodeResult: success, version: HTTP/1.1)
HTTP/1.1 200 
Content-Type: text/plain;charset=UTF-8
Content-Length: 62
Date: Wed, 29 Jan 2020 21:01:24 GMT'
22:01:24.685 [DEBUG] i.g.h.c.i.HttpAppHandler - Read msg='DefaultLastHttpContent(data: PooledSlicedByteBuf(ridx: 0, widx: 62, cap: 62/62, unwrapped: PooledUnsafeDirectByteBuf(ridx: 176, widx: 176, cap: 496)), decoderResult: success)'
22:01:24.686 [TRACE] i.g.h.e.r.DefaultStatsProcessor - 
>>>>>>>>>>>>>>>>>>>>>>>>>>
Request:
upload-file: OK 
=========================
Session:
Session(Acceptance test,122,1580331680052,Map(gatling.http.ssl.sslContexts -> SslContexts(io.netty.handler.ssl.JdkSslContext@3669cdb1,None), gatling.http.cache.dns -> io.gatling.http.cache.DnsCacheSupport$$anon$1@5898ac4b, gatling.http.cache.baseUrl -> http://localhost:8080),19,OK,List(),io.gatling.core.protocol.ProtocolComponentsRegistry$$Lambda$598/0x000000084055d840@452b12e)
=========================
HTTP request:
POST http://localhost:8080/files/upload
headers=
Accept: */*
Accept-Language: en-US,en;q=0.8,nl;q=0.6
User-Agent: Mozilla/5.0 (Windows NT 6.1; WOW64) AppleWebKit/537.36 (KHTML, like Gecko) Chrome/38.0.2125.111 Safari/537.36
accept-encoding: gzip,deflate,sdch
host: localhost:8080
content-type: multipart/form-data; boundary=GyszKQzLMFBwXejMMt5uIGj2onGKvBRWuXE
content-length: 220
multipartBody=
ByteArrayPart: name=upload contentType=text/plain dispositionType=null charset=UTF-8 transferEncoding=null contentId=null filename=gatling-upload.txt
=========================
HTTP response:
status=
200 
headers= 
Content-Type: text/plain;charset=UTF-8
Content-Length: 62
Date: Wed, 29 Jan 2020 21:01:24 GMT

body=
File upload succeeded [gatling-upload.txt] of size [17] bytes.
<<<<<<<<<<<<<<<<<<<<<<<<<
22:01:24.686 [DEBUG] i.g.c.a.Exit - End user #122
22:01:24.686 [DEBUG] i.g.c.c.i.Injector - End user #122
22:01:24.882 [DEBUG] i.g.h.e.t.HttpTxExecutor - Sending request=upload-file uri=http://localhost:8080/files/upload: scenario=Acceptance test, userId=101
22:01:24.883 [DEBUG] i.g.h.c.i.HttpAppHandler - Write request WritableRequest{request=DefaultHttpRequest(decodeResult: success, version: HTTP/1.1)
POST /files/upload HTTP/1.1
Accept: */*
Accept-Language: en-US,en;q=0.8,nl;q=0.6
User-Agent: Mozilla/5.0 (Windows NT 6.1; WOW64) AppleWebKit/537.36 (KHTML, like Gecko) Chrome/38.0.2125.111 Safari/537.36
accept-encoding: gzip,deflate,sdch
host: localhost:8080
content-type: multipart/form-data; boundary=t9ri6-6rZAjeX_GYB31_kKaUSIvlAyTTpFP
content-length: 220, content=io.gatling.http.client.body.multipart.impl.MultipartFileRegion@2f0192fe}
22:01:24.885 [DEBUG] i.g.h.c.i.HttpAppHandler - Read msg='DefaultHttpResponse(decodeResult: success, version: HTTP/1.1)
HTTP/1.1 200 
Content-Type: text/plain;charset=UTF-8
Content-Length: 62
Date: Wed, 29 Jan 2020 21:01:24 GMT'
22:01:24.885 [DEBUG] i.g.h.c.i.HttpAppHandler - Read msg='DefaultLastHttpContent(data: PooledSlicedByteBuf(ridx: 0, widx: 62, cap: 62/62, unwrapped: PooledUnsafeDirectByteBuf(ridx: 176, widx: 176, cap: 496)), decoderResult: success)'
22:01:24.886 [TRACE] i.g.h.e.r.DefaultStatsProcessor - 
>>>>>>>>>>>>>>>>>>>>>>>>>>
Request:
upload-file: OK 
=========================
Session:
Session(Acceptance test,101,1580331669552,Map(gatling.http.ssl.sslContexts -> SslContexts(io.netty.handler.ssl.JdkSslContext@5a6adfda,None), gatling.http.cache.dns -> io.gatling.http.cache.DnsCacheSupport$$anon$1@5898ac4b, gatling.http.cache.baseUrl -> http://localhost:8080),19,OK,List(),io.gatling.core.protocol.ProtocolComponentsRegistry$$Lambda$598/0x000000084055d840@452b12e)
=========================
HTTP request:
POST http://localhost:8080/files/upload
headers=
Accept: */*
Accept-Language: en-US,en;q=0.8,nl;q=0.6
User-Agent: Mozilla/5.0 (Windows NT 6.1; WOW64) AppleWebKit/537.36 (KHTML, like Gecko) Chrome/38.0.2125.111 Safari/537.36
accept-encoding: gzip,deflate,sdch
host: localhost:8080
content-type: multipart/form-data; boundary=t9ri6-6rZAjeX_GYB31_kKaUSIvlAyTTpFP
content-length: 220
multipartBody=
ByteArrayPart: name=upload contentType=text/plain dispositionType=null charset=UTF-8 transferEncoding=null contentId=null filename=gatling-upload.txt
=========================
HTTP response:
status=
200 
headers= 
Content-Type: text/plain;charset=UTF-8
Content-Length: 62
Date: Wed, 29 Jan 2020 21:01:24 GMT

body=
File upload succeeded [gatling-upload.txt] of size [17] bytes.
<<<<<<<<<<<<<<<<<<<<<<<<<
22:01:24.886 [DEBUG] i.g.c.a.Exit - End user #101
22:01:24.886 [DEBUG] i.g.c.c.i.Injector - End user #101
22:01:24.942 [DEBUG] i.g.h.e.t.HttpTxExecutor - Sending request=simple_mini_leak uri=http://localhost:8080/memory/grow?objects=8&items=54: scenario=Acceptance test, userId=128
22:01:24.942 [DEBUG] i.g.h.c.i.HttpAppHandler - Write request WritableRequest{request=DefaultFullHttpRequest(decodeResult: success, version: HTTP/1.1, content: UnpooledByteBufAllocator$InstrumentedUnpooledUnsafeHeapByteBuf(ridx: 0, widx: 0, cap: 0))
GET /memory/grow?objects=8&items=54 HTTP/1.1
Accept: */*
Content-Type: application/json;charset=UTF-8
Accept-Language: en-US,en;q=0.8,nl;q=0.6
User-Agent: Mozilla/5.0 (Windows NT 6.1; WOW64) AppleWebKit/537.36 (KHTML, like Gecko) Chrome/38.0.2125.111 Safari/537.36
accept-encoding: gzip,deflate,sdch
host: localhost:8080, content=null}
22:01:24.949 [DEBUG] i.g.h.c.i.HttpAppHandler - Read msg='DefaultHttpResponse(decodeResult: success, version: HTTP/1.1)
HTTP/1.1 200 
Content-Type: application/json;charset=UTF-8
Transfer-Encoding: chunked
Date: Wed, 29 Jan 2020 21:01:24 GMT'
22:01:24.949 [DEBUG] i.g.h.c.i.HttpAppHandler - Read msg='DefaultHttpContent(data: PooledSlicedByteBuf(ridx: 0, widx: 144, cap: 144/144, unwrapped: PooledUnsafeDirectByteBuf(ridx: 278, widx: 283, cap: 512)), decoderResult: success)'
22:01:24.949 [DEBUG] i.g.h.c.i.HttpAppHandler - Read msg='EmptyLastHttpContent'
22:01:24.950 [TRACE] i.g.h.e.r.DefaultStatsProcessor - 
>>>>>>>>>>>>>>>>>>>>>>>>>>
Request:
simple_mini_leak: OK 
=========================
Session:
Session(Acceptance test,128,1580331683052,Map(gatling.http.ssl.sslContexts -> SslContexts(io.netty.handler.ssl.JdkSslContext@8c4ca01,None), gatling.http.cache.dns -> io.gatling.http.cache.DnsCacheSupport$$anon$1@5898ac4b, gatling.http.cache.baseUrl -> http://localhost:8080),18,OK,List(),io.gatling.core.protocol.ProtocolComponentsRegistry$$Lambda$598/0x000000084055d840@452b12e)
=========================
HTTP request:
GET http://localhost:8080/memory/grow?objects=8&items=54
headers=
Accept: */*
Content-Type: application/json;charset=UTF-8
Accept-Language: en-US,en;q=0.8,nl;q=0.6
User-Agent: Mozilla/5.0 (Windows NT 6.1; WOW64) AppleWebKit/537.36 (KHTML, like Gecko) Chrome/38.0.2125.111 Safari/537.36
accept-encoding: gzip,deflate,sdch
host: localhost:8080
=========================
HTTP response:
status=
200 
headers= 
Content-Type: application/json;charset=UTF-8
Transfer-Encoding: chunked
Date: Wed, 29 Jan 2020 21:01:24 GMT

body=
{"message":"Size of BigFatBastard list is now 11992 objects. It contains 647568 items.","name":"Simple-PropertiesFileName","durationInMillis":5}
<<<<<<<<<<<<<<<<<<<<<<<<<
22:01:24.950 [DEBUG] i.g.c.a.Pause - Pausing for 415ms (real=396ms)
22:01:25.000 [DEBUG] i.g.h.c.i.HttpAppHandler - Read msg='DefaultHttpResponse(decodeResult: success, version: HTTP/1.1)
HTTP/1.1 200 
Content-Type: application/json;charset=UTF-8
Transfer-Encoding: chunked
Date: Wed, 29 Jan 2020 21:01:24 GMT'
22:01:25.000 [DEBUG] i.g.h.c.i.HttpAppHandler - Read msg='DefaultHttpContent(data: PooledSlicedByteBuf(ridx: 0, widx: 95, cap: 95/95, unwrapped: PooledUnsafeDirectByteBuf(ridx: 229, widx: 234, cap: 1024)), decoderResult: success)'
22:01:25.000 [DEBUG] i.g.h.c.i.HttpAppHandler - Read msg='EmptyLastHttpContent'
22:01:25.000 [TRACE] i.g.h.e.r.DefaultStatsProcessor - 
>>>>>>>>>>>>>>>>>>>>>>>>>>
Request:
simple_delay: OK 
=========================
Session:
Session(Acceptance test,126,1580331682051,Map(gatling.http.ssl.sslContexts -> SslContexts(io.netty.handler.ssl.JdkSslContext@4337c8d6,None), gatling.http.cache.dns -> io.gatling.http.cache.DnsCacheSupport$$anon$1@5898ac4b, gatling.http.cache.baseUrl -> http://localhost:8080),25,OK,List(),io.gatling.core.protocol.ProtocolComponentsRegistry$$Lambda$598/0x000000084055d840@452b12e)
=========================
HTTP request:
GET http://localhost:8080/delay?duration=555
headers=
Accept: */*
Content-Type: application/json;charset=UTF-8
Accept-Language: en-US,en;q=0.8,nl;q=0.6
User-Agent: Mozilla/5.0 (Windows NT 6.1; WOW64) AppleWebKit/537.36 (KHTML, like Gecko) Chrome/38.0.2125.111 Safari/537.36
accept-encoding: gzip,deflate,sdch
host: localhost:8080
=========================
HTTP response:
status=
200 
headers= 
Content-Type: application/json;charset=UTF-8
Transfer-Encoding: chunked
Date: Wed, 29 Jan 2020 21:01:24 GMT

body=
{"message":"This was a delay of 555","name":"Simple-PropertiesFileName","durationInMillis":555}
<<<<<<<<<<<<<<<<<<<<<<<<<
22:01:25.000 [DEBUG] i.g.c.a.Pause - Pausing for 5048ms (real=5023ms)
22:01:25.052 [DEBUG] i.g.h.e.t.HttpTxExecutor - Sending request=simple_cpu_burn uri=http://localhost:8080/cpu/magic-identity-check?matrixSize=133: scenario=Acceptance test, userId=132
22:01:25.052 [DEBUG] i.g.c.c.i.o.OpenWorkload - Start user #132
22:01:25.054 [DEBUG] i.g.h.c.i.HttpAppHandler - Write request WritableRequest{request=DefaultFullHttpRequest(decodeResult: success, version: HTTP/1.1, content: UnpooledByteBufAllocator$InstrumentedUnpooledUnsafeHeapByteBuf(ridx: 0, widx: 0, cap: 0))
GET /cpu/magic-identity-check?matrixSize=133 HTTP/1.1
Accept: */*
Content-Type: application/json;charset=UTF-8
Accept-Language: en-US,en;q=0.8,nl;q=0.6
User-Agent: Mozilla/5.0 (Windows NT 6.1; WOW64) AppleWebKit/537.36 (KHTML, like Gecko) Chrome/38.0.2125.111 Safari/537.36
accept-encoding: gzip,deflate,sdch
host: localhost:8080, content=null}
22:01:25.064 [DEBUG] i.g.h.c.i.HttpAppHandler - Read msg='DefaultHttpResponse(decodeResult: success, version: HTTP/1.1)
HTTP/1.1 200 
Content-Type: application/json;charset=UTF-8
Transfer-Encoding: chunked
Date: Wed, 29 Jan 2020 21:01:24 GMT'
22:01:25.064 [DEBUG] i.g.h.c.i.HttpAppHandler - Read msg='DefaultHttpContent(data: PooledSlicedByteBuf(ridx: 0, widx: 170, cap: 170/170, unwrapped: PooledUnsafeDirectByteBuf(ridx: 304, widx: 309, cap: 1024)), decoderResult: success)'
22:01:25.064 [DEBUG] i.g.h.c.i.HttpAppHandler - Read msg='EmptyLastHttpContent'
22:01:25.065 [TRACE] i.g.h.e.r.DefaultStatsProcessor - 
>>>>>>>>>>>>>>>>>>>>>>>>>>
Request:
simple_cpu_burn: OK 
=========================
Session:
Session(Acceptance test,132,1580331685052,Map(gatling.http.ssl.sslContexts -> SslContexts(io.netty.handler.ssl.JdkSslContext@19200849,None), gatling.http.cache.dns -> io.gatling.http.cache.DnsCacheSupport$$anon$1@5898ac4b, gatling.http.cache.baseUrl -> http://localhost:8080),0,OK,List(),io.gatling.core.protocol.ProtocolComponentsRegistry$$Lambda$598/0x000000084055d840@452b12e)
=========================
HTTP request:
GET http://localhost:8080/cpu/magic-identity-check?matrixSize=133
headers=
Accept: */*
Content-Type: application/json;charset=UTF-8
Accept-Language: en-US,en;q=0.8,nl;q=0.6
User-Agent: Mozilla/5.0 (Windows NT 6.1; WOW64) AppleWebKit/537.36 (KHTML, like Gecko) Chrome/38.0.2125.111 Safari/537.36
accept-encoding: gzip,deflate,sdch
host: localhost:8080
=========================
HTTP response:
status=
200 
headers= 
Content-Type: application/json;charset=UTF-8
Transfer-Encoding: chunked
Date: Wed, 29 Jan 2020 21:01:24 GMT

body=
{"message":"A simple magic square multiplied by an identity square of size [133] [is equal] to the magic square.","name":"Simple-PropertiesFileName","durationInMillis":8}
<<<<<<<<<<<<<<<<<<<<<<<<<
22:01:25.065 [DEBUG] i.g.c.a.Pause - Pausing for 970ms (real=969ms)
22:01:25.182 [DEBUG] i.g.h.e.t.HttpTxExecutor - Sending request=upload-file uri=http://localhost:8080/files/upload: scenario=Acceptance test, userId=115
22:01:25.182 [DEBUG] i.g.h.c.i.HttpAppHandler - Write request WritableRequest{request=DefaultHttpRequest(decodeResult: success, version: HTTP/1.1)
POST /files/upload HTTP/1.1
Accept: */*
Accept-Language: en-US,en;q=0.8,nl;q=0.6
User-Agent: Mozilla/5.0 (Windows NT 6.1; WOW64) AppleWebKit/537.36 (KHTML, like Gecko) Chrome/38.0.2125.111 Safari/537.36
accept-encoding: gzip,deflate,sdch
host: localhost:8080
content-type: multipart/form-data; boundary=gHGnpd8V4Z1im5iTdIGAOD4mUP9Qf0RSLV0
content-length: 220, content=io.gatling.http.client.body.multipart.impl.MultipartFileRegion@474970c4}
22:01:25.185 [DEBUG] i.g.h.c.i.HttpAppHandler - Read msg='DefaultHttpResponse(decodeResult: success, version: HTTP/1.1)
HTTP/1.1 200 
Content-Type: text/plain;charset=UTF-8
Content-Length: 62
Date: Wed, 29 Jan 2020 21:01:25 GMT'
22:01:25.186 [DEBUG] i.g.h.c.i.HttpAppHandler - Read msg='DefaultLastHttpContent(data: PooledSlicedByteBuf(ridx: 0, widx: 62, cap: 62/62, unwrapped: PooledUnsafeDirectByteBuf(ridx: 176, widx: 176, cap: 496)), decoderResult: success)'
22:01:25.186 [TRACE] i.g.h.e.r.DefaultStatsProcessor - 
>>>>>>>>>>>>>>>>>>>>>>>>>>
Request:
upload-file: OK 
=========================
Session:
Session(Acceptance test,115,1580331676551,Map(gatling.http.ssl.sslContexts -> SslContexts(io.netty.handler.ssl.JdkSslContext@4f841b44,None), gatling.http.cache.dns -> io.gatling.http.cache.DnsCacheSupport$$anon$1@5898ac4b, gatling.http.cache.baseUrl -> http://localhost:8080),11,OK,List(),io.gatling.core.protocol.ProtocolComponentsRegistry$$Lambda$598/0x000000084055d840@452b12e)
=========================
HTTP request:
POST http://localhost:8080/files/upload
headers=
Accept: */*
Accept-Language: en-US,en;q=0.8,nl;q=0.6
User-Agent: Mozilla/5.0 (Windows NT 6.1; WOW64) AppleWebKit/537.36 (KHTML, like Gecko) Chrome/38.0.2125.111 Safari/537.36
accept-encoding: gzip,deflate,sdch
host: localhost:8080
content-type: multipart/form-data; boundary=gHGnpd8V4Z1im5iTdIGAOD4mUP9Qf0RSLV0
content-length: 220
multipartBody=
ByteArrayPart: name=upload contentType=text/plain dispositionType=null charset=UTF-8 transferEncoding=null contentId=null filename=gatling-upload.txt
=========================
HTTP response:
status=
200 
headers= 
Content-Type: text/plain;charset=UTF-8
Content-Length: 62
Date: Wed, 29 Jan 2020 21:01:25 GMT

body=
File upload succeeded [gatling-upload.txt] of size [17] bytes.
<<<<<<<<<<<<<<<<<<<<<<<<<
22:01:25.186 [DEBUG] i.g.c.a.Exit - End user #115
22:01:25.187 [DEBUG] i.g.c.c.i.Injector - End user #115
22:01:25.242 [DEBUG] i.g.h.e.t.HttpTxExecutor - Sending request=upload-file uri=http://localhost:8080/files/upload: scenario=Acceptance test, userId=91
22:01:25.242 [DEBUG] i.g.h.c.i.HttpAppHandler - Write request WritableRequest{request=DefaultHttpRequest(decodeResult: success, version: HTTP/1.1)
POST /files/upload HTTP/1.1
Accept: */*
Accept-Language: en-US,en;q=0.8,nl;q=0.6
User-Agent: Mozilla/5.0 (Windows NT 6.1; WOW64) AppleWebKit/537.36 (KHTML, like Gecko) Chrome/38.0.2125.111 Safari/537.36
accept-encoding: gzip,deflate,sdch
host: localhost:8080
content-type: multipart/form-data; boundary=t_M5z4X3uxphLOzpCmaxQybMhnwl_iKjcSJ
content-length: 220, content=io.gatling.http.client.body.multipart.impl.MultipartFileRegion@18e59edf}
22:01:25.245 [DEBUG] i.g.h.c.i.HttpAppHandler - Read msg='DefaultHttpResponse(decodeResult: success, version: HTTP/1.1)
HTTP/1.1 200 
Content-Type: text/plain;charset=UTF-8
Content-Length: 62
Date: Wed, 29 Jan 2020 21:01:25 GMT'
22:01:25.245 [DEBUG] i.g.h.c.i.HttpAppHandler - Read msg='DefaultLastHttpContent(data: PooledSlicedByteBuf(ridx: 0, widx: 62, cap: 62/62, unwrapped: PooledUnsafeDirectByteBuf(ridx: 176, widx: 176, cap: 512)), decoderResult: success)'
22:01:25.246 [TRACE] i.g.h.e.r.DefaultStatsProcessor - 
>>>>>>>>>>>>>>>>>>>>>>>>>>
Request:
upload-file: OK 
=========================
Session:
Session(Acceptance test,91,1580331664551,Map(gatling.http.ssl.sslContexts -> SslContexts(io.netty.handler.ssl.JdkSslContext@703f0f47,None), gatling.http.cache.dns -> io.gatling.http.cache.DnsCacheSupport$$anon$1@5898ac4b, gatling.http.cache.baseUrl -> http://localhost:8080),20,OK,List(),io.gatling.core.protocol.ProtocolComponentsRegistry$$Lambda$598/0x000000084055d840@452b12e)
=========================
HTTP request:
POST http://localhost:8080/files/upload
headers=
Accept: */*
Accept-Language: en-US,en;q=0.8,nl;q=0.6
User-Agent: Mozilla/5.0 (Windows NT 6.1; WOW64) AppleWebKit/537.36 (KHTML, like Gecko) Chrome/38.0.2125.111 Safari/537.36
accept-encoding: gzip,deflate,sdch
host: localhost:8080
content-type: multipart/form-data; boundary=t_M5z4X3uxphLOzpCmaxQybMhnwl_iKjcSJ
content-length: 220
multipartBody=
ByteArrayPart: name=upload contentType=text/plain dispositionType=null charset=UTF-8 transferEncoding=null contentId=null filename=gatling-upload.txt
=========================
HTTP response:
status=
200 
headers= 
Content-Type: text/plain;charset=UTF-8
Content-Length: 62
Date: Wed, 29 Jan 2020 21:01:25 GMT

body=
File upload succeeded [gatling-upload.txt] of size [17] bytes.
<<<<<<<<<<<<<<<<<<<<<<<<<
22:01:25.246 [DEBUG] i.g.c.a.Exit - End user #91
22:01:25.246 [DEBUG] i.g.c.c.i.Injector - End user #91
22:01:25.362 [DEBUG] i.g.h.e.t.HttpTxExecutor - Sending request=upload-file uri=http://localhost:8080/files/upload: scenario=Acceptance test, userId=128
22:01:25.363 [DEBUG] i.g.h.c.i.HttpAppHandler - Write request WritableRequest{request=DefaultHttpRequest(decodeResult: success, version: HTTP/1.1)
POST /files/upload HTTP/1.1
Accept: */*
Accept-Language: en-US,en;q=0.8,nl;q=0.6
User-Agent: Mozilla/5.0 (Windows NT 6.1; WOW64) AppleWebKit/537.36 (KHTML, like Gecko) Chrome/38.0.2125.111 Safari/537.36
accept-encoding: gzip,deflate,sdch
host: localhost:8080
content-type: multipart/form-data; boundary=YEjLvifd5uBZD_qR69XEnepzDZ_68fdC_bM
content-length: 220, content=io.gatling.http.client.body.multipart.impl.MultipartFileRegion@35370bf6}
22:01:25.366 [DEBUG] i.g.h.c.i.HttpAppHandler - Read msg='DefaultHttpResponse(decodeResult: success, version: HTTP/1.1)
HTTP/1.1 200 
Content-Type: text/plain;charset=UTF-8
Content-Length: 62
Date: Wed, 29 Jan 2020 21:01:25 GMT'
22:01:25.366 [DEBUG] i.g.h.c.i.HttpAppHandler - Read msg='DefaultLastHttpContent(data: PooledSlicedByteBuf(ridx: 0, widx: 62, cap: 62/62, unwrapped: PooledUnsafeDirectByteBuf(ridx: 176, widx: 176, cap: 496)), decoderResult: success)'
22:01:25.366 [TRACE] i.g.h.e.r.DefaultStatsProcessor - 
>>>>>>>>>>>>>>>>>>>>>>>>>>
Request:
upload-file: OK 
=========================
Session:
Session(Acceptance test,128,1580331683052,Map(gatling.http.ssl.sslContexts -> SslContexts(io.netty.handler.ssl.JdkSslContext@8c4ca01,None), gatling.http.cache.dns -> io.gatling.http.cache.DnsCacheSupport$$anon$1@5898ac4b, gatling.http.cache.baseUrl -> http://localhost:8080),16,OK,List(),io.gatling.core.protocol.ProtocolComponentsRegistry$$Lambda$598/0x000000084055d840@452b12e)
=========================
HTTP request:
POST http://localhost:8080/files/upload
headers=
Accept: */*
Accept-Language: en-US,en;q=0.8,nl;q=0.6
User-Agent: Mozilla/5.0 (Windows NT 6.1; WOW64) AppleWebKit/537.36 (KHTML, like Gecko) Chrome/38.0.2125.111 Safari/537.36
accept-encoding: gzip,deflate,sdch
host: localhost:8080
content-type: multipart/form-data; boundary=YEjLvifd5uBZD_qR69XEnepzDZ_68fdC_bM
content-length: 220
multipartBody=
ByteArrayPart: name=upload contentType=text/plain dispositionType=null charset=UTF-8 transferEncoding=null contentId=null filename=gatling-upload.txt
=========================
HTTP response:
status=
200 
headers= 
Content-Type: text/plain;charset=UTF-8
Content-Length: 62
Date: Wed, 29 Jan 2020 21:01:25 GMT

body=
File upload succeeded [gatling-upload.txt] of size [17] bytes.
<<<<<<<<<<<<<<<<<<<<<<<<<
22:01:25.366 [DEBUG] i.g.c.a.Exit - End user #128
22:01:25.367 [DEBUG] i.g.c.c.i.Injector - End user #128
22:01:25.552 [DEBUG] i.g.c.c.i.o.OpenWorkload - Injecting 2 users in scenario Acceptance test, continue=true
22:01:25.552 [DEBUG] i.g.h.e.t.HttpTxExecutor - Sending request=simple_cpu_burn uri=http://localhost:8080/cpu/magic-identity-check?matrixSize=133: scenario=Acceptance test, userId=133
22:01:25.552 [DEBUG] i.g.c.c.i.o.OpenWorkload - Start user #133
22:01:25.553 [DEBUG] i.g.h.c.i.HttpAppHandler - Write request WritableRequest{request=DefaultFullHttpRequest(decodeResult: success, version: HTTP/1.1, content: UnpooledByteBufAllocator$InstrumentedUnpooledUnsafeHeapByteBuf(ridx: 0, widx: 0, cap: 0))
GET /cpu/magic-identity-check?matrixSize=133 HTTP/1.1
Accept: */*
Content-Type: application/json;charset=UTF-8
Accept-Language: en-US,en;q=0.8,nl;q=0.6
User-Agent: Mozilla/5.0 (Windows NT 6.1; WOW64) AppleWebKit/537.36 (KHTML, like Gecko) Chrome/38.0.2125.111 Safari/537.36
accept-encoding: gzip,deflate,sdch
host: localhost:8080, content=null}
22:01:25.564 [DEBUG] i.g.h.c.i.HttpAppHandler - Read msg='DefaultHttpResponse(decodeResult: success, version: HTTP/1.1)
HTTP/1.1 200 
Content-Type: application/json;charset=UTF-8
Transfer-Encoding: chunked
Date: Wed, 29 Jan 2020 21:01:25 GMT'
22:01:25.564 [DEBUG] i.g.h.c.i.HttpAppHandler - Read msg='DefaultHttpContent(data: PooledSlicedByteBuf(ridx: 0, widx: 170, cap: 170/170, unwrapped: PooledUnsafeDirectByteBuf(ridx: 304, widx: 309, cap: 1024)), decoderResult: success)'
22:01:25.564 [DEBUG] i.g.h.c.i.HttpAppHandler - Read msg='EmptyLastHttpContent'
22:01:25.564 [TRACE] i.g.h.e.r.DefaultStatsProcessor - 
>>>>>>>>>>>>>>>>>>>>>>>>>>
Request:
simple_cpu_burn: OK 
=========================
Session:
Session(Acceptance test,133,1580331685551,Map(gatling.http.ssl.sslContexts -> SslContexts(io.netty.handler.ssl.JdkSslContext@c84df27,None), gatling.http.cache.dns -> io.gatling.http.cache.DnsCacheSupport$$anon$1@5898ac4b, gatling.http.cache.baseUrl -> http://localhost:8080),0,OK,List(),io.gatling.core.protocol.ProtocolComponentsRegistry$$Lambda$598/0x000000084055d840@452b12e)
=========================
HTTP request:
GET http://localhost:8080/cpu/magic-identity-check?matrixSize=133
headers=
Accept: */*
Content-Type: application/json;charset=UTF-8
Accept-Language: en-US,en;q=0.8,nl;q=0.6
User-Agent: Mozilla/5.0 (Windows NT 6.1; WOW64) AppleWebKit/537.36 (KHTML, like Gecko) Chrome/38.0.2125.111 Safari/537.36
accept-encoding: gzip,deflate,sdch
host: localhost:8080
=========================
HTTP response:
status=
200 
headers= 
Content-Type: application/json;charset=UTF-8
Transfer-Encoding: chunked
Date: Wed, 29 Jan 2020 21:01:25 GMT

body=
{"message":"A simple magic square multiplied by an identity square of size [133] [is equal] to the magic square.","name":"Simple-PropertiesFileName","durationInMillis":8}
<<<<<<<<<<<<<<<<<<<<<<<<<
22:01:25.565 [DEBUG] i.g.c.a.Pause - Pausing for 1472ms (real=1472ms)
22:01:25.681 [DEBUG] i.g.h.e.t.HttpTxExecutor - Sending request=simple_delay uri=http://localhost:8080/delay?duration=555: scenario=Acceptance test, userId=130
22:01:25.682 [DEBUG] i.g.h.c.i.HttpAppHandler - Write request WritableRequest{request=DefaultFullHttpRequest(decodeResult: success, version: HTTP/1.1, content: UnpooledByteBufAllocator$InstrumentedUnpooledUnsafeHeapByteBuf(ridx: 0, widx: 0, cap: 0))
GET /delay?duration=555 HTTP/1.1
Accept: */*
Content-Type: application/json;charset=UTF-8
Accept-Language: en-US,en;q=0.8,nl;q=0.6
User-Agent: Mozilla/5.0 (Windows NT 6.1; WOW64) AppleWebKit/537.36 (KHTML, like Gecko) Chrome/38.0.2125.111 Safari/537.36
accept-encoding: gzip,deflate,sdch
host: localhost:8080, content=null}
22:01:26.052 [DEBUG] i.g.h.e.t.HttpTxExecutor - Sending request=simple_delay uri=http://localhost:8080/delay?duration=555: scenario=Acceptance test, userId=132
22:01:26.052 [DEBUG] i.g.h.e.t.HttpTxExecutor - Sending request=upload-file uri=http://localhost:8080/files/upload: scenario=Acceptance test, userId=112
22:01:26.052 [DEBUG] i.g.h.e.t.HttpTxExecutor - Sending request=simple_cpu_burn uri=http://localhost:8080/cpu/magic-identity-check?matrixSize=133: scenario=Acceptance test, userId=134
22:01:26.053 [DEBUG] i.g.h.c.i.HttpAppHandler - Write request WritableRequest{request=DefaultFullHttpRequest(decodeResult: success, version: HTTP/1.1, content: UnpooledByteBufAllocator$InstrumentedUnpooledUnsafeHeapByteBuf(ridx: 0, widx: 0, cap: 0))
GET /delay?duration=555 HTTP/1.1
Accept: */*
Content-Type: application/json;charset=UTF-8
Accept-Language: en-US,en;q=0.8,nl;q=0.6
User-Agent: Mozilla/5.0 (Windows NT 6.1; WOW64) AppleWebKit/537.36 (KHTML, like Gecko) Chrome/38.0.2125.111 Safari/537.36
accept-encoding: gzip,deflate,sdch
host: localhost:8080, content=null}
22:01:26.053 [DEBUG] i.g.c.c.i.o.OpenWorkload - Start user #134
22:01:26.053 [DEBUG] i.g.h.c.i.HttpAppHandler - Write request WritableRequest{request=DefaultHttpRequest(decodeResult: success, version: HTTP/1.1)
POST /files/upload HTTP/1.1
Accept: */*
Accept-Language: en-US,en;q=0.8,nl;q=0.6
User-Agent: Mozilla/5.0 (Windows NT 6.1; WOW64) AppleWebKit/537.36 (KHTML, like Gecko) Chrome/38.0.2125.111 Safari/537.36
accept-encoding: gzip,deflate,sdch
host: localhost:8080
content-type: multipart/form-data; boundary=ixZit_UTUrOyb4pbWkOp1rmVm7wjkRpblZi
content-length: 220, content=io.gatling.http.client.body.multipart.impl.MultipartFileRegion@5f277fac}
22:01:26.054 [DEBUG] i.g.h.c.i.HttpAppHandler - Write request WritableRequest{request=DefaultFullHttpRequest(decodeResult: success, version: HTTP/1.1, content: UnpooledByteBufAllocator$InstrumentedUnpooledUnsafeHeapByteBuf(ridx: 0, widx: 0, cap: 0))
GET /cpu/magic-identity-check?matrixSize=133 HTTP/1.1
Accept: */*
Content-Type: application/json;charset=UTF-8
Accept-Language: en-US,en;q=0.8,nl;q=0.6
User-Agent: Mozilla/5.0 (Windows NT 6.1; WOW64) AppleWebKit/537.36 (KHTML, like Gecko) Chrome/38.0.2125.111 Safari/537.36
accept-encoding: gzip,deflate,sdch
host: localhost:8080, content=null}
22:01:26.055 [DEBUG] i.g.h.c.i.HttpAppHandler - Read msg='DefaultHttpResponse(decodeResult: success, version: HTTP/1.1)
HTTP/1.1 200 
Content-Type: text/plain;charset=UTF-8
Content-Length: 62
Date: Wed, 29 Jan 2020 21:01:25 GMT'
22:01:26.055 [DEBUG] i.g.h.c.i.HttpAppHandler - Read msg='DefaultLastHttpContent(data: PooledSlicedByteBuf(ridx: 0, widx: 62, cap: 62/62, unwrapped: PooledUnsafeDirectByteBuf(ridx: 176, widx: 176, cap: 496)), decoderResult: success)'
22:01:26.056 [TRACE] i.g.h.e.r.DefaultStatsProcessor - 
>>>>>>>>>>>>>>>>>>>>>>>>>>
Request:
upload-file: OK 
=========================
Session:
Session(Acceptance test,112,1580331675051,Map(gatling.http.ssl.sslContexts -> SslContexts(io.netty.handler.ssl.JdkSslContext@581f292b,None), gatling.http.cache.dns -> io.gatling.http.cache.DnsCacheSupport$$anon$1@5898ac4b, gatling.http.cache.baseUrl -> http://localhost:8080),13,OK,List(),io.gatling.core.protocol.ProtocolComponentsRegistry$$Lambda$598/0x000000084055d840@452b12e)
=========================
HTTP request:
POST http://localhost:8080/files/upload
headers=
Accept: */*
Accept-Language: en-US,en;q=0.8,nl;q=0.6
User-Agent: Mozilla/5.0 (Windows NT 6.1; WOW64) AppleWebKit/537.36 (KHTML, like Gecko) Chrome/38.0.2125.111 Safari/537.36
accept-encoding: gzip,deflate,sdch
host: localhost:8080
content-type: multipart/form-data; boundary=ixZit_UTUrOyb4pbWkOp1rmVm7wjkRpblZi
content-length: 220
multipartBody=
ByteArrayPart: name=upload contentType=text/plain dispositionType=null charset=UTF-8 transferEncoding=null contentId=null filename=gatling-upload.txt
=========================
HTTP response:
status=
200 
headers= 
Content-Type: text/plain;charset=UTF-8
Content-Length: 62
Date: Wed, 29 Jan 2020 21:01:25 GMT

body=
File upload succeeded [gatling-upload.txt] of size [17] bytes.
<<<<<<<<<<<<<<<<<<<<<<<<<
22:01:26.056 [DEBUG] i.g.c.a.Exit - End user #112
22:01:26.057 [DEBUG] i.g.c.c.i.Injector - End user #112
22:01:26.060 [DEBUG] i.g.h.c.i.HttpAppHandler - Read msg='DefaultHttpResponse(decodeResult: success, version: HTTP/1.1)
HTTP/1.1 200 
Content-Type: application/json;charset=UTF-8
Transfer-Encoding: chunked
Date: Wed, 29 Jan 2020 21:01:25 GMT'
22:01:26.060 [DEBUG] i.g.h.c.i.HttpAppHandler - Read msg='DefaultHttpContent(data: PooledSlicedByteBuf(ridx: 0, widx: 170, cap: 170/170, unwrapped: PooledUnsafeDirectByteBuf(ridx: 304, widx: 304, cap: 1024)), decoderResult: success)'
22:01:26.060 [DEBUG] i.g.h.c.i.HttpAppHandler - Read msg='EmptyLastHttpContent'
22:01:26.061 [TRACE] i.g.h.e.r.DefaultStatsProcessor - 
>>>>>>>>>>>>>>>>>>>>>>>>>>
Request:
simple_cpu_burn: OK 
=========================
Session:
Session(Acceptance test,134,1580331686052,Map(gatling.http.ssl.sslContexts -> SslContexts(io.netty.handler.ssl.JdkSslContext@72e67899,None), gatling.http.cache.dns -> io.gatling.http.cache.DnsCacheSupport$$anon$1@5898ac4b, gatling.http.cache.baseUrl -> http://localhost:8080),0,OK,List(),io.gatling.core.protocol.ProtocolComponentsRegistry$$Lambda$598/0x000000084055d840@452b12e)
=========================
HTTP request:
GET http://localhost:8080/cpu/magic-identity-check?matrixSize=133
headers=
Accept: */*
Content-Type: application/json;charset=UTF-8
Accept-Language: en-US,en;q=0.8,nl;q=0.6
User-Agent: Mozilla/5.0 (Windows NT 6.1; WOW64) AppleWebKit/537.36 (KHTML, like Gecko) Chrome/38.0.2125.111 Safari/537.36
accept-encoding: gzip,deflate,sdch
host: localhost:8080
=========================
HTTP response:
status=
200 
headers= 
Content-Type: application/json;charset=UTF-8
Transfer-Encoding: chunked
Date: Wed, 29 Jan 2020 21:01:25 GMT

body=
{"message":"A simple magic square multiplied by an identity square of size [133] [is equal] to the magic square.","name":"Simple-PropertiesFileName","durationInMillis":5}
<<<<<<<<<<<<<<<<<<<<<<<<<
22:01:26.061 [DEBUG] i.g.c.a.Pause - Pausing for 1838ms (real=1837ms)
22:01:26.212 [DEBUG] i.g.h.e.t.HttpTxExecutor - Sending request=upload-file uri=http://localhost:8080/files/upload: scenario=Acceptance test, userId=125
22:01:26.213 [DEBUG] i.g.h.c.i.HttpAppHandler - Write request WritableRequest{request=DefaultHttpRequest(decodeResult: success, version: HTTP/1.1)
POST /files/upload HTTP/1.1
Accept: */*
Accept-Language: en-US,en;q=0.8,nl;q=0.6
User-Agent: Mozilla/5.0 (Windows NT 6.1; WOW64) AppleWebKit/537.36 (KHTML, like Gecko) Chrome/38.0.2125.111 Safari/537.36
accept-encoding: gzip,deflate,sdch
host: localhost:8080
content-type: multipart/form-data; boundary=BPSEwIMkcNBDnbrzWHSH9msS1WrsRU_4vFc
content-length: 220, content=io.gatling.http.client.body.multipart.impl.MultipartFileRegion@6a40e7f9}
22:01:26.216 [DEBUG] i.g.h.c.i.HttpAppHandler - Read msg='DefaultHttpResponse(decodeResult: success, version: HTTP/1.1)
HTTP/1.1 200 
Content-Type: text/plain;charset=UTF-8
Content-Length: 62
Date: Wed, 29 Jan 2020 21:01:26 GMT'
22:01:26.216 [DEBUG] i.g.h.c.i.HttpAppHandler - Read msg='DefaultLastHttpContent(data: PooledSlicedByteBuf(ridx: 0, widx: 62, cap: 62/62, unwrapped: PooledUnsafeDirectByteBuf(ridx: 176, widx: 176, cap: 496)), decoderResult: success)'
22:01:26.216 [TRACE] i.g.h.e.r.DefaultStatsProcessor - 
>>>>>>>>>>>>>>>>>>>>>>>>>>
Request:
upload-file: OK 
=========================
Session:
Session(Acceptance test,125,1580331681551,Map(gatling.http.ssl.sslContexts -> SslContexts(io.netty.handler.ssl.JdkSslContext@23190d48,None), gatling.http.cache.dns -> io.gatling.http.cache.DnsCacheSupport$$anon$1@5898ac4b, gatling.http.cache.baseUrl -> http://localhost:8080),19,OK,List(),io.gatling.core.protocol.ProtocolComponentsRegistry$$Lambda$598/0x000000084055d840@452b12e)
=========================
HTTP request:
POST http://localhost:8080/files/upload
headers=
Accept: */*
Accept-Language: en-US,en;q=0.8,nl;q=0.6
User-Agent: Mozilla/5.0 (Windows NT 6.1; WOW64) AppleWebKit/537.36 (KHTML, like Gecko) Chrome/38.0.2125.111 Safari/537.36
accept-encoding: gzip,deflate,sdch
host: localhost:8080
content-type: multipart/form-data; boundary=BPSEwIMkcNBDnbrzWHSH9msS1WrsRU_4vFc
content-length: 220
multipartBody=
ByteArrayPart: name=upload contentType=text/plain dispositionType=null charset=UTF-8 transferEncoding=null contentId=null filename=gatling-upload.txt
=========================
HTTP response:
status=
200 
headers= 
Content-Type: text/plain;charset=UTF-8
Content-Length: 62
Date: Wed, 29 Jan 2020 21:01:26 GMT

body=
File upload succeeded [gatling-upload.txt] of size [17] bytes.
<<<<<<<<<<<<<<<<<<<<<<<<<
22:01:26.216 [DEBUG] i.g.c.a.Exit - End user #125
22:01:26.217 [DEBUG] i.g.c.c.i.Injector - End user #125
22:01:26.239 [DEBUG] i.g.h.c.i.HttpAppHandler - Read msg='DefaultHttpResponse(decodeResult: success, version: HTTP/1.1)
HTTP/1.1 200 
Content-Type: application/json;charset=UTF-8
Transfer-Encoding: chunked
Date: Wed, 29 Jan 2020 21:01:26 GMT'
22:01:26.239 [DEBUG] i.g.h.c.i.HttpAppHandler - Read msg='DefaultHttpContent(data: PooledSlicedByteBuf(ridx: 0, widx: 95, cap: 95/95, unwrapped: PooledUnsafeDirectByteBuf(ridx: 229, widx: 229, cap: 1024)), decoderResult: success)'
22:01:26.239 [DEBUG] i.g.h.c.i.HttpAppHandler - Read msg='EmptyLastHttpContent'
22:01:26.240 [TRACE] i.g.h.e.r.DefaultStatsProcessor - 
>>>>>>>>>>>>>>>>>>>>>>>>>>
Request:
simple_delay: OK 
=========================
Session:
Session(Acceptance test,130,1580331684051,Map(gatling.http.ssl.sslContexts -> SslContexts(io.netty.handler.ssl.JdkSslContext@7b64de2d,None), gatling.http.cache.dns -> io.gatling.http.cache.DnsCacheSupport$$anon$1@5898ac4b, gatling.http.cache.baseUrl -> http://localhost:8080),13,OK,List(),io.gatling.core.protocol.ProtocolComponentsRegistry$$Lambda$598/0x000000084055d840@452b12e)
=========================
HTTP request:
GET http://localhost:8080/delay?duration=555
headers=
Accept: */*
Content-Type: application/json;charset=UTF-8
Accept-Language: en-US,en;q=0.8,nl;q=0.6
User-Agent: Mozilla/5.0 (Windows NT 6.1; WOW64) AppleWebKit/537.36 (KHTML, like Gecko) Chrome/38.0.2125.111 Safari/537.36
accept-encoding: gzip,deflate,sdch
host: localhost:8080
=========================
HTTP response:
status=
200 
headers= 
Content-Type: application/json;charset=UTF-8
Transfer-Encoding: chunked
Date: Wed, 29 Jan 2020 21:01:26 GMT

body=
{"message":"This was a delay of 555","name":"Simple-PropertiesFileName","durationInMillis":555}
<<<<<<<<<<<<<<<<<<<<<<<<<
22:01:26.240 [DEBUG] i.g.c.a.Pause - Pausing for 6958ms (real=6944ms)
22:01:26.552 [DEBUG] i.g.c.c.i.o.OpenWorkload - Injecting 2 users in scenario Acceptance test, continue=true
22:01:26.552 [DEBUG] i.g.h.e.t.HttpTxExecutor - Sending request=simple_cpu_burn uri=http://localhost:8080/cpu/magic-identity-check?matrixSize=133: scenario=Acceptance test, userId=135
22:01:26.552 [DEBUG] i.g.c.c.i.o.OpenWorkload - Start user #135
22:01:26.553 [DEBUG] i.g.h.c.i.HttpAppHandler - Write request WritableRequest{request=DefaultFullHttpRequest(decodeResult: success, version: HTTP/1.1, content: UnpooledByteBufAllocator$InstrumentedUnpooledUnsafeHeapByteBuf(ridx: 0, widx: 0, cap: 0))
GET /cpu/magic-identity-check?matrixSize=133 HTTP/1.1
Accept: */*
Content-Type: application/json;charset=UTF-8
Accept-Language: en-US,en;q=0.8,nl;q=0.6
User-Agent: Mozilla/5.0 (Windows NT 6.1; WOW64) AppleWebKit/537.36 (KHTML, like Gecko) Chrome/38.0.2125.111 Safari/537.36
accept-encoding: gzip,deflate,sdch
host: localhost:8080, content=null}
22:01:26.560 [DEBUG] i.g.h.c.i.HttpAppHandler - Read msg='DefaultHttpResponse(decodeResult: success, version: HTTP/1.1)
HTTP/1.1 200 
Content-Type: application/json;charset=UTF-8
Transfer-Encoding: chunked
Date: Wed, 29 Jan 2020 21:01:26 GMT'
22:01:26.560 [DEBUG] i.g.h.c.i.HttpAppHandler - Read msg='DefaultHttpContent(data: PooledSlicedByteBuf(ridx: 0, widx: 170, cap: 170/170, unwrapped: PooledUnsafeDirectByteBuf(ridx: 304, widx: 309, cap: 1024)), decoderResult: success)'
22:01:26.560 [DEBUG] i.g.h.c.i.HttpAppHandler - Read msg='EmptyLastHttpContent'
22:01:26.560 [TRACE] i.g.h.e.r.DefaultStatsProcessor - 
>>>>>>>>>>>>>>>>>>>>>>>>>>
Request:
simple_cpu_burn: OK 
=========================
Session:
Session(Acceptance test,135,1580331686551,Map(gatling.http.ssl.sslContexts -> SslContexts(io.netty.handler.ssl.JdkSslContext@ccaae93,None), gatling.http.cache.dns -> io.gatling.http.cache.DnsCacheSupport$$anon$1@5898ac4b, gatling.http.cache.baseUrl -> http://localhost:8080),0,OK,List(),io.gatling.core.protocol.ProtocolComponentsRegistry$$Lambda$598/0x000000084055d840@452b12e)
=========================
HTTP request:
GET http://localhost:8080/cpu/magic-identity-check?matrixSize=133
headers=
Accept: */*
Content-Type: application/json;charset=UTF-8
Accept-Language: en-US,en;q=0.8,nl;q=0.6
User-Agent: Mozilla/5.0 (Windows NT 6.1; WOW64) AppleWebKit/537.36 (KHTML, like Gecko) Chrome/38.0.2125.111 Safari/537.36
accept-encoding: gzip,deflate,sdch
host: localhost:8080
=========================
HTTP response:
status=
200 
headers= 
Content-Type: application/json;charset=UTF-8
Transfer-Encoding: chunked
Date: Wed, 29 Jan 2020 21:01:26 GMT

body=
{"message":"A simple magic square multiplied by an identity square of size [133] [is equal] to the magic square.","name":"Simple-PropertiesFileName","durationInMillis":5}
<<<<<<<<<<<<<<<<<<<<<<<<<
22:01:26.560 [DEBUG] i.g.c.a.Pause - Pausing for 1841ms (real=1841ms)
22:01:26.610 [DEBUG] i.g.h.c.i.HttpAppHandler - Read msg='DefaultHttpResponse(decodeResult: success, version: HTTP/1.1)
HTTP/1.1 200 
Content-Type: application/json;charset=UTF-8
Transfer-Encoding: chunked
Date: Wed, 29 Jan 2020 21:01:26 GMT'
22:01:26.610 [DEBUG] i.g.h.c.i.HttpAppHandler - Read msg='DefaultHttpContent(data: PooledSlicedByteBuf(ridx: 0, widx: 95, cap: 95/95, unwrapped: PooledUnsafeDirectByteBuf(ridx: 229, widx: 229, cap: 1024)), decoderResult: success)'
22:01:26.610 [DEBUG] i.g.h.c.i.HttpAppHandler - Read msg='EmptyLastHttpContent'
22:01:26.610 [TRACE] i.g.h.e.r.DefaultStatsProcessor - 
>>>>>>>>>>>>>>>>>>>>>>>>>>
Request:
simple_delay: OK 
=========================
Session:
Session(Acceptance test,132,1580331685052,Map(gatling.http.ssl.sslContexts -> SslContexts(io.netty.handler.ssl.JdkSslContext@19200849,None), gatling.http.cache.dns -> io.gatling.http.cache.DnsCacheSupport$$anon$1@5898ac4b, gatling.http.cache.baseUrl -> http://localhost:8080),18,OK,List(),io.gatling.core.protocol.ProtocolComponentsRegistry$$Lambda$598/0x000000084055d840@452b12e)
=========================
HTTP request:
GET http://localhost:8080/delay?duration=555
headers=
Accept: */*
Content-Type: application/json;charset=UTF-8
Accept-Language: en-US,en;q=0.8,nl;q=0.6
User-Agent: Mozilla/5.0 (Windows NT 6.1; WOW64) AppleWebKit/537.36 (KHTML, like Gecko) Chrome/38.0.2125.111 Safari/537.36
accept-encoding: gzip,deflate,sdch
host: localhost:8080
=========================
HTTP response:
status=
200 
headers= 
Content-Type: application/json;charset=UTF-8
Transfer-Encoding: chunked
Date: Wed, 29 Jan 2020 21:01:26 GMT

body=
{"message":"This was a delay of 555","name":"Simple-PropertiesFileName","durationInMillis":555}
<<<<<<<<<<<<<<<<<<<<<<<<<
22:01:26.610 [DEBUG] i.g.c.a.Pause - Pausing for 477ms (real=459ms)
22:01:26.782 [DEBUG] i.g.h.e.t.HttpTxExecutor - Sending request=upload-file uri=http://localhost:8080/files/upload: scenario=Acceptance test, userId=117
22:01:26.782 [DEBUG] i.g.h.c.i.HttpAppHandler - Write request WritableRequest{request=DefaultHttpRequest(decodeResult: success, version: HTTP/1.1)
POST /files/upload HTTP/1.1
Accept: */*
Accept-Language: en-US,en;q=0.8,nl;q=0.6
User-Agent: Mozilla/5.0 (Windows NT 6.1; WOW64) AppleWebKit/537.36 (KHTML, like Gecko) Chrome/38.0.2125.111 Safari/537.36
accept-encoding: gzip,deflate,sdch
host: localhost:8080
content-type: multipart/form-data; boundary=1nhJ-FVrV-V2SFfn5duSBrc2v2k3XzFR7GI
content-length: 220, content=io.gatling.http.client.body.multipart.impl.MultipartFileRegion@47c5c2ec}
22:01:26.785 [DEBUG] i.g.h.c.i.HttpAppHandler - Read msg='DefaultHttpResponse(decodeResult: success, version: HTTP/1.1)
HTTP/1.1 200 
Content-Type: text/plain;charset=UTF-8
Content-Length: 62
Date: Wed, 29 Jan 2020 21:01:26 GMT'
22:01:26.786 [DEBUG] i.g.h.c.i.HttpAppHandler - Read msg='DefaultLastHttpContent(data: PooledSlicedByteBuf(ridx: 0, widx: 62, cap: 62/62, unwrapped: PooledUnsafeDirectByteBuf(ridx: 176, widx: 176, cap: 496)), decoderResult: success)'
22:01:26.786 [TRACE] i.g.h.e.r.DefaultStatsProcessor - 
>>>>>>>>>>>>>>>>>>>>>>>>>>
Request:
upload-file: OK 
=========================
Session:
Session(Acceptance test,117,1580331677551,Map(gatling.http.ssl.sslContexts -> SslContexts(io.netty.handler.ssl.JdkSslContext@30c5078d,None), gatling.http.cache.dns -> io.gatling.http.cache.DnsCacheSupport$$anon$1@5898ac4b, gatling.http.cache.baseUrl -> http://localhost:8080),19,OK,List(),io.gatling.core.protocol.ProtocolComponentsRegistry$$Lambda$598/0x000000084055d840@452b12e)
=========================
HTTP request:
POST http://localhost:8080/files/upload
headers=
Accept: */*
Accept-Language: en-US,en;q=0.8,nl;q=0.6
User-Agent: Mozilla/5.0 (Windows NT 6.1; WOW64) AppleWebKit/537.36 (KHTML, like Gecko) Chrome/38.0.2125.111 Safari/537.36
accept-encoding: gzip,deflate,sdch
host: localhost:8080
content-type: multipart/form-data; boundary=1nhJ-FVrV-V2SFfn5duSBrc2v2k3XzFR7GI
content-length: 220
multipartBody=
ByteArrayPart: name=upload contentType=text/plain dispositionType=null charset=UTF-8 transferEncoding=null contentId=null filename=gatling-upload.txt
=========================
HTTP response:
status=
200 
headers= 
Content-Type: text/plain;charset=UTF-8
Content-Length: 62
Date: Wed, 29 Jan 2020 21:01:26 GMT

body=
File upload succeeded [gatling-upload.txt] of size [17] bytes.
<<<<<<<<<<<<<<<<<<<<<<<<<
22:01:26.786 [DEBUG] i.g.c.a.Exit - End user #117
22:01:26.787 [DEBUG] i.g.c.c.i.Injector - End user #117
22:01:26.882 [DEBUG] i.g.h.e.t.HttpTxExecutor - Sending request=upload-file uri=http://localhost:8080/files/upload: scenario=Acceptance test, userId=100
22:01:26.883 [DEBUG] i.g.h.c.i.HttpAppHandler - Write request WritableRequest{request=DefaultHttpRequest(decodeResult: success, version: HTTP/1.1)
POST /files/upload HTTP/1.1
Accept: */*
Accept-Language: en-US,en;q=0.8,nl;q=0.6
User-Agent: Mozilla/5.0 (Windows NT 6.1; WOW64) AppleWebKit/537.36 (KHTML, like Gecko) Chrome/38.0.2125.111 Safari/537.36
accept-encoding: gzip,deflate,sdch
host: localhost:8080
content-type: multipart/form-data; boundary=YZPW_msQq5ojEdDYTXOmMOZwXYcZE0kMjoL
content-length: 220, content=io.gatling.http.client.body.multipart.impl.MultipartFileRegion@35bda16a}
22:01:26.886 [DEBUG] i.g.h.c.i.HttpAppHandler - Read msg='DefaultHttpResponse(decodeResult: success, version: HTTP/1.1)
HTTP/1.1 200 
Content-Type: text/plain;charset=UTF-8
Content-Length: 62
Date: Wed, 29 Jan 2020 21:01:26 GMT'
22:01:26.886 [DEBUG] i.g.h.c.i.HttpAppHandler - Read msg='DefaultLastHttpContent(data: PooledSlicedByteBuf(ridx: 0, widx: 62, cap: 62/62, unwrapped: PooledUnsafeDirectByteBuf(ridx: 176, widx: 176, cap: 496)), decoderResult: success)'
22:01:26.886 [TRACE] i.g.h.e.r.DefaultStatsProcessor - 
>>>>>>>>>>>>>>>>>>>>>>>>>>
Request:
upload-file: OK 
=========================
Session:
Session(Acceptance test,100,1580331669051,Map(gatling.http.ssl.sslContexts -> SslContexts(io.netty.handler.ssl.JdkSslContext@46adeee6,None), gatling.http.cache.dns -> io.gatling.http.cache.DnsCacheSupport$$anon$1@5898ac4b, gatling.http.cache.baseUrl -> http://localhost:8080),17,OK,List(),io.gatling.core.protocol.ProtocolComponentsRegistry$$Lambda$598/0x000000084055d840@452b12e)
=========================
HTTP request:
POST http://localhost:8080/files/upload
headers=
Accept: */*
Accept-Language: en-US,en;q=0.8,nl;q=0.6
User-Agent: Mozilla/5.0 (Windows NT 6.1; WOW64) AppleWebKit/537.36 (KHTML, like Gecko) Chrome/38.0.2125.111 Safari/537.36
accept-encoding: gzip,deflate,sdch
host: localhost:8080
content-type: multipart/form-data; boundary=YZPW_msQq5ojEdDYTXOmMOZwXYcZE0kMjoL
content-length: 220
multipartBody=
ByteArrayPart: name=upload contentType=text/plain dispositionType=null charset=UTF-8 transferEncoding=null contentId=null filename=gatling-upload.txt
=========================
HTTP response:
status=
200 
headers= 
Content-Type: text/plain;charset=UTF-8
Content-Length: 62
Date: Wed, 29 Jan 2020 21:01:26 GMT

body=
File upload succeeded [gatling-upload.txt] of size [17] bytes.
<<<<<<<<<<<<<<<<<<<<<<<<<
22:01:26.886 [DEBUG] i.g.c.a.Exit - End user #100
22:01:26.887 [DEBUG] i.g.c.c.i.Injector - End user #100
22:01:27.052 [DEBUG] i.g.h.e.t.HttpTxExecutor - Sending request=simple_mini_leak uri=http://localhost:8080/memory/grow?objects=8&items=54: scenario=Acceptance test, userId=108
22:01:27.052 [DEBUG] i.g.h.e.t.HttpTxExecutor - Sending request=simple_cpu_burn uri=http://localhost:8080/cpu/magic-identity-check?matrixSize=133: scenario=Acceptance test, userId=136
22:01:27.053 [DEBUG] i.g.c.c.i.o.OpenWorkload - Start user #136
22:01:27.053 [DEBUG] i.g.h.c.i.HttpAppHandler - Write request WritableRequest{request=DefaultFullHttpRequest(decodeResult: success, version: HTTP/1.1, content: UnpooledByteBufAllocator$InstrumentedUnpooledUnsafeHeapByteBuf(ridx: 0, widx: 0, cap: 0))
GET /memory/grow?objects=8&items=54 HTTP/1.1
Accept: */*
Content-Type: application/json;charset=UTF-8
Accept-Language: en-US,en;q=0.8,nl;q=0.6
User-Agent: Mozilla/5.0 (Windows NT 6.1; WOW64) AppleWebKit/537.36 (KHTML, like Gecko) Chrome/38.0.2125.111 Safari/537.36
accept-encoding: gzip,deflate,sdch
host: localhost:8080, content=null}
22:01:27.054 [DEBUG] i.g.h.c.i.HttpAppHandler - Write request WritableRequest{request=DefaultFullHttpRequest(decodeResult: success, version: HTTP/1.1, content: UnpooledByteBufAllocator$InstrumentedUnpooledUnsafeHeapByteBuf(ridx: 0, widx: 0, cap: 0))
GET /cpu/magic-identity-check?matrixSize=133 HTTP/1.1
Accept: */*
Content-Type: application/json;charset=UTF-8
Accept-Language: en-US,en;q=0.8,nl;q=0.6
User-Agent: Mozilla/5.0 (Windows NT 6.1; WOW64) AppleWebKit/537.36 (KHTML, like Gecko) Chrome/38.0.2125.111 Safari/537.36
accept-encoding: gzip,deflate,sdch
host: localhost:8080, content=null}
22:01:27.060 [DEBUG] i.g.h.c.i.HttpAppHandler - Read msg='DefaultHttpResponse(decodeResult: success, version: HTTP/1.1)
HTTP/1.1 200 
Content-Type: application/json;charset=UTF-8
Transfer-Encoding: chunked
Date: Wed, 29 Jan 2020 21:01:26 GMT'
22:01:27.060 [DEBUG] i.g.h.c.i.HttpAppHandler - Read msg='DefaultHttpContent(data: PooledSlicedByteBuf(ridx: 0, widx: 144, cap: 144/144, unwrapped: PooledUnsafeDirectByteBuf(ridx: 278, widx: 278, cap: 512)), decoderResult: success)'
22:01:27.061 [DEBUG] i.g.h.c.i.HttpAppHandler - Read msg='EmptyLastHttpContent'
22:01:27.061 [TRACE] i.g.h.e.r.DefaultStatsProcessor - 
>>>>>>>>>>>>>>>>>>>>>>>>>>
Request:
simple_mini_leak: OK 
=========================
Session:
Session(Acceptance test,108,1580331673052,Map(gatling.http.ssl.sslContexts -> SslContexts(io.netty.handler.ssl.JdkSslContext@5afabf13,None), gatling.http.cache.dns -> io.gatling.http.cache.DnsCacheSupport$$anon$1@5898ac4b, gatling.http.cache.baseUrl -> http://localhost:8080),13,OK,List(),io.gatling.core.protocol.ProtocolComponentsRegistry$$Lambda$598/0x000000084055d840@452b12e)
=========================
HTTP request:
GET http://localhost:8080/memory/grow?objects=8&items=54
headers=
Accept: */*
Content-Type: application/json;charset=UTF-8
Accept-Language: en-US,en;q=0.8,nl;q=0.6
User-Agent: Mozilla/5.0 (Windows NT 6.1; WOW64) AppleWebKit/537.36 (KHTML, like Gecko) Chrome/38.0.2125.111 Safari/537.36
accept-encoding: gzip,deflate,sdch
host: localhost:8080
=========================
HTTP response:
status=
200 
headers= 
Content-Type: application/json;charset=UTF-8
Transfer-Encoding: chunked
Date: Wed, 29 Jan 2020 21:01:26 GMT

body=
{"message":"Size of BigFatBastard list is now 12000 objects. It contains 648000 items.","name":"Simple-PropertiesFileName","durationInMillis":6}
<<<<<<<<<<<<<<<<<<<<<<<<<
22:01:27.061 [DEBUG] i.g.c.a.Pause - Pausing for 2886ms (real=2873ms)
22:01:27.061 [DEBUG] i.g.h.e.t.HttpTxExecutor - Sending request=simple_delay uri=http://localhost:8080/delay?duration=555: scenario=Acceptance test, userId=133
22:01:27.062 [DEBUG] i.g.h.c.i.HttpAppHandler - Write request WritableRequest{request=DefaultFullHttpRequest(decodeResult: success, version: HTTP/1.1, content: UnpooledByteBufAllocator$InstrumentedUnpooledUnsafeHeapByteBuf(ridx: 0, widx: 0, cap: 0))
GET /delay?duration=555 HTTP/1.1
Accept: */*
Content-Type: application/json;charset=UTF-8
Accept-Language: en-US,en;q=0.8,nl;q=0.6
User-Agent: Mozilla/5.0 (Windows NT 6.1; WOW64) AppleWebKit/537.36 (KHTML, like Gecko) Chrome/38.0.2125.111 Safari/537.36
accept-encoding: gzip,deflate,sdch
host: localhost:8080, content=null}
22:01:27.067 [DEBUG] i.g.h.c.i.HttpAppHandler - Read msg='DefaultHttpResponse(decodeResult: success, version: HTTP/1.1)
HTTP/1.1 200 
Content-Type: application/json;charset=UTF-8
Transfer-Encoding: chunked
Date: Wed, 29 Jan 2020 21:01:26 GMT'
22:01:27.067 [DEBUG] i.g.h.c.i.HttpAppHandler - Read msg='DefaultHttpContent(data: PooledSlicedByteBuf(ridx: 0, widx: 171, cap: 171/171, unwrapped: PooledUnsafeDirectByteBuf(ridx: 305, widx: 310, cap: 1024)), decoderResult: success)'
22:01:27.067 [DEBUG] i.g.h.c.i.HttpAppHandler - Read msg='EmptyLastHttpContent'
22:01:27.067 [TRACE] i.g.h.e.r.DefaultStatsProcessor - 
>>>>>>>>>>>>>>>>>>>>>>>>>>
Request:
simple_cpu_burn: OK 
=========================
Session:
Session(Acceptance test,136,1580331687052,Map(gatling.http.ssl.sslContexts -> SslContexts(io.netty.handler.ssl.JdkSslContext@7a6158da,None), gatling.http.cache.dns -> io.gatling.http.cache.DnsCacheSupport$$anon$1@5898ac4b, gatling.http.cache.baseUrl -> http://localhost:8080),0,OK,List(),io.gatling.core.protocol.ProtocolComponentsRegistry$$Lambda$598/0x000000084055d840@452b12e)
=========================
HTTP request:
GET http://localhost:8080/cpu/magic-identity-check?matrixSize=133
headers=
Accept: */*
Content-Type: application/json;charset=UTF-8
Accept-Language: en-US,en;q=0.8,nl;q=0.6
User-Agent: Mozilla/5.0 (Windows NT 6.1; WOW64) AppleWebKit/537.36 (KHTML, like Gecko) Chrome/38.0.2125.111 Safari/537.36
accept-encoding: gzip,deflate,sdch
host: localhost:8080
=========================
HTTP response:
status=
200 
headers= 
Content-Type: application/json;charset=UTF-8
Transfer-Encoding: chunked
Date: Wed, 29 Jan 2020 21:01:26 GMT

body=
{"message":"A simple magic square multiplied by an identity square of size [133] [is equal] to the magic square.","name":"Simple-PropertiesFileName","durationInMillis":11}
<<<<<<<<<<<<<<<<<<<<<<<<<
22:01:27.067 [DEBUG] i.g.c.a.Pause - Pausing for 2578ms (real=2578ms)
22:01:27.082 [DEBUG] i.g.h.e.t.HttpTxExecutor - Sending request=simple_mini_leak uri=http://localhost:8080/memory/grow?objects=8&items=54: scenario=Acceptance test, userId=132
22:01:27.082 [DEBUG] i.g.h.c.i.HttpAppHandler - Write request WritableRequest{request=DefaultFullHttpRequest(decodeResult: success, version: HTTP/1.1, content: UnpooledByteBufAllocator$InstrumentedUnpooledUnsafeHeapByteBuf(ridx: 0, widx: 0, cap: 0))
GET /memory/grow?objects=8&items=54 HTTP/1.1
Accept: */*
Content-Type: application/json;charset=UTF-8
Accept-Language: en-US,en;q=0.8,nl;q=0.6
User-Agent: Mozilla/5.0 (Windows NT 6.1; WOW64) AppleWebKit/537.36 (KHTML, like Gecko) Chrome/38.0.2125.111 Safari/537.36
accept-encoding: gzip,deflate,sdch
host: localhost:8080, content=null}
22:01:27.089 [DEBUG] i.g.h.c.i.HttpAppHandler - Read msg='DefaultHttpResponse(decodeResult: success, version: HTTP/1.1)
HTTP/1.1 200 
Content-Type: application/json;charset=UTF-8
Transfer-Encoding: chunked
Date: Wed, 29 Jan 2020 21:01:26 GMT'
22:01:27.089 [DEBUG] i.g.h.c.i.HttpAppHandler - Read msg='DefaultHttpContent(data: PooledSlicedByteBuf(ridx: 0, widx: 144, cap: 144/144, unwrapped: PooledUnsafeDirectByteBuf(ridx: 278, widx: 283, cap: 512)), decoderResult: success)'
22:01:27.089 [DEBUG] i.g.h.c.i.HttpAppHandler - Read msg='EmptyLastHttpContent'
22:01:27.089 [TRACE] i.g.h.e.r.DefaultStatsProcessor - 
>>>>>>>>>>>>>>>>>>>>>>>>>>
Request:
simple_mini_leak: OK 
=========================
Session:
Session(Acceptance test,132,1580331685052,Map(gatling.http.ssl.sslContexts -> SslContexts(io.netty.handler.ssl.JdkSslContext@19200849,None), gatling.http.cache.dns -> io.gatling.http.cache.DnsCacheSupport$$anon$1@5898ac4b, gatling.http.cache.baseUrl -> http://localhost:8080),12,OK,List(),io.gatling.core.protocol.ProtocolComponentsRegistry$$Lambda$598/0x000000084055d840@452b12e)
=========================
HTTP request:
GET http://localhost:8080/memory/grow?objects=8&items=54
headers=
Accept: */*
Content-Type: application/json;charset=UTF-8
Accept-Language: en-US,en;q=0.8,nl;q=0.6
User-Agent: Mozilla/5.0 (Windows NT 6.1; WOW64) AppleWebKit/537.36 (KHTML, like Gecko) Chrome/38.0.2125.111 Safari/537.36
accept-encoding: gzip,deflate,sdch
host: localhost:8080
=========================
HTTP response:
status=
200 
headers= 
Content-Type: application/json;charset=UTF-8
Transfer-Encoding: chunked
Date: Wed, 29 Jan 2020 21:01:26 GMT

body=
{"message":"Size of BigFatBastard list is now 12008 objects. It contains 648432 items.","name":"Simple-PropertiesFileName","durationInMillis":5}
<<<<<<<<<<<<<<<<<<<<<<<<<
22:01:27.090 [DEBUG] i.g.c.a.Pause - Pausing for 4126ms (real=4114ms)
22:01:27.202 [DEBUG] i.g.h.e.t.HttpTxExecutor - Sending request=upload-file uri=http://localhost:8080/files/upload: scenario=Acceptance test, userId=123
22:01:27.203 [DEBUG] i.g.h.c.i.HttpAppHandler - Write request WritableRequest{request=DefaultHttpRequest(decodeResult: success, version: HTTP/1.1)
POST /files/upload HTTP/1.1
Accept: */*
Accept-Language: en-US,en;q=0.8,nl;q=0.6
User-Agent: Mozilla/5.0 (Windows NT 6.1; WOW64) AppleWebKit/537.36 (KHTML, like Gecko) Chrome/38.0.2125.111 Safari/537.36
accept-encoding: gzip,deflate,sdch
host: localhost:8080
content-type: multipart/form-data; boundary=RWxsqnE_wEDRJrwr8jTkUCR5NWkmsxx_Fjv
content-length: 220, content=io.gatling.http.client.body.multipart.impl.MultipartFileRegion@47364963}
22:01:27.206 [DEBUG] i.g.h.c.i.HttpAppHandler - Read msg='DefaultHttpResponse(decodeResult: success, version: HTTP/1.1)
HTTP/1.1 200 
Content-Type: text/plain;charset=UTF-8
Content-Length: 62
Date: Wed, 29 Jan 2020 21:01:26 GMT'
22:01:27.206 [DEBUG] i.g.h.c.i.HttpAppHandler - Read msg='DefaultLastHttpContent(data: PooledSlicedByteBuf(ridx: 0, widx: 62, cap: 62/62, unwrapped: PooledUnsafeDirectByteBuf(ridx: 176, widx: 176, cap: 496)), decoderResult: success)'
22:01:27.206 [TRACE] i.g.h.e.r.DefaultStatsProcessor - 
>>>>>>>>>>>>>>>>>>>>>>>>>>
Request:
upload-file: OK 
=========================
Session:
Session(Acceptance test,123,1580331680551,Map(gatling.http.ssl.sslContexts -> SslContexts(io.netty.handler.ssl.JdkSslContext@f3e1aca,None), gatling.http.cache.dns -> io.gatling.http.cache.DnsCacheSupport$$anon$1@5898ac4b, gatling.http.cache.baseUrl -> http://localhost:8080),20,OK,List(),io.gatling.core.protocol.ProtocolComponentsRegistry$$Lambda$598/0x000000084055d840@452b12e)
=========================
HTTP request:
POST http://localhost:8080/files/upload
headers=
Accept: */*
Accept-Language: en-US,en;q=0.8,nl;q=0.6
User-Agent: Mozilla/5.0 (Windows NT 6.1; WOW64) AppleWebKit/537.36 (KHTML, like Gecko) Chrome/38.0.2125.111 Safari/537.36
accept-encoding: gzip,deflate,sdch
host: localhost:8080
content-type: multipart/form-data; boundary=RWxsqnE_wEDRJrwr8jTkUCR5NWkmsxx_Fjv
content-length: 220
multipartBody=
ByteArrayPart: name=upload contentType=text/plain dispositionType=null charset=UTF-8 transferEncoding=null contentId=null filename=gatling-upload.txt
=========================
HTTP response:
status=
200 
headers= 
Content-Type: text/plain;charset=UTF-8
Content-Length: 62
Date: Wed, 29 Jan 2020 21:01:26 GMT

body=
File upload succeeded [gatling-upload.txt] of size [17] bytes.
<<<<<<<<<<<<<<<<<<<<<<<<<
22:01:27.206 [DEBUG] i.g.c.a.Exit - End user #123
22:01:27.207 [DEBUG] i.g.c.c.i.Injector - End user #123
22:01:27.332 [DEBUG] i.g.h.e.t.HttpTxExecutor - Sending request=upload-file uri=http://localhost:8080/files/upload: scenario=Acceptance test, userId=127
22:01:27.332 [DEBUG] i.g.h.c.i.HttpAppHandler - Write request WritableRequest{request=DefaultHttpRequest(decodeResult: success, version: HTTP/1.1)
POST /files/upload HTTP/1.1
Accept: */*
Accept-Language: en-US,en;q=0.8,nl;q=0.6
User-Agent: Mozilla/5.0 (Windows NT 6.1; WOW64) AppleWebKit/537.36 (KHTML, like Gecko) Chrome/38.0.2125.111 Safari/537.36
accept-encoding: gzip,deflate,sdch
host: localhost:8080
content-type: multipart/form-data; boundary=tFbjaWWues5yzWvQek5JGdH9rxi5RJrSAxm
content-length: 220, content=io.gatling.http.client.body.multipart.impl.MultipartFileRegion@578a0f8d}
22:01:27.335 [DEBUG] i.g.h.c.i.HttpAppHandler - Read msg='DefaultHttpResponse(decodeResult: success, version: HTTP/1.1)
HTTP/1.1 200 
Content-Type: text/plain;charset=UTF-8
Content-Length: 62
Date: Wed, 29 Jan 2020 21:01:27 GMT'
22:01:27.335 [DEBUG] i.g.h.c.i.HttpAppHandler - Read msg='DefaultLastHttpContent(data: PooledSlicedByteBuf(ridx: 0, widx: 62, cap: 62/62, unwrapped: PooledUnsafeDirectByteBuf(ridx: 176, widx: 176, cap: 496)), decoderResult: success)'
22:01:27.336 [TRACE] i.g.h.e.r.DefaultStatsProcessor - 
>>>>>>>>>>>>>>>>>>>>>>>>>>
Request:
upload-file: OK 
=========================
Session:
Session(Acceptance test,127,1580331682552,Map(gatling.http.ssl.sslContexts -> SslContexts(io.netty.handler.ssl.JdkSslContext@763a1e3d,None), gatling.http.cache.dns -> io.gatling.http.cache.DnsCacheSupport$$anon$1@5898ac4b, gatling.http.cache.baseUrl -> http://localhost:8080),16,OK,List(),io.gatling.core.protocol.ProtocolComponentsRegistry$$Lambda$598/0x000000084055d840@452b12e)
=========================
HTTP request:
POST http://localhost:8080/files/upload
headers=
Accept: */*
Accept-Language: en-US,en;q=0.8,nl;q=0.6
User-Agent: Mozilla/5.0 (Windows NT 6.1; WOW64) AppleWebKit/537.36 (KHTML, like Gecko) Chrome/38.0.2125.111 Safari/537.36
accept-encoding: gzip,deflate,sdch
host: localhost:8080
content-type: multipart/form-data; boundary=tFbjaWWues5yzWvQek5JGdH9rxi5RJrSAxm
content-length: 220
multipartBody=
ByteArrayPart: name=upload contentType=text/plain dispositionType=null charset=UTF-8 transferEncoding=null contentId=null filename=gatling-upload.txt
=========================
HTTP response:
status=
200 
headers= 
Content-Type: text/plain;charset=UTF-8
Content-Length: 62
Date: Wed, 29 Jan 2020 21:01:27 GMT

body=
File upload succeeded [gatling-upload.txt] of size [17] bytes.
<<<<<<<<<<<<<<<<<<<<<<<<<
22:01:27.336 [DEBUG] i.g.c.a.Exit - End user #127
22:01:27.336 [DEBUG] i.g.c.c.i.Injector - End user #127
22:01:27.342 [DEBUG] i.g.h.e.t.HttpTxExecutor - Sending request=simple_delay uri=http://localhost:8080/delay?duration=555: scenario=Acceptance test, userId=129
22:01:27.342 [DEBUG] i.g.h.c.i.HttpAppHandler - Write request WritableRequest{request=DefaultFullHttpRequest(decodeResult: success, version: HTTP/1.1, content: UnpooledByteBufAllocator$InstrumentedUnpooledUnsafeHeapByteBuf(ridx: 0, widx: 0, cap: 0))
GET /delay?duration=555 HTTP/1.1
Accept: */*
Content-Type: application/json;charset=UTF-8
Accept-Language: en-US,en;q=0.8,nl;q=0.6
User-Agent: Mozilla/5.0 (Windows NT 6.1; WOW64) AppleWebKit/537.36 (KHTML, like Gecko) Chrome/38.0.2125.111 Safari/537.36
accept-encoding: gzip,deflate,sdch
host: localhost:8080, content=null}
22:01:27.552 [DEBUG] i.g.c.c.i.o.OpenWorkload - Injecting 2 users in scenario Acceptance test, continue=true
22:01:27.553 [DEBUG] i.g.h.e.t.HttpTxExecutor - Sending request=simple_cpu_burn uri=http://localhost:8080/cpu/magic-identity-check?matrixSize=133: scenario=Acceptance test, userId=137
22:01:27.553 [DEBUG] i.g.c.c.i.o.OpenWorkload - Start user #137
22:01:27.554 [DEBUG] i.g.h.c.i.HttpAppHandler - Write request WritableRequest{request=DefaultFullHttpRequest(decodeResult: success, version: HTTP/1.1, content: UnpooledByteBufAllocator$InstrumentedUnpooledUnsafeHeapByteBuf(ridx: 0, widx: 0, cap: 0))
GET /cpu/magic-identity-check?matrixSize=133 HTTP/1.1
Accept: */*
Content-Type: application/json;charset=UTF-8
Accept-Language: en-US,en;q=0.8,nl;q=0.6
User-Agent: Mozilla/5.0 (Windows NT 6.1; WOW64) AppleWebKit/537.36 (KHTML, like Gecko) Chrome/38.0.2125.111 Safari/537.36
accept-encoding: gzip,deflate,sdch
host: localhost:8080, content=null}
22:01:27.565 [DEBUG] i.g.h.c.i.HttpAppHandler - Read msg='DefaultHttpResponse(decodeResult: success, version: HTTP/1.1)
HTTP/1.1 200 
Content-Type: application/json;charset=UTF-8
Transfer-Encoding: chunked
Date: Wed, 29 Jan 2020 21:01:27 GMT'
22:01:27.566 [DEBUG] i.g.h.c.i.HttpAppHandler - Read msg='DefaultHttpContent(data: PooledSlicedByteBuf(ridx: 0, widx: 170, cap: 170/170, unwrapped: PooledUnsafeDirectByteBuf(ridx: 304, widx: 309, cap: 1024)), decoderResult: success)'
22:01:27.566 [DEBUG] i.g.h.c.i.HttpAppHandler - Read msg='EmptyLastHttpContent'
22:01:27.566 [TRACE] i.g.h.e.r.DefaultStatsProcessor - 
>>>>>>>>>>>>>>>>>>>>>>>>>>
Request:
simple_cpu_burn: OK 
=========================
Session:
Session(Acceptance test,137,1580331687551,Map(gatling.http.ssl.sslContexts -> SslContexts(io.netty.handler.ssl.JdkSslContext@2a4a9302,None), gatling.http.cache.dns -> io.gatling.http.cache.DnsCacheSupport$$anon$1@5898ac4b, gatling.http.cache.baseUrl -> http://localhost:8080),0,OK,List(),io.gatling.core.protocol.ProtocolComponentsRegistry$$Lambda$598/0x000000084055d840@452b12e)
=========================
HTTP request:
GET http://localhost:8080/cpu/magic-identity-check?matrixSize=133
headers=
Accept: */*
Content-Type: application/json;charset=UTF-8
Accept-Language: en-US,en;q=0.8,nl;q=0.6
User-Agent: Mozilla/5.0 (Windows NT 6.1; WOW64) AppleWebKit/537.36 (KHTML, like Gecko) Chrome/38.0.2125.111 Safari/537.36
accept-encoding: gzip,deflate,sdch
host: localhost:8080
=========================
HTTP response:
status=
200 
headers= 
Content-Type: application/json;charset=UTF-8
Transfer-Encoding: chunked
Date: Wed, 29 Jan 2020 21:01:27 GMT

body=
{"message":"A simple magic square multiplied by an identity square of size [133] [is equal] to the magic square.","name":"Simple-PropertiesFileName","durationInMillis":9}
<<<<<<<<<<<<<<<<<<<<<<<<<
22:01:27.566 [DEBUG] i.g.c.a.Pause - Pausing for 10331ms (real=10331ms)
22:01:27.619 [DEBUG] i.g.h.c.i.HttpAppHandler - Read msg='DefaultHttpResponse(decodeResult: success, version: HTTP/1.1)
HTTP/1.1 200 
Content-Type: application/json;charset=UTF-8
Transfer-Encoding: chunked
Date: Wed, 29 Jan 2020 21:01:27 GMT'
22:01:27.619 [DEBUG] i.g.h.c.i.HttpAppHandler - Read msg='DefaultHttpContent(data: PooledSlicedByteBuf(ridx: 0, widx: 95, cap: 95/95, unwrapped: PooledUnsafeDirectByteBuf(ridx: 229, widx: 234, cap: 1024)), decoderResult: success)'
22:01:27.619 [DEBUG] i.g.h.c.i.HttpAppHandler - Read msg='EmptyLastHttpContent'
22:01:27.620 [TRACE] i.g.h.e.r.DefaultStatsProcessor - 
>>>>>>>>>>>>>>>>>>>>>>>>>>
Request:
simple_delay: OK 
=========================
Session:
Session(Acceptance test,133,1580331685551,Map(gatling.http.ssl.sslContexts -> SslContexts(io.netty.handler.ssl.JdkSslContext@c84df27,None), gatling.http.cache.dns -> io.gatling.http.cache.DnsCacheSupport$$anon$1@5898ac4b, gatling.http.cache.baseUrl -> http://localhost:8080),24,OK,List(),io.gatling.core.protocol.ProtocolComponentsRegistry$$Lambda$598/0x000000084055d840@452b12e)
=========================
HTTP request:
GET http://localhost:8080/delay?duration=555
headers=
Accept: */*
Content-Type: application/json;charset=UTF-8
Accept-Language: en-US,en;q=0.8,nl;q=0.6
User-Agent: Mozilla/5.0 (Windows NT 6.1; WOW64) AppleWebKit/537.36 (KHTML, like Gecko) Chrome/38.0.2125.111 Safari/537.36
accept-encoding: gzip,deflate,sdch
host: localhost:8080
=========================
HTTP response:
status=
200 
headers= 
Content-Type: application/json;charset=UTF-8
Transfer-Encoding: chunked
Date: Wed, 29 Jan 2020 21:01:27 GMT

body=
{"message":"This was a delay of 555","name":"Simple-PropertiesFileName","durationInMillis":555}
<<<<<<<<<<<<<<<<<<<<<<<<<
22:01:27.620 [DEBUG] i.g.c.a.Pause - Pausing for 1707ms (real=1682ms)
22:01:27.872 [DEBUG] i.g.h.e.t.HttpTxExecutor - Sending request=simple_mini_leak uri=http://localhost:8080/memory/grow?objects=8&items=54: scenario=Acceptance test, userId=121
22:01:27.873 [DEBUG] i.g.h.c.i.HttpAppHandler - Write request WritableRequest{request=DefaultFullHttpRequest(decodeResult: success, version: HTTP/1.1, content: UnpooledByteBufAllocator$InstrumentedUnpooledUnsafeHeapByteBuf(ridx: 0, widx: 0, cap: 0))
GET /memory/grow?objects=8&items=54 HTTP/1.1
Accept: */*
Content-Type: application/json;charset=UTF-8
Accept-Language: en-US,en;q=0.8,nl;q=0.6
User-Agent: Mozilla/5.0 (Windows NT 6.1; WOW64) AppleWebKit/537.36 (KHTML, like Gecko) Chrome/38.0.2125.111 Safari/537.36
accept-encoding: gzip,deflate,sdch
host: localhost:8080, content=null}
22:01:27.882 [DEBUG] i.g.h.c.i.HttpAppHandler - Read msg='DefaultHttpResponse(decodeResult: success, version: HTTP/1.1)
HTTP/1.1 200 
Content-Type: application/json;charset=UTF-8
Transfer-Encoding: chunked
Date: Wed, 29 Jan 2020 21:01:27 GMT'
22:01:27.882 [DEBUG] i.g.h.c.i.HttpAppHandler - Read msg='DefaultHttpContent(data: PooledSlicedByteBuf(ridx: 0, widx: 144, cap: 144/144, unwrapped: PooledUnsafeDirectByteBuf(ridx: 278, widx: 278, cap: 512)), decoderResult: success)'
22:01:27.882 [DEBUG] i.g.h.c.i.HttpAppHandler - Read msg='EmptyLastHttpContent'
22:01:27.884 [TRACE] i.g.h.e.r.DefaultStatsProcessor - 
>>>>>>>>>>>>>>>>>>>>>>>>>>
Request:
simple_mini_leak: OK 
=========================
Session:
Session(Acceptance test,121,1580331679552,Map(gatling.http.ssl.sslContexts -> SslContexts(io.netty.handler.ssl.JdkSslContext@391bf7e4,None), gatling.http.cache.dns -> io.gatling.http.cache.DnsCacheSupport$$anon$1@5898ac4b, gatling.http.cache.baseUrl -> http://localhost:8080),17,OK,List(),io.gatling.core.protocol.ProtocolComponentsRegistry$$Lambda$598/0x000000084055d840@452b12e)
=========================
HTTP request:
GET http://localhost:8080/memory/grow?objects=8&items=54
headers=
Accept: */*
Content-Type: application/json;charset=UTF-8
Accept-Language: en-US,en;q=0.8,nl;q=0.6
User-Agent: Mozilla/5.0 (Windows NT 6.1; WOW64) AppleWebKit/537.36 (KHTML, like Gecko) Chrome/38.0.2125.111 Safari/537.36
accept-encoding: gzip,deflate,sdch
host: localhost:8080
=========================
HTTP response:
status=
200 
headers= 
Content-Type: application/json;charset=UTF-8
Transfer-Encoding: chunked
Date: Wed, 29 Jan 2020 21:01:27 GMT

body=
{"message":"Size of BigFatBastard list is now 12016 objects. It contains 648864 items.","name":"Simple-PropertiesFileName","durationInMillis":6}
<<<<<<<<<<<<<<<<<<<<<<<<<
22:01:27.885 [DEBUG] i.g.c.a.Pause - Pausing for 2340ms (real=2321ms)
22:01:27.900 [DEBUG] i.g.h.c.i.HttpAppHandler - Read msg='DefaultHttpResponse(decodeResult: success, version: HTTP/1.1)
HTTP/1.1 200 
Content-Type: application/json;charset=UTF-8
Transfer-Encoding: chunked
Date: Wed, 29 Jan 2020 21:01:27 GMT'
22:01:27.900 [DEBUG] i.g.h.c.i.HttpAppHandler - Read msg='DefaultHttpContent(data: PooledSlicedByteBuf(ridx: 0, widx: 95, cap: 95/95, unwrapped: PooledUnsafeDirectByteBuf(ridx: 229, widx: 229, cap: 512)), decoderResult: success)'
22:01:27.901 [DEBUG] i.g.h.c.i.HttpAppHandler - Read msg='EmptyLastHttpContent'
22:01:27.902 [TRACE] i.g.h.e.r.DefaultStatsProcessor - 
>>>>>>>>>>>>>>>>>>>>>>>>>>
Request:
simple_delay: OK 
=========================
Session:
Session(Acceptance test,129,1580331683552,Map(gatling.http.ssl.sslContexts -> SslContexts(io.netty.handler.ssl.JdkSslContext@403f531f,None), gatling.http.cache.dns -> io.gatling.http.cache.DnsCacheSupport$$anon$1@5898ac4b, gatling.http.cache.baseUrl -> http://localhost:8080),22,OK,List(),io.gatling.core.protocol.ProtocolComponentsRegistry$$Lambda$598/0x000000084055d840@452b12e)
=========================
HTTP request:
GET http://localhost:8080/delay?duration=555
headers=
Accept: */*
Content-Type: application/json;charset=UTF-8
Accept-Language: en-US,en;q=0.8,nl;q=0.6
User-Agent: Mozilla/5.0 (Windows NT 6.1; WOW64) AppleWebKit/537.36 (KHTML, like Gecko) Chrome/38.0.2125.111 Safari/537.36
accept-encoding: gzip,deflate,sdch
host: localhost:8080
=========================
HTTP response:
status=
200 
headers= 
Content-Type: application/json;charset=UTF-8
Transfer-Encoding: chunked
Date: Wed, 29 Jan 2020 21:01:27 GMT

body=
{"message":"This was a delay of 555","name":"Simple-PropertiesFileName","durationInMillis":555}
<<<<<<<<<<<<<<<<<<<<<<<<<
22:01:27.902 [DEBUG] i.g.c.a.Pause - Pausing for 555ms (real=532ms)
22:01:27.911 [DEBUG] i.g.h.e.t.HttpTxExecutor - Sending request=simple_delay uri=http://localhost:8080/delay?duration=555: scenario=Acceptance test, userId=134
22:01:27.911 [DEBUG] i.g.h.c.i.HttpAppHandler - Write request WritableRequest{request=DefaultFullHttpRequest(decodeResult: success, version: HTTP/1.1, content: UnpooledByteBufAllocator$InstrumentedUnpooledUnsafeHeapByteBuf(ridx: 0, widx: 0, cap: 0))
GET /delay?duration=555 HTTP/1.1
Accept: */*
Content-Type: application/json;charset=UTF-8
Accept-Language: en-US,en;q=0.8,nl;q=0.6
User-Agent: Mozilla/5.0 (Windows NT 6.1; WOW64) AppleWebKit/537.36 (KHTML, like Gecko) Chrome/38.0.2125.111 Safari/537.36
accept-encoding: gzip,deflate,sdch
host: localhost:8080, content=null}
22:01:28.052 [DEBUG] i.g.h.e.t.HttpTxExecutor - Sending request=simple_cpu_burn uri=http://localhost:8080/cpu/magic-identity-check?matrixSize=133: scenario=Acceptance test, userId=138
22:01:28.053 [DEBUG] i.g.c.c.i.o.OpenWorkload - Start user #138
22:01:28.054 [DEBUG] i.g.h.c.i.HttpAppHandler - Write request WritableRequest{request=DefaultFullHttpRequest(decodeResult: success, version: HTTP/1.1, content: UnpooledByteBufAllocator$InstrumentedUnpooledUnsafeHeapByteBuf(ridx: 0, widx: 0, cap: 0))
GET /cpu/magic-identity-check?matrixSize=133 HTTP/1.1
Accept: */*
Content-Type: application/json;charset=UTF-8
Accept-Language: en-US,en;q=0.8,nl;q=0.6
User-Agent: Mozilla/5.0 (Windows NT 6.1; WOW64) AppleWebKit/537.36 (KHTML, like Gecko) Chrome/38.0.2125.111 Safari/537.36
accept-encoding: gzip,deflate,sdch
host: localhost:8080, content=null}
22:01:28.064 [DEBUG] i.g.h.c.i.HttpAppHandler - Read msg='DefaultHttpResponse(decodeResult: success, version: HTTP/1.1)
HTTP/1.1 200 
Content-Type: application/json;charset=UTF-8
Transfer-Encoding: chunked
Date: Wed, 29 Jan 2020 21:01:27 GMT'
22:01:28.064 [DEBUG] i.g.h.c.i.HttpAppHandler - Read msg='DefaultHttpContent(data: PooledSlicedByteBuf(ridx: 0, widx: 170, cap: 170/170, unwrapped: PooledUnsafeDirectByteBuf(ridx: 304, widx: 309, cap: 1024)), decoderResult: success)'
22:01:28.065 [DEBUG] i.g.h.c.i.HttpAppHandler - Read msg='EmptyLastHttpContent'
22:01:28.065 [TRACE] i.g.h.e.r.DefaultStatsProcessor - 
>>>>>>>>>>>>>>>>>>>>>>>>>>
Request:
simple_cpu_burn: OK 
=========================
Session:
Session(Acceptance test,138,1580331688052,Map(gatling.http.ssl.sslContexts -> SslContexts(io.netty.handler.ssl.JdkSslContext@765838b5,None), gatling.http.cache.dns -> io.gatling.http.cache.DnsCacheSupport$$anon$1@5898ac4b, gatling.http.cache.baseUrl -> http://localhost:8080),0,OK,List(),io.gatling.core.protocol.ProtocolComponentsRegistry$$Lambda$598/0x000000084055d840@452b12e)
=========================
HTTP request:
GET http://localhost:8080/cpu/magic-identity-check?matrixSize=133
headers=
Accept: */*
Content-Type: application/json;charset=UTF-8
Accept-Language: en-US,en;q=0.8,nl;q=0.6
User-Agent: Mozilla/5.0 (Windows NT 6.1; WOW64) AppleWebKit/537.36 (KHTML, like Gecko) Chrome/38.0.2125.111 Safari/537.36
accept-encoding: gzip,deflate,sdch
host: localhost:8080
=========================
HTTP response:
status=
200 
headers= 
Content-Type: application/json;charset=UTF-8
Transfer-Encoding: chunked
Date: Wed, 29 Jan 2020 21:01:27 GMT

body=
{"message":"A simple magic square multiplied by an identity square of size [133] [is equal] to the magic square.","name":"Simple-PropertiesFileName","durationInMillis":9}
<<<<<<<<<<<<<<<<<<<<<<<<<
22:01:28.065 [DEBUG] i.g.c.a.Pause - Pausing for 5869ms (real=5869ms)
22:01:28.182 [DEBUG] i.g.h.e.t.HttpTxExecutor - Sending request=simple_mini_leak uri=http://localhost:8080/memory/grow?objects=8&items=54: scenario=Acceptance test, userId=113
22:01:28.182 [DEBUG] i.g.h.c.i.HttpAppHandler - Write request WritableRequest{request=DefaultFullHttpRequest(decodeResult: success, version: HTTP/1.1, content: UnpooledByteBufAllocator$InstrumentedUnpooledUnsafeHeapByteBuf(ridx: 0, widx: 0, cap: 0))
GET /memory/grow?objects=8&items=54 HTTP/1.1
Accept: */*
Content-Type: application/json;charset=UTF-8
Accept-Language: en-US,en;q=0.8,nl;q=0.6
User-Agent: Mozilla/5.0 (Windows NT 6.1; WOW64) AppleWebKit/537.36 (KHTML, like Gecko) Chrome/38.0.2125.111 Safari/537.36
accept-encoding: gzip,deflate,sdch
host: localhost:8080, content=null}
22:01:28.189 [DEBUG] i.g.h.c.i.HttpAppHandler - Read msg='DefaultHttpResponse(decodeResult: success, version: HTTP/1.1)
HTTP/1.1 200 
Content-Type: application/json;charset=UTF-8
Transfer-Encoding: chunked
Date: Wed, 29 Jan 2020 21:01:27 GMT'
22:01:28.189 [DEBUG] i.g.h.c.i.HttpAppHandler - Read msg='DefaultHttpContent(data: PooledSlicedByteBuf(ridx: 0, widx: 144, cap: 144/144, unwrapped: PooledUnsafeDirectByteBuf(ridx: 278, widx: 283, cap: 512)), decoderResult: success)'
22:01:28.189 [DEBUG] i.g.h.c.i.HttpAppHandler - Read msg='EmptyLastHttpContent'
22:01:28.190 [TRACE] i.g.h.e.r.DefaultStatsProcessor - 
>>>>>>>>>>>>>>>>>>>>>>>>>>
Request:
simple_mini_leak: OK 
=========================
Session:
Session(Acceptance test,113,1580331675552,Map(gatling.http.ssl.sslContexts -> SslContexts(io.netty.handler.ssl.JdkSslContext@7d8a578d,None), gatling.http.cache.dns -> io.gatling.http.cache.DnsCacheSupport$$anon$1@5898ac4b, gatling.http.cache.baseUrl -> http://localhost:8080),20,OK,List(),io.gatling.core.protocol.ProtocolComponentsRegistry$$Lambda$598/0x000000084055d840@452b12e)
=========================
HTTP request:
GET http://localhost:8080/memory/grow?objects=8&items=54
headers=
Accept: */*
Content-Type: application/json;charset=UTF-8
Accept-Language: en-US,en;q=0.8,nl;q=0.6
User-Agent: Mozilla/5.0 (Windows NT 6.1; WOW64) AppleWebKit/537.36 (KHTML, like Gecko) Chrome/38.0.2125.111 Safari/537.36
accept-encoding: gzip,deflate,sdch
host: localhost:8080
=========================
HTTP response:
status=
200 
headers= 
Content-Type: application/json;charset=UTF-8
Transfer-Encoding: chunked
Date: Wed, 29 Jan 2020 21:01:27 GMT

body=
{"message":"Size of BigFatBastard list is now 12024 objects. It contains 649296 items.","name":"Simple-PropertiesFileName","durationInMillis":5}
<<<<<<<<<<<<<<<<<<<<<<<<<
22:01:28.190 [DEBUG] i.g.c.a.Pause - Pausing for 5647ms (real=5626ms)
22:01:28.332 [DEBUG] i.g.h.e.t.HttpTxExecutor - Sending request=simple_mini_leak uri=http://localhost:8080/memory/grow?objects=8&items=54: scenario=Acceptance test, userId=120
22:01:28.332 [DEBUG] i.g.h.c.i.HttpAppHandler - Write request WritableRequest{request=DefaultFullHttpRequest(decodeResult: success, version: HTTP/1.1, content: UnpooledByteBufAllocator$InstrumentedUnpooledUnsafeHeapByteBuf(ridx: 0, widx: 0, cap: 0))
GET /memory/grow?objects=8&items=54 HTTP/1.1
Accept: */*
Content-Type: application/json;charset=UTF-8
Accept-Language: en-US,en;q=0.8,nl;q=0.6
User-Agent: Mozilla/5.0 (Windows NT 6.1; WOW64) AppleWebKit/537.36 (KHTML, like Gecko) Chrome/38.0.2125.111 Safari/537.36
accept-encoding: gzip,deflate,sdch
host: localhost:8080, content=null}
22:01:28.339 [DEBUG] i.g.h.c.i.HttpAppHandler - Read msg='DefaultHttpResponse(decodeResult: success, version: HTTP/1.1)
HTTP/1.1 200 
Content-Type: application/json;charset=UTF-8
Transfer-Encoding: chunked
Date: Wed, 29 Jan 2020 21:01:28 GMT'
22:01:28.339 [DEBUG] i.g.h.c.i.HttpAppHandler - Read msg='DefaultHttpContent(data: PooledSlicedByteBuf(ridx: 0, widx: 144, cap: 144/144, unwrapped: PooledUnsafeDirectByteBuf(ridx: 278, widx: 278, cap: 512)), decoderResult: success)'
22:01:28.339 [DEBUG] i.g.h.c.i.HttpAppHandler - Read msg='EmptyLastHttpContent'
22:01:28.340 [TRACE] i.g.h.e.r.DefaultStatsProcessor - 
>>>>>>>>>>>>>>>>>>>>>>>>>>
Request:
simple_mini_leak: OK 
=========================
Session:
Session(Acceptance test,120,1580331679051,Map(gatling.http.ssl.sslContexts -> SslContexts(io.netty.handler.ssl.JdkSslContext@b0507ee,None), gatling.http.cache.dns -> io.gatling.http.cache.DnsCacheSupport$$anon$1@5898ac4b, gatling.http.cache.baseUrl -> http://localhost:8080),16,OK,List(),io.gatling.core.protocol.ProtocolComponentsRegistry$$Lambda$598/0x000000084055d840@452b12e)
=========================
HTTP request:
GET http://localhost:8080/memory/grow?objects=8&items=54
headers=
Accept: */*
Content-Type: application/json;charset=UTF-8
Accept-Language: en-US,en;q=0.8,nl;q=0.6
User-Agent: Mozilla/5.0 (Windows NT 6.1; WOW64) AppleWebKit/537.36 (KHTML, like Gecko) Chrome/38.0.2125.111 Safari/537.36
accept-encoding: gzip,deflate,sdch
host: localhost:8080
=========================
HTTP response:
status=
200 
headers= 
Content-Type: application/json;charset=UTF-8
Transfer-Encoding: chunked
Date: Wed, 29 Jan 2020 21:01:28 GMT

body=
{"message":"Size of BigFatBastard list is now 12032 objects. It contains 649728 items.","name":"Simple-PropertiesFileName","durationInMillis":6}
<<<<<<<<<<<<<<<<<<<<<<<<<
22:01:28.340 [DEBUG] i.g.c.a.Pause - Pausing for 1540ms (real=1523ms)
22:01:28.422 [DEBUG] i.g.h.e.t.HttpTxExecutor - Sending request=simple_delay uri=http://localhost:8080/delay?duration=555: scenario=Acceptance test, userId=135
22:01:28.422 [DEBUG] i.g.h.c.i.HttpAppHandler - Write request WritableRequest{request=DefaultFullHttpRequest(decodeResult: success, version: HTTP/1.1, content: UnpooledByteBufAllocator$InstrumentedUnpooledUnsafeHeapByteBuf(ridx: 0, widx: 0, cap: 0))
GET /delay?duration=555 HTTP/1.1
Accept: */*
Content-Type: application/json;charset=UTF-8
Accept-Language: en-US,en;q=0.8,nl;q=0.6
User-Agent: Mozilla/5.0 (Windows NT 6.1; WOW64) AppleWebKit/537.36 (KHTML, like Gecko) Chrome/38.0.2125.111 Safari/537.36
accept-encoding: gzip,deflate,sdch
host: localhost:8080, content=null}
22:01:28.461 [DEBUG] i.g.h.e.t.HttpTxExecutor - Sending request=simple_mini_leak uri=http://localhost:8080/memory/grow?objects=8&items=54: scenario=Acceptance test, userId=129
22:01:28.462 [DEBUG] i.g.h.c.i.HttpAppHandler - Write request WritableRequest{request=DefaultFullHttpRequest(decodeResult: success, version: HTTP/1.1, content: UnpooledByteBufAllocator$InstrumentedUnpooledUnsafeHeapByteBuf(ridx: 0, widx: 0, cap: 0))
GET /memory/grow?objects=8&items=54 HTTP/1.1
Accept: */*
Content-Type: application/json;charset=UTF-8
Accept-Language: en-US,en;q=0.8,nl;q=0.6
User-Agent: Mozilla/5.0 (Windows NT 6.1; WOW64) AppleWebKit/537.36 (KHTML, like Gecko) Chrome/38.0.2125.111 Safari/537.36
accept-encoding: gzip,deflate,sdch
host: localhost:8080, content=null}
22:01:28.468 [DEBUG] i.g.h.c.i.HttpAppHandler - Read msg='DefaultHttpResponse(decodeResult: success, version: HTTP/1.1)
HTTP/1.1 200 
Content-Type: application/json;charset=UTF-8
Transfer-Encoding: chunked
Date: Wed, 29 Jan 2020 21:01:28 GMT'
22:01:28.469 [DEBUG] i.g.h.c.i.HttpAppHandler - Read msg='DefaultHttpContent(data: PooledSlicedByteBuf(ridx: 0, widx: 95, cap: 95/95, unwrapped: PooledUnsafeDirectByteBuf(ridx: 229, widx: 229, cap: 512)), decoderResult: success)'
22:01:28.469 [DEBUG] i.g.h.c.i.HttpAppHandler - Read msg='DefaultHttpResponse(decodeResult: success, version: HTTP/1.1)
HTTP/1.1 200 
Content-Type: application/json;charset=UTF-8
Transfer-Encoding: chunked
Date: Wed, 29 Jan 2020 21:01:28 GMT'
22:01:28.469 [DEBUG] i.g.h.c.i.HttpAppHandler - Read msg='DefaultHttpContent(data: PooledSlicedByteBuf(ridx: 0, widx: 144, cap: 144/144, unwrapped: PooledUnsafeDirectByteBuf(ridx: 278, widx: 278, cap: 496)), decoderResult: success)'
22:01:28.469 [DEBUG] i.g.h.c.i.HttpAppHandler - Read msg='EmptyLastHttpContent'
22:01:28.469 [DEBUG] i.g.h.c.i.HttpAppHandler - Read msg='EmptyLastHttpContent'
22:01:28.469 [TRACE] i.g.h.e.r.DefaultStatsProcessor - 
>>>>>>>>>>>>>>>>>>>>>>>>>>
Request:
simple_mini_leak: OK 
=========================
Session:
Session(Acceptance test,129,1580331683552,Map(gatling.http.ssl.sslContexts -> SslContexts(io.netty.handler.ssl.JdkSslContext@403f531f,None), gatling.http.cache.dns -> io.gatling.http.cache.DnsCacheSupport$$anon$1@5898ac4b, gatling.http.cache.baseUrl -> http://localhost:8080),27,OK,List(),io.gatling.core.protocol.ProtocolComponentsRegistry$$Lambda$598/0x000000084055d840@452b12e)
=========================
HTTP request:
GET http://localhost:8080/memory/grow?objects=8&items=54
headers=
Accept: */*
Content-Type: application/json;charset=UTF-8
Accept-Language: en-US,en;q=0.8,nl;q=0.6
User-Agent: Mozilla/5.0 (Windows NT 6.1; WOW64) AppleWebKit/537.36 (KHTML, like Gecko) Chrome/38.0.2125.111 Safari/537.36
accept-encoding: gzip,deflate,sdch
host: localhost:8080
=========================
HTTP response:
status=
200 
headers= 
Content-Type: application/json;charset=UTF-8
Transfer-Encoding: chunked
Date: Wed, 29 Jan 2020 21:01:28 GMT

body=
{"message":"Size of BigFatBastard list is now 12040 objects. It contains 650160 items.","name":"Simple-PropertiesFileName","durationInMillis":5}
<<<<<<<<<<<<<<<<<<<<<<<<<
22:01:28.469 [TRACE] i.g.h.e.r.DefaultStatsProcessor - 
>>>>>>>>>>>>>>>>>>>>>>>>>>
Request:
simple_delay: OK 
=========================
Session:
Session(Acceptance test,134,1580331686052,Map(gatling.http.ssl.sslContexts -> SslContexts(io.netty.handler.ssl.JdkSslContext@72e67899,None), gatling.http.cache.dns -> io.gatling.http.cache.DnsCacheSupport$$anon$1@5898ac4b, gatling.http.cache.baseUrl -> http://localhost:8080),13,OK,List(),io.gatling.core.protocol.ProtocolComponentsRegistry$$Lambda$598/0x000000084055d840@452b12e)
=========================
HTTP request:
GET http://localhost:8080/delay?duration=555
headers=
Accept: */*
Content-Type: application/json;charset=UTF-8
Accept-Language: en-US,en;q=0.8,nl;q=0.6
User-Agent: Mozilla/5.0 (Windows NT 6.1; WOW64) AppleWebKit/537.36 (KHTML, like Gecko) Chrome/38.0.2125.111 Safari/537.36
accept-encoding: gzip,deflate,sdch
host: localhost:8080
=========================
HTTP response:
status=
200 
headers= 
Content-Type: application/json;charset=UTF-8
Transfer-Encoding: chunked
Date: Wed, 29 Jan 2020 21:01:28 GMT

body=
{"message":"This was a delay of 555","name":"Simple-PropertiesFileName","durationInMillis":555}
<<<<<<<<<<<<<<<<<<<<<<<<<
22:01:28.469 [DEBUG] i.g.c.a.Pause - Pausing for 48ms (real=35ms)
22:01:28.469 [DEBUG] i.g.c.a.Pause - Pausing for 2153ms (real=2126ms)
22:01:28.522 [DEBUG] i.g.h.e.t.HttpTxExecutor - Sending request=simple_mini_leak uri=http://localhost:8080/memory/grow?objects=8&items=54: scenario=Acceptance test, userId=134
22:01:28.522 [DEBUG] i.g.h.c.i.HttpAppHandler - Write request WritableRequest{request=DefaultFullHttpRequest(decodeResult: success, version: HTTP/1.1, content: UnpooledByteBufAllocator$InstrumentedUnpooledUnsafeHeapByteBuf(ridx: 0, widx: 0, cap: 0))
GET /memory/grow?objects=8&items=54 HTTP/1.1
Accept: */*
Content-Type: application/json;charset=UTF-8
Accept-Language: en-US,en;q=0.8,nl;q=0.6
User-Agent: Mozilla/5.0 (Windows NT 6.1; WOW64) AppleWebKit/537.36 (KHTML, like Gecko) Chrome/38.0.2125.111 Safari/537.36
accept-encoding: gzip,deflate,sdch
host: localhost:8080, content=null}
22:01:28.529 [DEBUG] i.g.h.c.i.HttpAppHandler - Read msg='DefaultHttpResponse(decodeResult: success, version: HTTP/1.1)
HTTP/1.1 200 
Content-Type: application/json;charset=UTF-8
Transfer-Encoding: chunked
Date: Wed, 29 Jan 2020 21:01:28 GMT'
22:01:28.530 [DEBUG] i.g.h.c.i.HttpAppHandler - Read msg='DefaultHttpContent(data: PooledSlicedByteBuf(ridx: 0, widx: 144, cap: 144/144, unwrapped: PooledUnsafeDirectByteBuf(ridx: 278, widx: 278, cap: 496)), decoderResult: success)'
22:01:28.530 [DEBUG] i.g.h.c.i.HttpAppHandler - Read msg='EmptyLastHttpContent'
22:01:28.530 [TRACE] i.g.h.e.r.DefaultStatsProcessor - 
>>>>>>>>>>>>>>>>>>>>>>>>>>
Request:
simple_mini_leak: OK 
=========================
Session:
Session(Acceptance test,134,1580331686052,Map(gatling.http.ssl.sslContexts -> SslContexts(io.netty.handler.ssl.JdkSslContext@72e67899,None), gatling.http.cache.dns -> io.gatling.http.cache.DnsCacheSupport$$anon$1@5898ac4b, gatling.http.cache.baseUrl -> http://localhost:8080),18,OK,List(),io.gatling.core.protocol.ProtocolComponentsRegistry$$Lambda$598/0x000000084055d840@452b12e)
=========================
HTTP request:
GET http://localhost:8080/memory/grow?objects=8&items=54
headers=
Accept: */*
Content-Type: application/json;charset=UTF-8
Accept-Language: en-US,en;q=0.8,nl;q=0.6
User-Agent: Mozilla/5.0 (Windows NT 6.1; WOW64) AppleWebKit/537.36 (KHTML, like Gecko) Chrome/38.0.2125.111 Safari/537.36
accept-encoding: gzip,deflate,sdch
host: localhost:8080
=========================
HTTP response:
status=
200 
headers= 
Content-Type: application/json;charset=UTF-8
Transfer-Encoding: chunked
Date: Wed, 29 Jan 2020 21:01:28 GMT

body=
{"message":"Size of BigFatBastard list is now 12048 objects. It contains 650592 items.","name":"Simple-PropertiesFileName","durationInMillis":5}
<<<<<<<<<<<<<<<<<<<<<<<<<
22:01:28.530 [DEBUG] i.g.c.a.Pause - Pausing for 3382ms (real=3364ms)
22:01:28.552 [DEBUG] i.g.c.c.i.o.OpenWorkload - Injecting 2 users in scenario Acceptance test, continue=true
22:01:28.552 [DEBUG] i.g.h.e.t.HttpTxExecutor - Sending request=simple_cpu_burn uri=http://localhost:8080/cpu/magic-identity-check?matrixSize=133: scenario=Acceptance test, userId=139
22:01:28.552 [DEBUG] i.g.c.c.i.o.OpenWorkload - Start user #139
22:01:28.553 [DEBUG] i.g.h.c.i.HttpAppHandler - Write request WritableRequest{request=DefaultFullHttpRequest(decodeResult: success, version: HTTP/1.1, content: UnpooledByteBufAllocator$InstrumentedUnpooledUnsafeHeapByteBuf(ridx: 0, widx: 0, cap: 0))
GET /cpu/magic-identity-check?matrixSize=133 HTTP/1.1
Accept: */*
Content-Type: application/json;charset=UTF-8
Accept-Language: en-US,en;q=0.8,nl;q=0.6
User-Agent: Mozilla/5.0 (Windows NT 6.1; WOW64) AppleWebKit/537.36 (KHTML, like Gecko) Chrome/38.0.2125.111 Safari/537.36
accept-encoding: gzip,deflate,sdch
host: localhost:8080, content=null}
22:01:28.564 [DEBUG] i.g.h.c.i.HttpAppHandler - Read msg='DefaultHttpResponse(decodeResult: success, version: HTTP/1.1)
HTTP/1.1 200 
Content-Type: application/json;charset=UTF-8
Transfer-Encoding: chunked
Date: Wed, 29 Jan 2020 21:01:28 GMT'
22:01:28.564 [DEBUG] i.g.h.c.i.HttpAppHandler - Read msg='DefaultHttpContent(data: PooledSlicedByteBuf(ridx: 0, widx: 170, cap: 170/170, unwrapped: PooledUnsafeDirectByteBuf(ridx: 304, widx: 304, cap: 1024)), decoderResult: success)'
22:01:28.564 [DEBUG] i.g.h.c.i.HttpAppHandler - Read msg='EmptyLastHttpContent'
22:01:28.565 [TRACE] i.g.h.e.r.DefaultStatsProcessor - 
>>>>>>>>>>>>>>>>>>>>>>>>>>
Request:
simple_cpu_burn: OK 
=========================
Session:
Session(Acceptance test,139,1580331688551,Map(gatling.http.ssl.sslContexts -> SslContexts(io.netty.handler.ssl.JdkSslContext@798b5972,None), gatling.http.cache.dns -> io.gatling.http.cache.DnsCacheSupport$$anon$1@5898ac4b, gatling.http.cache.baseUrl -> http://localhost:8080),0,OK,List(),io.gatling.core.protocol.ProtocolComponentsRegistry$$Lambda$598/0x000000084055d840@452b12e)
=========================
HTTP request:
GET http://localhost:8080/cpu/magic-identity-check?matrixSize=133
headers=
Accept: */*
Content-Type: application/json;charset=UTF-8
Accept-Language: en-US,en;q=0.8,nl;q=0.6
User-Agent: Mozilla/5.0 (Windows NT 6.1; WOW64) AppleWebKit/537.36 (KHTML, like Gecko) Chrome/38.0.2125.111 Safari/537.36
accept-encoding: gzip,deflate,sdch
host: localhost:8080
=========================
HTTP response:
status=
200 
headers= 
Content-Type: application/json;charset=UTF-8
Transfer-Encoding: chunked
Date: Wed, 29 Jan 2020 21:01:28 GMT

body=
{"message":"A simple magic square multiplied by an identity square of size [133] [is equal] to the magic square.","name":"Simple-PropertiesFileName","durationInMillis":9}
<<<<<<<<<<<<<<<<<<<<<<<<<
22:01:28.565 [DEBUG] i.g.c.a.Pause - Pausing for 8797ms (real=8796ms)
22:01:28.622 [DEBUG] i.g.h.e.t.HttpTxExecutor - Sending request=simple_mini_leak uri=http://localhost:8080/memory/grow?objects=8&items=54: scenario=Acceptance test, userId=87
22:01:28.622 [DEBUG] i.g.h.c.i.HttpAppHandler - Write request WritableRequest{request=DefaultFullHttpRequest(decodeResult: success, version: HTTP/1.1, content: UnpooledByteBufAllocator$InstrumentedUnpooledUnsafeHeapByteBuf(ridx: 0, widx: 0, cap: 0))
GET /memory/grow?objects=8&items=54 HTTP/1.1
Accept: */*
Content-Type: application/json;charset=UTF-8
Accept-Language: en-US,en;q=0.8,nl;q=0.6
User-Agent: Mozilla/5.0 (Windows NT 6.1; WOW64) AppleWebKit/537.36 (KHTML, like Gecko) Chrome/38.0.2125.111 Safari/537.36
accept-encoding: gzip,deflate,sdch
host: localhost:8080, content=null}
22:01:28.629 [DEBUG] i.g.h.c.i.HttpAppHandler - Read msg='DefaultHttpResponse(decodeResult: success, version: HTTP/1.1)
HTTP/1.1 200 
Content-Type: application/json;charset=UTF-8
Transfer-Encoding: chunked
Date: Wed, 29 Jan 2020 21:01:28 GMT'
22:01:28.629 [DEBUG] i.g.h.c.i.HttpAppHandler - Read msg='DefaultHttpContent(data: PooledSlicedByteBuf(ridx: 0, widx: 144, cap: 144/144, unwrapped: PooledUnsafeDirectByteBuf(ridx: 278, widx: 283, cap: 512)), decoderResult: success)'
22:01:28.629 [DEBUG] i.g.h.c.i.HttpAppHandler - Read msg='EmptyLastHttpContent'
22:01:28.630 [TRACE] i.g.h.e.r.DefaultStatsProcessor - 
>>>>>>>>>>>>>>>>>>>>>>>>>>
Request:
simple_mini_leak: OK 
=========================
Session:
Session(Acceptance test,87,1580331662551,Map(gatling.http.ssl.sslContexts -> SslContexts(io.netty.handler.ssl.JdkSslContext@2ad705b5,None), gatling.http.cache.dns -> io.gatling.http.cache.DnsCacheSupport$$anon$1@5898ac4b, gatling.http.cache.baseUrl -> http://localhost:8080),15,OK,List(),io.gatling.core.protocol.ProtocolComponentsRegistry$$Lambda$598/0x000000084055d840@452b12e)
=========================
HTTP request:
GET http://localhost:8080/memory/grow?objects=8&items=54
headers=
Accept: */*
Content-Type: application/json;charset=UTF-8
Accept-Language: en-US,en;q=0.8,nl;q=0.6
User-Agent: Mozilla/5.0 (Windows NT 6.1; WOW64) AppleWebKit/537.36 (KHTML, like Gecko) Chrome/38.0.2125.111 Safari/537.36
accept-encoding: gzip,deflate,sdch
host: localhost:8080
=========================
HTTP response:
status=
200 
headers= 
Content-Type: application/json;charset=UTF-8
Transfer-Encoding: chunked
Date: Wed, 29 Jan 2020 21:01:28 GMT

body=
{"message":"Size of BigFatBastard list is now 12056 objects. It contains 651024 items.","name":"Simple-PropertiesFileName","durationInMillis":5}
<<<<<<<<<<<<<<<<<<<<<<<<<
22:01:28.630 [DEBUG] i.g.c.a.Pause - Pausing for 2040ms (real=2024ms)
22:01:28.979 [DEBUG] i.g.h.c.i.HttpAppHandler - Read msg='DefaultHttpResponse(decodeResult: success, version: HTTP/1.1)
HTTP/1.1 200 
Content-Type: application/json;charset=UTF-8
Transfer-Encoding: chunked
Date: Wed, 29 Jan 2020 21:01:28 GMT'
22:01:28.980 [DEBUG] i.g.h.c.i.HttpAppHandler - Read msg='DefaultHttpContent(data: PooledSlicedByteBuf(ridx: 0, widx: 95, cap: 95/95, unwrapped: PooledUnsafeDirectByteBuf(ridx: 229, widx: 229, cap: 1024)), decoderResult: success)'
22:01:28.980 [DEBUG] i.g.h.c.i.HttpAppHandler - Read msg='EmptyLastHttpContent'
22:01:28.980 [TRACE] i.g.h.e.r.DefaultStatsProcessor - 
>>>>>>>>>>>>>>>>>>>>>>>>>>
Request:
simple_delay: OK 
=========================
Session:
Session(Acceptance test,135,1580331686551,Map(gatling.http.ssl.sslContexts -> SslContexts(io.netty.handler.ssl.JdkSslContext@ccaae93,None), gatling.http.cache.dns -> io.gatling.http.cache.DnsCacheSupport$$anon$1@5898ac4b, gatling.http.cache.baseUrl -> http://localhost:8080),21,OK,List(),io.gatling.core.protocol.ProtocolComponentsRegistry$$Lambda$598/0x000000084055d840@452b12e)
=========================
HTTP request:
GET http://localhost:8080/delay?duration=555
headers=
Accept: */*
Content-Type: application/json;charset=UTF-8
Accept-Language: en-US,en;q=0.8,nl;q=0.6
User-Agent: Mozilla/5.0 (Windows NT 6.1; WOW64) AppleWebKit/537.36 (KHTML, like Gecko) Chrome/38.0.2125.111 Safari/537.36
accept-encoding: gzip,deflate,sdch
host: localhost:8080
=========================
HTTP response:
status=
200 
headers= 
Content-Type: application/json;charset=UTF-8
Transfer-Encoding: chunked
Date: Wed, 29 Jan 2020 21:01:28 GMT

body=
{"message":"This was a delay of 555","name":"Simple-PropertiesFileName","durationInMillis":555}
<<<<<<<<<<<<<<<<<<<<<<<<<
22:01:28.980 [DEBUG] i.g.c.a.Pause - Pausing for 1540ms (real=1519ms)
22:01:29.052 [DEBUG] i.g.h.e.t.HttpTxExecutor - Sending request=simple_cpu_burn uri=http://localhost:8080/cpu/magic-identity-check?matrixSize=133: scenario=Acceptance test, userId=140
22:01:29.052 [DEBUG] i.g.c.c.i.o.OpenWorkload - Start user #140
22:01:29.053 [DEBUG] i.g.h.c.i.HttpAppHandler - Write request WritableRequest{request=DefaultFullHttpRequest(decodeResult: success, version: HTTP/1.1, content: UnpooledByteBufAllocator$InstrumentedUnpooledUnsafeHeapByteBuf(ridx: 0, widx: 0, cap: 0))
GET /cpu/magic-identity-check?matrixSize=133 HTTP/1.1
Accept: */*
Content-Type: application/json;charset=UTF-8
Accept-Language: en-US,en;q=0.8,nl;q=0.6
User-Agent: Mozilla/5.0 (Windows NT 6.1; WOW64) AppleWebKit/537.36 (KHTML, like Gecko) Chrome/38.0.2125.111 Safari/537.36
accept-encoding: gzip,deflate,sdch
host: localhost:8080, content=null}
22:01:29.064 [DEBUG] i.g.h.c.i.HttpAppHandler - Read msg='DefaultHttpResponse(decodeResult: success, version: HTTP/1.1)
HTTP/1.1 200 
Content-Type: application/json;charset=UTF-8
Transfer-Encoding: chunked
Date: Wed, 29 Jan 2020 21:01:28 GMT'
22:01:29.064 [DEBUG] i.g.h.c.i.HttpAppHandler - Read msg='DefaultHttpContent(data: PooledSlicedByteBuf(ridx: 0, widx: 170, cap: 170/170, unwrapped: PooledUnsafeDirectByteBuf(ridx: 304, widx: 304, cap: 1024)), decoderResult: success)'
22:01:29.064 [DEBUG] i.g.h.c.i.HttpAppHandler - Read msg='EmptyLastHttpContent'
22:01:29.065 [TRACE] i.g.h.e.r.DefaultStatsProcessor - 
>>>>>>>>>>>>>>>>>>>>>>>>>>
Request:
simple_cpu_burn: OK 
=========================
Session:
Session(Acceptance test,140,1580331689051,Map(gatling.http.ssl.sslContexts -> SslContexts(io.netty.handler.ssl.JdkSslContext@23dad3b8,None), gatling.http.cache.dns -> io.gatling.http.cache.DnsCacheSupport$$anon$1@5898ac4b, gatling.http.cache.baseUrl -> http://localhost:8080),0,OK,List(),io.gatling.core.protocol.ProtocolComponentsRegistry$$Lambda$598/0x000000084055d840@452b12e)
=========================
HTTP request:
GET http://localhost:8080/cpu/magic-identity-check?matrixSize=133
headers=
Accept: */*
Content-Type: application/json;charset=UTF-8
Accept-Language: en-US,en;q=0.8,nl;q=0.6
User-Agent: Mozilla/5.0 (Windows NT 6.1; WOW64) AppleWebKit/537.36 (KHTML, like Gecko) Chrome/38.0.2125.111 Safari/537.36
accept-encoding: gzip,deflate,sdch
host: localhost:8080
=========================
HTTP response:
status=
200 
headers= 
Content-Type: application/json;charset=UTF-8
Transfer-Encoding: chunked
Date: Wed, 29 Jan 2020 21:01:28 GMT

body=
{"message":"A simple magic square multiplied by an identity square of size [133] [is equal] to the magic square.","name":"Simple-PropertiesFileName","durationInMillis":8}
<<<<<<<<<<<<<<<<<<<<<<<<<
22:01:29.065 [DEBUG] i.g.c.a.Pause - Pausing for 845ms (real=844ms)

================================================================================
2020-01-29 22:01:29                                          85s elapsed
---- Requests ------------------------------------------------------------------
> Global                                                   (OK=522    KO=1     )
> simple_cpu_burn                                          (OK=140    KO=0     )
> simple_delay                                             (OK=134    KO=0     )
> simple_mini_leak                                         (OK=128    KO=1     )
> upload-file                                              (OK=120    KO=0     )
---- Errors --------------------------------------------------------------------
> status.find.is(200), but actually found 500                         1 (100.0%)

---- Acceptance test -----------------------------------------------------------
[############---                                                           ] 17%
          waiting: 550    / active: 20     / done: 120   
================================================================================

22:01:29.322 [DEBUG] i.g.h.e.t.HttpTxExecutor - Sending request=simple_mini_leak uri=http://localhost:8080/memory/grow?objects=8&items=54: scenario=Acceptance test, userId=133
22:01:29.322 [DEBUG] i.g.h.c.i.HttpAppHandler - Write request WritableRequest{request=DefaultFullHttpRequest(decodeResult: success, version: HTTP/1.1, content: UnpooledByteBufAllocator$InstrumentedUnpooledUnsafeHeapByteBuf(ridx: 0, widx: 0, cap: 0))
GET /memory/grow?objects=8&items=54 HTTP/1.1
Accept: */*
Content-Type: application/json;charset=UTF-8
Accept-Language: en-US,en;q=0.8,nl;q=0.6
User-Agent: Mozilla/5.0 (Windows NT 6.1; WOW64) AppleWebKit/537.36 (KHTML, like Gecko) Chrome/38.0.2125.111 Safari/537.36
accept-encoding: gzip,deflate,sdch
host: localhost:8080, content=null}
22:01:29.329 [DEBUG] i.g.h.c.i.HttpAppHandler - Read msg='DefaultHttpResponse(decodeResult: success, version: HTTP/1.1)
HTTP/1.1 200 
Content-Type: application/json;charset=UTF-8
Transfer-Encoding: chunked
Date: Wed, 29 Jan 2020 21:01:28 GMT'
22:01:29.329 [DEBUG] i.g.h.c.i.HttpAppHandler - Read msg='DefaultHttpContent(data: PooledSlicedByteBuf(ridx: 0, widx: 144, cap: 144/144, unwrapped: PooledUnsafeDirectByteBuf(ridx: 278, widx: 283, cap: 512)), decoderResult: success)'
22:01:29.329 [DEBUG] i.g.h.c.i.HttpAppHandler - Read msg='EmptyLastHttpContent'
22:01:29.330 [TRACE] i.g.h.e.r.DefaultStatsProcessor - 
>>>>>>>>>>>>>>>>>>>>>>>>>>
Request:
simple_mini_leak: OK 
=========================
Session:
Session(Acceptance test,133,1580331685551,Map(gatling.http.ssl.sslContexts -> SslContexts(io.netty.handler.ssl.JdkSslContext@c84df27,None), gatling.http.cache.dns -> io.gatling.http.cache.DnsCacheSupport$$anon$1@5898ac4b, gatling.http.cache.baseUrl -> http://localhost:8080),20,OK,List(),io.gatling.core.protocol.ProtocolComponentsRegistry$$Lambda$598/0x000000084055d840@452b12e)
=========================
HTTP request:
GET http://localhost:8080/memory/grow?objects=8&items=54
headers=
Accept: */*
Content-Type: application/json;charset=UTF-8
Accept-Language: en-US,en;q=0.8,nl;q=0.6
User-Agent: Mozilla/5.0 (Windows NT 6.1; WOW64) AppleWebKit/537.36 (KHTML, like Gecko) Chrome/38.0.2125.111 Safari/537.36
accept-encoding: gzip,deflate,sdch
host: localhost:8080
=========================
HTTP response:
status=
200 
headers= 
Content-Type: application/json;charset=UTF-8
Transfer-Encoding: chunked
Date: Wed, 29 Jan 2020 21:01:28 GMT

body=
{"message":"Size of BigFatBastard list is now 12064 objects. It contains 651456 items.","name":"Simple-PropertiesFileName","durationInMillis":5}
<<<<<<<<<<<<<<<<<<<<<<<<<
22:01:29.330 [DEBUG] i.g.c.a.Pause - Pausing for 5017ms (real=4996ms)
22:01:29.552 [DEBUG] i.g.c.c.i.o.OpenWorkload - Injecting 2 users in scenario Acceptance test, continue=true
22:01:29.552 [DEBUG] i.g.h.e.t.HttpTxExecutor - Sending request=simple_cpu_burn uri=http://localhost:8080/cpu/magic-identity-check?matrixSize=133: scenario=Acceptance test, userId=141
22:01:29.552 [DEBUG] i.g.c.c.i.o.OpenWorkload - Start user #141
22:01:29.554 [DEBUG] i.g.h.c.i.HttpAppHandler - Write request WritableRequest{request=DefaultFullHttpRequest(decodeResult: success, version: HTTP/1.1, content: UnpooledByteBufAllocator$InstrumentedUnpooledUnsafeHeapByteBuf(ridx: 0, widx: 0, cap: 0))
GET /cpu/magic-identity-check?matrixSize=133 HTTP/1.1
Accept: */*
Content-Type: application/json;charset=UTF-8
Accept-Language: en-US,en;q=0.8,nl;q=0.6
User-Agent: Mozilla/5.0 (Windows NT 6.1; WOW64) AppleWebKit/537.36 (KHTML, like Gecko) Chrome/38.0.2125.111 Safari/537.36
accept-encoding: gzip,deflate,sdch
host: localhost:8080, content=null}
22:01:29.564 [DEBUG] i.g.h.c.i.HttpAppHandler - Read msg='DefaultHttpResponse(decodeResult: success, version: HTTP/1.1)
HTTP/1.1 200 
Content-Type: application/json;charset=UTF-8
Transfer-Encoding: chunked
Date: Wed, 29 Jan 2020 21:01:29 GMT'
22:01:29.564 [DEBUG] i.g.h.c.i.HttpAppHandler - Read msg='DefaultHttpContent(data: PooledSlicedByteBuf(ridx: 0, widx: 170, cap: 170/170, unwrapped: PooledUnsafeDirectByteBuf(ridx: 304, widx: 304, cap: 1024)), decoderResult: success)'
22:01:29.564 [DEBUG] i.g.h.c.i.HttpAppHandler - Read msg='EmptyLastHttpContent'
22:01:29.565 [TRACE] i.g.h.e.r.DefaultStatsProcessor - 
>>>>>>>>>>>>>>>>>>>>>>>>>>
Request:
simple_cpu_burn: OK 
=========================
Session:
Session(Acceptance test,141,1580331689552,Map(gatling.http.ssl.sslContexts -> SslContexts(io.netty.handler.ssl.JdkSslContext@274df7b,None), gatling.http.cache.dns -> io.gatling.http.cache.DnsCacheSupport$$anon$1@5898ac4b, gatling.http.cache.baseUrl -> http://localhost:8080),0,OK,List(),io.gatling.core.protocol.ProtocolComponentsRegistry$$Lambda$598/0x000000084055d840@452b12e)
=========================
HTTP request:
GET http://localhost:8080/cpu/magic-identity-check?matrixSize=133
headers=
Accept: */*
Content-Type: application/json;charset=UTF-8
Accept-Language: en-US,en;q=0.8,nl;q=0.6
User-Agent: Mozilla/5.0 (Windows NT 6.1; WOW64) AppleWebKit/537.36 (KHTML, like Gecko) Chrome/38.0.2125.111 Safari/537.36
accept-encoding: gzip,deflate,sdch
host: localhost:8080
=========================
HTTP response:
status=
200 
headers= 
Content-Type: application/json;charset=UTF-8
Transfer-Encoding: chunked
Date: Wed, 29 Jan 2020 21:01:29 GMT

body=
{"message":"A simple magic square multiplied by an identity square of size [133] [is equal] to the magic square.","name":"Simple-PropertiesFileName","durationInMillis":8}
<<<<<<<<<<<<<<<<<<<<<<<<<
22:01:29.565 [DEBUG] i.g.c.a.Pause - Pausing for 4184ms (real=4183ms)
22:01:29.662 [DEBUG] i.g.h.e.t.HttpTxExecutor - Sending request=simple_delay uri=http://localhost:8080/delay?duration=555: scenario=Acceptance test, userId=136
22:01:29.662 [DEBUG] i.g.h.c.i.HttpAppHandler - Write request WritableRequest{request=DefaultFullHttpRequest(decodeResult: success, version: HTTP/1.1, content: UnpooledByteBufAllocator$InstrumentedUnpooledUnsafeHeapByteBuf(ridx: 0, widx: 0, cap: 0))
GET /delay?duration=555 HTTP/1.1
Accept: */*
Content-Type: application/json;charset=UTF-8
Accept-Language: en-US,en;q=0.8,nl;q=0.6
User-Agent: Mozilla/5.0 (Windows NT 6.1; WOW64) AppleWebKit/537.36 (KHTML, like Gecko) Chrome/38.0.2125.111 Safari/537.36
accept-encoding: gzip,deflate,sdch
host: localhost:8080, content=null}
22:01:29.882 [DEBUG] i.g.h.e.t.HttpTxExecutor - Sending request=upload-file uri=http://localhost:8080/files/upload: scenario=Acceptance test, userId=120
22:01:29.882 [DEBUG] i.g.h.c.i.HttpAppHandler - Write request WritableRequest{request=DefaultHttpRequest(decodeResult: success, version: HTTP/1.1)
POST /files/upload HTTP/1.1
Accept: */*
Accept-Language: en-US,en;q=0.8,nl;q=0.6
User-Agent: Mozilla/5.0 (Windows NT 6.1; WOW64) AppleWebKit/537.36 (KHTML, like Gecko) Chrome/38.0.2125.111 Safari/537.36
accept-encoding: gzip,deflate,sdch
host: localhost:8080
content-type: multipart/form-data; boundary=m7R45GvlO3ndUyRF4Jx-LgTm-5CsiCaq1FI
content-length: 220, content=io.gatling.http.client.body.multipart.impl.MultipartFileRegion@2ae922a3}
22:01:29.885 [DEBUG] i.g.h.c.i.HttpAppHandler - Read msg='DefaultHttpResponse(decodeResult: success, version: HTTP/1.1)
HTTP/1.1 200 
Content-Type: text/plain;charset=UTF-8
Content-Length: 62
Date: Wed, 29 Jan 2020 21:01:29 GMT'
22:01:29.885 [DEBUG] i.g.h.c.i.HttpAppHandler - Read msg='DefaultLastHttpContent(data: PooledSlicedByteBuf(ridx: 0, widx: 62, cap: 62/62, unwrapped: PooledUnsafeDirectByteBuf(ridx: 176, widx: 176, cap: 496)), decoderResult: success)'
22:01:29.886 [TRACE] i.g.h.e.r.DefaultStatsProcessor - 
>>>>>>>>>>>>>>>>>>>>>>>>>>
Request:
upload-file: OK 
=========================
Session:
Session(Acceptance test,120,1580331679051,Map(gatling.http.ssl.sslContexts -> SslContexts(io.netty.handler.ssl.JdkSslContext@b0507ee,None), gatling.http.cache.dns -> io.gatling.http.cache.DnsCacheSupport$$anon$1@5898ac4b, gatling.http.cache.baseUrl -> http://localhost:8080),18,OK,List(),io.gatling.core.protocol.ProtocolComponentsRegistry$$Lambda$598/0x000000084055d840@452b12e)
=========================
HTTP request:
POST http://localhost:8080/files/upload
headers=
Accept: */*
Accept-Language: en-US,en;q=0.8,nl;q=0.6
User-Agent: Mozilla/5.0 (Windows NT 6.1; WOW64) AppleWebKit/537.36 (KHTML, like Gecko) Chrome/38.0.2125.111 Safari/537.36
accept-encoding: gzip,deflate,sdch
host: localhost:8080
content-type: multipart/form-data; boundary=m7R45GvlO3ndUyRF4Jx-LgTm-5CsiCaq1FI
content-length: 220
multipartBody=
ByteArrayPart: name=upload contentType=text/plain dispositionType=null charset=UTF-8 transferEncoding=null contentId=null filename=gatling-upload.txt
=========================
HTTP response:
status=
200 
headers= 
Content-Type: text/plain;charset=UTF-8
Content-Length: 62
Date: Wed, 29 Jan 2020 21:01:29 GMT

body=
File upload succeeded [gatling-upload.txt] of size [17] bytes.
<<<<<<<<<<<<<<<<<<<<<<<<<
22:01:29.886 [DEBUG] i.g.c.a.Exit - End user #120
22:01:29.886 [DEBUG] i.g.c.c.i.Injector - End user #120
22:01:29.932 [DEBUG] i.g.h.e.t.HttpTxExecutor - Sending request=simple_delay uri=http://localhost:8080/delay?duration=555: scenario=Acceptance test, userId=140
22:01:29.932 [DEBUG] i.g.h.c.i.HttpAppHandler - Write request WritableRequest{request=DefaultFullHttpRequest(decodeResult: success, version: HTTP/1.1, content: UnpooledByteBufAllocator$InstrumentedUnpooledUnsafeHeapByteBuf(ridx: 0, widx: 0, cap: 0))
GET /delay?duration=555 HTTP/1.1
Accept: */*
Content-Type: application/json;charset=UTF-8
Accept-Language: en-US,en;q=0.8,nl;q=0.6
User-Agent: Mozilla/5.0 (Windows NT 6.1; WOW64) AppleWebKit/537.36 (KHTML, like Gecko) Chrome/38.0.2125.111 Safari/537.36
accept-encoding: gzip,deflate,sdch
host: localhost:8080, content=null}
22:01:29.962 [DEBUG] i.g.h.e.t.HttpTxExecutor - Sending request=upload-file uri=http://localhost:8080/files/upload: scenario=Acceptance test, userId=108
22:01:29.962 [DEBUG] i.g.h.c.i.HttpAppHandler - Write request WritableRequest{request=DefaultHttpRequest(decodeResult: success, version: HTTP/1.1)
POST /files/upload HTTP/1.1
Accept: */*
Accept-Language: en-US,en;q=0.8,nl;q=0.6
User-Agent: Mozilla/5.0 (Windows NT 6.1; WOW64) AppleWebKit/537.36 (KHTML, like Gecko) Chrome/38.0.2125.111 Safari/537.36
accept-encoding: gzip,deflate,sdch
host: localhost:8080
content-type: multipart/form-data; boundary=7ILPEXoHlkeZe1IGAiInTc4jIDjGJ9QfKra
content-length: 220, content=io.gatling.http.client.body.multipart.impl.MultipartFileRegion@43dbd44e}
22:01:29.965 [DEBUG] i.g.h.c.i.HttpAppHandler - Read msg='DefaultHttpResponse(decodeResult: success, version: HTTP/1.1)
HTTP/1.1 200 
Content-Type: text/plain;charset=UTF-8
Content-Length: 62
Date: Wed, 29 Jan 2020 21:01:29 GMT'
22:01:29.965 [DEBUG] i.g.h.c.i.HttpAppHandler - Read msg='DefaultLastHttpContent(data: PooledSlicedByteBuf(ridx: 0, widx: 62, cap: 62/62, unwrapped: PooledUnsafeDirectByteBuf(ridx: 176, widx: 176, cap: 496)), decoderResult: success)'
22:01:29.966 [TRACE] i.g.h.e.r.DefaultStatsProcessor - 
>>>>>>>>>>>>>>>>>>>>>>>>>>
Request:
upload-file: OK 
=========================
Session:
Session(Acceptance test,108,1580331673052,Map(gatling.http.ssl.sslContexts -> SslContexts(io.netty.handler.ssl.JdkSslContext@5afabf13,None), gatling.http.cache.dns -> io.gatling.http.cache.DnsCacheSupport$$anon$1@5898ac4b, gatling.http.cache.baseUrl -> http://localhost:8080),27,OK,List(),io.gatling.core.protocol.ProtocolComponentsRegistry$$Lambda$598/0x000000084055d840@452b12e)
=========================
HTTP request:
POST http://localhost:8080/files/upload
headers=
Accept: */*
Accept-Language: en-US,en;q=0.8,nl;q=0.6
User-Agent: Mozilla/5.0 (Windows NT 6.1; WOW64) AppleWebKit/537.36 (KHTML, like Gecko) Chrome/38.0.2125.111 Safari/537.36
accept-encoding: gzip,deflate,sdch
host: localhost:8080
content-type: multipart/form-data; boundary=7ILPEXoHlkeZe1IGAiInTc4jIDjGJ9QfKra
content-length: 220
multipartBody=
ByteArrayPart: name=upload contentType=text/plain dispositionType=null charset=UTF-8 transferEncoding=null contentId=null filename=gatling-upload.txt
=========================
HTTP response:
status=
200 
headers= 
Content-Type: text/plain;charset=UTF-8
Content-Length: 62
Date: Wed, 29 Jan 2020 21:01:29 GMT

body=
File upload succeeded [gatling-upload.txt] of size [17] bytes.
<<<<<<<<<<<<<<<<<<<<<<<<<
22:01:29.966 [DEBUG] i.g.c.a.Exit - End user #108
22:01:29.966 [DEBUG] i.g.c.c.i.Injector - End user #108
22:01:30.042 [DEBUG] i.g.h.e.t.HttpTxExecutor - Sending request=simple_mini_leak uri=http://localhost:8080/memory/grow?objects=8&items=54: scenario=Acceptance test, userId=126
22:01:30.042 [DEBUG] i.g.h.c.i.HttpAppHandler - Write request WritableRequest{request=DefaultFullHttpRequest(decodeResult: success, version: HTTP/1.1, content: UnpooledByteBufAllocator$InstrumentedUnpooledUnsafeHeapByteBuf(ridx: 0, widx: 0, cap: 0))
GET /memory/grow?objects=8&items=54 HTTP/1.1
Accept: */*
Content-Type: application/json;charset=UTF-8
Accept-Language: en-US,en;q=0.8,nl;q=0.6
User-Agent: Mozilla/5.0 (Windows NT 6.1; WOW64) AppleWebKit/537.36 (KHTML, like Gecko) Chrome/38.0.2125.111 Safari/537.36
accept-encoding: gzip,deflate,sdch
host: localhost:8080, content=null}
22:01:30.049 [DEBUG] i.g.h.c.i.HttpAppHandler - Read msg='DefaultHttpResponse(decodeResult: success, version: HTTP/1.1)
HTTP/1.1 200 
Content-Type: application/json;charset=UTF-8
Transfer-Encoding: chunked
Date: Wed, 29 Jan 2020 21:01:29 GMT'
22:01:30.049 [DEBUG] i.g.h.c.i.HttpAppHandler - Read msg='DefaultHttpContent(data: PooledSlicedByteBuf(ridx: 0, widx: 144, cap: 144/144, unwrapped: PooledUnsafeDirectByteBuf(ridx: 278, widx: 283, cap: 512)), decoderResult: success)'
22:01:30.049 [DEBUG] i.g.h.c.i.HttpAppHandler - Read msg='EmptyLastHttpContent'
22:01:30.050 [TRACE] i.g.h.e.r.DefaultStatsProcessor - 
>>>>>>>>>>>>>>>>>>>>>>>>>>
Request:
simple_mini_leak: OK 
=========================
Session:
Session(Acceptance test,126,1580331682051,Map(gatling.http.ssl.sslContexts -> SslContexts(io.netty.handler.ssl.JdkSslContext@4337c8d6,None), gatling.http.cache.dns -> io.gatling.http.cache.DnsCacheSupport$$anon$1@5898ac4b, gatling.http.cache.baseUrl -> http://localhost:8080),18,OK,List(),io.gatling.core.protocol.ProtocolComponentsRegistry$$Lambda$598/0x000000084055d840@452b12e)
=========================
HTTP request:
GET http://localhost:8080/memory/grow?objects=8&items=54
headers=
Accept: */*
Content-Type: application/json;charset=UTF-8
Accept-Language: en-US,en;q=0.8,nl;q=0.6
User-Agent: Mozilla/5.0 (Windows NT 6.1; WOW64) AppleWebKit/537.36 (KHTML, like Gecko) Chrome/38.0.2125.111 Safari/537.36
accept-encoding: gzip,deflate,sdch
host: localhost:8080
=========================
HTTP response:
status=
200 
headers= 
Content-Type: application/json;charset=UTF-8
Transfer-Encoding: chunked
Date: Wed, 29 Jan 2020 21:01:29 GMT

body=
{"message":"Size of BigFatBastard list is now 12072 objects. It contains 651888 items.","name":"Simple-PropertiesFileName","durationInMillis":5}
<<<<<<<<<<<<<<<<<<<<<<<<<
22:01:30.050 [DEBUG] i.g.c.a.Pause - Pausing for 2048ms (real=2029ms)
22:01:30.052 [DEBUG] i.g.h.e.t.HttpTxExecutor - Sending request=simple_cpu_burn uri=http://localhost:8080/cpu/magic-identity-check?matrixSize=133: scenario=Acceptance test, userId=142
22:01:30.052 [DEBUG] i.g.c.c.i.o.OpenWorkload - Start user #142
22:01:30.053 [DEBUG] i.g.h.c.i.HttpAppHandler - Write request WritableRequest{request=DefaultFullHttpRequest(decodeResult: success, version: HTTP/1.1, content: UnpooledByteBufAllocator$InstrumentedUnpooledUnsafeHeapByteBuf(ridx: 0, widx: 0, cap: 0))
GET /cpu/magic-identity-check?matrixSize=133 HTTP/1.1
Accept: */*
Content-Type: application/json;charset=UTF-8
Accept-Language: en-US,en;q=0.8,nl;q=0.6
User-Agent: Mozilla/5.0 (Windows NT 6.1; WOW64) AppleWebKit/537.36 (KHTML, like Gecko) Chrome/38.0.2125.111 Safari/537.36
accept-encoding: gzip,deflate,sdch
host: localhost:8080, content=null}
22:01:30.065 [DEBUG] i.g.h.c.i.HttpAppHandler - Read msg='DefaultHttpResponse(decodeResult: success, version: HTTP/1.1)
HTTP/1.1 200 
Content-Type: application/json;charset=UTF-8
Transfer-Encoding: chunked
Date: Wed, 29 Jan 2020 21:01:29 GMT'
22:01:30.065 [DEBUG] i.g.h.c.i.HttpAppHandler - Read msg='DefaultHttpContent(data: PooledSlicedByteBuf(ridx: 0, widx: 170, cap: 170/170, unwrapped: PooledUnsafeDirectByteBuf(ridx: 304, widx: 304, cap: 1024)), decoderResult: success)'
22:01:30.065 [DEBUG] i.g.h.c.i.HttpAppHandler - Read msg='EmptyLastHttpContent'
22:01:30.065 [TRACE] i.g.h.e.r.DefaultStatsProcessor - 
>>>>>>>>>>>>>>>>>>>>>>>>>>
Request:
simple_cpu_burn: OK 
=========================
Session:
Session(Acceptance test,142,1580331690052,Map(gatling.http.ssl.sslContexts -> SslContexts(io.netty.handler.ssl.JdkSslContext@5d07375e,None), gatling.http.cache.dns -> io.gatling.http.cache.DnsCacheSupport$$anon$1@5898ac4b, gatling.http.cache.baseUrl -> http://localhost:8080),0,OK,List(),io.gatling.core.protocol.ProtocolComponentsRegistry$$Lambda$598/0x000000084055d840@452b12e)
=========================
HTTP request:
GET http://localhost:8080/cpu/magic-identity-check?matrixSize=133
headers=
Accept: */*
Content-Type: application/json;charset=UTF-8
Accept-Language: en-US,en;q=0.8,nl;q=0.6
User-Agent: Mozilla/5.0 (Windows NT 6.1; WOW64) AppleWebKit/537.36 (KHTML, like Gecko) Chrome/38.0.2125.111 Safari/537.36
accept-encoding: gzip,deflate,sdch
host: localhost:8080
=========================
HTTP response:
status=
200 
headers= 
Content-Type: application/json;charset=UTF-8
Transfer-Encoding: chunked
Date: Wed, 29 Jan 2020 21:01:29 GMT

body=
{"message":"A simple magic square multiplied by an identity square of size [133] [is equal] to the magic square.","name":"Simple-PropertiesFileName","durationInMillis":9}
<<<<<<<<<<<<<<<<<<<<<<<<<
22:01:30.066 [DEBUG] i.g.c.a.Pause - Pausing for 2386ms (real=2385ms)
22:01:30.219 [DEBUG] i.g.h.c.i.HttpAppHandler - Read msg='DefaultHttpResponse(decodeResult: success, version: HTTP/1.1)
HTTP/1.1 200 
Content-Type: application/json;charset=UTF-8
Transfer-Encoding: chunked
Date: Wed, 29 Jan 2020 21:01:29 GMT'
22:01:30.219 [DEBUG] i.g.h.c.i.HttpAppHandler - Read msg='DefaultHttpContent(data: PooledSlicedByteBuf(ridx: 0, widx: 95, cap: 95/95, unwrapped: PooledUnsafeDirectByteBuf(ridx: 229, widx: 229, cap: 1024)), decoderResult: success)'
22:01:30.219 [DEBUG] i.g.h.c.i.HttpAppHandler - Read msg='EmptyLastHttpContent'
22:01:30.220 [TRACE] i.g.h.e.r.DefaultStatsProcessor - 
>>>>>>>>>>>>>>>>>>>>>>>>>>
Request:
simple_delay: OK 
=========================
Session:
Session(Acceptance test,136,1580331687052,Map(gatling.http.ssl.sslContexts -> SslContexts(io.netty.handler.ssl.JdkSslContext@7a6158da,None), gatling.http.cache.dns -> io.gatling.http.cache.DnsCacheSupport$$anon$1@5898ac4b, gatling.http.cache.baseUrl -> http://localhost:8080),16,OK,List(),io.gatling.core.protocol.ProtocolComponentsRegistry$$Lambda$598/0x000000084055d840@452b12e)
=========================
HTTP request:
GET http://localhost:8080/delay?duration=555
headers=
Accept: */*
Content-Type: application/json;charset=UTF-8
Accept-Language: en-US,en;q=0.8,nl;q=0.6
User-Agent: Mozilla/5.0 (Windows NT 6.1; WOW64) AppleWebKit/537.36 (KHTML, like Gecko) Chrome/38.0.2125.111 Safari/537.36
accept-encoding: gzip,deflate,sdch
host: localhost:8080
=========================
HTTP response:
status=
200 
headers= 
Content-Type: application/json;charset=UTF-8
Transfer-Encoding: chunked
Date: Wed, 29 Jan 2020 21:01:29 GMT

body=
{"message":"This was a delay of 555","name":"Simple-PropertiesFileName","durationInMillis":555}
<<<<<<<<<<<<<<<<<<<<<<<<<
22:01:30.220 [DEBUG] i.g.c.a.Pause - Pausing for 1861ms (real=1845ms)
22:01:30.232 [DEBUG] i.g.h.e.t.HttpTxExecutor - Sending request=upload-file uri=http://localhost:8080/files/upload: scenario=Acceptance test, userId=121
22:01:30.233 [DEBUG] i.g.h.c.i.HttpAppHandler - Write request WritableRequest{request=DefaultHttpRequest(decodeResult: success, version: HTTP/1.1)
POST /files/upload HTTP/1.1
Accept: */*
Accept-Language: en-US,en;q=0.8,nl;q=0.6
User-Agent: Mozilla/5.0 (Windows NT 6.1; WOW64) AppleWebKit/537.36 (KHTML, like Gecko) Chrome/38.0.2125.111 Safari/537.36
accept-encoding: gzip,deflate,sdch
host: localhost:8080
content-type: multipart/form-data; boundary=qGKSYTm8vkKfPKBZn8ScRZ43pVPRPYfkZCR
content-length: 220, content=io.gatling.http.client.body.multipart.impl.MultipartFileRegion@34b827b}
22:01:30.236 [DEBUG] i.g.h.c.i.HttpAppHandler - Read msg='DefaultHttpResponse(decodeResult: success, version: HTTP/1.1)
HTTP/1.1 200 
Content-Type: text/plain;charset=UTF-8
Content-Length: 62
Date: Wed, 29 Jan 2020 21:01:29 GMT'
22:01:30.236 [DEBUG] i.g.h.c.i.HttpAppHandler - Read msg='DefaultLastHttpContent(data: PooledSlicedByteBuf(ridx: 0, widx: 62, cap: 62/62, unwrapped: PooledUnsafeDirectByteBuf(ridx: 176, widx: 176, cap: 496)), decoderResult: success)'
22:01:30.237 [TRACE] i.g.h.e.r.DefaultStatsProcessor - 
>>>>>>>>>>>>>>>>>>>>>>>>>>
Request:
upload-file: OK 
=========================
Session:
Session(Acceptance test,121,1580331679552,Map(gatling.http.ssl.sslContexts -> SslContexts(io.netty.handler.ssl.JdkSslContext@391bf7e4,None), gatling.http.cache.dns -> io.gatling.http.cache.DnsCacheSupport$$anon$1@5898ac4b, gatling.http.cache.baseUrl -> http://localhost:8080),26,OK,List(),io.gatling.core.protocol.ProtocolComponentsRegistry$$Lambda$598/0x000000084055d840@452b12e)
=========================
HTTP request:
POST http://localhost:8080/files/upload
headers=
Accept: */*
Accept-Language: en-US,en;q=0.8,nl;q=0.6
User-Agent: Mozilla/5.0 (Windows NT 6.1; WOW64) AppleWebKit/537.36 (KHTML, like Gecko) Chrome/38.0.2125.111 Safari/537.36
accept-encoding: gzip,deflate,sdch
host: localhost:8080
content-type: multipart/form-data; boundary=qGKSYTm8vkKfPKBZn8ScRZ43pVPRPYfkZCR
content-length: 220
multipartBody=
ByteArrayPart: name=upload contentType=text/plain dispositionType=null charset=UTF-8 transferEncoding=null contentId=null filename=gatling-upload.txt
=========================
HTTP response:
status=
200 
headers= 
Content-Type: text/plain;charset=UTF-8
Content-Length: 62
Date: Wed, 29 Jan 2020 21:01:29 GMT

body=
File upload succeeded [gatling-upload.txt] of size [17] bytes.
<<<<<<<<<<<<<<<<<<<<<<<<<
22:01:30.237 [DEBUG] i.g.c.a.Exit - End user #121
22:01:30.237 [DEBUG] i.g.c.c.i.Injector - End user #121
22:01:30.490 [DEBUG] i.g.h.c.i.HttpAppHandler - Read msg='DefaultHttpResponse(decodeResult: success, version: HTTP/1.1)
HTTP/1.1 200 
Content-Type: application/json;charset=UTF-8
Transfer-Encoding: chunked
Date: Wed, 29 Jan 2020 21:01:29 GMT'
22:01:30.490 [DEBUG] i.g.h.c.i.HttpAppHandler - Read msg='DefaultHttpContent(data: PooledSlicedByteBuf(ridx: 0, widx: 95, cap: 95/95, unwrapped: PooledUnsafeDirectByteBuf(ridx: 229, widx: 234, cap: 512)), decoderResult: success)'
22:01:30.490 [DEBUG] i.g.h.c.i.HttpAppHandler - Read msg='EmptyLastHttpContent'
22:01:30.490 [TRACE] i.g.h.e.r.DefaultStatsProcessor - 
>>>>>>>>>>>>>>>>>>>>>>>>>>
Request:
simple_delay: OK 
=========================
Session:
Session(Acceptance test,140,1580331689051,Map(gatling.http.ssl.sslContexts -> SslContexts(io.netty.handler.ssl.JdkSslContext@23dad3b8,None), gatling.http.cache.dns -> io.gatling.http.cache.DnsCacheSupport$$anon$1@5898ac4b, gatling.http.cache.baseUrl -> http://localhost:8080),23,OK,List(),io.gatling.core.protocol.ProtocolComponentsRegistry$$Lambda$598/0x000000084055d840@452b12e)
=========================
HTTP request:
GET http://localhost:8080/delay?duration=555
headers=
Accept: */*
Content-Type: application/json;charset=UTF-8
Accept-Language: en-US,en;q=0.8,nl;q=0.6
User-Agent: Mozilla/5.0 (Windows NT 6.1; WOW64) AppleWebKit/537.36 (KHTML, like Gecko) Chrome/38.0.2125.111 Safari/537.36
accept-encoding: gzip,deflate,sdch
host: localhost:8080
=========================
HTTP response:
status=
200 
headers= 
Content-Type: application/json;charset=UTF-8
Transfer-Encoding: chunked
Date: Wed, 29 Jan 2020 21:01:29 GMT

body=
{"message":"This was a delay of 555","name":"Simple-PropertiesFileName","durationInMillis":555}
<<<<<<<<<<<<<<<<<<<<<<<<<
22:01:30.490 [DEBUG] i.g.c.a.Pause - Pausing for 1139ms (real=1116ms)
22:01:30.502 [DEBUG] i.g.h.e.t.HttpTxExecutor - Sending request=upload-file uri=http://localhost:8080/files/upload: scenario=Acceptance test, userId=118
22:01:30.503 [DEBUG] i.g.h.c.i.HttpAppHandler - Write request WritableRequest{request=DefaultHttpRequest(decodeResult: success, version: HTTP/1.1)
POST /files/upload HTTP/1.1
Accept: */*
Accept-Language: en-US,en;q=0.8,nl;q=0.6
User-Agent: Mozilla/5.0 (Windows NT 6.1; WOW64) AppleWebKit/537.36 (KHTML, like Gecko) Chrome/38.0.2125.111 Safari/537.36
accept-encoding: gzip,deflate,sdch
host: localhost:8080
content-type: multipart/form-data; boundary=sQtFH5HRqEKqGTqNKMevYXaXlw-xcOFeH3L
content-length: 220, content=io.gatling.http.client.body.multipart.impl.MultipartFileRegion@186d6902}
22:01:30.505 [DEBUG] i.g.h.c.i.HttpAppHandler - Read msg='DefaultHttpResponse(decodeResult: success, version: HTTP/1.1)
HTTP/1.1 200 
Content-Type: text/plain;charset=UTF-8
Content-Length: 62
Date: Wed, 29 Jan 2020 21:01:29 GMT'
22:01:30.505 [DEBUG] i.g.h.c.i.HttpAppHandler - Read msg='DefaultLastHttpContent(data: PooledSlicedByteBuf(ridx: 0, widx: 62, cap: 62/62, unwrapped: PooledUnsafeDirectByteBuf(ridx: 176, widx: 176, cap: 496)), decoderResult: success)'
22:01:30.506 [TRACE] i.g.h.e.r.DefaultStatsProcessor - 
>>>>>>>>>>>>>>>>>>>>>>>>>>
Request:
upload-file: OK 
=========================
Session:
Session(Acceptance test,118,1580331678051,Map(gatling.http.ssl.sslContexts -> SslContexts(io.netty.handler.ssl.JdkSslContext@1f7b4a86,None), gatling.http.cache.dns -> io.gatling.http.cache.DnsCacheSupport$$anon$1@5898ac4b, gatling.http.cache.baseUrl -> http://localhost:8080),18,OK,List(),io.gatling.core.protocol.ProtocolComponentsRegistry$$Lambda$598/0x000000084055d840@452b12e)
=========================
HTTP request:
POST http://localhost:8080/files/upload
headers=
Accept: */*
Accept-Language: en-US,en;q=0.8,nl;q=0.6
User-Agent: Mozilla/5.0 (Windows NT 6.1; WOW64) AppleWebKit/537.36 (KHTML, like Gecko) Chrome/38.0.2125.111 Safari/537.36
accept-encoding: gzip,deflate,sdch
host: localhost:8080
content-type: multipart/form-data; boundary=sQtFH5HRqEKqGTqNKMevYXaXlw-xcOFeH3L
content-length: 220
multipartBody=
ByteArrayPart: name=upload contentType=text/plain dispositionType=null charset=UTF-8 transferEncoding=null contentId=null filename=gatling-upload.txt
=========================
HTTP response:
status=
200 
headers= 
Content-Type: text/plain;charset=UTF-8
Content-Length: 62
Date: Wed, 29 Jan 2020 21:01:29 GMT

body=
File upload succeeded [gatling-upload.txt] of size [17] bytes.
<<<<<<<<<<<<<<<<<<<<<<<<<
22:01:30.506 [DEBUG] i.g.c.a.Exit - End user #118
22:01:30.506 [DEBUG] i.g.c.c.i.Injector - End user #118
22:01:30.512 [DEBUG] i.g.h.e.t.HttpTxExecutor - Sending request=simple_mini_leak uri=http://localhost:8080/memory/grow?objects=8&items=54: scenario=Acceptance test, userId=135
22:01:30.512 [DEBUG] i.g.h.c.i.HttpAppHandler - Write request WritableRequest{request=DefaultFullHttpRequest(decodeResult: success, version: HTTP/1.1, content: UnpooledByteBufAllocator$InstrumentedUnpooledUnsafeHeapByteBuf(ridx: 0, widx: 0, cap: 0))
GET /memory/grow?objects=8&items=54 HTTP/1.1
Accept: */*
Content-Type: application/json;charset=UTF-8
Accept-Language: en-US,en;q=0.8,nl;q=0.6
User-Agent: Mozilla/5.0 (Windows NT 6.1; WOW64) AppleWebKit/537.36 (KHTML, like Gecko) Chrome/38.0.2125.111 Safari/537.36
accept-encoding: gzip,deflate,sdch
host: localhost:8080, content=null}
22:01:30.519 [DEBUG] i.g.h.c.i.HttpAppHandler - Read msg='DefaultHttpResponse(decodeResult: success, version: HTTP/1.1)
HTTP/1.1 200 
Content-Type: application/json;charset=UTF-8
Transfer-Encoding: chunked
Date: Wed, 29 Jan 2020 21:01:29 GMT'
22:01:30.519 [DEBUG] i.g.h.c.i.HttpAppHandler - Read msg='DefaultHttpContent(data: PooledSlicedByteBuf(ridx: 0, widx: 144, cap: 144/144, unwrapped: PooledUnsafeDirectByteBuf(ridx: 278, widx: 283, cap: 512)), decoderResult: success)'
22:01:30.519 [DEBUG] i.g.h.c.i.HttpAppHandler - Read msg='EmptyLastHttpContent'
22:01:30.520 [TRACE] i.g.h.e.r.DefaultStatsProcessor - 
>>>>>>>>>>>>>>>>>>>>>>>>>>
Request:
simple_mini_leak: OK 
=========================
Session:
Session(Acceptance test,135,1580331686551,Map(gatling.http.ssl.sslContexts -> SslContexts(io.netty.handler.ssl.JdkSslContext@ccaae93,None), gatling.http.cache.dns -> io.gatling.http.cache.DnsCacheSupport$$anon$1@5898ac4b, gatling.http.cache.baseUrl -> http://localhost:8080),13,OK,List(),io.gatling.core.protocol.ProtocolComponentsRegistry$$Lambda$598/0x000000084055d840@452b12e)
=========================
HTTP request:
GET http://localhost:8080/memory/grow?objects=8&items=54
headers=
Accept: */*
Content-Type: application/json;charset=UTF-8
Accept-Language: en-US,en;q=0.8,nl;q=0.6
User-Agent: Mozilla/5.0 (Windows NT 6.1; WOW64) AppleWebKit/537.36 (KHTML, like Gecko) Chrome/38.0.2125.111 Safari/537.36
accept-encoding: gzip,deflate,sdch
host: localhost:8080
=========================
HTTP response:
status=
200 
headers= 
Content-Type: application/json;charset=UTF-8
Transfer-Encoding: chunked
Date: Wed, 29 Jan 2020 21:01:29 GMT

body=
{"message":"Size of BigFatBastard list is now 12080 objects. It contains 652320 items.","name":"Simple-PropertiesFileName","durationInMillis":4}
<<<<<<<<<<<<<<<<<<<<<<<<<
22:01:30.520 [DEBUG] i.g.c.a.Pause - Pausing for 3676ms (real=3662ms)
22:01:30.552 [DEBUG] i.g.c.c.i.o.OpenWorkload - Injecting 2 users in scenario Acceptance test, continue=true
22:01:30.552 [DEBUG] i.g.h.e.t.HttpTxExecutor - Sending request=simple_cpu_burn uri=http://localhost:8080/cpu/magic-identity-check?matrixSize=133: scenario=Acceptance test, userId=143
22:01:30.552 [DEBUG] i.g.c.c.i.o.OpenWorkload - Start user #143
22:01:30.553 [DEBUG] i.g.h.c.i.HttpAppHandler - Write request WritableRequest{request=DefaultFullHttpRequest(decodeResult: success, version: HTTP/1.1, content: UnpooledByteBufAllocator$InstrumentedUnpooledUnsafeHeapByteBuf(ridx: 0, widx: 0, cap: 0))
GET /cpu/magic-identity-check?matrixSize=133 HTTP/1.1
Accept: */*
Content-Type: application/json;charset=UTF-8
Accept-Language: en-US,en;q=0.8,nl;q=0.6
User-Agent: Mozilla/5.0 (Windows NT 6.1; WOW64) AppleWebKit/537.36 (KHTML, like Gecko) Chrome/38.0.2125.111 Safari/537.36
accept-encoding: gzip,deflate,sdch
host: localhost:8080, content=null}
22:01:30.564 [DEBUG] i.g.h.c.i.HttpAppHandler - Read msg='DefaultHttpResponse(decodeResult: success, version: HTTP/1.1)
HTTP/1.1 200 
Content-Type: application/json;charset=UTF-8
Transfer-Encoding: chunked
Date: Wed, 29 Jan 2020 21:01:29 GMT'
22:01:30.565 [DEBUG] i.g.h.c.i.HttpAppHandler - Read msg='DefaultHttpContent(data: PooledSlicedByteBuf(ridx: 0, widx: 170, cap: 170/170, unwrapped: PooledUnsafeDirectByteBuf(ridx: 304, widx: 309, cap: 1024)), decoderResult: success)'
22:01:30.565 [DEBUG] i.g.h.c.i.HttpAppHandler - Read msg='EmptyLastHttpContent'
22:01:30.565 [TRACE] i.g.h.e.r.DefaultStatsProcessor - 
>>>>>>>>>>>>>>>>>>>>>>>>>>
Request:
simple_cpu_burn: OK 
=========================
Session:
Session(Acceptance test,143,1580331690551,Map(gatling.http.ssl.sslContexts -> SslContexts(io.netty.handler.ssl.JdkSslContext@41f65799,None), gatling.http.cache.dns -> io.gatling.http.cache.DnsCacheSupport$$anon$1@5898ac4b, gatling.http.cache.baseUrl -> http://localhost:8080),0,OK,List(),io.gatling.core.protocol.ProtocolComponentsRegistry$$Lambda$598/0x000000084055d840@452b12e)
=========================
HTTP request:
GET http://localhost:8080/cpu/magic-identity-check?matrixSize=133
headers=
Accept: */*
Content-Type: application/json;charset=UTF-8
Accept-Language: en-US,en;q=0.8,nl;q=0.6
User-Agent: Mozilla/5.0 (Windows NT 6.1; WOW64) AppleWebKit/537.36 (KHTML, like Gecko) Chrome/38.0.2125.111 Safari/537.36
accept-encoding: gzip,deflate,sdch
host: localhost:8080
=========================
HTTP response:
status=
200 
headers= 
Content-Type: application/json;charset=UTF-8
Transfer-Encoding: chunked
Date: Wed, 29 Jan 2020 21:01:29 GMT

body=
{"message":"A simple magic square multiplied by an identity square of size [133] [is equal] to the magic square.","name":"Simple-PropertiesFileName","durationInMillis":9}
<<<<<<<<<<<<<<<<<<<<<<<<<
22:01:30.565 [DEBUG] i.g.c.a.Pause - Pausing for 151ms (real=151ms)
22:01:30.612 [DEBUG] i.g.h.e.t.HttpTxExecutor - Sending request=upload-file uri=http://localhost:8080/files/upload: scenario=Acceptance test, userId=129
22:01:30.612 [DEBUG] i.g.h.c.i.HttpAppHandler - Write request WritableRequest{request=DefaultHttpRequest(decodeResult: success, version: HTTP/1.1)
POST /files/upload HTTP/1.1
Accept: */*
Accept-Language: en-US,en;q=0.8,nl;q=0.6
User-Agent: Mozilla/5.0 (Windows NT 6.1; WOW64) AppleWebKit/537.36 (KHTML, like Gecko) Chrome/38.0.2125.111 Safari/537.36
accept-encoding: gzip,deflate,sdch
host: localhost:8080
content-type: multipart/form-data; boundary=jbUQcpRDOkrvEWLLFh5AwjijFCxRnT_Vo1d
content-length: 220, content=io.gatling.http.client.body.multipart.impl.MultipartFileRegion@45b36af8}
22:01:30.615 [DEBUG] i.g.h.c.i.HttpAppHandler - Read msg='DefaultHttpResponse(decodeResult: success, version: HTTP/1.1)
HTTP/1.1 200 
Content-Type: text/plain;charset=UTF-8
Content-Length: 62
Date: Wed, 29 Jan 2020 21:01:30 GMT'
22:01:30.615 [DEBUG] i.g.h.c.i.HttpAppHandler - Read msg='DefaultLastHttpContent(data: PooledSlicedByteBuf(ridx: 0, widx: 62, cap: 62/62, unwrapped: PooledUnsafeDirectByteBuf(ridx: 176, widx: 176, cap: 480)), decoderResult: success)'
22:01:30.616 [TRACE] i.g.h.e.r.DefaultStatsProcessor - 
>>>>>>>>>>>>>>>>>>>>>>>>>>
Request:
upload-file: OK 
=========================
Session:
Session(Acceptance test,129,1580331683552,Map(gatling.http.ssl.sslContexts -> SslContexts(io.netty.handler.ssl.JdkSslContext@403f531f,None), gatling.http.cache.dns -> io.gatling.http.cache.DnsCacheSupport$$anon$1@5898ac4b, gatling.http.cache.baseUrl -> http://localhost:8080),16,OK,List(),io.gatling.core.protocol.ProtocolComponentsRegistry$$Lambda$598/0x000000084055d840@452b12e)
=========================
HTTP request:
POST http://localhost:8080/files/upload
headers=
Accept: */*
Accept-Language: en-US,en;q=0.8,nl;q=0.6
User-Agent: Mozilla/5.0 (Windows NT 6.1; WOW64) AppleWebKit/537.36 (KHTML, like Gecko) Chrome/38.0.2125.111 Safari/537.36
accept-encoding: gzip,deflate,sdch
host: localhost:8080
content-type: multipart/form-data; boundary=jbUQcpRDOkrvEWLLFh5AwjijFCxRnT_Vo1d
content-length: 220
multipartBody=
ByteArrayPart: name=upload contentType=text/plain dispositionType=null charset=UTF-8 transferEncoding=null contentId=null filename=gatling-upload.txt
=========================
HTTP response:
status=
200 
headers= 
Content-Type: text/plain;charset=UTF-8
Content-Length: 62
Date: Wed, 29 Jan 2020 21:01:30 GMT

body=
File upload succeeded [gatling-upload.txt] of size [17] bytes.
<<<<<<<<<<<<<<<<<<<<<<<<<
22:01:30.616 [DEBUG] i.g.c.a.Exit - End user #129
22:01:30.616 [DEBUG] i.g.c.c.i.Injector - End user #129
22:01:30.672 [DEBUG] i.g.h.e.t.HttpTxExecutor - Sending request=upload-file uri=http://localhost:8080/files/upload: scenario=Acceptance test, userId=87
22:01:30.672 [DEBUG] i.g.h.c.i.HttpAppHandler - Write request WritableRequest{request=DefaultHttpRequest(decodeResult: success, version: HTTP/1.1)
POST /files/upload HTTP/1.1
Accept: */*
Accept-Language: en-US,en;q=0.8,nl;q=0.6
User-Agent: Mozilla/5.0 (Windows NT 6.1; WOW64) AppleWebKit/537.36 (KHTML, like Gecko) Chrome/38.0.2125.111 Safari/537.36
accept-encoding: gzip,deflate,sdch
host: localhost:8080
content-type: multipart/form-data; boundary=GGUaLlB8UbaaKQmRtlek6ga9Madr05jblRA
content-length: 220, content=io.gatling.http.client.body.multipart.impl.MultipartFileRegion@167a127b}
22:01:30.675 [DEBUG] i.g.h.c.i.HttpAppHandler - Read msg='DefaultHttpResponse(decodeResult: success, version: HTTP/1.1)
HTTP/1.1 200 
Content-Type: text/plain;charset=UTF-8
Content-Length: 62
Date: Wed, 29 Jan 2020 21:01:30 GMT'
22:01:30.675 [DEBUG] i.g.h.c.i.HttpAppHandler - Read msg='DefaultLastHttpContent(data: PooledSlicedByteBuf(ridx: 0, widx: 62, cap: 62/62, unwrapped: PooledUnsafeDirectByteBuf(ridx: 176, widx: 176, cap: 496)), decoderResult: success)'
22:01:30.675 [TRACE] i.g.h.e.r.DefaultStatsProcessor - 
>>>>>>>>>>>>>>>>>>>>>>>>>>
Request:
upload-file: OK 
=========================
Session:
Session(Acceptance test,87,1580331662551,Map(gatling.http.ssl.sslContexts -> SslContexts(io.netty.handler.ssl.JdkSslContext@2ad705b5,None), gatling.http.cache.dns -> io.gatling.http.cache.DnsCacheSupport$$anon$1@5898ac4b, gatling.http.cache.baseUrl -> http://localhost:8080),17,OK,List(),io.gatling.core.protocol.ProtocolComponentsRegistry$$Lambda$598/0x000000084055d840@452b12e)
=========================
HTTP request:
POST http://localhost:8080/files/upload
headers=
Accept: */*
Accept-Language: en-US,en;q=0.8,nl;q=0.6
User-Agent: Mozilla/5.0 (Windows NT 6.1; WOW64) AppleWebKit/537.36 (KHTML, like Gecko) Chrome/38.0.2125.111 Safari/537.36
accept-encoding: gzip,deflate,sdch
host: localhost:8080
content-type: multipart/form-data; boundary=GGUaLlB8UbaaKQmRtlek6ga9Madr05jblRA
content-length: 220
multipartBody=
ByteArrayPart: name=upload contentType=text/plain dispositionType=null charset=UTF-8 transferEncoding=null contentId=null filename=gatling-upload.txt
=========================
HTTP response:
status=
200 
headers= 
Content-Type: text/plain;charset=UTF-8
Content-Length: 62
Date: Wed, 29 Jan 2020 21:01:30 GMT

body=
File upload succeeded [gatling-upload.txt] of size [17] bytes.
<<<<<<<<<<<<<<<<<<<<<<<<<
22:01:30.675 [DEBUG] i.g.c.a.Exit - End user #87
22:01:30.676 [DEBUG] i.g.c.c.i.Injector - End user #87
22:01:30.741 [DEBUG] i.g.h.e.t.HttpTxExecutor - Sending request=simple_delay uri=http://localhost:8080/delay?duration=555: scenario=Acceptance test, userId=143
22:01:30.742 [DEBUG] i.g.h.c.i.HttpAppHandler - Write request WritableRequest{request=DefaultFullHttpRequest(decodeResult: success, version: HTTP/1.1, content: UnpooledByteBufAllocator$InstrumentedUnpooledUnsafeHeapByteBuf(ridx: 0, widx: 0, cap: 0))
GET /delay?duration=555 HTTP/1.1
Accept: */*
Content-Type: application/json;charset=UTF-8
Accept-Language: en-US,en;q=0.8,nl;q=0.6
User-Agent: Mozilla/5.0 (Windows NT 6.1; WOW64) AppleWebKit/537.36 (KHTML, like Gecko) Chrome/38.0.2125.111 Safari/537.36
accept-encoding: gzip,deflate,sdch
host: localhost:8080, content=null}
22:01:31.052 [DEBUG] i.g.h.e.t.HttpTxExecutor - Sending request=simple_cpu_burn uri=http://localhost:8080/cpu/magic-identity-check?matrixSize=133: scenario=Acceptance test, userId=144
22:01:31.052 [DEBUG] i.g.c.c.i.o.OpenWorkload - Start user #144
22:01:31.053 [DEBUG] i.g.h.c.i.HttpAppHandler - Write request WritableRequest{request=DefaultFullHttpRequest(decodeResult: success, version: HTTP/1.1, content: UnpooledByteBufAllocator$InstrumentedUnpooledUnsafeHeapByteBuf(ridx: 0, widx: 0, cap: 0))
GET /cpu/magic-identity-check?matrixSize=133 HTTP/1.1
Accept: */*
Content-Type: application/json;charset=UTF-8
Accept-Language: en-US,en;q=0.8,nl;q=0.6
User-Agent: Mozilla/5.0 (Windows NT 6.1; WOW64) AppleWebKit/537.36 (KHTML, like Gecko) Chrome/38.0.2125.111 Safari/537.36
accept-encoding: gzip,deflate,sdch
host: localhost:8080, content=null}
22:01:31.064 [DEBUG] i.g.h.c.i.HttpAppHandler - Read msg='DefaultHttpResponse(decodeResult: success, version: HTTP/1.1)
HTTP/1.1 200 
Content-Type: application/json;charset=UTF-8
Transfer-Encoding: chunked
Date: Wed, 29 Jan 2020 21:01:30 GMT'
22:01:31.064 [DEBUG] i.g.h.c.i.HttpAppHandler - Read msg='DefaultHttpContent(data: PooledSlicedByteBuf(ridx: 0, widx: 170, cap: 170/170, unwrapped: PooledUnsafeDirectByteBuf(ridx: 304, widx: 304, cap: 1024)), decoderResult: success)'
22:01:31.064 [DEBUG] i.g.h.c.i.HttpAppHandler - Read msg='EmptyLastHttpContent'
22:01:31.065 [TRACE] i.g.h.e.r.DefaultStatsProcessor - 
>>>>>>>>>>>>>>>>>>>>>>>>>>
Request:
simple_cpu_burn: OK 
=========================
Session:
Session(Acceptance test,144,1580331691051,Map(gatling.http.ssl.sslContexts -> SslContexts(io.netty.handler.ssl.JdkSslContext@4ecc358a,None), gatling.http.cache.dns -> io.gatling.http.cache.DnsCacheSupport$$anon$1@5898ac4b, gatling.http.cache.baseUrl -> http://localhost:8080),0,OK,List(),io.gatling.core.protocol.ProtocolComponentsRegistry$$Lambda$598/0x000000084055d840@452b12e)
=========================
HTTP request:
GET http://localhost:8080/cpu/magic-identity-check?matrixSize=133
headers=
Accept: */*
Content-Type: application/json;charset=UTF-8
Accept-Language: en-US,en;q=0.8,nl;q=0.6
User-Agent: Mozilla/5.0 (Windows NT 6.1; WOW64) AppleWebKit/537.36 (KHTML, like Gecko) Chrome/38.0.2125.111 Safari/537.36
accept-encoding: gzip,deflate,sdch
host: localhost:8080
=========================
HTTP response:
status=
200 
headers= 
Content-Type: application/json;charset=UTF-8
Transfer-Encoding: chunked
Date: Wed, 29 Jan 2020 21:01:30 GMT

body=
{"message":"A simple magic square multiplied by an identity square of size [133] [is equal] to the magic square.","name":"Simple-PropertiesFileName","durationInMillis":9}
<<<<<<<<<<<<<<<<<<<<<<<<<
22:01:31.065 [DEBUG] i.g.c.a.Pause - Pausing for 8761ms (real=8760ms)
22:01:31.222 [DEBUG] i.g.h.e.t.HttpTxExecutor - Sending request=upload-file uri=http://localhost:8080/files/upload: scenario=Acceptance test, userId=132
22:01:31.223 [DEBUG] i.g.h.c.i.HttpAppHandler - Write request WritableRequest{request=DefaultHttpRequest(decodeResult: success, version: HTTP/1.1)
POST /files/upload HTTP/1.1
Accept: */*
Accept-Language: en-US,en;q=0.8,nl;q=0.6
User-Agent: Mozilla/5.0 (Windows NT 6.1; WOW64) AppleWebKit/537.36 (KHTML, like Gecko) Chrome/38.0.2125.111 Safari/537.36
accept-encoding: gzip,deflate,sdch
host: localhost:8080
content-type: multipart/form-data; boundary=7DLaa_KHP1DHq7kLAb6hAIAvN1hGvrgZRpv
content-length: 220, content=io.gatling.http.client.body.multipart.impl.MultipartFileRegion@cf2600e}
22:01:31.226 [DEBUG] i.g.h.c.i.HttpAppHandler - Read msg='DefaultHttpResponse(decodeResult: success, version: HTTP/1.1)
HTTP/1.1 200 
Content-Type: text/plain;charset=UTF-8
Content-Length: 62
Date: Wed, 29 Jan 2020 21:01:30 GMT'
22:01:31.226 [DEBUG] i.g.h.c.i.HttpAppHandler - Read msg='DefaultLastHttpContent(data: PooledSlicedByteBuf(ridx: 0, widx: 62, cap: 62/62, unwrapped: PooledUnsafeDirectByteBuf(ridx: 176, widx: 176, cap: 496)), decoderResult: success)'
22:01:31.226 [TRACE] i.g.h.e.r.DefaultStatsProcessor - 
>>>>>>>>>>>>>>>>>>>>>>>>>>
Request:
upload-file: OK 
=========================
Session:
Session(Acceptance test,132,1580331685052,Map(gatling.http.ssl.sslContexts -> SslContexts(io.netty.handler.ssl.JdkSslContext@19200849,None), gatling.http.cache.dns -> io.gatling.http.cache.DnsCacheSupport$$anon$1@5898ac4b, gatling.http.cache.baseUrl -> http://localhost:8080),17,OK,List(),io.gatling.core.protocol.ProtocolComponentsRegistry$$Lambda$598/0x000000084055d840@452b12e)
=========================
HTTP request:
POST http://localhost:8080/files/upload
headers=
Accept: */*
Accept-Language: en-US,en;q=0.8,nl;q=0.6
User-Agent: Mozilla/5.0 (Windows NT 6.1; WOW64) AppleWebKit/537.36 (KHTML, like Gecko) Chrome/38.0.2125.111 Safari/537.36
accept-encoding: gzip,deflate,sdch
host: localhost:8080
content-type: multipart/form-data; boundary=7DLaa_KHP1DHq7kLAb6hAIAvN1hGvrgZRpv
content-length: 220
multipartBody=
ByteArrayPart: name=upload contentType=text/plain dispositionType=null charset=UTF-8 transferEncoding=null contentId=null filename=gatling-upload.txt
=========================
HTTP response:
status=
200 
headers= 
Content-Type: text/plain;charset=UTF-8
Content-Length: 62
Date: Wed, 29 Jan 2020 21:01:30 GMT

body=
File upload succeeded [gatling-upload.txt] of size [17] bytes.
<<<<<<<<<<<<<<<<<<<<<<<<<
22:01:31.227 [DEBUG] i.g.c.a.Exit - End user #132
22:01:31.227 [DEBUG] i.g.c.c.i.Injector - End user #132
22:01:31.299 [DEBUG] i.g.h.c.i.HttpAppHandler - Read msg='DefaultHttpResponse(decodeResult: success, version: HTTP/1.1)
HTTP/1.1 200 
Content-Type: application/json;charset=UTF-8
Transfer-Encoding: chunked
Date: Wed, 29 Jan 2020 21:01:30 GMT'
22:01:31.299 [DEBUG] i.g.h.c.i.HttpAppHandler - Read msg='DefaultHttpContent(data: PooledSlicedByteBuf(ridx: 0, widx: 95, cap: 95/95, unwrapped: PooledUnsafeDirectByteBuf(ridx: 229, widx: 229, cap: 1024)), decoderResult: success)'
22:01:31.299 [DEBUG] i.g.h.c.i.HttpAppHandler - Read msg='EmptyLastHttpContent'
22:01:31.300 [TRACE] i.g.h.e.r.DefaultStatsProcessor - 
>>>>>>>>>>>>>>>>>>>>>>>>>>
Request:
simple_delay: OK 
=========================
Session:
Session(Acceptance test,143,1580331690551,Map(gatling.http.ssl.sslContexts -> SslContexts(io.netty.handler.ssl.JdkSslContext@41f65799,None), gatling.http.cache.dns -> io.gatling.http.cache.DnsCacheSupport$$anon$1@5898ac4b, gatling.http.cache.baseUrl -> http://localhost:8080),25,OK,List(),io.gatling.core.protocol.ProtocolComponentsRegistry$$Lambda$598/0x000000084055d840@452b12e)
=========================
HTTP request:
GET http://localhost:8080/delay?duration=555
headers=
Accept: */*
Content-Type: application/json;charset=UTF-8
Accept-Language: en-US,en;q=0.8,nl;q=0.6
User-Agent: Mozilla/5.0 (Windows NT 6.1; WOW64) AppleWebKit/537.36 (KHTML, like Gecko) Chrome/38.0.2125.111 Safari/537.36
accept-encoding: gzip,deflate,sdch
host: localhost:8080
=========================
HTTP response:
status=
200 
headers= 
Content-Type: application/json;charset=UTF-8
Transfer-Encoding: chunked
Date: Wed, 29 Jan 2020 21:01:30 GMT

body=
{"message":"This was a delay of 555","name":"Simple-PropertiesFileName","durationInMillis":555}
<<<<<<<<<<<<<<<<<<<<<<<<<
22:01:31.300 [DEBUG] i.g.c.a.Pause - Pausing for 3924ms (real=3898ms)
22:01:31.532 [DEBUG] i.g.h.e.t.HttpTxExecutor - Sending request=simple_mini_leak uri=http://localhost:8080/memory/grow?objects=8&items=54: scenario=Acceptance test, userId=124
22:01:31.532 [DEBUG] i.g.h.c.i.HttpAppHandler - Write request WritableRequest{request=DefaultFullHttpRequest(decodeResult: success, version: HTTP/1.1, content: UnpooledByteBufAllocator$InstrumentedUnpooledUnsafeHeapByteBuf(ridx: 0, widx: 0, cap: 0))
GET /memory/grow?objects=8&items=54 HTTP/1.1
Accept: */*
Content-Type: application/json;charset=UTF-8
Accept-Language: en-US,en;q=0.8,nl;q=0.6
User-Agent: Mozilla/5.0 (Windows NT 6.1; WOW64) AppleWebKit/537.36 (KHTML, like Gecko) Chrome/38.0.2125.111 Safari/537.36
accept-encoding: gzip,deflate,sdch
host: localhost:8080, content=null}
22:01:31.540 [DEBUG] i.g.h.c.i.HttpAppHandler - Read msg='DefaultHttpResponse(decodeResult: success, version: HTTP/1.1)
HTTP/1.1 200 
Content-Type: application/json;charset=UTF-8
Transfer-Encoding: chunked
Date: Wed, 29 Jan 2020 21:01:30 GMT'
22:01:31.540 [DEBUG] i.g.h.c.i.HttpAppHandler - Read msg='DefaultHttpContent(data: PooledSlicedByteBuf(ridx: 0, widx: 144, cap: 144/144, unwrapped: PooledUnsafeDirectByteBuf(ridx: 278, widx: 278, cap: 496)), decoderResult: success)'
22:01:31.540 [DEBUG] i.g.h.c.i.HttpAppHandler - Read msg='EmptyLastHttpContent'
22:01:31.540 [TRACE] i.g.h.e.r.DefaultStatsProcessor - 
>>>>>>>>>>>>>>>>>>>>>>>>>>
Request:
simple_mini_leak: OK 
=========================
Session:
Session(Acceptance test,124,1580331681051,Map(gatling.http.ssl.sslContexts -> SslContexts(io.netty.handler.ssl.JdkSslContext@3dbd90c3,None), gatling.http.cache.dns -> io.gatling.http.cache.DnsCacheSupport$$anon$1@5898ac4b, gatling.http.cache.baseUrl -> http://localhost:8080),18,OK,List(),io.gatling.core.protocol.ProtocolComponentsRegistry$$Lambda$598/0x000000084055d840@452b12e)
=========================
HTTP request:
GET http://localhost:8080/memory/grow?objects=8&items=54
headers=
Accept: */*
Content-Type: application/json;charset=UTF-8
Accept-Language: en-US,en;q=0.8,nl;q=0.6
User-Agent: Mozilla/5.0 (Windows NT 6.1; WOW64) AppleWebKit/537.36 (KHTML, like Gecko) Chrome/38.0.2125.111 Safari/537.36
accept-encoding: gzip,deflate,sdch
host: localhost:8080
=========================
HTTP response:
status=
200 
headers= 
Content-Type: application/json;charset=UTF-8
Transfer-Encoding: chunked
Date: Wed, 29 Jan 2020 21:01:30 GMT

body=
{"message":"Size of BigFatBastard list is now 12088 objects. It contains 652752 items.","name":"Simple-PropertiesFileName","durationInMillis":5}
<<<<<<<<<<<<<<<<<<<<<<<<<
22:01:31.541 [DEBUG] i.g.c.a.Pause - Pausing for 380ms (real=362ms)
22:01:31.551 [DEBUG] i.g.c.c.i.o.OpenWorkload - Injecting 2 users in scenario Acceptance test, continue=true
22:01:31.551 [DEBUG] i.g.h.e.t.HttpTxExecutor - Sending request=simple_cpu_burn uri=http://localhost:8080/cpu/magic-identity-check?matrixSize=133: scenario=Acceptance test, userId=145
22:01:31.552 [DEBUG] i.g.c.c.i.o.OpenWorkload - Start user #145
22:01:31.553 [DEBUG] i.g.h.c.i.HttpAppHandler - Write request WritableRequest{request=DefaultFullHttpRequest(decodeResult: success, version: HTTP/1.1, content: UnpooledByteBufAllocator$InstrumentedUnpooledUnsafeHeapByteBuf(ridx: 0, widx: 0, cap: 0))
GET /cpu/magic-identity-check?matrixSize=133 HTTP/1.1
Accept: */*
Content-Type: application/json;charset=UTF-8
Accept-Language: en-US,en;q=0.8,nl;q=0.6
User-Agent: Mozilla/5.0 (Windows NT 6.1; WOW64) AppleWebKit/537.36 (KHTML, like Gecko) Chrome/38.0.2125.111 Safari/537.36
accept-encoding: gzip,deflate,sdch
host: localhost:8080, content=null}
22:01:31.563 [DEBUG] i.g.h.c.i.HttpAppHandler - Read msg='DefaultHttpResponse(decodeResult: success, version: HTTP/1.1)
HTTP/1.1 200 
Content-Type: application/json;charset=UTF-8
Transfer-Encoding: chunked
Date: Wed, 29 Jan 2020 21:01:30 GMT'
22:01:31.563 [DEBUG] i.g.h.c.i.HttpAppHandler - Read msg='DefaultHttpContent(data: PooledSlicedByteBuf(ridx: 0, widx: 170, cap: 170/170, unwrapped: PooledUnsafeDirectByteBuf(ridx: 304, widx: 309, cap: 1024)), decoderResult: success)'
22:01:31.563 [DEBUG] i.g.h.c.i.HttpAppHandler - Read msg='EmptyLastHttpContent'
22:01:31.564 [TRACE] i.g.h.e.r.DefaultStatsProcessor - 
>>>>>>>>>>>>>>>>>>>>>>>>>>
Request:
simple_cpu_burn: OK 
=========================
Session:
Session(Acceptance test,145,1580331691551,Map(gatling.http.ssl.sslContexts -> SslContexts(io.netty.handler.ssl.JdkSslContext@3a23f14b,None), gatling.http.cache.dns -> io.gatling.http.cache.DnsCacheSupport$$anon$1@5898ac4b, gatling.http.cache.baseUrl -> http://localhost:8080),0,OK,List(),io.gatling.core.protocol.ProtocolComponentsRegistry$$Lambda$598/0x000000084055d840@452b12e)
=========================
HTTP request:
GET http://localhost:8080/cpu/magic-identity-check?matrixSize=133
headers=
Accept: */*
Content-Type: application/json;charset=UTF-8
Accept-Language: en-US,en;q=0.8,nl;q=0.6
User-Agent: Mozilla/5.0 (Windows NT 6.1; WOW64) AppleWebKit/537.36 (KHTML, like Gecko) Chrome/38.0.2125.111 Safari/537.36
accept-encoding: gzip,deflate,sdch
host: localhost:8080
=========================
HTTP response:
status=
200 
headers= 
Content-Type: application/json;charset=UTF-8
Transfer-Encoding: chunked
Date: Wed, 29 Jan 2020 21:01:30 GMT

body=
{"message":"A simple magic square multiplied by an identity square of size [133] [is equal] to the magic square.","name":"Simple-PropertiesFileName","durationInMillis":9}
<<<<<<<<<<<<<<<<<<<<<<<<<
22:01:31.564 [DEBUG] i.g.c.a.Pause - Pausing for 928ms (real=927ms)
22:01:31.622 [DEBUG] i.g.h.e.t.HttpTxExecutor - Sending request=simple_mini_leak uri=http://localhost:8080/memory/grow?objects=8&items=54: scenario=Acceptance test, userId=140
22:01:31.622 [DEBUG] i.g.h.c.i.HttpAppHandler - Write request WritableRequest{request=DefaultFullHttpRequest(decodeResult: success, version: HTTP/1.1, content: UnpooledByteBufAllocator$InstrumentedUnpooledUnsafeHeapByteBuf(ridx: 0, widx: 0, cap: 0))
GET /memory/grow?objects=8&items=54 HTTP/1.1
Accept: */*
Content-Type: application/json;charset=UTF-8
Accept-Language: en-US,en;q=0.8,nl;q=0.6
User-Agent: Mozilla/5.0 (Windows NT 6.1; WOW64) AppleWebKit/537.36 (KHTML, like Gecko) Chrome/38.0.2125.111 Safari/537.36
accept-encoding: gzip,deflate,sdch
host: localhost:8080, content=null}
22:01:31.629 [DEBUG] i.g.h.c.i.HttpAppHandler - Read msg='DefaultHttpResponse(decodeResult: success, version: HTTP/1.1)
HTTP/1.1 200 
Content-Type: application/json;charset=UTF-8
Transfer-Encoding: chunked
Date: Wed, 29 Jan 2020 21:01:31 GMT'
22:01:31.630 [DEBUG] i.g.h.c.i.HttpAppHandler - Read msg='DefaultHttpContent(data: PooledSlicedByteBuf(ridx: 0, widx: 144, cap: 144/144, unwrapped: PooledUnsafeDirectByteBuf(ridx: 278, widx: 278, cap: 512)), decoderResult: success)'
22:01:31.630 [DEBUG] i.g.h.c.i.HttpAppHandler - Read msg='EmptyLastHttpContent'
22:01:31.630 [TRACE] i.g.h.e.r.DefaultStatsProcessor - 
>>>>>>>>>>>>>>>>>>>>>>>>>>
Request:
simple_mini_leak: OK 
=========================
Session:
Session(Acceptance test,140,1580331689051,Map(gatling.http.ssl.sslContexts -> SslContexts(io.netty.handler.ssl.JdkSslContext@23dad3b8,None), gatling.http.cache.dns -> io.gatling.http.cache.DnsCacheSupport$$anon$1@5898ac4b, gatling.http.cache.baseUrl -> http://localhost:8080),16,OK,List(),io.gatling.core.protocol.ProtocolComponentsRegistry$$Lambda$598/0x000000084055d840@452b12e)
=========================
HTTP request:
GET http://localhost:8080/memory/grow?objects=8&items=54
headers=
Accept: */*
Content-Type: application/json;charset=UTF-8
Accept-Language: en-US,en;q=0.8,nl;q=0.6
User-Agent: Mozilla/5.0 (Windows NT 6.1; WOW64) AppleWebKit/537.36 (KHTML, like Gecko) Chrome/38.0.2125.111 Safari/537.36
accept-encoding: gzip,deflate,sdch
host: localhost:8080
=========================
HTTP response:
status=
200 
headers= 
Content-Type: application/json;charset=UTF-8
Transfer-Encoding: chunked
Date: Wed, 29 Jan 2020 21:01:31 GMT

body=
{"message":"Size of BigFatBastard list is now 12096 objects. It contains 653184 items.","name":"Simple-PropertiesFileName","durationInMillis":5}
<<<<<<<<<<<<<<<<<<<<<<<<<
22:01:31.630 [DEBUG] i.g.c.a.Pause - Pausing for 2851ms (real=2835ms)
22:01:31.912 [DEBUG] i.g.h.e.t.HttpTxExecutor - Sending request=upload-file uri=http://localhost:8080/files/upload: scenario=Acceptance test, userId=134
22:01:31.913 [DEBUG] i.g.h.c.i.HttpAppHandler - Write request WritableRequest{request=DefaultHttpRequest(decodeResult: success, version: HTTP/1.1)
POST /files/upload HTTP/1.1
Accept: */*
Accept-Language: en-US,en;q=0.8,nl;q=0.6
User-Agent: Mozilla/5.0 (Windows NT 6.1; WOW64) AppleWebKit/537.36 (KHTML, like Gecko) Chrome/38.0.2125.111 Safari/537.36
accept-encoding: gzip,deflate,sdch
host: localhost:8080
content-type: multipart/form-data; boundary=HEJ0pZkxzMTGBuVhEkUkFuJIEGJwJEYMlu1
content-length: 220, content=io.gatling.http.client.body.multipart.impl.MultipartFileRegion@1592f108}
22:01:31.916 [DEBUG] i.g.h.c.i.HttpAppHandler - Read msg='DefaultHttpResponse(decodeResult: success, version: HTTP/1.1)
HTTP/1.1 200 
Content-Type: text/plain;charset=UTF-8
Content-Length: 62
Date: Wed, 29 Jan 2020 21:01:31 GMT'
22:01:31.916 [DEBUG] i.g.h.c.i.HttpAppHandler - Read msg='DefaultLastHttpContent(data: PooledSlicedByteBuf(ridx: 0, widx: 62, cap: 62/62, unwrapped: PooledUnsafeDirectByteBuf(ridx: 176, widx: 176, cap: 480)), decoderResult: success)'
22:01:31.917 [TRACE] i.g.h.e.r.DefaultStatsProcessor - 
>>>>>>>>>>>>>>>>>>>>>>>>>>
Request:
upload-file: OK 
=========================
Session:
Session(Acceptance test,134,1580331686052,Map(gatling.http.ssl.sslContexts -> SslContexts(io.netty.handler.ssl.JdkSslContext@72e67899,None), gatling.http.cache.dns -> io.gatling.http.cache.DnsCacheSupport$$anon$1@5898ac4b, gatling.http.cache.baseUrl -> http://localhost:8080),18,OK,List(),io.gatling.core.protocol.ProtocolComponentsRegistry$$Lambda$598/0x000000084055d840@452b12e)
=========================
HTTP request:
POST http://localhost:8080/files/upload
headers=
Accept: */*
Accept-Language: en-US,en;q=0.8,nl;q=0.6
User-Agent: Mozilla/5.0 (Windows NT 6.1; WOW64) AppleWebKit/537.36 (KHTML, like Gecko) Chrome/38.0.2125.111 Safari/537.36
accept-encoding: gzip,deflate,sdch
host: localhost:8080
content-type: multipart/form-data; boundary=HEJ0pZkxzMTGBuVhEkUkFuJIEGJwJEYMlu1
content-length: 220
multipartBody=
ByteArrayPart: name=upload contentType=text/plain dispositionType=null charset=UTF-8 transferEncoding=null contentId=null filename=gatling-upload.txt
=========================
HTTP response:
status=
200 
headers= 
Content-Type: text/plain;charset=UTF-8
Content-Length: 62
Date: Wed, 29 Jan 2020 21:01:31 GMT

body=
File upload succeeded [gatling-upload.txt] of size [17] bytes.
<<<<<<<<<<<<<<<<<<<<<<<<<
22:01:31.917 [DEBUG] i.g.c.a.Exit - End user #134
22:01:31.917 [DEBUG] i.g.c.c.i.Injector - End user #134
22:01:31.922 [DEBUG] i.g.h.e.t.HttpTxExecutor - Sending request=upload-file uri=http://localhost:8080/files/upload: scenario=Acceptance test, userId=124
22:01:31.923 [DEBUG] i.g.h.c.i.HttpAppHandler - Write request WritableRequest{request=DefaultHttpRequest(decodeResult: success, version: HTTP/1.1)
POST /files/upload HTTP/1.1
Accept: */*
Accept-Language: en-US,en;q=0.8,nl;q=0.6
User-Agent: Mozilla/5.0 (Windows NT 6.1; WOW64) AppleWebKit/537.36 (KHTML, like Gecko) Chrome/38.0.2125.111 Safari/537.36
accept-encoding: gzip,deflate,sdch
host: localhost:8080
content-type: multipart/form-data; boundary=LW56dyyfvOB0gYLIQqMEmueq0gyMzoQZj1d
content-length: 220, content=io.gatling.http.client.body.multipart.impl.MultipartFileRegion@3ad2e029}
22:01:31.925 [DEBUG] i.g.h.c.i.HttpAppHandler - Read msg='DefaultHttpResponse(decodeResult: success, version: HTTP/1.1)
HTTP/1.1 200 
Content-Type: text/plain;charset=UTF-8
Content-Length: 62
Date: Wed, 29 Jan 2020 21:01:31 GMT'
22:01:31.925 [DEBUG] i.g.h.c.i.HttpAppHandler - Read msg='DefaultLastHttpContent(data: PooledSlicedByteBuf(ridx: 0, widx: 62, cap: 62/62, unwrapped: PooledUnsafeDirectByteBuf(ridx: 176, widx: 176, cap: 480)), decoderResult: success)'
22:01:31.926 [TRACE] i.g.h.e.r.DefaultStatsProcessor - 
>>>>>>>>>>>>>>>>>>>>>>>>>>
Request:
upload-file: OK 
=========================
Session:
Session(Acceptance test,124,1580331681051,Map(gatling.http.ssl.sslContexts -> SslContexts(io.netty.handler.ssl.JdkSslContext@3dbd90c3,None), gatling.http.cache.dns -> io.gatling.http.cache.DnsCacheSupport$$anon$1@5898ac4b, gatling.http.cache.baseUrl -> http://localhost:8080),19,OK,List(),io.gatling.core.protocol.ProtocolComponentsRegistry$$Lambda$598/0x000000084055d840@452b12e)
=========================
HTTP request:
POST http://localhost:8080/files/upload
headers=
Accept: */*
Accept-Language: en-US,en;q=0.8,nl;q=0.6
User-Agent: Mozilla/5.0 (Windows NT 6.1; WOW64) AppleWebKit/537.36 (KHTML, like Gecko) Chrome/38.0.2125.111 Safari/537.36
accept-encoding: gzip,deflate,sdch
host: localhost:8080
content-type: multipart/form-data; boundary=LW56dyyfvOB0gYLIQqMEmueq0gyMzoQZj1d
content-length: 220
multipartBody=
ByteArrayPart: name=upload contentType=text/plain dispositionType=null charset=UTF-8 transferEncoding=null contentId=null filename=gatling-upload.txt
=========================
HTTP response:
status=
200 
headers= 
Content-Type: text/plain;charset=UTF-8
Content-Length: 62
Date: Wed, 29 Jan 2020 21:01:31 GMT

body=
File upload succeeded [gatling-upload.txt] of size [17] bytes.
<<<<<<<<<<<<<<<<<<<<<<<<<
22:01:31.926 [DEBUG] i.g.c.a.Exit - End user #124
22:01:31.927 [DEBUG] i.g.c.c.i.Injector - End user #124
22:01:32.052 [DEBUG] i.g.h.e.t.HttpTxExecutor - Sending request=simple_cpu_burn uri=http://localhost:8080/cpu/magic-identity-check?matrixSize=133: scenario=Acceptance test, userId=146
22:01:32.052 [DEBUG] i.g.c.c.i.o.OpenWorkload - Start user #146
22:01:32.054 [DEBUG] i.g.h.c.i.HttpAppHandler - Write request WritableRequest{request=DefaultFullHttpRequest(decodeResult: success, version: HTTP/1.1, content: UnpooledByteBufAllocator$InstrumentedUnpooledUnsafeHeapByteBuf(ridx: 0, widx: 0, cap: 0))
GET /cpu/magic-identity-check?matrixSize=133 HTTP/1.1
Accept: */*
Content-Type: application/json;charset=UTF-8
Accept-Language: en-US,en;q=0.8,nl;q=0.6
User-Agent: Mozilla/5.0 (Windows NT 6.1; WOW64) AppleWebKit/537.36 (KHTML, like Gecko) Chrome/38.0.2125.111 Safari/537.36
accept-encoding: gzip,deflate,sdch
host: localhost:8080, content=null}
22:01:32.065 [DEBUG] i.g.h.c.i.HttpAppHandler - Read msg='DefaultHttpResponse(decodeResult: success, version: HTTP/1.1)
HTTP/1.1 200 
Content-Type: application/json;charset=UTF-8
Transfer-Encoding: chunked
Date: Wed, 29 Jan 2020 21:01:31 GMT'
22:01:32.065 [DEBUG] i.g.h.c.i.HttpAppHandler - Read msg='DefaultHttpContent(data: PooledSlicedByteBuf(ridx: 0, widx: 170, cap: 170/170, unwrapped: PooledUnsafeDirectByteBuf(ridx: 304, widx: 309, cap: 1024)), decoderResult: success)'
22:01:32.065 [DEBUG] i.g.h.c.i.HttpAppHandler - Read msg='EmptyLastHttpContent'
22:01:32.065 [TRACE] i.g.h.e.r.DefaultStatsProcessor - 
>>>>>>>>>>>>>>>>>>>>>>>>>>
Request:
simple_cpu_burn: OK 
=========================
Session:
Session(Acceptance test,146,1580331692052,Map(gatling.http.ssl.sslContexts -> SslContexts(io.netty.handler.ssl.JdkSslContext@1de1cb94,None), gatling.http.cache.dns -> io.gatling.http.cache.DnsCacheSupport$$anon$1@5898ac4b, gatling.http.cache.baseUrl -> http://localhost:8080),0,OK,List(),io.gatling.core.protocol.ProtocolComponentsRegistry$$Lambda$598/0x000000084055d840@452b12e)
=========================
HTTP request:
GET http://localhost:8080/cpu/magic-identity-check?matrixSize=133
headers=
Accept: */*
Content-Type: application/json;charset=UTF-8
Accept-Language: en-US,en;q=0.8,nl;q=0.6
User-Agent: Mozilla/5.0 (Windows NT 6.1; WOW64) AppleWebKit/537.36 (KHTML, like Gecko) Chrome/38.0.2125.111 Safari/537.36
accept-encoding: gzip,deflate,sdch
host: localhost:8080
=========================
HTTP response:
status=
200 
headers= 
Content-Type: application/json;charset=UTF-8
Transfer-Encoding: chunked
Date: Wed, 29 Jan 2020 21:01:31 GMT

body=
{"message":"A simple magic square multiplied by an identity square of size [133] [is equal] to the magic square.","name":"Simple-PropertiesFileName","durationInMillis":9}
<<<<<<<<<<<<<<<<<<<<<<<<<
22:01:32.066 [DEBUG] i.g.c.a.Pause - Pausing for 2070ms (real=2070ms)
22:01:32.081 [DEBUG] i.g.h.e.t.HttpTxExecutor - Sending request=simple_mini_leak uri=http://localhost:8080/memory/grow?objects=8&items=54: scenario=Acceptance test, userId=136
22:01:32.082 [DEBUG] i.g.h.c.i.HttpAppHandler - Write request WritableRequest{request=DefaultFullHttpRequest(decodeResult: success, version: HTTP/1.1, content: UnpooledByteBufAllocator$InstrumentedUnpooledUnsafeHeapByteBuf(ridx: 0, widx: 0, cap: 0))
GET /memory/grow?objects=8&items=54 HTTP/1.1
Accept: */*
Content-Type: application/json;charset=UTF-8
Accept-Language: en-US,en;q=0.8,nl;q=0.6
User-Agent: Mozilla/5.0 (Windows NT 6.1; WOW64) AppleWebKit/537.36 (KHTML, like Gecko) Chrome/38.0.2125.111 Safari/537.36
accept-encoding: gzip,deflate,sdch
host: localhost:8080, content=null}
22:01:32.088 [DEBUG] i.g.h.c.i.HttpAppHandler - Read msg='DefaultHttpResponse(decodeResult: success, version: HTTP/1.1)
HTTP/1.1 200 
Content-Type: application/json;charset=UTF-8
Transfer-Encoding: chunked
Date: Wed, 29 Jan 2020 21:01:31 GMT'
22:01:32.088 [DEBUG] i.g.h.c.i.HttpAppHandler - Read msg='DefaultHttpContent(data: PooledSlicedByteBuf(ridx: 0, widx: 144, cap: 144/144, unwrapped: PooledUnsafeDirectByteBuf(ridx: 278, widx: 283, cap: 512)), decoderResult: success)'
22:01:32.088 [DEBUG] i.g.h.c.i.HttpAppHandler - Read msg='EmptyLastHttpContent'
22:01:32.088 [TRACE] i.g.h.e.r.DefaultStatsProcessor - 
>>>>>>>>>>>>>>>>>>>>>>>>>>
Request:
simple_mini_leak: OK 
=========================
Session:
Session(Acceptance test,136,1580331687052,Map(gatling.http.ssl.sslContexts -> SslContexts(io.netty.handler.ssl.JdkSslContext@7a6158da,None), gatling.http.cache.dns -> io.gatling.http.cache.DnsCacheSupport$$anon$1@5898ac4b, gatling.http.cache.baseUrl -> http://localhost:8080),16,OK,List(),io.gatling.core.protocol.ProtocolComponentsRegistry$$Lambda$598/0x000000084055d840@452b12e)
=========================
HTTP request:
GET http://localhost:8080/memory/grow?objects=8&items=54
headers=
Accept: */*
Content-Type: application/json;charset=UTF-8
Accept-Language: en-US,en;q=0.8,nl;q=0.6
User-Agent: Mozilla/5.0 (Windows NT 6.1; WOW64) AppleWebKit/537.36 (KHTML, like Gecko) Chrome/38.0.2125.111 Safari/537.36
accept-encoding: gzip,deflate,sdch
host: localhost:8080
=========================
HTTP response:
status=
200 
headers= 
Content-Type: application/json;charset=UTF-8
Transfer-Encoding: chunked
Date: Wed, 29 Jan 2020 21:01:31 GMT

body=
{"message":"Size of BigFatBastard list is now 12104 objects. It contains 653616 items.","name":"Simple-PropertiesFileName","durationInMillis":4}
<<<<<<<<<<<<<<<<<<<<<<<<<
22:01:32.088 [DEBUG] i.g.c.a.Pause - Pausing for 2614ms (real=2598ms)
22:01:32.092 [DEBUG] i.g.h.e.t.HttpTxExecutor - Sending request=upload-file uri=http://localhost:8080/files/upload: scenario=Acceptance test, userId=126
22:01:32.092 [DEBUG] i.g.h.c.i.HttpAppHandler - Write request WritableRequest{request=DefaultHttpRequest(decodeResult: success, version: HTTP/1.1)
POST /files/upload HTTP/1.1
Accept: */*
Accept-Language: en-US,en;q=0.8,nl;q=0.6
User-Agent: Mozilla/5.0 (Windows NT 6.1; WOW64) AppleWebKit/537.36 (KHTML, like Gecko) Chrome/38.0.2125.111 Safari/537.36
accept-encoding: gzip,deflate,sdch
host: localhost:8080
content-type: multipart/form-data; boundary=RQn20tVkpQNKKiPdDs2VWo1YRt_9T2MQknD
content-length: 220, content=io.gatling.http.client.body.multipart.impl.MultipartFileRegion@34ebd975}
22:01:32.094 [DEBUG] i.g.h.c.i.HttpAppHandler - Read msg='DefaultHttpResponse(decodeResult: success, version: HTTP/1.1)
HTTP/1.1 200 
Content-Type: text/plain;charset=UTF-8
Content-Length: 62
Date: Wed, 29 Jan 2020 21:01:31 GMT'
22:01:32.094 [DEBUG] i.g.h.c.i.HttpAppHandler - Read msg='DefaultLastHttpContent(data: PooledSlicedByteBuf(ridx: 0, widx: 62, cap: 62/62, unwrapped: PooledUnsafeDirectByteBuf(ridx: 176, widx: 176, cap: 512)), decoderResult: success)'
22:01:32.094 [TRACE] i.g.h.e.r.DefaultStatsProcessor - 
>>>>>>>>>>>>>>>>>>>>>>>>>>
Request:
upload-file: OK 
=========================
Session:
Session(Acceptance test,126,1580331682051,Map(gatling.http.ssl.sslContexts -> SslContexts(io.netty.handler.ssl.JdkSslContext@4337c8d6,None), gatling.http.cache.dns -> io.gatling.http.cache.DnsCacheSupport$$anon$1@5898ac4b, gatling.http.cache.baseUrl -> http://localhost:8080),12,OK,List(),io.gatling.core.protocol.ProtocolComponentsRegistry$$Lambda$598/0x000000084055d840@452b12e)
=========================
HTTP request:
POST http://localhost:8080/files/upload
headers=
Accept: */*
Accept-Language: en-US,en;q=0.8,nl;q=0.6
User-Agent: Mozilla/5.0 (Windows NT 6.1; WOW64) AppleWebKit/537.36 (KHTML, like Gecko) Chrome/38.0.2125.111 Safari/537.36
accept-encoding: gzip,deflate,sdch
host: localhost:8080
content-type: multipart/form-data; boundary=RQn20tVkpQNKKiPdDs2VWo1YRt_9T2MQknD
content-length: 220
multipartBody=
ByteArrayPart: name=upload contentType=text/plain dispositionType=null charset=UTF-8 transferEncoding=null contentId=null filename=gatling-upload.txt
=========================
HTTP response:
status=
200 
headers= 
Content-Type: text/plain;charset=UTF-8
Content-Length: 62
Date: Wed, 29 Jan 2020 21:01:31 GMT

body=
File upload succeeded [gatling-upload.txt] of size [17] bytes.
<<<<<<<<<<<<<<<<<<<<<<<<<
22:01:32.094 [DEBUG] i.g.c.a.Exit - End user #126
22:01:32.094 [DEBUG] i.g.c.c.i.Injector - End user #126
22:01:32.472 [DEBUG] i.g.h.e.t.HttpTxExecutor - Sending request=simple_delay uri=http://localhost:8080/delay?duration=555: scenario=Acceptance test, userId=142
22:01:32.472 [DEBUG] i.g.h.c.i.HttpAppHandler - Write request WritableRequest{request=DefaultFullHttpRequest(decodeResult: success, version: HTTP/1.1, content: UnpooledByteBufAllocator$InstrumentedUnpooledUnsafeHeapByteBuf(ridx: 0, widx: 0, cap: 0))
GET /delay?duration=555 HTTP/1.1
Accept: */*
Content-Type: application/json;charset=UTF-8
Accept-Language: en-US,en;q=0.8,nl;q=0.6
User-Agent: Mozilla/5.0 (Windows NT 6.1; WOW64) AppleWebKit/537.36 (KHTML, like Gecko) Chrome/38.0.2125.111 Safari/537.36
accept-encoding: gzip,deflate,sdch
host: localhost:8080, content=null}
22:01:32.512 [DEBUG] i.g.h.e.t.HttpTxExecutor - Sending request=simple_delay uri=http://localhost:8080/delay?duration=555: scenario=Acceptance test, userId=145
22:01:32.512 [DEBUG] i.g.h.c.i.HttpAppHandler - Write request WritableRequest{request=DefaultFullHttpRequest(decodeResult: success, version: HTTP/1.1, content: UnpooledByteBufAllocator$InstrumentedUnpooledUnsafeHeapByteBuf(ridx: 0, widx: 0, cap: 0))
GET /delay?duration=555 HTTP/1.1
Accept: */*
Content-Type: application/json;charset=UTF-8
Accept-Language: en-US,en;q=0.8,nl;q=0.6
User-Agent: Mozilla/5.0 (Windows NT 6.1; WOW64) AppleWebKit/537.36 (KHTML, like Gecko) Chrome/38.0.2125.111 Safari/537.36
accept-encoding: gzip,deflate,sdch
host: localhost:8080, content=null}
22:01:32.552 [DEBUG] i.g.c.c.i.o.OpenWorkload - Injecting 2 users in scenario Acceptance test, continue=true
22:01:32.552 [DEBUG] i.g.h.e.t.HttpTxExecutor - Sending request=simple_cpu_burn uri=http://localhost:8080/cpu/magic-identity-check?matrixSize=133: scenario=Acceptance test, userId=147
22:01:32.552 [DEBUG] i.g.c.c.i.o.OpenWorkload - Start user #147
22:01:32.553 [DEBUG] i.g.h.c.i.HttpAppHandler - Write request WritableRequest{request=DefaultFullHttpRequest(decodeResult: success, version: HTTP/1.1, content: UnpooledByteBufAllocator$InstrumentedUnpooledUnsafeHeapByteBuf(ridx: 0, widx: 0, cap: 0))
GET /cpu/magic-identity-check?matrixSize=133 HTTP/1.1
Accept: */*
Content-Type: application/json;charset=UTF-8
Accept-Language: en-US,en;q=0.8,nl;q=0.6
User-Agent: Mozilla/5.0 (Windows NT 6.1; WOW64) AppleWebKit/537.36 (KHTML, like Gecko) Chrome/38.0.2125.111 Safari/537.36
accept-encoding: gzip,deflate,sdch
host: localhost:8080, content=null}
22:01:32.560 [DEBUG] i.g.h.c.i.HttpAppHandler - Read msg='DefaultHttpResponse(decodeResult: success, version: HTTP/1.1)
HTTP/1.1 200 
Content-Type: application/json;charset=UTF-8
Transfer-Encoding: chunked
Date: Wed, 29 Jan 2020 21:01:31 GMT'
22:01:32.560 [DEBUG] i.g.h.c.i.HttpAppHandler - Read msg='DefaultHttpContent(data: PooledSlicedByteBuf(ridx: 0, widx: 170, cap: 170/170, unwrapped: PooledUnsafeDirectByteBuf(ridx: 304, widx: 309, cap: 1024)), decoderResult: success)'
22:01:32.560 [DEBUG] i.g.h.c.i.HttpAppHandler - Read msg='EmptyLastHttpContent'
22:01:32.560 [TRACE] i.g.h.e.r.DefaultStatsProcessor - 
>>>>>>>>>>>>>>>>>>>>>>>>>>
Request:
simple_cpu_burn: OK 
=========================
Session:
Session(Acceptance test,147,1580331692551,Map(gatling.http.ssl.sslContexts -> SslContexts(io.netty.handler.ssl.JdkSslContext@2556a11e,None), gatling.http.cache.dns -> io.gatling.http.cache.DnsCacheSupport$$anon$1@5898ac4b, gatling.http.cache.baseUrl -> http://localhost:8080),0,OK,List(),io.gatling.core.protocol.ProtocolComponentsRegistry$$Lambda$598/0x000000084055d840@452b12e)
=========================
HTTP request:
GET http://localhost:8080/cpu/magic-identity-check?matrixSize=133
headers=
Accept: */*
Content-Type: application/json;charset=UTF-8
Accept-Language: en-US,en;q=0.8,nl;q=0.6
User-Agent: Mozilla/5.0 (Windows NT 6.1; WOW64) AppleWebKit/537.36 (KHTML, like Gecko) Chrome/38.0.2125.111 Safari/537.36
accept-encoding: gzip,deflate,sdch
host: localhost:8080
=========================
HTTP response:
status=
200 
headers= 
Content-Type: application/json;charset=UTF-8
Transfer-Encoding: chunked
Date: Wed, 29 Jan 2020 21:01:31 GMT

body=
{"message":"A simple magic square multiplied by an identity square of size [133] [is equal] to the magic square.","name":"Simple-PropertiesFileName","durationInMillis":5}
<<<<<<<<<<<<<<<<<<<<<<<<<
22:01:32.560 [DEBUG] i.g.c.a.Pause - Pausing for 1535ms (real=1535ms)
22:01:33.029 [DEBUG] i.g.h.c.i.HttpAppHandler - Read msg='DefaultHttpResponse(decodeResult: success, version: HTTP/1.1)
HTTP/1.1 200 
Content-Type: application/json;charset=UTF-8
Transfer-Encoding: chunked
Date: Wed, 29 Jan 2020 21:01:33 GMT'
22:01:33.029 [DEBUG] i.g.h.c.i.HttpAppHandler - Read msg='DefaultHttpContent(data: PooledSlicedByteBuf(ridx: 0, widx: 95, cap: 95/95, unwrapped: PooledUnsafeDirectByteBuf(ridx: 229, widx: 229, cap: 512)), decoderResult: success)'
22:01:33.029 [DEBUG] i.g.h.c.i.HttpAppHandler - Read msg='EmptyLastHttpContent'
22:01:33.030 [TRACE] i.g.h.e.r.DefaultStatsProcessor - 
>>>>>>>>>>>>>>>>>>>>>>>>>>
Request:
simple_delay: OK 
=========================
Session:
Session(Acceptance test,142,1580331690052,Map(gatling.http.ssl.sslContexts -> SslContexts(io.netty.handler.ssl.JdkSslContext@5d07375e,None), gatling.http.cache.dns -> io.gatling.http.cache.DnsCacheSupport$$anon$1@5898ac4b, gatling.http.cache.baseUrl -> http://localhost:8080),20,OK,List(),io.gatling.core.protocol.ProtocolComponentsRegistry$$Lambda$598/0x000000084055d840@452b12e)
=========================
HTTP request:
GET http://localhost:8080/delay?duration=555
headers=
Accept: */*
Content-Type: application/json;charset=UTF-8
Accept-Language: en-US,en;q=0.8,nl;q=0.6
User-Agent: Mozilla/5.0 (Windows NT 6.1; WOW64) AppleWebKit/537.36 (KHTML, like Gecko) Chrome/38.0.2125.111 Safari/537.36
accept-encoding: gzip,deflate,sdch
host: localhost:8080
=========================
HTTP response:
status=
200 
headers= 
Content-Type: application/json;charset=UTF-8
Transfer-Encoding: chunked
Date: Wed, 29 Jan 2020 21:01:33 GMT

body=
{"message":"This was a delay of 555","name":"Simple-PropertiesFileName","durationInMillis":555}
<<<<<<<<<<<<<<<<<<<<<<<<<
22:01:33.030 [DEBUG] i.g.c.a.Pause - Pausing for 8060ms (real=8039ms)
22:01:33.052 [DEBUG] i.g.h.e.t.HttpTxExecutor - Sending request=simple_cpu_burn uri=http://localhost:8080/cpu/magic-identity-check?matrixSize=133: scenario=Acceptance test, userId=148
22:01:33.053 [DEBUG] i.g.c.c.i.o.OpenWorkload - Start user #148
22:01:33.054 [DEBUG] i.g.h.c.i.HttpAppHandler - Write request WritableRequest{request=DefaultFullHttpRequest(decodeResult: success, version: HTTP/1.1, content: UnpooledByteBufAllocator$InstrumentedUnpooledUnsafeHeapByteBuf(ridx: 0, widx: 0, cap: 0))
GET /cpu/magic-identity-check?matrixSize=133 HTTP/1.1
Accept: */*
Content-Type: application/json;charset=UTF-8
Accept-Language: en-US,en;q=0.8,nl;q=0.6
User-Agent: Mozilla/5.0 (Windows NT 6.1; WOW64) AppleWebKit/537.36 (KHTML, like Gecko) Chrome/38.0.2125.111 Safari/537.36
accept-encoding: gzip,deflate,sdch
host: localhost:8080, content=null}
22:01:33.065 [DEBUG] i.g.h.c.i.HttpAppHandler - Read msg='DefaultHttpResponse(decodeResult: success, version: HTTP/1.1)
HTTP/1.1 200 
Content-Type: application/json;charset=UTF-8
Transfer-Encoding: chunked
Date: Wed, 29 Jan 2020 21:01:33 GMT'
22:01:33.065 [DEBUG] i.g.h.c.i.HttpAppHandler - Read msg='DefaultHttpContent(data: PooledSlicedByteBuf(ridx: 0, widx: 170, cap: 170/170, unwrapped: PooledUnsafeDirectByteBuf(ridx: 304, widx: 309, cap: 1024)), decoderResult: success)'
22:01:33.065 [DEBUG] i.g.h.c.i.HttpAppHandler - Read msg='EmptyLastHttpContent'
22:01:33.065 [TRACE] i.g.h.e.r.DefaultStatsProcessor - 
>>>>>>>>>>>>>>>>>>>>>>>>>>
Request:
simple_cpu_burn: OK 
=========================
Session:
Session(Acceptance test,148,1580331693052,Map(gatling.http.ssl.sslContexts -> SslContexts(io.netty.handler.ssl.JdkSslContext@534be2ea,None), gatling.http.cache.dns -> io.gatling.http.cache.DnsCacheSupport$$anon$1@5898ac4b, gatling.http.cache.baseUrl -> http://localhost:8080),0,OK,List(),io.gatling.core.protocol.ProtocolComponentsRegistry$$Lambda$598/0x000000084055d840@452b12e)
=========================
HTTP request:
GET http://localhost:8080/cpu/magic-identity-check?matrixSize=133
headers=
Accept: */*
Content-Type: application/json;charset=UTF-8
Accept-Language: en-US,en;q=0.8,nl;q=0.6
User-Agent: Mozilla/5.0 (Windows NT 6.1; WOW64) AppleWebKit/537.36 (KHTML, like Gecko) Chrome/38.0.2125.111 Safari/537.36
accept-encoding: gzip,deflate,sdch
host: localhost:8080
=========================
HTTP response:
status=
200 
headers= 
Content-Type: application/json;charset=UTF-8
Transfer-Encoding: chunked
Date: Wed, 29 Jan 2020 21:01:33 GMT

body=
{"message":"A simple magic square multiplied by an identity square of size [133] [is equal] to the magic square.","name":"Simple-PropertiesFileName","durationInMillis":9}
<<<<<<<<<<<<<<<<<<<<<<<<<
22:01:33.066 [DEBUG] i.g.c.a.Pause - Pausing for 3580ms (real=3580ms)
22:01:33.069 [DEBUG] i.g.h.c.i.HttpAppHandler - Read msg='DefaultHttpResponse(decodeResult: success, version: HTTP/1.1)
HTTP/1.1 200 
Content-Type: application/json;charset=UTF-8
Transfer-Encoding: chunked
Date: Wed, 29 Jan 2020 21:01:33 GMT'
22:01:33.070 [DEBUG] i.g.h.c.i.HttpAppHandler - Read msg='DefaultHttpContent(data: PooledSlicedByteBuf(ridx: 0, widx: 95, cap: 95/95, unwrapped: PooledUnsafeDirectByteBuf(ridx: 229, widx: 229, cap: 1024)), decoderResult: success)'
22:01:33.070 [DEBUG] i.g.h.c.i.HttpAppHandler - Read msg='EmptyLastHttpContent'
22:01:33.070 [TRACE] i.g.h.e.r.DefaultStatsProcessor - 
>>>>>>>>>>>>>>>>>>>>>>>>>>
Request:
simple_delay: OK 
=========================
Session:
Session(Acceptance test,145,1580331691551,Map(gatling.http.ssl.sslContexts -> SslContexts(io.netty.handler.ssl.JdkSslContext@3a23f14b,None), gatling.http.cache.dns -> io.gatling.http.cache.DnsCacheSupport$$anon$1@5898ac4b, gatling.http.cache.baseUrl -> http://localhost:8080),21,OK,List(),io.gatling.core.protocol.ProtocolComponentsRegistry$$Lambda$598/0x000000084055d840@452b12e)
=========================
HTTP request:
GET http://localhost:8080/delay?duration=555
headers=
Accept: */*
Content-Type: application/json;charset=UTF-8
Accept-Language: en-US,en;q=0.8,nl;q=0.6
User-Agent: Mozilla/5.0 (Windows NT 6.1; WOW64) AppleWebKit/537.36 (KHTML, like Gecko) Chrome/38.0.2125.111 Safari/537.36
accept-encoding: gzip,deflate,sdch
host: localhost:8080
=========================
HTTP response:
status=
200 
headers= 
Content-Type: application/json;charset=UTF-8
Transfer-Encoding: chunked
Date: Wed, 29 Jan 2020 21:01:33 GMT

body=
{"message":"This was a delay of 555","name":"Simple-PropertiesFileName","durationInMillis":555}
<<<<<<<<<<<<<<<<<<<<<<<<<
22:01:33.070 [DEBUG] i.g.c.a.Pause - Pausing for 3752ms (real=3731ms)
22:01:33.202 [DEBUG] i.g.h.e.t.HttpTxExecutor - Sending request=simple_mini_leak uri=http://localhost:8080/memory/grow?objects=8&items=54: scenario=Acceptance test, userId=130
22:01:33.202 [DEBUG] i.g.h.c.i.HttpAppHandler - Write request WritableRequest{request=DefaultFullHttpRequest(decodeResult: success, version: HTTP/1.1, content: UnpooledByteBufAllocator$InstrumentedUnpooledUnsafeHeapByteBuf(ridx: 0, widx: 0, cap: 0))
GET /memory/grow?objects=8&items=54 HTTP/1.1
Accept: */*
Content-Type: application/json;charset=UTF-8
Accept-Language: en-US,en;q=0.8,nl;q=0.6
User-Agent: Mozilla/5.0 (Windows NT 6.1; WOW64) AppleWebKit/537.36 (KHTML, like Gecko) Chrome/38.0.2125.111 Safari/537.36
accept-encoding: gzip,deflate,sdch
host: localhost:8080, content=null}
22:01:33.209 [DEBUG] i.g.h.c.i.HttpAppHandler - Read msg='DefaultHttpResponse(decodeResult: success, version: HTTP/1.1)
HTTP/1.1 200 
Content-Type: application/json;charset=UTF-8
Transfer-Encoding: chunked
Date: Wed, 29 Jan 2020 21:01:33 GMT'
22:01:33.209 [DEBUG] i.g.h.c.i.HttpAppHandler - Read msg='DefaultHttpContent(data: PooledSlicedByteBuf(ridx: 0, widx: 144, cap: 144/144, unwrapped: PooledUnsafeDirectByteBuf(ridx: 278, widx: 283, cap: 512)), decoderResult: success)'
22:01:33.210 [DEBUG] i.g.h.c.i.HttpAppHandler - Read msg='EmptyLastHttpContent'
22:01:33.210 [TRACE] i.g.h.e.r.DefaultStatsProcessor - 
>>>>>>>>>>>>>>>>>>>>>>>>>>
Request:
simple_mini_leak: OK 
=========================
Session:
Session(Acceptance test,130,1580331684051,Map(gatling.http.ssl.sslContexts -> SslContexts(io.netty.handler.ssl.JdkSslContext@7b64de2d,None), gatling.http.cache.dns -> io.gatling.http.cache.DnsCacheSupport$$anon$1@5898ac4b, gatling.http.cache.baseUrl -> http://localhost:8080),18,OK,List(),io.gatling.core.protocol.ProtocolComponentsRegistry$$Lambda$598/0x000000084055d840@452b12e)
=========================
HTTP request:
GET http://localhost:8080/memory/grow?objects=8&items=54
headers=
Accept: */*
Content-Type: application/json;charset=UTF-8
Accept-Language: en-US,en;q=0.8,nl;q=0.6
User-Agent: Mozilla/5.0 (Windows NT 6.1; WOW64) AppleWebKit/537.36 (KHTML, like Gecko) Chrome/38.0.2125.111 Safari/537.36
accept-encoding: gzip,deflate,sdch
host: localhost:8080
=========================
HTTP response:
status=
200 
headers= 
Content-Type: application/json;charset=UTF-8
Transfer-Encoding: chunked
Date: Wed, 29 Jan 2020 21:01:33 GMT

body=
{"message":"Size of BigFatBastard list is now 12112 objects. It contains 654048 items.","name":"Simple-PropertiesFileName","durationInMillis":5}
<<<<<<<<<<<<<<<<<<<<<<<<<
22:01:33.210 [DEBUG] i.g.c.a.Pause - Pausing for 2505ms (real=2487ms)
22:01:33.552 [DEBUG] i.g.c.c.i.o.OpenWorkload - Injecting 2 users in scenario Acceptance test, continue=true
22:01:33.552 [DEBUG] i.g.h.e.t.HttpTxExecutor - Sending request=simple_cpu_burn uri=http://localhost:8080/cpu/magic-identity-check?matrixSize=133: scenario=Acceptance test, userId=149
22:01:33.552 [DEBUG] i.g.c.c.i.o.OpenWorkload - Start user #149
22:01:33.553 [DEBUG] i.g.h.c.i.HttpAppHandler - Write request WritableRequest{request=DefaultFullHttpRequest(decodeResult: success, version: HTTP/1.1, content: UnpooledByteBufAllocator$InstrumentedUnpooledUnsafeHeapByteBuf(ridx: 0, widx: 0, cap: 0))
GET /cpu/magic-identity-check?matrixSize=133 HTTP/1.1
Accept: */*
Content-Type: application/json;charset=UTF-8
Accept-Language: en-US,en;q=0.8,nl;q=0.6
User-Agent: Mozilla/5.0 (Windows NT 6.1; WOW64) AppleWebKit/537.36 (KHTML, like Gecko) Chrome/38.0.2125.111 Safari/537.36
accept-encoding: gzip,deflate,sdch
host: localhost:8080, content=null}
22:01:33.563 [DEBUG] i.g.h.c.i.HttpAppHandler - Read msg='DefaultHttpResponse(decodeResult: success, version: HTTP/1.1)
HTTP/1.1 200 
Content-Type: application/json;charset=UTF-8
Transfer-Encoding: chunked
Date: Wed, 29 Jan 2020 21:01:33 GMT'
22:01:33.564 [DEBUG] i.g.h.c.i.HttpAppHandler - Read msg='DefaultHttpContent(data: PooledSlicedByteBuf(ridx: 0, widx: 170, cap: 170/170, unwrapped: PooledUnsafeDirectByteBuf(ridx: 304, widx: 309, cap: 1024)), decoderResult: success)'
22:01:33.564 [DEBUG] i.g.h.c.i.HttpAppHandler - Read msg='EmptyLastHttpContent'
22:01:33.564 [TRACE] i.g.h.e.r.DefaultStatsProcessor - 
>>>>>>>>>>>>>>>>>>>>>>>>>>
Request:
simple_cpu_burn: OK 
=========================
Session:
Session(Acceptance test,149,1580331693552,Map(gatling.http.ssl.sslContexts -> SslContexts(io.netty.handler.ssl.JdkSslContext@6bf7c81f,None), gatling.http.cache.dns -> io.gatling.http.cache.DnsCacheSupport$$anon$1@5898ac4b, gatling.http.cache.baseUrl -> http://localhost:8080),0,OK,List(),io.gatling.core.protocol.ProtocolComponentsRegistry$$Lambda$598/0x000000084055d840@452b12e)
=========================
HTTP request:
GET http://localhost:8080/cpu/magic-identity-check?matrixSize=133
headers=
Accept: */*
Content-Type: application/json;charset=UTF-8
Accept-Language: en-US,en;q=0.8,nl;q=0.6
User-Agent: Mozilla/5.0 (Windows NT 6.1; WOW64) AppleWebKit/537.36 (KHTML, like Gecko) Chrome/38.0.2125.111 Safari/537.36
accept-encoding: gzip,deflate,sdch
host: localhost:8080
=========================
HTTP response:
status=
200 
headers= 
Content-Type: application/json;charset=UTF-8
Transfer-Encoding: chunked
Date: Wed, 29 Jan 2020 21:01:33 GMT

body=
{"message":"A simple magic square multiplied by an identity square of size [133] [is equal] to the magic square.","name":"Simple-PropertiesFileName","durationInMillis":8}
<<<<<<<<<<<<<<<<<<<<<<<<<
22:01:33.564 [DEBUG] i.g.c.a.Pause - Pausing for 1469ms (real=1469ms)
22:01:33.772 [DEBUG] i.g.h.e.t.HttpTxExecutor - Sending request=simple_delay uri=http://localhost:8080/delay?duration=555: scenario=Acceptance test, userId=141
22:01:33.772 [DEBUG] i.g.h.c.i.HttpAppHandler - Write request WritableRequest{request=DefaultFullHttpRequest(decodeResult: success, version: HTTP/1.1, content: UnpooledByteBufAllocator$InstrumentedUnpooledUnsafeHeapByteBuf(ridx: 0, widx: 0, cap: 0))
GET /delay?duration=555 HTTP/1.1
Accept: */*
Content-Type: application/json;charset=UTF-8
Accept-Language: en-US,en;q=0.8,nl;q=0.6
User-Agent: Mozilla/5.0 (Windows NT 6.1; WOW64) AppleWebKit/537.36 (KHTML, like Gecko) Chrome/38.0.2125.111 Safari/537.36
accept-encoding: gzip,deflate,sdch
host: localhost:8080, content=null}
22:01:33.832 [DEBUG] i.g.h.e.t.HttpTxExecutor - Sending request=upload-file uri=http://localhost:8080/files/upload: scenario=Acceptance test, userId=113
22:01:33.833 [DEBUG] i.g.h.c.i.HttpAppHandler - Write request WritableRequest{request=DefaultHttpRequest(decodeResult: success, version: HTTP/1.1)
POST /files/upload HTTP/1.1
Accept: */*
Accept-Language: en-US,en;q=0.8,nl;q=0.6
User-Agent: Mozilla/5.0 (Windows NT 6.1; WOW64) AppleWebKit/537.36 (KHTML, like Gecko) Chrome/38.0.2125.111 Safari/537.36
accept-encoding: gzip,deflate,sdch
host: localhost:8080
content-type: multipart/form-data; boundary=so6rs78B3gxxUPuL3UMH0txWQlIND8GYd7M
content-length: 220, content=io.gatling.http.client.body.multipart.impl.MultipartFileRegion@5539ff9}
22:01:33.836 [DEBUG] i.g.h.c.i.HttpAppHandler - Read msg='DefaultHttpResponse(decodeResult: success, version: HTTP/1.1)
HTTP/1.1 200 
Content-Type: text/plain;charset=UTF-8
Content-Length: 62
Date: Wed, 29 Jan 2020 21:01:33 GMT'
22:01:33.837 [DEBUG] i.g.h.c.i.HttpAppHandler - Read msg='DefaultLastHttpContent(data: PooledSlicedByteBuf(ridx: 0, widx: 62, cap: 62/62, unwrapped: PooledUnsafeDirectByteBuf(ridx: 176, widx: 176, cap: 496)), decoderResult: success)'
22:01:33.837 [TRACE] i.g.h.e.r.DefaultStatsProcessor - 
>>>>>>>>>>>>>>>>>>>>>>>>>>
Request:
upload-file: OK 
=========================
Session:
Session(Acceptance test,113,1580331675552,Map(gatling.http.ssl.sslContexts -> SslContexts(io.netty.handler.ssl.JdkSslContext@7d8a578d,None), gatling.http.cache.dns -> io.gatling.http.cache.DnsCacheSupport$$anon$1@5898ac4b, gatling.http.cache.baseUrl -> http://localhost:8080),15,OK,List(),io.gatling.core.protocol.ProtocolComponentsRegistry$$Lambda$598/0x000000084055d840@452b12e)
=========================
HTTP request:
POST http://localhost:8080/files/upload
headers=
Accept: */*
Accept-Language: en-US,en;q=0.8,nl;q=0.6
User-Agent: Mozilla/5.0 (Windows NT 6.1; WOW64) AppleWebKit/537.36 (KHTML, like Gecko) Chrome/38.0.2125.111 Safari/537.36
accept-encoding: gzip,deflate,sdch
host: localhost:8080
content-type: multipart/form-data; boundary=so6rs78B3gxxUPuL3UMH0txWQlIND8GYd7M
content-length: 220
multipartBody=
ByteArrayPart: name=upload contentType=text/plain dispositionType=null charset=UTF-8 transferEncoding=null contentId=null filename=gatling-upload.txt
=========================
HTTP response:
status=
200 
headers= 
Content-Type: text/plain;charset=UTF-8
Content-Length: 62
Date: Wed, 29 Jan 2020 21:01:33 GMT

body=
File upload succeeded [gatling-upload.txt] of size [17] bytes.
<<<<<<<<<<<<<<<<<<<<<<<<<
22:01:33.837 [DEBUG] i.g.c.a.Exit - End user #113
22:01:33.838 [DEBUG] i.g.c.c.i.Injector - End user #113
22:01:33.951 [DEBUG] i.g.h.e.t.HttpTxExecutor - Sending request=simple_delay uri=http://localhost:8080/delay?duration=555: scenario=Acceptance test, userId=138
22:01:33.952 [DEBUG] i.g.h.c.i.HttpAppHandler - Write request WritableRequest{request=DefaultFullHttpRequest(decodeResult: success, version: HTTP/1.1, content: UnpooledByteBufAllocator$InstrumentedUnpooledUnsafeHeapByteBuf(ridx: 0, widx: 0, cap: 0))
GET /delay?duration=555 HTTP/1.1
Accept: */*
Content-Type: application/json;charset=UTF-8
Accept-Language: en-US,en;q=0.8,nl;q=0.6
User-Agent: Mozilla/5.0 (Windows NT 6.1; WOW64) AppleWebKit/537.36 (KHTML, like Gecko) Chrome/38.0.2125.111 Safari/537.36
accept-encoding: gzip,deflate,sdch
host: localhost:8080, content=null}
22:01:34.052 [DEBUG] i.g.h.e.t.HttpTxExecutor - Sending request=simple_cpu_burn uri=http://localhost:8080/cpu/magic-identity-check?matrixSize=133: scenario=Acceptance test, userId=150
22:01:34.052 [DEBUG] i.g.c.c.i.o.OpenWorkload - Start user #150
22:01:34.053 [DEBUG] i.g.h.c.i.HttpAppHandler - Write request WritableRequest{request=DefaultFullHttpRequest(decodeResult: success, version: HTTP/1.1, content: UnpooledByteBufAllocator$InstrumentedUnpooledUnsafeHeapByteBuf(ridx: 0, widx: 0, cap: 0))
GET /cpu/magic-identity-check?matrixSize=133 HTTP/1.1
Accept: */*
Content-Type: application/json;charset=UTF-8
Accept-Language: en-US,en;q=0.8,nl;q=0.6
User-Agent: Mozilla/5.0 (Windows NT 6.1; WOW64) AppleWebKit/537.36 (KHTML, like Gecko) Chrome/38.0.2125.111 Safari/537.36
accept-encoding: gzip,deflate,sdch
host: localhost:8080, content=null}
22:01:34.066 [DEBUG] i.g.h.c.i.HttpAppHandler - Read msg='DefaultHttpResponse(decodeResult: success, version: HTTP/1.1)
HTTP/1.1 200 
Content-Type: application/json;charset=UTF-8
Transfer-Encoding: chunked
Date: Wed, 29 Jan 2020 21:01:34 GMT'
22:01:34.066 [DEBUG] i.g.h.c.i.HttpAppHandler - Read msg='DefaultHttpContent(data: PooledSlicedByteBuf(ridx: 0, widx: 171, cap: 171/171, unwrapped: PooledUnsafeDirectByteBuf(ridx: 305, widx: 305, cap: 1024)), decoderResult: success)'
22:01:34.066 [DEBUG] i.g.h.c.i.HttpAppHandler - Read msg='EmptyLastHttpContent'
22:01:34.067 [TRACE] i.g.h.e.r.DefaultStatsProcessor - 
>>>>>>>>>>>>>>>>>>>>>>>>>>
Request:
simple_cpu_burn: OK 
=========================
Session:
Session(Acceptance test,150,1580331694051,Map(gatling.http.ssl.sslContexts -> SslContexts(io.netty.handler.ssl.JdkSslContext@1338497f,None), gatling.http.cache.dns -> io.gatling.http.cache.DnsCacheSupport$$anon$1@5898ac4b, gatling.http.cache.baseUrl -> http://localhost:8080),0,OK,List(),io.gatling.core.protocol.ProtocolComponentsRegistry$$Lambda$598/0x000000084055d840@452b12e)
=========================
HTTP request:
GET http://localhost:8080/cpu/magic-identity-check?matrixSize=133
headers=
Accept: */*
Content-Type: application/json;charset=UTF-8
Accept-Language: en-US,en;q=0.8,nl;q=0.6
User-Agent: Mozilla/5.0 (Windows NT 6.1; WOW64) AppleWebKit/537.36 (KHTML, like Gecko) Chrome/38.0.2125.111 Safari/537.36
accept-encoding: gzip,deflate,sdch
host: localhost:8080
=========================
HTTP response:
status=
200 
headers= 
Content-Type: application/json;charset=UTF-8
Transfer-Encoding: chunked
Date: Wed, 29 Jan 2020 21:01:34 GMT

body=
{"message":"A simple magic square multiplied by an identity square of size [133] [is equal] to the magic square.","name":"Simple-PropertiesFileName","durationInMillis":10}
<<<<<<<<<<<<<<<<<<<<<<<<<
22:01:34.067 [DEBUG] i.g.c.a.Pause - Pausing for 1880ms (real=1879ms)
22:01:34.111 [DEBUG] i.g.h.e.t.HttpTxExecutor - Sending request=simple_delay uri=http://localhost:8080/delay?duration=555: scenario=Acceptance test, userId=147
22:01:34.112 [DEBUG] i.g.h.c.i.HttpAppHandler - Write request WritableRequest{request=DefaultFullHttpRequest(decodeResult: success, version: HTTP/1.1, content: UnpooledByteBufAllocator$InstrumentedUnpooledUnsafeHeapByteBuf(ridx: 0, widx: 0, cap: 0))
GET /delay?duration=555 HTTP/1.1
Accept: */*
Content-Type: application/json;charset=UTF-8
Accept-Language: en-US,en;q=0.8,nl;q=0.6
User-Agent: Mozilla/5.0 (Windows NT 6.1; WOW64) AppleWebKit/537.36 (KHTML, like Gecko) Chrome/38.0.2125.111 Safari/537.36
accept-encoding: gzip,deflate,sdch
host: localhost:8080, content=null}
22:01:34.152 [DEBUG] i.g.h.e.t.HttpTxExecutor - Sending request=simple_delay uri=http://localhost:8080/delay?duration=555: scenario=Acceptance test, userId=146
22:01:34.152 [DEBUG] i.g.h.c.i.HttpAppHandler - Write request WritableRequest{request=DefaultFullHttpRequest(decodeResult: success, version: HTTP/1.1, content: UnpooledByteBufAllocator$InstrumentedUnpooledUnsafeHeapByteBuf(ridx: 0, widx: 0, cap: 0))
GET /delay?duration=555 HTTP/1.1
Accept: */*
Content-Type: application/json;charset=UTF-8
Accept-Language: en-US,en;q=0.8,nl;q=0.6
User-Agent: Mozilla/5.0 (Windows NT 6.1; WOW64) AppleWebKit/537.36 (KHTML, like Gecko) Chrome/38.0.2125.111 Safari/537.36
accept-encoding: gzip,deflate,sdch
host: localhost:8080, content=null}

================================================================================
2020-01-29 22:01:34                                          90s elapsed
---- Requests ------------------------------------------------------------------
> Global                                                   (OK=555    KO=1     )
> simple_cpu_burn                                          (OK=150    KO=0     )
> simple_delay                                             (OK=139    KO=0     )
> simple_mini_leak                                         (OK=135    KO=1     )
> upload-file                                              (OK=131    KO=0     )
---- Errors --------------------------------------------------------------------
> status.find.is(200), but actually found 500                         1 (100.0%)

---- Acceptance test -----------------------------------------------------------
[##############---                                                         ] 18%
          waiting: 540    / active: 19     / done: 131   
================================================================================

22:01:34.174 [DEBUG] i.g.g.m.GraphiteMetrics$ - GraphiteMetrics=gatling2.BurnAfter.acc.afterburner.users.allUsers.active 41 1580331694
gatling2.BurnAfter.acc.afterburner.users.allUsers.waiting 540 1580331694
gatling2.BurnAfter.acc.afterburner.users.allUsers.done 131 1580331694
gatling2.BurnAfter.acc.afterburner.users.Acceptance_test.active 41 1580331694
gatling2.BurnAfter.acc.afterburner.users.Acceptance_test.waiting 540 1580331694
gatling2.BurnAfter.acc.afterburner.users.Acceptance_test.done 131 1580331694
gatling2.BurnAfter.acc.afterburner.simple_delay.ok.count 13 1580331694
gatling2.BurnAfter.acc.afterburner.simple_delay.ok.min 556 1580331694
gatling2.BurnAfter.acc.afterburner.simple_delay.ok.max 559 1580331694
gatling2.BurnAfter.acc.afterburner.simple_delay.ok.mean 558 1580331694
gatling2.BurnAfter.acc.afterburner.simple_delay.ok.stdDev 0 1580331694
gatling2.BurnAfter.acc.afterburner.simple_delay.ok.percentiles50 559 1580331694
gatling2.BurnAfter.acc.afterburner.simple_delay.ok.percentiles75 559 1580331694
gatling2.BurnAfter.acc.afterburner.simple_delay.ok.percentiles95 559 1580331694
gatling2.BurnAfter.acc.afterburner.simple_delay.ok.percentiles99 559 1580331694
gatling2.BurnAfter.acc.afterburner.simple_delay.ko.count 0 1580331694
gatling2.BurnAfter.acc.afterburner.simple_delay.all.count 13 1580331694
gatling2.BurnAfter.acc.afterburner.simple_delay.all.min 556 1580331694
gatling2.BurnAfter.acc.afterburner.simple_delay.all.max 559 1580331694
gatling2.BurnAfter.acc.afterburner.simple_delay.all.mean 558 1580331694
gatling2.BurnAfter.acc.afterburner.simple_delay.all.stdDev 0 1580331694
gatling2.BurnAfter.acc.afterburner.simple_delay.all.percentiles50 559 1580331694
gatling2.BurnAfter.acc.afterburner.simple_delay.all.percentiles75 559 1580331694
gatling2.BurnAfter.acc.afterburner.simple_delay.all.percentiles95 559 1580331694
gatling2.BurnAfter.acc.afterburner.simple_delay.all.percentiles99 559 1580331694
gatling2.BurnAfter.acc.afterburner.upload-file.ok.count 22 1580331694
gatling2.BurnAfter.acc.afterburner.upload-file.ok.min 2 1580331694
gatling2.BurnAfter.acc.afterburner.upload-file.ok.max 5 1580331694
gatling2.BurnAfter.acc.afterburner.upload-file.ok.mean 3 1580331694
gatling2.BurnAfter.acc.afterburner.upload-file.ok.stdDev 0 1580331694
gatling2.BurnAfter.acc.afterburner.upload-file.ok.percentiles50 3 1580331694
gatling2.BurnAfter.acc.afterburner.upload-file.ok.percentiles75 4 1580331694
gatling2.BurnAfter.acc.afterburner.upload-file.ok.percentiles95 4 1580331694
gatling2.BurnAfter.acc.afterburner.upload-file.ok.percentiles99 5 1580331694
gatling2.BurnAfter.acc.afterburner.upload-file.ko.count 0 1580331694
gatling2.BurnAfter.acc.afterburner.upload-file.all.count 22 1580331694
gatling2.BurnAfter.acc.afterburner.upload-file.all.min 2 1580331694
gatling2.BurnAfter.acc.afterburner.upload-file.all.max 5 1580331694
gatling2.BurnAfter.acc.afterburner.upload-file.all.mean 3 1580331694
gatling2.BurnAfter.acc.afterburner.upload-file.all.stdDev 0 1580331694
gatling2.BurnAfter.acc.afterburner.upload-file.all.percentiles50 3 1580331694
gatling2.BurnAfter.acc.afterburner.upload-file.all.percentiles75 4 1580331694
gatling2.BurnAfter.acc.afterburner.upload-file.all.percentiles95 4 1580331694
gatling2.BurnAfter.acc.afterburner.upload-file.all.percentiles99 5 1580331694
gatling2.BurnAfter.acc.afterburner.simple_mini_leak.ok.count 19 1580331694
gatling2.BurnAfter.acc.afterburner.simple_mini_leak.ok.min 7 1580331694
gatling2.BurnAfter.acc.afterburner.simple_mini_leak.ok.max 10 1580331694
gatling2.BurnAfter.acc.afterburner.simple_mini_leak.ok.mean 7 1580331694
gatling2.BurnAfter.acc.afterburner.simple_mini_leak.ok.stdDev 0 1580331694
gatling2.BurnAfter.acc.afterburner.simple_mini_leak.ok.percentiles50 7 1580331694
gatling2.BurnAfter.acc.afterburner.simple_mini_leak.ok.percentiles75 8 1580331694
gatling2.BurnAfter.acc.afterburner.simple_mini_leak.ok.percentiles95 10 1580331694
gatling2.BurnAfter.acc.afterburner.simple_mini_leak.ok.percentiles99 10 1580331694
gatling2.BurnAfter.acc.afterburner.simple_mini_leak.ko.count 0 1580331694
gatling2.BurnAfter.acc.afterburner.simple_mini_leak.all.count 19 1580331694
gatling2.BurnAfter.acc.afterburner.simple_mini_leak.all.min 7 1580331694
gatling2.BurnAfter.acc.afterburner.simple_mini_leak.all.max 10 1580331694
gatling2.BurnAfter.acc.afterburner.simple_mini_leak.all.mean 7 1580331694
gatling2.BurnAfter.acc.afterburner.simple_mini_leak.all.stdDev 0 1580331694
gatling2.BurnAfter.acc.afterburner.simple_mini_leak.all.percentiles50 7 1580331694
gatling2.BurnAfter.acc.afterburner.simple_mini_leak.all.percentiles75 8 1580331694
gatling2.BurnAfter.acc.afterburner.simple_mini_leak.all.percentiles95 10 1580331694
gatling2.BurnAfter.acc.afterburner.simple_mini_leak.all.percentiles99 10 1580331694
gatling2.BurnAfter.acc.afterburner.simple_cpu_burn.ok.count 20 1580331694
gatling2.BurnAfter.acc.afterburner.simple_cpu_burn.ok.min 7 1580331694
gatling2.BurnAfter.acc.afterburner.simple_cpu_burn.ok.max 14 1580331694
gatling2.BurnAfter.acc.afterburner.simple_cpu_burn.ok.mean 11 1580331694
gatling2.BurnAfter.acc.afterburner.simple_cpu_burn.ok.stdDev 2 1580331694
gatling2.BurnAfter.acc.afterburner.simple_cpu_burn.ok.percentiles50 12 1580331694
gatling2.BurnAfter.acc.afterburner.simple_cpu_burn.ok.percentiles75 13 1580331694
gatling2.BurnAfter.acc.afterburner.simple_cpu_burn.ok.percentiles95 14 1580331694
gatling2.BurnAfter.acc.afterburner.simple_cpu_burn.ok.percentiles99 14 1580331694
gatling2.BurnAfter.acc.afterburner.simple_cpu_burn.ko.count 0 1580331694
gatling2.BurnAfter.acc.afterburner.simple_cpu_burn.all.count 20 1580331694
gatling2.BurnAfter.acc.afterburner.simple_cpu_burn.all.min 7 1580331694
gatling2.BurnAfter.acc.afterburner.simple_cpu_burn.all.max 14 1580331694
gatling2.BurnAfter.acc.afterburner.simple_cpu_burn.all.mean 11 1580331694
gatling2.BurnAfter.acc.afterburner.simple_cpu_burn.all.stdDev 2 1580331694
gatling2.BurnAfter.acc.afterburner.simple_cpu_burn.all.percentiles50 12 1580331694
gatling2.BurnAfter.acc.afterburner.simple_cpu_burn.all.percentiles75 13 1580331694
gatling2.BurnAfter.acc.afterburner.simple_cpu_burn.all.percentiles95 14 1580331694
gatling2.BurnAfter.acc.afterburner.simple_cpu_burn.all.percentiles99 14 1580331694
gatling2.BurnAfter.acc.afterburner.allRequests.ok.count 74 1580331694
gatling2.BurnAfter.acc.afterburner.allRequests.ok.min 2 1580331694
gatling2.BurnAfter.acc.afterburner.allRequests.ok.max 559 1580331694
gatling2.BurnAfter.acc.afterburner.allRequests.ok.mean 104 1580331694
gatling2.BurnAfter.acc.afterburner.allRequests.ok.stdDev 209 1580331694
gatling2.BurnAfter.acc.afterburner.allRequests.ok.percentiles50 8 1580331694
gatling2.BurnAfter.acc.afterburner.allRequests.ok.percentiles75 13 1580331694
gatling2.BurnAfter.acc.afterburner.allRequests.ok.percentiles95 559 1580331694
gatling2.BurnAfter.acc.afterburner.allRequests.ok.percentiles99 559 1580331694
gatling2.BurnAfter.acc.afterburner.allRequests.ko.count 0 1580331694
gatling2.BurnAfter.acc.afterburner.allRequests.all.count 74 1580331694
gatling2.BurnAfter.acc.afterburner.allRequests.all.min 2 1580331694
gatling2.BurnAfter.acc.afterburner.allRequests.all.max 559 1580331694
gatling2.BurnAfter.acc.afterburner.allRequests.all.mean 104 1580331694
gatling2.BurnAfter.acc.afterburner.allRequests.all.stdDev 209 1580331694
gatling2.BurnAfter.acc.afterburner.allRequests.all.percentiles50 8 1580331694
gatling2.BurnAfter.acc.afterburner.allRequests.all.percentiles75 13 1580331694
gatling2.BurnAfter.acc.afterburner.allRequests.all.percentiles95 559 1580331694
gatling2.BurnAfter.acc.afterburner.allRequests.all.percentiles99 559 1580331694

22:01:34.175 [DEBUG] i.g.g.s.TcpSender - All connection/sending retries have been exhausted, ignore further messages
22:01:34.202 [DEBUG] i.g.h.e.t.HttpTxExecutor - Sending request=upload-file uri=http://localhost:8080/files/upload: scenario=Acceptance test, userId=135
22:01:34.202 [DEBUG] i.g.h.c.i.HttpAppHandler - Write request WritableRequest{request=DefaultHttpRequest(decodeResult: success, version: HTTP/1.1)
POST /files/upload HTTP/1.1
Accept: */*
Accept-Language: en-US,en;q=0.8,nl;q=0.6
User-Agent: Mozilla/5.0 (Windows NT 6.1; WOW64) AppleWebKit/537.36 (KHTML, like Gecko) Chrome/38.0.2125.111 Safari/537.36
accept-encoding: gzip,deflate,sdch
host: localhost:8080
content-type: multipart/form-data; boundary=7tfWy2IAMrtNXaC48l_3Ai0nif93JtW9QeR
content-length: 220, content=io.gatling.http.client.body.multipart.impl.MultipartFileRegion@26ea5879}
22:01:34.204 [DEBUG] i.g.h.c.i.HttpAppHandler - Read msg='DefaultHttpResponse(decodeResult: success, version: HTTP/1.1)
HTTP/1.1 200 
Content-Type: text/plain;charset=UTF-8
Content-Length: 62
Date: Wed, 29 Jan 2020 21:01:34 GMT'
22:01:34.204 [DEBUG] i.g.h.c.i.HttpAppHandler - Read msg='DefaultLastHttpContent(data: PooledSlicedByteBuf(ridx: 0, widx: 62, cap: 62/62, unwrapped: PooledUnsafeDirectByteBuf(ridx: 176, widx: 176, cap: 496)), decoderResult: success)'
22:01:34.204 [TRACE] i.g.h.e.r.DefaultStatsProcessor - 
>>>>>>>>>>>>>>>>>>>>>>>>>>
Request:
upload-file: OK 
=========================
Session:
Session(Acceptance test,135,1580331686551,Map(gatling.http.ssl.sslContexts -> SslContexts(io.netty.handler.ssl.JdkSslContext@ccaae93,None), gatling.http.cache.dns -> io.gatling.http.cache.DnsCacheSupport$$anon$1@5898ac4b, gatling.http.cache.baseUrl -> http://localhost:8080),19,OK,List(),io.gatling.core.protocol.ProtocolComponentsRegistry$$Lambda$598/0x000000084055d840@452b12e)
=========================
HTTP request:
POST http://localhost:8080/files/upload
headers=
Accept: */*
Accept-Language: en-US,en;q=0.8,nl;q=0.6
User-Agent: Mozilla/5.0 (Windows NT 6.1; WOW64) AppleWebKit/537.36 (KHTML, like Gecko) Chrome/38.0.2125.111 Safari/537.36
accept-encoding: gzip,deflate,sdch
host: localhost:8080
content-type: multipart/form-data; boundary=7tfWy2IAMrtNXaC48l_3Ai0nif93JtW9QeR
content-length: 220
multipartBody=
ByteArrayPart: name=upload contentType=text/plain dispositionType=null charset=UTF-8 transferEncoding=null contentId=null filename=gatling-upload.txt
=========================
HTTP response:
status=
200 
headers= 
Content-Type: text/plain;charset=UTF-8
Content-Length: 62
Date: Wed, 29 Jan 2020 21:01:34 GMT

body=
File upload succeeded [gatling-upload.txt] of size [17] bytes.
<<<<<<<<<<<<<<<<<<<<<<<<<
22:01:34.204 [DEBUG] i.g.c.a.Exit - End user #135
22:01:34.204 [DEBUG] i.g.c.c.i.Injector - End user #135
22:01:34.329 [DEBUG] i.g.h.c.i.HttpAppHandler - Read msg='DefaultHttpResponse(decodeResult: success, version: HTTP/1.1)
HTTP/1.1 200 
Content-Type: application/json;charset=UTF-8
Transfer-Encoding: chunked
Date: Wed, 29 Jan 2020 21:01:34 GMT'
22:01:34.330 [DEBUG] i.g.h.c.i.HttpAppHandler - Read msg='DefaultHttpContent(data: PooledSlicedByteBuf(ridx: 0, widx: 95, cap: 95/95, unwrapped: PooledUnsafeDirectByteBuf(ridx: 229, widx: 229, cap: 512)), decoderResult: success)'
22:01:34.330 [DEBUG] i.g.h.c.i.HttpAppHandler - Read msg='EmptyLastHttpContent'
22:01:34.330 [TRACE] i.g.h.e.r.DefaultStatsProcessor - 
>>>>>>>>>>>>>>>>>>>>>>>>>>
Request:
simple_delay: OK 
=========================
Session:
Session(Acceptance test,141,1580331689552,Map(gatling.http.ssl.sslContexts -> SslContexts(io.netty.handler.ssl.JdkSslContext@274df7b,None), gatling.http.cache.dns -> io.gatling.http.cache.DnsCacheSupport$$anon$1@5898ac4b, gatling.http.cache.baseUrl -> http://localhost:8080),24,OK,List(),io.gatling.core.protocol.ProtocolComponentsRegistry$$Lambda$598/0x000000084055d840@452b12e)
=========================
HTTP request:
GET http://localhost:8080/delay?duration=555
headers=
Accept: */*
Content-Type: application/json;charset=UTF-8
Accept-Language: en-US,en;q=0.8,nl;q=0.6
User-Agent: Mozilla/5.0 (Windows NT 6.1; WOW64) AppleWebKit/537.36 (KHTML, like Gecko) Chrome/38.0.2125.111 Safari/537.36
accept-encoding: gzip,deflate,sdch
host: localhost:8080
=========================
HTTP response:
status=
200 
headers= 
Content-Type: application/json;charset=UTF-8
Transfer-Encoding: chunked
Date: Wed, 29 Jan 2020 21:01:34 GMT

body=
{"message":"This was a delay of 555","name":"Simple-PropertiesFileName","durationInMillis":555}
<<<<<<<<<<<<<<<<<<<<<<<<<
22:01:34.331 [DEBUG] i.g.c.a.Pause - Pausing for 2795ms (real=2770ms)
22:01:34.342 [DEBUG] i.g.h.e.t.HttpTxExecutor - Sending request=upload-file uri=http://localhost:8080/files/upload: scenario=Acceptance test, userId=133
22:01:34.343 [DEBUG] i.g.h.c.i.HttpAppHandler - Write request WritableRequest{request=DefaultHttpRequest(decodeResult: success, version: HTTP/1.1)
POST /files/upload HTTP/1.1
Accept: */*
Accept-Language: en-US,en;q=0.8,nl;q=0.6
User-Agent: Mozilla/5.0 (Windows NT 6.1; WOW64) AppleWebKit/537.36 (KHTML, like Gecko) Chrome/38.0.2125.111 Safari/537.36
accept-encoding: gzip,deflate,sdch
host: localhost:8080
content-type: multipart/form-data; boundary=Q8tCtF_DNpznEuMsovRRwwGoDRI_LblJijA
content-length: 220, content=io.gatling.http.client.body.multipart.impl.MultipartFileRegion@22a07747}
22:01:34.345 [DEBUG] i.g.h.c.i.HttpAppHandler - Read msg='DefaultHttpResponse(decodeResult: success, version: HTTP/1.1)
HTTP/1.1 200 
Content-Type: text/plain;charset=UTF-8
Content-Length: 62
Date: Wed, 29 Jan 2020 21:01:34 GMT'
22:01:34.345 [DEBUG] i.g.h.c.i.HttpAppHandler - Read msg='DefaultLastHttpContent(data: PooledSlicedByteBuf(ridx: 0, widx: 62, cap: 62/62, unwrapped: PooledUnsafeDirectByteBuf(ridx: 176, widx: 176, cap: 512)), decoderResult: success)'
22:01:34.346 [TRACE] i.g.h.e.r.DefaultStatsProcessor - 
>>>>>>>>>>>>>>>>>>>>>>>>>>
Request:
upload-file: OK 
=========================
Session:
Session(Acceptance test,133,1580331685551,Map(gatling.http.ssl.sslContexts -> SslContexts(io.netty.handler.ssl.JdkSslContext@c84df27,None), gatling.http.cache.dns -> io.gatling.http.cache.DnsCacheSupport$$anon$1@5898ac4b, gatling.http.cache.baseUrl -> http://localhost:8080),16,OK,List(),io.gatling.core.protocol.ProtocolComponentsRegistry$$Lambda$598/0x000000084055d840@452b12e)
=========================
HTTP request:
POST http://localhost:8080/files/upload
headers=
Accept: */*
Accept-Language: en-US,en;q=0.8,nl;q=0.6
User-Agent: Mozilla/5.0 (Windows NT 6.1; WOW64) AppleWebKit/537.36 (KHTML, like Gecko) Chrome/38.0.2125.111 Safari/537.36
accept-encoding: gzip,deflate,sdch
host: localhost:8080
content-type: multipart/form-data; boundary=Q8tCtF_DNpznEuMsovRRwwGoDRI_LblJijA
content-length: 220
multipartBody=
ByteArrayPart: name=upload contentType=text/plain dispositionType=null charset=UTF-8 transferEncoding=null contentId=null filename=gatling-upload.txt
=========================
HTTP response:
status=
200 
headers= 
Content-Type: text/plain;charset=UTF-8
Content-Length: 62
Date: Wed, 29 Jan 2020 21:01:34 GMT

body=
File upload succeeded [gatling-upload.txt] of size [17] bytes.
<<<<<<<<<<<<<<<<<<<<<<<<<
22:01:34.346 [DEBUG] i.g.c.a.Exit - End user #133
22:01:34.346 [DEBUG] i.g.c.c.i.Injector - End user #133
22:01:34.482 [DEBUG] i.g.h.e.t.HttpTxExecutor - Sending request=upload-file uri=http://localhost:8080/files/upload: scenario=Acceptance test, userId=140
22:01:34.483 [DEBUG] i.g.h.c.i.HttpAppHandler - Write request WritableRequest{request=DefaultHttpRequest(decodeResult: success, version: HTTP/1.1)
POST /files/upload HTTP/1.1
Accept: */*
Accept-Language: en-US,en;q=0.8,nl;q=0.6
User-Agent: Mozilla/5.0 (Windows NT 6.1; WOW64) AppleWebKit/537.36 (KHTML, like Gecko) Chrome/38.0.2125.111 Safari/537.36
accept-encoding: gzip,deflate,sdch
host: localhost:8080
content-type: multipart/form-data; boundary=PhPpDpV3vJ0M4HgCiVnOUCdP1kq6kI2ZyCV
content-length: 220, content=io.gatling.http.client.body.multipart.impl.MultipartFileRegion@3331c002}
22:01:34.485 [DEBUG] i.g.h.c.i.HttpAppHandler - Read msg='DefaultHttpResponse(decodeResult: success, version: HTTP/1.1)
HTTP/1.1 200 
Content-Type: text/plain;charset=UTF-8
Content-Length: 62
Date: Wed, 29 Jan 2020 21:01:34 GMT'
22:01:34.485 [DEBUG] i.g.h.c.i.HttpAppHandler - Read msg='DefaultLastHttpContent(data: PooledSlicedByteBuf(ridx: 0, widx: 62, cap: 62/62, unwrapped: PooledUnsafeDirectByteBuf(ridx: 176, widx: 176, cap: 496)), decoderResult: success)'
22:01:34.486 [TRACE] i.g.h.e.r.DefaultStatsProcessor - 
>>>>>>>>>>>>>>>>>>>>>>>>>>
Request:
upload-file: OK 
=========================
Session:
Session(Acceptance test,140,1580331689051,Map(gatling.http.ssl.sslContexts -> SslContexts(io.netty.handler.ssl.JdkSslContext@23dad3b8,None), gatling.http.cache.dns -> io.gatling.http.cache.DnsCacheSupport$$anon$1@5898ac4b, gatling.http.cache.baseUrl -> http://localhost:8080),17,OK,List(),io.gatling.core.protocol.ProtocolComponentsRegistry$$Lambda$598/0x000000084055d840@452b12e)
=========================
HTTP request:
POST http://localhost:8080/files/upload
headers=
Accept: */*
Accept-Language: en-US,en;q=0.8,nl;q=0.6
User-Agent: Mozilla/5.0 (Windows NT 6.1; WOW64) AppleWebKit/537.36 (KHTML, like Gecko) Chrome/38.0.2125.111 Safari/537.36
accept-encoding: gzip,deflate,sdch
host: localhost:8080
content-type: multipart/form-data; boundary=PhPpDpV3vJ0M4HgCiVnOUCdP1kq6kI2ZyCV
content-length: 220
multipartBody=
ByteArrayPart: name=upload contentType=text/plain dispositionType=null charset=UTF-8 transferEncoding=null contentId=null filename=gatling-upload.txt
=========================
HTTP response:
status=
200 
headers= 
Content-Type: text/plain;charset=UTF-8
Content-Length: 62
Date: Wed, 29 Jan 2020 21:01:34 GMT

body=
File upload succeeded [gatling-upload.txt] of size [17] bytes.
<<<<<<<<<<<<<<<<<<<<<<<<<
22:01:34.486 [DEBUG] i.g.c.a.Exit - End user #140
22:01:34.486 [DEBUG] i.g.c.c.i.Injector - End user #140
22:01:34.509 [DEBUG] i.g.h.c.i.HttpAppHandler - Read msg='DefaultHttpResponse(decodeResult: success, version: HTTP/1.1)
HTTP/1.1 200 
Content-Type: application/json;charset=UTF-8
Transfer-Encoding: chunked
Date: Wed, 29 Jan 2020 21:01:34 GMT'
22:01:34.509 [DEBUG] i.g.h.c.i.HttpAppHandler - Read msg='DefaultHttpContent(data: PooledSlicedByteBuf(ridx: 0, widx: 95, cap: 95/95, unwrapped: PooledUnsafeDirectByteBuf(ridx: 229, widx: 234, cap: 1024)), decoderResult: success)'
22:01:34.509 [DEBUG] i.g.h.c.i.HttpAppHandler - Read msg='EmptyLastHttpContent'
22:01:34.509 [TRACE] i.g.h.e.r.DefaultStatsProcessor - 
>>>>>>>>>>>>>>>>>>>>>>>>>>
Request:
simple_delay: OK 
=========================
Session:
Session(Acceptance test,138,1580331688052,Map(gatling.http.ssl.sslContexts -> SslContexts(io.netty.handler.ssl.JdkSslContext@765838b5,None), gatling.http.cache.dns -> io.gatling.http.cache.DnsCacheSupport$$anon$1@5898ac4b, gatling.http.cache.baseUrl -> http://localhost:8080),17,OK,List(),io.gatling.core.protocol.ProtocolComponentsRegistry$$Lambda$598/0x000000084055d840@452b12e)
=========================
HTTP request:
GET http://localhost:8080/delay?duration=555
headers=
Accept: */*
Content-Type: application/json;charset=UTF-8
Accept-Language: en-US,en;q=0.8,nl;q=0.6
User-Agent: Mozilla/5.0 (Windows NT 6.1; WOW64) AppleWebKit/537.36 (KHTML, like Gecko) Chrome/38.0.2125.111 Safari/537.36
accept-encoding: gzip,deflate,sdch
host: localhost:8080
=========================
HTTP response:
status=
200 
headers= 
Content-Type: application/json;charset=UTF-8
Transfer-Encoding: chunked
Date: Wed, 29 Jan 2020 21:01:34 GMT

body=
{"message":"This was a delay of 555","name":"Simple-PropertiesFileName","durationInMillis":555}
<<<<<<<<<<<<<<<<<<<<<<<<<
22:01:34.509 [DEBUG] i.g.c.a.Pause - Pausing for 758ms (real=741ms)
22:01:34.552 [DEBUG] i.g.c.c.i.o.OpenWorkload - Injecting 2 users in scenario Acceptance test, continue=true
22:01:34.552 [DEBUG] i.g.h.e.t.HttpTxExecutor - Sending request=simple_cpu_burn uri=http://localhost:8080/cpu/magic-identity-check?matrixSize=133: scenario=Acceptance test, userId=151
22:01:34.552 [DEBUG] i.g.c.c.i.o.OpenWorkload - Start user #151
22:01:34.554 [DEBUG] i.g.h.c.i.HttpAppHandler - Write request WritableRequest{request=DefaultFullHttpRequest(decodeResult: success, version: HTTP/1.1, content: UnpooledByteBufAllocator$InstrumentedUnpooledUnsafeHeapByteBuf(ridx: 0, widx: 0, cap: 0))
GET /cpu/magic-identity-check?matrixSize=133 HTTP/1.1
Accept: */*
Content-Type: application/json;charset=UTF-8
Accept-Language: en-US,en;q=0.8,nl;q=0.6
User-Agent: Mozilla/5.0 (Windows NT 6.1; WOW64) AppleWebKit/537.36 (KHTML, like Gecko) Chrome/38.0.2125.111 Safari/537.36
accept-encoding: gzip,deflate,sdch
host: localhost:8080, content=null}
22:01:34.564 [DEBUG] i.g.h.c.i.HttpAppHandler - Read msg='DefaultHttpResponse(decodeResult: success, version: HTTP/1.1)
HTTP/1.1 200 
Content-Type: application/json;charset=UTF-8
Transfer-Encoding: chunked
Date: Wed, 29 Jan 2020 21:01:34 GMT'
22:01:34.564 [DEBUG] i.g.h.c.i.HttpAppHandler - Read msg='DefaultHttpContent(data: PooledSlicedByteBuf(ridx: 0, widx: 170, cap: 170/170, unwrapped: PooledUnsafeDirectByteBuf(ridx: 304, widx: 304, cap: 1024)), decoderResult: success)'
22:01:34.564 [DEBUG] i.g.h.c.i.HttpAppHandler - Read msg='EmptyLastHttpContent'
22:01:34.565 [TRACE] i.g.h.e.r.DefaultStatsProcessor - 
>>>>>>>>>>>>>>>>>>>>>>>>>>
Request:
simple_cpu_burn: OK 
=========================
Session:
Session(Acceptance test,151,1580331694552,Map(gatling.http.ssl.sslContexts -> SslContexts(io.netty.handler.ssl.JdkSslContext@131baa34,None), gatling.http.cache.dns -> io.gatling.http.cache.DnsCacheSupport$$anon$1@5898ac4b, gatling.http.cache.baseUrl -> http://localhost:8080),0,OK,List(),io.gatling.core.protocol.ProtocolComponentsRegistry$$Lambda$598/0x000000084055d840@452b12e)
=========================
HTTP request:
GET http://localhost:8080/cpu/magic-identity-check?matrixSize=133
headers=
Accept: */*
Content-Type: application/json;charset=UTF-8
Accept-Language: en-US,en;q=0.8,nl;q=0.6
User-Agent: Mozilla/5.0 (Windows NT 6.1; WOW64) AppleWebKit/537.36 (KHTML, like Gecko) Chrome/38.0.2125.111 Safari/537.36
accept-encoding: gzip,deflate,sdch
host: localhost:8080
=========================
HTTP response:
status=
200 
headers= 
Content-Type: application/json;charset=UTF-8
Transfer-Encoding: chunked
Date: Wed, 29 Jan 2020 21:01:34 GMT

body=
{"message":"A simple magic square multiplied by an identity square of size [133] [is equal] to the magic square.","name":"Simple-PropertiesFileName","durationInMillis":9}
<<<<<<<<<<<<<<<<<<<<<<<<<
22:01:34.565 [DEBUG] i.g.c.a.Pause - Pausing for 4734ms (real=4733ms)
22:01:34.669 [DEBUG] i.g.h.c.i.HttpAppHandler - Read msg='DefaultHttpResponse(decodeResult: success, version: HTTP/1.1)
HTTP/1.1 200 
Content-Type: application/json;charset=UTF-8
Transfer-Encoding: chunked
Date: Wed, 29 Jan 2020 21:01:34 GMT'
22:01:34.669 [DEBUG] i.g.h.c.i.HttpAppHandler - Read msg='DefaultHttpContent(data: PooledSlicedByteBuf(ridx: 0, widx: 95, cap: 95/95, unwrapped: PooledUnsafeDirectByteBuf(ridx: 229, widx: 229, cap: 1024)), decoderResult: success)'
22:01:34.669 [DEBUG] i.g.h.c.i.HttpAppHandler - Read msg='EmptyLastHttpContent'
22:01:34.670 [TRACE] i.g.h.e.r.DefaultStatsProcessor - 
>>>>>>>>>>>>>>>>>>>>>>>>>>
Request:
simple_delay: OK 
=========================
Session:
Session(Acceptance test,147,1580331692551,Map(gatling.http.ssl.sslContexts -> SslContexts(io.netty.handler.ssl.JdkSslContext@2556a11e,None), gatling.http.cache.dns -> io.gatling.http.cache.DnsCacheSupport$$anon$1@5898ac4b, gatling.http.cache.baseUrl -> http://localhost:8080),16,OK,List(),io.gatling.core.protocol.ProtocolComponentsRegistry$$Lambda$598/0x000000084055d840@452b12e)
=========================
HTTP request:
GET http://localhost:8080/delay?duration=555
headers=
Accept: */*
Content-Type: application/json;charset=UTF-8
Accept-Language: en-US,en;q=0.8,nl;q=0.6
User-Agent: Mozilla/5.0 (Windows NT 6.1; WOW64) AppleWebKit/537.36 (KHTML, like Gecko) Chrome/38.0.2125.111 Safari/537.36
accept-encoding: gzip,deflate,sdch
host: localhost:8080
=========================
HTTP response:
status=
200 
headers= 
Content-Type: application/json;charset=UTF-8
Transfer-Encoding: chunked
Date: Wed, 29 Jan 2020 21:01:34 GMT

body=
{"message":"This was a delay of 555","name":"Simple-PropertiesFileName","durationInMillis":555}
<<<<<<<<<<<<<<<<<<<<<<<<<
22:01:34.670 [DEBUG] i.g.c.a.Pause - Pausing for 1096ms (real=1079ms)
22:01:34.702 [DEBUG] i.g.h.e.t.HttpTxExecutor - Sending request=upload-file uri=http://localhost:8080/files/upload: scenario=Acceptance test, userId=136
22:01:34.703 [DEBUG] i.g.h.c.i.HttpAppHandler - Write request WritableRequest{request=DefaultHttpRequest(decodeResult: success, version: HTTP/1.1)
POST /files/upload HTTP/1.1
Accept: */*
Accept-Language: en-US,en;q=0.8,nl;q=0.6
User-Agent: Mozilla/5.0 (Windows NT 6.1; WOW64) AppleWebKit/537.36 (KHTML, like Gecko) Chrome/38.0.2125.111 Safari/537.36
accept-encoding: gzip,deflate,sdch
host: localhost:8080
content-type: multipart/form-data; boundary=oovlGDh8lRFGkRKbMpiFdIKKpa0iXdfUOiI
content-length: 220, content=io.gatling.http.client.body.multipart.impl.MultipartFileRegion@1e5f8225}
22:01:34.705 [DEBUG] i.g.h.c.i.HttpAppHandler - Read msg='DefaultHttpResponse(decodeResult: success, version: HTTP/1.1)
HTTP/1.1 200 
Content-Type: text/plain;charset=UTF-8
Content-Length: 62
Date: Wed, 29 Jan 2020 21:01:34 GMT'
22:01:34.706 [DEBUG] i.g.h.c.i.HttpAppHandler - Read msg='DefaultLastHttpContent(data: PooledSlicedByteBuf(ridx: 0, widx: 62, cap: 62/62, unwrapped: PooledUnsafeDirectByteBuf(ridx: 176, widx: 176, cap: 496)), decoderResult: success)'
22:01:34.706 [TRACE] i.g.h.e.r.DefaultStatsProcessor - 
>>>>>>>>>>>>>>>>>>>>>>>>>>
Request:
upload-file: OK 
=========================
Session:
Session(Acceptance test,136,1580331687052,Map(gatling.http.ssl.sslContexts -> SslContexts(io.netty.handler.ssl.JdkSslContext@7a6158da,None), gatling.http.cache.dns -> io.gatling.http.cache.DnsCacheSupport$$anon$1@5898ac4b, gatling.http.cache.baseUrl -> http://localhost:8080),16,OK,List(),io.gatling.core.protocol.ProtocolComponentsRegistry$$Lambda$598/0x000000084055d840@452b12e)
=========================
HTTP request:
POST http://localhost:8080/files/upload
headers=
Accept: */*
Accept-Language: en-US,en;q=0.8,nl;q=0.6
User-Agent: Mozilla/5.0 (Windows NT 6.1; WOW64) AppleWebKit/537.36 (KHTML, like Gecko) Chrome/38.0.2125.111 Safari/537.36
accept-encoding: gzip,deflate,sdch
host: localhost:8080
content-type: multipart/form-data; boundary=oovlGDh8lRFGkRKbMpiFdIKKpa0iXdfUOiI
content-length: 220
multipartBody=
ByteArrayPart: name=upload contentType=text/plain dispositionType=null charset=UTF-8 transferEncoding=null contentId=null filename=gatling-upload.txt
=========================
HTTP response:
status=
200 
headers= 
Content-Type: text/plain;charset=UTF-8
Content-Length: 62
Date: Wed, 29 Jan 2020 21:01:34 GMT

body=
File upload succeeded [gatling-upload.txt] of size [17] bytes.
<<<<<<<<<<<<<<<<<<<<<<<<<
22:01:34.706 [DEBUG] i.g.c.a.Exit - End user #136
22:01:34.707 [DEBUG] i.g.c.c.i.Injector - End user #136
22:01:34.709 [DEBUG] i.g.h.c.i.HttpAppHandler - Read msg='DefaultHttpResponse(decodeResult: success, version: HTTP/1.1)
HTTP/1.1 200 
Content-Type: application/json;charset=UTF-8
Transfer-Encoding: chunked
Date: Wed, 29 Jan 2020 21:01:34 GMT'
22:01:34.709 [DEBUG] i.g.h.c.i.HttpAppHandler - Read msg='DefaultHttpContent(data: PooledSlicedByteBuf(ridx: 0, widx: 95, cap: 95/95, unwrapped: PooledUnsafeDirectByteBuf(ridx: 229, widx: 229, cap: 1024)), decoderResult: success)'
22:01:34.709 [DEBUG] i.g.h.c.i.HttpAppHandler - Read msg='EmptyLastHttpContent'
22:01:34.710 [TRACE] i.g.h.e.r.DefaultStatsProcessor - 
>>>>>>>>>>>>>>>>>>>>>>>>>>
Request:
simple_delay: OK 
=========================
Session:
Session(Acceptance test,146,1580331692052,Map(gatling.http.ssl.sslContexts -> SslContexts(io.netty.handler.ssl.JdkSslContext@1de1cb94,None), gatling.http.cache.dns -> io.gatling.http.cache.DnsCacheSupport$$anon$1@5898ac4b, gatling.http.cache.baseUrl -> http://localhost:8080),16,OK,List(),io.gatling.core.protocol.ProtocolComponentsRegistry$$Lambda$598/0x000000084055d840@452b12e)
=========================
HTTP request:
GET http://localhost:8080/delay?duration=555
headers=
Accept: */*
Content-Type: application/json;charset=UTF-8
Accept-Language: en-US,en;q=0.8,nl;q=0.6
User-Agent: Mozilla/5.0 (Windows NT 6.1; WOW64) AppleWebKit/537.36 (KHTML, like Gecko) Chrome/38.0.2125.111 Safari/537.36
accept-encoding: gzip,deflate,sdch
host: localhost:8080
=========================
HTTP response:
status=
200 
headers= 
Content-Type: application/json;charset=UTF-8
Transfer-Encoding: chunked
Date: Wed, 29 Jan 2020 21:01:34 GMT

body=
{"message":"This was a delay of 555","name":"Simple-PropertiesFileName","durationInMillis":555}
<<<<<<<<<<<<<<<<<<<<<<<<<
22:01:34.710 [DEBUG] i.g.c.a.Pause - Pausing for 313ms (real=296ms)
22:01:35.022 [DEBUG] i.g.h.e.t.HttpTxExecutor - Sending request=simple_mini_leak uri=http://localhost:8080/memory/grow?objects=8&items=54: scenario=Acceptance test, userId=146
22:01:35.022 [DEBUG] i.g.h.c.i.HttpAppHandler - Write request WritableRequest{request=DefaultFullHttpRequest(decodeResult: success, version: HTTP/1.1, content: UnpooledByteBufAllocator$InstrumentedUnpooledUnsafeHeapByteBuf(ridx: 0, widx: 0, cap: 0))
GET /memory/grow?objects=8&items=54 HTTP/1.1
Accept: */*
Content-Type: application/json;charset=UTF-8
Accept-Language: en-US,en;q=0.8,nl;q=0.6
User-Agent: Mozilla/5.0 (Windows NT 6.1; WOW64) AppleWebKit/537.36 (KHTML, like Gecko) Chrome/38.0.2125.111 Safari/537.36
accept-encoding: gzip,deflate,sdch
host: localhost:8080, content=null}
22:01:35.026 [DEBUG] i.g.h.c.i.HttpAppHandler - Read msg='DefaultHttpResponse(decodeResult: success, version: HTTP/1.1)
HTTP/1.1 200 
Content-Type: application/json;charset=UTF-8
Transfer-Encoding: chunked
Date: Wed, 29 Jan 2020 21:01:34 GMT'
22:01:35.026 [DEBUG] i.g.h.c.i.HttpAppHandler - Read msg='DefaultHttpContent(data: PooledSlicedByteBuf(ridx: 0, widx: 144, cap: 144/144, unwrapped: PooledUnsafeDirectByteBuf(ridx: 278, widx: 283, cap: 512)), decoderResult: success)'
22:01:35.026 [DEBUG] i.g.h.c.i.HttpAppHandler - Read msg='EmptyLastHttpContent'
22:01:35.026 [TRACE] i.g.h.e.r.DefaultStatsProcessor - 
>>>>>>>>>>>>>>>>>>>>>>>>>>
Request:
simple_mini_leak: OK 
=========================
Session:
Session(Acceptance test,146,1580331692052,Map(gatling.http.ssl.sslContexts -> SslContexts(io.netty.handler.ssl.JdkSslContext@1de1cb94,None), gatling.http.cache.dns -> io.gatling.http.cache.DnsCacheSupport$$anon$1@5898ac4b, gatling.http.cache.baseUrl -> http://localhost:8080),16,OK,List(),io.gatling.core.protocol.ProtocolComponentsRegistry$$Lambda$598/0x000000084055d840@452b12e)
=========================
HTTP request:
GET http://localhost:8080/memory/grow?objects=8&items=54
headers=
Accept: */*
Content-Type: application/json;charset=UTF-8
Accept-Language: en-US,en;q=0.8,nl;q=0.6
User-Agent: Mozilla/5.0 (Windows NT 6.1; WOW64) AppleWebKit/537.36 (KHTML, like Gecko) Chrome/38.0.2125.111 Safari/537.36
accept-encoding: gzip,deflate,sdch
host: localhost:8080
=========================
HTTP response:
status=
200 
headers= 
Content-Type: application/json;charset=UTF-8
Transfer-Encoding: chunked
Date: Wed, 29 Jan 2020 21:01:34 GMT

body=
{"message":"Size of BigFatBastard list is now 12120 objects. It contains 654480 items.","name":"Simple-PropertiesFileName","durationInMillis":2}
<<<<<<<<<<<<<<<<<<<<<<<<<
22:01:35.026 [DEBUG] i.g.c.a.Pause - Pausing for 5868ms (real=5852ms)
22:01:35.051 [DEBUG] i.g.h.e.t.HttpTxExecutor - Sending request=simple_delay uri=http://localhost:8080/delay?duration=555: scenario=Acceptance test, userId=149
22:01:35.052 [DEBUG] i.g.h.e.t.HttpTxExecutor - Sending request=simple_cpu_burn uri=http://localhost:8080/cpu/magic-identity-check?matrixSize=133: scenario=Acceptance test, userId=152
22:01:35.052 [DEBUG] i.g.h.c.i.HttpAppHandler - Write request WritableRequest{request=DefaultFullHttpRequest(decodeResult: success, version: HTTP/1.1, content: UnpooledByteBufAllocator$InstrumentedUnpooledUnsafeHeapByteBuf(ridx: 0, widx: 0, cap: 0))
GET /delay?duration=555 HTTP/1.1
Accept: */*
Content-Type: application/json;charset=UTF-8
Accept-Language: en-US,en;q=0.8,nl;q=0.6
User-Agent: Mozilla/5.0 (Windows NT 6.1; WOW64) AppleWebKit/537.36 (KHTML, like Gecko) Chrome/38.0.2125.111 Safari/537.36
accept-encoding: gzip,deflate,sdch
host: localhost:8080, content=null}
22:01:35.052 [DEBUG] i.g.c.c.i.o.OpenWorkload - Start user #152
22:01:35.052 [DEBUG] i.g.h.c.i.HttpAppHandler - Write request WritableRequest{request=DefaultFullHttpRequest(decodeResult: success, version: HTTP/1.1, content: UnpooledByteBufAllocator$InstrumentedUnpooledUnsafeHeapByteBuf(ridx: 0, widx: 0, cap: 0))
GET /cpu/magic-identity-check?matrixSize=133 HTTP/1.1
Accept: */*
Content-Type: application/json;charset=UTF-8
Accept-Language: en-US,en;q=0.8,nl;q=0.6
User-Agent: Mozilla/5.0 (Windows NT 6.1; WOW64) AppleWebKit/537.36 (KHTML, like Gecko) Chrome/38.0.2125.111 Safari/537.36
accept-encoding: gzip,deflate,sdch
host: localhost:8080, content=null}
22:01:35.057 [DEBUG] i.g.h.c.i.HttpAppHandler - Read msg='DefaultHttpResponse(decodeResult: success, version: HTTP/1.1)
HTTP/1.1 200 
Content-Type: application/json;charset=UTF-8
Transfer-Encoding: chunked
Date: Wed, 29 Jan 2020 21:01:34 GMT'
22:01:35.057 [DEBUG] i.g.h.c.i.HttpAppHandler - Read msg='DefaultHttpContent(data: PooledSlicedByteBuf(ridx: 0, widx: 170, cap: 170/170, unwrapped: PooledUnsafeDirectByteBuf(ridx: 304, widx: 309, cap: 1024)), decoderResult: success)'
22:01:35.057 [DEBUG] i.g.h.c.i.HttpAppHandler - Read msg='EmptyLastHttpContent'
22:01:35.058 [TRACE] i.g.h.e.r.DefaultStatsProcessor - 
>>>>>>>>>>>>>>>>>>>>>>>>>>
Request:
simple_cpu_burn: OK 
=========================
Session:
Session(Acceptance test,152,1580331695051,Map(gatling.http.ssl.sslContexts -> SslContexts(io.netty.handler.ssl.JdkSslContext@3ac7e470,None), gatling.http.cache.dns -> io.gatling.http.cache.DnsCacheSupport$$anon$1@5898ac4b, gatling.http.cache.baseUrl -> http://localhost:8080),0,OK,List(),io.gatling.core.protocol.ProtocolComponentsRegistry$$Lambda$598/0x000000084055d840@452b12e)
=========================
HTTP request:
GET http://localhost:8080/cpu/magic-identity-check?matrixSize=133
headers=
Accept: */*
Content-Type: application/json;charset=UTF-8
Accept-Language: en-US,en;q=0.8,nl;q=0.6
User-Agent: Mozilla/5.0 (Windows NT 6.1; WOW64) AppleWebKit/537.36 (KHTML, like Gecko) Chrome/38.0.2125.111 Safari/537.36
accept-encoding: gzip,deflate,sdch
host: localhost:8080
=========================
HTTP response:
status=
200 
headers= 
Content-Type: application/json;charset=UTF-8
Transfer-Encoding: chunked
Date: Wed, 29 Jan 2020 21:01:34 GMT

body=
{"message":"A simple magic square multiplied by an identity square of size [133] [is equal] to the magic square.","name":"Simple-PropertiesFileName","durationInMillis":4}
<<<<<<<<<<<<<<<<<<<<<<<<<
22:01:35.058 [DEBUG] i.g.c.a.Pause - Pausing for 3260ms (real=3259ms)
22:01:35.211 [DEBUG] i.g.h.e.t.HttpTxExecutor - Sending request=simple_mini_leak uri=http://localhost:8080/memory/grow?objects=8&items=54: scenario=Acceptance test, userId=143
22:01:35.212 [DEBUG] i.g.h.c.i.HttpAppHandler - Write request WritableRequest{request=DefaultFullHttpRequest(decodeResult: success, version: HTTP/1.1, content: UnpooledByteBufAllocator$InstrumentedUnpooledUnsafeHeapByteBuf(ridx: 0, widx: 0, cap: 0))
GET /memory/grow?objects=8&items=54 HTTP/1.1
Accept: */*
Content-Type: application/json;charset=UTF-8
Accept-Language: en-US,en;q=0.8,nl;q=0.6
User-Agent: Mozilla/5.0 (Windows NT 6.1; WOW64) AppleWebKit/537.36 (KHTML, like Gecko) Chrome/38.0.2125.111 Safari/537.36
accept-encoding: gzip,deflate,sdch
host: localhost:8080, content=null}
22:01:35.217 [DEBUG] i.g.h.c.i.HttpAppHandler - Read msg='DefaultHttpResponse(decodeResult: success, version: HTTP/1.1)
HTTP/1.1 200 
Content-Type: application/json;charset=UTF-8
Transfer-Encoding: chunked
Date: Wed, 29 Jan 2020 21:01:35 GMT'
22:01:35.217 [DEBUG] i.g.h.c.i.HttpAppHandler - Read msg='DefaultHttpContent(data: PooledSlicedByteBuf(ridx: 0, widx: 144, cap: 144/144, unwrapped: PooledUnsafeDirectByteBuf(ridx: 278, widx: 278, cap: 512)), decoderResult: success)'
22:01:35.217 [DEBUG] i.g.h.c.i.HttpAppHandler - Read msg='EmptyLastHttpContent'
22:01:35.217 [TRACE] i.g.h.e.r.DefaultStatsProcessor - 
>>>>>>>>>>>>>>>>>>>>>>>>>>
Request:
simple_mini_leak: OK 
=========================
Session:
Session(Acceptance test,143,1580331690551,Map(gatling.http.ssl.sslContexts -> SslContexts(io.netty.handler.ssl.JdkSslContext@41f65799,None), gatling.http.cache.dns -> io.gatling.http.cache.DnsCacheSupport$$anon$1@5898ac4b, gatling.http.cache.baseUrl -> http://localhost:8080),13,OK,List(),io.gatling.core.protocol.ProtocolComponentsRegistry$$Lambda$598/0x000000084055d840@452b12e)
=========================
HTTP request:
GET http://localhost:8080/memory/grow?objects=8&items=54
headers=
Accept: */*
Content-Type: application/json;charset=UTF-8
Accept-Language: en-US,en;q=0.8,nl;q=0.6
User-Agent: Mozilla/5.0 (Windows NT 6.1; WOW64) AppleWebKit/537.36 (KHTML, like Gecko) Chrome/38.0.2125.111 Safari/537.36
accept-encoding: gzip,deflate,sdch
host: localhost:8080
=========================
HTTP response:
status=
200 
headers= 
Content-Type: application/json;charset=UTF-8
Transfer-Encoding: chunked
Date: Wed, 29 Jan 2020 21:01:35 GMT

body=
{"message":"Size of BigFatBastard list is now 12128 objects. It contains 654912 items.","name":"Simple-PropertiesFileName","durationInMillis":3}
<<<<<<<<<<<<<<<<<<<<<<<<<
22:01:35.217 [DEBUG] i.g.c.a.Pause - Pausing for 721ms (real=708ms)
22:01:35.272 [DEBUG] i.g.h.e.t.HttpTxExecutor - Sending request=simple_mini_leak uri=http://localhost:8080/memory/grow?objects=8&items=54: scenario=Acceptance test, userId=138
22:01:35.273 [DEBUG] i.g.h.c.i.HttpAppHandler - Write request WritableRequest{request=DefaultFullHttpRequest(decodeResult: success, version: HTTP/1.1, content: UnpooledByteBufAllocator$InstrumentedUnpooledUnsafeHeapByteBuf(ridx: 0, widx: 0, cap: 0))
GET /memory/grow?objects=8&items=54 HTTP/1.1
Accept: */*
Content-Type: application/json;charset=UTF-8
Accept-Language: en-US,en;q=0.8,nl;q=0.6
User-Agent: Mozilla/5.0 (Windows NT 6.1; WOW64) AppleWebKit/537.36 (KHTML, like Gecko) Chrome/38.0.2125.111 Safari/537.36
accept-encoding: gzip,deflate,sdch
host: localhost:8080, content=null}
22:01:35.280 [DEBUG] i.g.h.c.i.HttpAppHandler - Read msg='DefaultHttpResponse(decodeResult: success, version: HTTP/1.1)
HTTP/1.1 200 
Content-Type: application/json;charset=UTF-8
Transfer-Encoding: chunked
Date: Wed, 29 Jan 2020 21:01:35 GMT'
22:01:35.280 [DEBUG] i.g.h.c.i.HttpAppHandler - Read msg='DefaultHttpContent(data: PooledSlicedByteBuf(ridx: 0, widx: 144, cap: 144/144, unwrapped: PooledUnsafeDirectByteBuf(ridx: 278, widx: 278, cap: 512)), decoderResult: success)'
22:01:35.280 [DEBUG] i.g.h.c.i.HttpAppHandler - Read msg='EmptyLastHttpContent'
22:01:35.281 [TRACE] i.g.h.e.r.DefaultStatsProcessor - 
>>>>>>>>>>>>>>>>>>>>>>>>>>
Request:
simple_mini_leak: OK 
=========================
Session:
Session(Acceptance test,138,1580331688052,Map(gatling.http.ssl.sslContexts -> SslContexts(io.netty.handler.ssl.JdkSslContext@765838b5,None), gatling.http.cache.dns -> io.gatling.http.cache.DnsCacheSupport$$anon$1@5898ac4b, gatling.http.cache.baseUrl -> http://localhost:8080),22,OK,List(),io.gatling.core.protocol.ProtocolComponentsRegistry$$Lambda$598/0x000000084055d840@452b12e)
=========================
HTTP request:
GET http://localhost:8080/memory/grow?objects=8&items=54
headers=
Accept: */*
Content-Type: application/json;charset=UTF-8
Accept-Language: en-US,en;q=0.8,nl;q=0.6
User-Agent: Mozilla/5.0 (Windows NT 6.1; WOW64) AppleWebKit/537.36 (KHTML, like Gecko) Chrome/38.0.2125.111 Safari/537.36
accept-encoding: gzip,deflate,sdch
host: localhost:8080
=========================
HTTP response:
status=
200 
headers= 
Content-Type: application/json;charset=UTF-8
Transfer-Encoding: chunked
Date: Wed, 29 Jan 2020 21:01:35 GMT

body=
{"message":"Size of BigFatBastard list is now 12136 objects. It contains 655344 items.","name":"Simple-PropertiesFileName","durationInMillis":5}
<<<<<<<<<<<<<<<<<<<<<<<<<
22:01:35.281 [DEBUG] i.g.c.a.Pause - Pausing for 2887ms (real=2864ms)
22:01:35.551 [DEBUG] i.g.h.e.t.HttpTxExecutor - Sending request=simple_cpu_burn uri=http://localhost:8080/cpu/magic-identity-check?matrixSize=133: scenario=Acceptance test, userId=153
22:01:35.552 [DEBUG] i.g.c.c.i.o.OpenWorkload - Injecting 2 users in scenario Acceptance test, continue=true
22:01:35.552 [DEBUG] i.g.c.c.i.o.OpenWorkload - Start user #153
22:01:35.553 [DEBUG] i.g.h.c.i.HttpAppHandler - Write request WritableRequest{request=DefaultFullHttpRequest(decodeResult: success, version: HTTP/1.1, content: UnpooledByteBufAllocator$InstrumentedUnpooledUnsafeHeapByteBuf(ridx: 0, widx: 0, cap: 0))
GET /cpu/magic-identity-check?matrixSize=133 HTTP/1.1
Accept: */*
Content-Type: application/json;charset=UTF-8
Accept-Language: en-US,en;q=0.8,nl;q=0.6
User-Agent: Mozilla/5.0 (Windows NT 6.1; WOW64) AppleWebKit/537.36 (KHTML, like Gecko) Chrome/38.0.2125.111 Safari/537.36
accept-encoding: gzip,deflate,sdch
host: localhost:8080, content=null}
22:01:35.562 [DEBUG] i.g.h.c.i.HttpAppHandler - Read msg='DefaultHttpResponse(decodeResult: success, version: HTTP/1.1)
HTTP/1.1 200 
Content-Type: application/json;charset=UTF-8
Transfer-Encoding: chunked
Date: Wed, 29 Jan 2020 21:01:35 GMT'
22:01:35.563 [DEBUG] i.g.h.c.i.HttpAppHandler - Read msg='DefaultHttpContent(data: PooledSlicedByteBuf(ridx: 0, widx: 170, cap: 170/170, unwrapped: PooledUnsafeDirectByteBuf(ridx: 304, widx: 304, cap: 1024)), decoderResult: success)'
22:01:35.563 [DEBUG] i.g.h.c.i.HttpAppHandler - Read msg='EmptyLastHttpContent'
22:01:35.563 [TRACE] i.g.h.e.r.DefaultStatsProcessor - 
>>>>>>>>>>>>>>>>>>>>>>>>>>
Request:
simple_cpu_burn: OK 
=========================
Session:
Session(Acceptance test,153,1580331695551,Map(gatling.http.ssl.sslContexts -> SslContexts(io.netty.handler.ssl.JdkSslContext@2a6aa51e,None), gatling.http.cache.dns -> io.gatling.http.cache.DnsCacheSupport$$anon$1@5898ac4b, gatling.http.cache.baseUrl -> http://localhost:8080),0,OK,List(),io.gatling.core.protocol.ProtocolComponentsRegistry$$Lambda$598/0x000000084055d840@452b12e)
=========================
HTTP request:
GET http://localhost:8080/cpu/magic-identity-check?matrixSize=133
headers=
Accept: */*
Content-Type: application/json;charset=UTF-8
Accept-Language: en-US,en;q=0.8,nl;q=0.6
User-Agent: Mozilla/5.0 (Windows NT 6.1; WOW64) AppleWebKit/537.36 (KHTML, like Gecko) Chrome/38.0.2125.111 Safari/537.36
accept-encoding: gzip,deflate,sdch
host: localhost:8080
=========================
HTTP response:
status=
200 
headers= 
Content-Type: application/json;charset=UTF-8
Transfer-Encoding: chunked
Date: Wed, 29 Jan 2020 21:01:35 GMT

body=
{"message":"A simple magic square multiplied by an identity square of size [133] [is equal] to the magic square.","name":"Simple-PropertiesFileName","durationInMillis":8}
<<<<<<<<<<<<<<<<<<<<<<<<<
22:01:35.563 [DEBUG] i.g.c.a.Pause - Pausing for 1575ms (real=1575ms)
22:01:35.608 [DEBUG] i.g.h.c.i.HttpAppHandler - Read msg='DefaultHttpResponse(decodeResult: success, version: HTTP/1.1)
HTTP/1.1 200 
Content-Type: application/json;charset=UTF-8
Transfer-Encoding: chunked
Date: Wed, 29 Jan 2020 21:01:35 GMT'
22:01:35.608 [DEBUG] i.g.h.c.i.HttpAppHandler - Read msg='DefaultHttpContent(data: PooledSlicedByteBuf(ridx: 0, widx: 95, cap: 95/95, unwrapped: PooledUnsafeDirectByteBuf(ridx: 229, widx: 234, cap: 1024)), decoderResult: success)'
22:01:35.608 [DEBUG] i.g.h.c.i.HttpAppHandler - Read msg='EmptyLastHttpContent'
22:01:35.608 [TRACE] i.g.h.e.r.DefaultStatsProcessor - 
>>>>>>>>>>>>>>>>>>>>>>>>>>
Request:
simple_delay: OK 
=========================
Session:
Session(Acceptance test,149,1580331693552,Map(gatling.http.ssl.sslContexts -> SslContexts(io.netty.handler.ssl.JdkSslContext@6bf7c81f,None), gatling.http.cache.dns -> io.gatling.http.cache.DnsCacheSupport$$anon$1@5898ac4b, gatling.http.cache.baseUrl -> http://localhost:8080),18,OK,List(),io.gatling.core.protocol.ProtocolComponentsRegistry$$Lambda$598/0x000000084055d840@452b12e)
=========================
HTTP request:
GET http://localhost:8080/delay?duration=555
headers=
Accept: */*
Content-Type: application/json;charset=UTF-8
Accept-Language: en-US,en;q=0.8,nl;q=0.6
User-Agent: Mozilla/5.0 (Windows NT 6.1; WOW64) AppleWebKit/537.36 (KHTML, like Gecko) Chrome/38.0.2125.111 Safari/537.36
accept-encoding: gzip,deflate,sdch
host: localhost:8080
=========================
HTTP response:
status=
200 
headers= 
Content-Type: application/json;charset=UTF-8
Transfer-Encoding: chunked
Date: Wed, 29 Jan 2020 21:01:35 GMT

body=
{"message":"This was a delay of 555","name":"Simple-PropertiesFileName","durationInMillis":555}
<<<<<<<<<<<<<<<<<<<<<<<<<
22:01:35.608 [DEBUG] i.g.c.a.Pause - Pausing for 2819ms (real=2801ms)
22:01:35.712 [DEBUG] i.g.h.e.t.HttpTxExecutor - Sending request=upload-file uri=http://localhost:8080/files/upload: scenario=Acceptance test, userId=130
22:01:35.712 [DEBUG] i.g.h.c.i.HttpAppHandler - Write request WritableRequest{request=DefaultHttpRequest(decodeResult: success, version: HTTP/1.1)
POST /files/upload HTTP/1.1
Accept: */*
Accept-Language: en-US,en;q=0.8,nl;q=0.6
User-Agent: Mozilla/5.0 (Windows NT 6.1; WOW64) AppleWebKit/537.36 (KHTML, like Gecko) Chrome/38.0.2125.111 Safari/537.36
accept-encoding: gzip,deflate,sdch
host: localhost:8080
content-type: multipart/form-data; boundary=JgBJgPaH6NM9U-GPtCULVmwGhg6VenGr_xc
content-length: 220, content=io.gatling.http.client.body.multipart.impl.MultipartFileRegion@59280976}
22:01:35.715 [DEBUG] i.g.h.c.i.HttpAppHandler - Read msg='DefaultHttpResponse(decodeResult: success, version: HTTP/1.1)
HTTP/1.1 200 
Content-Type: text/plain;charset=UTF-8
Content-Length: 62
Date: Wed, 29 Jan 2020 21:01:35 GMT'
22:01:35.715 [DEBUG] i.g.h.c.i.HttpAppHandler - Read msg='DefaultLastHttpContent(data: PooledSlicedByteBuf(ridx: 0, widx: 62, cap: 62/62, unwrapped: PooledUnsafeDirectByteBuf(ridx: 176, widx: 176, cap: 496)), decoderResult: success)'
22:01:35.716 [TRACE] i.g.h.e.r.DefaultStatsProcessor - 
>>>>>>>>>>>>>>>>>>>>>>>>>>
Request:
upload-file: OK 
=========================
Session:
Session(Acceptance test,130,1580331684051,Map(gatling.http.ssl.sslContexts -> SslContexts(io.netty.handler.ssl.JdkSslContext@7b64de2d,None), gatling.http.cache.dns -> io.gatling.http.cache.DnsCacheSupport$$anon$1@5898ac4b, gatling.http.cache.baseUrl -> http://localhost:8080),15,OK,List(),io.gatling.core.protocol.ProtocolComponentsRegistry$$Lambda$598/0x000000084055d840@452b12e)
=========================
HTTP request:
POST http://localhost:8080/files/upload
headers=
Accept: */*
Accept-Language: en-US,en;q=0.8,nl;q=0.6
User-Agent: Mozilla/5.0 (Windows NT 6.1; WOW64) AppleWebKit/537.36 (KHTML, like Gecko) Chrome/38.0.2125.111 Safari/537.36
accept-encoding: gzip,deflate,sdch
host: localhost:8080
content-type: multipart/form-data; boundary=JgBJgPaH6NM9U-GPtCULVmwGhg6VenGr_xc
content-length: 220
multipartBody=
ByteArrayPart: name=upload contentType=text/plain dispositionType=null charset=UTF-8 transferEncoding=null contentId=null filename=gatling-upload.txt
=========================
HTTP response:
status=
200 
headers= 
Content-Type: text/plain;charset=UTF-8
Content-Length: 62
Date: Wed, 29 Jan 2020 21:01:35 GMT

body=
File upload succeeded [gatling-upload.txt] of size [17] bytes.
<<<<<<<<<<<<<<<<<<<<<<<<<
22:01:35.716 [DEBUG] i.g.c.a.Exit - End user #130
22:01:35.716 [DEBUG] i.g.c.c.i.Injector - End user #130
22:01:35.761 [DEBUG] i.g.h.e.t.HttpTxExecutor - Sending request=simple_mini_leak uri=http://localhost:8080/memory/grow?objects=8&items=54: scenario=Acceptance test, userId=147
22:01:35.761 [DEBUG] i.g.h.c.i.HttpAppHandler - Write request WritableRequest{request=DefaultFullHttpRequest(decodeResult: success, version: HTTP/1.1, content: UnpooledByteBufAllocator$InstrumentedUnpooledUnsafeHeapByteBuf(ridx: 0, widx: 0, cap: 0))
GET /memory/grow?objects=8&items=54 HTTP/1.1
Accept: */*
Content-Type: application/json;charset=UTF-8
Accept-Language: en-US,en;q=0.8,nl;q=0.6
User-Agent: Mozilla/5.0 (Windows NT 6.1; WOW64) AppleWebKit/537.36 (KHTML, like Gecko) Chrome/38.0.2125.111 Safari/537.36
accept-encoding: gzip,deflate,sdch
host: localhost:8080, content=null}
22:01:35.764 [DEBUG] i.g.h.c.i.HttpAppHandler - Read msg='DefaultHttpResponse(decodeResult: success, version: HTTP/1.1)
HTTP/1.1 200 
Content-Type: application/json;charset=UTF-8
Transfer-Encoding: chunked
Date: Wed, 29 Jan 2020 21:01:35 GMT'
22:01:35.765 [DEBUG] i.g.h.c.i.HttpAppHandler - Read msg='DefaultHttpContent(data: PooledSlicedByteBuf(ridx: 0, widx: 144, cap: 144/144, unwrapped: PooledUnsafeDirectByteBuf(ridx: 278, widx: 278, cap: 512)), decoderResult: success)'
22:01:35.765 [DEBUG] i.g.h.c.i.HttpAppHandler - Read msg='EmptyLastHttpContent'
22:01:35.765 [TRACE] i.g.h.e.r.DefaultStatsProcessor - 
>>>>>>>>>>>>>>>>>>>>>>>>>>
Request:
simple_mini_leak: OK 
=========================
Session:
Session(Acceptance test,147,1580331692551,Map(gatling.http.ssl.sslContexts -> SslContexts(io.netty.handler.ssl.JdkSslContext@2556a11e,None), gatling.http.cache.dns -> io.gatling.http.cache.DnsCacheSupport$$anon$1@5898ac4b, gatling.http.cache.baseUrl -> http://localhost:8080),12,OK,List(),io.gatling.core.protocol.ProtocolComponentsRegistry$$Lambda$598/0x000000084055d840@452b12e)
=========================
HTTP request:
GET http://localhost:8080/memory/grow?objects=8&items=54
headers=
Accept: */*
Content-Type: application/json;charset=UTF-8
Accept-Language: en-US,en;q=0.8,nl;q=0.6
User-Agent: Mozilla/5.0 (Windows NT 6.1; WOW64) AppleWebKit/537.36 (KHTML, like Gecko) Chrome/38.0.2125.111 Safari/537.36
accept-encoding: gzip,deflate,sdch
host: localhost:8080
=========================
HTTP response:
status=
200 
headers= 
Content-Type: application/json;charset=UTF-8
Transfer-Encoding: chunked
Date: Wed, 29 Jan 2020 21:01:35 GMT

body=
{"message":"Size of BigFatBastard list is now 12144 objects. It contains 655776 items.","name":"Simple-PropertiesFileName","durationInMillis":2}
<<<<<<<<<<<<<<<<<<<<<<<<<
22:01:35.765 [DEBUG] i.g.c.a.Pause - Pausing for 1250ms (real=1238ms)
22:01:35.942 [DEBUG] i.g.h.e.t.HttpTxExecutor - Sending request=upload-file uri=http://localhost:8080/files/upload: scenario=Acceptance test, userId=143
22:01:35.942 [DEBUG] i.g.h.c.i.HttpAppHandler - Write request WritableRequest{request=DefaultHttpRequest(decodeResult: success, version: HTTP/1.1)
POST /files/upload HTTP/1.1
Accept: */*
Accept-Language: en-US,en;q=0.8,nl;q=0.6
User-Agent: Mozilla/5.0 (Windows NT 6.1; WOW64) AppleWebKit/537.36 (KHTML, like Gecko) Chrome/38.0.2125.111 Safari/537.36
accept-encoding: gzip,deflate,sdch
host: localhost:8080
content-type: multipart/form-data; boundary=NuVKfNz6eEDN06Rzsy_hnyfa2z1FfqlVNdg
content-length: 220, content=io.gatling.http.client.body.multipart.impl.MultipartFileRegion@5d489126}
22:01:35.944 [DEBUG] i.g.h.c.i.HttpAppHandler - Read msg='DefaultHttpResponse(decodeResult: success, version: HTTP/1.1)
HTTP/1.1 200 
Content-Type: text/plain;charset=UTF-8
Content-Length: 62
Date: Wed, 29 Jan 2020 21:01:35 GMT'
22:01:35.944 [DEBUG] i.g.h.c.i.HttpAppHandler - Read msg='DefaultLastHttpContent(data: PooledSlicedByteBuf(ridx: 0, widx: 62, cap: 62/62, unwrapped: PooledUnsafeDirectByteBuf(ridx: 176, widx: 176, cap: 496)), decoderResult: success)'
22:01:35.944 [TRACE] i.g.h.e.r.DefaultStatsProcessor - 
>>>>>>>>>>>>>>>>>>>>>>>>>>
Request:
upload-file: OK 
=========================
Session:
Session(Acceptance test,143,1580331690551,Map(gatling.http.ssl.sslContexts -> SslContexts(io.netty.handler.ssl.JdkSslContext@41f65799,None), gatling.http.cache.dns -> io.gatling.http.cache.DnsCacheSupport$$anon$1@5898ac4b, gatling.http.cache.baseUrl -> http://localhost:8080),17,OK,List(),io.gatling.core.protocol.ProtocolComponentsRegistry$$Lambda$598/0x000000084055d840@452b12e)
=========================
HTTP request:
POST http://localhost:8080/files/upload
headers=
Accept: */*
Accept-Language: en-US,en;q=0.8,nl;q=0.6
User-Agent: Mozilla/5.0 (Windows NT 6.1; WOW64) AppleWebKit/537.36 (KHTML, like Gecko) Chrome/38.0.2125.111 Safari/537.36
accept-encoding: gzip,deflate,sdch
host: localhost:8080
content-type: multipart/form-data; boundary=NuVKfNz6eEDN06Rzsy_hnyfa2z1FfqlVNdg
content-length: 220
multipartBody=
ByteArrayPart: name=upload contentType=text/plain dispositionType=null charset=UTF-8 transferEncoding=null contentId=null filename=gatling-upload.txt
=========================
HTTP response:
status=
200 
headers= 
Content-Type: text/plain;charset=UTF-8
Content-Length: 62
Date: Wed, 29 Jan 2020 21:01:35 GMT

body=
File upload succeeded [gatling-upload.txt] of size [17] bytes.
<<<<<<<<<<<<<<<<<<<<<<<<<
22:01:35.944 [DEBUG] i.g.c.a.Exit - End user #143
22:01:35.944 [DEBUG] i.g.c.c.i.Injector - End user #143
22:01:35.962 [DEBUG] i.g.h.e.t.HttpTxExecutor - Sending request=simple_delay uri=http://localhost:8080/delay?duration=555: scenario=Acceptance test, userId=150
22:01:35.962 [DEBUG] i.g.h.c.i.HttpAppHandler - Write request WritableRequest{request=DefaultFullHttpRequest(decodeResult: success, version: HTTP/1.1, content: UnpooledByteBufAllocator$InstrumentedUnpooledUnsafeHeapByteBuf(ridx: 0, widx: 0, cap: 0))
GET /delay?duration=555 HTTP/1.1
Accept: */*
Content-Type: application/json;charset=UTF-8
Accept-Language: en-US,en;q=0.8,nl;q=0.6
User-Agent: Mozilla/5.0 (Windows NT 6.1; WOW64) AppleWebKit/537.36 (KHTML, like Gecko) Chrome/38.0.2125.111 Safari/537.36
accept-encoding: gzip,deflate,sdch
host: localhost:8080, content=null}
22:01:36.052 [DEBUG] i.g.h.e.t.HttpTxExecutor - Sending request=simple_cpu_burn uri=http://localhost:8080/cpu/magic-identity-check?matrixSize=133: scenario=Acceptance test, userId=154
22:01:36.052 [DEBUG] i.g.c.c.i.o.OpenWorkload - Start user #154
22:01:36.053 [DEBUG] i.g.h.c.i.HttpAppHandler - Write request WritableRequest{request=DefaultFullHttpRequest(decodeResult: success, version: HTTP/1.1, content: UnpooledByteBufAllocator$InstrumentedUnpooledUnsafeHeapByteBuf(ridx: 0, widx: 0, cap: 0))
GET /cpu/magic-identity-check?matrixSize=133 HTTP/1.1
Accept: */*
Content-Type: application/json;charset=UTF-8
Accept-Language: en-US,en;q=0.8,nl;q=0.6
User-Agent: Mozilla/5.0 (Windows NT 6.1; WOW64) AppleWebKit/537.36 (KHTML, like Gecko) Chrome/38.0.2125.111 Safari/537.36
accept-encoding: gzip,deflate,sdch
host: localhost:8080, content=null}
22:01:36.064 [DEBUG] i.g.h.c.i.HttpAppHandler - Read msg='DefaultHttpResponse(decodeResult: success, version: HTTP/1.1)
HTTP/1.1 200 
Content-Type: application/json;charset=UTF-8
Transfer-Encoding: chunked
Date: Wed, 29 Jan 2020 21:01:35 GMT'
22:01:36.064 [DEBUG] i.g.h.c.i.HttpAppHandler - Read msg='DefaultHttpContent(data: PooledSlicedByteBuf(ridx: 0, widx: 170, cap: 170/170, unwrapped: PooledUnsafeDirectByteBuf(ridx: 304, widx: 304, cap: 1024)), decoderResult: success)'
22:01:36.064 [DEBUG] i.g.h.c.i.HttpAppHandler - Read msg='EmptyLastHttpContent'
22:01:36.064 [TRACE] i.g.h.e.r.DefaultStatsProcessor - 
>>>>>>>>>>>>>>>>>>>>>>>>>>
Request:
simple_cpu_burn: OK 
=========================
Session:
Session(Acceptance test,154,1580331696051,Map(gatling.http.ssl.sslContexts -> SslContexts(io.netty.handler.ssl.JdkSslContext@3b441374,None), gatling.http.cache.dns -> io.gatling.http.cache.DnsCacheSupport$$anon$1@5898ac4b, gatling.http.cache.baseUrl -> http://localhost:8080),0,OK,List(),io.gatling.core.protocol.ProtocolComponentsRegistry$$Lambda$598/0x000000084055d840@452b12e)
=========================
HTTP request:
GET http://localhost:8080/cpu/magic-identity-check?matrixSize=133
headers=
Accept: */*
Content-Type: application/json;charset=UTF-8
Accept-Language: en-US,en;q=0.8,nl;q=0.6
User-Agent: Mozilla/5.0 (Windows NT 6.1; WOW64) AppleWebKit/537.36 (KHTML, like Gecko) Chrome/38.0.2125.111 Safari/537.36
accept-encoding: gzip,deflate,sdch
host: localhost:8080
=========================
HTTP response:
status=
200 
headers= 
Content-Type: application/json;charset=UTF-8
Transfer-Encoding: chunked
Date: Wed, 29 Jan 2020 21:01:35 GMT

body=
{"message":"A simple magic square multiplied by an identity square of size [133] [is equal] to the magic square.","name":"Simple-PropertiesFileName","durationInMillis":9}
<<<<<<<<<<<<<<<<<<<<<<<<<
22:01:36.064 [DEBUG] i.g.c.a.Pause - Pausing for 504ms (real=504ms)
22:01:36.519 [DEBUG] i.g.h.c.i.HttpAppHandler - Read msg='DefaultHttpResponse(decodeResult: success, version: HTTP/1.1)
HTTP/1.1 200 
Content-Type: application/json;charset=UTF-8
Transfer-Encoding: chunked
Date: Wed, 29 Jan 2020 21:01:36 GMT'
22:01:36.519 [DEBUG] i.g.h.c.i.HttpAppHandler - Read msg='DefaultHttpContent(data: PooledSlicedByteBuf(ridx: 0, widx: 95, cap: 95/95, unwrapped: PooledUnsafeDirectByteBuf(ridx: 229, widx: 234, cap: 512)), decoderResult: success)'
22:01:36.519 [DEBUG] i.g.h.c.i.HttpAppHandler - Read msg='EmptyLastHttpContent'
22:01:36.520 [TRACE] i.g.h.e.r.DefaultStatsProcessor - 
>>>>>>>>>>>>>>>>>>>>>>>>>>
Request:
simple_delay: OK 
=========================
Session:
Session(Acceptance test,150,1580331694051,Map(gatling.http.ssl.sslContexts -> SslContexts(io.netty.handler.ssl.JdkSslContext@1338497f,None), gatling.http.cache.dns -> io.gatling.http.cache.DnsCacheSupport$$anon$1@5898ac4b, gatling.http.cache.baseUrl -> http://localhost:8080),16,OK,List(),io.gatling.core.protocol.ProtocolComponentsRegistry$$Lambda$598/0x000000084055d840@452b12e)
=========================
HTTP request:
GET http://localhost:8080/delay?duration=555
headers=
Accept: */*
Content-Type: application/json;charset=UTF-8
Accept-Language: en-US,en;q=0.8,nl;q=0.6
User-Agent: Mozilla/5.0 (Windows NT 6.1; WOW64) AppleWebKit/537.36 (KHTML, like Gecko) Chrome/38.0.2125.111 Safari/537.36
accept-encoding: gzip,deflate,sdch
host: localhost:8080
=========================
HTTP response:
status=
200 
headers= 
Content-Type: application/json;charset=UTF-8
Transfer-Encoding: chunked
Date: Wed, 29 Jan 2020 21:01:36 GMT

body=
{"message":"This was a delay of 555","name":"Simple-PropertiesFileName","durationInMillis":555}
<<<<<<<<<<<<<<<<<<<<<<<<<
22:01:36.520 [DEBUG] i.g.c.a.Pause - Pausing for 3028ms (real=3011ms)
22:01:36.552 [DEBUG] i.g.c.c.i.o.OpenWorkload - Injecting 2 users in scenario Acceptance test, continue=true
22:01:36.552 [DEBUG] i.g.h.e.t.HttpTxExecutor - Sending request=simple_cpu_burn uri=http://localhost:8080/cpu/magic-identity-check?matrixSize=133: scenario=Acceptance test, userId=155
22:01:36.552 [DEBUG] i.g.c.c.i.o.OpenWorkload - Start user #155
22:01:36.552 [DEBUG] i.g.h.c.i.HttpAppHandler - Write request WritableRequest{request=DefaultFullHttpRequest(decodeResult: success, version: HTTP/1.1, content: UnpooledByteBufAllocator$InstrumentedUnpooledUnsafeHeapByteBuf(ridx: 0, widx: 0, cap: 0))
GET /cpu/magic-identity-check?matrixSize=133 HTTP/1.1
Accept: */*
Content-Type: application/json;charset=UTF-8
Accept-Language: en-US,en;q=0.8,nl;q=0.6
User-Agent: Mozilla/5.0 (Windows NT 6.1; WOW64) AppleWebKit/537.36 (KHTML, like Gecko) Chrome/38.0.2125.111 Safari/537.36
accept-encoding: gzip,deflate,sdch
host: localhost:8080, content=null}
22:01:36.555 [DEBUG] i.g.h.c.i.HttpAppHandler - Read msg='DefaultHttpResponse(decodeResult: success, version: HTTP/1.1)
HTTP/1.1 200 
Content-Type: application/json;charset=UTF-8
Transfer-Encoding: chunked
Date: Wed, 29 Jan 2020 21:01:36 GMT'
22:01:36.556 [DEBUG] i.g.h.c.i.HttpAppHandler - Read msg='DefaultHttpContent(data: PooledSlicedByteBuf(ridx: 0, widx: 170, cap: 170/170, unwrapped: PooledUnsafeDirectByteBuf(ridx: 304, widx: 309, cap: 1024)), decoderResult: success)'
22:01:36.556 [DEBUG] i.g.h.c.i.HttpAppHandler - Read msg='EmptyLastHttpContent'
22:01:36.556 [TRACE] i.g.h.e.r.DefaultStatsProcessor - 
>>>>>>>>>>>>>>>>>>>>>>>>>>
Request:
simple_cpu_burn: OK 
=========================
Session:
Session(Acceptance test,155,1580331696551,Map(gatling.http.ssl.sslContexts -> SslContexts(io.netty.handler.ssl.JdkSslContext@4c812b1e,None), gatling.http.cache.dns -> io.gatling.http.cache.DnsCacheSupport$$anon$1@5898ac4b, gatling.http.cache.baseUrl -> http://localhost:8080),0,OK,List(),io.gatling.core.protocol.ProtocolComponentsRegistry$$Lambda$598/0x000000084055d840@452b12e)
=========================
HTTP request:
GET http://localhost:8080/cpu/magic-identity-check?matrixSize=133
headers=
Accept: */*
Content-Type: application/json;charset=UTF-8
Accept-Language: en-US,en;q=0.8,nl;q=0.6
User-Agent: Mozilla/5.0 (Windows NT 6.1; WOW64) AppleWebKit/537.36 (KHTML, like Gecko) Chrome/38.0.2125.111 Safari/537.36
accept-encoding: gzip,deflate,sdch
host: localhost:8080
=========================
HTTP response:
status=
200 
headers= 
Content-Type: application/json;charset=UTF-8
Transfer-Encoding: chunked
Date: Wed, 29 Jan 2020 21:01:36 GMT

body=
{"message":"A simple magic square multiplied by an identity square of size [133] [is equal] to the magic square.","name":"Simple-PropertiesFileName","durationInMillis":2}
<<<<<<<<<<<<<<<<<<<<<<<<<
22:01:36.556 [DEBUG] i.g.c.a.Pause - Pausing for 410ms (real=410ms)
22:01:36.592 [DEBUG] i.g.h.e.t.HttpTxExecutor - Sending request=simple_delay uri=http://localhost:8080/delay?duration=555: scenario=Acceptance test, userId=154
22:01:36.592 [DEBUG] i.g.h.c.i.HttpAppHandler - Write request WritableRequest{request=DefaultFullHttpRequest(decodeResult: success, version: HTTP/1.1, content: UnpooledByteBufAllocator$InstrumentedUnpooledUnsafeHeapByteBuf(ridx: 0, widx: 0, cap: 0))
GET /delay?duration=555 HTTP/1.1
Accept: */*
Content-Type: application/json;charset=UTF-8
Accept-Language: en-US,en;q=0.8,nl;q=0.6
User-Agent: Mozilla/5.0 (Windows NT 6.1; WOW64) AppleWebKit/537.36 (KHTML, like Gecko) Chrome/38.0.2125.111 Safari/537.36
accept-encoding: gzip,deflate,sdch
host: localhost:8080, content=null}
22:01:36.661 [DEBUG] i.g.h.e.t.HttpTxExecutor - Sending request=simple_delay uri=http://localhost:8080/delay?duration=555: scenario=Acceptance test, userId=148
22:01:36.662 [DEBUG] i.g.h.c.i.HttpAppHandler - Write request WritableRequest{request=DefaultFullHttpRequest(decodeResult: success, version: HTTP/1.1, content: UnpooledByteBufAllocator$InstrumentedUnpooledUnsafeHeapByteBuf(ridx: 0, widx: 0, cap: 0))
GET /delay?duration=555 HTTP/1.1
Accept: */*
Content-Type: application/json;charset=UTF-8
Accept-Language: en-US,en;q=0.8,nl;q=0.6
User-Agent: Mozilla/5.0 (Windows NT 6.1; WOW64) AppleWebKit/537.36 (KHTML, like Gecko) Chrome/38.0.2125.111 Safari/537.36
accept-encoding: gzip,deflate,sdch
host: localhost:8080, content=null}
22:01:36.822 [DEBUG] i.g.h.e.t.HttpTxExecutor - Sending request=simple_mini_leak uri=http://localhost:8080/memory/grow?objects=8&items=54: scenario=Acceptance test, userId=145
22:01:36.822 [DEBUG] i.g.h.c.i.HttpAppHandler - Write request WritableRequest{request=DefaultFullHttpRequest(decodeResult: success, version: HTTP/1.1, content: UnpooledByteBufAllocator$InstrumentedUnpooledUnsafeHeapByteBuf(ridx: 0, widx: 0, cap: 0))
GET /memory/grow?objects=8&items=54 HTTP/1.1
Accept: */*
Content-Type: application/json;charset=UTF-8
Accept-Language: en-US,en;q=0.8,nl;q=0.6
User-Agent: Mozilla/5.0 (Windows NT 6.1; WOW64) AppleWebKit/537.36 (KHTML, like Gecko) Chrome/38.0.2125.111 Safari/537.36
accept-encoding: gzip,deflate,sdch
host: localhost:8080, content=null}
22:01:36.829 [DEBUG] i.g.h.c.i.HttpAppHandler - Read msg='DefaultHttpResponse(decodeResult: success, version: HTTP/1.1)
HTTP/1.1 200 
Content-Type: application/json;charset=UTF-8
Transfer-Encoding: chunked
Date: Wed, 29 Jan 2020 21:01:36 GMT'
22:01:36.830 [DEBUG] i.g.h.c.i.HttpAppHandler - Read msg='DefaultHttpContent(data: PooledSlicedByteBuf(ridx: 0, widx: 144, cap: 144/144, unwrapped: PooledUnsafeDirectByteBuf(ridx: 278, widx: 278, cap: 512)), decoderResult: success)'
22:01:36.830 [DEBUG] i.g.h.c.i.HttpAppHandler - Read msg='EmptyLastHttpContent'
22:01:36.830 [TRACE] i.g.h.e.r.DefaultStatsProcessor - 
>>>>>>>>>>>>>>>>>>>>>>>>>>
Request:
simple_mini_leak: OK 
=========================
Session:
Session(Acceptance test,145,1580331691551,Map(gatling.http.ssl.sslContexts -> SslContexts(io.netty.handler.ssl.JdkSslContext@3a23f14b,None), gatling.http.cache.dns -> io.gatling.http.cache.DnsCacheSupport$$anon$1@5898ac4b, gatling.http.cache.baseUrl -> http://localhost:8080),21,OK,List(),io.gatling.core.protocol.ProtocolComponentsRegistry$$Lambda$598/0x000000084055d840@452b12e)
=========================
HTTP request:
GET http://localhost:8080/memory/grow?objects=8&items=54
headers=
Accept: */*
Content-Type: application/json;charset=UTF-8
Accept-Language: en-US,en;q=0.8,nl;q=0.6
User-Agent: Mozilla/5.0 (Windows NT 6.1; WOW64) AppleWebKit/537.36 (KHTML, like Gecko) Chrome/38.0.2125.111 Safari/537.36
accept-encoding: gzip,deflate,sdch
host: localhost:8080
=========================
HTTP response:
status=
200 
headers= 
Content-Type: application/json;charset=UTF-8
Transfer-Encoding: chunked
Date: Wed, 29 Jan 2020 21:01:36 GMT

body=
{"message":"Size of BigFatBastard list is now 12152 objects. It contains 656208 items.","name":"Simple-PropertiesFileName","durationInMillis":5}
<<<<<<<<<<<<<<<<<<<<<<<<<
22:01:36.831 [DEBUG] i.g.c.a.Pause - Pausing for 545ms (real=524ms)
22:01:36.981 [DEBUG] i.g.h.e.t.HttpTxExecutor - Sending request=simple_delay uri=http://localhost:8080/delay?duration=555: scenario=Acceptance test, userId=155
22:01:36.982 [DEBUG] i.g.h.c.i.HttpAppHandler - Write request WritableRequest{request=DefaultFullHttpRequest(decodeResult: success, version: HTTP/1.1, content: UnpooledByteBufAllocator$InstrumentedUnpooledUnsafeHeapByteBuf(ridx: 0, widx: 0, cap: 0))
GET /delay?duration=555 HTTP/1.1
Accept: */*
Content-Type: application/json;charset=UTF-8
Accept-Language: en-US,en;q=0.8,nl;q=0.6
User-Agent: Mozilla/5.0 (Windows NT 6.1; WOW64) AppleWebKit/537.36 (KHTML, like Gecko) Chrome/38.0.2125.111 Safari/537.36
accept-encoding: gzip,deflate,sdch
host: localhost:8080, content=null}
22:01:37.022 [DEBUG] i.g.h.e.t.HttpTxExecutor - Sending request=upload-file uri=http://localhost:8080/files/upload: scenario=Acceptance test, userId=147
22:01:37.023 [DEBUG] i.g.h.c.i.HttpAppHandler - Write request WritableRequest{request=DefaultHttpRequest(decodeResult: success, version: HTTP/1.1)
POST /files/upload HTTP/1.1
Accept: */*
Accept-Language: en-US,en;q=0.8,nl;q=0.6
User-Agent: Mozilla/5.0 (Windows NT 6.1; WOW64) AppleWebKit/537.36 (KHTML, like Gecko) Chrome/38.0.2125.111 Safari/537.36
accept-encoding: gzip,deflate,sdch
host: localhost:8080
content-type: multipart/form-data; boundary=w4CkZx0mXiXAL2AMmG7_Q9aGe0Xhjd5Ans8
content-length: 220, content=io.gatling.http.client.body.multipart.impl.MultipartFileRegion@50de8986}
22:01:37.026 [DEBUG] i.g.h.c.i.HttpAppHandler - Read msg='DefaultHttpResponse(decodeResult: success, version: HTTP/1.1)
HTTP/1.1 200 
Content-Type: text/plain;charset=UTF-8
Content-Length: 62
Date: Wed, 29 Jan 2020 21:01:36 GMT'
22:01:37.026 [DEBUG] i.g.h.c.i.HttpAppHandler - Read msg='DefaultLastHttpContent(data: PooledSlicedByteBuf(ridx: 0, widx: 62, cap: 62/62, unwrapped: PooledUnsafeDirectByteBuf(ridx: 176, widx: 176, cap: 496)), decoderResult: success)'
22:01:37.027 [TRACE] i.g.h.e.r.DefaultStatsProcessor - 
>>>>>>>>>>>>>>>>>>>>>>>>>>
Request:
upload-file: OK 
=========================
Session:
Session(Acceptance test,147,1580331692551,Map(gatling.http.ssl.sslContexts -> SslContexts(io.netty.handler.ssl.JdkSslContext@2556a11e,None), gatling.http.cache.dns -> io.gatling.http.cache.DnsCacheSupport$$anon$1@5898ac4b, gatling.http.cache.baseUrl -> http://localhost:8080),19,OK,List(),io.gatling.core.protocol.ProtocolComponentsRegistry$$Lambda$598/0x000000084055d840@452b12e)
=========================
HTTP request:
POST http://localhost:8080/files/upload
headers=
Accept: */*
Accept-Language: en-US,en;q=0.8,nl;q=0.6
User-Agent: Mozilla/5.0 (Windows NT 6.1; WOW64) AppleWebKit/537.36 (KHTML, like Gecko) Chrome/38.0.2125.111 Safari/537.36
accept-encoding: gzip,deflate,sdch
host: localhost:8080
content-type: multipart/form-data; boundary=w4CkZx0mXiXAL2AMmG7_Q9aGe0Xhjd5Ans8
content-length: 220
multipartBody=
ByteArrayPart: name=upload contentType=text/plain dispositionType=null charset=UTF-8 transferEncoding=null contentId=null filename=gatling-upload.txt
=========================
HTTP response:
status=
200 
headers= 
Content-Type: text/plain;charset=UTF-8
Content-Length: 62
Date: Wed, 29 Jan 2020 21:01:36 GMT

body=
File upload succeeded [gatling-upload.txt] of size [17] bytes.
<<<<<<<<<<<<<<<<<<<<<<<<<
22:01:37.027 [DEBUG] i.g.c.a.Exit - End user #147
22:01:37.027 [DEBUG] i.g.c.c.i.Injector - End user #147
22:01:37.052 [DEBUG] i.g.h.e.t.HttpTxExecutor - Sending request=simple_cpu_burn uri=http://localhost:8080/cpu/magic-identity-check?matrixSize=133: scenario=Acceptance test, userId=156
22:01:37.052 [DEBUG] i.g.c.c.i.o.OpenWorkload - Start user #156
22:01:37.053 [DEBUG] i.g.h.c.i.HttpAppHandler - Write request WritableRequest{request=DefaultFullHttpRequest(decodeResult: success, version: HTTP/1.1, content: UnpooledByteBufAllocator$InstrumentedUnpooledUnsafeHeapByteBuf(ridx: 0, widx: 0, cap: 0))
GET /cpu/magic-identity-check?matrixSize=133 HTTP/1.1
Accept: */*
Content-Type: application/json;charset=UTF-8
Accept-Language: en-US,en;q=0.8,nl;q=0.6
User-Agent: Mozilla/5.0 (Windows NT 6.1; WOW64) AppleWebKit/537.36 (KHTML, like Gecko) Chrome/38.0.2125.111 Safari/537.36
accept-encoding: gzip,deflate,sdch
host: localhost:8080, content=null}
22:01:37.064 [DEBUG] i.g.h.c.i.HttpAppHandler - Read msg='DefaultHttpResponse(decodeResult: success, version: HTTP/1.1)
HTTP/1.1 200 
Content-Type: application/json;charset=UTF-8
Transfer-Encoding: chunked
Date: Wed, 29 Jan 2020 21:01:36 GMT'
22:01:37.064 [DEBUG] i.g.h.c.i.HttpAppHandler - Read msg='DefaultHttpContent(data: PooledSlicedByteBuf(ridx: 0, widx: 170, cap: 170/170, unwrapped: PooledUnsafeDirectByteBuf(ridx: 304, widx: 304, cap: 1024)), decoderResult: success)'
22:01:37.065 [DEBUG] i.g.h.c.i.HttpAppHandler - Read msg='EmptyLastHttpContent'
22:01:37.065 [TRACE] i.g.h.e.r.DefaultStatsProcessor - 
>>>>>>>>>>>>>>>>>>>>>>>>>>
Request:
simple_cpu_burn: OK 
=========================
Session:
Session(Acceptance test,156,1580331697051,Map(gatling.http.ssl.sslContexts -> SslContexts(io.netty.handler.ssl.JdkSslContext@2147b910,None), gatling.http.cache.dns -> io.gatling.http.cache.DnsCacheSupport$$anon$1@5898ac4b, gatling.http.cache.baseUrl -> http://localhost:8080),0,OK,List(),io.gatling.core.protocol.ProtocolComponentsRegistry$$Lambda$598/0x000000084055d840@452b12e)
=========================
HTTP request:
GET http://localhost:8080/cpu/magic-identity-check?matrixSize=133
headers=
Accept: */*
Content-Type: application/json;charset=UTF-8
Accept-Language: en-US,en;q=0.8,nl;q=0.6
User-Agent: Mozilla/5.0 (Windows NT 6.1; WOW64) AppleWebKit/537.36 (KHTML, like Gecko) Chrome/38.0.2125.111 Safari/537.36
accept-encoding: gzip,deflate,sdch
host: localhost:8080
=========================
HTTP response:
status=
200 
headers= 
Content-Type: application/json;charset=UTF-8
Transfer-Encoding: chunked
Date: Wed, 29 Jan 2020 21:01:36 GMT

body=
{"message":"A simple magic square multiplied by an identity square of size [133] [is equal] to the magic square.","name":"Simple-PropertiesFileName","durationInMillis":9}
<<<<<<<<<<<<<<<<<<<<<<<<<
22:01:37.065 [DEBUG] i.g.c.a.Pause - Pausing for 3367ms (real=3367ms)
22:01:37.111 [DEBUG] i.g.h.e.t.HttpTxExecutor - Sending request=simple_mini_leak uri=http://localhost:8080/memory/grow?objects=8&items=54: scenario=Acceptance test, userId=141
22:01:37.112 [DEBUG] i.g.h.c.i.HttpAppHandler - Write request WritableRequest{request=DefaultFullHttpRequest(decodeResult: success, version: HTTP/1.1, content: UnpooledByteBufAllocator$InstrumentedUnpooledUnsafeHeapByteBuf(ridx: 0, widx: 0, cap: 0))
GET /memory/grow?objects=8&items=54 HTTP/1.1
Accept: */*
Content-Type: application/json;charset=UTF-8
Accept-Language: en-US,en;q=0.8,nl;q=0.6
User-Agent: Mozilla/5.0 (Windows NT 6.1; WOW64) AppleWebKit/537.36 (KHTML, like Gecko) Chrome/38.0.2125.111 Safari/537.36
accept-encoding: gzip,deflate,sdch
host: localhost:8080, content=null}
22:01:37.119 [DEBUG] i.g.h.c.i.HttpAppHandler - Read msg='DefaultHttpResponse(decodeResult: success, version: HTTP/1.1)
HTTP/1.1 200 
Content-Type: application/json;charset=UTF-8
Transfer-Encoding: chunked
Date: Wed, 29 Jan 2020 21:01:36 GMT'
22:01:37.119 [DEBUG] i.g.h.c.i.HttpAppHandler - Read msg='DefaultHttpContent(data: PooledSlicedByteBuf(ridx: 0, widx: 144, cap: 144/144, unwrapped: PooledUnsafeDirectByteBuf(ridx: 278, widx: 283, cap: 496)), decoderResult: success)'
22:01:37.119 [DEBUG] i.g.h.c.i.HttpAppHandler - Read msg='EmptyLastHttpContent'
22:01:37.120 [TRACE] i.g.h.e.r.DefaultStatsProcessor - 
>>>>>>>>>>>>>>>>>>>>>>>>>>
Request:
simple_mini_leak: OK 
=========================
Session:
Session(Acceptance test,141,1580331689552,Map(gatling.http.ssl.sslContexts -> SslContexts(io.netty.handler.ssl.JdkSslContext@274df7b,None), gatling.http.cache.dns -> io.gatling.http.cache.DnsCacheSupport$$anon$1@5898ac4b, gatling.http.cache.baseUrl -> http://localhost:8080),10,OK,List(),io.gatling.core.protocol.ProtocolComponentsRegistry$$Lambda$598/0x000000084055d840@452b12e)
=========================
HTTP request:
GET http://localhost:8080/memory/grow?objects=8&items=54
headers=
Accept: */*
Content-Type: application/json;charset=UTF-8
Accept-Language: en-US,en;q=0.8,nl;q=0.6
User-Agent: Mozilla/5.0 (Windows NT 6.1; WOW64) AppleWebKit/537.36 (KHTML, like Gecko) Chrome/38.0.2125.111 Safari/537.36
accept-encoding: gzip,deflate,sdch
host: localhost:8080
=========================
HTTP response:
status=
200 
headers= 
Content-Type: application/json;charset=UTF-8
Transfer-Encoding: chunked
Date: Wed, 29 Jan 2020 21:01:36 GMT

body=
{"message":"Size of BigFatBastard list is now 12160 objects. It contains 656640 items.","name":"Simple-PropertiesFileName","durationInMillis":5}
<<<<<<<<<<<<<<<<<<<<<<<<<
22:01:37.120 [DEBUG] i.g.c.a.Pause - Pausing for 108ms (real=97ms)
22:01:37.148 [DEBUG] i.g.h.c.i.HttpAppHandler - Read msg='DefaultHttpResponse(decodeResult: success, version: HTTP/1.1)
HTTP/1.1 200 
Content-Type: application/json;charset=UTF-8
Transfer-Encoding: chunked
Date: Wed, 29 Jan 2020 21:01:36 GMT'
22:01:37.148 [DEBUG] i.g.h.c.i.HttpAppHandler - Read msg='DefaultHttpContent(data: PooledSlicedByteBuf(ridx: 0, widx: 95, cap: 95/95, unwrapped: PooledUnsafeDirectByteBuf(ridx: 229, widx: 229, cap: 512)), decoderResult: success)'
22:01:37.148 [DEBUG] i.g.h.c.i.HttpAppHandler - Read msg='EmptyLastHttpContent'
22:01:37.149 [TRACE] i.g.h.e.r.DefaultStatsProcessor - 
>>>>>>>>>>>>>>>>>>>>>>>>>>
Request:
simple_delay: OK 
=========================
Session:
Session(Acceptance test,154,1580331696051,Map(gatling.http.ssl.sslContexts -> SslContexts(io.netty.handler.ssl.JdkSslContext@3b441374,None), gatling.http.cache.dns -> io.gatling.http.cache.DnsCacheSupport$$anon$1@5898ac4b, gatling.http.cache.baseUrl -> http://localhost:8080),24,OK,List(),io.gatling.core.protocol.ProtocolComponentsRegistry$$Lambda$598/0x000000084055d840@452b12e)
=========================
HTTP request:
GET http://localhost:8080/delay?duration=555
headers=
Accept: */*
Content-Type: application/json;charset=UTF-8
Accept-Language: en-US,en;q=0.8,nl;q=0.6
User-Agent: Mozilla/5.0 (Windows NT 6.1; WOW64) AppleWebKit/537.36 (KHTML, like Gecko) Chrome/38.0.2125.111 Safari/537.36
accept-encoding: gzip,deflate,sdch
host: localhost:8080
=========================
HTTP response:
status=
200 
headers= 
Content-Type: application/json;charset=UTF-8
Transfer-Encoding: chunked
Date: Wed, 29 Jan 2020 21:01:36 GMT

body=
{"message":"This was a delay of 555","name":"Simple-PropertiesFileName","durationInMillis":555}
<<<<<<<<<<<<<<<<<<<<<<<<<
22:01:37.149 [DEBUG] i.g.c.a.Pause - Pausing for 742ms (real=717ms)
22:01:37.162 [DEBUG] i.g.h.e.t.HttpTxExecutor - Sending request=simple_delay uri=http://localhost:8080/delay?duration=555: scenario=Acceptance test, userId=153
22:01:37.162 [DEBUG] i.g.h.c.i.HttpAppHandler - Write request WritableRequest{request=DefaultFullHttpRequest(decodeResult: success, version: HTTP/1.1, content: UnpooledByteBufAllocator$InstrumentedUnpooledUnsafeHeapByteBuf(ridx: 0, widx: 0, cap: 0))
GET /delay?duration=555 HTTP/1.1
Accept: */*
Content-Type: application/json;charset=UTF-8
Accept-Language: en-US,en;q=0.8,nl;q=0.6
User-Agent: Mozilla/5.0 (Windows NT 6.1; WOW64) AppleWebKit/537.36 (KHTML, like Gecko) Chrome/38.0.2125.111 Safari/537.36
accept-encoding: gzip,deflate,sdch
host: localhost:8080, content=null}
22:01:37.218 [DEBUG] i.g.h.c.i.HttpAppHandler - Read msg='DefaultHttpResponse(decodeResult: success, version: HTTP/1.1)
HTTP/1.1 200 
Content-Type: application/json;charset=UTF-8
Transfer-Encoding: chunked
Date: Wed, 29 Jan 2020 21:01:36 GMT'
22:01:37.218 [DEBUG] i.g.h.c.i.HttpAppHandler - Read msg='DefaultHttpContent(data: PooledSlicedByteBuf(ridx: 0, widx: 95, cap: 95/95, unwrapped: PooledUnsafeDirectByteBuf(ridx: 229, widx: 234, cap: 1024)), decoderResult: success)'
22:01:37.218 [DEBUG] i.g.h.c.i.HttpAppHandler - Read msg='EmptyLastHttpContent'
22:01:37.219 [TRACE] i.g.h.e.r.DefaultStatsProcessor - 
>>>>>>>>>>>>>>>>>>>>>>>>>>
Request:
simple_delay: OK 
=========================
Session:
Session(Acceptance test,148,1580331693052,Map(gatling.http.ssl.sslContexts -> SslContexts(io.netty.handler.ssl.JdkSslContext@534be2ea,None), gatling.http.cache.dns -> io.gatling.http.cache.DnsCacheSupport$$anon$1@5898ac4b, gatling.http.cache.baseUrl -> http://localhost:8080),15,OK,List(),io.gatling.core.protocol.ProtocolComponentsRegistry$$Lambda$598/0x000000084055d840@452b12e)
=========================
HTTP request:
GET http://localhost:8080/delay?duration=555
headers=
Accept: */*
Content-Type: application/json;charset=UTF-8
Accept-Language: en-US,en;q=0.8,nl;q=0.6
User-Agent: Mozilla/5.0 (Windows NT 6.1; WOW64) AppleWebKit/537.36 (KHTML, like Gecko) Chrome/38.0.2125.111 Safari/537.36
accept-encoding: gzip,deflate,sdch
host: localhost:8080
=========================
HTTP response:
status=
200 
headers= 
Content-Type: application/json;charset=UTF-8
Transfer-Encoding: chunked
Date: Wed, 29 Jan 2020 21:01:36 GMT

body=
{"message":"This was a delay of 555","name":"Simple-PropertiesFileName","durationInMillis":555}
<<<<<<<<<<<<<<<<<<<<<<<<<
22:01:37.219 [DEBUG] i.g.c.a.Pause - Pausing for 889ms (real=873ms)
22:01:37.232 [DEBUG] i.g.h.e.t.HttpTxExecutor - Sending request=upload-file uri=http://localhost:8080/files/upload: scenario=Acceptance test, userId=141
22:01:37.233 [DEBUG] i.g.h.c.i.HttpAppHandler - Write request WritableRequest{request=DefaultHttpRequest(decodeResult: success, version: HTTP/1.1)
POST /files/upload HTTP/1.1
Accept: */*
Accept-Language: en-US,en;q=0.8,nl;q=0.6
User-Agent: Mozilla/5.0 (Windows NT 6.1; WOW64) AppleWebKit/537.36 (KHTML, like Gecko) Chrome/38.0.2125.111 Safari/537.36
accept-encoding: gzip,deflate,sdch
host: localhost:8080
content-type: multipart/form-data; boundary=UkdjCJhzHX2O1GOyZgeXAaFoouWzEmGa2ih
content-length: 220, content=io.gatling.http.client.body.multipart.impl.MultipartFileRegion@6bcfbf7b}
22:01:37.236 [DEBUG] i.g.h.c.i.HttpAppHandler - Read msg='DefaultHttpResponse(decodeResult: success, version: HTTP/1.1)
HTTP/1.1 200 
Content-Type: text/plain;charset=UTF-8
Content-Length: 62
Date: Wed, 29 Jan 2020 21:01:36 GMT'
22:01:37.236 [DEBUG] i.g.h.c.i.HttpAppHandler - Read msg='DefaultLastHttpContent(data: PooledSlicedByteBuf(ridx: 0, widx: 62, cap: 62/62, unwrapped: PooledUnsafeDirectByteBuf(ridx: 176, widx: 176, cap: 496)), decoderResult: success)'
22:01:37.237 [TRACE] i.g.h.e.r.DefaultStatsProcessor - 
>>>>>>>>>>>>>>>>>>>>>>>>>>
Request:
upload-file: OK 
=========================
Session:
Session(Acceptance test,141,1580331689552,Map(gatling.http.ssl.sslContexts -> SslContexts(io.netty.handler.ssl.JdkSslContext@274df7b,None), gatling.http.cache.dns -> io.gatling.http.cache.DnsCacheSupport$$anon$1@5898ac4b, gatling.http.cache.baseUrl -> http://localhost:8080),15,OK,List(),io.gatling.core.protocol.ProtocolComponentsRegistry$$Lambda$598/0x000000084055d840@452b12e)
=========================
HTTP request:
POST http://localhost:8080/files/upload
headers=
Accept: */*
Accept-Language: en-US,en;q=0.8,nl;q=0.6
User-Agent: Mozilla/5.0 (Windows NT 6.1; WOW64) AppleWebKit/537.36 (KHTML, like Gecko) Chrome/38.0.2125.111 Safari/537.36
accept-encoding: gzip,deflate,sdch
host: localhost:8080
content-type: multipart/form-data; boundary=UkdjCJhzHX2O1GOyZgeXAaFoouWzEmGa2ih
content-length: 220
multipartBody=
ByteArrayPart: name=upload contentType=text/plain dispositionType=null charset=UTF-8 transferEncoding=null contentId=null filename=gatling-upload.txt
=========================
HTTP response:
status=
200 
headers= 
Content-Type: text/plain;charset=UTF-8
Content-Length: 62
Date: Wed, 29 Jan 2020 21:01:36 GMT

body=
File upload succeeded [gatling-upload.txt] of size [17] bytes.
<<<<<<<<<<<<<<<<<<<<<<<<<
22:01:37.237 [DEBUG] i.g.c.a.Exit - End user #141
22:01:37.237 [DEBUG] i.g.c.c.i.Injector - End user #141
22:01:37.372 [DEBUG] i.g.h.e.t.HttpTxExecutor - Sending request=upload-file uri=http://localhost:8080/files/upload: scenario=Acceptance test, userId=145
22:01:37.373 [DEBUG] i.g.h.c.i.HttpAppHandler - Write request WritableRequest{request=DefaultHttpRequest(decodeResult: success, version: HTTP/1.1)
POST /files/upload HTTP/1.1
Accept: */*
Accept-Language: en-US,en;q=0.8,nl;q=0.6
User-Agent: Mozilla/5.0 (Windows NT 6.1; WOW64) AppleWebKit/537.36 (KHTML, like Gecko) Chrome/38.0.2125.111 Safari/537.36
accept-encoding: gzip,deflate,sdch
host: localhost:8080
content-type: multipart/form-data; boundary=kD0hR5cL3gdgsEslfF3JQqVf13zpInA7c2N
content-length: 220, content=io.gatling.http.client.body.multipart.impl.MultipartFileRegion@65a4e42e}
22:01:37.376 [DEBUG] i.g.h.c.i.HttpAppHandler - Read msg='DefaultHttpResponse(decodeResult: success, version: HTTP/1.1)
HTTP/1.1 200 
Content-Type: text/plain;charset=UTF-8
Content-Length: 62
Date: Wed, 29 Jan 2020 21:01:36 GMT'
22:01:37.376 [DEBUG] i.g.h.c.i.HttpAppHandler - Read msg='DefaultLastHttpContent(data: PooledSlicedByteBuf(ridx: 0, widx: 62, cap: 62/62, unwrapped: PooledUnsafeDirectByteBuf(ridx: 176, widx: 176, cap: 496)), decoderResult: success)'
22:01:37.376 [TRACE] i.g.h.e.r.DefaultStatsProcessor - 
>>>>>>>>>>>>>>>>>>>>>>>>>>
Request:
upload-file: OK 
=========================
Session:
Session(Acceptance test,145,1580331691551,Map(gatling.http.ssl.sslContexts -> SslContexts(io.netty.handler.ssl.JdkSslContext@3a23f14b,None), gatling.http.cache.dns -> io.gatling.http.cache.DnsCacheSupport$$anon$1@5898ac4b, gatling.http.cache.baseUrl -> http://localhost:8080),16,OK,List(),io.gatling.core.protocol.ProtocolComponentsRegistry$$Lambda$598/0x000000084055d840@452b12e)
=========================
HTTP request:
POST http://localhost:8080/files/upload
headers=
Accept: */*
Accept-Language: en-US,en;q=0.8,nl;q=0.6
User-Agent: Mozilla/5.0 (Windows NT 6.1; WOW64) AppleWebKit/537.36 (KHTML, like Gecko) Chrome/38.0.2125.111 Safari/537.36
accept-encoding: gzip,deflate,sdch
host: localhost:8080
content-type: multipart/form-data; boundary=kD0hR5cL3gdgsEslfF3JQqVf13zpInA7c2N
content-length: 220
multipartBody=
ByteArrayPart: name=upload contentType=text/plain dispositionType=null charset=UTF-8 transferEncoding=null contentId=null filename=gatling-upload.txt
=========================
HTTP response:
status=
200 
headers= 
Content-Type: text/plain;charset=UTF-8
Content-Length: 62
Date: Wed, 29 Jan 2020 21:01:36 GMT

body=
File upload succeeded [gatling-upload.txt] of size [17] bytes.
<<<<<<<<<<<<<<<<<<<<<<<<<
22:01:37.377 [DEBUG] i.g.c.a.Exit - End user #145
22:01:37.377 [DEBUG] i.g.c.c.i.Injector - End user #145
22:01:37.382 [DEBUG] i.g.h.e.t.HttpTxExecutor - Sending request=simple_delay uri=http://localhost:8080/delay?duration=555: scenario=Acceptance test, userId=139
22:01:37.382 [DEBUG] i.g.h.c.i.HttpAppHandler - Write request WritableRequest{request=DefaultFullHttpRequest(decodeResult: success, version: HTTP/1.1, content: UnpooledByteBufAllocator$InstrumentedUnpooledUnsafeHeapByteBuf(ridx: 0, widx: 0, cap: 0))
GET /delay?duration=555 HTTP/1.1
Accept: */*
Content-Type: application/json;charset=UTF-8
Accept-Language: en-US,en;q=0.8,nl;q=0.6
User-Agent: Mozilla/5.0 (Windows NT 6.1; WOW64) AppleWebKit/537.36 (KHTML, like Gecko) Chrome/38.0.2125.111 Safari/537.36
accept-encoding: gzip,deflate,sdch
host: localhost:8080, content=null}
22:01:37.539 [DEBUG] i.g.h.c.i.HttpAppHandler - Read msg='DefaultHttpResponse(decodeResult: success, version: HTTP/1.1)
HTTP/1.1 200 
Content-Type: application/json;charset=UTF-8
Transfer-Encoding: chunked
Date: Wed, 29 Jan 2020 21:01:37 GMT'
22:01:37.539 [DEBUG] i.g.h.c.i.HttpAppHandler - Read msg='DefaultHttpContent(data: PooledSlicedByteBuf(ridx: 0, widx: 95, cap: 95/95, unwrapped: PooledUnsafeDirectByteBuf(ridx: 229, widx: 229, cap: 1024)), decoderResult: success)'
22:01:37.540 [DEBUG] i.g.h.c.i.HttpAppHandler - Read msg='EmptyLastHttpContent'
22:01:37.540 [TRACE] i.g.h.e.r.DefaultStatsProcessor - 
>>>>>>>>>>>>>>>>>>>>>>>>>>
Request:
simple_delay: OK 
=========================
Session:
Session(Acceptance test,155,1580331696551,Map(gatling.http.ssl.sslContexts -> SslContexts(io.netty.handler.ssl.JdkSslContext@4c812b1e,None), gatling.http.cache.dns -> io.gatling.http.cache.DnsCacheSupport$$anon$1@5898ac4b, gatling.http.cache.baseUrl -> http://localhost:8080),15,OK,List(),io.gatling.core.protocol.ProtocolComponentsRegistry$$Lambda$598/0x000000084055d840@452b12e)
=========================
HTTP request:
GET http://localhost:8080/delay?duration=555
headers=
Accept: */*
Content-Type: application/json;charset=UTF-8
Accept-Language: en-US,en;q=0.8,nl;q=0.6
User-Agent: Mozilla/5.0 (Windows NT 6.1; WOW64) AppleWebKit/537.36 (KHTML, like Gecko) Chrome/38.0.2125.111 Safari/537.36
accept-encoding: gzip,deflate,sdch
host: localhost:8080
=========================
HTTP response:
status=
200 
headers= 
Content-Type: application/json;charset=UTF-8
Transfer-Encoding: chunked
Date: Wed, 29 Jan 2020 21:01:37 GMT

body=
{"message":"This was a delay of 555","name":"Simple-PropertiesFileName","durationInMillis":555}
<<<<<<<<<<<<<<<<<<<<<<<<<
22:01:37.540 [DEBUG] i.g.c.a.Pause - Pausing for 1689ms (real=1674ms)
22:01:37.552 [DEBUG] i.g.c.c.i.o.OpenWorkload - Injecting 2 users in scenario Acceptance test, continue=true
22:01:37.552 [DEBUG] i.g.h.e.t.HttpTxExecutor - Sending request=simple_cpu_burn uri=http://localhost:8080/cpu/magic-identity-check?matrixSize=133: scenario=Acceptance test, userId=157
22:01:37.553 [DEBUG] i.g.c.c.i.o.OpenWorkload - Start user #157
22:01:37.554 [DEBUG] i.g.h.c.i.HttpAppHandler - Write request WritableRequest{request=DefaultFullHttpRequest(decodeResult: success, version: HTTP/1.1, content: UnpooledByteBufAllocator$InstrumentedUnpooledUnsafeHeapByteBuf(ridx: 0, widx: 0, cap: 0))
GET /cpu/magic-identity-check?matrixSize=133 HTTP/1.1
Accept: */*
Content-Type: application/json;charset=UTF-8
Accept-Language: en-US,en;q=0.8,nl;q=0.6
User-Agent: Mozilla/5.0 (Windows NT 6.1; WOW64) AppleWebKit/537.36 (KHTML, like Gecko) Chrome/38.0.2125.111 Safari/537.36
accept-encoding: gzip,deflate,sdch
host: localhost:8080, content=null}
22:01:37.564 [DEBUG] i.g.h.c.i.HttpAppHandler - Read msg='DefaultHttpResponse(decodeResult: success, version: HTTP/1.1)
HTTP/1.1 200 
Content-Type: application/json;charset=UTF-8
Transfer-Encoding: chunked
Date: Wed, 29 Jan 2020 21:01:37 GMT'
22:01:37.565 [DEBUG] i.g.h.c.i.HttpAppHandler - Read msg='DefaultHttpContent(data: PooledSlicedByteBuf(ridx: 0, widx: 170, cap: 170/170, unwrapped: PooledUnsafeDirectByteBuf(ridx: 304, widx: 309, cap: 1024)), decoderResult: success)'
22:01:37.565 [DEBUG] i.g.h.c.i.HttpAppHandler - Read msg='EmptyLastHttpContent'
22:01:37.565 [TRACE] i.g.h.e.r.DefaultStatsProcessor - 
>>>>>>>>>>>>>>>>>>>>>>>>>>
Request:
simple_cpu_burn: OK 
=========================
Session:
Session(Acceptance test,157,1580331697552,Map(gatling.http.ssl.sslContexts -> SslContexts(io.netty.handler.ssl.JdkSslContext@6e18ae5f,None), gatling.http.cache.dns -> io.gatling.http.cache.DnsCacheSupport$$anon$1@5898ac4b, gatling.http.cache.baseUrl -> http://localhost:8080),0,OK,List(),io.gatling.core.protocol.ProtocolComponentsRegistry$$Lambda$598/0x000000084055d840@452b12e)
=========================
HTTP request:
GET http://localhost:8080/cpu/magic-identity-check?matrixSize=133
headers=
Accept: */*
Content-Type: application/json;charset=UTF-8
Accept-Language: en-US,en;q=0.8,nl;q=0.6
User-Agent: Mozilla/5.0 (Windows NT 6.1; WOW64) AppleWebKit/537.36 (KHTML, like Gecko) Chrome/38.0.2125.111 Safari/537.36
accept-encoding: gzip,deflate,sdch
host: localhost:8080
=========================
HTTP response:
status=
200 
headers= 
Content-Type: application/json;charset=UTF-8
Transfer-Encoding: chunked
Date: Wed, 29 Jan 2020 21:01:37 GMT

body=
{"message":"A simple magic square multiplied by an identity square of size [133] [is equal] to the magic square.","name":"Simple-PropertiesFileName","durationInMillis":9}
<<<<<<<<<<<<<<<<<<<<<<<<<
22:01:37.565 [DEBUG] i.g.c.a.Pause - Pausing for 452ms (real=452ms)
22:01:37.720 [DEBUG] i.g.h.c.i.HttpAppHandler - Read msg='DefaultHttpResponse(decodeResult: success, version: HTTP/1.1)
HTTP/1.1 200 
Content-Type: application/json;charset=UTF-8
Transfer-Encoding: chunked
Date: Wed, 29 Jan 2020 21:01:37 GMT'
22:01:37.720 [DEBUG] i.g.h.c.i.HttpAppHandler - Read msg='DefaultHttpContent(data: PooledSlicedByteBuf(ridx: 0, widx: 95, cap: 95/95, unwrapped: PooledUnsafeDirectByteBuf(ridx: 229, widx: 229, cap: 512)), decoderResult: success)'
22:01:37.720 [DEBUG] i.g.h.c.i.HttpAppHandler - Read msg='EmptyLastHttpContent'
22:01:37.720 [TRACE] i.g.h.e.r.DefaultStatsProcessor - 
>>>>>>>>>>>>>>>>>>>>>>>>>>
Request:
simple_delay: OK 
=========================
Session:
Session(Acceptance test,153,1580331695551,Map(gatling.http.ssl.sslContexts -> SslContexts(io.netty.handler.ssl.JdkSslContext@2a6aa51e,None), gatling.http.cache.dns -> io.gatling.http.cache.DnsCacheSupport$$anon$1@5898ac4b, gatling.http.cache.baseUrl -> http://localhost:8080),24,OK,List(),io.gatling.core.protocol.ProtocolComponentsRegistry$$Lambda$598/0x000000084055d840@452b12e)
=========================
HTTP request:
GET http://localhost:8080/delay?duration=555
headers=
Accept: */*
Content-Type: application/json;charset=UTF-8
Accept-Language: en-US,en;q=0.8,nl;q=0.6
User-Agent: Mozilla/5.0 (Windows NT 6.1; WOW64) AppleWebKit/537.36 (KHTML, like Gecko) Chrome/38.0.2125.111 Safari/537.36
accept-encoding: gzip,deflate,sdch
host: localhost:8080
=========================
HTTP response:
status=
200 
headers= 
Content-Type: application/json;charset=UTF-8
Transfer-Encoding: chunked
Date: Wed, 29 Jan 2020 21:01:37 GMT

body=
{"message":"This was a delay of 555","name":"Simple-PropertiesFileName","durationInMillis":555}
<<<<<<<<<<<<<<<<<<<<<<<<<
22:01:37.720 [DEBUG] i.g.c.a.Pause - Pausing for 388ms (real=364ms)
22:01:37.882 [DEBUG] i.g.h.e.t.HttpTxExecutor - Sending request=simple_mini_leak uri=http://localhost:8080/memory/grow?objects=8&items=54: scenario=Acceptance test, userId=154
22:01:37.882 [DEBUG] i.g.h.c.i.HttpAppHandler - Write request WritableRequest{request=DefaultFullHttpRequest(decodeResult: success, version: HTTP/1.1, content: UnpooledByteBufAllocator$InstrumentedUnpooledUnsafeHeapByteBuf(ridx: 0, widx: 0, cap: 0))
GET /memory/grow?objects=8&items=54 HTTP/1.1
Accept: */*
Content-Type: application/json;charset=UTF-8
Accept-Language: en-US,en;q=0.8,nl;q=0.6
User-Agent: Mozilla/5.0 (Windows NT 6.1; WOW64) AppleWebKit/537.36 (KHTML, like Gecko) Chrome/38.0.2125.111 Safari/537.36
accept-encoding: gzip,deflate,sdch
host: localhost:8080, content=null}
22:01:37.890 [DEBUG] i.g.h.c.i.HttpAppHandler - Read msg='DefaultHttpResponse(decodeResult: success, version: HTTP/1.1)
HTTP/1.1 200 
Content-Type: application/json;charset=UTF-8
Transfer-Encoding: chunked
Date: Wed, 29 Jan 2020 21:01:37 GMT'
22:01:37.890 [DEBUG] i.g.h.c.i.HttpAppHandler - Read msg='DefaultHttpContent(data: PooledSlicedByteBuf(ridx: 0, widx: 144, cap: 144/144, unwrapped: PooledUnsafeDirectByteBuf(ridx: 278, widx: 278, cap: 496)), decoderResult: success)'
22:01:37.890 [DEBUG] i.g.h.c.i.HttpAppHandler - Read msg='EmptyLastHttpContent'
22:01:37.890 [TRACE] i.g.h.e.r.DefaultStatsProcessor - 
>>>>>>>>>>>>>>>>>>>>>>>>>>
Request:
simple_mini_leak: OK 
=========================
Session:
Session(Acceptance test,154,1580331696051,Map(gatling.http.ssl.sslContexts -> SslContexts(io.netty.handler.ssl.JdkSslContext@3b441374,None), gatling.http.cache.dns -> io.gatling.http.cache.DnsCacheSupport$$anon$1@5898ac4b, gatling.http.cache.baseUrl -> http://localhost:8080),16,OK,List(),io.gatling.core.protocol.ProtocolComponentsRegistry$$Lambda$598/0x000000084055d840@452b12e)
=========================
HTTP request:
GET http://localhost:8080/memory/grow?objects=8&items=54
headers=
Accept: */*
Content-Type: application/json;charset=UTF-8
Accept-Language: en-US,en;q=0.8,nl;q=0.6
User-Agent: Mozilla/5.0 (Windows NT 6.1; WOW64) AppleWebKit/537.36 (KHTML, like Gecko) Chrome/38.0.2125.111 Safari/537.36
accept-encoding: gzip,deflate,sdch
host: localhost:8080
=========================
HTTP response:
status=
200 
headers= 
Content-Type: application/json;charset=UTF-8
Transfer-Encoding: chunked
Date: Wed, 29 Jan 2020 21:01:37 GMT

body=
{"message":"Size of BigFatBastard list is now 12168 objects. It contains 657072 items.","name":"Simple-PropertiesFileName","durationInMillis":5}
<<<<<<<<<<<<<<<<<<<<<<<<<
22:01:37.891 [DEBUG] i.g.c.a.Pause - Pausing for 2709ms (real=2693ms)
22:01:37.921 [DEBUG] i.g.h.e.t.HttpTxExecutor - Sending request=simple_delay uri=http://localhost:8080/delay?duration=555: scenario=Acceptance test, userId=137
22:01:37.922 [DEBUG] i.g.h.c.i.HttpAppHandler - Write request WritableRequest{request=DefaultFullHttpRequest(decodeResult: success, version: HTTP/1.1, content: UnpooledByteBufAllocator$InstrumentedUnpooledUnsafeHeapByteBuf(ridx: 0, widx: 0, cap: 0))
GET /delay?duration=555 HTTP/1.1
Accept: */*
Content-Type: application/json;charset=UTF-8
Accept-Language: en-US,en;q=0.8,nl;q=0.6
User-Agent: Mozilla/5.0 (Windows NT 6.1; WOW64) AppleWebKit/537.36 (KHTML, like Gecko) Chrome/38.0.2125.111 Safari/537.36
accept-encoding: gzip,deflate,sdch
host: localhost:8080, content=null}
22:01:37.939 [DEBUG] i.g.h.c.i.HttpAppHandler - Read msg='DefaultHttpResponse(decodeResult: success, version: HTTP/1.1)
HTTP/1.1 200 
Content-Type: application/json;charset=UTF-8
Transfer-Encoding: chunked
Date: Wed, 29 Jan 2020 21:01:37 GMT'
22:01:37.940 [DEBUG] i.g.h.c.i.HttpAppHandler - Read msg='DefaultHttpContent(data: PooledSlicedByteBuf(ridx: 0, widx: 95, cap: 95/95, unwrapped: PooledUnsafeDirectByteBuf(ridx: 229, widx: 229, cap: 512)), decoderResult: success)'
22:01:37.940 [DEBUG] i.g.h.c.i.HttpAppHandler - Read msg='EmptyLastHttpContent'
22:01:37.940 [TRACE] i.g.h.e.r.DefaultStatsProcessor - 
>>>>>>>>>>>>>>>>>>>>>>>>>>
Request:
simple_delay: OK 
=========================
Session:
Session(Acceptance test,139,1580331688551,Map(gatling.http.ssl.sslContexts -> SslContexts(io.netty.handler.ssl.JdkSslContext@798b5972,None), gatling.http.cache.dns -> io.gatling.http.cache.DnsCacheSupport$$anon$1@5898ac4b, gatling.http.cache.baseUrl -> http://localhost:8080),21,OK,List(),io.gatling.core.protocol.ProtocolComponentsRegistry$$Lambda$598/0x000000084055d840@452b12e)
=========================
HTTP request:
GET http://localhost:8080/delay?duration=555
headers=
Accept: */*
Content-Type: application/json;charset=UTF-8
Accept-Language: en-US,en;q=0.8,nl;q=0.6
User-Agent: Mozilla/5.0 (Windows NT 6.1; WOW64) AppleWebKit/537.36 (KHTML, like Gecko) Chrome/38.0.2125.111 Safari/537.36
accept-encoding: gzip,deflate,sdch
host: localhost:8080
=========================
HTTP response:
status=
200 
headers= 
Content-Type: application/json;charset=UTF-8
Transfer-Encoding: chunked
Date: Wed, 29 Jan 2020 21:01:37 GMT

body=
{"message":"This was a delay of 555","name":"Simple-PropertiesFileName","durationInMillis":555}
<<<<<<<<<<<<<<<<<<<<<<<<<
22:01:37.940 [DEBUG] i.g.c.a.Pause - Pausing for 340ms (real=319ms)
22:01:38.042 [DEBUG] i.g.h.e.t.HttpTxExecutor - Sending request=simple_delay uri=http://localhost:8080/delay?duration=555: scenario=Acceptance test, userId=157
22:01:38.042 [DEBUG] i.g.h.c.i.HttpAppHandler - Write request WritableRequest{request=DefaultFullHttpRequest(decodeResult: success, version: HTTP/1.1, content: UnpooledByteBufAllocator$InstrumentedUnpooledUnsafeHeapByteBuf(ridx: 0, widx: 0, cap: 0))
GET /delay?duration=555 HTTP/1.1
Accept: */*
Content-Type: application/json;charset=UTF-8
Accept-Language: en-US,en;q=0.8,nl;q=0.6
User-Agent: Mozilla/5.0 (Windows NT 6.1; WOW64) AppleWebKit/537.36 (KHTML, like Gecko) Chrome/38.0.2125.111 Safari/537.36
accept-encoding: gzip,deflate,sdch
host: localhost:8080, content=null}
22:01:38.052 [DEBUG] i.g.h.e.t.HttpTxExecutor - Sending request=simple_cpu_burn uri=http://localhost:8080/cpu/magic-identity-check?matrixSize=133: scenario=Acceptance test, userId=158
22:01:38.053 [DEBUG] i.g.c.c.i.o.OpenWorkload - Start user #158
22:01:38.054 [DEBUG] i.g.h.c.i.HttpAppHandler - Write request WritableRequest{request=DefaultFullHttpRequest(decodeResult: success, version: HTTP/1.1, content: UnpooledByteBufAllocator$InstrumentedUnpooledUnsafeHeapByteBuf(ridx: 0, widx: 0, cap: 0))
GET /cpu/magic-identity-check?matrixSize=133 HTTP/1.1
Accept: */*
Content-Type: application/json;charset=UTF-8
Accept-Language: en-US,en;q=0.8,nl;q=0.6
User-Agent: Mozilla/5.0 (Windows NT 6.1; WOW64) AppleWebKit/537.36 (KHTML, like Gecko) Chrome/38.0.2125.111 Safari/537.36
accept-encoding: gzip,deflate,sdch
host: localhost:8080, content=null}
22:01:38.065 [DEBUG] i.g.h.c.i.HttpAppHandler - Read msg='DefaultHttpResponse(decodeResult: success, version: HTTP/1.1)
HTTP/1.1 200 
Content-Type: application/json;charset=UTF-8
Transfer-Encoding: chunked
Date: Wed, 29 Jan 2020 21:01:37 GMT'
22:01:38.065 [DEBUG] i.g.h.c.i.HttpAppHandler - Read msg='DefaultHttpContent(data: PooledSlicedByteBuf(ridx: 0, widx: 170, cap: 170/170, unwrapped: PooledUnsafeDirectByteBuf(ridx: 304, widx: 304, cap: 1024)), decoderResult: success)'
22:01:38.066 [DEBUG] i.g.h.c.i.HttpAppHandler - Read msg='EmptyLastHttpContent'
22:01:38.066 [TRACE] i.g.h.e.r.DefaultStatsProcessor - 
>>>>>>>>>>>>>>>>>>>>>>>>>>
Request:
simple_cpu_burn: OK 
=========================
Session:
Session(Acceptance test,158,1580331698052,Map(gatling.http.ssl.sslContexts -> SslContexts(io.netty.handler.ssl.JdkSslContext@352fc091,None), gatling.http.cache.dns -> io.gatling.http.cache.DnsCacheSupport$$anon$1@5898ac4b, gatling.http.cache.baseUrl -> http://localhost:8080),0,OK,List(),io.gatling.core.protocol.ProtocolComponentsRegistry$$Lambda$598/0x000000084055d840@452b12e)
=========================
HTTP request:
GET http://localhost:8080/cpu/magic-identity-check?matrixSize=133
headers=
Accept: */*
Content-Type: application/json;charset=UTF-8
Accept-Language: en-US,en;q=0.8,nl;q=0.6
User-Agent: Mozilla/5.0 (Windows NT 6.1; WOW64) AppleWebKit/537.36 (KHTML, like Gecko) Chrome/38.0.2125.111 Safari/537.36
accept-encoding: gzip,deflate,sdch
host: localhost:8080
=========================
HTTP response:
status=
200 
headers= 
Content-Type: application/json;charset=UTF-8
Transfer-Encoding: chunked
Date: Wed, 29 Jan 2020 21:01:37 GMT

body=
{"message":"A simple magic square multiplied by an identity square of size [133] [is equal] to the magic square.","name":"Simple-PropertiesFileName","durationInMillis":9}
<<<<<<<<<<<<<<<<<<<<<<<<<
22:01:38.066 [DEBUG] i.g.c.a.Pause - Pausing for 2404ms (real=2404ms)
22:01:38.102 [DEBUG] i.g.h.e.t.HttpTxExecutor - Sending request=simple_mini_leak uri=http://localhost:8080/memory/grow?objects=8&items=54: scenario=Acceptance test, userId=153
22:01:38.102 [DEBUG] i.g.h.c.i.HttpAppHandler - Write request WritableRequest{request=DefaultFullHttpRequest(decodeResult: success, version: HTTP/1.1, content: UnpooledByteBufAllocator$InstrumentedUnpooledUnsafeHeapByteBuf(ridx: 0, widx: 0, cap: 0))
GET /memory/grow?objects=8&items=54 HTTP/1.1
Accept: */*
Content-Type: application/json;charset=UTF-8
Accept-Language: en-US,en;q=0.8,nl;q=0.6
User-Agent: Mozilla/5.0 (Windows NT 6.1; WOW64) AppleWebKit/537.36 (KHTML, like Gecko) Chrome/38.0.2125.111 Safari/537.36
accept-encoding: gzip,deflate,sdch
host: localhost:8080, content=null}
22:01:38.111 [DEBUG] i.g.h.c.i.HttpAppHandler - Read msg='DefaultHttpResponse(decodeResult: success, version: HTTP/1.1)
HTTP/1.1 200 
Content-Type: application/json;charset=UTF-8
Transfer-Encoding: chunked
Date: Wed, 29 Jan 2020 21:01:37 GMT'
22:01:38.111 [DEBUG] i.g.h.c.i.HttpAppHandler - Read msg='DefaultHttpContent(data: PooledSlicedByteBuf(ridx: 0, widx: 144, cap: 144/144, unwrapped: PooledUnsafeDirectByteBuf(ridx: 278, widx: 283, cap: 496)), decoderResult: success)'
22:01:38.111 [DEBUG] i.g.h.c.i.HttpAppHandler - Read msg='EmptyLastHttpContent'
22:01:38.112 [TRACE] i.g.h.e.r.DefaultStatsProcessor - 
>>>>>>>>>>>>>>>>>>>>>>>>>>
Request:
simple_mini_leak: OK 
=========================
Session:
Session(Acceptance test,153,1580331695551,Map(gatling.http.ssl.sslContexts -> SslContexts(io.netty.handler.ssl.JdkSslContext@2a6aa51e,None), gatling.http.cache.dns -> io.gatling.http.cache.DnsCacheSupport$$anon$1@5898ac4b, gatling.http.cache.baseUrl -> http://localhost:8080),16,OK,List(),io.gatling.core.protocol.ProtocolComponentsRegistry$$Lambda$598/0x000000084055d840@452b12e)
=========================
HTTP request:
GET http://localhost:8080/memory/grow?objects=8&items=54
headers=
Accept: */*
Content-Type: application/json;charset=UTF-8
Accept-Language: en-US,en;q=0.8,nl;q=0.6
User-Agent: Mozilla/5.0 (Windows NT 6.1; WOW64) AppleWebKit/537.36 (KHTML, like Gecko) Chrome/38.0.2125.111 Safari/537.36
accept-encoding: gzip,deflate,sdch
host: localhost:8080
=========================
HTTP response:
status=
200 
headers= 
Content-Type: application/json;charset=UTF-8
Transfer-Encoding: chunked
Date: Wed, 29 Jan 2020 21:01:37 GMT

body=
{"message":"Size of BigFatBastard list is now 12176 objects. It contains 657504 items.","name":"Simple-PropertiesFileName","durationInMillis":6}
<<<<<<<<<<<<<<<<<<<<<<<<<
22:01:38.112 [DEBUG] i.g.c.a.Pause - Pausing for 2694ms (real=2677ms)
22:01:38.112 [DEBUG] i.g.h.e.t.HttpTxExecutor - Sending request=simple_mini_leak uri=http://localhost:8080/memory/grow?objects=8&items=54: scenario=Acceptance test, userId=148
22:01:38.112 [DEBUG] i.g.h.c.i.HttpAppHandler - Write request WritableRequest{request=DefaultFullHttpRequest(decodeResult: success, version: HTTP/1.1, content: UnpooledByteBufAllocator$InstrumentedUnpooledUnsafeHeapByteBuf(ridx: 0, widx: 0, cap: 0))
GET /memory/grow?objects=8&items=54 HTTP/1.1
Accept: */*
Content-Type: application/json;charset=UTF-8
Accept-Language: en-US,en;q=0.8,nl;q=0.6
User-Agent: Mozilla/5.0 (Windows NT 6.1; WOW64) AppleWebKit/537.36 (KHTML, like Gecko) Chrome/38.0.2125.111 Safari/537.36
accept-encoding: gzip,deflate,sdch
host: localhost:8080, content=null}
22:01:38.120 [DEBUG] i.g.h.c.i.HttpAppHandler - Read msg='DefaultHttpResponse(decodeResult: success, version: HTTP/1.1)
HTTP/1.1 200 
Content-Type: application/json;charset=UTF-8
Transfer-Encoding: chunked
Date: Wed, 29 Jan 2020 21:01:37 GMT'
22:01:38.120 [DEBUG] i.g.h.c.i.HttpAppHandler - Read msg='DefaultHttpContent(data: PooledSlicedByteBuf(ridx: 0, widx: 144, cap: 144/144, unwrapped: PooledUnsafeDirectByteBuf(ridx: 278, widx: 283, cap: 512)), decoderResult: success)'
22:01:38.120 [DEBUG] i.g.h.c.i.HttpAppHandler - Read msg='EmptyLastHttpContent'
22:01:38.121 [TRACE] i.g.h.e.r.DefaultStatsProcessor - 
>>>>>>>>>>>>>>>>>>>>>>>>>>
Request:
simple_mini_leak: OK 
=========================
Session:
Session(Acceptance test,148,1580331693052,Map(gatling.http.ssl.sslContexts -> SslContexts(io.netty.handler.ssl.JdkSslContext@534be2ea,None), gatling.http.cache.dns -> io.gatling.http.cache.DnsCacheSupport$$anon$1@5898ac4b, gatling.http.cache.baseUrl -> http://localhost:8080),20,OK,List(),io.gatling.core.protocol.ProtocolComponentsRegistry$$Lambda$598/0x000000084055d840@452b12e)
=========================
HTTP request:
GET http://localhost:8080/memory/grow?objects=8&items=54
headers=
Accept: */*
Content-Type: application/json;charset=UTF-8
Accept-Language: en-US,en;q=0.8,nl;q=0.6
User-Agent: Mozilla/5.0 (Windows NT 6.1; WOW64) AppleWebKit/537.36 (KHTML, like Gecko) Chrome/38.0.2125.111 Safari/537.36
accept-encoding: gzip,deflate,sdch
host: localhost:8080
=========================
HTTP response:
status=
200 
headers= 
Content-Type: application/json;charset=UTF-8
Transfer-Encoding: chunked
Date: Wed, 29 Jan 2020 21:01:37 GMT

body=
{"message":"Size of BigFatBastard list is now 12184 objects. It contains 657936 items.","name":"Simple-PropertiesFileName","durationInMillis":5}
<<<<<<<<<<<<<<<<<<<<<<<<<
22:01:38.121 [DEBUG] i.g.c.a.Pause - Pausing for 997ms (real=976ms)
22:01:38.172 [DEBUG] i.g.h.e.t.HttpTxExecutor - Sending request=upload-file uri=http://localhost:8080/files/upload: scenario=Acceptance test, userId=138
22:01:38.173 [DEBUG] i.g.h.c.i.HttpAppHandler - Write request WritableRequest{request=DefaultHttpRequest(decodeResult: success, version: HTTP/1.1)
POST /files/upload HTTP/1.1
Accept: */*
Accept-Language: en-US,en;q=0.8,nl;q=0.6
User-Agent: Mozilla/5.0 (Windows NT 6.1; WOW64) AppleWebKit/537.36 (KHTML, like Gecko) Chrome/38.0.2125.111 Safari/537.36
accept-encoding: gzip,deflate,sdch
host: localhost:8080
content-type: multipart/form-data; boundary=owWZWqPlFP2tVSYJS9tYaUWY11puiMYp6O4
content-length: 220, content=io.gatling.http.client.body.multipart.impl.MultipartFileRegion@5065391e}
22:01:38.176 [DEBUG] i.g.h.c.i.HttpAppHandler - Read msg='DefaultHttpResponse(decodeResult: success, version: HTTP/1.1)
HTTP/1.1 200 
Content-Type: text/plain;charset=UTF-8
Content-Length: 62
Date: Wed, 29 Jan 2020 21:01:37 GMT'
22:01:38.176 [DEBUG] i.g.h.c.i.HttpAppHandler - Read msg='DefaultLastHttpContent(data: PooledSlicedByteBuf(ridx: 0, widx: 62, cap: 62/62, unwrapped: PooledUnsafeDirectByteBuf(ridx: 176, widx: 176, cap: 496)), decoderResult: success)'
22:01:38.176 [TRACE] i.g.h.e.r.DefaultStatsProcessor - 
>>>>>>>>>>>>>>>>>>>>>>>>>>
Request:
upload-file: OK 
=========================
Session:
Session(Acceptance test,138,1580331688052,Map(gatling.http.ssl.sslContexts -> SslContexts(io.netty.handler.ssl.JdkSslContext@765838b5,None), gatling.http.cache.dns -> io.gatling.http.cache.DnsCacheSupport$$anon$1@5898ac4b, gatling.http.cache.baseUrl -> http://localhost:8080),27,OK,List(),io.gatling.core.protocol.ProtocolComponentsRegistry$$Lambda$598/0x000000084055d840@452b12e)
=========================
HTTP request:
POST http://localhost:8080/files/upload
headers=
Accept: */*
Accept-Language: en-US,en;q=0.8,nl;q=0.6
User-Agent: Mozilla/5.0 (Windows NT 6.1; WOW64) AppleWebKit/537.36 (KHTML, like Gecko) Chrome/38.0.2125.111 Safari/537.36
accept-encoding: gzip,deflate,sdch
host: localhost:8080
content-type: multipart/form-data; boundary=owWZWqPlFP2tVSYJS9tYaUWY11puiMYp6O4
content-length: 220
multipartBody=
ByteArrayPart: name=upload contentType=text/plain dispositionType=null charset=UTF-8 transferEncoding=null contentId=null filename=gatling-upload.txt
=========================
HTTP response:
status=
200 
headers= 
Content-Type: text/plain;charset=UTF-8
Content-Length: 62
Date: Wed, 29 Jan 2020 21:01:37 GMT

body=
File upload succeeded [gatling-upload.txt] of size [17] bytes.
<<<<<<<<<<<<<<<<<<<<<<<<<
22:01:38.177 [DEBUG] i.g.c.a.Exit - End user #138
22:01:38.177 [DEBUG] i.g.c.c.i.Injector - End user #138
22:01:38.272 [DEBUG] i.g.h.e.t.HttpTxExecutor - Sending request=simple_mini_leak uri=http://localhost:8080/memory/grow?objects=8&items=54: scenario=Acceptance test, userId=139
22:01:38.273 [DEBUG] i.g.h.c.i.HttpAppHandler - Write request WritableRequest{request=DefaultFullHttpRequest(decodeResult: success, version: HTTP/1.1, content: UnpooledByteBufAllocator$InstrumentedUnpooledUnsafeHeapByteBuf(ridx: 0, widx: 0, cap: 0))
GET /memory/grow?objects=8&items=54 HTTP/1.1
Accept: */*
Content-Type: application/json;charset=UTF-8
Accept-Language: en-US,en;q=0.8,nl;q=0.6
User-Agent: Mozilla/5.0 (Windows NT 6.1; WOW64) AppleWebKit/537.36 (KHTML, like Gecko) Chrome/38.0.2125.111 Safari/537.36
accept-encoding: gzip,deflate,sdch
host: localhost:8080, content=null}
22:01:38.280 [DEBUG] i.g.h.c.i.HttpAppHandler - Read msg='DefaultHttpResponse(decodeResult: success, version: HTTP/1.1)
HTTP/1.1 200 
Content-Type: application/json;charset=UTF-8
Transfer-Encoding: chunked
Date: Wed, 29 Jan 2020 21:01:37 GMT'
22:01:38.280 [DEBUG] i.g.h.c.i.HttpAppHandler - Read msg='DefaultHttpContent(data: PooledSlicedByteBuf(ridx: 0, widx: 144, cap: 144/144, unwrapped: PooledUnsafeDirectByteBuf(ridx: 278, widx: 283, cap: 496)), decoderResult: success)'
22:01:38.280 [DEBUG] i.g.h.c.i.HttpAppHandler - Read msg='EmptyLastHttpContent'
22:01:38.281 [TRACE] i.g.h.e.r.DefaultStatsProcessor - 
>>>>>>>>>>>>>>>>>>>>>>>>>>
Request:
simple_mini_leak: OK 
=========================
Session:
Session(Acceptance test,139,1580331688551,Map(gatling.http.ssl.sslContexts -> SslContexts(io.netty.handler.ssl.JdkSslContext@798b5972,None), gatling.http.cache.dns -> io.gatling.http.cache.DnsCacheSupport$$anon$1@5898ac4b, gatling.http.cache.baseUrl -> http://localhost:8080),13,OK,List(),io.gatling.core.protocol.ProtocolComponentsRegistry$$Lambda$598/0x000000084055d840@452b12e)
=========================
HTTP request:
GET http://localhost:8080/memory/grow?objects=8&items=54
headers=
Accept: */*
Content-Type: application/json;charset=UTF-8
Accept-Language: en-US,en;q=0.8,nl;q=0.6
User-Agent: Mozilla/5.0 (Windows NT 6.1; WOW64) AppleWebKit/537.36 (KHTML, like Gecko) Chrome/38.0.2125.111 Safari/537.36
accept-encoding: gzip,deflate,sdch
host: localhost:8080
=========================
HTTP response:
status=
200 
headers= 
Content-Type: application/json;charset=UTF-8
Transfer-Encoding: chunked
Date: Wed, 29 Jan 2020 21:01:37 GMT

body=
{"message":"Size of BigFatBastard list is now 12192 objects. It contains 658368 items.","name":"Simple-PropertiesFileName","durationInMillis":5}
<<<<<<<<<<<<<<<<<<<<<<<<<
22:01:38.281 [DEBUG] i.g.c.a.Pause - Pausing for 2608ms (real=2595ms)
22:01:38.332 [DEBUG] i.g.h.e.t.HttpTxExecutor - Sending request=simple_delay uri=http://localhost:8080/delay?duration=555: scenario=Acceptance test, userId=152
22:01:38.332 [DEBUG] i.g.h.c.i.HttpAppHandler - Write request WritableRequest{request=DefaultFullHttpRequest(decodeResult: success, version: HTTP/1.1, content: UnpooledByteBufAllocator$InstrumentedUnpooledUnsafeHeapByteBuf(ridx: 0, widx: 0, cap: 0))
GET /delay?duration=555 HTTP/1.1
Accept: */*
Content-Type: application/json;charset=UTF-8
Accept-Language: en-US,en;q=0.8,nl;q=0.6
User-Agent: Mozilla/5.0 (Windows NT 6.1; WOW64) AppleWebKit/537.36 (KHTML, like Gecko) Chrome/38.0.2125.111 Safari/537.36
accept-encoding: gzip,deflate,sdch
host: localhost:8080, content=null}
22:01:38.432 [DEBUG] i.g.h.e.t.HttpTxExecutor - Sending request=simple_mini_leak uri=http://localhost:8080/memory/grow?objects=8&items=54: scenario=Acceptance test, userId=149
22:01:38.433 [DEBUG] i.g.h.c.i.HttpAppHandler - Write request WritableRequest{request=DefaultFullHttpRequest(decodeResult: success, version: HTTP/1.1, content: UnpooledByteBufAllocator$InstrumentedUnpooledUnsafeHeapByteBuf(ridx: 0, widx: 0, cap: 0))
GET /memory/grow?objects=8&items=54 HTTP/1.1
Accept: */*
Content-Type: application/json;charset=UTF-8
Accept-Language: en-US,en;q=0.8,nl;q=0.6
User-Agent: Mozilla/5.0 (Windows NT 6.1; WOW64) AppleWebKit/537.36 (KHTML, like Gecko) Chrome/38.0.2125.111 Safari/537.36
accept-encoding: gzip,deflate,sdch
host: localhost:8080, content=null}
22:01:38.440 [DEBUG] i.g.h.c.i.HttpAppHandler - Read msg='DefaultHttpResponse(decodeResult: success, version: HTTP/1.1)
HTTP/1.1 200 
Content-Type: application/json;charset=UTF-8
Transfer-Encoding: chunked
Date: Wed, 29 Jan 2020 21:01:37 GMT'
22:01:38.440 [DEBUG] i.g.h.c.i.HttpAppHandler - Read msg='DefaultHttpContent(data: PooledSlicedByteBuf(ridx: 0, widx: 144, cap: 144/144, unwrapped: PooledUnsafeDirectByteBuf(ridx: 278, widx: 283, cap: 512)), decoderResult: success)'
22:01:38.441 [DEBUG] i.g.h.c.i.HttpAppHandler - Read msg='EmptyLastHttpContent'
22:01:38.441 [TRACE] i.g.h.e.r.DefaultStatsProcessor - 
>>>>>>>>>>>>>>>>>>>>>>>>>>
Request:
simple_mini_leak: OK 
=========================
Session:
Session(Acceptance test,149,1580331693552,Map(gatling.http.ssl.sslContexts -> SslContexts(io.netty.handler.ssl.JdkSslContext@6bf7c81f,None), gatling.http.cache.dns -> io.gatling.http.cache.DnsCacheSupport$$anon$1@5898ac4b, gatling.http.cache.baseUrl -> http://localhost:8080),23,OK,List(),io.gatling.core.protocol.ProtocolComponentsRegistry$$Lambda$598/0x000000084055d840@452b12e)
=========================
HTTP request:
GET http://localhost:8080/memory/grow?objects=8&items=54
headers=
Accept: */*
Content-Type: application/json;charset=UTF-8
Accept-Language: en-US,en;q=0.8,nl;q=0.6
User-Agent: Mozilla/5.0 (Windows NT 6.1; WOW64) AppleWebKit/537.36 (KHTML, like Gecko) Chrome/38.0.2125.111 Safari/537.36
accept-encoding: gzip,deflate,sdch
host: localhost:8080
=========================
HTTP response:
status=
200 
headers= 
Content-Type: application/json;charset=UTF-8
Transfer-Encoding: chunked
Date: Wed, 29 Jan 2020 21:01:37 GMT

body=
{"message":"Size of BigFatBastard list is now 12200 objects. It contains 658800 items.","name":"Simple-PropertiesFileName","durationInMillis":6}
<<<<<<<<<<<<<<<<<<<<<<<<<
22:01:38.442 [DEBUG] i.g.c.a.Pause - Pausing for 481ms (real=458ms)
22:01:38.479 [DEBUG] i.g.h.c.i.HttpAppHandler - Read msg='DefaultHttpResponse(decodeResult: success, version: HTTP/1.1)
HTTP/1.1 200 
Content-Type: application/json;charset=UTF-8
Transfer-Encoding: chunked
Date: Wed, 29 Jan 2020 21:01:37 GMT'
22:01:38.479 [DEBUG] i.g.h.c.i.HttpAppHandler - Read msg='DefaultHttpContent(data: PooledSlicedByteBuf(ridx: 0, widx: 95, cap: 95/95, unwrapped: PooledUnsafeDirectByteBuf(ridx: 229, widx: 229, cap: 1024)), decoderResult: success)'
22:01:38.479 [DEBUG] i.g.h.c.i.HttpAppHandler - Read msg='EmptyLastHttpContent'
22:01:38.480 [TRACE] i.g.h.e.r.DefaultStatsProcessor - 
>>>>>>>>>>>>>>>>>>>>>>>>>>
Request:
simple_delay: OK 
=========================
Session:
Session(Acceptance test,137,1580331687551,Map(gatling.http.ssl.sslContexts -> SslContexts(io.netty.handler.ssl.JdkSslContext@2a4a9302,None), gatling.http.cache.dns -> io.gatling.http.cache.DnsCacheSupport$$anon$1@5898ac4b, gatling.http.cache.baseUrl -> http://localhost:8080),24,OK,List(),io.gatling.core.protocol.ProtocolComponentsRegistry$$Lambda$598/0x000000084055d840@452b12e)
=========================
HTTP request:
GET http://localhost:8080/delay?duration=555
headers=
Accept: */*
Content-Type: application/json;charset=UTF-8
Accept-Language: en-US,en;q=0.8,nl;q=0.6
User-Agent: Mozilla/5.0 (Windows NT 6.1; WOW64) AppleWebKit/537.36 (KHTML, like Gecko) Chrome/38.0.2125.111 Safari/537.36
accept-encoding: gzip,deflate,sdch
host: localhost:8080
=========================
HTTP response:
status=
200 
headers= 
Content-Type: application/json;charset=UTF-8
Transfer-Encoding: chunked
Date: Wed, 29 Jan 2020 21:01:37 GMT

body=
{"message":"This was a delay of 555","name":"Simple-PropertiesFileName","durationInMillis":555}
<<<<<<<<<<<<<<<<<<<<<<<<<
22:01:38.480 [DEBUG] i.g.c.a.Pause - Pausing for 5731ms (real=5706ms)
22:01:38.552 [DEBUG] i.g.c.c.i.o.OpenWorkload - Injecting 2 users in scenario Acceptance test, continue=true
22:01:38.552 [DEBUG] i.g.h.e.t.HttpTxExecutor - Sending request=simple_cpu_burn uri=http://localhost:8080/cpu/magic-identity-check?matrixSize=133: scenario=Acceptance test, userId=159
22:01:38.553 [DEBUG] i.g.c.c.i.o.OpenWorkload - Start user #159
22:01:38.554 [DEBUG] i.g.h.c.i.HttpAppHandler - Write request WritableRequest{request=DefaultFullHttpRequest(decodeResult: success, version: HTTP/1.1, content: UnpooledByteBufAllocator$InstrumentedUnpooledUnsafeHeapByteBuf(ridx: 0, widx: 0, cap: 0))
GET /cpu/magic-identity-check?matrixSize=133 HTTP/1.1
Accept: */*
Content-Type: application/json;charset=UTF-8
Accept-Language: en-US,en;q=0.8,nl;q=0.6
User-Agent: Mozilla/5.0 (Windows NT 6.1; WOW64) AppleWebKit/537.36 (KHTML, like Gecko) Chrome/38.0.2125.111 Safari/537.36
accept-encoding: gzip,deflate,sdch
host: localhost:8080, content=null}
22:01:38.565 [DEBUG] i.g.h.c.i.HttpAppHandler - Read msg='DefaultHttpResponse(decodeResult: success, version: HTTP/1.1)
HTTP/1.1 200 
Content-Type: application/json;charset=UTF-8
Transfer-Encoding: chunked
Date: Wed, 29 Jan 2020 21:01:38 GMT'
22:01:38.565 [DEBUG] i.g.h.c.i.HttpAppHandler - Read msg='DefaultHttpContent(data: PooledSlicedByteBuf(ridx: 0, widx: 170, cap: 170/170, unwrapped: PooledUnsafeDirectByteBuf(ridx: 304, widx: 309, cap: 1024)), decoderResult: success)'
22:01:38.565 [DEBUG] i.g.h.c.i.HttpAppHandler - Read msg='EmptyLastHttpContent'
22:01:38.566 [TRACE] i.g.h.e.r.DefaultStatsProcessor - 
>>>>>>>>>>>>>>>>>>>>>>>>>>
Request:
simple_cpu_burn: OK 
=========================
Session:
Session(Acceptance test,159,1580331698552,Map(gatling.http.ssl.sslContexts -> SslContexts(io.netty.handler.ssl.JdkSslContext@57136001,None), gatling.http.cache.dns -> io.gatling.http.cache.DnsCacheSupport$$anon$1@5898ac4b, gatling.http.cache.baseUrl -> http://localhost:8080),0,OK,List(),io.gatling.core.protocol.ProtocolComponentsRegistry$$Lambda$598/0x000000084055d840@452b12e)
=========================
HTTP request:
GET http://localhost:8080/cpu/magic-identity-check?matrixSize=133
headers=
Accept: */*
Content-Type: application/json;charset=UTF-8
Accept-Language: en-US,en;q=0.8,nl;q=0.6
User-Agent: Mozilla/5.0 (Windows NT 6.1; WOW64) AppleWebKit/537.36 (KHTML, like Gecko) Chrome/38.0.2125.111 Safari/537.36
accept-encoding: gzip,deflate,sdch
host: localhost:8080
=========================
HTTP response:
status=
200 
headers= 
Content-Type: application/json;charset=UTF-8
Transfer-Encoding: chunked
Date: Wed, 29 Jan 2020 21:01:38 GMT

body=
{"message":"A simple magic square multiplied by an identity square of size [133] [is equal] to the magic square.","name":"Simple-PropertiesFileName","durationInMillis":8}
<<<<<<<<<<<<<<<<<<<<<<<<<
22:01:38.566 [DEBUG] i.g.c.a.Pause - Pausing for 2352ms (real=2351ms)
22:01:38.599 [DEBUG] i.g.h.c.i.HttpAppHandler - Read msg='DefaultHttpResponse(decodeResult: success, version: HTTP/1.1)
HTTP/1.1 200 
Content-Type: application/json;charset=UTF-8
Transfer-Encoding: chunked
Date: Wed, 29 Jan 2020 21:01:38 GMT'
22:01:38.599 [DEBUG] i.g.h.c.i.HttpAppHandler - Read msg='DefaultHttpContent(data: PooledSlicedByteBuf(ridx: 0, widx: 95, cap: 95/95, unwrapped: PooledUnsafeDirectByteBuf(ridx: 229, widx: 229, cap: 1024)), decoderResult: success)'
22:01:38.599 [DEBUG] i.g.h.c.i.HttpAppHandler - Read msg='EmptyLastHttpContent'
22:01:38.600 [TRACE] i.g.h.e.r.DefaultStatsProcessor - 
>>>>>>>>>>>>>>>>>>>>>>>>>>
Request:
simple_delay: OK 
=========================
Session:
Session(Acceptance test,157,1580331697552,Map(gatling.http.ssl.sslContexts -> SslContexts(io.netty.handler.ssl.JdkSslContext@6e18ae5f,None), gatling.http.cache.dns -> io.gatling.http.cache.DnsCacheSupport$$anon$1@5898ac4b, gatling.http.cache.baseUrl -> http://localhost:8080),25,OK,List(),io.gatling.core.protocol.ProtocolComponentsRegistry$$Lambda$598/0x000000084055d840@452b12e)
=========================
HTTP request:
GET http://localhost:8080/delay?duration=555
headers=
Accept: */*
Content-Type: application/json;charset=UTF-8
Accept-Language: en-US,en;q=0.8,nl;q=0.6
User-Agent: Mozilla/5.0 (Windows NT 6.1; WOW64) AppleWebKit/537.36 (KHTML, like Gecko) Chrome/38.0.2125.111 Safari/537.36
accept-encoding: gzip,deflate,sdch
host: localhost:8080
=========================
HTTP response:
status=
200 
headers= 
Content-Type: application/json;charset=UTF-8
Transfer-Encoding: chunked
Date: Wed, 29 Jan 2020 21:01:38 GMT

body=
{"message":"This was a delay of 555","name":"Simple-PropertiesFileName","durationInMillis":555}
<<<<<<<<<<<<<<<<<<<<<<<<<
22:01:38.600 [DEBUG] i.g.c.a.Pause - Pausing for 298ms (real=272ms)
22:01:38.890 [DEBUG] i.g.h.c.i.HttpAppHandler - Read msg='DefaultHttpResponse(decodeResult: success, version: HTTP/1.1)
HTTP/1.1 200 
Content-Type: application/json;charset=UTF-8
Transfer-Encoding: chunked
Date: Wed, 29 Jan 2020 21:01:38 GMT'
22:01:38.890 [DEBUG] i.g.h.c.i.HttpAppHandler - Read msg='DefaultHttpContent(data: PooledSlicedByteBuf(ridx: 0, widx: 95, cap: 95/95, unwrapped: PooledUnsafeDirectByteBuf(ridx: 229, widx: 229, cap: 1024)), decoderResult: success)'
22:01:38.890 [DEBUG] i.g.h.c.i.HttpAppHandler - Read msg='EmptyLastHttpContent'
22:01:38.890 [TRACE] i.g.h.e.r.DefaultStatsProcessor - 
>>>>>>>>>>>>>>>>>>>>>>>>>>
Request:
simple_delay: OK 
=========================
Session:
Session(Acceptance test,152,1580331695051,Map(gatling.http.ssl.sslContexts -> SslContexts(io.netty.handler.ssl.JdkSslContext@3ac7e470,None), gatling.http.cache.dns -> io.gatling.http.cache.DnsCacheSupport$$anon$1@5898ac4b, gatling.http.cache.baseUrl -> http://localhost:8080),15,OK,List(),io.gatling.core.protocol.ProtocolComponentsRegistry$$Lambda$598/0x000000084055d840@452b12e)
=========================
HTTP request:
GET http://localhost:8080/delay?duration=555
headers=
Accept: */*
Content-Type: application/json;charset=UTF-8
Accept-Language: en-US,en;q=0.8,nl;q=0.6
User-Agent: Mozilla/5.0 (Windows NT 6.1; WOW64) AppleWebKit/537.36 (KHTML, like Gecko) Chrome/38.0.2125.111 Safari/537.36
accept-encoding: gzip,deflate,sdch
host: localhost:8080
=========================
HTTP response:
status=
200 
headers= 
Content-Type: application/json;charset=UTF-8
Transfer-Encoding: chunked
Date: Wed, 29 Jan 2020 21:01:38 GMT

body=
{"message":"This was a delay of 555","name":"Simple-PropertiesFileName","durationInMillis":555}
<<<<<<<<<<<<<<<<<<<<<<<<<
22:01:38.891 [DEBUG] i.g.c.a.Pause - Pausing for 3144ms (real=3128ms)
22:01:38.892 [DEBUG] i.g.h.e.t.HttpTxExecutor - Sending request=simple_mini_leak uri=http://localhost:8080/memory/grow?objects=8&items=54: scenario=Acceptance test, userId=157
22:01:38.892 [DEBUG] i.g.h.c.i.HttpAppHandler - Write request WritableRequest{request=DefaultFullHttpRequest(decodeResult: success, version: HTTP/1.1, content: UnpooledByteBufAllocator$InstrumentedUnpooledUnsafeHeapByteBuf(ridx: 0, widx: 0, cap: 0))
GET /memory/grow?objects=8&items=54 HTTP/1.1
Accept: */*
Content-Type: application/json;charset=UTF-8
Accept-Language: en-US,en;q=0.8,nl;q=0.6
User-Agent: Mozilla/5.0 (Windows NT 6.1; WOW64) AppleWebKit/537.36 (KHTML, like Gecko) Chrome/38.0.2125.111 Safari/537.36
accept-encoding: gzip,deflate,sdch
host: localhost:8080, content=null}
22:01:38.900 [DEBUG] i.g.h.c.i.HttpAppHandler - Read msg='DefaultHttpResponse(decodeResult: success, version: HTTP/1.1)
HTTP/1.1 200 
Content-Type: application/json;charset=UTF-8
Transfer-Encoding: chunked
Date: Wed, 29 Jan 2020 21:01:38 GMT'
22:01:38.900 [DEBUG] i.g.h.c.i.HttpAppHandler - Read msg='DefaultHttpContent(data: PooledSlicedByteBuf(ridx: 0, widx: 144, cap: 144/144, unwrapped: PooledUnsafeDirectByteBuf(ridx: 278, widx: 278, cap: 512)), decoderResult: success)'
22:01:38.900 [DEBUG] i.g.h.c.i.HttpAppHandler - Read msg='EmptyLastHttpContent'
22:01:38.900 [TRACE] i.g.h.e.r.DefaultStatsProcessor - 
>>>>>>>>>>>>>>>>>>>>>>>>>>
Request:
simple_mini_leak: OK 
=========================
Session:
Session(Acceptance test,157,1580331697552,Map(gatling.http.ssl.sslContexts -> SslContexts(io.netty.handler.ssl.JdkSslContext@6e18ae5f,None), gatling.http.cache.dns -> io.gatling.http.cache.DnsCacheSupport$$anon$1@5898ac4b, gatling.http.cache.baseUrl -> http://localhost:8080),19,OK,List(),io.gatling.core.protocol.ProtocolComponentsRegistry$$Lambda$598/0x000000084055d840@452b12e)
=========================
HTTP request:
GET http://localhost:8080/memory/grow?objects=8&items=54
headers=
Accept: */*
Content-Type: application/json;charset=UTF-8
Accept-Language: en-US,en;q=0.8,nl;q=0.6
User-Agent: Mozilla/5.0 (Windows NT 6.1; WOW64) AppleWebKit/537.36 (KHTML, like Gecko) Chrome/38.0.2125.111 Safari/537.36
accept-encoding: gzip,deflate,sdch
host: localhost:8080
=========================
HTTP response:
status=
200 
headers= 
Content-Type: application/json;charset=UTF-8
Transfer-Encoding: chunked
Date: Wed, 29 Jan 2020 21:01:38 GMT

body=
{"message":"Size of BigFatBastard list is now 12208 objects. It contains 659232 items.","name":"Simple-PropertiesFileName","durationInMillis":5}
<<<<<<<<<<<<<<<<<<<<<<<<<
22:01:38.901 [DEBUG] i.g.c.a.Pause - Pausing for 4353ms (real=4334ms)
22:01:38.922 [DEBUG] i.g.h.e.t.HttpTxExecutor - Sending request=upload-file uri=http://localhost:8080/files/upload: scenario=Acceptance test, userId=149
22:01:38.923 [DEBUG] i.g.h.c.i.HttpAppHandler - Write request WritableRequest{request=DefaultHttpRequest(decodeResult: success, version: HTTP/1.1)
POST /files/upload HTTP/1.1
Accept: */*
Accept-Language: en-US,en;q=0.8,nl;q=0.6
User-Agent: Mozilla/5.0 (Windows NT 6.1; WOW64) AppleWebKit/537.36 (KHTML, like Gecko) Chrome/38.0.2125.111 Safari/537.36
accept-encoding: gzip,deflate,sdch
host: localhost:8080
content-type: multipart/form-data; boundary=G5XTx8ThswWGI2FXmwTaEepR7v11VbaOALX
content-length: 220, content=io.gatling.http.client.body.multipart.impl.MultipartFileRegion@6e585b7}
22:01:38.926 [DEBUG] i.g.h.c.i.HttpAppHandler - Read msg='DefaultHttpResponse(decodeResult: success, version: HTTP/1.1)
HTTP/1.1 200 
Content-Type: text/plain;charset=UTF-8
Content-Length: 62
Date: Wed, 29 Jan 2020 21:01:38 GMT'
22:01:38.926 [DEBUG] i.g.h.c.i.HttpAppHandler - Read msg='DefaultLastHttpContent(data: PooledSlicedByteBuf(ridx: 0, widx: 62, cap: 62/62, unwrapped: PooledUnsafeDirectByteBuf(ridx: 176, widx: 176, cap: 512)), decoderResult: success)'
22:01:38.927 [TRACE] i.g.h.e.r.DefaultStatsProcessor - 
>>>>>>>>>>>>>>>>>>>>>>>>>>
Request:
upload-file: OK 
=========================
Session:
Session(Acceptance test,149,1580331693552,Map(gatling.http.ssl.sslContexts -> SslContexts(io.netty.handler.ssl.JdkSslContext@6bf7c81f,None), gatling.http.cache.dns -> io.gatling.http.cache.DnsCacheSupport$$anon$1@5898ac4b, gatling.http.cache.baseUrl -> http://localhost:8080),22,OK,List(),io.gatling.core.protocol.ProtocolComponentsRegistry$$Lambda$598/0x000000084055d840@452b12e)
=========================
HTTP request:
POST http://localhost:8080/files/upload
headers=
Accept: */*
Accept-Language: en-US,en;q=0.8,nl;q=0.6
User-Agent: Mozilla/5.0 (Windows NT 6.1; WOW64) AppleWebKit/537.36 (KHTML, like Gecko) Chrome/38.0.2125.111 Safari/537.36
accept-encoding: gzip,deflate,sdch
host: localhost:8080
content-type: multipart/form-data; boundary=G5XTx8ThswWGI2FXmwTaEepR7v11VbaOALX
content-length: 220
multipartBody=
ByteArrayPart: name=upload contentType=text/plain dispositionType=null charset=UTF-8 transferEncoding=null contentId=null filename=gatling-upload.txt
=========================
HTTP response:
status=
200 
headers= 
Content-Type: text/plain;charset=UTF-8
Content-Length: 62
Date: Wed, 29 Jan 2020 21:01:38 GMT

body=
File upload succeeded [gatling-upload.txt] of size [17] bytes.
<<<<<<<<<<<<<<<<<<<<<<<<<
22:01:38.927 [DEBUG] i.g.c.a.Exit - End user #149
22:01:38.927 [DEBUG] i.g.c.c.i.Injector - End user #149
22:01:39.052 [DEBUG] i.g.h.e.t.HttpTxExecutor - Sending request=simple_cpu_burn uri=http://localhost:8080/cpu/magic-identity-check?matrixSize=133: scenario=Acceptance test, userId=160
22:01:39.052 [DEBUG] i.g.c.c.i.o.OpenWorkload - Start user #160
22:01:39.054 [DEBUG] i.g.h.c.i.HttpAppHandler - Write request WritableRequest{request=DefaultFullHttpRequest(decodeResult: success, version: HTTP/1.1, content: UnpooledByteBufAllocator$InstrumentedUnpooledUnsafeHeapByteBuf(ridx: 0, widx: 0, cap: 0))
GET /cpu/magic-identity-check?matrixSize=133 HTTP/1.1
Accept: */*
Content-Type: application/json;charset=UTF-8
Accept-Language: en-US,en;q=0.8,nl;q=0.6
User-Agent: Mozilla/5.0 (Windows NT 6.1; WOW64) AppleWebKit/537.36 (KHTML, like Gecko) Chrome/38.0.2125.111 Safari/537.36
accept-encoding: gzip,deflate,sdch
host: localhost:8080, content=null}
22:01:39.065 [DEBUG] i.g.h.c.i.HttpAppHandler - Read msg='DefaultHttpResponse(decodeResult: success, version: HTTP/1.1)
HTTP/1.1 200 
Content-Type: application/json;charset=UTF-8
Transfer-Encoding: chunked
Date: Wed, 29 Jan 2020 21:01:38 GMT'
22:01:39.065 [DEBUG] i.g.h.c.i.HttpAppHandler - Read msg='DefaultHttpContent(data: PooledSlicedByteBuf(ridx: 0, widx: 171, cap: 171/171, unwrapped: PooledUnsafeDirectByteBuf(ridx: 305, widx: 305, cap: 1024)), decoderResult: success)'
22:01:39.066 [DEBUG] i.g.h.c.i.HttpAppHandler - Read msg='EmptyLastHttpContent'
22:01:39.066 [TRACE] i.g.h.e.r.DefaultStatsProcessor - 
>>>>>>>>>>>>>>>>>>>>>>>>>>
Request:
simple_cpu_burn: OK 
=========================
Session:
Session(Acceptance test,160,1580331699052,Map(gatling.http.ssl.sslContexts -> SslContexts(io.netty.handler.ssl.JdkSslContext@40010726,None), gatling.http.cache.dns -> io.gatling.http.cache.DnsCacheSupport$$anon$1@5898ac4b, gatling.http.cache.baseUrl -> http://localhost:8080),0,OK,List(),io.gatling.core.protocol.ProtocolComponentsRegistry$$Lambda$598/0x000000084055d840@452b12e)
=========================
HTTP request:
GET http://localhost:8080/cpu/magic-identity-check?matrixSize=133
headers=
Accept: */*
Content-Type: application/json;charset=UTF-8
Accept-Language: en-US,en;q=0.8,nl;q=0.6
User-Agent: Mozilla/5.0 (Windows NT 6.1; WOW64) AppleWebKit/537.36 (KHTML, like Gecko) Chrome/38.0.2125.111 Safari/537.36
accept-encoding: gzip,deflate,sdch
host: localhost:8080
=========================
HTTP response:
status=
200 
headers= 
Content-Type: application/json;charset=UTF-8
Transfer-Encoding: chunked
Date: Wed, 29 Jan 2020 21:01:38 GMT

body=
{"message":"A simple magic square multiplied by an identity square of size [133] [is equal] to the magic square.","name":"Simple-PropertiesFileName","durationInMillis":10}
<<<<<<<<<<<<<<<<<<<<<<<<<
22:01:39.066 [DEBUG] i.g.c.a.Pause - Pausing for 848ms (real=848ms)
22:01:39.112 [DEBUG] i.g.h.e.t.HttpTxExecutor - Sending request=upload-file uri=http://localhost:8080/files/upload: scenario=Acceptance test, userId=148
22:01:39.112 [DEBUG] i.g.h.c.i.HttpAppHandler - Write request WritableRequest{request=DefaultHttpRequest(decodeResult: success, version: HTTP/1.1)
POST /files/upload HTTP/1.1
Accept: */*
Accept-Language: en-US,en;q=0.8,nl;q=0.6
User-Agent: Mozilla/5.0 (Windows NT 6.1; WOW64) AppleWebKit/537.36 (KHTML, like Gecko) Chrome/38.0.2125.111 Safari/537.36
accept-encoding: gzip,deflate,sdch
host: localhost:8080
content-type: multipart/form-data; boundary=gjd7T5I81oxMBzp4ckeuCIKhPmixAr5r9iO
content-length: 220, content=io.gatling.http.client.body.multipart.impl.MultipartFileRegion@7eb59302}
22:01:39.116 [DEBUG] i.g.h.c.i.HttpAppHandler - Read msg='DefaultHttpResponse(decodeResult: success, version: HTTP/1.1)
HTTP/1.1 200 
Content-Type: text/plain;charset=UTF-8
Content-Length: 62
Date: Wed, 29 Jan 2020 21:01:38 GMT'
22:01:39.116 [DEBUG] i.g.h.c.i.HttpAppHandler - Read msg='DefaultLastHttpContent(data: PooledSlicedByteBuf(ridx: 0, widx: 62, cap: 62/62, unwrapped: PooledUnsafeDirectByteBuf(ridx: 176, widx: 176, cap: 512)), decoderResult: success)'
22:01:39.117 [TRACE] i.g.h.e.r.DefaultStatsProcessor - 
>>>>>>>>>>>>>>>>>>>>>>>>>>
Request:
upload-file: OK 
=========================
Session:
Session(Acceptance test,148,1580331693052,Map(gatling.http.ssl.sslContexts -> SslContexts(io.netty.handler.ssl.JdkSslContext@534be2ea,None), gatling.http.cache.dns -> io.gatling.http.cache.DnsCacheSupport$$anon$1@5898ac4b, gatling.http.cache.baseUrl -> http://localhost:8080),14,OK,List(),io.gatling.core.protocol.ProtocolComponentsRegistry$$Lambda$598/0x000000084055d840@452b12e)
=========================
HTTP request:
POST http://localhost:8080/files/upload
headers=
Accept: */*
Accept-Language: en-US,en;q=0.8,nl;q=0.6
User-Agent: Mozilla/5.0 (Windows NT 6.1; WOW64) AppleWebKit/537.36 (KHTML, like Gecko) Chrome/38.0.2125.111 Safari/537.36
accept-encoding: gzip,deflate,sdch
host: localhost:8080
content-type: multipart/form-data; boundary=gjd7T5I81oxMBzp4ckeuCIKhPmixAr5r9iO
content-length: 220
multipartBody=
ByteArrayPart: name=upload contentType=text/plain dispositionType=null charset=UTF-8 transferEncoding=null contentId=null filename=gatling-upload.txt
=========================
HTTP response:
status=
200 
headers= 
Content-Type: text/plain;charset=UTF-8
Content-Length: 62
Date: Wed, 29 Jan 2020 21:01:38 GMT

body=
File upload succeeded [gatling-upload.txt] of size [17] bytes.
<<<<<<<<<<<<<<<<<<<<<<<<<
22:01:39.117 [DEBUG] i.g.c.a.Exit - End user #148
22:01:39.118 [DEBUG] i.g.c.c.i.Injector - End user #148

================================================================================
2020-01-29 22:01:39                                          95s elapsed
---- Requests ------------------------------------------------------------------
> Global                                                   (OK=603    KO=1     )
> simple_cpu_burn                                          (OK=160    KO=0     )
> simple_delay                                             (OK=153    KO=0     )
> simple_mini_leak                                         (OK=147    KO=1     )
> upload-file                                              (OK=143    KO=0     )
---- Errors --------------------------------------------------------------------
> status.find.is(200), but actually found 500                         1 (100.0%)

---- Acceptance test -----------------------------------------------------------
[###############--                                                         ] 20%
          waiting: 530    / active: 17     / done: 143   
================================================================================

22:01:39.232 [DEBUG] i.g.h.e.t.HttpTxExecutor - Sending request=simple_mini_leak uri=http://localhost:8080/memory/grow?objects=8&items=54: scenario=Acceptance test, userId=155
22:01:39.232 [DEBUG] i.g.h.c.i.HttpAppHandler - Write request WritableRequest{request=DefaultFullHttpRequest(decodeResult: success, version: HTTP/1.1, content: UnpooledByteBufAllocator$InstrumentedUnpooledUnsafeHeapByteBuf(ridx: 0, widx: 0, cap: 0))
GET /memory/grow?objects=8&items=54 HTTP/1.1
Accept: */*
Content-Type: application/json;charset=UTF-8
Accept-Language: en-US,en;q=0.8,nl;q=0.6
User-Agent: Mozilla/5.0 (Windows NT 6.1; WOW64) AppleWebKit/537.36 (KHTML, like Gecko) Chrome/38.0.2125.111 Safari/537.36
accept-encoding: gzip,deflate,sdch
host: localhost:8080, content=null}
22:01:39.235 [DEBUG] i.g.h.c.i.HttpAppHandler - Read msg='DefaultHttpResponse(decodeResult: success, version: HTTP/1.1)
HTTP/1.1 200 
Content-Type: application/json;charset=UTF-8
Transfer-Encoding: chunked
Date: Wed, 29 Jan 2020 21:01:38 GMT'
22:01:39.235 [DEBUG] i.g.h.c.i.HttpAppHandler - Read msg='DefaultHttpContent(data: PooledSlicedByteBuf(ridx: 0, widx: 144, cap: 144/144, unwrapped: PooledUnsafeDirectByteBuf(ridx: 278, widx: 283, cap: 512)), decoderResult: success)'
22:01:39.235 [DEBUG] i.g.h.c.i.HttpAppHandler - Read msg='EmptyLastHttpContent'
22:01:39.235 [TRACE] i.g.h.e.r.DefaultStatsProcessor - 
>>>>>>>>>>>>>>>>>>>>>>>>>>
Request:
simple_mini_leak: OK 
=========================
Session:
Session(Acceptance test,155,1580331696551,Map(gatling.http.ssl.sslContexts -> SslContexts(io.netty.handler.ssl.JdkSslContext@4c812b1e,None), gatling.http.cache.dns -> io.gatling.http.cache.DnsCacheSupport$$anon$1@5898ac4b, gatling.http.cache.baseUrl -> http://localhost:8080),18,OK,List(),io.gatling.core.protocol.ProtocolComponentsRegistry$$Lambda$598/0x000000084055d840@452b12e)
=========================
HTTP request:
GET http://localhost:8080/memory/grow?objects=8&items=54
headers=
Accept: */*
Content-Type: application/json;charset=UTF-8
Accept-Language: en-US,en;q=0.8,nl;q=0.6
User-Agent: Mozilla/5.0 (Windows NT 6.1; WOW64) AppleWebKit/537.36 (KHTML, like Gecko) Chrome/38.0.2125.111 Safari/537.36
accept-encoding: gzip,deflate,sdch
host: localhost:8080
=========================
HTTP response:
status=
200 
headers= 
Content-Type: application/json;charset=UTF-8
Transfer-Encoding: chunked
Date: Wed, 29 Jan 2020 21:01:38 GMT

body=
{"message":"Size of BigFatBastard list is now 12216 objects. It contains 659664 items.","name":"Simple-PropertiesFileName","durationInMillis":1}
<<<<<<<<<<<<<<<<<<<<<<<<<
22:01:39.235 [DEBUG] i.g.c.a.Pause - Pausing for 6833ms (real=6815ms)
22:01:39.322 [DEBUG] i.g.h.e.t.HttpTxExecutor - Sending request=simple_delay uri=http://localhost:8080/delay?duration=555: scenario=Acceptance test, userId=151
22:01:39.322 [DEBUG] i.g.h.c.i.HttpAppHandler - Write request WritableRequest{request=DefaultFullHttpRequest(decodeResult: success, version: HTTP/1.1, content: UnpooledByteBufAllocator$InstrumentedUnpooledUnsafeHeapByteBuf(ridx: 0, widx: 0, cap: 0))
GET /delay?duration=555 HTTP/1.1
Accept: */*
Content-Type: application/json;charset=UTF-8
Accept-Language: en-US,en;q=0.8,nl;q=0.6
User-Agent: Mozilla/5.0 (Windows NT 6.1; WOW64) AppleWebKit/537.36 (KHTML, like Gecko) Chrome/38.0.2125.111 Safari/537.36
accept-encoding: gzip,deflate,sdch
host: localhost:8080, content=null}
22:01:39.551 [DEBUG] i.g.h.e.t.HttpTxExecutor - Sending request=simple_mini_leak uri=http://localhost:8080/memory/grow?objects=8&items=54: scenario=Acceptance test, userId=150
22:01:39.552 [DEBUG] i.g.c.c.i.o.OpenWorkload - Injecting 2 users in scenario Acceptance test, continue=true
22:01:39.552 [DEBUG] i.g.h.e.t.HttpTxExecutor - Sending request=simple_cpu_burn uri=http://localhost:8080/cpu/magic-identity-check?matrixSize=133: scenario=Acceptance test, userId=161
22:01:39.552 [DEBUG] i.g.c.c.i.o.OpenWorkload - Start user #161
22:01:39.552 [DEBUG] i.g.h.c.i.HttpAppHandler - Write request WritableRequest{request=DefaultFullHttpRequest(decodeResult: success, version: HTTP/1.1, content: UnpooledByteBufAllocator$InstrumentedUnpooledUnsafeHeapByteBuf(ridx: 0, widx: 0, cap: 0))
GET /memory/grow?objects=8&items=54 HTTP/1.1
Accept: */*
Content-Type: application/json;charset=UTF-8
Accept-Language: en-US,en;q=0.8,nl;q=0.6
User-Agent: Mozilla/5.0 (Windows NT 6.1; WOW64) AppleWebKit/537.36 (KHTML, like Gecko) Chrome/38.0.2125.111 Safari/537.36
accept-encoding: gzip,deflate,sdch
host: localhost:8080, content=null}
22:01:39.552 [DEBUG] i.g.h.c.i.HttpAppHandler - Write request WritableRequest{request=DefaultFullHttpRequest(decodeResult: success, version: HTTP/1.1, content: UnpooledByteBufAllocator$InstrumentedUnpooledUnsafeHeapByteBuf(ridx: 0, widx: 0, cap: 0))
GET /cpu/magic-identity-check?matrixSize=133 HTTP/1.1
Accept: */*
Content-Type: application/json;charset=UTF-8
Accept-Language: en-US,en;q=0.8,nl;q=0.6
User-Agent: Mozilla/5.0 (Windows NT 6.1; WOW64) AppleWebKit/537.36 (KHTML, like Gecko) Chrome/38.0.2125.111 Safari/537.36
accept-encoding: gzip,deflate,sdch
host: localhost:8080, content=null}
22:01:39.555 [DEBUG] i.g.h.c.i.HttpAppHandler - Read msg='DefaultHttpResponse(decodeResult: success, version: HTTP/1.1)
HTTP/1.1 200 
Content-Type: application/json;charset=UTF-8
Transfer-Encoding: chunked
Date: Wed, 29 Jan 2020 21:01:38 GMT'
22:01:39.555 [DEBUG] i.g.h.c.i.HttpAppHandler - Read msg='DefaultHttpContent(data: PooledSlicedByteBuf(ridx: 0, widx: 144, cap: 144/144, unwrapped: PooledUnsafeDirectByteBuf(ridx: 278, widx: 283, cap: 512)), decoderResult: success)'
22:01:39.555 [DEBUG] i.g.h.c.i.HttpAppHandler - Read msg='EmptyLastHttpContent'
22:01:39.555 [TRACE] i.g.h.e.r.DefaultStatsProcessor - 
>>>>>>>>>>>>>>>>>>>>>>>>>>
Request:
simple_mini_leak: OK 
=========================
Session:
Session(Acceptance test,150,1580331694051,Map(gatling.http.ssl.sslContexts -> SslContexts(io.netty.handler.ssl.JdkSslContext@1338497f,None), gatling.http.cache.dns -> io.gatling.http.cache.DnsCacheSupport$$anon$1@5898ac4b, gatling.http.cache.baseUrl -> http://localhost:8080),20,OK,List(),io.gatling.core.protocol.ProtocolComponentsRegistry$$Lambda$598/0x000000084055d840@452b12e)
=========================
HTTP request:
GET http://localhost:8080/memory/grow?objects=8&items=54
headers=
Accept: */*
Content-Type: application/json;charset=UTF-8
Accept-Language: en-US,en;q=0.8,nl;q=0.6
User-Agent: Mozilla/5.0 (Windows NT 6.1; WOW64) AppleWebKit/537.36 (KHTML, like Gecko) Chrome/38.0.2125.111 Safari/537.36
accept-encoding: gzip,deflate,sdch
host: localhost:8080
=========================
HTTP response:
status=
200 
headers= 
Content-Type: application/json;charset=UTF-8
Transfer-Encoding: chunked
Date: Wed, 29 Jan 2020 21:01:38 GMT

body=
{"message":"Size of BigFatBastard list is now 12224 objects. It contains 660096 items.","name":"Simple-PropertiesFileName","durationInMillis":3}
<<<<<<<<<<<<<<<<<<<<<<<<<
22:01:39.555 [DEBUG] i.g.c.a.Pause - Pausing for 344ms (real=324ms)
22:01:39.556 [DEBUG] i.g.h.c.i.HttpAppHandler - Read msg='DefaultHttpResponse(decodeResult: success, version: HTTP/1.1)
HTTP/1.1 200 
Content-Type: application/json;charset=UTF-8
Transfer-Encoding: chunked
Date: Wed, 29 Jan 2020 21:01:38 GMT'
22:01:39.556 [DEBUG] i.g.h.c.i.HttpAppHandler - Read msg='DefaultHttpContent(data: PooledSlicedByteBuf(ridx: 0, widx: 170, cap: 170/170, unwrapped: PooledUnsafeDirectByteBuf(ridx: 304, widx: 309, cap: 1024)), decoderResult: success)'
22:01:39.556 [DEBUG] i.g.h.c.i.HttpAppHandler - Read msg='EmptyLastHttpContent'
22:01:39.556 [TRACE] i.g.h.e.r.DefaultStatsProcessor - 
>>>>>>>>>>>>>>>>>>>>>>>>>>
Request:
simple_cpu_burn: OK 
=========================
Session:
Session(Acceptance test,161,1580331699551,Map(gatling.http.ssl.sslContexts -> SslContexts(io.netty.handler.ssl.JdkSslContext@1d5d8bcf,None), gatling.http.cache.dns -> io.gatling.http.cache.DnsCacheSupport$$anon$1@5898ac4b, gatling.http.cache.baseUrl -> http://localhost:8080),0,OK,List(),io.gatling.core.protocol.ProtocolComponentsRegistry$$Lambda$598/0x000000084055d840@452b12e)
=========================
HTTP request:
GET http://localhost:8080/cpu/magic-identity-check?matrixSize=133
headers=
Accept: */*
Content-Type: application/json;charset=UTF-8
Accept-Language: en-US,en;q=0.8,nl;q=0.6
User-Agent: Mozilla/5.0 (Windows NT 6.1; WOW64) AppleWebKit/537.36 (KHTML, like Gecko) Chrome/38.0.2125.111 Safari/537.36
accept-encoding: gzip,deflate,sdch
host: localhost:8080
=========================
HTTP response:
status=
200 
headers= 
Content-Type: application/json;charset=UTF-8
Transfer-Encoding: chunked
Date: Wed, 29 Jan 2020 21:01:38 GMT

body=
{"message":"A simple magic square multiplied by an identity square of size [133] [is equal] to the magic square.","name":"Simple-PropertiesFileName","durationInMillis":3}
<<<<<<<<<<<<<<<<<<<<<<<<<
22:01:39.556 [DEBUG] i.g.c.a.Pause - Pausing for 1081ms (real=1081ms)
22:01:39.841 [DEBUG] i.g.h.e.t.HttpTxExecutor - Sending request=simple_delay uri=http://localhost:8080/delay?duration=555: scenario=Acceptance test, userId=144
22:01:39.841 [DEBUG] i.g.h.c.i.HttpAppHandler - Write request WritableRequest{request=DefaultFullHttpRequest(decodeResult: success, version: HTTP/1.1, content: UnpooledByteBufAllocator$InstrumentedUnpooledUnsafeHeapByteBuf(ridx: 0, widx: 0, cap: 0))
GET /delay?duration=555 HTTP/1.1
Accept: */*
Content-Type: application/json;charset=UTF-8
Accept-Language: en-US,en;q=0.8,nl;q=0.6
User-Agent: Mozilla/5.0 (Windows NT 6.1; WOW64) AppleWebKit/537.36 (KHTML, like Gecko) Chrome/38.0.2125.111 Safari/537.36
accept-encoding: gzip,deflate,sdch
host: localhost:8080, content=null}
22:01:39.878 [DEBUG] i.g.h.c.i.HttpAppHandler - Read msg='DefaultHttpResponse(decodeResult: success, version: HTTP/1.1)
HTTP/1.1 200 
Content-Type: application/json;charset=UTF-8
Transfer-Encoding: chunked
Date: Wed, 29 Jan 2020 21:01:39 GMT'
22:01:39.878 [DEBUG] i.g.h.c.i.HttpAppHandler - Read msg='DefaultHttpContent(data: PooledSlicedByteBuf(ridx: 0, widx: 95, cap: 95/95, unwrapped: PooledUnsafeDirectByteBuf(ridx: 229, widx: 229, cap: 512)), decoderResult: success)'
22:01:39.878 [DEBUG] i.g.h.c.i.HttpAppHandler - Read msg='EmptyLastHttpContent'
22:01:39.879 [TRACE] i.g.h.e.r.DefaultStatsProcessor - 
>>>>>>>>>>>>>>>>>>>>>>>>>>
Request:
simple_delay: OK 
=========================
Session:
Session(Acceptance test,151,1580331694552,Map(gatling.http.ssl.sslContexts -> SslContexts(io.netty.handler.ssl.JdkSslContext@131baa34,None), gatling.http.cache.dns -> io.gatling.http.cache.DnsCacheSupport$$anon$1@5898ac4b, gatling.http.cache.baseUrl -> http://localhost:8080),23,OK,List(),io.gatling.core.protocol.ProtocolComponentsRegistry$$Lambda$598/0x000000084055d840@452b12e)
=========================
HTTP request:
GET http://localhost:8080/delay?duration=555
headers=
Accept: */*
Content-Type: application/json;charset=UTF-8
Accept-Language: en-US,en;q=0.8,nl;q=0.6
User-Agent: Mozilla/5.0 (Windows NT 6.1; WOW64) AppleWebKit/537.36 (KHTML, like Gecko) Chrome/38.0.2125.111 Safari/537.36
accept-encoding: gzip,deflate,sdch
host: localhost:8080
=========================
HTTP response:
status=
200 
headers= 
Content-Type: application/json;charset=UTF-8
Transfer-Encoding: chunked
Date: Wed, 29 Jan 2020 21:01:39 GMT

body=
{"message":"This was a delay of 555","name":"Simple-PropertiesFileName","durationInMillis":555}
<<<<<<<<<<<<<<<<<<<<<<<<<
22:01:39.879 [DEBUG] i.g.c.a.Pause - Pausing for 3065ms (real=3041ms)
22:01:39.901 [DEBUG] i.g.h.e.t.HttpTxExecutor - Sending request=upload-file uri=http://localhost:8080/files/upload: scenario=Acceptance test, userId=150
22:01:39.902 [DEBUG] i.g.h.c.i.HttpAppHandler - Write request WritableRequest{request=DefaultHttpRequest(decodeResult: success, version: HTTP/1.1)
POST /files/upload HTTP/1.1
Accept: */*
Accept-Language: en-US,en;q=0.8,nl;q=0.6
User-Agent: Mozilla/5.0 (Windows NT 6.1; WOW64) AppleWebKit/537.36 (KHTML, like Gecko) Chrome/38.0.2125.111 Safari/537.36
accept-encoding: gzip,deflate,sdch
host: localhost:8080
content-type: multipart/form-data; boundary=vDtg06ZKJG5uecdh4Pzy-45mvF8hsdh7HDm
content-length: 220, content=io.gatling.http.client.body.multipart.impl.MultipartFileRegion@79720a1c}
22:01:39.905 [DEBUG] i.g.h.c.i.HttpAppHandler - Read msg='DefaultHttpResponse(decodeResult: success, version: HTTP/1.1)
HTTP/1.1 200 
Content-Type: text/plain;charset=UTF-8
Content-Length: 62
Date: Wed, 29 Jan 2020 21:01:39 GMT'
22:01:39.905 [DEBUG] i.g.h.c.i.HttpAppHandler - Read msg='DefaultLastHttpContent(data: PooledSlicedByteBuf(ridx: 0, widx: 62, cap: 62/62, unwrapped: PooledUnsafeDirectByteBuf(ridx: 176, widx: 176, cap: 496)), decoderResult: success)'
22:01:39.905 [TRACE] i.g.h.e.r.DefaultStatsProcessor - 
>>>>>>>>>>>>>>>>>>>>>>>>>>
Request:
upload-file: OK 
=========================
Session:
Session(Acceptance test,150,1580331694051,Map(gatling.http.ssl.sslContexts -> SslContexts(io.netty.handler.ssl.JdkSslContext@1338497f,None), gatling.http.cache.dns -> io.gatling.http.cache.DnsCacheSupport$$anon$1@5898ac4b, gatling.http.cache.baseUrl -> http://localhost:8080),22,OK,List(),io.gatling.core.protocol.ProtocolComponentsRegistry$$Lambda$598/0x000000084055d840@452b12e)
=========================
HTTP request:
POST http://localhost:8080/files/upload
headers=
Accept: */*
Accept-Language: en-US,en;q=0.8,nl;q=0.6
User-Agent: Mozilla/5.0 (Windows NT 6.1; WOW64) AppleWebKit/537.36 (KHTML, like Gecko) Chrome/38.0.2125.111 Safari/537.36
accept-encoding: gzip,deflate,sdch
host: localhost:8080
content-type: multipart/form-data; boundary=vDtg06ZKJG5uecdh4Pzy-45mvF8hsdh7HDm
content-length: 220
multipartBody=
ByteArrayPart: name=upload contentType=text/plain dispositionType=null charset=UTF-8 transferEncoding=null contentId=null filename=gatling-upload.txt
=========================
HTTP response:
status=
200 
headers= 
Content-Type: text/plain;charset=UTF-8
Content-Length: 62
Date: Wed, 29 Jan 2020 21:01:39 GMT

body=
File upload succeeded [gatling-upload.txt] of size [17] bytes.
<<<<<<<<<<<<<<<<<<<<<<<<<
22:01:39.905 [DEBUG] i.g.c.a.Exit - End user #150
22:01:39.906 [DEBUG] i.g.c.c.i.Injector - End user #150
22:01:39.932 [DEBUG] i.g.h.e.t.HttpTxExecutor - Sending request=simple_delay uri=http://localhost:8080/delay?duration=555: scenario=Acceptance test, userId=160
22:01:39.932 [DEBUG] i.g.h.c.i.HttpAppHandler - Write request WritableRequest{request=DefaultFullHttpRequest(decodeResult: success, version: HTTP/1.1, content: UnpooledByteBufAllocator$InstrumentedUnpooledUnsafeHeapByteBuf(ridx: 0, widx: 0, cap: 0))
GET /delay?duration=555 HTTP/1.1
Accept: */*
Content-Type: application/json;charset=UTF-8
Accept-Language: en-US,en;q=0.8,nl;q=0.6
User-Agent: Mozilla/5.0 (Windows NT 6.1; WOW64) AppleWebKit/537.36 (KHTML, like Gecko) Chrome/38.0.2125.111 Safari/537.36
accept-encoding: gzip,deflate,sdch
host: localhost:8080, content=null}
22:01:40.052 [DEBUG] i.g.h.e.t.HttpTxExecutor - Sending request=simple_cpu_burn uri=http://localhost:8080/cpu/magic-identity-check?matrixSize=133: scenario=Acceptance test, userId=162
22:01:40.053 [DEBUG] i.g.c.c.i.o.OpenWorkload - Start user #162
22:01:40.054 [DEBUG] i.g.h.c.i.HttpAppHandler - Write request WritableRequest{request=DefaultFullHttpRequest(decodeResult: success, version: HTTP/1.1, content: UnpooledByteBufAllocator$InstrumentedUnpooledUnsafeHeapByteBuf(ridx: 0, widx: 0, cap: 0))
GET /cpu/magic-identity-check?matrixSize=133 HTTP/1.1
Accept: */*
Content-Type: application/json;charset=UTF-8
Accept-Language: en-US,en;q=0.8,nl;q=0.6
User-Agent: Mozilla/5.0 (Windows NT 6.1; WOW64) AppleWebKit/537.36 (KHTML, like Gecko) Chrome/38.0.2125.111 Safari/537.36
accept-encoding: gzip,deflate,sdch
host: localhost:8080, content=null}
22:01:40.064 [DEBUG] i.g.h.c.i.HttpAppHandler - Read msg='DefaultHttpResponse(decodeResult: success, version: HTTP/1.1)
HTTP/1.1 200 
Content-Type: application/json;charset=UTF-8
Transfer-Encoding: chunked
Date: Wed, 29 Jan 2020 21:01:39 GMT'
22:01:40.064 [DEBUG] i.g.h.c.i.HttpAppHandler - Read msg='DefaultHttpContent(data: PooledSlicedByteBuf(ridx: 0, widx: 170, cap: 170/170, unwrapped: PooledUnsafeDirectByteBuf(ridx: 304, widx: 304, cap: 1024)), decoderResult: success)'
22:01:40.064 [DEBUG] i.g.h.c.i.HttpAppHandler - Read msg='EmptyLastHttpContent'
22:01:40.064 [TRACE] i.g.h.e.r.DefaultStatsProcessor - 
>>>>>>>>>>>>>>>>>>>>>>>>>>
Request:
simple_cpu_burn: OK 
=========================
Session:
Session(Acceptance test,162,1580331700052,Map(gatling.http.ssl.sslContexts -> SslContexts(io.netty.handler.ssl.JdkSslContext@1ad5f48d,None), gatling.http.cache.dns -> io.gatling.http.cache.DnsCacheSupport$$anon$1@5898ac4b, gatling.http.cache.baseUrl -> http://localhost:8080),0,OK,List(),io.gatling.core.protocol.ProtocolComponentsRegistry$$Lambda$598/0x000000084055d840@452b12e)
=========================
HTTP request:
GET http://localhost:8080/cpu/magic-identity-check?matrixSize=133
headers=
Accept: */*
Content-Type: application/json;charset=UTF-8
Accept-Language: en-US,en;q=0.8,nl;q=0.6
User-Agent: Mozilla/5.0 (Windows NT 6.1; WOW64) AppleWebKit/537.36 (KHTML, like Gecko) Chrome/38.0.2125.111 Safari/537.36
accept-encoding: gzip,deflate,sdch
host: localhost:8080
=========================
HTTP response:
status=
200 
headers= 
Content-Type: application/json;charset=UTF-8
Transfer-Encoding: chunked
Date: Wed, 29 Jan 2020 21:01:39 GMT

body=
{"message":"A simple magic square multiplied by an identity square of size [133] [is equal] to the magic square.","name":"Simple-PropertiesFileName","durationInMillis":8}
<<<<<<<<<<<<<<<<<<<<<<<<<
22:01:40.064 [DEBUG] i.g.c.a.Pause - Pausing for 7391ms (real=7391ms)
22:01:40.398 [DEBUG] i.g.h.c.i.HttpAppHandler - Read msg='DefaultHttpResponse(decodeResult: success, version: HTTP/1.1)
HTTP/1.1 200 
Content-Type: application/json;charset=UTF-8
Transfer-Encoding: chunked
Date: Wed, 29 Jan 2020 21:01:39 GMT'
22:01:40.398 [DEBUG] i.g.h.c.i.HttpAppHandler - Read msg='DefaultHttpContent(data: PooledSlicedByteBuf(ridx: 0, widx: 95, cap: 95/95, unwrapped: PooledUnsafeDirectByteBuf(ridx: 229, widx: 229, cap: 512)), decoderResult: success)'
22:01:40.398 [DEBUG] i.g.h.c.i.HttpAppHandler - Read msg='EmptyLastHttpContent'
22:01:40.399 [TRACE] i.g.h.e.r.DefaultStatsProcessor - 
>>>>>>>>>>>>>>>>>>>>>>>>>>
Request:
simple_delay: OK 
=========================
Session:
Session(Acceptance test,144,1580331691051,Map(gatling.http.ssl.sslContexts -> SslContexts(io.netty.handler.ssl.JdkSslContext@4ecc358a,None), gatling.http.cache.dns -> io.gatling.http.cache.DnsCacheSupport$$anon$1@5898ac4b, gatling.http.cache.baseUrl -> http://localhost:8080),16,OK,List(),io.gatling.core.protocol.ProtocolComponentsRegistry$$Lambda$598/0x000000084055d840@452b12e)
=========================
HTTP request:
GET http://localhost:8080/delay?duration=555
headers=
Accept: */*
Content-Type: application/json;charset=UTF-8
Accept-Language: en-US,en;q=0.8,nl;q=0.6
User-Agent: Mozilla/5.0 (Windows NT 6.1; WOW64) AppleWebKit/537.36 (KHTML, like Gecko) Chrome/38.0.2125.111 Safari/537.36
accept-encoding: gzip,deflate,sdch
host: localhost:8080
=========================
HTTP response:
status=
200 
headers= 
Content-Type: application/json;charset=UTF-8
Transfer-Encoding: chunked
Date: Wed, 29 Jan 2020 21:01:39 GMT

body=
{"message":"This was a delay of 555","name":"Simple-PropertiesFileName","durationInMillis":555}
<<<<<<<<<<<<<<<<<<<<<<<<<
22:01:40.399 [DEBUG] i.g.c.a.Pause - Pausing for 3320ms (real=3303ms)
22:01:40.452 [DEBUG] i.g.h.e.t.HttpTxExecutor - Sending request=simple_delay uri=http://localhost:8080/delay?duration=555: scenario=Acceptance test, userId=156
22:01:40.452 [DEBUG] i.g.h.c.i.HttpAppHandler - Write request WritableRequest{request=DefaultFullHttpRequest(decodeResult: success, version: HTTP/1.1, content: UnpooledByteBufAllocator$InstrumentedUnpooledUnsafeHeapByteBuf(ridx: 0, widx: 0, cap: 0))
GET /delay?duration=555 HTTP/1.1
Accept: */*
Content-Type: application/json;charset=UTF-8
Accept-Language: en-US,en;q=0.8,nl;q=0.6
User-Agent: Mozilla/5.0 (Windows NT 6.1; WOW64) AppleWebKit/537.36 (KHTML, like Gecko) Chrome/38.0.2125.111 Safari/537.36
accept-encoding: gzip,deflate,sdch
host: localhost:8080, content=null}
22:01:40.489 [DEBUG] i.g.h.c.i.HttpAppHandler - Read msg='DefaultHttpResponse(decodeResult: success, version: HTTP/1.1)
HTTP/1.1 200 
Content-Type: application/json;charset=UTF-8
Transfer-Encoding: chunked
Date: Wed, 29 Jan 2020 21:01:39 GMT'
22:01:40.489 [DEBUG] i.g.h.c.i.HttpAppHandler - Read msg='DefaultHttpContent(data: PooledSlicedByteBuf(ridx: 0, widx: 95, cap: 95/95, unwrapped: PooledUnsafeDirectByteBuf(ridx: 229, widx: 229, cap: 512)), decoderResult: success)'
22:01:40.489 [DEBUG] i.g.h.c.i.HttpAppHandler - Read msg='EmptyLastHttpContent'
22:01:40.489 [TRACE] i.g.h.e.r.DefaultStatsProcessor - 
>>>>>>>>>>>>>>>>>>>>>>>>>>
Request:
simple_delay: OK 
=========================
Session:
Session(Acceptance test,160,1580331699052,Map(gatling.http.ssl.sslContexts -> SslContexts(io.netty.handler.ssl.JdkSslContext@40010726,None), gatling.http.cache.dns -> io.gatling.http.cache.DnsCacheSupport$$anon$1@5898ac4b, gatling.http.cache.baseUrl -> http://localhost:8080),17,OK,List(),io.gatling.core.protocol.ProtocolComponentsRegistry$$Lambda$598/0x000000084055d840@452b12e)
=========================
HTTP request:
GET http://localhost:8080/delay?duration=555
headers=
Accept: */*
Content-Type: application/json;charset=UTF-8
Accept-Language: en-US,en;q=0.8,nl;q=0.6
User-Agent: Mozilla/5.0 (Windows NT 6.1; WOW64) AppleWebKit/537.36 (KHTML, like Gecko) Chrome/38.0.2125.111 Safari/537.36
accept-encoding: gzip,deflate,sdch
host: localhost:8080
=========================
HTTP response:
status=
200 
headers= 
Content-Type: application/json;charset=UTF-8
Transfer-Encoding: chunked
Date: Wed, 29 Jan 2020 21:01:39 GMT

body=
{"message":"This was a delay of 555","name":"Simple-PropertiesFileName","durationInMillis":555}
<<<<<<<<<<<<<<<<<<<<<<<<<
22:01:40.489 [DEBUG] i.g.c.a.Pause - Pausing for 7747ms (real=7730ms)
22:01:40.492 [DEBUG] i.g.h.e.t.HttpTxExecutor - Sending request=simple_delay uri=http://localhost:8080/delay?duration=555: scenario=Acceptance test, userId=158
22:01:40.492 [DEBUG] i.g.h.c.i.HttpAppHandler - Write request WritableRequest{request=DefaultFullHttpRequest(decodeResult: success, version: HTTP/1.1, content: UnpooledByteBufAllocator$InstrumentedUnpooledUnsafeHeapByteBuf(ridx: 0, widx: 0, cap: 0))
GET /delay?duration=555 HTTP/1.1
Accept: */*
Content-Type: application/json;charset=UTF-8
Accept-Language: en-US,en;q=0.8,nl;q=0.6
User-Agent: Mozilla/5.0 (Windows NT 6.1; WOW64) AppleWebKit/537.36 (KHTML, like Gecko) Chrome/38.0.2125.111 Safari/537.36
accept-encoding: gzip,deflate,sdch
host: localhost:8080, content=null}
22:01:40.552 [DEBUG] i.g.c.c.i.o.OpenWorkload - Injecting 2 users in scenario Acceptance test, continue=true
22:01:40.552 [DEBUG] i.g.h.e.t.HttpTxExecutor - Sending request=simple_cpu_burn uri=http://localhost:8080/cpu/magic-identity-check?matrixSize=133: scenario=Acceptance test, userId=163
22:01:40.552 [DEBUG] i.g.c.c.i.o.OpenWorkload - Start user #163
22:01:40.553 [DEBUG] i.g.h.c.i.HttpAppHandler - Write request WritableRequest{request=DefaultFullHttpRequest(decodeResult: success, version: HTTP/1.1, content: UnpooledByteBufAllocator$InstrumentedUnpooledUnsafeHeapByteBuf(ridx: 0, widx: 0, cap: 0))
GET /cpu/magic-identity-check?matrixSize=133 HTTP/1.1
Accept: */*
Content-Type: application/json;charset=UTF-8
Accept-Language: en-US,en;q=0.8,nl;q=0.6
User-Agent: Mozilla/5.0 (Windows NT 6.1; WOW64) AppleWebKit/537.36 (KHTML, like Gecko) Chrome/38.0.2125.111 Safari/537.36
accept-encoding: gzip,deflate,sdch
host: localhost:8080, content=null}
22:01:40.557 [DEBUG] i.g.h.c.i.HttpAppHandler - Read msg='DefaultHttpResponse(decodeResult: success, version: HTTP/1.1)
HTTP/1.1 200 
Content-Type: application/json;charset=UTF-8
Transfer-Encoding: chunked
Date: Wed, 29 Jan 2020 21:01:39 GMT'
22:01:40.557 [DEBUG] i.g.h.c.i.HttpAppHandler - Read msg='DefaultHttpContent(data: PooledSlicedByteBuf(ridx: 0, widx: 170, cap: 170/170, unwrapped: PooledUnsafeDirectByteBuf(ridx: 304, widx: 304, cap: 1024)), decoderResult: success)'
22:01:40.557 [DEBUG] i.g.h.c.i.HttpAppHandler - Read msg='EmptyLastHttpContent'
22:01:40.557 [TRACE] i.g.h.e.r.DefaultStatsProcessor - 
>>>>>>>>>>>>>>>>>>>>>>>>>>
Request:
simple_cpu_burn: OK 
=========================
Session:
Session(Acceptance test,163,1580331700552,Map(gatling.http.ssl.sslContexts -> SslContexts(io.netty.handler.ssl.JdkSslContext@31706784,None), gatling.http.cache.dns -> io.gatling.http.cache.DnsCacheSupport$$anon$1@5898ac4b, gatling.http.cache.baseUrl -> http://localhost:8080),0,OK,List(),io.gatling.core.protocol.ProtocolComponentsRegistry$$Lambda$598/0x000000084055d840@452b12e)
=========================
HTTP request:
GET http://localhost:8080/cpu/magic-identity-check?matrixSize=133
headers=
Accept: */*
Content-Type: application/json;charset=UTF-8
Accept-Language: en-US,en;q=0.8,nl;q=0.6
User-Agent: Mozilla/5.0 (Windows NT 6.1; WOW64) AppleWebKit/537.36 (KHTML, like Gecko) Chrome/38.0.2125.111 Safari/537.36
accept-encoding: gzip,deflate,sdch
host: localhost:8080
=========================
HTTP response:
status=
200 
headers= 
Content-Type: application/json;charset=UTF-8
Transfer-Encoding: chunked
Date: Wed, 29 Jan 2020 21:01:39 GMT

body=
{"message":"A simple magic square multiplied by an identity square of size [133] [is equal] to the magic square.","name":"Simple-PropertiesFileName","durationInMillis":2}
<<<<<<<<<<<<<<<<<<<<<<<<<
22:01:40.557 [DEBUG] i.g.c.a.Pause - Pausing for 4678ms (real=4678ms)
22:01:40.602 [DEBUG] i.g.h.e.t.HttpTxExecutor - Sending request=upload-file uri=http://localhost:8080/files/upload: scenario=Acceptance test, userId=154
22:01:40.602 [DEBUG] i.g.h.c.i.HttpAppHandler - Write request WritableRequest{request=DefaultHttpRequest(decodeResult: success, version: HTTP/1.1)
POST /files/upload HTTP/1.1
Accept: */*
Accept-Language: en-US,en;q=0.8,nl;q=0.6
User-Agent: Mozilla/5.0 (Windows NT 6.1; WOW64) AppleWebKit/537.36 (KHTML, like Gecko) Chrome/38.0.2125.111 Safari/537.36
accept-encoding: gzip,deflate,sdch
host: localhost:8080
content-type: multipart/form-data; boundary=KklGKMFkUwgxIll4We-upUELCh2HycHZrWY
content-length: 220, content=io.gatling.http.client.body.multipart.impl.MultipartFileRegion@223eced3}
22:01:40.604 [DEBUG] i.g.h.c.i.HttpAppHandler - Read msg='DefaultHttpResponse(decodeResult: success, version: HTTP/1.1)
HTTP/1.1 200 
Content-Type: text/plain;charset=UTF-8
Content-Length: 62
Date: Wed, 29 Jan 2020 21:01:39 GMT'
22:01:40.604 [DEBUG] i.g.h.c.i.HttpAppHandler - Read msg='DefaultLastHttpContent(data: PooledSlicedByteBuf(ridx: 0, widx: 62, cap: 62/62, unwrapped: PooledUnsafeDirectByteBuf(ridx: 176, widx: 176, cap: 480)), decoderResult: success)'
22:01:40.604 [TRACE] i.g.h.e.r.DefaultStatsProcessor - 
>>>>>>>>>>>>>>>>>>>>>>>>>>
Request:
upload-file: OK 
=========================
Session:
Session(Acceptance test,154,1580331696051,Map(gatling.http.ssl.sslContexts -> SslContexts(io.netty.handler.ssl.JdkSslContext@3b441374,None), gatling.http.cache.dns -> io.gatling.http.cache.DnsCacheSupport$$anon$1@5898ac4b, gatling.http.cache.baseUrl -> http://localhost:8080),17,OK,List(),io.gatling.core.protocol.ProtocolComponentsRegistry$$Lambda$598/0x000000084055d840@452b12e)
=========================
HTTP request:
POST http://localhost:8080/files/upload
headers=
Accept: */*
Accept-Language: en-US,en;q=0.8,nl;q=0.6
User-Agent: Mozilla/5.0 (Windows NT 6.1; WOW64) AppleWebKit/537.36 (KHTML, like Gecko) Chrome/38.0.2125.111 Safari/537.36
accept-encoding: gzip,deflate,sdch
host: localhost:8080
content-type: multipart/form-data; boundary=KklGKMFkUwgxIll4We-upUELCh2HycHZrWY
content-length: 220
multipartBody=
ByteArrayPart: name=upload contentType=text/plain dispositionType=null charset=UTF-8 transferEncoding=null contentId=null filename=gatling-upload.txt
=========================
HTTP response:
status=
200 
headers= 
Content-Type: text/plain;charset=UTF-8
Content-Length: 62
Date: Wed, 29 Jan 2020 21:01:39 GMT

body=
File upload succeeded [gatling-upload.txt] of size [17] bytes.
<<<<<<<<<<<<<<<<<<<<<<<<<
22:01:40.604 [DEBUG] i.g.c.a.Exit - End user #154
22:01:40.605 [DEBUG] i.g.c.c.i.Injector - End user #154
22:01:40.661 [DEBUG] i.g.h.e.t.HttpTxExecutor - Sending request=simple_delay uri=http://localhost:8080/delay?duration=555: scenario=Acceptance test, userId=161
22:01:40.662 [DEBUG] i.g.h.c.i.HttpAppHandler - Write request WritableRequest{request=DefaultFullHttpRequest(decodeResult: success, version: HTTP/1.1, content: UnpooledByteBufAllocator$InstrumentedUnpooledUnsafeHeapByteBuf(ridx: 0, widx: 0, cap: 0))
GET /delay?duration=555 HTTP/1.1
Accept: */*
Content-Type: application/json;charset=UTF-8
Accept-Language: en-US,en;q=0.8,nl;q=0.6
User-Agent: Mozilla/5.0 (Windows NT 6.1; WOW64) AppleWebKit/537.36 (KHTML, like Gecko) Chrome/38.0.2125.111 Safari/537.36
accept-encoding: gzip,deflate,sdch
host: localhost:8080, content=null}
22:01:40.812 [DEBUG] i.g.h.e.t.HttpTxExecutor - Sending request=upload-file uri=http://localhost:8080/files/upload: scenario=Acceptance test, userId=153
22:01:40.812 [DEBUG] i.g.h.c.i.HttpAppHandler - Write request WritableRequest{request=DefaultHttpRequest(decodeResult: success, version: HTTP/1.1)
POST /files/upload HTTP/1.1
Accept: */*
Accept-Language: en-US,en;q=0.8,nl;q=0.6
User-Agent: Mozilla/5.0 (Windows NT 6.1; WOW64) AppleWebKit/537.36 (KHTML, like Gecko) Chrome/38.0.2125.111 Safari/537.36
accept-encoding: gzip,deflate,sdch
host: localhost:8080
content-type: multipart/form-data; boundary=MF4BRsxWMCm9VkBkzwQnuiRHIhGyPBa8kBu
content-length: 220, content=io.gatling.http.client.body.multipart.impl.MultipartFileRegion@74d0fe01}
22:01:40.815 [DEBUG] i.g.h.c.i.HttpAppHandler - Read msg='DefaultHttpResponse(decodeResult: success, version: HTTP/1.1)
HTTP/1.1 200 
Content-Type: text/plain;charset=UTF-8
Content-Length: 62
Date: Wed, 29 Jan 2020 21:01:39 GMT'
22:01:40.815 [DEBUG] i.g.h.c.i.HttpAppHandler - Read msg='DefaultLastHttpContent(data: PooledSlicedByteBuf(ridx: 0, widx: 62, cap: 62/62, unwrapped: PooledUnsafeDirectByteBuf(ridx: 176, widx: 176, cap: 496)), decoderResult: success)'
22:01:40.815 [TRACE] i.g.h.e.r.DefaultStatsProcessor - 
>>>>>>>>>>>>>>>>>>>>>>>>>>
Request:
upload-file: OK 
=========================
Session:
Session(Acceptance test,153,1580331695551,Map(gatling.http.ssl.sslContexts -> SslContexts(io.netty.handler.ssl.JdkSslContext@2a6aa51e,None), gatling.http.cache.dns -> io.gatling.http.cache.DnsCacheSupport$$anon$1@5898ac4b, gatling.http.cache.baseUrl -> http://localhost:8080),22,OK,List(),io.gatling.core.protocol.ProtocolComponentsRegistry$$Lambda$598/0x000000084055d840@452b12e)
=========================
HTTP request:
POST http://localhost:8080/files/upload
headers=
Accept: */*
Accept-Language: en-US,en;q=0.8,nl;q=0.6
User-Agent: Mozilla/5.0 (Windows NT 6.1; WOW64) AppleWebKit/537.36 (KHTML, like Gecko) Chrome/38.0.2125.111 Safari/537.36
accept-encoding: gzip,deflate,sdch
host: localhost:8080
content-type: multipart/form-data; boundary=MF4BRsxWMCm9VkBkzwQnuiRHIhGyPBa8kBu
content-length: 220
multipartBody=
ByteArrayPart: name=upload contentType=text/plain dispositionType=null charset=UTF-8 transferEncoding=null contentId=null filename=gatling-upload.txt
=========================
HTTP response:
status=
200 
headers= 
Content-Type: text/plain;charset=UTF-8
Content-Length: 62
Date: Wed, 29 Jan 2020 21:01:39 GMT

body=
File upload succeeded [gatling-upload.txt] of size [17] bytes.
<<<<<<<<<<<<<<<<<<<<<<<<<
22:01:40.815 [DEBUG] i.g.c.a.Exit - End user #153
22:01:40.816 [DEBUG] i.g.c.c.i.Injector - End user #153
22:01:40.902 [DEBUG] i.g.h.e.t.HttpTxExecutor - Sending request=upload-file uri=http://localhost:8080/files/upload: scenario=Acceptance test, userId=146
22:01:40.902 [DEBUG] i.g.h.e.t.HttpTxExecutor - Sending request=upload-file uri=http://localhost:8080/files/upload: scenario=Acceptance test, userId=139
22:01:40.903 [DEBUG] i.g.h.c.i.HttpAppHandler - Write request WritableRequest{request=DefaultHttpRequest(decodeResult: success, version: HTTP/1.1)
POST /files/upload HTTP/1.1
Accept: */*
Accept-Language: en-US,en;q=0.8,nl;q=0.6
User-Agent: Mozilla/5.0 (Windows NT 6.1; WOW64) AppleWebKit/537.36 (KHTML, like Gecko) Chrome/38.0.2125.111 Safari/537.36
accept-encoding: gzip,deflate,sdch
host: localhost:8080
content-type: multipart/form-data; boundary=a7EOWS6UfquL9sc5v9YtlD7q4qTY2yyataz
content-length: 220, content=io.gatling.http.client.body.multipart.impl.MultipartFileRegion@3978a77}
22:01:40.903 [DEBUG] i.g.h.c.i.HttpAppHandler - Write request WritableRequest{request=DefaultHttpRequest(decodeResult: success, version: HTTP/1.1)
POST /files/upload HTTP/1.1
Accept: */*
Accept-Language: en-US,en;q=0.8,nl;q=0.6
User-Agent: Mozilla/5.0 (Windows NT 6.1; WOW64) AppleWebKit/537.36 (KHTML, like Gecko) Chrome/38.0.2125.111 Safari/537.36
accept-encoding: gzip,deflate,sdch
host: localhost:8080
content-type: multipart/form-data; boundary=-DeClHz-Cfvmbn2hvJy9-h_s22xjYEyIl4t
content-length: 220, content=io.gatling.http.client.body.multipart.impl.MultipartFileRegion@1213e811}
22:01:40.905 [DEBUG] i.g.h.c.i.HttpAppHandler - Read msg='DefaultHttpResponse(decodeResult: success, version: HTTP/1.1)
HTTP/1.1 200 
Content-Type: text/plain;charset=UTF-8
Content-Length: 62
Date: Wed, 29 Jan 2020 21:01:40 GMT'
22:01:40.906 [DEBUG] i.g.h.c.i.HttpAppHandler - Read msg='DefaultLastHttpContent(data: PooledSlicedByteBuf(ridx: 0, widx: 62, cap: 62/62, unwrapped: PooledUnsafeDirectByteBuf(ridx: 176, widx: 176, cap: 496)), decoderResult: success)'
22:01:40.906 [TRACE] i.g.h.e.r.DefaultStatsProcessor - 
>>>>>>>>>>>>>>>>>>>>>>>>>>
Request:
upload-file: OK 
=========================
Session:
Session(Acceptance test,146,1580331692052,Map(gatling.http.ssl.sslContexts -> SslContexts(io.netty.handler.ssl.JdkSslContext@1de1cb94,None), gatling.http.cache.dns -> io.gatling.http.cache.DnsCacheSupport$$anon$1@5898ac4b, gatling.http.cache.baseUrl -> http://localhost:8080),24,OK,List(),io.gatling.core.protocol.ProtocolComponentsRegistry$$Lambda$598/0x000000084055d840@452b12e)
=========================
HTTP request:
POST http://localhost:8080/files/upload
headers=
Accept: */*
Accept-Language: en-US,en;q=0.8,nl;q=0.6
User-Agent: Mozilla/5.0 (Windows NT 6.1; WOW64) AppleWebKit/537.36 (KHTML, like Gecko) Chrome/38.0.2125.111 Safari/537.36
accept-encoding: gzip,deflate,sdch
host: localhost:8080
content-type: multipart/form-data; boundary=a7EOWS6UfquL9sc5v9YtlD7q4qTY2yyataz
content-length: 220
multipartBody=
ByteArrayPart: name=upload contentType=text/plain dispositionType=null charset=UTF-8 transferEncoding=null contentId=null filename=gatling-upload.txt
=========================
HTTP response:
status=
200 
headers= 
Content-Type: text/plain;charset=UTF-8
Content-Length: 62
Date: Wed, 29 Jan 2020 21:01:40 GMT

body=
File upload succeeded [gatling-upload.txt] of size [17] bytes.
<<<<<<<<<<<<<<<<<<<<<<<<<
22:01:40.906 [DEBUG] i.g.c.a.Exit - End user #146
22:01:40.906 [DEBUG] i.g.h.c.i.HttpAppHandler - Read msg='DefaultHttpResponse(decodeResult: success, version: HTTP/1.1)
HTTP/1.1 200 
Content-Type: text/plain;charset=UTF-8
Content-Length: 62
Date: Wed, 29 Jan 2020 21:01:40 GMT'
22:01:40.906 [DEBUG] i.g.h.c.i.HttpAppHandler - Read msg='DefaultLastHttpContent(data: PooledSlicedByteBuf(ridx: 0, widx: 62, cap: 62/62, unwrapped: PooledUnsafeDirectByteBuf(ridx: 176, widx: 176, cap: 496)), decoderResult: success)'
22:01:40.907 [DEBUG] i.g.c.c.i.Injector - End user #146
22:01:40.907 [TRACE] i.g.h.e.r.DefaultStatsProcessor - 
>>>>>>>>>>>>>>>>>>>>>>>>>>
Request:
upload-file: OK 
=========================
Session:
Session(Acceptance test,139,1580331688551,Map(gatling.http.ssl.sslContexts -> SslContexts(io.netty.handler.ssl.JdkSslContext@798b5972,None), gatling.http.cache.dns -> io.gatling.http.cache.DnsCacheSupport$$anon$1@5898ac4b, gatling.http.cache.baseUrl -> http://localhost:8080),26,OK,List(),io.gatling.core.protocol.ProtocolComponentsRegistry$$Lambda$598/0x000000084055d840@452b12e)
=========================
HTTP request:
POST http://localhost:8080/files/upload
headers=
Accept: */*
Accept-Language: en-US,en;q=0.8,nl;q=0.6
User-Agent: Mozilla/5.0 (Windows NT 6.1; WOW64) AppleWebKit/537.36 (KHTML, like Gecko) Chrome/38.0.2125.111 Safari/537.36
accept-encoding: gzip,deflate,sdch
host: localhost:8080
content-type: multipart/form-data; boundary=-DeClHz-Cfvmbn2hvJy9-h_s22xjYEyIl4t
content-length: 220
multipartBody=
ByteArrayPart: name=upload contentType=text/plain dispositionType=null charset=UTF-8 transferEncoding=null contentId=null filename=gatling-upload.txt
=========================
HTTP response:
status=
200 
headers= 
Content-Type: text/plain;charset=UTF-8
Content-Length: 62
Date: Wed, 29 Jan 2020 21:01:40 GMT

body=
File upload succeeded [gatling-upload.txt] of size [17] bytes.
<<<<<<<<<<<<<<<<<<<<<<<<<
22:01:40.907 [DEBUG] i.g.c.a.Exit - End user #139
22:01:40.907 [DEBUG] i.g.c.c.i.Injector - End user #139
22:01:40.941 [DEBUG] i.g.h.e.t.HttpTxExecutor - Sending request=simple_delay uri=http://localhost:8080/delay?duration=555: scenario=Acceptance test, userId=159
22:01:40.942 [DEBUG] i.g.h.c.i.HttpAppHandler - Write request WritableRequest{request=DefaultFullHttpRequest(decodeResult: success, version: HTTP/1.1, content: UnpooledByteBufAllocator$InstrumentedUnpooledUnsafeHeapByteBuf(ridx: 0, widx: 0, cap: 0))
GET /delay?duration=555 HTTP/1.1
Accept: */*
Content-Type: application/json;charset=UTF-8
Accept-Language: en-US,en;q=0.8,nl;q=0.6
User-Agent: Mozilla/5.0 (Windows NT 6.1; WOW64) AppleWebKit/537.36 (KHTML, like Gecko) Chrome/38.0.2125.111 Safari/537.36
accept-encoding: gzip,deflate,sdch
host: localhost:8080, content=null}
22:01:41.008 [DEBUG] i.g.h.c.i.HttpAppHandler - Read msg='DefaultHttpResponse(decodeResult: success, version: HTTP/1.1)
HTTP/1.1 200 
Content-Type: application/json;charset=UTF-8
Transfer-Encoding: chunked
Date: Wed, 29 Jan 2020 21:01:40 GMT'
22:01:41.008 [DEBUG] i.g.h.c.i.HttpAppHandler - Read msg='DefaultHttpContent(data: PooledSlicedByteBuf(ridx: 0, widx: 95, cap: 95/95, unwrapped: PooledUnsafeDirectByteBuf(ridx: 229, widx: 229, cap: 512)), decoderResult: success)'
22:01:41.009 [DEBUG] i.g.h.c.i.HttpAppHandler - Read msg='EmptyLastHttpContent'
22:01:41.010 [TRACE] i.g.h.e.r.DefaultStatsProcessor - 
>>>>>>>>>>>>>>>>>>>>>>>>>>
Request:
simple_delay: OK 
=========================
Session:
Session(Acceptance test,156,1580331697051,Map(gatling.http.ssl.sslContexts -> SslContexts(io.netty.handler.ssl.JdkSslContext@2147b910,None), gatling.http.cache.dns -> io.gatling.http.cache.DnsCacheSupport$$anon$1@5898ac4b, gatling.http.cache.baseUrl -> http://localhost:8080),19,OK,List(),io.gatling.core.protocol.ProtocolComponentsRegistry$$Lambda$598/0x000000084055d840@452b12e)
=========================
HTTP request:
GET http://localhost:8080/delay?duration=555
headers=
Accept: */*
Content-Type: application/json;charset=UTF-8
Accept-Language: en-US,en;q=0.8,nl;q=0.6
User-Agent: Mozilla/5.0 (Windows NT 6.1; WOW64) AppleWebKit/537.36 (KHTML, like Gecko) Chrome/38.0.2125.111 Safari/537.36
accept-encoding: gzip,deflate,sdch
host: localhost:8080
=========================
HTTP response:
status=
200 
headers= 
Content-Type: application/json;charset=UTF-8
Transfer-Encoding: chunked
Date: Wed, 29 Jan 2020 21:01:40 GMT

body=
{"message":"This was a delay of 555","name":"Simple-PropertiesFileName","durationInMillis":555}
<<<<<<<<<<<<<<<<<<<<<<<<<
22:01:41.010 [DEBUG] i.g.c.a.Pause - Pausing for 379ms (real=359ms)
22:01:41.048 [DEBUG] i.g.h.c.i.HttpAppHandler - Read msg='DefaultHttpResponse(decodeResult: success, version: HTTP/1.1)
HTTP/1.1 200 
Content-Type: application/json;charset=UTF-8
Transfer-Encoding: chunked
Date: Wed, 29 Jan 2020 21:01:40 GMT'
22:01:41.048 [DEBUG] i.g.h.c.i.HttpAppHandler - Read msg='DefaultHttpContent(data: PooledSlicedByteBuf(ridx: 0, widx: 95, cap: 95/95, unwrapped: PooledUnsafeDirectByteBuf(ridx: 229, widx: 234, cap: 512)), decoderResult: success)'
22:01:41.048 [DEBUG] i.g.h.c.i.HttpAppHandler - Read msg='EmptyLastHttpContent'
22:01:41.049 [TRACE] i.g.h.e.r.DefaultStatsProcessor - 
>>>>>>>>>>>>>>>>>>>>>>>>>>
Request:
simple_delay: OK 
=========================
Session:
Session(Acceptance test,158,1580331698052,Map(gatling.http.ssl.sslContexts -> SslContexts(io.netty.handler.ssl.JdkSslContext@352fc091,None), gatling.http.cache.dns -> io.gatling.http.cache.DnsCacheSupport$$anon$1@5898ac4b, gatling.http.cache.baseUrl -> http://localhost:8080),22,OK,List(),io.gatling.core.protocol.ProtocolComponentsRegistry$$Lambda$598/0x000000084055d840@452b12e)
=========================
HTTP request:
GET http://localhost:8080/delay?duration=555
headers=
Accept: */*
Content-Type: application/json;charset=UTF-8
Accept-Language: en-US,en;q=0.8,nl;q=0.6
User-Agent: Mozilla/5.0 (Windows NT 6.1; WOW64) AppleWebKit/537.36 (KHTML, like Gecko) Chrome/38.0.2125.111 Safari/537.36
accept-encoding: gzip,deflate,sdch
host: localhost:8080
=========================
HTTP response:
status=
200 
headers= 
Content-Type: application/json;charset=UTF-8
Transfer-Encoding: chunked
Date: Wed, 29 Jan 2020 21:01:40 GMT

body=
{"message":"This was a delay of 555","name":"Simple-PropertiesFileName","durationInMillis":555}
<<<<<<<<<<<<<<<<<<<<<<<<<
22:01:41.049 [DEBUG] i.g.c.a.Pause - Pausing for 6542ms (real=6519ms)
22:01:41.052 [DEBUG] i.g.h.e.t.HttpTxExecutor - Sending request=simple_cpu_burn uri=http://localhost:8080/cpu/magic-identity-check?matrixSize=133: scenario=Acceptance test, userId=164
22:01:41.052 [DEBUG] i.g.c.c.i.o.OpenWorkload - Start user #164
22:01:41.052 [DEBUG] i.g.h.c.i.HttpAppHandler - Write request WritableRequest{request=DefaultFullHttpRequest(decodeResult: success, version: HTTP/1.1, content: UnpooledByteBufAllocator$InstrumentedUnpooledUnsafeHeapByteBuf(ridx: 0, widx: 0, cap: 0))
GET /cpu/magic-identity-check?matrixSize=133 HTTP/1.1
Accept: */*
Content-Type: application/json;charset=UTF-8
Accept-Language: en-US,en;q=0.8,nl;q=0.6
User-Agent: Mozilla/5.0 (Windows NT 6.1; WOW64) AppleWebKit/537.36 (KHTML, like Gecko) Chrome/38.0.2125.111 Safari/537.36
accept-encoding: gzip,deflate,sdch
host: localhost:8080, content=null}
22:01:41.057 [DEBUG] i.g.h.c.i.HttpAppHandler - Read msg='DefaultHttpResponse(decodeResult: success, version: HTTP/1.1)
HTTP/1.1 200 
Content-Type: application/json;charset=UTF-8
Transfer-Encoding: chunked
Date: Wed, 29 Jan 2020 21:01:40 GMT'
22:01:41.057 [DEBUG] i.g.h.c.i.HttpAppHandler - Read msg='DefaultHttpContent(data: PooledSlicedByteBuf(ridx: 0, widx: 170, cap: 170/170, unwrapped: PooledUnsafeDirectByteBuf(ridx: 304, widx: 304, cap: 1024)), decoderResult: success)'
22:01:41.057 [DEBUG] i.g.h.c.i.HttpAppHandler - Read msg='EmptyLastHttpContent'
22:01:41.057 [TRACE] i.g.h.e.r.DefaultStatsProcessor - 
>>>>>>>>>>>>>>>>>>>>>>>>>>
Request:
simple_cpu_burn: OK 
=========================
Session:
Session(Acceptance test,164,1580331701052,Map(gatling.http.ssl.sslContexts -> SslContexts(io.netty.handler.ssl.JdkSslContext@135fd879,None), gatling.http.cache.dns -> io.gatling.http.cache.DnsCacheSupport$$anon$1@5898ac4b, gatling.http.cache.baseUrl -> http://localhost:8080),0,OK,List(),io.gatling.core.protocol.ProtocolComponentsRegistry$$Lambda$598/0x000000084055d840@452b12e)
=========================
HTTP request:
GET http://localhost:8080/cpu/magic-identity-check?matrixSize=133
headers=
Accept: */*
Content-Type: application/json;charset=UTF-8
Accept-Language: en-US,en;q=0.8,nl;q=0.6
User-Agent: Mozilla/5.0 (Windows NT 6.1; WOW64) AppleWebKit/537.36 (KHTML, like Gecko) Chrome/38.0.2125.111 Safari/537.36
accept-encoding: gzip,deflate,sdch
host: localhost:8080
=========================
HTTP response:
status=
200 
headers= 
Content-Type: application/json;charset=UTF-8
Transfer-Encoding: chunked
Date: Wed, 29 Jan 2020 21:01:40 GMT

body=
{"message":"A simple magic square multiplied by an identity square of size [133] [is equal] to the magic square.","name":"Simple-PropertiesFileName","durationInMillis":3}
<<<<<<<<<<<<<<<<<<<<<<<<<
22:01:41.057 [DEBUG] i.g.c.a.Pause - Pausing for 9674ms (real=9674ms)
22:01:41.082 [DEBUG] i.g.h.e.t.HttpTxExecutor - Sending request=simple_mini_leak uri=http://localhost:8080/memory/grow?objects=8&items=54: scenario=Acceptance test, userId=142
22:01:41.082 [DEBUG] i.g.h.c.i.HttpAppHandler - Write request WritableRequest{request=DefaultFullHttpRequest(decodeResult: success, version: HTTP/1.1, content: UnpooledByteBufAllocator$InstrumentedUnpooledUnsafeHeapByteBuf(ridx: 0, widx: 0, cap: 0))
GET /memory/grow?objects=8&items=54 HTTP/1.1
Accept: */*
Content-Type: application/json;charset=UTF-8
Accept-Language: en-US,en;q=0.8,nl;q=0.6
User-Agent: Mozilla/5.0 (Windows NT 6.1; WOW64) AppleWebKit/537.36 (KHTML, like Gecko) Chrome/38.0.2125.111 Safari/537.36
accept-encoding: gzip,deflate,sdch
host: localhost:8080, content=null}
22:01:41.089 [DEBUG] i.g.h.c.i.HttpAppHandler - Read msg='DefaultHttpResponse(decodeResult: success, version: HTTP/1.1)
HTTP/1.1 200 
Content-Type: application/json;charset=UTF-8
Transfer-Encoding: chunked
Date: Wed, 29 Jan 2020 21:01:40 GMT'
22:01:41.090 [DEBUG] i.g.h.c.i.HttpAppHandler - Read msg='DefaultHttpContent(data: PooledSlicedByteBuf(ridx: 0, widx: 144, cap: 144/144, unwrapped: PooledUnsafeDirectByteBuf(ridx: 278, widx: 278, cap: 496)), decoderResult: success)'
22:01:41.090 [DEBUG] i.g.h.c.i.HttpAppHandler - Read msg='EmptyLastHttpContent'
22:01:41.090 [TRACE] i.g.h.e.r.DefaultStatsProcessor - 
>>>>>>>>>>>>>>>>>>>>>>>>>>
Request:
simple_mini_leak: OK 
=========================
Session:
Session(Acceptance test,142,1580331690052,Map(gatling.http.ssl.sslContexts -> SslContexts(io.netty.handler.ssl.JdkSslContext@5d07375e,None), gatling.http.cache.dns -> io.gatling.http.cache.DnsCacheSupport$$anon$1@5898ac4b, gatling.http.cache.baseUrl -> http://localhost:8080),13,OK,List(),io.gatling.core.protocol.ProtocolComponentsRegistry$$Lambda$598/0x000000084055d840@452b12e)
=========================
HTTP request:
GET http://localhost:8080/memory/grow?objects=8&items=54
headers=
Accept: */*
Content-Type: application/json;charset=UTF-8
Accept-Language: en-US,en;q=0.8,nl;q=0.6
User-Agent: Mozilla/5.0 (Windows NT 6.1; WOW64) AppleWebKit/537.36 (KHTML, like Gecko) Chrome/38.0.2125.111 Safari/537.36
accept-encoding: gzip,deflate,sdch
host: localhost:8080
=========================
HTTP response:
status=
200 
headers= 
Content-Type: application/json;charset=UTF-8
Transfer-Encoding: chunked
Date: Wed, 29 Jan 2020 21:01:40 GMT

body=
{"message":"Size of BigFatBastard list is now 12232 objects. It contains 660528 items.","name":"Simple-PropertiesFileName","durationInMillis":5}
<<<<<<<<<<<<<<<<<<<<<<<<<
22:01:41.091 [DEBUG] i.g.c.a.Pause - Pausing for 1544ms (real=1531ms)
22:01:41.220 [DEBUG] i.g.h.c.i.HttpAppHandler - Read msg='DefaultHttpResponse(decodeResult: success, version: HTTP/1.1)
HTTP/1.1 200 
Content-Type: application/json;charset=UTF-8
Transfer-Encoding: chunked
Date: Wed, 29 Jan 2020 21:01:40 GMT'
22:01:41.220 [DEBUG] i.g.h.c.i.HttpAppHandler - Read msg='DefaultHttpContent(data: PooledSlicedByteBuf(ridx: 0, widx: 95, cap: 95/95, unwrapped: PooledUnsafeDirectByteBuf(ridx: 229, widx: 234, cap: 1024)), decoderResult: success)'
22:01:41.220 [DEBUG] i.g.h.c.i.HttpAppHandler - Read msg='EmptyLastHttpContent'
22:01:41.220 [TRACE] i.g.h.e.r.DefaultStatsProcessor - 
>>>>>>>>>>>>>>>>>>>>>>>>>>
Request:
simple_delay: OK 
=========================
Session:
Session(Acceptance test,161,1580331699551,Map(gatling.http.ssl.sslContexts -> SslContexts(io.netty.handler.ssl.JdkSslContext@1d5d8bcf,None), gatling.http.cache.dns -> io.gatling.http.cache.DnsCacheSupport$$anon$1@5898ac4b, gatling.http.cache.baseUrl -> http://localhost:8080),24,OK,List(),io.gatling.core.protocol.ProtocolComponentsRegistry$$Lambda$598/0x000000084055d840@452b12e)
=========================
HTTP request:
GET http://localhost:8080/delay?duration=555
headers=
Accept: */*
Content-Type: application/json;charset=UTF-8
Accept-Language: en-US,en;q=0.8,nl;q=0.6
User-Agent: Mozilla/5.0 (Windows NT 6.1; WOW64) AppleWebKit/537.36 (KHTML, like Gecko) Chrome/38.0.2125.111 Safari/537.36
accept-encoding: gzip,deflate,sdch
host: localhost:8080
=========================
HTTP response:
status=
200 
headers= 
Content-Type: application/json;charset=UTF-8
Transfer-Encoding: chunked
Date: Wed, 29 Jan 2020 21:01:40 GMT

body=
{"message":"This was a delay of 555","name":"Simple-PropertiesFileName","durationInMillis":555}
<<<<<<<<<<<<<<<<<<<<<<<<<
22:01:41.220 [DEBUG] i.g.c.a.Pause - Pausing for 5764ms (real=5740ms)
22:01:41.381 [DEBUG] i.g.h.e.t.HttpTxExecutor - Sending request=simple_mini_leak uri=http://localhost:8080/memory/grow?objects=8&items=54: scenario=Acceptance test, userId=156
22:01:41.382 [DEBUG] i.g.h.c.i.HttpAppHandler - Write request WritableRequest{request=DefaultFullHttpRequest(decodeResult: success, version: HTTP/1.1, content: UnpooledByteBufAllocator$InstrumentedUnpooledUnsafeHeapByteBuf(ridx: 0, widx: 0, cap: 0))
GET /memory/grow?objects=8&items=54 HTTP/1.1
Accept: */*
Content-Type: application/json;charset=UTF-8
Accept-Language: en-US,en;q=0.8,nl;q=0.6
User-Agent: Mozilla/5.0 (Windows NT 6.1; WOW64) AppleWebKit/537.36 (KHTML, like Gecko) Chrome/38.0.2125.111 Safari/537.36
accept-encoding: gzip,deflate,sdch
host: localhost:8080, content=null}
22:01:41.389 [DEBUG] i.g.h.c.i.HttpAppHandler - Read msg='DefaultHttpResponse(decodeResult: success, version: HTTP/1.1)
HTTP/1.1 200 
Content-Type: application/json;charset=UTF-8
Transfer-Encoding: chunked
Date: Wed, 29 Jan 2020 21:01:40 GMT'
22:01:41.389 [DEBUG] i.g.h.c.i.HttpAppHandler - Read msg='DefaultHttpContent(data: PooledSlicedByteBuf(ridx: 0, widx: 144, cap: 144/144, unwrapped: PooledUnsafeDirectByteBuf(ridx: 278, widx: 283, cap: 496)), decoderResult: success)'
22:01:41.389 [DEBUG] i.g.h.c.i.HttpAppHandler - Read msg='EmptyLastHttpContent'
22:01:41.389 [TRACE] i.g.h.e.r.DefaultStatsProcessor - 
>>>>>>>>>>>>>>>>>>>>>>>>>>
Request:
simple_mini_leak: OK 
=========================
Session:
Session(Acceptance test,156,1580331697051,Map(gatling.http.ssl.sslContexts -> SslContexts(io.netty.handler.ssl.JdkSslContext@2147b910,None), gatling.http.cache.dns -> io.gatling.http.cache.DnsCacheSupport$$anon$1@5898ac4b, gatling.http.cache.baseUrl -> http://localhost:8080),12,OK,List(),io.gatling.core.protocol.ProtocolComponentsRegistry$$Lambda$598/0x000000084055d840@452b12e)
=========================
HTTP request:
GET http://localhost:8080/memory/grow?objects=8&items=54
headers=
Accept: */*
Content-Type: application/json;charset=UTF-8
Accept-Language: en-US,en;q=0.8,nl;q=0.6
User-Agent: Mozilla/5.0 (Windows NT 6.1; WOW64) AppleWebKit/537.36 (KHTML, like Gecko) Chrome/38.0.2125.111 Safari/537.36
accept-encoding: gzip,deflate,sdch
host: localhost:8080
=========================
HTTP response:
status=
200 
headers= 
Content-Type: application/json;charset=UTF-8
Transfer-Encoding: chunked
Date: Wed, 29 Jan 2020 21:01:40 GMT

body=
{"message":"Size of BigFatBastard list is now 12240 objects. It contains 660960 items.","name":"Simple-PropertiesFileName","durationInMillis":5}
<<<<<<<<<<<<<<<<<<<<<<<<<
22:01:41.389 [DEBUG] i.g.c.a.Pause - Pausing for 306ms (real=294ms)
22:01:41.499 [DEBUG] i.g.h.c.i.HttpAppHandler - Read msg='DefaultHttpResponse(decodeResult: success, version: HTTP/1.1)
HTTP/1.1 200 
Content-Type: application/json;charset=UTF-8
Transfer-Encoding: chunked
Date: Wed, 29 Jan 2020 21:01:40 GMT'
22:01:41.499 [DEBUG] i.g.h.c.i.HttpAppHandler - Read msg='DefaultHttpContent(data: PooledSlicedByteBuf(ridx: 0, widx: 95, cap: 95/95, unwrapped: PooledUnsafeDirectByteBuf(ridx: 229, widx: 229, cap: 1024)), decoderResult: success)'
22:01:41.499 [DEBUG] i.g.h.c.i.HttpAppHandler - Read msg='EmptyLastHttpContent'
22:01:41.500 [TRACE] i.g.h.e.r.DefaultStatsProcessor - 
>>>>>>>>>>>>>>>>>>>>>>>>>>
Request:
simple_delay: OK 
=========================
Session:
Session(Acceptance test,159,1580331698552,Map(gatling.http.ssl.sslContexts -> SslContexts(io.netty.handler.ssl.JdkSslContext@57136001,None), gatling.http.cache.dns -> io.gatling.http.cache.DnsCacheSupport$$anon$1@5898ac4b, gatling.http.cache.baseUrl -> http://localhost:8080),24,OK,List(),io.gatling.core.protocol.ProtocolComponentsRegistry$$Lambda$598/0x000000084055d840@452b12e)
=========================
HTTP request:
GET http://localhost:8080/delay?duration=555
headers=
Accept: */*
Content-Type: application/json;charset=UTF-8
Accept-Language: en-US,en;q=0.8,nl;q=0.6
User-Agent: Mozilla/5.0 (Windows NT 6.1; WOW64) AppleWebKit/537.36 (KHTML, like Gecko) Chrome/38.0.2125.111 Safari/537.36
accept-encoding: gzip,deflate,sdch
host: localhost:8080
=========================
HTTP response:
status=
200 
headers= 
Content-Type: application/json;charset=UTF-8
Transfer-Encoding: chunked
Date: Wed, 29 Jan 2020 21:01:40 GMT

body=
{"message":"This was a delay of 555","name":"Simple-PropertiesFileName","durationInMillis":555}
<<<<<<<<<<<<<<<<<<<<<<<<<
22:01:41.500 [DEBUG] i.g.c.a.Pause - Pausing for 5438ms (real=5413ms)
22:01:41.552 [DEBUG] i.g.c.c.i.o.OpenWorkload - Injecting 2 users in scenario Acceptance test, continue=true
22:01:41.552 [DEBUG] i.g.h.e.t.HttpTxExecutor - Sending request=simple_cpu_burn uri=http://localhost:8080/cpu/magic-identity-check?matrixSize=133: scenario=Acceptance test, userId=165
22:01:41.552 [DEBUG] i.g.c.c.i.o.OpenWorkload - Start user #165
22:01:41.553 [DEBUG] i.g.h.c.i.HttpAppHandler - Write request WritableRequest{request=DefaultFullHttpRequest(decodeResult: success, version: HTTP/1.1, content: UnpooledByteBufAllocator$InstrumentedUnpooledUnsafeHeapByteBuf(ridx: 0, widx: 0, cap: 0))
GET /cpu/magic-identity-check?matrixSize=133 HTTP/1.1
Accept: */*
Content-Type: application/json;charset=UTF-8
Accept-Language: en-US,en;q=0.8,nl;q=0.6
User-Agent: Mozilla/5.0 (Windows NT 6.1; WOW64) AppleWebKit/537.36 (KHTML, like Gecko) Chrome/38.0.2125.111 Safari/537.36
accept-encoding: gzip,deflate,sdch
host: localhost:8080, content=null}
22:01:41.564 [DEBUG] i.g.h.c.i.HttpAppHandler - Read msg='DefaultHttpResponse(decodeResult: success, version: HTTP/1.1)
HTTP/1.1 200 
Content-Type: application/json;charset=UTF-8
Transfer-Encoding: chunked
Date: Wed, 29 Jan 2020 21:01:40 GMT'
22:01:41.564 [DEBUG] i.g.h.c.i.HttpAppHandler - Read msg='DefaultHttpContent(data: PooledSlicedByteBuf(ridx: 0, widx: 170, cap: 170/170, unwrapped: PooledUnsafeDirectByteBuf(ridx: 304, widx: 309, cap: 1024)), decoderResult: success)'
22:01:41.564 [DEBUG] i.g.h.c.i.HttpAppHandler - Read msg='EmptyLastHttpContent'
22:01:41.564 [TRACE] i.g.h.e.r.DefaultStatsProcessor - 
>>>>>>>>>>>>>>>>>>>>>>>>>>
Request:
simple_cpu_burn: OK 
=========================
Session:
Session(Acceptance test,165,1580331701551,Map(gatling.http.ssl.sslContexts -> SslContexts(io.netty.handler.ssl.JdkSslContext@515f5fde,None), gatling.http.cache.dns -> io.gatling.http.cache.DnsCacheSupport$$anon$1@5898ac4b, gatling.http.cache.baseUrl -> http://localhost:8080),0,OK,List(),io.gatling.core.protocol.ProtocolComponentsRegistry$$Lambda$598/0x000000084055d840@452b12e)
=========================
HTTP request:
GET http://localhost:8080/cpu/magic-identity-check?matrixSize=133
headers=
Accept: */*
Content-Type: application/json;charset=UTF-8
Accept-Language: en-US,en;q=0.8,nl;q=0.6
User-Agent: Mozilla/5.0 (Windows NT 6.1; WOW64) AppleWebKit/537.36 (KHTML, like Gecko) Chrome/38.0.2125.111 Safari/537.36
accept-encoding: gzip,deflate,sdch
host: localhost:8080
=========================
HTTP response:
status=
200 
headers= 
Content-Type: application/json;charset=UTF-8
Transfer-Encoding: chunked
Date: Wed, 29 Jan 2020 21:01:40 GMT

body=
{"message":"A simple magic square multiplied by an identity square of size [133] [is equal] to the magic square.","name":"Simple-PropertiesFileName","durationInMillis":8}
<<<<<<<<<<<<<<<<<<<<<<<<<
22:01:41.565 [DEBUG] i.g.c.a.Pause - Pausing for 1176ms (real=1175ms)
22:01:41.702 [DEBUG] i.g.h.e.t.HttpTxExecutor - Sending request=upload-file uri=http://localhost:8080/files/upload: scenario=Acceptance test, userId=156
22:01:41.702 [DEBUG] i.g.h.c.i.HttpAppHandler - Write request WritableRequest{request=DefaultHttpRequest(decodeResult: success, version: HTTP/1.1)
POST /files/upload HTTP/1.1
Accept: */*
Accept-Language: en-US,en;q=0.8,nl;q=0.6
User-Agent: Mozilla/5.0 (Windows NT 6.1; WOW64) AppleWebKit/537.36 (KHTML, like Gecko) Chrome/38.0.2125.111 Safari/537.36
accept-encoding: gzip,deflate,sdch
host: localhost:8080
content-type: multipart/form-data; boundary=NdmBn63vey4-3EqUcL8gOVfrGe2M6moJXr8
content-length: 220, content=io.gatling.http.client.body.multipart.impl.MultipartFileRegion@3e2a5f26}
22:01:41.705 [DEBUG] i.g.h.c.i.HttpAppHandler - Read msg='DefaultHttpResponse(decodeResult: success, version: HTTP/1.1)
HTTP/1.1 200 
Content-Type: text/plain;charset=UTF-8
Content-Length: 62
Date: Wed, 29 Jan 2020 21:01:40 GMT'
22:01:41.705 [DEBUG] i.g.h.c.i.HttpAppHandler - Read msg='DefaultLastHttpContent(data: PooledSlicedByteBuf(ridx: 0, widx: 62, cap: 62/62, unwrapped: PooledUnsafeDirectByteBuf(ridx: 176, widx: 176, cap: 496)), decoderResult: success)'
22:01:41.706 [TRACE] i.g.h.e.r.DefaultStatsProcessor - 
>>>>>>>>>>>>>>>>>>>>>>>>>>
Request:
upload-file: OK 
=========================
Session:
Session(Acceptance test,156,1580331697051,Map(gatling.http.ssl.sslContexts -> SslContexts(io.netty.handler.ssl.JdkSslContext@2147b910,None), gatling.http.cache.dns -> io.gatling.http.cache.DnsCacheSupport$$anon$1@5898ac4b, gatling.http.cache.baseUrl -> http://localhost:8080),18,OK,List(),io.gatling.core.protocol.ProtocolComponentsRegistry$$Lambda$598/0x000000084055d840@452b12e)
=========================
HTTP request:
POST http://localhost:8080/files/upload
headers=
Accept: */*
Accept-Language: en-US,en;q=0.8,nl;q=0.6
User-Agent: Mozilla/5.0 (Windows NT 6.1; WOW64) AppleWebKit/537.36 (KHTML, like Gecko) Chrome/38.0.2125.111 Safari/537.36
accept-encoding: gzip,deflate,sdch
host: localhost:8080
content-type: multipart/form-data; boundary=NdmBn63vey4-3EqUcL8gOVfrGe2M6moJXr8
content-length: 220
multipartBody=
ByteArrayPart: name=upload contentType=text/plain dispositionType=null charset=UTF-8 transferEncoding=null contentId=null filename=gatling-upload.txt
=========================
HTTP response:
status=
200 
headers= 
Content-Type: text/plain;charset=UTF-8
Content-Length: 62
Date: Wed, 29 Jan 2020 21:01:40 GMT

body=
File upload succeeded [gatling-upload.txt] of size [17] bytes.
<<<<<<<<<<<<<<<<<<<<<<<<<
22:01:41.706 [DEBUG] i.g.c.a.Exit - End user #156
22:01:41.706 [DEBUG] i.g.c.c.i.Injector - End user #156
22:01:42.032 [DEBUG] i.g.h.e.t.HttpTxExecutor - Sending request=simple_mini_leak uri=http://localhost:8080/memory/grow?objects=8&items=54: scenario=Acceptance test, userId=152
22:01:42.032 [DEBUG] i.g.h.c.i.HttpAppHandler - Write request WritableRequest{request=DefaultFullHttpRequest(decodeResult: success, version: HTTP/1.1, content: UnpooledByteBufAllocator$InstrumentedUnpooledUnsafeHeapByteBuf(ridx: 0, widx: 0, cap: 0))
GET /memory/grow?objects=8&items=54 HTTP/1.1
Accept: */*
Content-Type: application/json;charset=UTF-8
Accept-Language: en-US,en;q=0.8,nl;q=0.6
User-Agent: Mozilla/5.0 (Windows NT 6.1; WOW64) AppleWebKit/537.36 (KHTML, like Gecko) Chrome/38.0.2125.111 Safari/537.36
accept-encoding: gzip,deflate,sdch
host: localhost:8080, content=null}
22:01:42.037 [DEBUG] i.g.h.c.i.HttpAppHandler - Read msg='DefaultHttpResponse(decodeResult: success, version: HTTP/1.1)
HTTP/1.1 200 
Content-Type: application/json;charset=UTF-8
Transfer-Encoding: chunked
Date: Wed, 29 Jan 2020 21:01:42 GMT'
22:01:42.037 [DEBUG] i.g.h.c.i.HttpAppHandler - Read msg='DefaultHttpContent(data: PooledSlicedByteBuf(ridx: 0, widx: 144, cap: 144/144, unwrapped: PooledUnsafeDirectByteBuf(ridx: 278, widx: 278, cap: 512)), decoderResult: success)'
22:01:42.037 [DEBUG] i.g.h.c.i.HttpAppHandler - Read msg='EmptyLastHttpContent'
22:01:42.037 [TRACE] i.g.h.e.r.DefaultStatsProcessor - 
>>>>>>>>>>>>>>>>>>>>>>>>>>
Request:
simple_mini_leak: OK 
=========================
Session:
Session(Acceptance test,152,1580331695051,Map(gatling.http.ssl.sslContexts -> SslContexts(io.netty.handler.ssl.JdkSslContext@3ac7e470,None), gatling.http.cache.dns -> io.gatling.http.cache.DnsCacheSupport$$anon$1@5898ac4b, gatling.http.cache.baseUrl -> http://localhost:8080),12,OK,List(),io.gatling.core.protocol.ProtocolComponentsRegistry$$Lambda$598/0x000000084055d840@452b12e)
=========================
HTTP request:
GET http://localhost:8080/memory/grow?objects=8&items=54
headers=
Accept: */*
Content-Type: application/json;charset=UTF-8
Accept-Language: en-US,en;q=0.8,nl;q=0.6
User-Agent: Mozilla/5.0 (Windows NT 6.1; WOW64) AppleWebKit/537.36 (KHTML, like Gecko) Chrome/38.0.2125.111 Safari/537.36
accept-encoding: gzip,deflate,sdch
host: localhost:8080
=========================
HTTP response:
status=
200 
headers= 
Content-Type: application/json;charset=UTF-8
Transfer-Encoding: chunked
Date: Wed, 29 Jan 2020 21:01:42 GMT

body=
{"message":"Size of BigFatBastard list is now 12248 objects. It contains 661392 items.","name":"Simple-PropertiesFileName","durationInMillis":3}
<<<<<<<<<<<<<<<<<<<<<<<<<
22:01:42.037 [DEBUG] i.g.c.a.Pause - Pausing for 583ms (real=571ms)
22:01:42.052 [DEBUG] i.g.h.e.t.HttpTxExecutor - Sending request=simple_cpu_burn uri=http://localhost:8080/cpu/magic-identity-check?matrixSize=133: scenario=Acceptance test, userId=166
22:01:42.052 [DEBUG] i.g.c.c.i.o.OpenWorkload - Start user #166
22:01:42.053 [DEBUG] i.g.h.c.i.HttpAppHandler - Write request WritableRequest{request=DefaultFullHttpRequest(decodeResult: success, version: HTTP/1.1, content: UnpooledByteBufAllocator$InstrumentedUnpooledUnsafeHeapByteBuf(ridx: 0, widx: 0, cap: 0))
GET /cpu/magic-identity-check?matrixSize=133 HTTP/1.1
Accept: */*
Content-Type: application/json;charset=UTF-8
Accept-Language: en-US,en;q=0.8,nl;q=0.6
User-Agent: Mozilla/5.0 (Windows NT 6.1; WOW64) AppleWebKit/537.36 (KHTML, like Gecko) Chrome/38.0.2125.111 Safari/537.36
accept-encoding: gzip,deflate,sdch
host: localhost:8080, content=null}
22:01:42.057 [DEBUG] i.g.h.c.i.HttpAppHandler - Read msg='DefaultHttpResponse(decodeResult: success, version: HTTP/1.1)
HTTP/1.1 200 
Content-Type: application/json;charset=UTF-8
Transfer-Encoding: chunked
Date: Wed, 29 Jan 2020 21:01:42 GMT'
22:01:42.057 [DEBUG] i.g.h.c.i.HttpAppHandler - Read msg='DefaultHttpContent(data: PooledSlicedByteBuf(ridx: 0, widx: 170, cap: 170/170, unwrapped: PooledUnsafeDirectByteBuf(ridx: 304, widx: 309, cap: 1024)), decoderResult: success)'
22:01:42.057 [DEBUG] i.g.h.c.i.HttpAppHandler - Read msg='EmptyLastHttpContent'
22:01:42.058 [TRACE] i.g.h.e.r.DefaultStatsProcessor - 
>>>>>>>>>>>>>>>>>>>>>>>>>>
Request:
simple_cpu_burn: OK 
=========================
Session:
Session(Acceptance test,166,1580331702052,Map(gatling.http.ssl.sslContexts -> SslContexts(io.netty.handler.ssl.JdkSslContext@771843de,None), gatling.http.cache.dns -> io.gatling.http.cache.DnsCacheSupport$$anon$1@5898ac4b, gatling.http.cache.baseUrl -> http://localhost:8080),0,OK,List(),io.gatling.core.protocol.ProtocolComponentsRegistry$$Lambda$598/0x000000084055d840@452b12e)
=========================
HTTP request:
GET http://localhost:8080/cpu/magic-identity-check?matrixSize=133
headers=
Accept: */*
Content-Type: application/json;charset=UTF-8
Accept-Language: en-US,en;q=0.8,nl;q=0.6
User-Agent: Mozilla/5.0 (Windows NT 6.1; WOW64) AppleWebKit/537.36 (KHTML, like Gecko) Chrome/38.0.2125.111 Safari/537.36
accept-encoding: gzip,deflate,sdch
host: localhost:8080
=========================
HTTP response:
status=
200 
headers= 
Content-Type: application/json;charset=UTF-8
Transfer-Encoding: chunked
Date: Wed, 29 Jan 2020 21:01:42 GMT

body=
{"message":"A simple magic square multiplied by an identity square of size [133] [is equal] to the magic square.","name":"Simple-PropertiesFileName","durationInMillis":4}
<<<<<<<<<<<<<<<<<<<<<<<<<
22:01:42.058 [DEBUG] i.g.c.a.Pause - Pausing for 2928ms (real=2927ms)
22:01:42.552 [DEBUG] i.g.c.c.i.o.OpenWorkload - Injecting 2 users in scenario Acceptance test, continue=true
22:01:42.552 [DEBUG] i.g.h.e.t.HttpTxExecutor - Sending request=simple_cpu_burn uri=http://localhost:8080/cpu/magic-identity-check?matrixSize=133: scenario=Acceptance test, userId=167
22:01:42.552 [DEBUG] i.g.c.c.i.o.OpenWorkload - Start user #167
22:01:42.553 [DEBUG] i.g.h.c.i.HttpAppHandler - Write request WritableRequest{request=DefaultFullHttpRequest(decodeResult: success, version: HTTP/1.1, content: UnpooledByteBufAllocator$InstrumentedUnpooledUnsafeHeapByteBuf(ridx: 0, widx: 0, cap: 0))
GET /cpu/magic-identity-check?matrixSize=133 HTTP/1.1
Accept: */*
Content-Type: application/json;charset=UTF-8
Accept-Language: en-US,en;q=0.8,nl;q=0.6
User-Agent: Mozilla/5.0 (Windows NT 6.1; WOW64) AppleWebKit/537.36 (KHTML, like Gecko) Chrome/38.0.2125.111 Safari/537.36
accept-encoding: gzip,deflate,sdch
host: localhost:8080, content=null}
22:01:42.564 [DEBUG] i.g.h.c.i.HttpAppHandler - Read msg='DefaultHttpResponse(decodeResult: success, version: HTTP/1.1)
HTTP/1.1 200 
Content-Type: application/json;charset=UTF-8
Transfer-Encoding: chunked
Date: Wed, 29 Jan 2020 21:01:42 GMT'
22:01:42.564 [DEBUG] i.g.h.c.i.HttpAppHandler - Read msg='DefaultHttpContent(data: PooledSlicedByteBuf(ridx: 0, widx: 171, cap: 171/171, unwrapped: PooledUnsafeDirectByteBuf(ridx: 305, widx: 305, cap: 1024)), decoderResult: success)'
22:01:42.565 [DEBUG] i.g.h.c.i.HttpAppHandler - Read msg='EmptyLastHttpContent'
22:01:42.565 [TRACE] i.g.h.e.r.DefaultStatsProcessor - 
>>>>>>>>>>>>>>>>>>>>>>>>>>
Request:
simple_cpu_burn: OK 
=========================
Session:
Session(Acceptance test,167,1580331702551,Map(gatling.http.ssl.sslContexts -> SslContexts(io.netty.handler.ssl.JdkSslContext@58507621,None), gatling.http.cache.dns -> io.gatling.http.cache.DnsCacheSupport$$anon$1@5898ac4b, gatling.http.cache.baseUrl -> http://localhost:8080),0,OK,List(),io.gatling.core.protocol.ProtocolComponentsRegistry$$Lambda$598/0x000000084055d840@452b12e)
=========================
HTTP request:
GET http://localhost:8080/cpu/magic-identity-check?matrixSize=133
headers=
Accept: */*
Content-Type: application/json;charset=UTF-8
Accept-Language: en-US,en;q=0.8,nl;q=0.6
User-Agent: Mozilla/5.0 (Windows NT 6.1; WOW64) AppleWebKit/537.36 (KHTML, like Gecko) Chrome/38.0.2125.111 Safari/537.36
accept-encoding: gzip,deflate,sdch
host: localhost:8080
=========================
HTTP response:
status=
200 
headers= 
Content-Type: application/json;charset=UTF-8
Transfer-Encoding: chunked
Date: Wed, 29 Jan 2020 21:01:42 GMT

body=
{"message":"A simple magic square multiplied by an identity square of size [133] [is equal] to the magic square.","name":"Simple-PropertiesFileName","durationInMillis":10}
<<<<<<<<<<<<<<<<<<<<<<<<<
22:01:42.565 [DEBUG] i.g.c.a.Pause - Pausing for 1861ms (real=1861ms)
22:01:42.632 [DEBUG] i.g.h.e.t.HttpTxExecutor - Sending request=upload-file uri=http://localhost:8080/files/upload: scenario=Acceptance test, userId=152
22:01:42.632 [DEBUG] i.g.h.c.i.HttpAppHandler - Write request WritableRequest{request=DefaultHttpRequest(decodeResult: success, version: HTTP/1.1)
POST /files/upload HTTP/1.1
Accept: */*
Accept-Language: en-US,en;q=0.8,nl;q=0.6
User-Agent: Mozilla/5.0 (Windows NT 6.1; WOW64) AppleWebKit/537.36 (KHTML, like Gecko) Chrome/38.0.2125.111 Safari/537.36
accept-encoding: gzip,deflate,sdch
host: localhost:8080
content-type: multipart/form-data; boundary=xTrk67rIIOJ4cYxMHGTCiHvnvLkO6x1IGg9
content-length: 220, content=io.gatling.http.client.body.multipart.impl.MultipartFileRegion@37a23065}
22:01:42.635 [DEBUG] i.g.h.c.i.HttpAppHandler - Read msg='DefaultHttpResponse(decodeResult: success, version: HTTP/1.1)
HTTP/1.1 200 
Content-Type: text/plain;charset=UTF-8
Content-Length: 62
Date: Wed, 29 Jan 2020 21:01:42 GMT'
22:01:42.635 [DEBUG] i.g.h.c.i.HttpAppHandler - Read msg='DefaultLastHttpContent(data: PooledSlicedByteBuf(ridx: 0, widx: 62, cap: 62/62, unwrapped: PooledUnsafeDirectByteBuf(ridx: 176, widx: 176, cap: 496)), decoderResult: success)'
22:01:42.635 [TRACE] i.g.h.e.r.DefaultStatsProcessor - 
>>>>>>>>>>>>>>>>>>>>>>>>>>
Request:
upload-file: OK 
=========================
Session:
Session(Acceptance test,152,1580331695051,Map(gatling.http.ssl.sslContexts -> SslContexts(io.netty.handler.ssl.JdkSslContext@3ac7e470,None), gatling.http.cache.dns -> io.gatling.http.cache.DnsCacheSupport$$anon$1@5898ac4b, gatling.http.cache.baseUrl -> http://localhost:8080),23,OK,List(),io.gatling.core.protocol.ProtocolComponentsRegistry$$Lambda$598/0x000000084055d840@452b12e)
=========================
HTTP request:
POST http://localhost:8080/files/upload
headers=
Accept: */*
Accept-Language: en-US,en;q=0.8,nl;q=0.6
User-Agent: Mozilla/5.0 (Windows NT 6.1; WOW64) AppleWebKit/537.36 (KHTML, like Gecko) Chrome/38.0.2125.111 Safari/537.36
accept-encoding: gzip,deflate,sdch
host: localhost:8080
content-type: multipart/form-data; boundary=xTrk67rIIOJ4cYxMHGTCiHvnvLkO6x1IGg9
content-length: 220
multipartBody=
ByteArrayPart: name=upload contentType=text/plain dispositionType=null charset=UTF-8 transferEncoding=null contentId=null filename=gatling-upload.txt
=========================
HTTP response:
status=
200 
headers= 
Content-Type: text/plain;charset=UTF-8
Content-Length: 62
Date: Wed, 29 Jan 2020 21:01:42 GMT

body=
File upload succeeded [gatling-upload.txt] of size [17] bytes.
<<<<<<<<<<<<<<<<<<<<<<<<<
22:01:42.635 [DEBUG] i.g.c.a.Exit - End user #152
22:01:42.636 [DEBUG] i.g.c.c.i.Injector - End user #152
22:01:42.642 [DEBUG] i.g.h.e.t.HttpTxExecutor - Sending request=upload-file uri=http://localhost:8080/files/upload: scenario=Acceptance test, userId=142
22:01:42.642 [DEBUG] i.g.h.c.i.HttpAppHandler - Write request WritableRequest{request=DefaultHttpRequest(decodeResult: success, version: HTTP/1.1)
POST /files/upload HTTP/1.1
Accept: */*
Accept-Language: en-US,en;q=0.8,nl;q=0.6
User-Agent: Mozilla/5.0 (Windows NT 6.1; WOW64) AppleWebKit/537.36 (KHTML, like Gecko) Chrome/38.0.2125.111 Safari/537.36
accept-encoding: gzip,deflate,sdch
host: localhost:8080
content-type: multipart/form-data; boundary=E51mFOa3mGC5AMpBwsOza8ttlAvoQSfsjwC
content-length: 220, content=io.gatling.http.client.body.multipart.impl.MultipartFileRegion@44e0146}
22:01:42.645 [DEBUG] i.g.h.c.i.HttpAppHandler - Read msg='DefaultHttpResponse(decodeResult: success, version: HTTP/1.1)
HTTP/1.1 200 
Content-Type: text/plain;charset=UTF-8
Content-Length: 62
Date: Wed, 29 Jan 2020 21:01:42 GMT'
22:01:42.645 [DEBUG] i.g.h.c.i.HttpAppHandler - Read msg='DefaultLastHttpContent(data: PooledSlicedByteBuf(ridx: 0, widx: 62, cap: 62/62, unwrapped: PooledUnsafeDirectByteBuf(ridx: 176, widx: 176, cap: 480)), decoderResult: success)'
22:01:42.646 [TRACE] i.g.h.e.r.DefaultStatsProcessor - 
>>>>>>>>>>>>>>>>>>>>>>>>>>
Request:
upload-file: OK 
=========================
Session:
Session(Acceptance test,142,1580331690052,Map(gatling.http.ssl.sslContexts -> SslContexts(io.netty.handler.ssl.JdkSslContext@5d07375e,None), gatling.http.cache.dns -> io.gatling.http.cache.DnsCacheSupport$$anon$1@5898ac4b, gatling.http.cache.baseUrl -> http://localhost:8080),19,OK,List(),io.gatling.core.protocol.ProtocolComponentsRegistry$$Lambda$598/0x000000084055d840@452b12e)
=========================
HTTP request:
POST http://localhost:8080/files/upload
headers=
Accept: */*
Accept-Language: en-US,en;q=0.8,nl;q=0.6
User-Agent: Mozilla/5.0 (Windows NT 6.1; WOW64) AppleWebKit/537.36 (KHTML, like Gecko) Chrome/38.0.2125.111 Safari/537.36
accept-encoding: gzip,deflate,sdch
host: localhost:8080
content-type: multipart/form-data; boundary=E51mFOa3mGC5AMpBwsOza8ttlAvoQSfsjwC
content-length: 220
multipartBody=
ByteArrayPart: name=upload contentType=text/plain dispositionType=null charset=UTF-8 transferEncoding=null contentId=null filename=gatling-upload.txt
=========================
HTTP response:
status=
200 
headers= 
Content-Type: text/plain;charset=UTF-8
Content-Length: 62
Date: Wed, 29 Jan 2020 21:01:42 GMT

body=
File upload succeeded [gatling-upload.txt] of size [17] bytes.
<<<<<<<<<<<<<<<<<<<<<<<<<
22:01:42.646 [DEBUG] i.g.c.a.Exit - End user #142
22:01:42.646 [DEBUG] i.g.c.c.i.Injector - End user #142
22:01:42.762 [DEBUG] i.g.h.e.t.HttpTxExecutor - Sending request=simple_delay uri=http://localhost:8080/delay?duration=555: scenario=Acceptance test, userId=165
22:01:42.762 [DEBUG] i.g.h.c.i.HttpAppHandler - Write request WritableRequest{request=DefaultFullHttpRequest(decodeResult: success, version: HTTP/1.1, content: UnpooledByteBufAllocator$InstrumentedUnpooledUnsafeHeapByteBuf(ridx: 0, widx: 0, cap: 0))
GET /delay?duration=555 HTTP/1.1
Accept: */*
Content-Type: application/json;charset=UTF-8
Accept-Language: en-US,en;q=0.8,nl;q=0.6
User-Agent: Mozilla/5.0 (Windows NT 6.1; WOW64) AppleWebKit/537.36 (KHTML, like Gecko) Chrome/38.0.2125.111 Safari/537.36
accept-encoding: gzip,deflate,sdch
host: localhost:8080, content=null}
22:01:42.832 [DEBUG] i.g.h.e.t.HttpTxExecutor - Sending request=simple_delay uri=http://localhost:8080/delay?duration=555: scenario=Acceptance test, userId=131
22:01:42.832 [DEBUG] i.g.h.c.i.HttpAppHandler - Write request WritableRequest{request=DefaultFullHttpRequest(decodeResult: success, version: HTTP/1.1, content: UnpooledByteBufAllocator$InstrumentedUnpooledUnsafeHeapByteBuf(ridx: 0, widx: 0, cap: 0))
GET /delay?duration=555 HTTP/1.1
Accept: */*
Content-Type: application/json;charset=UTF-8
Accept-Language: en-US,en;q=0.8,nl;q=0.6
User-Agent: Mozilla/5.0 (Windows NT 6.1; WOW64) AppleWebKit/537.36 (KHTML, like Gecko) Chrome/38.0.2125.111 Safari/537.36
accept-encoding: gzip,deflate,sdch
host: localhost:8080, content=null}
22:01:42.942 [DEBUG] i.g.h.e.t.HttpTxExecutor - Sending request=simple_mini_leak uri=http://localhost:8080/memory/grow?objects=8&items=54: scenario=Acceptance test, userId=151
22:01:42.942 [DEBUG] i.g.h.c.i.HttpAppHandler - Write request WritableRequest{request=DefaultFullHttpRequest(decodeResult: success, version: HTTP/1.1, content: UnpooledByteBufAllocator$InstrumentedUnpooledUnsafeHeapByteBuf(ridx: 0, widx: 0, cap: 0))
GET /memory/grow?objects=8&items=54 HTTP/1.1
Accept: */*
Content-Type: application/json;charset=UTF-8
Accept-Language: en-US,en;q=0.8,nl;q=0.6
User-Agent: Mozilla/5.0 (Windows NT 6.1; WOW64) AppleWebKit/537.36 (KHTML, like Gecko) Chrome/38.0.2125.111 Safari/537.36
accept-encoding: gzip,deflate,sdch
host: localhost:8080, content=null}
22:01:42.945 [DEBUG] i.g.h.c.i.HttpAppHandler - Read msg='DefaultHttpResponse(decodeResult: success, version: HTTP/1.1)
HTTP/1.1 200 
Content-Type: application/json;charset=UTF-8
Transfer-Encoding: chunked
Date: Wed, 29 Jan 2020 21:01:42 GMT'
22:01:42.945 [DEBUG] i.g.h.c.i.HttpAppHandler - Read msg='DefaultHttpContent(data: PooledSlicedByteBuf(ridx: 0, widx: 144, cap: 144/144, unwrapped: PooledUnsafeDirectByteBuf(ridx: 278, widx: 283, cap: 496)), decoderResult: success)'
22:01:42.945 [DEBUG] i.g.h.c.i.HttpAppHandler - Read msg='EmptyLastHttpContent'
22:01:42.945 [TRACE] i.g.h.e.r.DefaultStatsProcessor - 
>>>>>>>>>>>>>>>>>>>>>>>>>>
Request:
simple_mini_leak: OK 
=========================
Session:
Session(Acceptance test,151,1580331694552,Map(gatling.http.ssl.sslContexts -> SslContexts(io.netty.handler.ssl.JdkSslContext@131baa34,None), gatling.http.cache.dns -> io.gatling.http.cache.DnsCacheSupport$$anon$1@5898ac4b, gatling.http.cache.baseUrl -> http://localhost:8080),22,OK,List(),io.gatling.core.protocol.ProtocolComponentsRegistry$$Lambda$598/0x000000084055d840@452b12e)
=========================
HTTP request:
GET http://localhost:8080/memory/grow?objects=8&items=54
headers=
Accept: */*
Content-Type: application/json;charset=UTF-8
Accept-Language: en-US,en;q=0.8,nl;q=0.6
User-Agent: Mozilla/5.0 (Windows NT 6.1; WOW64) AppleWebKit/537.36 (KHTML, like Gecko) Chrome/38.0.2125.111 Safari/537.36
accept-encoding: gzip,deflate,sdch
host: localhost:8080
=========================
HTTP response:
status=
200 
headers= 
Content-Type: application/json;charset=UTF-8
Transfer-Encoding: chunked
Date: Wed, 29 Jan 2020 21:01:42 GMT

body=
{"message":"Size of BigFatBastard list is now 12256 objects. It contains 661824 items.","name":"Simple-PropertiesFileName","durationInMillis":1}
<<<<<<<<<<<<<<<<<<<<<<<<<
22:01:42.945 [DEBUG] i.g.c.a.Pause - Pausing for 2070ms (real=2048ms)
22:01:43.052 [DEBUG] i.g.h.e.t.HttpTxExecutor - Sending request=simple_cpu_burn uri=http://localhost:8080/cpu/magic-identity-check?matrixSize=133: scenario=Acceptance test, userId=168
22:01:43.052 [DEBUG] i.g.c.c.i.o.OpenWorkload - Start user #168
22:01:43.053 [DEBUG] i.g.h.c.i.HttpAppHandler - Write request WritableRequest{request=DefaultFullHttpRequest(decodeResult: success, version: HTTP/1.1, content: UnpooledByteBufAllocator$InstrumentedUnpooledUnsafeHeapByteBuf(ridx: 0, widx: 0, cap: 0))
GET /cpu/magic-identity-check?matrixSize=133 HTTP/1.1
Accept: */*
Content-Type: application/json;charset=UTF-8
Accept-Language: en-US,en;q=0.8,nl;q=0.6
User-Agent: Mozilla/5.0 (Windows NT 6.1; WOW64) AppleWebKit/537.36 (KHTML, like Gecko) Chrome/38.0.2125.111 Safari/537.36
accept-encoding: gzip,deflate,sdch
host: localhost:8080, content=null}
22:01:43.056 [DEBUG] i.g.h.c.i.HttpAppHandler - Read msg='DefaultHttpResponse(decodeResult: success, version: HTTP/1.1)
HTTP/1.1 200 
Content-Type: application/json;charset=UTF-8
Transfer-Encoding: chunked
Date: Wed, 29 Jan 2020 21:01:43 GMT'
22:01:43.056 [DEBUG] i.g.h.c.i.HttpAppHandler - Read msg='DefaultHttpContent(data: PooledSlicedByteBuf(ridx: 0, widx: 170, cap: 170/170, unwrapped: PooledUnsafeDirectByteBuf(ridx: 304, widx: 309, cap: 1024)), decoderResult: success)'
22:01:43.056 [DEBUG] i.g.h.c.i.HttpAppHandler - Read msg='EmptyLastHttpContent'
22:01:43.056 [TRACE] i.g.h.e.r.DefaultStatsProcessor - 
>>>>>>>>>>>>>>>>>>>>>>>>>>
Request:
simple_cpu_burn: OK 
=========================
Session:
Session(Acceptance test,168,1580331703052,Map(gatling.http.ssl.sslContexts -> SslContexts(io.netty.handler.ssl.JdkSslContext@1b5fb95d,None), gatling.http.cache.dns -> io.gatling.http.cache.DnsCacheSupport$$anon$1@5898ac4b, gatling.http.cache.baseUrl -> http://localhost:8080),0,OK,List(),io.gatling.core.protocol.ProtocolComponentsRegistry$$Lambda$598/0x000000084055d840@452b12e)
=========================
HTTP request:
GET http://localhost:8080/cpu/magic-identity-check?matrixSize=133
headers=
Accept: */*
Content-Type: application/json;charset=UTF-8
Accept-Language: en-US,en;q=0.8,nl;q=0.6
User-Agent: Mozilla/5.0 (Windows NT 6.1; WOW64) AppleWebKit/537.36 (KHTML, like Gecko) Chrome/38.0.2125.111 Safari/537.36
accept-encoding: gzip,deflate,sdch
host: localhost:8080
=========================
HTTP response:
status=
200 
headers= 
Content-Type: application/json;charset=UTF-8
Transfer-Encoding: chunked
Date: Wed, 29 Jan 2020 21:01:43 GMT

body=
{"message":"A simple magic square multiplied by an identity square of size [133] [is equal] to the magic square.","name":"Simple-PropertiesFileName","durationInMillis":3}
<<<<<<<<<<<<<<<<<<<<<<<<<
22:01:43.056 [DEBUG] i.g.c.a.Pause - Pausing for 4452ms (real=4452ms)
22:01:43.252 [DEBUG] i.g.h.e.t.HttpTxExecutor - Sending request=upload-file uri=http://localhost:8080/files/upload: scenario=Acceptance test, userId=157
22:01:43.252 [DEBUG] i.g.h.c.i.HttpAppHandler - Write request WritableRequest{request=DefaultHttpRequest(decodeResult: success, version: HTTP/1.1)
POST /files/upload HTTP/1.1
Accept: */*
Accept-Language: en-US,en;q=0.8,nl;q=0.6
User-Agent: Mozilla/5.0 (Windows NT 6.1; WOW64) AppleWebKit/537.36 (KHTML, like Gecko) Chrome/38.0.2125.111 Safari/537.36
accept-encoding: gzip,deflate,sdch
host: localhost:8080
content-type: multipart/form-data; boundary=NG12hzlM0ehHmXeZuJvmOoQP0kn9VECHG7Z
content-length: 220, content=io.gatling.http.client.body.multipart.impl.MultipartFileRegion@4fa3e694}
22:01:43.253 [DEBUG] i.g.h.c.i.HttpAppHandler - Read msg='DefaultHttpResponse(decodeResult: success, version: HTTP/1.1)
HTTP/1.1 200 
Content-Type: text/plain;charset=UTF-8
Content-Length: 62
Date: Wed, 29 Jan 2020 21:01:43 GMT'
22:01:43.253 [DEBUG] i.g.h.c.i.HttpAppHandler - Read msg='DefaultLastHttpContent(data: PooledSlicedByteBuf(ridx: 0, widx: 62, cap: 62/62, unwrapped: PooledUnsafeDirectByteBuf(ridx: 176, widx: 176, cap: 496)), decoderResult: success)'
22:01:43.254 [TRACE] i.g.h.e.r.DefaultStatsProcessor - 
>>>>>>>>>>>>>>>>>>>>>>>>>>
Request:
upload-file: OK 
=========================
Session:
Session(Acceptance test,157,1580331697552,Map(gatling.http.ssl.sslContexts -> SslContexts(io.netty.handler.ssl.JdkSslContext@6e18ae5f,None), gatling.http.cache.dns -> io.gatling.http.cache.DnsCacheSupport$$anon$1@5898ac4b, gatling.http.cache.baseUrl -> http://localhost:8080),17,OK,List(),io.gatling.core.protocol.ProtocolComponentsRegistry$$Lambda$598/0x000000084055d840@452b12e)
=========================
HTTP request:
POST http://localhost:8080/files/upload
headers=
Accept: */*
Accept-Language: en-US,en;q=0.8,nl;q=0.6
User-Agent: Mozilla/5.0 (Windows NT 6.1; WOW64) AppleWebKit/537.36 (KHTML, like Gecko) Chrome/38.0.2125.111 Safari/537.36
accept-encoding: gzip,deflate,sdch
host: localhost:8080
content-type: multipart/form-data; boundary=NG12hzlM0ehHmXeZuJvmOoQP0kn9VECHG7Z
content-length: 220
multipartBody=
ByteArrayPart: name=upload contentType=text/plain dispositionType=null charset=UTF-8 transferEncoding=null contentId=null filename=gatling-upload.txt
=========================
HTTP response:
status=
200 
headers= 
Content-Type: text/plain;charset=UTF-8
Content-Length: 62
Date: Wed, 29 Jan 2020 21:01:43 GMT

body=
File upload succeeded [gatling-upload.txt] of size [17] bytes.
<<<<<<<<<<<<<<<<<<<<<<<<<
22:01:43.254 [DEBUG] i.g.c.a.Exit - End user #157
22:01:43.254 [DEBUG] i.g.c.c.i.Injector - End user #157
22:01:43.319 [DEBUG] i.g.h.c.i.HttpAppHandler - Read msg='DefaultHttpResponse(decodeResult: success, version: HTTP/1.1)
HTTP/1.1 200 
Content-Type: application/json;charset=UTF-8
Transfer-Encoding: chunked
Date: Wed, 29 Jan 2020 21:01:43 GMT'
22:01:43.319 [DEBUG] i.g.h.c.i.HttpAppHandler - Read msg='DefaultHttpContent(data: PooledSlicedByteBuf(ridx: 0, widx: 95, cap: 95/95, unwrapped: PooledUnsafeDirectByteBuf(ridx: 229, widx: 229, cap: 1024)), decoderResult: success)'
22:01:43.319 [DEBUG] i.g.h.c.i.HttpAppHandler - Read msg='EmptyLastHttpContent'
22:01:43.319 [TRACE] i.g.h.e.r.DefaultStatsProcessor - 
>>>>>>>>>>>>>>>>>>>>>>>>>>
Request:
simple_delay: OK 
=========================
Session:
Session(Acceptance test,165,1580331701551,Map(gatling.http.ssl.sslContexts -> SslContexts(io.netty.handler.ssl.JdkSslContext@515f5fde,None), gatling.http.cache.dns -> io.gatling.http.cache.DnsCacheSupport$$anon$1@5898ac4b, gatling.http.cache.baseUrl -> http://localhost:8080),21,OK,List(),io.gatling.core.protocol.ProtocolComponentsRegistry$$Lambda$598/0x000000084055d840@452b12e)
=========================
HTTP request:
GET http://localhost:8080/delay?duration=555
headers=
Accept: */*
Content-Type: application/json;charset=UTF-8
Accept-Language: en-US,en;q=0.8,nl;q=0.6
User-Agent: Mozilla/5.0 (Windows NT 6.1; WOW64) AppleWebKit/537.36 (KHTML, like Gecko) Chrome/38.0.2125.111 Safari/537.36
accept-encoding: gzip,deflate,sdch
host: localhost:8080
=========================
HTTP response:
status=
200 
headers= 
Content-Type: application/json;charset=UTF-8
Transfer-Encoding: chunked
Date: Wed, 29 Jan 2020 21:01:43 GMT

body=
{"message":"This was a delay of 555","name":"Simple-PropertiesFileName","durationInMillis":555}
<<<<<<<<<<<<<<<<<<<<<<<<<
22:01:43.319 [DEBUG] i.g.c.a.Pause - Pausing for 1023ms (real=1002ms)
22:01:43.388 [DEBUG] i.g.h.c.i.HttpAppHandler - Read msg='DefaultHttpResponse(decodeResult: success, version: HTTP/1.1)
HTTP/1.1 200 
Content-Type: application/json;charset=UTF-8
Transfer-Encoding: chunked
Date: Wed, 29 Jan 2020 21:01:43 GMT'
22:01:43.389 [DEBUG] i.g.h.c.i.HttpAppHandler - Read msg='DefaultHttpContent(data: PooledSlicedByteBuf(ridx: 0, widx: 95, cap: 95/95, unwrapped: PooledUnsafeDirectByteBuf(ridx: 229, widx: 234, cap: 1024)), decoderResult: success)'
22:01:43.389 [DEBUG] i.g.h.c.i.HttpAppHandler - Read msg='EmptyLastHttpContent'
22:01:43.389 [TRACE] i.g.h.e.r.DefaultStatsProcessor - 
>>>>>>>>>>>>>>>>>>>>>>>>>>
Request:
simple_delay: OK 
=========================
Session:
Session(Acceptance test,131,1580331684551,Map(gatling.http.ssl.sslContexts -> SslContexts(io.netty.handler.ssl.JdkSslContext@2600fbfd,None), gatling.http.cache.dns -> io.gatling.http.cache.DnsCacheSupport$$anon$1@5898ac4b, gatling.http.cache.baseUrl -> http://localhost:8080),18,OK,List(),io.gatling.core.protocol.ProtocolComponentsRegistry$$Lambda$598/0x000000084055d840@452b12e)
=========================
HTTP request:
GET http://localhost:8080/delay?duration=555
headers=
Accept: */*
Content-Type: application/json;charset=UTF-8
Accept-Language: en-US,en;q=0.8,nl;q=0.6
User-Agent: Mozilla/5.0 (Windows NT 6.1; WOW64) AppleWebKit/537.36 (KHTML, like Gecko) Chrome/38.0.2125.111 Safari/537.36
accept-encoding: gzip,deflate,sdch
host: localhost:8080
=========================
HTTP response:
status=
200 
headers= 
Content-Type: application/json;charset=UTF-8
Transfer-Encoding: chunked
Date: Wed, 29 Jan 2020 21:01:43 GMT

body=
{"message":"This was a delay of 555","name":"Simple-PropertiesFileName","durationInMillis":555}
<<<<<<<<<<<<<<<<<<<<<<<<<
22:01:43.389 [DEBUG] i.g.c.a.Pause - Pausing for 1834ms (real=1816ms)
22:01:43.552 [DEBUG] i.g.c.c.i.o.OpenWorkload - Injecting 2 users in scenario Acceptance test, continue=true
22:01:43.552 [DEBUG] i.g.h.e.t.HttpTxExecutor - Sending request=simple_cpu_burn uri=http://localhost:8080/cpu/magic-identity-check?matrixSize=133: scenario=Acceptance test, userId=169
22:01:43.552 [DEBUG] i.g.c.c.i.o.OpenWorkload - Start user #169
22:01:43.553 [DEBUG] i.g.h.c.i.HttpAppHandler - Write request WritableRequest{request=DefaultFullHttpRequest(decodeResult: success, version: HTTP/1.1, content: UnpooledByteBufAllocator$InstrumentedUnpooledUnsafeHeapByteBuf(ridx: 0, widx: 0, cap: 0))
GET /cpu/magic-identity-check?matrixSize=133 HTTP/1.1
Accept: */*
Content-Type: application/json;charset=UTF-8
Accept-Language: en-US,en;q=0.8,nl;q=0.6
User-Agent: Mozilla/5.0 (Windows NT 6.1; WOW64) AppleWebKit/537.36 (KHTML, like Gecko) Chrome/38.0.2125.111 Safari/537.36
accept-encoding: gzip,deflate,sdch
host: localhost:8080, content=null}
22:01:43.556 [DEBUG] i.g.h.c.i.HttpAppHandler - Read msg='DefaultHttpResponse(decodeResult: success, version: HTTP/1.1)
HTTP/1.1 200 
Content-Type: application/json;charset=UTF-8
Transfer-Encoding: chunked
Date: Wed, 29 Jan 2020 21:01:43 GMT'
22:01:43.556 [DEBUG] i.g.h.c.i.HttpAppHandler - Read msg='DefaultHttpContent(data: PooledSlicedByteBuf(ridx: 0, widx: 170, cap: 170/170, unwrapped: PooledUnsafeDirectByteBuf(ridx: 304, widx: 304, cap: 1024)), decoderResult: success)'
22:01:43.556 [DEBUG] i.g.h.c.i.HttpAppHandler - Read msg='EmptyLastHttpContent'
22:01:43.556 [TRACE] i.g.h.e.r.DefaultStatsProcessor - 
>>>>>>>>>>>>>>>>>>>>>>>>>>
Request:
simple_cpu_burn: OK 
=========================
Session:
Session(Acceptance test,169,1580331703552,Map(gatling.http.ssl.sslContexts -> SslContexts(io.netty.handler.ssl.JdkSslContext@1a0dfafb,None), gatling.http.cache.dns -> io.gatling.http.cache.DnsCacheSupport$$anon$1@5898ac4b, gatling.http.cache.baseUrl -> http://localhost:8080),0,OK,List(),io.gatling.core.protocol.ProtocolComponentsRegistry$$Lambda$598/0x000000084055d840@452b12e)
=========================
HTTP request:
GET http://localhost:8080/cpu/magic-identity-check?matrixSize=133
headers=
Accept: */*
Content-Type: application/json;charset=UTF-8
Accept-Language: en-US,en;q=0.8,nl;q=0.6
User-Agent: Mozilla/5.0 (Windows NT 6.1; WOW64) AppleWebKit/537.36 (KHTML, like Gecko) Chrome/38.0.2125.111 Safari/537.36
accept-encoding: gzip,deflate,sdch
host: localhost:8080
=========================
HTTP response:
status=
200 
headers= 
Content-Type: application/json;charset=UTF-8
Transfer-Encoding: chunked
Date: Wed, 29 Jan 2020 21:01:43 GMT

body=
{"message":"A simple magic square multiplied by an identity square of size [133] [is equal] to the magic square.","name":"Simple-PropertiesFileName","durationInMillis":2}
<<<<<<<<<<<<<<<<<<<<<<<<<
22:01:43.557 [DEBUG] i.g.c.a.Pause - Pausing for 597ms (real=597ms)
22:01:43.721 [DEBUG] i.g.h.e.t.HttpTxExecutor - Sending request=simple_mini_leak uri=http://localhost:8080/memory/grow?objects=8&items=54: scenario=Acceptance test, userId=144
22:01:43.722 [DEBUG] i.g.h.c.i.HttpAppHandler - Write request WritableRequest{request=DefaultFullHttpRequest(decodeResult: success, version: HTTP/1.1, content: UnpooledByteBufAllocator$InstrumentedUnpooledUnsafeHeapByteBuf(ridx: 0, widx: 0, cap: 0))
GET /memory/grow?objects=8&items=54 HTTP/1.1
Accept: */*
Content-Type: application/json;charset=UTF-8
Accept-Language: en-US,en;q=0.8,nl;q=0.6
User-Agent: Mozilla/5.0 (Windows NT 6.1; WOW64) AppleWebKit/537.36 (KHTML, like Gecko) Chrome/38.0.2125.111 Safari/537.36
accept-encoding: gzip,deflate,sdch
host: localhost:8080, content=null}
22:01:43.724 [DEBUG] i.g.h.c.i.HttpAppHandler - Read msg='DefaultHttpResponse(decodeResult: success, version: HTTP/1.1)
HTTP/1.1 200 
Content-Type: application/json;charset=UTF-8
Transfer-Encoding: chunked
Date: Wed, 29 Jan 2020 21:01:43 GMT'
22:01:43.724 [DEBUG] i.g.h.c.i.HttpAppHandler - Read msg='DefaultHttpContent(data: PooledSlicedByteBuf(ridx: 0, widx: 144, cap: 144/144, unwrapped: PooledUnsafeDirectByteBuf(ridx: 278, widx: 283, cap: 496)), decoderResult: success)'
22:01:43.724 [DEBUG] i.g.h.c.i.HttpAppHandler - Read msg='EmptyLastHttpContent'
22:01:43.724 [TRACE] i.g.h.e.r.DefaultStatsProcessor - 
>>>>>>>>>>>>>>>>>>>>>>>>>>
Request:
simple_mini_leak: OK 
=========================
Session:
Session(Acceptance test,144,1580331691051,Map(gatling.http.ssl.sslContexts -> SslContexts(io.netty.handler.ssl.JdkSslContext@4ecc358a,None), gatling.http.cache.dns -> io.gatling.http.cache.DnsCacheSupport$$anon$1@5898ac4b, gatling.http.cache.baseUrl -> http://localhost:8080),19,OK,List(),io.gatling.core.protocol.ProtocolComponentsRegistry$$Lambda$598/0x000000084055d840@452b12e)
=========================
HTTP request:
GET http://localhost:8080/memory/grow?objects=8&items=54
headers=
Accept: */*
Content-Type: application/json;charset=UTF-8
Accept-Language: en-US,en;q=0.8,nl;q=0.6
User-Agent: Mozilla/5.0 (Windows NT 6.1; WOW64) AppleWebKit/537.36 (KHTML, like Gecko) Chrome/38.0.2125.111 Safari/537.36
accept-encoding: gzip,deflate,sdch
host: localhost:8080
=========================
HTTP response:
status=
200 
headers= 
Content-Type: application/json;charset=UTF-8
Transfer-Encoding: chunked
Date: Wed, 29 Jan 2020 21:01:43 GMT

body=
{"message":"Size of BigFatBastard list is now 12264 objects. It contains 662256 items.","name":"Simple-PropertiesFileName","durationInMillis":2}
<<<<<<<<<<<<<<<<<<<<<<<<<
22:01:43.725 [DEBUG] i.g.c.a.Pause - Pausing for 1492ms (real=1473ms)
22:01:44.052 [DEBUG] i.g.h.e.t.HttpTxExecutor - Sending request=simple_cpu_burn uri=http://localhost:8080/cpu/magic-identity-check?matrixSize=133: scenario=Acceptance test, userId=170
22:01:44.052 [DEBUG] i.g.c.c.i.o.OpenWorkload - Start user #170
22:01:44.052 [DEBUG] i.g.h.c.i.HttpAppHandler - Write request WritableRequest{request=DefaultFullHttpRequest(decodeResult: success, version: HTTP/1.1, content: UnpooledByteBufAllocator$InstrumentedUnpooledUnsafeHeapByteBuf(ridx: 0, widx: 0, cap: 0))
GET /cpu/magic-identity-check?matrixSize=133 HTTP/1.1
Accept: */*
Content-Type: application/json;charset=UTF-8
Accept-Language: en-US,en;q=0.8,nl;q=0.6
User-Agent: Mozilla/5.0 (Windows NT 6.1; WOW64) AppleWebKit/537.36 (KHTML, like Gecko) Chrome/38.0.2125.111 Safari/537.36
accept-encoding: gzip,deflate,sdch
host: localhost:8080, content=null}
22:01:44.055 [DEBUG] i.g.h.c.i.HttpAppHandler - Read msg='DefaultHttpResponse(decodeResult: success, version: HTTP/1.1)
HTTP/1.1 200 
Content-Type: application/json;charset=UTF-8
Transfer-Encoding: chunked
Date: Wed, 29 Jan 2020 21:01:43 GMT'
22:01:44.055 [DEBUG] i.g.h.c.i.HttpAppHandler - Read msg='DefaultHttpContent(data: PooledSlicedByteBuf(ridx: 0, widx: 170, cap: 170/170, unwrapped: PooledUnsafeDirectByteBuf(ridx: 304, widx: 309, cap: 1024)), decoderResult: success)'
22:01:44.055 [DEBUG] i.g.h.c.i.HttpAppHandler - Read msg='EmptyLastHttpContent'
22:01:44.056 [TRACE] i.g.h.e.r.DefaultStatsProcessor - 
>>>>>>>>>>>>>>>>>>>>>>>>>>
Request:
simple_cpu_burn: OK 
=========================
Session:
Session(Acceptance test,170,1580331704051,Map(gatling.http.ssl.sslContexts -> SslContexts(io.netty.handler.ssl.JdkSslContext@6f1e9057,None), gatling.http.cache.dns -> io.gatling.http.cache.DnsCacheSupport$$anon$1@5898ac4b, gatling.http.cache.baseUrl -> http://localhost:8080),0,OK,List(),io.gatling.core.protocol.ProtocolComponentsRegistry$$Lambda$598/0x000000084055d840@452b12e)
=========================
HTTP request:
GET http://localhost:8080/cpu/magic-identity-check?matrixSize=133
headers=
Accept: */*
Content-Type: application/json;charset=UTF-8
Accept-Language: en-US,en;q=0.8,nl;q=0.6
User-Agent: Mozilla/5.0 (Windows NT 6.1; WOW64) AppleWebKit/537.36 (KHTML, like Gecko) Chrome/38.0.2125.111 Safari/537.36
accept-encoding: gzip,deflate,sdch
host: localhost:8080
=========================
HTTP response:
status=
200 
headers= 
Content-Type: application/json;charset=UTF-8
Transfer-Encoding: chunked
Date: Wed, 29 Jan 2020 21:01:43 GMT

body=
{"message":"A simple magic square multiplied by an identity square of size [133] [is equal] to the magic square.","name":"Simple-PropertiesFileName","durationInMillis":2}
<<<<<<<<<<<<<<<<<<<<<<<<<
22:01:44.056 [DEBUG] i.g.c.a.Pause - Pausing for 1653ms (real=1652ms)
22:01:44.171 [DEBUG] i.g.h.e.t.HttpTxExecutor - Sending request=simple_delay uri=http://localhost:8080/delay?duration=555: scenario=Acceptance test, userId=169
22:01:44.172 [DEBUG] i.g.h.c.i.HttpAppHandler - Write request WritableRequest{request=DefaultFullHttpRequest(decodeResult: success, version: HTTP/1.1, content: UnpooledByteBufAllocator$InstrumentedUnpooledUnsafeHeapByteBuf(ridx: 0, widx: 0, cap: 0))
GET /delay?duration=555 HTTP/1.1
Accept: */*
Content-Type: application/json;charset=UTF-8
Accept-Language: en-US,en;q=0.8,nl;q=0.6
User-Agent: Mozilla/5.0 (Windows NT 6.1; WOW64) AppleWebKit/537.36 (KHTML, like Gecko) Chrome/38.0.2125.111 Safari/537.36
accept-encoding: gzip,deflate,sdch
host: localhost:8080, content=null}

================================================================================
2020-01-29 22:01:44                                         100s elapsed
---- Requests ------------------------------------------------------------------
> Global                                                   (OK=638    KO=1     )
> simple_cpu_burn                                          (OK=170    KO=0     )
> simple_delay                                             (OK=162    KO=0     )
> simple_mini_leak                                         (OK=154    KO=1     )
> upload-file                                              (OK=152    KO=0     )
---- Errors --------------------------------------------------------------------
> status.find.is(200), but actually found 500                         1 (100.0%)

---- Acceptance test -----------------------------------------------------------
[################--                                                        ] 22%
          waiting: 520    / active: 18     / done: 152   
================================================================================

22:01:44.172 [DEBUG] i.g.g.m.GraphiteMetrics$ - GraphiteMetrics=gatling2.BurnAfter.acc.afterburner.users.allUsers.active 39 1580331704
gatling2.BurnAfter.acc.afterburner.users.allUsers.waiting 520 1580331704
gatling2.BurnAfter.acc.afterburner.users.allUsers.done 152 1580331704
gatling2.BurnAfter.acc.afterburner.users.Acceptance_test.active 39 1580331704
gatling2.BurnAfter.acc.afterburner.users.Acceptance_test.waiting 520 1580331704
gatling2.BurnAfter.acc.afterburner.users.Acceptance_test.done 152 1580331704
gatling2.BurnAfter.acc.afterburner.simple_delay.ok.count 23 1580331704
gatling2.BurnAfter.acc.afterburner.simple_delay.ok.min 556 1580331704
gatling2.BurnAfter.acc.afterburner.simple_delay.ok.max 559 1580331704
gatling2.BurnAfter.acc.afterburner.simple_delay.ok.mean 558 1580331704
gatling2.BurnAfter.acc.afterburner.simple_delay.ok.stdDev 0 1580331704
gatling2.BurnAfter.acc.afterburner.simple_delay.ok.percentiles50 559 1580331704
gatling2.BurnAfter.acc.afterburner.simple_delay.ok.percentiles75 559 1580331704
gatling2.BurnAfter.acc.afterburner.simple_delay.ok.percentiles95 559 1580331704
gatling2.BurnAfter.acc.afterburner.simple_delay.ok.percentiles99 559 1580331704
gatling2.BurnAfter.acc.afterburner.simple_delay.ko.count 0 1580331704
gatling2.BurnAfter.acc.afterburner.simple_delay.all.count 23 1580331704
gatling2.BurnAfter.acc.afterburner.simple_delay.all.min 556 1580331704
gatling2.BurnAfter.acc.afterburner.simple_delay.all.max 559 1580331704
gatling2.BurnAfter.acc.afterburner.simple_delay.all.mean 558 1580331704
gatling2.BurnAfter.acc.afterburner.simple_delay.all.stdDev 0 1580331704
gatling2.BurnAfter.acc.afterburner.simple_delay.all.percentiles50 559 1580331704
gatling2.BurnAfter.acc.afterburner.simple_delay.all.percentiles75 559 1580331704
gatling2.BurnAfter.acc.afterburner.simple_delay.all.percentiles95 559 1580331704
gatling2.BurnAfter.acc.afterburner.simple_delay.all.percentiles99 559 1580331704
gatling2.BurnAfter.acc.afterburner.upload-file.ok.count 21 1580331704
gatling2.BurnAfter.acc.afterburner.upload-file.ok.min 2 1580331704
gatling2.BurnAfter.acc.afterburner.upload-file.ok.max 4 1580331704
gatling2.BurnAfter.acc.afterburner.upload-file.ok.mean 3 1580331704
gatling2.BurnAfter.acc.afterburner.upload-file.ok.stdDev 0 1580331704
gatling2.BurnAfter.acc.afterburner.upload-file.ok.percentiles50 3 1580331704
gatling2.BurnAfter.acc.afterburner.upload-file.ok.percentiles75 4 1580331704
gatling2.BurnAfter.acc.afterburner.upload-file.ok.percentiles95 4 1580331704
gatling2.BurnAfter.acc.afterburner.upload-file.ok.percentiles99 4 1580331704
gatling2.BurnAfter.acc.afterburner.upload-file.ko.count 0 1580331704
gatling2.BurnAfter.acc.afterburner.upload-file.all.count 21 1580331704
gatling2.BurnAfter.acc.afterburner.upload-file.all.min 2 1580331704
gatling2.BurnAfter.acc.afterburner.upload-file.all.max 4 1580331704
gatling2.BurnAfter.acc.afterburner.upload-file.all.mean 3 1580331704
gatling2.BurnAfter.acc.afterburner.upload-file.all.stdDev 0 1580331704
gatling2.BurnAfter.acc.afterburner.upload-file.all.percentiles50 3 1580331704
gatling2.BurnAfter.acc.afterburner.upload-file.all.percentiles75 4 1580331704
gatling2.BurnAfter.acc.afterburner.upload-file.all.percentiles95 4 1580331704
gatling2.BurnAfter.acc.afterburner.upload-file.all.percentiles99 4 1580331704
gatling2.BurnAfter.acc.afterburner.simple_mini_leak.ok.count 19 1580331704
gatling2.BurnAfter.acc.afterburner.simple_mini_leak.ok.min 3 1580331704
gatling2.BurnAfter.acc.afterburner.simple_mini_leak.ok.max 9 1580331704
gatling2.BurnAfter.acc.afterburner.simple_mini_leak.ok.mean 6 1580331704
gatling2.BurnAfter.acc.afterburner.simple_mini_leak.ok.stdDev 2 1580331704
gatling2.BurnAfter.acc.afterburner.simple_mini_leak.ok.percentiles50 8 1580331704
gatling2.BurnAfter.acc.afterburner.simple_mini_leak.ok.percentiles75 8 1580331704
gatling2.BurnAfter.acc.afterburner.simple_mini_leak.ok.percentiles95 9 1580331704
gatling2.BurnAfter.acc.afterburner.simple_mini_leak.ok.percentiles99 9 1580331704
gatling2.BurnAfter.acc.afterburner.simple_mini_leak.ko.count 0 1580331704
gatling2.BurnAfter.acc.afterburner.simple_mini_leak.all.count 19 1580331704
gatling2.BurnAfter.acc.afterburner.simple_mini_leak.all.min 3 1580331704
gatling2.BurnAfter.acc.afterburner.simple_mini_leak.all.max 9 1580331704
gatling2.BurnAfter.acc.afterburner.simple_mini_leak.all.mean 6 1580331704
gatling2.BurnAfter.acc.afterburner.simple_mini_leak.all.stdDev 2 1580331704
gatling2.BurnAfter.acc.afterburner.simple_mini_leak.all.percentiles50 8 1580331704
gatling2.BurnAfter.acc.afterburner.simple_mini_leak.all.percentiles75 8 1580331704
gatling2.BurnAfter.acc.afterburner.simple_mini_leak.all.percentiles95 9 1580331704
gatling2.BurnAfter.acc.afterburner.simple_mini_leak.all.percentiles99 9 1580331704
gatling2.BurnAfter.acc.afterburner.simple_cpu_burn.ok.count 20 1580331704
gatling2.BurnAfter.acc.afterburner.simple_cpu_burn.ok.min 3 1580331704
gatling2.BurnAfter.acc.afterburner.simple_cpu_burn.ok.max 14 1580331704
gatling2.BurnAfter.acc.afterburner.simple_cpu_burn.ok.mean 8 1580331704
gatling2.BurnAfter.acc.afterburner.simple_cpu_burn.ok.stdDev 4 1580331704
gatling2.BurnAfter.acc.afterburner.simple_cpu_burn.ok.percentiles50 11 1580331704
gatling2.BurnAfter.acc.afterburner.simple_cpu_burn.ok.percentiles75 12 1580331704
gatling2.BurnAfter.acc.afterburner.simple_cpu_burn.ok.percentiles95 13 1580331704
gatling2.BurnAfter.acc.afterburner.simple_cpu_burn.ok.percentiles99 14 1580331704
gatling2.BurnAfter.acc.afterburner.simple_cpu_burn.ko.count 0 1580331704
gatling2.BurnAfter.acc.afterburner.simple_cpu_burn.all.count 20 1580331704
gatling2.BurnAfter.acc.afterburner.simple_cpu_burn.all.min 3 1580331704
gatling2.BurnAfter.acc.afterburner.simple_cpu_burn.all.max 14 1580331704
gatling2.BurnAfter.acc.afterburner.simple_cpu_burn.all.mean 8 1580331704
gatling2.BurnAfter.acc.afterburner.simple_cpu_burn.all.stdDev 4 1580331704
gatling2.BurnAfter.acc.afterburner.simple_cpu_burn.all.percentiles50 11 1580331704
gatling2.BurnAfter.acc.afterburner.simple_cpu_burn.all.percentiles75 12 1580331704
gatling2.BurnAfter.acc.afterburner.simple_cpu_burn.all.percentiles95 13 1580331704
gatling2.BurnAfter.acc.afterburner.simple_cpu_burn.all.percentiles99 14 1580331704
gatling2.BurnAfter.acc.afterburner.allRequests.ok.count 83 1580331704
gatling2.BurnAfter.acc.afterburner.allRequests.ok.min 2 1580331704
gatling2.BurnAfter.acc.afterburner.allRequests.ok.max 559 1580331704
gatling2.BurnAfter.acc.afterburner.allRequests.ok.mean 159 1580331704
gatling2.BurnAfter.acc.afterburner.allRequests.ok.stdDev 247 1580331704
gatling2.BurnAfter.acc.afterburner.allRequests.ok.percentiles50 8 1580331704
gatling2.BurnAfter.acc.afterburner.allRequests.ok.percentiles75 559 1580331704
gatling2.BurnAfter.acc.afterburner.allRequests.ok.percentiles95 559 1580331704
gatling2.BurnAfter.acc.afterburner.allRequests.ok.percentiles99 559 1580331704
gatling2.BurnAfter.acc.afterburner.allRequests.ko.count 0 1580331704
gatling2.BurnAfter.acc.afterburner.allRequests.all.count 83 1580331704
gatling2.BurnAfter.acc.afterburner.allRequests.all.min 2 1580331704
gatling2.BurnAfter.acc.afterburner.allRequests.all.max 559 1580331704
gatling2.BurnAfter.acc.afterburner.allRequests.all.mean 159 1580331704
gatling2.BurnAfter.acc.afterburner.allRequests.all.stdDev 247 1580331704
gatling2.BurnAfter.acc.afterburner.allRequests.all.percentiles50 8 1580331704
gatling2.BurnAfter.acc.afterburner.allRequests.all.percentiles75 559 1580331704
gatling2.BurnAfter.acc.afterburner.allRequests.all.percentiles95 559 1580331704
gatling2.BurnAfter.acc.afterburner.allRequests.all.percentiles99 559 1580331704

22:01:44.172 [DEBUG] i.g.g.s.TcpSender - All connection/sending retries have been exhausted, ignore further messages
22:01:44.202 [DEBUG] i.g.h.e.t.HttpTxExecutor - Sending request=simple_mini_leak uri=http://localhost:8080/memory/grow?objects=8&items=54: scenario=Acceptance test, userId=137
22:01:44.202 [DEBUG] i.g.h.c.i.HttpAppHandler - Write request WritableRequest{request=DefaultFullHttpRequest(decodeResult: success, version: HTTP/1.1, content: UnpooledByteBufAllocator$InstrumentedUnpooledUnsafeHeapByteBuf(ridx: 0, widx: 0, cap: 0))
GET /memory/grow?objects=8&items=54 HTTP/1.1
Accept: */*
Content-Type: application/json;charset=UTF-8
Accept-Language: en-US,en;q=0.8,nl;q=0.6
User-Agent: Mozilla/5.0 (Windows NT 6.1; WOW64) AppleWebKit/537.36 (KHTML, like Gecko) Chrome/38.0.2125.111 Safari/537.36
accept-encoding: gzip,deflate,sdch
host: localhost:8080, content=null}
22:01:44.204 [DEBUG] i.g.h.c.i.HttpAppHandler - Read msg='DefaultHttpResponse(decodeResult: success, version: HTTP/1.1)
HTTP/1.1 200 
Content-Type: application/json;charset=UTF-8
Transfer-Encoding: chunked
Date: Wed, 29 Jan 2020 21:01:44 GMT'
22:01:44.204 [DEBUG] i.g.h.c.i.HttpAppHandler - Read msg='DefaultHttpContent(data: PooledSlicedByteBuf(ridx: 0, widx: 144, cap: 144/144, unwrapped: PooledUnsafeDirectByteBuf(ridx: 278, widx: 283, cap: 512)), decoderResult: success)'
22:01:44.204 [DEBUG] i.g.h.c.i.HttpAppHandler - Read msg='EmptyLastHttpContent'
22:01:44.205 [TRACE] i.g.h.e.r.DefaultStatsProcessor - 
>>>>>>>>>>>>>>>>>>>>>>>>>>
Request:
simple_mini_leak: OK 
=========================
Session:
Session(Acceptance test,137,1580331687551,Map(gatling.http.ssl.sslContexts -> SslContexts(io.netty.handler.ssl.JdkSslContext@2a4a9302,None), gatling.http.cache.dns -> io.gatling.http.cache.DnsCacheSupport$$anon$1@5898ac4b, gatling.http.cache.baseUrl -> http://localhost:8080),16,OK,List(),io.gatling.core.protocol.ProtocolComponentsRegistry$$Lambda$598/0x000000084055d840@452b12e)
=========================
HTTP request:
GET http://localhost:8080/memory/grow?objects=8&items=54
headers=
Accept: */*
Content-Type: application/json;charset=UTF-8
Accept-Language: en-US,en;q=0.8,nl;q=0.6
User-Agent: Mozilla/5.0 (Windows NT 6.1; WOW64) AppleWebKit/537.36 (KHTML, like Gecko) Chrome/38.0.2125.111 Safari/537.36
accept-encoding: gzip,deflate,sdch
host: localhost:8080
=========================
HTTP response:
status=
200 
headers= 
Content-Type: application/json;charset=UTF-8
Transfer-Encoding: chunked
Date: Wed, 29 Jan 2020 21:01:44 GMT

body=
{"message":"Size of BigFatBastard list is now 12272 objects. It contains 662688 items.","name":"Simple-PropertiesFileName","durationInMillis":2}
<<<<<<<<<<<<<<<<<<<<<<<<<
22:01:44.205 [DEBUG] i.g.c.a.Pause - Pausing for 47ms (real=30ms)
22:01:44.251 [DEBUG] i.g.h.e.t.HttpTxExecutor - Sending request=upload-file uri=http://localhost:8080/files/upload: scenario=Acceptance test, userId=137
22:01:44.252 [DEBUG] i.g.h.c.i.HttpAppHandler - Write request WritableRequest{request=DefaultHttpRequest(decodeResult: success, version: HTTP/1.1)
POST /files/upload HTTP/1.1
Accept: */*
Accept-Language: en-US,en;q=0.8,nl;q=0.6
User-Agent: Mozilla/5.0 (Windows NT 6.1; WOW64) AppleWebKit/537.36 (KHTML, like Gecko) Chrome/38.0.2125.111 Safari/537.36
accept-encoding: gzip,deflate,sdch
host: localhost:8080
content-type: multipart/form-data; boundary=xvuebuJBqL2AujLrGR7MEbWrYk_CXQ5KknM
content-length: 220, content=io.gatling.http.client.body.multipart.impl.MultipartFileRegion@46873ca}
22:01:44.253 [DEBUG] i.g.h.c.i.HttpAppHandler - Read msg='DefaultHttpResponse(decodeResult: success, version: HTTP/1.1)
HTTP/1.1 200 
Content-Type: text/plain;charset=UTF-8
Content-Length: 62
Date: Wed, 29 Jan 2020 21:01:44 GMT'
22:01:44.253 [DEBUG] i.g.h.c.i.HttpAppHandler - Read msg='DefaultLastHttpContent(data: PooledSlicedByteBuf(ridx: 0, widx: 62, cap: 62/62, unwrapped: PooledUnsafeDirectByteBuf(ridx: 176, widx: 176, cap: 496)), decoderResult: success)'
22:01:44.253 [TRACE] i.g.h.e.r.DefaultStatsProcessor - 
>>>>>>>>>>>>>>>>>>>>>>>>>>
Request:
upload-file: OK 
=========================
Session:
Session(Acceptance test,137,1580331687551,Map(gatling.http.ssl.sslContexts -> SslContexts(io.netty.handler.ssl.JdkSslContext@2a4a9302,None), gatling.http.cache.dns -> io.gatling.http.cache.DnsCacheSupport$$anon$1@5898ac4b, gatling.http.cache.baseUrl -> http://localhost:8080),16,OK,List(),io.gatling.core.protocol.ProtocolComponentsRegistry$$Lambda$598/0x000000084055d840@452b12e)
=========================
HTTP request:
POST http://localhost:8080/files/upload
headers=
Accept: */*
Accept-Language: en-US,en;q=0.8,nl;q=0.6
User-Agent: Mozilla/5.0 (Windows NT 6.1; WOW64) AppleWebKit/537.36 (KHTML, like Gecko) Chrome/38.0.2125.111 Safari/537.36
accept-encoding: gzip,deflate,sdch
host: localhost:8080
content-type: multipart/form-data; boundary=xvuebuJBqL2AujLrGR7MEbWrYk_CXQ5KknM
content-length: 220
multipartBody=
ByteArrayPart: name=upload contentType=text/plain dispositionType=null charset=UTF-8 transferEncoding=null contentId=null filename=gatling-upload.txt
=========================
HTTP response:
status=
200 
headers= 
Content-Type: text/plain;charset=UTF-8
Content-Length: 62
Date: Wed, 29 Jan 2020 21:01:44 GMT

body=
File upload succeeded [gatling-upload.txt] of size [17] bytes.
<<<<<<<<<<<<<<<<<<<<<<<<<
22:01:44.254 [DEBUG] i.g.c.a.Exit - End user #137
22:01:44.254 [DEBUG] i.g.c.c.i.Injector - End user #137
22:01:44.342 [DEBUG] i.g.h.e.t.HttpTxExecutor - Sending request=simple_mini_leak uri=http://localhost:8080/memory/grow?objects=8&items=54: scenario=Acceptance test, userId=165
22:01:44.342 [DEBUG] i.g.h.c.i.HttpAppHandler - Write request WritableRequest{request=DefaultFullHttpRequest(decodeResult: success, version: HTTP/1.1, content: UnpooledByteBufAllocator$InstrumentedUnpooledUnsafeHeapByteBuf(ridx: 0, widx: 0, cap: 0))
GET /memory/grow?objects=8&items=54 HTTP/1.1
Accept: */*
Content-Type: application/json;charset=UTF-8
Accept-Language: en-US,en;q=0.8,nl;q=0.6
User-Agent: Mozilla/5.0 (Windows NT 6.1; WOW64) AppleWebKit/537.36 (KHTML, like Gecko) Chrome/38.0.2125.111 Safari/537.36
accept-encoding: gzip,deflate,sdch
host: localhost:8080, content=null}
22:01:44.345 [DEBUG] i.g.h.c.i.HttpAppHandler - Read msg='DefaultHttpResponse(decodeResult: success, version: HTTP/1.1)
HTTP/1.1 200 
Content-Type: application/json;charset=UTF-8
Transfer-Encoding: chunked
Date: Wed, 29 Jan 2020 21:01:44 GMT'
22:01:44.345 [DEBUG] i.g.h.c.i.HttpAppHandler - Read msg='DefaultHttpContent(data: PooledSlicedByteBuf(ridx: 0, widx: 144, cap: 144/144, unwrapped: PooledUnsafeDirectByteBuf(ridx: 278, widx: 283, cap: 512)), decoderResult: success)'
22:01:44.345 [DEBUG] i.g.h.c.i.HttpAppHandler - Read msg='EmptyLastHttpContent'
22:01:44.345 [TRACE] i.g.h.e.r.DefaultStatsProcessor - 
>>>>>>>>>>>>>>>>>>>>>>>>>>
Request:
simple_mini_leak: OK 
=========================
Session:
Session(Acceptance test,165,1580331701551,Map(gatling.http.ssl.sslContexts -> SslContexts(io.netty.handler.ssl.JdkSslContext@515f5fde,None), gatling.http.cache.dns -> io.gatling.http.cache.DnsCacheSupport$$anon$1@5898ac4b, gatling.http.cache.baseUrl -> http://localhost:8080),21,OK,List(),io.gatling.core.protocol.ProtocolComponentsRegistry$$Lambda$598/0x000000084055d840@452b12e)
=========================
HTTP request:
GET http://localhost:8080/memory/grow?objects=8&items=54
headers=
Accept: */*
Content-Type: application/json;charset=UTF-8
Accept-Language: en-US,en;q=0.8,nl;q=0.6
User-Agent: Mozilla/5.0 (Windows NT 6.1; WOW64) AppleWebKit/537.36 (KHTML, like Gecko) Chrome/38.0.2125.111 Safari/537.36
accept-encoding: gzip,deflate,sdch
host: localhost:8080
=========================
HTTP response:
status=
200 
headers= 
Content-Type: application/json;charset=UTF-8
Transfer-Encoding: chunked
Date: Wed, 29 Jan 2020 21:01:44 GMT

body=
{"message":"Size of BigFatBastard list is now 12280 objects. It contains 663120 items.","name":"Simple-PropertiesFileName","durationInMillis":1}
<<<<<<<<<<<<<<<<<<<<<<<<<
22:01:44.345 [DEBUG] i.g.c.a.Pause - Pausing for 539ms (real=518ms)
22:01:44.451 [DEBUG] i.g.h.e.t.HttpTxExecutor - Sending request=simple_delay uri=http://localhost:8080/delay?duration=555: scenario=Acceptance test, userId=167
22:01:44.451 [DEBUG] i.g.h.c.i.HttpAppHandler - Write request WritableRequest{request=DefaultFullHttpRequest(decodeResult: success, version: HTTP/1.1, content: UnpooledByteBufAllocator$InstrumentedUnpooledUnsafeHeapByteBuf(ridx: 0, widx: 0, cap: 0))
GET /delay?duration=555 HTTP/1.1
Accept: */*
Content-Type: application/json;charset=UTF-8
Accept-Language: en-US,en;q=0.8,nl;q=0.6
User-Agent: Mozilla/5.0 (Windows NT 6.1; WOW64) AppleWebKit/537.36 (KHTML, like Gecko) Chrome/38.0.2125.111 Safari/537.36
accept-encoding: gzip,deflate,sdch
host: localhost:8080, content=null}
22:01:44.551 [DEBUG] i.g.h.e.t.HttpTxExecutor - Sending request=simple_cpu_burn uri=http://localhost:8080/cpu/magic-identity-check?matrixSize=133: scenario=Acceptance test, userId=171
22:01:44.551 [DEBUG] i.g.c.c.i.o.OpenWorkload - Injecting 2 users in scenario Acceptance test, continue=true
22:01:44.551 [DEBUG] i.g.c.c.i.o.OpenWorkload - Start user #171
22:01:44.552 [DEBUG] i.g.h.c.i.HttpAppHandler - Write request WritableRequest{request=DefaultFullHttpRequest(decodeResult: success, version: HTTP/1.1, content: UnpooledByteBufAllocator$InstrumentedUnpooledUnsafeHeapByteBuf(ridx: 0, widx: 0, cap: 0))
GET /cpu/magic-identity-check?matrixSize=133 HTTP/1.1
Accept: */*
Content-Type: application/json;charset=UTF-8
Accept-Language: en-US,en;q=0.8,nl;q=0.6
User-Agent: Mozilla/5.0 (Windows NT 6.1; WOW64) AppleWebKit/537.36 (KHTML, like Gecko) Chrome/38.0.2125.111 Safari/537.36
accept-encoding: gzip,deflate,sdch
host: localhost:8080, content=null}
22:01:44.555 [DEBUG] i.g.h.c.i.HttpAppHandler - Read msg='DefaultHttpResponse(decodeResult: success, version: HTTP/1.1)
HTTP/1.1 200 
Content-Type: application/json;charset=UTF-8
Transfer-Encoding: chunked
Date: Wed, 29 Jan 2020 21:01:44 GMT'
22:01:44.555 [DEBUG] i.g.h.c.i.HttpAppHandler - Read msg='DefaultHttpContent(data: PooledSlicedByteBuf(ridx: 0, widx: 170, cap: 170/170, unwrapped: PooledUnsafeDirectByteBuf(ridx: 304, widx: 304, cap: 1024)), decoderResult: success)'
22:01:44.555 [DEBUG] i.g.h.c.i.HttpAppHandler - Read msg='EmptyLastHttpContent'
22:01:44.555 [TRACE] i.g.h.e.r.DefaultStatsProcessor - 
>>>>>>>>>>>>>>>>>>>>>>>>>>
Request:
simple_cpu_burn: OK 
=========================
Session:
Session(Acceptance test,171,1580331704551,Map(gatling.http.ssl.sslContexts -> SslContexts(io.netty.handler.ssl.JdkSslContext@3dad5284,None), gatling.http.cache.dns -> io.gatling.http.cache.DnsCacheSupport$$anon$1@5898ac4b, gatling.http.cache.baseUrl -> http://localhost:8080),0,OK,List(),io.gatling.core.protocol.ProtocolComponentsRegistry$$Lambda$598/0x000000084055d840@452b12e)
=========================
HTTP request:
GET http://localhost:8080/cpu/magic-identity-check?matrixSize=133
headers=
Accept: */*
Content-Type: application/json;charset=UTF-8
Accept-Language: en-US,en;q=0.8,nl;q=0.6
User-Agent: Mozilla/5.0 (Windows NT 6.1; WOW64) AppleWebKit/537.36 (KHTML, like Gecko) Chrome/38.0.2125.111 Safari/537.36
accept-encoding: gzip,deflate,sdch
host: localhost:8080
=========================
HTTP response:
status=
200 
headers= 
Content-Type: application/json;charset=UTF-8
Transfer-Encoding: chunked
Date: Wed, 29 Jan 2020 21:01:44 GMT

body=
{"message":"A simple magic square multiplied by an identity square of size [133] [is equal] to the magic square.","name":"Simple-PropertiesFileName","durationInMillis":2}
<<<<<<<<<<<<<<<<<<<<<<<<<
22:01:44.556 [DEBUG] i.g.c.a.Pause - Pausing for 1325ms (real=1325ms)
22:01:44.728 [DEBUG] i.g.h.c.i.HttpAppHandler - Read msg='DefaultHttpResponse(decodeResult: success, version: HTTP/1.1)
HTTP/1.1 200 
Content-Type: application/json;charset=UTF-8
Transfer-Encoding: chunked
Date: Wed, 29 Jan 2020 21:01:44 GMT'
22:01:44.728 [DEBUG] i.g.h.c.i.HttpAppHandler - Read msg='DefaultHttpContent(data: PooledSlicedByteBuf(ridx: 0, widx: 95, cap: 95/95, unwrapped: PooledUnsafeDirectByteBuf(ridx: 229, widx: 229, cap: 512)), decoderResult: success)'
22:01:44.728 [DEBUG] i.g.h.c.i.HttpAppHandler - Read msg='EmptyLastHttpContent'
22:01:44.729 [TRACE] i.g.h.e.r.DefaultStatsProcessor - 
>>>>>>>>>>>>>>>>>>>>>>>>>>
Request:
simple_delay: OK 
=========================
Session:
Session(Acceptance test,169,1580331703552,Map(gatling.http.ssl.sslContexts -> SslContexts(io.netty.handler.ssl.JdkSslContext@1a0dfafb,None), gatling.http.cache.dns -> io.gatling.http.cache.DnsCacheSupport$$anon$1@5898ac4b, gatling.http.cache.baseUrl -> http://localhost:8080),17,OK,List(),io.gatling.core.protocol.ProtocolComponentsRegistry$$Lambda$598/0x000000084055d840@452b12e)
=========================
HTTP request:
GET http://localhost:8080/delay?duration=555
headers=
Accept: */*
Content-Type: application/json;charset=UTF-8
Accept-Language: en-US,en;q=0.8,nl;q=0.6
User-Agent: Mozilla/5.0 (Windows NT 6.1; WOW64) AppleWebKit/537.36 (KHTML, like Gecko) Chrome/38.0.2125.111 Safari/537.36
accept-encoding: gzip,deflate,sdch
host: localhost:8080
=========================
HTTP response:
status=
200 
headers= 
Content-Type: application/json;charset=UTF-8
Transfer-Encoding: chunked
Date: Wed, 29 Jan 2020 21:01:44 GMT

body=
{"message":"This was a delay of 555","name":"Simple-PropertiesFileName","durationInMillis":555}
<<<<<<<<<<<<<<<<<<<<<<<<<
22:01:44.729 [DEBUG] i.g.c.a.Pause - Pausing for 892ms (real=874ms)
22:01:44.882 [DEBUG] i.g.h.e.t.HttpTxExecutor - Sending request=upload-file uri=http://localhost:8080/files/upload: scenario=Acceptance test, userId=165
22:01:44.882 [DEBUG] i.g.h.c.i.HttpAppHandler - Write request WritableRequest{request=DefaultHttpRequest(decodeResult: success, version: HTTP/1.1)
POST /files/upload HTTP/1.1
Accept: */*
Accept-Language: en-US,en;q=0.8,nl;q=0.6
User-Agent: Mozilla/5.0 (Windows NT 6.1; WOW64) AppleWebKit/537.36 (KHTML, like Gecko) Chrome/38.0.2125.111 Safari/537.36
accept-encoding: gzip,deflate,sdch
host: localhost:8080
content-type: multipart/form-data; boundary=md_fbxETa-5mgKYvnNPzyaE83uNAr3Lxf6Z
content-length: 220, content=io.gatling.http.client.body.multipart.impl.MultipartFileRegion@47fd16e9}
22:01:44.883 [DEBUG] i.g.h.c.i.HttpAppHandler - Read msg='DefaultHttpResponse(decodeResult: success, version: HTTP/1.1)
HTTP/1.1 200 
Content-Type: text/plain;charset=UTF-8
Content-Length: 62
Date: Wed, 29 Jan 2020 21:01:44 GMT'
22:01:44.883 [DEBUG] i.g.h.c.i.HttpAppHandler - Read msg='DefaultLastHttpContent(data: PooledSlicedByteBuf(ridx: 0, widx: 62, cap: 62/62, unwrapped: PooledUnsafeDirectByteBuf(ridx: 176, widx: 176, cap: 496)), decoderResult: success)'
22:01:44.884 [TRACE] i.g.h.e.r.DefaultStatsProcessor - 
>>>>>>>>>>>>>>>>>>>>>>>>>>
Request:
upload-file: OK 
=========================
Session:
Session(Acceptance test,165,1580331701551,Map(gatling.http.ssl.sslContexts -> SslContexts(io.netty.handler.ssl.JdkSslContext@515f5fde,None), gatling.http.cache.dns -> io.gatling.http.cache.DnsCacheSupport$$anon$1@5898ac4b, gatling.http.cache.baseUrl -> http://localhost:8080),18,OK,List(),io.gatling.core.protocol.ProtocolComponentsRegistry$$Lambda$598/0x000000084055d840@452b12e)
=========================
HTTP request:
POST http://localhost:8080/files/upload
headers=
Accept: */*
Accept-Language: en-US,en;q=0.8,nl;q=0.6
User-Agent: Mozilla/5.0 (Windows NT 6.1; WOW64) AppleWebKit/537.36 (KHTML, like Gecko) Chrome/38.0.2125.111 Safari/537.36
accept-encoding: gzip,deflate,sdch
host: localhost:8080
content-type: multipart/form-data; boundary=md_fbxETa-5mgKYvnNPzyaE83uNAr3Lxf6Z
content-length: 220
multipartBody=
ByteArrayPart: name=upload contentType=text/plain dispositionType=null charset=UTF-8 transferEncoding=null contentId=null filename=gatling-upload.txt
=========================
HTTP response:
status=
200 
headers= 
Content-Type: text/plain;charset=UTF-8
Content-Length: 62
Date: Wed, 29 Jan 2020 21:01:44 GMT

body=
File upload succeeded [gatling-upload.txt] of size [17] bytes.
<<<<<<<<<<<<<<<<<<<<<<<<<
22:01:44.884 [DEBUG] i.g.c.a.Exit - End user #165
22:01:44.884 [DEBUG] i.g.c.c.i.Injector - End user #165
22:01:45.002 [DEBUG] i.g.h.e.t.HttpTxExecutor - Sending request=simple_delay uri=http://localhost:8080/delay?duration=555: scenario=Acceptance test, userId=166
22:01:45.002 [DEBUG] i.g.h.c.i.HttpAppHandler - Write request WritableRequest{request=DefaultFullHttpRequest(decodeResult: success, version: HTTP/1.1, content: UnpooledByteBufAllocator$InstrumentedUnpooledUnsafeHeapByteBuf(ridx: 0, widx: 0, cap: 0))
GET /delay?duration=555 HTTP/1.1
Accept: */*
Content-Type: application/json;charset=UTF-8
Accept-Language: en-US,en;q=0.8,nl;q=0.6
User-Agent: Mozilla/5.0 (Windows NT 6.1; WOW64) AppleWebKit/537.36 (KHTML, like Gecko) Chrome/38.0.2125.111 Safari/537.36
accept-encoding: gzip,deflate,sdch
host: localhost:8080, content=null}
22:01:45.007 [DEBUG] i.g.h.c.i.HttpAppHandler - Read msg='DefaultHttpResponse(decodeResult: success, version: HTTP/1.1)
HTTP/1.1 200 
Content-Type: application/json;charset=UTF-8
Transfer-Encoding: chunked
Date: Wed, 29 Jan 2020 21:01:44 GMT'
22:01:45.007 [DEBUG] i.g.h.c.i.HttpAppHandler - Read msg='DefaultHttpContent(data: PooledSlicedByteBuf(ridx: 0, widx: 95, cap: 95/95, unwrapped: PooledUnsafeDirectByteBuf(ridx: 229, widx: 229, cap: 512)), decoderResult: success)'
22:01:45.007 [DEBUG] i.g.h.c.i.HttpAppHandler - Read msg='EmptyLastHttpContent'
22:01:45.008 [TRACE] i.g.h.e.r.DefaultStatsProcessor - 
>>>>>>>>>>>>>>>>>>>>>>>>>>
Request:
simple_delay: OK 
=========================
Session:
Session(Acceptance test,167,1580331702551,Map(gatling.http.ssl.sslContexts -> SslContexts(io.netty.handler.ssl.JdkSslContext@58507621,None), gatling.http.cache.dns -> io.gatling.http.cache.DnsCacheSupport$$anon$1@5898ac4b, gatling.http.cache.baseUrl -> http://localhost:8080),25,OK,List(),io.gatling.core.protocol.ProtocolComponentsRegistry$$Lambda$598/0x000000084055d840@452b12e)
=========================
HTTP request:
GET http://localhost:8080/delay?duration=555
headers=
Accept: */*
Content-Type: application/json;charset=UTF-8
Accept-Language: en-US,en;q=0.8,nl;q=0.6
User-Agent: Mozilla/5.0 (Windows NT 6.1; WOW64) AppleWebKit/537.36 (KHTML, like Gecko) Chrome/38.0.2125.111 Safari/537.36
accept-encoding: gzip,deflate,sdch
host: localhost:8080
=========================
HTTP response:
status=
200 
headers= 
Content-Type: application/json;charset=UTF-8
Transfer-Encoding: chunked
Date: Wed, 29 Jan 2020 21:01:44 GMT

body=
{"message":"This was a delay of 555","name":"Simple-PropertiesFileName","durationInMillis":555}
<<<<<<<<<<<<<<<<<<<<<<<<<
22:01:45.008 [DEBUG] i.g.c.a.Pause - Pausing for 1172ms (real=1146ms)
22:01:45.012 [DEBUG] i.g.h.e.t.HttpTxExecutor - Sending request=upload-file uri=http://localhost:8080/files/upload: scenario=Acceptance test, userId=151
22:01:45.012 [DEBUG] i.g.h.c.i.HttpAppHandler - Write request WritableRequest{request=DefaultHttpRequest(decodeResult: success, version: HTTP/1.1)
POST /files/upload HTTP/1.1
Accept: */*
Accept-Language: en-US,en;q=0.8,nl;q=0.6
User-Agent: Mozilla/5.0 (Windows NT 6.1; WOW64) AppleWebKit/537.36 (KHTML, like Gecko) Chrome/38.0.2125.111 Safari/537.36
accept-encoding: gzip,deflate,sdch
host: localhost:8080
content-type: multipart/form-data; boundary=eoCY7Zzgnl1tDh0ST-6jt3B1pduc-mKTSSI
content-length: 220, content=io.gatling.http.client.body.multipart.impl.MultipartFileRegion@146a39bd}
22:01:45.014 [DEBUG] i.g.h.c.i.HttpAppHandler - Read msg='DefaultHttpResponse(decodeResult: success, version: HTTP/1.1)
HTTP/1.1 200 
Content-Type: text/plain;charset=UTF-8
Content-Length: 62
Date: Wed, 29 Jan 2020 21:01:44 GMT'
22:01:45.014 [DEBUG] i.g.h.c.i.HttpAppHandler - Read msg='DefaultLastHttpContent(data: PooledSlicedByteBuf(ridx: 0, widx: 62, cap: 62/62, unwrapped: PooledUnsafeDirectByteBuf(ridx: 176, widx: 176, cap: 496)), decoderResult: success)'
22:01:45.014 [TRACE] i.g.h.e.r.DefaultStatsProcessor - 
>>>>>>>>>>>>>>>>>>>>>>>>>>
Request:
upload-file: OK 
=========================
Session:
Session(Acceptance test,151,1580331694552,Map(gatling.http.ssl.sslContexts -> SslContexts(io.netty.handler.ssl.JdkSslContext@131baa34,None), gatling.http.cache.dns -> io.gatling.http.cache.DnsCacheSupport$$anon$1@5898ac4b, gatling.http.cache.baseUrl -> http://localhost:8080),19,OK,List(),io.gatling.core.protocol.ProtocolComponentsRegistry$$Lambda$598/0x000000084055d840@452b12e)
=========================
HTTP request:
POST http://localhost:8080/files/upload
headers=
Accept: */*
Accept-Language: en-US,en;q=0.8,nl;q=0.6
User-Agent: Mozilla/5.0 (Windows NT 6.1; WOW64) AppleWebKit/537.36 (KHTML, like Gecko) Chrome/38.0.2125.111 Safari/537.36
accept-encoding: gzip,deflate,sdch
host: localhost:8080
content-type: multipart/form-data; boundary=eoCY7Zzgnl1tDh0ST-6jt3B1pduc-mKTSSI
content-length: 220
multipartBody=
ByteArrayPart: name=upload contentType=text/plain dispositionType=null charset=UTF-8 transferEncoding=null contentId=null filename=gatling-upload.txt
=========================
HTTP response:
status=
200 
headers= 
Content-Type: text/plain;charset=UTF-8
Content-Length: 62
Date: Wed, 29 Jan 2020 21:01:44 GMT

body=
File upload succeeded [gatling-upload.txt] of size [17] bytes.
<<<<<<<<<<<<<<<<<<<<<<<<<
22:01:45.014 [DEBUG] i.g.c.a.Exit - End user #151
22:01:45.014 [DEBUG] i.g.c.c.i.Injector - End user #151
22:01:45.051 [DEBUG] i.g.h.e.t.HttpTxExecutor - Sending request=simple_cpu_burn uri=http://localhost:8080/cpu/magic-identity-check?matrixSize=133: scenario=Acceptance test, userId=172
22:01:45.051 [DEBUG] i.g.c.c.i.o.OpenWorkload - Start user #172
22:01:45.052 [DEBUG] i.g.h.c.i.HttpAppHandler - Write request WritableRequest{request=DefaultFullHttpRequest(decodeResult: success, version: HTTP/1.1, content: UnpooledByteBufAllocator$InstrumentedUnpooledUnsafeHeapByteBuf(ridx: 0, widx: 0, cap: 0))
GET /cpu/magic-identity-check?matrixSize=133 HTTP/1.1
Accept: */*
Content-Type: application/json;charset=UTF-8
Accept-Language: en-US,en;q=0.8,nl;q=0.6
User-Agent: Mozilla/5.0 (Windows NT 6.1; WOW64) AppleWebKit/537.36 (KHTML, like Gecko) Chrome/38.0.2125.111 Safari/537.36
accept-encoding: gzip,deflate,sdch
host: localhost:8080, content=null}
22:01:45.056 [DEBUG] i.g.h.c.i.HttpAppHandler - Read msg='DefaultHttpResponse(decodeResult: success, version: HTTP/1.1)
HTTP/1.1 200 
Content-Type: application/json;charset=UTF-8
Transfer-Encoding: chunked
Date: Wed, 29 Jan 2020 21:01:44 GMT'
22:01:45.056 [DEBUG] i.g.h.c.i.HttpAppHandler - Read msg='DefaultHttpContent(data: PooledSlicedByteBuf(ridx: 0, widx: 170, cap: 170/170, unwrapped: PooledUnsafeDirectByteBuf(ridx: 304, widx: 304, cap: 1024)), decoderResult: success)'
22:01:45.057 [DEBUG] i.g.h.c.i.HttpAppHandler - Read msg='EmptyLastHttpContent'
22:01:45.057 [TRACE] i.g.h.e.r.DefaultStatsProcessor - 
>>>>>>>>>>>>>>>>>>>>>>>>>>
Request:
simple_cpu_burn: OK 
=========================
Session:
Session(Acceptance test,172,1580331705051,Map(gatling.http.ssl.sslContexts -> SslContexts(io.netty.handler.ssl.JdkSslContext@76cb64e2,None), gatling.http.cache.dns -> io.gatling.http.cache.DnsCacheSupport$$anon$1@5898ac4b, gatling.http.cache.baseUrl -> http://localhost:8080),0,OK,List(),io.gatling.core.protocol.ProtocolComponentsRegistry$$Lambda$598/0x000000084055d840@452b12e)
=========================
HTTP request:
GET http://localhost:8080/cpu/magic-identity-check?matrixSize=133
headers=
Accept: */*
Content-Type: application/json;charset=UTF-8
Accept-Language: en-US,en;q=0.8,nl;q=0.6
User-Agent: Mozilla/5.0 (Windows NT 6.1; WOW64) AppleWebKit/537.36 (KHTML, like Gecko) Chrome/38.0.2125.111 Safari/537.36
accept-encoding: gzip,deflate,sdch
host: localhost:8080
=========================
HTTP response:
status=
200 
headers= 
Content-Type: application/json;charset=UTF-8
Transfer-Encoding: chunked
Date: Wed, 29 Jan 2020 21:01:44 GMT

body=
{"message":"A simple magic square multiplied by an identity square of size [133] [is equal] to the magic square.","name":"Simple-PropertiesFileName","durationInMillis":3}
<<<<<<<<<<<<<<<<<<<<<<<<<
22:01:45.057 [DEBUG] i.g.c.a.Pause - Pausing for 2055ms (real=2055ms)
22:01:45.222 [DEBUG] i.g.h.e.t.HttpTxExecutor - Sending request=simple_mini_leak uri=http://localhost:8080/memory/grow?objects=8&items=54: scenario=Acceptance test, userId=131
22:01:45.222 [DEBUG] i.g.h.c.i.HttpAppHandler - Write request WritableRequest{request=DefaultFullHttpRequest(decodeResult: success, version: HTTP/1.1, content: UnpooledByteBufAllocator$InstrumentedUnpooledUnsafeHeapByteBuf(ridx: 0, widx: 0, cap: 0))
GET /memory/grow?objects=8&items=54 HTTP/1.1
Accept: */*
Content-Type: application/json;charset=UTF-8
Accept-Language: en-US,en;q=0.8,nl;q=0.6
User-Agent: Mozilla/5.0 (Windows NT 6.1; WOW64) AppleWebKit/537.36 (KHTML, like Gecko) Chrome/38.0.2125.111 Safari/537.36
accept-encoding: gzip,deflate,sdch
host: localhost:8080, content=null}
22:01:45.222 [DEBUG] i.g.h.e.t.HttpTxExecutor - Sending request=upload-file uri=http://localhost:8080/files/upload: scenario=Acceptance test, userId=144
22:01:45.222 [DEBUG] i.g.h.c.i.HttpAppHandler - Write request WritableRequest{request=DefaultHttpRequest(decodeResult: success, version: HTTP/1.1)
POST /files/upload HTTP/1.1
Accept: */*
Accept-Language: en-US,en;q=0.8,nl;q=0.6
User-Agent: Mozilla/5.0 (Windows NT 6.1; WOW64) AppleWebKit/537.36 (KHTML, like Gecko) Chrome/38.0.2125.111 Safari/537.36
accept-encoding: gzip,deflate,sdch
host: localhost:8080
content-type: multipart/form-data; boundary=1qAfUzsec1cYse35Ztd_7MkT_EuFKpcwzqc
content-length: 220, content=io.gatling.http.client.body.multipart.impl.MultipartFileRegion@3490bfd9}
22:01:45.224 [DEBUG] i.g.h.c.i.HttpAppHandler - Read msg='DefaultHttpResponse(decodeResult: success, version: HTTP/1.1)
HTTP/1.1 200 
Content-Type: text/plain;charset=UTF-8
Content-Length: 62
Date: Wed, 29 Jan 2020 21:01:45 GMT'
22:01:45.224 [DEBUG] i.g.h.c.i.HttpAppHandler - Read msg='DefaultLastHttpContent(data: PooledSlicedByteBuf(ridx: 0, widx: 62, cap: 62/62, unwrapped: PooledUnsafeDirectByteBuf(ridx: 176, widx: 176, cap: 496)), decoderResult: success)'
22:01:45.225 [TRACE] i.g.h.e.r.DefaultStatsProcessor - 
>>>>>>>>>>>>>>>>>>>>>>>>>>
Request:
upload-file: OK 
=========================
Session:
Session(Acceptance test,144,1580331691051,Map(gatling.http.ssl.sslContexts -> SslContexts(io.netty.handler.ssl.JdkSslContext@4ecc358a,None), gatling.http.cache.dns -> io.gatling.http.cache.DnsCacheSupport$$anon$1@5898ac4b, gatling.http.cache.baseUrl -> http://localhost:8080),24,OK,List(),io.gatling.core.protocol.ProtocolComponentsRegistry$$Lambda$598/0x000000084055d840@452b12e)
=========================
HTTP request:
POST http://localhost:8080/files/upload
headers=
Accept: */*
Accept-Language: en-US,en;q=0.8,nl;q=0.6
User-Agent: Mozilla/5.0 (Windows NT 6.1; WOW64) AppleWebKit/537.36 (KHTML, like Gecko) Chrome/38.0.2125.111 Safari/537.36
accept-encoding: gzip,deflate,sdch
host: localhost:8080
content-type: multipart/form-data; boundary=1qAfUzsec1cYse35Ztd_7MkT_EuFKpcwzqc
content-length: 220
multipartBody=
ByteArrayPart: name=upload contentType=text/plain dispositionType=null charset=UTF-8 transferEncoding=null contentId=null filename=gatling-upload.txt
=========================
HTTP response:
status=
200 
headers= 
Content-Type: text/plain;charset=UTF-8
Content-Length: 62
Date: Wed, 29 Jan 2020 21:01:45 GMT

body=
File upload succeeded [gatling-upload.txt] of size [17] bytes.
<<<<<<<<<<<<<<<<<<<<<<<<<
22:01:45.225 [DEBUG] i.g.c.a.Exit - End user #144
22:01:45.225 [DEBUG] i.g.c.c.i.Injector - End user #144
22:01:45.226 [DEBUG] i.g.h.c.i.HttpAppHandler - Read msg='DefaultHttpResponse(decodeResult: success, version: HTTP/1.1)
HTTP/1.1 200 
Content-Type: application/json;charset=UTF-8
Transfer-Encoding: chunked
Date: Wed, 29 Jan 2020 21:01:45 GMT'
22:01:45.226 [DEBUG] i.g.h.c.i.HttpAppHandler - Read msg='DefaultHttpContent(data: PooledSlicedByteBuf(ridx: 0, widx: 144, cap: 144/144, unwrapped: PooledUnsafeDirectByteBuf(ridx: 278, widx: 278, cap: 512)), decoderResult: success)'
22:01:45.226 [DEBUG] i.g.h.c.i.HttpAppHandler - Read msg='EmptyLastHttpContent'
22:01:45.226 [TRACE] i.g.h.e.r.DefaultStatsProcessor - 
>>>>>>>>>>>>>>>>>>>>>>>>>>
Request:
simple_mini_leak: OK 
=========================
Session:
Session(Acceptance test,131,1580331684551,Map(gatling.http.ssl.sslContexts -> SslContexts(io.netty.handler.ssl.JdkSslContext@2600fbfd,None), gatling.http.cache.dns -> io.gatling.http.cache.DnsCacheSupport$$anon$1@5898ac4b, gatling.http.cache.baseUrl -> http://localhost:8080),17,OK,List(),io.gatling.core.protocol.ProtocolComponentsRegistry$$Lambda$598/0x000000084055d840@452b12e)
=========================
HTTP request:
GET http://localhost:8080/memory/grow?objects=8&items=54
headers=
Accept: */*
Content-Type: application/json;charset=UTF-8
Accept-Language: en-US,en;q=0.8,nl;q=0.6
User-Agent: Mozilla/5.0 (Windows NT 6.1; WOW64) AppleWebKit/537.36 (KHTML, like Gecko) Chrome/38.0.2125.111 Safari/537.36
accept-encoding: gzip,deflate,sdch
host: localhost:8080
=========================
HTTP response:
status=
200 
headers= 
Content-Type: application/json;charset=UTF-8
Transfer-Encoding: chunked
Date: Wed, 29 Jan 2020 21:01:45 GMT

body=
{"message":"Size of BigFatBastard list is now 12288 objects. It contains 663552 items.","name":"Simple-PropertiesFileName","durationInMillis":2}
<<<<<<<<<<<<<<<<<<<<<<<<<
22:01:45.226 [DEBUG] i.g.c.a.Pause - Pausing for 921ms (real=904ms)
22:01:45.251 [DEBUG] i.g.h.e.t.HttpTxExecutor - Sending request=simple_delay uri=http://localhost:8080/delay?duration=555: scenario=Acceptance test, userId=163
22:01:45.251 [DEBUG] i.g.h.c.i.HttpAppHandler - Write request WritableRequest{request=DefaultFullHttpRequest(decodeResult: success, version: HTTP/1.1, content: UnpooledByteBufAllocator$InstrumentedUnpooledUnsafeHeapByteBuf(ridx: 0, widx: 0, cap: 0))
GET /delay?duration=555 HTTP/1.1
Accept: */*
Content-Type: application/json;charset=UTF-8
Accept-Language: en-US,en;q=0.8,nl;q=0.6
User-Agent: Mozilla/5.0 (Windows NT 6.1; WOW64) AppleWebKit/537.36 (KHTML, like Gecko) Chrome/38.0.2125.111 Safari/537.36
accept-encoding: gzip,deflate,sdch
host: localhost:8080, content=null}
22:01:45.552 [DEBUG] i.g.c.c.i.o.OpenWorkload - Injecting 2 users in scenario Acceptance test, continue=true
22:01:45.552 [DEBUG] i.g.h.e.t.HttpTxExecutor - Sending request=simple_cpu_burn uri=http://localhost:8080/cpu/magic-identity-check?matrixSize=133: scenario=Acceptance test, userId=173
22:01:45.552 [DEBUG] i.g.c.c.i.o.OpenWorkload - Start user #173
22:01:45.553 [DEBUG] i.g.h.c.i.HttpAppHandler - Write request WritableRequest{request=DefaultFullHttpRequest(decodeResult: success, version: HTTP/1.1, content: UnpooledByteBufAllocator$InstrumentedUnpooledUnsafeHeapByteBuf(ridx: 0, widx: 0, cap: 0))
GET /cpu/magic-identity-check?matrixSize=133 HTTP/1.1
Accept: */*
Content-Type: application/json;charset=UTF-8
Accept-Language: en-US,en;q=0.8,nl;q=0.6
User-Agent: Mozilla/5.0 (Windows NT 6.1; WOW64) AppleWebKit/537.36 (KHTML, like Gecko) Chrome/38.0.2125.111 Safari/537.36
accept-encoding: gzip,deflate,sdch
host: localhost:8080, content=null}
22:01:45.559 [DEBUG] i.g.h.c.i.HttpAppHandler - Read msg='DefaultHttpResponse(decodeResult: success, version: HTTP/1.1)
HTTP/1.1 200 
Content-Type: application/json;charset=UTF-8
Transfer-Encoding: chunked
Date: Wed, 29 Jan 2020 21:01:45 GMT'
22:01:45.559 [DEBUG] i.g.h.c.i.HttpAppHandler - Read msg='DefaultHttpResponse(decodeResult: success, version: HTTP/1.1)
HTTP/1.1 200 
Content-Type: application/json;charset=UTF-8
Transfer-Encoding: chunked
Date: Wed, 29 Jan 2020 21:01:45 GMT'
22:01:45.559 [DEBUG] i.g.h.c.i.HttpAppHandler - Read msg='DefaultHttpContent(data: PooledSlicedByteBuf(ridx: 0, widx: 95, cap: 95/95, unwrapped: PooledUnsafeDirectByteBuf(ridx: 229, widx: 234, cap: 1024)), decoderResult: success)'
22:01:45.559 [DEBUG] i.g.h.c.i.HttpAppHandler - Read msg='DefaultHttpContent(data: PooledSlicedByteBuf(ridx: 0, widx: 170, cap: 170/170, unwrapped: PooledUnsafeDirectByteBuf(ridx: 304, widx: 309, cap: 1024)), decoderResult: success)'
22:01:45.559 [DEBUG] i.g.h.c.i.HttpAppHandler - Read msg='EmptyLastHttpContent'
22:01:45.559 [DEBUG] i.g.h.c.i.HttpAppHandler - Read msg='EmptyLastHttpContent'
22:01:45.559 [TRACE] i.g.h.e.r.DefaultStatsProcessor - 
>>>>>>>>>>>>>>>>>>>>>>>>>>
Request:
simple_delay: OK 
=========================
Session:
Session(Acceptance test,166,1580331702052,Map(gatling.http.ssl.sslContexts -> SslContexts(io.netty.handler.ssl.JdkSslContext@771843de,None), gatling.http.cache.dns -> io.gatling.http.cache.DnsCacheSupport$$anon$1@5898ac4b, gatling.http.cache.baseUrl -> http://localhost:8080),17,OK,List(),io.gatling.core.protocol.ProtocolComponentsRegistry$$Lambda$598/0x000000084055d840@452b12e)
=========================
HTTP request:
GET http://localhost:8080/delay?duration=555
headers=
Accept: */*
Content-Type: application/json;charset=UTF-8
Accept-Language: en-US,en;q=0.8,nl;q=0.6
User-Agent: Mozilla/5.0 (Windows NT 6.1; WOW64) AppleWebKit/537.36 (KHTML, like Gecko) Chrome/38.0.2125.111 Safari/537.36
accept-encoding: gzip,deflate,sdch
host: localhost:8080
=========================
HTTP response:
status=
200 
headers= 
Content-Type: application/json;charset=UTF-8
Transfer-Encoding: chunked
Date: Wed, 29 Jan 2020 21:01:45 GMT

body=
{"message":"This was a delay of 555","name":"Simple-PropertiesFileName","durationInMillis":555}
<<<<<<<<<<<<<<<<<<<<<<<<<
22:01:45.559 [TRACE] i.g.h.e.r.DefaultStatsProcessor - 
>>>>>>>>>>>>>>>>>>>>>>>>>>
Request:
simple_cpu_burn: OK 
=========================
Session:
Session(Acceptance test,173,1580331705552,Map(gatling.http.ssl.sslContexts -> SslContexts(io.netty.handler.ssl.JdkSslContext@79e68856,None), gatling.http.cache.dns -> io.gatling.http.cache.DnsCacheSupport$$anon$1@5898ac4b, gatling.http.cache.baseUrl -> http://localhost:8080),0,OK,List(),io.gatling.core.protocol.ProtocolComponentsRegistry$$Lambda$598/0x000000084055d840@452b12e)
=========================
HTTP request:
GET http://localhost:8080/cpu/magic-identity-check?matrixSize=133
headers=
Accept: */*
Content-Type: application/json;charset=UTF-8
Accept-Language: en-US,en;q=0.8,nl;q=0.6
User-Agent: Mozilla/5.0 (Windows NT 6.1; WOW64) AppleWebKit/537.36 (KHTML, like Gecko) Chrome/38.0.2125.111 Safari/537.36
accept-encoding: gzip,deflate,sdch
host: localhost:8080
=========================
HTTP response:
status=
200 
headers= 
Content-Type: application/json;charset=UTF-8
Transfer-Encoding: chunked
Date: Wed, 29 Jan 2020 21:01:45 GMT

body=
{"message":"A simple magic square multiplied by an identity square of size [133] [is equal] to the magic square.","name":"Simple-PropertiesFileName","durationInMillis":3}
<<<<<<<<<<<<<<<<<<<<<<<<<
22:01:45.559 [DEBUG] i.g.c.a.Pause - Pausing for 1927ms (real=1910ms)
22:01:45.559 [DEBUG] i.g.c.a.Pause - Pausing for 2155ms (real=2155ms)
22:01:45.622 [DEBUG] i.g.h.e.t.HttpTxExecutor - Sending request=simple_mini_leak uri=http://localhost:8080/memory/grow?objects=8&items=54: scenario=Acceptance test, userId=169
22:01:45.622 [DEBUG] i.g.h.c.i.HttpAppHandler - Write request WritableRequest{request=DefaultFullHttpRequest(decodeResult: success, version: HTTP/1.1, content: UnpooledByteBufAllocator$InstrumentedUnpooledUnsafeHeapByteBuf(ridx: 0, widx: 0, cap: 0))
GET /memory/grow?objects=8&items=54 HTTP/1.1
Accept: */*
Content-Type: application/json;charset=UTF-8
Accept-Language: en-US,en;q=0.8,nl;q=0.6
User-Agent: Mozilla/5.0 (Windows NT 6.1; WOW64) AppleWebKit/537.36 (KHTML, like Gecko) Chrome/38.0.2125.111 Safari/537.36
accept-encoding: gzip,deflate,sdch
host: localhost:8080, content=null}
22:01:45.627 [DEBUG] i.g.h.c.i.HttpAppHandler - Read msg='DefaultHttpResponse(decodeResult: success, version: HTTP/1.1)
HTTP/1.1 200 
Content-Type: application/json;charset=UTF-8
Transfer-Encoding: chunked
Date: Wed, 29 Jan 2020 21:01:45 GMT'
22:01:45.627 [DEBUG] i.g.h.c.i.HttpAppHandler - Read msg='DefaultHttpContent(data: PooledSlicedByteBuf(ridx: 0, widx: 144, cap: 144/144, unwrapped: PooledUnsafeDirectByteBuf(ridx: 278, widx: 283, cap: 496)), decoderResult: success)'
22:01:45.627 [DEBUG] i.g.h.c.i.HttpAppHandler - Read msg='EmptyLastHttpContent'
22:01:45.628 [TRACE] i.g.h.e.r.DefaultStatsProcessor - 
>>>>>>>>>>>>>>>>>>>>>>>>>>
Request:
simple_mini_leak: OK 
=========================
Session:
Session(Acceptance test,169,1580331703552,Map(gatling.http.ssl.sslContexts -> SslContexts(io.netty.handler.ssl.JdkSslContext@1a0dfafb,None), gatling.http.cache.dns -> io.gatling.http.cache.DnsCacheSupport$$anon$1@5898ac4b, gatling.http.cache.baseUrl -> http://localhost:8080),18,OK,List(),io.gatling.core.protocol.ProtocolComponentsRegistry$$Lambda$598/0x000000084055d840@452b12e)
=========================
HTTP request:
GET http://localhost:8080/memory/grow?objects=8&items=54
headers=
Accept: */*
Content-Type: application/json;charset=UTF-8
Accept-Language: en-US,en;q=0.8,nl;q=0.6
User-Agent: Mozilla/5.0 (Windows NT 6.1; WOW64) AppleWebKit/537.36 (KHTML, like Gecko) Chrome/38.0.2125.111 Safari/537.36
accept-encoding: gzip,deflate,sdch
host: localhost:8080
=========================
HTTP response:
status=
200 
headers= 
Content-Type: application/json;charset=UTF-8
Transfer-Encoding: chunked
Date: Wed, 29 Jan 2020 21:01:45 GMT

body=
{"message":"Size of BigFatBastard list is now 12296 objects. It contains 663984 items.","name":"Simple-PropertiesFileName","durationInMillis":3}
<<<<<<<<<<<<<<<<<<<<<<<<<
22:01:45.628 [DEBUG] i.g.c.a.Pause - Pausing for 740ms (real=721ms)
22:01:45.732 [DEBUG] i.g.h.e.t.HttpTxExecutor - Sending request=simple_delay uri=http://localhost:8080/delay?duration=555: scenario=Acceptance test, userId=170
22:01:45.732 [DEBUG] i.g.h.c.i.HttpAppHandler - Write request WritableRequest{request=DefaultFullHttpRequest(decodeResult: success, version: HTTP/1.1, content: UnpooledByteBufAllocator$InstrumentedUnpooledUnsafeHeapByteBuf(ridx: 0, widx: 0, cap: 0))
GET /delay?duration=555 HTTP/1.1
Accept: */*
Content-Type: application/json;charset=UTF-8
Accept-Language: en-US,en;q=0.8,nl;q=0.6
User-Agent: Mozilla/5.0 (Windows NT 6.1; WOW64) AppleWebKit/537.36 (KHTML, like Gecko) Chrome/38.0.2125.111 Safari/537.36
accept-encoding: gzip,deflate,sdch
host: localhost:8080, content=null}
22:01:45.808 [DEBUG] i.g.h.c.i.HttpAppHandler - Read msg='DefaultHttpResponse(decodeResult: success, version: HTTP/1.1)
HTTP/1.1 200 
Content-Type: application/json;charset=UTF-8
Transfer-Encoding: chunked
Date: Wed, 29 Jan 2020 21:01:45 GMT'
22:01:45.808 [DEBUG] i.g.h.c.i.HttpAppHandler - Read msg='DefaultHttpContent(data: PooledSlicedByteBuf(ridx: 0, widx: 95, cap: 95/95, unwrapped: PooledUnsafeDirectByteBuf(ridx: 229, widx: 229, cap: 512)), decoderResult: success)'
22:01:45.808 [DEBUG] i.g.h.c.i.HttpAppHandler - Read msg='EmptyLastHttpContent'
22:01:45.808 [TRACE] i.g.h.e.r.DefaultStatsProcessor - 
>>>>>>>>>>>>>>>>>>>>>>>>>>
Request:
simple_delay: OK 
=========================
Session:
Session(Acceptance test,163,1580331700552,Map(gatling.http.ssl.sslContexts -> SslContexts(io.netty.handler.ssl.JdkSslContext@31706784,None), gatling.http.cache.dns -> io.gatling.http.cache.DnsCacheSupport$$anon$1@5898ac4b, gatling.http.cache.baseUrl -> http://localhost:8080),16,OK,List(),io.gatling.core.protocol.ProtocolComponentsRegistry$$Lambda$598/0x000000084055d840@452b12e)
=========================
HTTP request:
GET http://localhost:8080/delay?duration=555
headers=
Accept: */*
Content-Type: application/json;charset=UTF-8
Accept-Language: en-US,en;q=0.8,nl;q=0.6
User-Agent: Mozilla/5.0 (Windows NT 6.1; WOW64) AppleWebKit/537.36 (KHTML, like Gecko) Chrome/38.0.2125.111 Safari/537.36
accept-encoding: gzip,deflate,sdch
host: localhost:8080
=========================
HTTP response:
status=
200 
headers= 
Content-Type: application/json;charset=UTF-8
Transfer-Encoding: chunked
Date: Wed, 29 Jan 2020 21:01:45 GMT

body=
{"message":"This was a delay of 555","name":"Simple-PropertiesFileName","durationInMillis":555}
<<<<<<<<<<<<<<<<<<<<<<<<<
22:01:45.808 [DEBUG] i.g.c.a.Pause - Pausing for 1333ms (real=1317ms)
22:01:45.901 [DEBUG] i.g.h.e.t.HttpTxExecutor - Sending request=simple_delay uri=http://localhost:8080/delay?duration=555: scenario=Acceptance test, userId=171
22:01:45.902 [DEBUG] i.g.h.c.i.HttpAppHandler - Write request WritableRequest{request=DefaultFullHttpRequest(decodeResult: success, version: HTTP/1.1, content: UnpooledByteBufAllocator$InstrumentedUnpooledUnsafeHeapByteBuf(ridx: 0, widx: 0, cap: 0))
GET /delay?duration=555 HTTP/1.1
Accept: */*
Content-Type: application/json;charset=UTF-8
Accept-Language: en-US,en;q=0.8,nl;q=0.6
User-Agent: Mozilla/5.0 (Windows NT 6.1; WOW64) AppleWebKit/537.36 (KHTML, like Gecko) Chrome/38.0.2125.111 Safari/537.36
accept-encoding: gzip,deflate,sdch
host: localhost:8080, content=null}
22:01:46.052 [DEBUG] i.g.h.e.t.HttpTxExecutor - Sending request=simple_cpu_burn uri=http://localhost:8080/cpu/magic-identity-check?matrixSize=133: scenario=Acceptance test, userId=174
22:01:46.052 [DEBUG] i.g.c.c.i.o.OpenWorkload - Start user #174
22:01:46.053 [DEBUG] i.g.h.c.i.HttpAppHandler - Write request WritableRequest{request=DefaultFullHttpRequest(decodeResult: success, version: HTTP/1.1, content: UnpooledByteBufAllocator$InstrumentedUnpooledUnsafeHeapByteBuf(ridx: 0, widx: 0, cap: 0))
GET /cpu/magic-identity-check?matrixSize=133 HTTP/1.1
Accept: */*
Content-Type: application/json;charset=UTF-8
Accept-Language: en-US,en;q=0.8,nl;q=0.6
User-Agent: Mozilla/5.0 (Windows NT 6.1; WOW64) AppleWebKit/537.36 (KHTML, like Gecko) Chrome/38.0.2125.111 Safari/537.36
accept-encoding: gzip,deflate,sdch
host: localhost:8080, content=null}
22:01:46.058 [DEBUG] i.g.h.c.i.HttpAppHandler - Read msg='DefaultHttpResponse(decodeResult: success, version: HTTP/1.1)
HTTP/1.1 200 
Content-Type: application/json;charset=UTF-8
Transfer-Encoding: chunked
Date: Wed, 29 Jan 2020 21:01:45 GMT'
22:01:46.058 [DEBUG] i.g.h.c.i.HttpAppHandler - Read msg='DefaultHttpContent(data: PooledSlicedByteBuf(ridx: 0, widx: 170, cap: 170/170, unwrapped: PooledUnsafeDirectByteBuf(ridx: 304, widx: 309, cap: 1024)), decoderResult: success)'
22:01:46.058 [DEBUG] i.g.h.c.i.HttpAppHandler - Read msg='EmptyLastHttpContent'
22:01:46.059 [TRACE] i.g.h.e.r.DefaultStatsProcessor - 
>>>>>>>>>>>>>>>>>>>>>>>>>>
Request:
simple_cpu_burn: OK 
=========================
Session:
Session(Acceptance test,174,1580331706052,Map(gatling.http.ssl.sslContexts -> SslContexts(io.netty.handler.ssl.JdkSslContext@35aa5b72,None), gatling.http.cache.dns -> io.gatling.http.cache.DnsCacheSupport$$anon$1@5898ac4b, gatling.http.cache.baseUrl -> http://localhost:8080),0,OK,List(),io.gatling.core.protocol.ProtocolComponentsRegistry$$Lambda$598/0x000000084055d840@452b12e)
=========================
HTTP request:
GET http://localhost:8080/cpu/magic-identity-check?matrixSize=133
headers=
Accept: */*
Content-Type: application/json;charset=UTF-8
Accept-Language: en-US,en;q=0.8,nl;q=0.6
User-Agent: Mozilla/5.0 (Windows NT 6.1; WOW64) AppleWebKit/537.36 (KHTML, like Gecko) Chrome/38.0.2125.111 Safari/537.36
accept-encoding: gzip,deflate,sdch
host: localhost:8080
=========================
HTTP response:
status=
200 
headers= 
Content-Type: application/json;charset=UTF-8
Transfer-Encoding: chunked
Date: Wed, 29 Jan 2020 21:01:45 GMT

body=
{"message":"A simple magic square multiplied by an identity square of size [133] [is equal] to the magic square.","name":"Simple-PropertiesFileName","durationInMillis":3}
<<<<<<<<<<<<<<<<<<<<<<<<<
22:01:46.059 [DEBUG] i.g.c.a.Pause - Pausing for 3469ms (real=3468ms)
22:01:46.071 [DEBUG] i.g.h.e.t.HttpTxExecutor - Sending request=upload-file uri=http://localhost:8080/files/upload: scenario=Acceptance test, userId=155
22:01:46.071 [DEBUG] i.g.h.c.i.HttpAppHandler - Write request WritableRequest{request=DefaultHttpRequest(decodeResult: success, version: HTTP/1.1)
POST /files/upload HTTP/1.1
Accept: */*
Accept-Language: en-US,en;q=0.8,nl;q=0.6
User-Agent: Mozilla/5.0 (Windows NT 6.1; WOW64) AppleWebKit/537.36 (KHTML, like Gecko) Chrome/38.0.2125.111 Safari/537.36
accept-encoding: gzip,deflate,sdch
host: localhost:8080
content-type: multipart/form-data; boundary=-7FxhB1hGPDkJNoXfroe-YYi_qb7RIw65ua
content-length: 220, content=io.gatling.http.client.body.multipart.impl.MultipartFileRegion@6dfffe60}
22:01:46.073 [DEBUG] i.g.h.c.i.HttpAppHandler - Read msg='DefaultHttpResponse(decodeResult: success, version: HTTP/1.1)
HTTP/1.1 200 
Content-Type: text/plain;charset=UTF-8
Content-Length: 62
Date: Wed, 29 Jan 2020 21:01:45 GMT'
22:01:46.073 [DEBUG] i.g.h.c.i.HttpAppHandler - Read msg='DefaultLastHttpContent(data: PooledSlicedByteBuf(ridx: 0, widx: 62, cap: 62/62, unwrapped: PooledUnsafeDirectByteBuf(ridx: 176, widx: 176, cap: 496)), decoderResult: success)'
22:01:46.073 [TRACE] i.g.h.e.r.DefaultStatsProcessor - 
>>>>>>>>>>>>>>>>>>>>>>>>>>
Request:
upload-file: OK 
=========================
Session:
Session(Acceptance test,155,1580331696551,Map(gatling.http.ssl.sslContexts -> SslContexts(io.netty.handler.ssl.JdkSslContext@4c812b1e,None), gatling.http.cache.dns -> io.gatling.http.cache.DnsCacheSupport$$anon$1@5898ac4b, gatling.http.cache.baseUrl -> http://localhost:8080),21,OK,List(),io.gatling.core.protocol.ProtocolComponentsRegistry$$Lambda$598/0x000000084055d840@452b12e)
=========================
HTTP request:
POST http://localhost:8080/files/upload
headers=
Accept: */*
Accept-Language: en-US,en;q=0.8,nl;q=0.6
User-Agent: Mozilla/5.0 (Windows NT 6.1; WOW64) AppleWebKit/537.36 (KHTML, like Gecko) Chrome/38.0.2125.111 Safari/537.36
accept-encoding: gzip,deflate,sdch
host: localhost:8080
content-type: multipart/form-data; boundary=-7FxhB1hGPDkJNoXfroe-YYi_qb7RIw65ua
content-length: 220
multipartBody=
ByteArrayPart: name=upload contentType=text/plain dispositionType=null charset=UTF-8 transferEncoding=null contentId=null filename=gatling-upload.txt
=========================
HTTP response:
status=
200 
headers= 
Content-Type: text/plain;charset=UTF-8
Content-Length: 62
Date: Wed, 29 Jan 2020 21:01:45 GMT

body=
File upload succeeded [gatling-upload.txt] of size [17] bytes.
<<<<<<<<<<<<<<<<<<<<<<<<<
22:01:46.073 [DEBUG] i.g.c.a.Exit - End user #155
22:01:46.073 [DEBUG] i.g.c.c.i.Injector - End user #155
22:01:46.152 [DEBUG] i.g.h.e.t.HttpTxExecutor - Sending request=upload-file uri=http://localhost:8080/files/upload: scenario=Acceptance test, userId=131
22:01:46.152 [DEBUG] i.g.h.c.i.HttpAppHandler - Write request WritableRequest{request=DefaultHttpRequest(decodeResult: success, version: HTTP/1.1)
POST /files/upload HTTP/1.1
Accept: */*
Accept-Language: en-US,en;q=0.8,nl;q=0.6
User-Agent: Mozilla/5.0 (Windows NT 6.1; WOW64) AppleWebKit/537.36 (KHTML, like Gecko) Chrome/38.0.2125.111 Safari/537.36
accept-encoding: gzip,deflate,sdch
host: localhost:8080
content-type: multipart/form-data; boundary=X4j9FxJlFXR0eXwtoYAHBKUVweEbd8P0s3W
content-length: 220, content=io.gatling.http.client.body.multipart.impl.MultipartFileRegion@4d733ed7}
22:01:46.153 [DEBUG] i.g.h.c.i.HttpAppHandler - Read msg='DefaultHttpResponse(decodeResult: success, version: HTTP/1.1)
HTTP/1.1 200 
Content-Type: text/plain;charset=UTF-8
Content-Length: 62
Date: Wed, 29 Jan 2020 21:01:45 GMT'
22:01:46.153 [DEBUG] i.g.h.c.i.HttpAppHandler - Read msg='DefaultLastHttpContent(data: PooledSlicedByteBuf(ridx: 0, widx: 62, cap: 62/62, unwrapped: PooledUnsafeDirectByteBuf(ridx: 176, widx: 176, cap: 496)), decoderResult: success)'
22:01:46.153 [TRACE] i.g.h.e.r.DefaultStatsProcessor - 
>>>>>>>>>>>>>>>>>>>>>>>>>>
Request:
upload-file: OK 
=========================
Session:
Session(Acceptance test,131,1580331684551,Map(gatling.http.ssl.sslContexts -> SslContexts(io.netty.handler.ssl.JdkSslContext@2600fbfd,None), gatling.http.cache.dns -> io.gatling.http.cache.DnsCacheSupport$$anon$1@5898ac4b, gatling.http.cache.baseUrl -> http://localhost:8080),21,OK,List(),io.gatling.core.protocol.ProtocolComponentsRegistry$$Lambda$598/0x000000084055d840@452b12e)
=========================
HTTP request:
POST http://localhost:8080/files/upload
headers=
Accept: */*
Accept-Language: en-US,en;q=0.8,nl;q=0.6
User-Agent: Mozilla/5.0 (Windows NT 6.1; WOW64) AppleWebKit/537.36 (KHTML, like Gecko) Chrome/38.0.2125.111 Safari/537.36
accept-encoding: gzip,deflate,sdch
host: localhost:8080
content-type: multipart/form-data; boundary=X4j9FxJlFXR0eXwtoYAHBKUVweEbd8P0s3W
content-length: 220
multipartBody=
ByteArrayPart: name=upload contentType=text/plain dispositionType=null charset=UTF-8 transferEncoding=null contentId=null filename=gatling-upload.txt
=========================
HTTP response:
status=
200 
headers= 
Content-Type: text/plain;charset=UTF-8
Content-Length: 62
Date: Wed, 29 Jan 2020 21:01:45 GMT

body=
File upload succeeded [gatling-upload.txt] of size [17] bytes.
<<<<<<<<<<<<<<<<<<<<<<<<<
22:01:46.154 [DEBUG] i.g.c.a.Exit - End user #131
22:01:46.154 [DEBUG] i.g.c.c.i.Injector - End user #131
22:01:46.172 [DEBUG] i.g.h.e.t.HttpTxExecutor - Sending request=simple_mini_leak uri=http://localhost:8080/memory/grow?objects=8&items=54: scenario=Acceptance test, userId=167
22:01:46.172 [DEBUG] i.g.h.c.i.HttpAppHandler - Write request WritableRequest{request=DefaultFullHttpRequest(decodeResult: success, version: HTTP/1.1, content: UnpooledByteBufAllocator$InstrumentedUnpooledUnsafeHeapByteBuf(ridx: 0, widx: 0, cap: 0))
GET /memory/grow?objects=8&items=54 HTTP/1.1
Accept: */*
Content-Type: application/json;charset=UTF-8
Accept-Language: en-US,en;q=0.8,nl;q=0.6
User-Agent: Mozilla/5.0 (Windows NT 6.1; WOW64) AppleWebKit/537.36 (KHTML, like Gecko) Chrome/38.0.2125.111 Safari/537.36
accept-encoding: gzip,deflate,sdch
host: localhost:8080, content=null}
22:01:46.175 [DEBUG] i.g.h.c.i.HttpAppHandler - Read msg='DefaultHttpResponse(decodeResult: success, version: HTTP/1.1)
HTTP/1.1 200 
Content-Type: application/json;charset=UTF-8
Transfer-Encoding: chunked
Date: Wed, 29 Jan 2020 21:01:45 GMT'
22:01:46.175 [DEBUG] i.g.h.c.i.HttpAppHandler - Read msg='DefaultHttpContent(data: PooledSlicedByteBuf(ridx: 0, widx: 144, cap: 144/144, unwrapped: PooledUnsafeDirectByteBuf(ridx: 278, widx: 278, cap: 496)), decoderResult: success)'
22:01:46.175 [DEBUG] i.g.h.c.i.HttpAppHandler - Read msg='EmptyLastHttpContent'
22:01:46.175 [TRACE] i.g.h.e.r.DefaultStatsProcessor - 
>>>>>>>>>>>>>>>>>>>>>>>>>>
Request:
simple_mini_leak: OK 
=========================
Session:
Session(Acceptance test,167,1580331702551,Map(gatling.http.ssl.sslContexts -> SslContexts(io.netty.handler.ssl.JdkSslContext@58507621,None), gatling.http.cache.dns -> io.gatling.http.cache.DnsCacheSupport$$anon$1@5898ac4b, gatling.http.cache.baseUrl -> http://localhost:8080),18,OK,List(),io.gatling.core.protocol.ProtocolComponentsRegistry$$Lambda$598/0x000000084055d840@452b12e)
=========================
HTTP request:
GET http://localhost:8080/memory/grow?objects=8&items=54
headers=
Accept: */*
Content-Type: application/json;charset=UTF-8
Accept-Language: en-US,en;q=0.8,nl;q=0.6
User-Agent: Mozilla/5.0 (Windows NT 6.1; WOW64) AppleWebKit/537.36 (KHTML, like Gecko) Chrome/38.0.2125.111 Safari/537.36
accept-encoding: gzip,deflate,sdch
host: localhost:8080
=========================
HTTP response:
status=
200 
headers= 
Content-Type: application/json;charset=UTF-8
Transfer-Encoding: chunked
Date: Wed, 29 Jan 2020 21:01:45 GMT

body=
{"message":"Size of BigFatBastard list is now 12304 objects. It contains 664416 items.","name":"Simple-PropertiesFileName","durationInMillis":1}
<<<<<<<<<<<<<<<<<<<<<<<<<
22:01:46.175 [DEBUG] i.g.c.a.Pause - Pausing for 433ms (real=415ms)
[[1;34mINFO[m] Shutdown Hook: abort perfana session!
[[1;33mWARNING[m] Perfana session abort called.
[[1;34mINFO[m] shutdown Perfana Executor threads
[[1;34mINFO[m] add Perfana event: Test aborted
[[1;34mINFO[m] broadcast after test event
